2026-08-08 12:45:44,438 | INFO | Nifty 100 Daily EMA Cross Reporter | Version 3.3.8 | Released 2026-04-17
2026-08-08 12:45:44,438 | INFO | Base directory: /home/runner/work/nifty100-reporter/nifty100-reporter
2026-08-08 12:45:44,439 | INFO | Loaded config. Email enabled: True | Recipients: 1
2026-08-08 12:45:44,521 | WARNING | NSE session bootstrap HTTP 403 (attempt 1/5) — refreshing NSE session cookie …
2026-08-08 12:45:54,724 | INFO | NSE session bootstrap status: 200
2026-08-08 12:45:54,725 | INFO | Downloading Nifty 100 universe from https://www.niftyindices.com/IndexConstituent/ind_nifty100list.csv
2026-08-08 12:45:55,004 | INFO | Universe download status: 200
2026-08-08 12:45:55,009 | INFO | Universe rows loaded: 100
2026-08-08 12:45:55,130 | INFO | Loaded history rows: 133254
2026-08-08 12:45:55,138 | INFO | yfinance history update: 100 symbols | 2026-08-06 → 2026-08-09
2026-08-08 12:45:55,138 | INFO | yfinance batch download: 100 symbols | 2026-08-06 → 2026-08-09
2026-08-08 12:45:58,945 | INFO | yfinance raw shape: (2, 500)
2026-08-08 12:45:59,278 | INFO | yfinance parsed rows after date-filter: 200
2026-08-08 12:45:59,279 | INFO | New rows from yfinance: 200
2026-08-08 12:46:00,043 | INFO | Saved history rows: 133254 | file: /home/runner/work/nifty100-reporter/nifty100-reporter/data/nifty100_ohlcv_history.csv
2026-08-08 12:46:00,169 | INFO | Loaded history rows: 133254
2026-08-08 12:46:00,170 | INFO | Latest OHLCV data is from 2026-08-07
2026-08-08 12:46:00,198 | INFO | Latest Delivery data is from 2026-08-07
2026-08-08 12:46:00,243 | INFO | Delivery cache has 33 dates — skipping backfill.
2026-08-08 12:46:00,243 | INFO | Delivery fetch attempt [1/7] — URL: https://archives.nseindia.com/products/content/sec_bhavdata_full_07082026.csv
2026-08-08 12:46:00,785 | INFO | Delivery fetch SUCCESS — date: 2026-08-07 | size: 374452 bytes | URL: https://archives.nseindia.com/products/content/sec_bhavdata_full_07082026.csv
2026-08-08 12:46:01,151 | INFO | Delivery cache updated: 2416 symbols for 2026-08-07 (rows in cache: 79069)
2026-08-08 12:46:01,152 | INFO | Delivery data: 2416 symbols | fallback=False
2026-08-08 12:46:01,486 | INFO | Corporate actions bulk OK: 57 raw rows | 1 Nifty100 symbols with events
2026-08-08 12:46:31,884 | INFO | Corporate actions: 1/100 symbols have events (window 08-08-2026 to 07-09-2026) | Symbols: JIOFIN
2026-08-08 12:46:31,884 | INFO | Index membership from cache: NIFTY 50 (50 symbols)
2026-08-08 12:46:31,884 | INFO | Index membership from cache: Nifty Next 50 (50 symbols)
2026-08-08 12:46:31,884 | INFO | Index membership ready: 100 symbols mapped
2026-08-08 12:46:32,579 | INFO | News RSS query for ABB: https://news.google.com/rss/search?q=%22ABB+India+Ltd.%22+NSE+when:10d&hl=en-IN&gl=IN&ceid=IN:en
2026-08-08 12:46:32,808 | INFO | News RSS status for ABB: 200
2026-08-08 12:46:33,196 | INFO | News RSS query for ADANIENSOL: https://news.google.com/rss/search?q=%22Adani+Energy+Solutions+Ltd.%22+NSE+when:10d&hl=en-IN&gl=IN&ceid=IN:en
2026-08-08 12:46:33,394 | INFO | News RSS status for ADANIENSOL: 200
2026-08-08 12:46:37,151 | INFO | News RSS query for APOLLOHOSP: https://news.google.com/rss/search?q=%22Apollo+Hospitals+Enterprise+Ltd.%22+NSE+when:10d&hl=en-IN&gl=IN&ceid=IN:en
2026-08-08 12:46:37,393 | INFO | News RSS status for APOLLOHOSP: 200
2026-08-08 12:46:37,460 | INFO | News RSS query for APOLLOHOSP: https://news.google.com/rss/search?q=%22Apollo+Hospitals+Enterprise+Ltd.%22+NSE+when:10d&hl=en-IN&gl=IN&ceid=IN:en
2026-08-08 12:46:37,465 | INFO | News RSS status for APOLLOHOSP: 200
2026-08-08 12:46:38,143 | INFO | News RSS query for ASIANPAINT: https://news.google.com/rss/search?q=%22Asian+Paints+Ltd.%22+NSE+when:10d&hl=en-IN&gl=IN&ceid=IN:en
2026-08-08 12:46:38,358 | INFO | News RSS status for ASIANPAINT: 200
2026-08-08 12:46:39,626 | INFO | News RSS query for BAJAJ-AUTO: https://news.google.com/rss/search?q=%22Bajaj+Auto+Ltd.%22+NSE+when:10d&hl=en-IN&gl=IN&ceid=IN:en
2026-08-08 12:46:39,880 | INFO | News RSS status for BAJAJ-AUTO: 200
2026-08-08 12:46:39,883 | INFO | News RSS query for BAJAJ-AUTO: https://news.google.com/rss/search?q=%22Bajaj+Auto+Ltd.%22+stock+when:10d&hl=en-IN&gl=IN&ceid=IN:en
2026-08-08 12:46:40,103 | INFO | News RSS status for BAJAJ-AUTO: 200
2026-08-08 12:46:40,769 | INFO | News RSS query for BAJAJFINSV: https://news.google.com/rss/search?q=%22Bajaj+Finserv+Ltd.%22+NSE+when:10d&hl=en-IN&gl=IN&ceid=IN:en
2026-08-08 12:46:41,014 | INFO | News RSS status for BAJAJFINSV: 200
2026-08-08 12:46:41,081 | INFO | News RSS query for BAJAJFINSV: https://news.google.com/rss/search?q=%22Bajaj+Finserv+Ltd.%22+NSE+when:10d&hl=en-IN&gl=IN&ceid=IN:en
2026-08-08 12:46:41,086 | INFO | News RSS status for BAJAJFINSV: 200
2026-08-08 12:46:42,379 | INFO | News RSS query for BAJFINANCE: https://news.google.com/rss/search?q=%22Bajaj+Finance+Ltd.%22+NSE+when:10d&hl=en-IN&gl=IN&ceid=IN:en
2026-08-08 12:46:42,587 | INFO | News RSS status for BAJFINANCE: 200
2026-08-08 12:46:44,476 | INFO | News RSS query for BHARTIARTL: https://news.google.com/rss/search?q=%22Bharti+Airtel+Ltd.%22+NSE+when:10d&hl=en-IN&gl=IN&ceid=IN:en
2026-08-08 12:46:44,657 | INFO | News RSS status for BHARTIARTL: 200
2026-08-08 12:46:45,331 | INFO | News RSS query for BOSCHLTD: https://news.google.com/rss/search?q=%22Bosch+Ltd.%22+NSE+when:10d&hl=en-IN&gl=IN&ceid=IN:en
2026-08-08 12:46:45,528 | INFO | News RSS status for BOSCHLTD: 200
2026-08-08 12:46:48,732 | INFO | News RSS query for CHOLAFIN: https://news.google.com/rss/search?q=%22Cholamandalam+Investment+and+Finance+Company+Ltd.%22+NSE+when:10d&hl=en-IN&gl=IN&ceid=IN:en
2026-08-08 12:46:48,917 | INFO | News RSS status for CHOLAFIN: 200
2026-08-08 12:46:48,920 | INFO | News RSS query for CHOLAFIN: https://news.google.com/rss/search?q=%22Cholamandalam+Investment+and+Finance+Company+Ltd.%22+stock+when:10d&hl=en-IN&gl=IN&ceid=IN:en
2026-08-08 12:46:49,169 | INFO | News RSS status for CHOLAFIN: 200
2026-08-08 12:46:49,842 | INFO | News RSS query for CIPLA: https://news.google.com/rss/search?q=%22Cipla+Ltd.%22+NSE+when:10d&hl=en-IN&gl=IN&ceid=IN:en
2026-08-08 12:46:50,040 | INFO | News RSS status for CIPLA: 200
2026-08-08 12:46:50,107 | INFO | News RSS query for CIPLA: https://news.google.com/rss/search?q=%22Cipla+Ltd.%22+NSE+when:10d&hl=en-IN&gl=IN&ceid=IN:en
2026-08-08 12:46:50,112 | INFO | News RSS status for CIPLA: 200
2026-08-08 12:46:52,017 | INFO | News RSS query for DIVISLAB: https://news.google.com/rss/search?q=%22Divi%27s+Laboratories+Ltd.%22+NSE+when:10d&hl=en-IN&gl=IN&ceid=IN:en
2026-08-08 12:46:52,189 | INFO | News RSS status for DIVISLAB: 200
2026-08-08 12:46:52,191 | INFO | News RSS query for DIVISLAB: https://news.google.com/rss/search?q=%22Divi%27s+Laboratories+Ltd.%22+stock+when:10d&hl=en-IN&gl=IN&ceid=IN:en
2026-08-08 12:46:52,418 | INFO | News RSS status for DIVISLAB: 200
2026-08-08 12:46:54,917 | INFO | News RSS query for EICHERMOT: https://news.google.com/rss/search?q=%22Eicher+Motors+Ltd.%22+NSE+when:10d&hl=en-IN&gl=IN&ceid=IN:en
2026-08-08 12:46:55,112 | INFO | News RSS status for EICHERMOT: 200
2026-08-08 12:46:55,843 | INFO | News RSS query for ETERNAL: https://news.google.com/rss/search?q=%22Eternal+Ltd.%22+NSE+when:10d&hl=en-IN&gl=IN&ceid=IN:en
2026-08-08 12:46:56,103 | INFO | News RSS status for ETERNAL: 200
2026-08-08 12:46:56,795 | INFO | News RSS query for GAIL: https://news.google.com/rss/search?q=%22GAIL+%28India%29+Ltd.%22+NSE+when:10d&hl=en-IN&gl=IN&ceid=IN:en
2026-08-08 12:46:56,968 | INFO | News RSS status for GAIL: 200
2026-08-08 12:46:58,272 | INFO | News RSS query for GRASIM: https://news.google.com/rss/search?q=%22Grasim+Industries+Ltd.%22+NSE+when:10d&hl=en-IN&gl=IN&ceid=IN:en
2026-08-08 12:46:58,510 | INFO | News RSS status for GRASIM: 200
2026-08-08 12:46:59,177 | INFO | News RSS query for HAL: https://news.google.com/rss/search?q=%22Hindustan+Aeronautics+Ltd.%22+NSE+when:10d&hl=en-IN&gl=IN&ceid=IN:en
2026-08-08 12:46:59,373 | INFO | News RSS status for HAL: 200
2026-08-08 12:47:04,570 | INFO | News RSS query for ICICIBANK: https://news.google.com/rss/search?q=%22ICICI+Bank+Ltd.%22+NSE+when:10d&hl=en-IN&gl=IN&ceid=IN:en
2026-08-08 12:47:04,784 | INFO | News RSS status for ICICIBANK: 200
2026-08-08 12:47:05,469 | INFO | News RSS query for INDHOTEL: https://news.google.com/rss/search?q=%22Indian+Hotels+Co.+Ltd.%22+NSE+when:10d&hl=en-IN&gl=IN&ceid=IN:en
2026-08-08 12:47:05,704 | INFO | News RSS status for INDHOTEL: 200
2026-08-08 12:47:05,706 | INFO | News RSS query for INDHOTEL: https://news.google.com/rss/search?q=%22Indian+Hotels+Co.+Ltd.%22+stock+when:10d&hl=en-IN&gl=IN&ceid=IN:en
2026-08-08 12:47:05,885 | INFO | News RSS status for INDHOTEL: 200
2026-08-08 12:47:06,561 | INFO | News RSS query for INDIGO: https://news.google.com/rss/search?q=%22InterGlobe+Aviation+Ltd.%22+NSE+when:10d&hl=en-IN&gl=IN&ceid=IN:en
2026-08-08 12:47:06,754 | INFO | News RSS status for INDIGO: 200
2026-08-08 12:47:10,795 | INFO | News RSS query for JSWSTEEL: https://news.google.com/rss/search?q=%22JSW+Steel+Ltd.%22+NSE+when:10d&hl=en-IN&gl=IN&ceid=IN:en
2026-08-08 12:47:10,990 | INFO | News RSS status for JSWSTEEL: 200
2026-08-08 12:47:10,993 | INFO | News RSS query for JSWSTEEL: https://news.google.com/rss/search?q=%22JSW+Steel+Ltd.%22+stock+when:10d&hl=en-IN&gl=IN&ceid=IN:en
2026-08-08 12:47:11,181 | INFO | News RSS status for JSWSTEEL: 200
2026-08-08 12:47:12,425 | INFO | News RSS query for LODHA: https://news.google.com/rss/search?q=%22Lodha+Developers+Ltd.%22+NSE+when:10d&hl=en-IN&gl=IN&ceid=IN:en
2026-08-08 12:47:12,651 | INFO | News RSS status for LODHA: 200
2026-08-08 12:47:12,718 | INFO | News RSS query for LODHA: https://news.google.com/rss/search?q=%22Lodha+Developers+Ltd.%22+NSE+when:10d&hl=en-IN&gl=IN&ceid=IN:en
2026-08-08 12:47:12,723 | INFO | News RSS status for LODHA: 200
2026-08-08 12:47:13,330 | WARNING | Skipping LTM — only 116 bars available (need 220). Extend history_backfill_days in config.json to include this symbol.
2026-08-08 12:47:16,460 | INFO | News RSS query for MOTHERSON: https://news.google.com/rss/search?q=%22Samvardhana+Motherson+International+Ltd.%22+NSE+when:10d&hl=en-IN&gl=IN&ceid=IN:en
2026-08-08 12:47:16,699 | INFO | News RSS status for MOTHERSON: 200
2026-08-08 12:47:17,977 | INFO | News RSS query for NESTLEIND: https://news.google.com/rss/search?q=%22Nestle+India+Ltd.%22+NSE+when:10d&hl=en-IN&gl=IN&ceid=IN:en
2026-08-08 12:47:18,181 | INFO | News RSS status for NESTLEIND: 200
2026-08-08 12:47:20,682 | INFO | News RSS query for PIDILITIND: https://news.google.com/rss/search?q=%22Pidilite+Industries+Ltd.%22+NSE+when:10d&hl=en-IN&gl=IN&ceid=IN:en
2026-08-08 12:47:20,922 | INFO | News RSS status for PIDILITIND: 200
2026-08-08 12:47:20,924 | INFO | News RSS query for PIDILITIND: https://news.google.com/rss/search?q=%22Pidilite+Industries+Ltd.%22+stock+when:10d&hl=en-IN&gl=IN&ceid=IN:en
2026-08-08 12:47:21,135 | INFO | News RSS status for PIDILITIND: 200
2026-08-08 12:47:23,020 | INFO | News RSS query for RECLTD: https://news.google.com/rss/search?q=%22REC+Ltd.%22+NSE+when:10d&hl=en-IN&gl=IN&ceid=IN:en
2026-08-08 12:47:23,272 | INFO | News RSS status for RECLTD: 200
2026-08-08 12:47:25,165 | INFO | News RSS query for SBIN: https://news.google.com/rss/search?q=%22State+Bank+of+India%22+NSE+when:10d&hl=en-IN&gl=IN&ceid=IN:en
2026-08-08 12:47:25,484 | INFO | News RSS status for SBIN: 200
2026-08-08 12:47:26,744 | INFO | News RSS query for SHRIRAMFIN: https://news.google.com/rss/search?q=%22Shriram+Finance+Ltd.%22+NSE+when:10d&hl=en-IN&gl=IN&ceid=IN:en
2026-08-08 12:47:26,981 | INFO | News RSS status for SHRIRAMFIN: 200
2026-08-08 12:47:27,655 | INFO | News RSS query for SIEMENS: https://news.google.com/rss/search?q=%22Siemens+Ltd.%22+NSE+when:10d&hl=en-IN&gl=IN&ceid=IN:en
2026-08-08 12:47:27,879 | INFO | News RSS status for SIEMENS: 200
2026-08-08 12:47:27,882 | INFO | News RSS query for SIEMENS: https://news.google.com/rss/search?q=%22Siemens+Ltd.%22+stock+when:10d&hl=en-IN&gl=IN&ceid=IN:en
2026-08-08 12:47:28,070 | INFO | News RSS status for SIEMENS: 200
2026-08-08 12:47:28,741 | INFO | News RSS query for SOLARINDS: https://news.google.com/rss/search?q=%22Solar+Industries+India+Ltd.%22+NSE+when:10d&hl=en-IN&gl=IN&ceid=IN:en
2026-08-08 12:47:28,974 | INFO | News RSS status for SOLARINDS: 200
2026-08-08 12:47:29,040 | INFO | News RSS query for SOLARINDS: https://news.google.com/rss/search?q=%22Solar+Industries+India+Ltd.%22+NSE+when:10d&hl=en-IN&gl=IN&ceid=IN:en
2026-08-08 12:47:29,044 | INFO | News RSS status for SOLARINDS: 200
2026-08-08 12:47:29,721 | INFO | News RSS query for SUNPHARMA: https://news.google.com/rss/search?q=%22Sun+Pharmaceutical+Industries+Ltd.%22+NSE+when:10d&hl=en-IN&gl=IN&ceid=IN:en
2026-08-08 12:47:29,972 | INFO | News RSS status for SUNPHARMA: 200
2026-08-08 12:47:29,979 | WARNING | Skipping TATACAP — only 204 bars available (need 220). Extend history_backfill_days in config.json to include this symbol.
2026-08-08 12:47:33,058 | INFO | News RSS query for TECHM: https://news.google.com/rss/search?q=%22Tech+Mahindra+Ltd.%22+NSE+when:10d&hl=en-IN&gl=IN&ceid=IN:en
2026-08-08 12:47:33,313 | INFO | News RSS status for TECHM: 200
2026-08-08 12:47:33,981 | INFO | News RSS query for TITAN: https://news.google.com/rss/search?q=%22Titan+Company+Ltd.%22+NSE+when:10d&hl=en-IN&gl=IN&ceid=IN:en
2026-08-08 12:47:34,209 | INFO | News RSS status for TITAN: 200
2026-08-08 12:47:34,215 | WARNING | Skipping TMCV — only 184 bars available (need 220). Extend history_backfill_days in config.json to include this symbol.
2026-08-08 12:47:34,215 | WARNING | Skipping TMPV — only 201 bars available (need 220). Extend history_backfill_days in config.json to include this symbol.
2026-08-08 12:47:34,896 | INFO | News RSS query for TORNTPHARM: https://news.google.com/rss/search?q=%22Torrent+Pharmaceuticals+Ltd.%22+NSE+when:10d&hl=en-IN&gl=IN&ceid=IN:en
2026-08-08 12:47:35,065 | INFO | News RSS status for TORNTPHARM: 200
2026-08-08 12:47:35,067 | INFO | News RSS query for TORNTPHARM: https://news.google.com/rss/search?q=%22Torrent+Pharmaceuticals+Ltd.%22+stock+when:10d&hl=en-IN&gl=IN&ceid=IN:en
2026-08-08 12:47:35,296 | INFO | News RSS status for TORNTPHARM: 200
2026-08-08 12:47:36,565 | INFO | News RSS query for TVSMOTOR: https://news.google.com/rss/search?q=%22TVS+Motor+Company+Ltd.%22+NSE+when:10d&hl=en-IN&gl=IN&ceid=IN:en
2026-08-08 12:47:36,770 | INFO | News RSS status for TVSMOTOR: 200
2026-08-08 12:47:38,044 | INFO | News RSS query for UNIONBANK: https://news.google.com/rss/search?q=%22Union+Bank+of+India%22+NSE+when:10d&hl=en-IN&gl=IN&ceid=IN:en
2026-08-08 12:47:38,271 | INFO | News RSS status for UNIONBANK: 200
2026-08-08 12:47:38,577 | INFO | News RSS query for UNITDSPR: https://news.google.com/rss/search?q=%22United+Spirits+Ltd.%22+NSE+when:10d&hl=en-IN&gl=IN&ceid=IN:en
2026-08-08 12:47:38,820 | INFO | News RSS status for UNITDSPR: 200
2026-08-08 12:47:38,826 | WARNING | Skipping VAML — only 6 bars available (need 220). Extend history_backfill_days in config.json to include this symbol.
2026-08-08 12:47:40,060 | WARNING | Skipping VEDPOWER — only 4 bars available (need 220). Extend history_backfill_days in config.json to include this symbol.
2026-08-08 12:47:40,061 | WARNING | Skipping VISL — only 4 bars available (need 220). Extend history_backfill_days in config.json to include this symbol.
2026-08-08 12:47:40,062 | WARNING | Skipping VOGL — only 7 bars available (need 220). Extend history_backfill_days in config.json to include this symbol.
2026-08-08 12:47:41,343 | INFO | News RSS query for ZYDUSLIFE: https://news.google.com/rss/search?q=%22Zydus+Lifesciences+Ltd.%22+NSE+when:10d&hl=en-IN&gl=IN&ceid=IN:en
2026-08-08 12:47:41,516 | INFO | News RSS status for ZYDUSLIFE: 200
2026-08-08 12:47:41,518 | INFO | News RSS query for ZYDUSLIFE: https://news.google.com/rss/search?q=%22Zydus+Lifesciences+Ltd.%22+stock+when:10d&hl=en-IN&gl=IN&ceid=IN:en
2026-08-08 12:47:41,744 | INFO | News RSS status for ZYDUSLIFE: 200
2026-08-08 12:47:41,754 | INFO | Index membership from cache: NIFTY 50 (50 symbols)
2026-08-08 12:47:41,754 | INFO | Index membership from cache: Nifty Next 50 (50 symbols)
2026-08-08 12:47:41,754 | INFO | Index membership ready: 100 symbols mapped
2026-08-08 12:47:41,754 | INFO | Market Health: fetching index OHLCV...
2026-08-08 12:47:43,222 | WARNING | niftyindices failed NIFTY 50 2026-08-05-2026-08-08: Expecting value: line 1 column 2 (char 1)
2026-08-08 12:47:43,326 | INFO | Index OHLCV via yfinance (^NSEI) for NIFTY 50: 1438 rows
2026-08-08 12:47:44,754 | WARNING | niftyindices failed NIFTY NEXT 50 2026-08-05-2026-08-08: Expecting value: line 1 column 2 (char 1)
2026-08-08 12:47:44,868 | INFO | Index OHLCV via yfinance (JUNIORBEES.NS) for NIFTY NEXT 50: 1438 rows
2026-08-08 12:47:44,869 | INFO | Market Health: fetching VIX...
2026-08-08 12:47:46,115 | WARNING | niftyindices VIX failed 2026-08-05-2026-08-08: Expecting value: line 1 column 2 (char 1)
2026-08-08 12:47:46,247 | INFO | VIX via yfinance (^INDIAVIX): 136 rows
2026-08-08 12:47:46,248 | INFO | Market Health: updating breadth EMA cache...
2026-08-08 12:47:47,461 | INFO | Market Health [NIFTY 50]: Score=54.5 | Weak Bull &#x1F7E1;
2026-08-08 12:47:47,478 | INFO | Market Health [Nifty Next 50]: Score=13.0 | Sideways &#x1F7E0;
2026-08-08 12:47:47,516 | INFO | Signal log: skipping new signal insertion — 2026-08-08 is a weekend.
2026-08-08 12:47:48,731 | INFO | Signal tracker: updated 185 Active signal rows.
2026-08-08 12:47:48,750 | INFO | HTML report written: /home/runner/work/nifty100-reporter/nifty100-reporter/reports/nifty100_daily_report_20260808.html
2026-08-08 12:47:48,758 | INFO | Market Health Excel sheet written.
2026-08-08 12:47:50,078 | INFO | Excel report written: /home/runner/work/nifty100-reporter/nifty100-reporter/reports/nifty100_daily_report_20260808.xlsx
2026-08-08 12:47:50,078 | INFO | GitHub Actions detected — skipping Gmail API send (workflow handles email).
2026-08-08 12:47:50,078 | INFO | Run completed successfully.
2026-08-08 12:47:50,078 | INFO | Artifacts: /home/runner/work/nifty100-reporter/nifty100-reporter/reports/nifty100_daily_report_20260808.html | /home/runner/work/nifty100-reporter/nifty100-reporter/reports/nifty100_daily_report_20260808.xlsx | log: /home/runner/work/nifty100-reporter/nifty100-reporter/logs/run_20260808_181544.log
