2026-05-28 16:38:54,892 | INFO | Nifty 100 Daily EMA Cross Reporter | Version 3.3.8 | Released 2026-04-17
2026-05-28 16:38:54,892 | INFO | Base directory: /home/runner/work/nifty100-reporter/nifty100-reporter
2026-05-28 16:38:54,892 | INFO | Loaded config. Email enabled: True | Recipients: 1
2026-05-28 16:38:55,060 | WARNING | NSE session bootstrap HTTP 403 (attempt 1/5) — refreshing NSE session cookie …
2026-05-28 16:39:05,756 | INFO | NSE session bootstrap status: 200
2026-05-28 16:39:05,756 | INFO | Downloading Nifty 100 universe from https://www.niftyindices.com/IndexConstituent/ind_nifty100list.csv
2026-05-28 16:39:07,166 | INFO | Universe download status: 200
2026-05-28 16:39:07,197 | INFO | Universe rows loaded: 104
2026-05-28 16:39:07,306 | INFO | Loaded history rows: 127864
2026-05-28 16:39:07,313 | INFO | yfinance history update: 104 symbols | 2026-05-21 → 2026-05-29
2026-05-28 16:39:07,313 | INFO | yfinance batch download: 104 symbols | 2026-05-21 → 2026-05-29
2026-05-28 16:39:08,451 | ERROR | HTTP Error 404: {"quoteSummary":{"result":null,"error":{"code":"Not Found","description":"Quote not found for symbol: DUMMYVEDL3.NS"}}}
2026-05-28 16:39:08,562 | ERROR | $DUMMYVEDL3.NS: possibly delisted; no timezone found
2026-05-28 16:39:09,989 | ERROR | HTTP Error 404: {"quoteSummary":{"result":null,"error":{"code":"Not Found","description":"Quote not found for symbol: DUMMYVEDL2.NS"}}}
2026-05-28 16:39:10,138 | ERROR | $DUMMYVEDL2.NS: possibly delisted; no timezone found
2026-05-28 16:39:12,418 | ERROR | $VEDL.NS: possibly delisted; no price data found  (1d 2026-05-21 -> 2026-05-29)
2026-05-28 16:39:13,033 | ERROR | $DUMMYVEDL4.NS: possibly delisted; no timezone found
2026-05-28 16:39:13,043 | ERROR | $DUMMYVEDL1.NS: possibly delisted; no timezone found
2026-05-28 16:39:14,009 | ERROR | 
5 Failed downloads:
2026-05-28 16:39:14,009 | ERROR | ['DUMMYVEDL3.NS', 'DUMMYVEDL2.NS', 'DUMMYVEDL4.NS', 'DUMMYVEDL1.NS']: possibly delisted; no timezone found
2026-05-28 16:39:14,009 | ERROR | ['VEDL.NS']: possibly delisted; no price data found  (1d 2026-05-21 -> 2026-05-29)
2026-05-28 16:39:14,025 | INFO | yfinance raw shape: (5, 525)
2026-05-28 16:39:14,027 | ERROR | Run failed: 'Date'
Traceback (most recent call last):
  File "/opt/hostedtoolcache/Python/3.11.15/x64/lib/python3.11/site-packages/pandas/core/indexes/base.py", line 3641, in get_loc
    return self._engine.get_loc(casted_key)
           ^^^^^^^^^^^^^^^^^^^^^^^^^^^^^^^^
  File "pandas/_libs/index.pyx", line 168, in pandas._libs.index.IndexEngine.get_loc
  File "pandas/_libs/index.pyx", line 197, in pandas._libs.index.IndexEngine.get_loc
  File "pandas/_libs/hashtable_class_helper.pxi", line 7668, in pandas._libs.hashtable.PyObjectHashTable.get_item
  File "pandas/_libs/hashtable_class_helper.pxi", line 7676, in pandas._libs.hashtable.PyObjectHashTable.get_item
KeyError: 'Date'

The above exception was the direct cause of the following exception:

Traceback (most recent call last):
  File "/home/runner/work/nifty100-reporter/nifty100-reporter/nifty100_Report_Final_19042026.py", line 6707, in <module>
    main()
  File "/home/runner/work/nifty100-reporter/nifty100-reporter/nifty100_Report_Final_19042026.py", line 6631, in main
    history = update_history(s, universe, cfg)
              ^^^^^^^^^^^^^^^^^^^^^^^^^^^^^^^^
  File "/home/runner/work/nifty100-reporter/nifty100-reporter/nifty100_Report_Final_19042026.py", line 2210, in update_history
    new_data = download_yfinance_batch(
               ^^^^^^^^^^^^^^^^^^^^^^^^
  File "/home/runner/work/nifty100-reporter/nifty100-reporter/nifty100_Report_Final_19042026.py", line 753, in download_yfinance_batch
    subset["Date"] = pd.to_datetime(subset["Date"]).dt.tz_localize(None).dt.normalize()
                                    ~~~~~~^^^^^^^^
  File "/opt/hostedtoolcache/Python/3.11.15/x64/lib/python3.11/site-packages/pandas/core/frame.py", line 4378, in __getitem__
    indexer = self.columns.get_loc(key)
              ^^^^^^^^^^^^^^^^^^^^^^^^^
  File "/opt/hostedtoolcache/Python/3.11.15/x64/lib/python3.11/site-packages/pandas/core/indexes/base.py", line 3648, in get_loc
    raise KeyError(key) from err
KeyError: 'Date'
