2026-09-04 12:46:05,796 | INFO | Nifty 100 Daily EMA Cross Reporter | Version 3.3.8 | Released 2026-04-17
2026-09-04 12:46:05,796 | INFO | Base directory: /home/runner/work/nifty100-reporter/nifty100-reporter
2026-09-04 12:46:05,797 | INFO | Loaded config. Email enabled: True | Recipients: 1
2026-09-04 12:46:05,918 | WARNING | NSE session bootstrap HTTP 403 (attempt 1/5) — refreshing NSE session cookie …
2026-09-04 12:46:16,505 | INFO | NSE session bootstrap status: 200
2026-09-04 12:46:16,505 | INFO | Downloading Nifty 100 universe from https://www.niftyindices.com/IndexConstituent/ind_nifty100list.csv
2026-09-04 12:46:17,064 | INFO | Universe download status: 200
2026-09-04 12:46:17,068 | INFO | Universe rows loaded: 100
2026-09-04 12:46:17,134 | INFO | Loaded history rows: 135154
2026-09-04 12:46:17,139 | INFO | yfinance history update: 100 symbols | 2026-09-02 → 2026-09-05
2026-09-04 12:46:17,139 | INFO | yfinance batch download: 100 symbols | 2026-09-02 → 2026-09-05
2026-09-04 12:46:17,141 | INFO | Failed to create TzCache, reason: Error creating TzCache folder: '/home/runner/.cache/py-yfinance' reason: [Errno 17] File exists: '/home/runner/.cache/py-yfinance'. TzCache will not be used. Tip: You can direct cache to use a different location with 'set_tz_cache_location(mylocation)'
2026-09-04 12:46:20,573 | INFO | yfinance raw shape: (3, 500)
2026-09-04 12:46:20,741 | INFO | yfinance parsed rows after date-filter: 300
2026-09-04 12:46:20,742 | INFO | New rows from yfinance: 300
2026-09-04 12:46:21,220 | INFO | Saved history rows: 135254 | file: /home/runner/work/nifty100-reporter/nifty100-reporter/data/nifty100_ohlcv_history.csv
2026-09-04 12:46:21,283 | INFO | Loaded history rows: 135254
2026-09-04 12:46:21,284 | INFO | Latest OHLCV data is from 2026-09-04
2026-09-04 12:46:21,301 | INFO | Latest Delivery data is from 2026-09-03
2026-09-04 12:46:21,329 | INFO | Delivery cache has 34 dates — skipping backfill.
2026-09-04 12:46:21,329 | INFO | Delivery fetch attempt [0/7] — URL: https://archives.nseindia.com/products/content/sec_bhavdata_full_04092026.csv
2026-09-04 12:46:22,175 | INFO | Delivery fetch SUCCESS — date: 2026-09-04 | size: 397073 bytes | URL: https://archives.nseindia.com/products/content/sec_bhavdata_full_04092026.csv
2026-09-04 12:46:22,461 | INFO | Delivery cache updated: 2633 symbols for 2026-09-04 (rows in cache: 85455)
2026-09-04 12:46:22,462 | INFO | Delivery data: 2633 symbols | fallback=False
2026-09-04 12:46:22,937 | INFO | Corporate actions bulk OK: 66 raw rows | 2 Nifty100 symbols with events
2026-09-04 12:46:55,656 | INFO | Corporate actions: 2/100 symbols have events (window 04-09-2026 to 04-10-2026) | Symbols: COALINDIA, ONGC
2026-09-04 12:46:55,657 | INFO | Index membership from cache: NIFTY 50 (50 symbols)
2026-09-04 12:46:55,657 | INFO | Index membership from cache: Nifty Next 50 (50 symbols)
2026-09-04 12:46:55,657 | INFO | Index membership ready: 100 symbols mapped
2026-09-04 12:46:58,129 | INFO | News RSS query for BAJAJ-AUTO: https://news.google.com/rss/search?q=%22Bajaj+Auto+Ltd.%22+NSE+when:10d&hl=en-IN&gl=IN&ceid=IN:en
2026-09-04 12:47:04,458 | INFO | News RSS status for BAJAJ-AUTO: 503
2026-09-04 12:47:04,458 | INFO | News RSS query for BAJAJ-AUTO: https://news.google.com/rss/search?q=%22Bajaj+Auto+Ltd.%22+stock+when:10d&hl=en-IN&gl=IN&ceid=IN:en
2026-09-04 12:47:10,170 | INFO | News RSS status for BAJAJ-AUTO: 503
2026-09-04 12:47:10,170 | INFO | News RSS query for BAJAJ-AUTO: https://news.google.com/rss/search?q=BAJAJ-AUTO+NSE+when:10d&hl=en-IN&gl=IN&ceid=IN:en
2026-09-04 12:47:18,314 | INFO | News RSS status for BAJAJ-AUTO: 503
2026-09-04 12:47:18,314 | INFO | News RSS query for BAJAJ-AUTO: https://news.google.com/rss/search?q=site%3Aeconomictimes.indiatimes.com+%22Bajaj+Auto+Ltd.%22+when:10d&hl=en-IN&gl=IN&ceid=IN:en
2026-09-04 12:47:23,466 | INFO | News RSS status for BAJAJ-AUTO: 503
2026-09-04 12:47:23,466 | INFO | News RSS query for BAJAJ-AUTO: https://news.google.com/rss/search?q=site%3Amoneycontrol.com+%22Bajaj+Auto+Ltd.%22+when:10d&hl=en-IN&gl=IN&ceid=IN:en
2026-09-04 12:47:28,997 | INFO | News RSS status for BAJAJ-AUTO: 503
2026-09-04 12:47:28,997 | INFO | News RSS query for BAJAJ-AUTO: https://news.google.com/rss/search?q=site%3Abusinessstandard.com+%22Bajaj+Auto+Ltd.%22+when:10d&hl=en-IN&gl=IN&ceid=IN:en
2026-09-04 12:47:36,717 | INFO | News RSS status for BAJAJ-AUTO: 503
2026-09-04 12:47:37,204 | INFO | News RSS query for BAJAJHLDNG: https://news.google.com/rss/search?q=%22Bajaj+Holdings+%26+Investment+Ltd.%22+NSE+when:10d&hl=en-IN&gl=IN&ceid=IN:en
2026-09-04 12:47:44,970 | INFO | News RSS status for BAJAJHLDNG: 503
2026-09-04 12:47:44,971 | INFO | News RSS query for BAJAJHLDNG: https://news.google.com/rss/search?q=%22Bajaj+Holdings+%26+Investment+Ltd.%22+stock+when:10d&hl=en-IN&gl=IN&ceid=IN:en
2026-09-04 12:47:52,678 | INFO | News RSS status for BAJAJHLDNG: 503
2026-09-04 12:47:52,678 | INFO | News RSS query for BAJAJHLDNG: https://news.google.com/rss/search?q=BAJAJHLDNG+NSE+when:10d&hl=en-IN&gl=IN&ceid=IN:en
2026-09-04 12:48:01,790 | INFO | News RSS status for BAJAJHLDNG: 503
2026-09-04 12:48:01,790 | INFO | News RSS query for BAJAJHLDNG: https://news.google.com/rss/search?q=site%3Aeconomictimes.indiatimes.com+%22Bajaj+Holdings+%26+Investment+Ltd.%22+when:10d&hl=en-IN&gl=IN&ceid=IN:en
2026-09-04 12:48:08,276 | INFO | News RSS status for BAJAJHLDNG: 503
2026-09-04 12:48:08,277 | INFO | News RSS query for BAJAJHLDNG: https://news.google.com/rss/search?q=site%3Amoneycontrol.com+%22Bajaj+Holdings+%26+Investment+Ltd.%22+when:10d&hl=en-IN&gl=IN&ceid=IN:en
2026-09-04 12:48:16,420 | INFO | News RSS status for BAJAJHLDNG: 503
2026-09-04 12:48:16,420 | INFO | News RSS query for BAJAJHLDNG: https://news.google.com/rss/search?q=site%3Abusinessstandard.com+%22Bajaj+Holdings+%26+Investment+Ltd.%22+when:10d&hl=en-IN&gl=IN&ceid=IN:en
2026-09-04 12:48:22,357 | INFO | News RSS status for BAJAJHLDNG: 503
2026-09-04 12:48:23,506 | INFO | News RSS query for BOSCHLTD: https://news.google.com/rss/search?q=%22Bosch+Ltd.%22+NSE+when:10d&hl=en-IN&gl=IN&ceid=IN:en
2026-09-04 12:48:28,898 | INFO | News RSS status for BOSCHLTD: 503
2026-09-04 12:48:28,898 | INFO | News RSS query for BOSCHLTD: https://news.google.com/rss/search?q=%22Bosch+Ltd.%22+stock+when:10d&hl=en-IN&gl=IN&ceid=IN:en
2026-09-04 12:48:36,123 | INFO | News RSS status for BOSCHLTD: 503
2026-09-04 12:48:36,123 | INFO | News RSS query for BOSCHLTD: https://news.google.com/rss/search?q=BOSCHLTD+NSE+when:10d&hl=en-IN&gl=IN&ceid=IN:en
2026-09-04 12:48:41,723 | INFO | News RSS status for BOSCHLTD: 503
2026-09-04 12:48:41,723 | INFO | News RSS query for BOSCHLTD: https://news.google.com/rss/search?q=site%3Aeconomictimes.indiatimes.com+%22Bosch+Ltd.%22+when:10d&hl=en-IN&gl=IN&ceid=IN:en
2026-09-04 12:48:47,975 | INFO | News RSS status for BOSCHLTD: 503
2026-09-04 12:48:47,975 | INFO | News RSS query for BOSCHLTD: https://news.google.com/rss/search?q=site%3Amoneycontrol.com+%22Bosch+Ltd.%22+when:10d&hl=en-IN&gl=IN&ceid=IN:en
2026-09-04 12:48:53,869 | INFO | News RSS status for BOSCHLTD: 503
2026-09-04 12:48:53,869 | INFO | News RSS query for BOSCHLTD: https://news.google.com/rss/search?q=site%3Abusinessstandard.com+%22Bosch+Ltd.%22+when:10d&hl=en-IN&gl=IN&ceid=IN:en
2026-09-04 12:49:03,641 | INFO | News RSS status for BOSCHLTD: 503
2026-09-04 12:49:04,626 | INFO | News RSS query for CGPOWER: https://news.google.com/rss/search?q=%22CG+Power+and+Industrial+Solutions+Ltd.%22+NSE+when:10d&hl=en-IN&gl=IN&ceid=IN:en
2026-09-04 12:49:12,325 | INFO | News RSS status for CGPOWER: 503
2026-09-04 12:49:12,325 | INFO | News RSS query for CGPOWER: https://news.google.com/rss/search?q=%22CG+Power+and+Industrial+Solutions+Ltd.%22+stock+when:10d&hl=en-IN&gl=IN&ceid=IN:en
2026-09-04 12:49:18,655 | INFO | News RSS status for CGPOWER: 503
2026-09-04 12:49:18,655 | INFO | News RSS query for CGPOWER: https://news.google.com/rss/search?q=CGPOWER+NSE+when:10d&hl=en-IN&gl=IN&ceid=IN:en
2026-09-04 12:49:26,642 | INFO | News RSS status for CGPOWER: 503
2026-09-04 12:49:26,642 | INFO | News RSS query for CGPOWER: https://news.google.com/rss/search?q=site%3Aeconomictimes.indiatimes.com+%22CG+Power+and+Industrial+Solutions+Ltd.%22+when:10d&hl=en-IN&gl=IN&ceid=IN:en
2026-09-04 12:49:35,540 | INFO | News RSS status for CGPOWER: 503
2026-09-04 12:49:35,540 | INFO | News RSS query for CGPOWER: https://news.google.com/rss/search?q=site%3Amoneycontrol.com+%22CG+Power+and+Industrial+Solutions+Ltd.%22+when:10d&hl=en-IN&gl=IN&ceid=IN:en
2026-09-04 12:49:44,383 | INFO | News RSS status for CGPOWER: 503
2026-09-04 12:49:44,383 | INFO | News RSS query for CGPOWER: https://news.google.com/rss/search?q=site%3Abusinessstandard.com+%22CG+Power+and+Industrial+Solutions+Ltd.%22+when:10d&hl=en-IN&gl=IN&ceid=IN:en
2026-09-04 12:49:49,651 | INFO | News RSS status for CGPOWER: 503
2026-09-04 12:49:50,803 | INFO | News RSS query for DIVISLAB: https://news.google.com/rss/search?q=%22Divi%27s+Laboratories+Ltd.%22+NSE+when:10d&hl=en-IN&gl=IN&ceid=IN:en
2026-09-04 12:49:56,547 | INFO | News RSS status for DIVISLAB: 503
2026-09-04 12:49:56,547 | INFO | News RSS query for DIVISLAB: https://news.google.com/rss/search?q=%22Divi%27s+Laboratories+Ltd.%22+stock+when:10d&hl=en-IN&gl=IN&ceid=IN:en
2026-09-04 12:50:03,054 | INFO | News RSS status for DIVISLAB: 503
2026-09-04 12:50:03,054 | INFO | News RSS query for DIVISLAB: https://news.google.com/rss/search?q=DIVISLAB+NSE+when:10d&hl=en-IN&gl=IN&ceid=IN:en
2026-09-04 12:50:12,683 | INFO | News RSS status for DIVISLAB: 503
2026-09-04 12:50:12,683 | INFO | News RSS query for DIVISLAB: https://news.google.com/rss/search?q=site%3Aeconomictimes.indiatimes.com+%22Divi%27s+Laboratories+Ltd.%22+when:10d&hl=en-IN&gl=IN&ceid=IN:en
2026-09-04 12:50:20,341 | INFO | News RSS status for DIVISLAB: 503
2026-09-04 12:50:20,341 | INFO | News RSS query for DIVISLAB: https://news.google.com/rss/search?q=site%3Amoneycontrol.com+%22Divi%27s+Laboratories+Ltd.%22+when:10d&hl=en-IN&gl=IN&ceid=IN:en
2026-09-04 12:50:29,461 | INFO | News RSS status for DIVISLAB: 503
2026-09-04 12:50:29,461 | INFO | News RSS query for DIVISLAB: https://news.google.com/rss/search?q=site%3Abusinessstandard.com+%22Divi%27s+Laboratories+Ltd.%22+when:10d&hl=en-IN&gl=IN&ceid=IN:en
2026-09-04 12:50:39,121 | INFO | News RSS status for DIVISLAB: 503
2026-09-04 12:50:39,159 | INFO | News RSS query for DIVISLAB: https://news.google.com/rss/search?q=%22Divi%27s+Laboratories+Ltd.%22+NSE+when:10d&hl=en-IN&gl=IN&ceid=IN:en
2026-09-04 12:50:45,063 | INFO | News RSS status for DIVISLAB: 503
2026-09-04 12:50:45,064 | INFO | News RSS query for DIVISLAB: https://news.google.com/rss/search?q=%22Divi%27s+Laboratories+Ltd.%22+stock+when:10d&hl=en-IN&gl=IN&ceid=IN:en
2026-09-04 12:50:53,261 | INFO | News RSS status for DIVISLAB: 503
2026-09-04 12:50:53,261 | INFO | News RSS query for DIVISLAB: https://news.google.com/rss/search?q=DIVISLAB+NSE+when:10d&hl=en-IN&gl=IN&ceid=IN:en
2026-09-04 12:50:58,305 | INFO | News RSS status for DIVISLAB: 503
2026-09-04 12:50:58,305 | INFO | News RSS query for DIVISLAB: https://news.google.com/rss/search?q=site%3Aeconomictimes.indiatimes.com+%22Divi%27s+Laboratories+Ltd.%22+when:10d&hl=en-IN&gl=IN&ceid=IN:en
2026-09-04 12:51:07,910 | INFO | News RSS status for DIVISLAB: 503
2026-09-04 12:51:07,911 | INFO | News RSS query for DIVISLAB: https://news.google.com/rss/search?q=site%3Amoneycontrol.com+%22Divi%27s+Laboratories+Ltd.%22+when:10d&hl=en-IN&gl=IN&ceid=IN:en
2026-09-04 12:51:15,680 | INFO | News RSS status for DIVISLAB: 503
2026-09-04 12:51:15,680 | INFO | News RSS query for DIVISLAB: https://news.google.com/rss/search?q=site%3Abusinessstandard.com+%22Divi%27s+Laboratories+Ltd.%22+when:10d&hl=en-IN&gl=IN&ceid=IN:en
2026-09-04 12:51:22,454 | INFO | News RSS status for DIVISLAB: 503
2026-09-04 12:51:22,715 | INFO | News RSS query for DLF: https://news.google.com/rss/search?q=%22DLF+Ltd.%22+NSE+when:10d&hl=en-IN&gl=IN&ceid=IN:en
2026-09-04 12:51:32,170 | INFO | News RSS status for DLF: 503
2026-09-04 12:51:32,170 | INFO | News RSS query for DLF: https://news.google.com/rss/search?q=%22DLF+Ltd.%22+stock+when:10d&hl=en-IN&gl=IN&ceid=IN:en
2026-09-04 12:51:40,956 | INFO | News RSS status for DLF: 503
2026-09-04 12:51:40,956 | INFO | News RSS query for DLF: https://news.google.com/rss/search?q=DLF+NSE+when:10d&hl=en-IN&gl=IN&ceid=IN:en
2026-09-04 12:51:47,214 | INFO | News RSS status for DLF: 503
2026-09-04 12:51:47,214 | INFO | News RSS query for DLF: https://news.google.com/rss/search?q=site%3Aeconomictimes.indiatimes.com+%22DLF+Ltd.%22+when:10d&hl=en-IN&gl=IN&ceid=IN:en
2026-09-04 12:51:54,521 | INFO | News RSS status for DLF: 503
2026-09-04 12:51:54,522 | INFO | News RSS query for DLF: https://news.google.com/rss/search?q=site%3Amoneycontrol.com+%22DLF+Ltd.%22+when:10d&hl=en-IN&gl=IN&ceid=IN:en
2026-09-04 12:52:04,200 | INFO | News RSS status for DLF: 503
2026-09-04 12:52:04,200 | INFO | News RSS query for DLF: https://news.google.com/rss/search?q=site%3Abusinessstandard.com+%22DLF+Ltd.%22+when:10d&hl=en-IN&gl=IN&ceid=IN:en
2026-09-04 12:52:11,206 | INFO | News RSS status for DLF: 503
2026-09-04 12:52:12,179 | INFO | News RSS query for ETERNAL: https://news.google.com/rss/search?q=%22Eternal+Ltd.%22+NSE+when:10d&hl=en-IN&gl=IN&ceid=IN:en
2026-09-04 12:52:18,035 | INFO | News RSS status for ETERNAL: 503
2026-09-04 12:52:18,036 | INFO | News RSS query for ETERNAL: https://news.google.com/rss/search?q=%22Eternal+Ltd.%22+stock+when:10d&hl=en-IN&gl=IN&ceid=IN:en
2026-09-04 12:52:23,091 | INFO | News RSS status for ETERNAL: 503
2026-09-04 12:52:23,091 | INFO | News RSS query for ETERNAL: https://news.google.com/rss/search?q=ETERNAL+NSE+when:10d&hl=en-IN&gl=IN&ceid=IN:en
2026-09-04 12:52:28,318 | INFO | News RSS status for ETERNAL: 503
2026-09-04 12:52:28,318 | INFO | News RSS query for ETERNAL: https://news.google.com/rss/search?q=site%3Aeconomictimes.indiatimes.com+%22Eternal+Ltd.%22+when:10d&hl=en-IN&gl=IN&ceid=IN:en
2026-09-04 12:52:35,360 | INFO | News RSS status for ETERNAL: 503
2026-09-04 12:52:35,360 | INFO | News RSS query for ETERNAL: https://news.google.com/rss/search?q=site%3Amoneycontrol.com+%22Eternal+Ltd.%22+when:10d&hl=en-IN&gl=IN&ceid=IN:en
2026-09-04 12:52:41,590 | INFO | News RSS status for ETERNAL: 503
2026-09-04 12:52:41,591 | INFO | News RSS query for ETERNAL: https://news.google.com/rss/search?q=site%3Abusinessstandard.com+%22Eternal+Ltd.%22+when:10d&hl=en-IN&gl=IN&ceid=IN:en
2026-09-04 12:52:48,210 | INFO | News RSS status for ETERNAL: 503
2026-09-04 12:52:48,939 | INFO | News RSS query for GRASIM: https://news.google.com/rss/search?q=%22Grasim+Industries+Ltd.%22+NSE+when:10d&hl=en-IN&gl=IN&ceid=IN:en
2026-09-04 12:52:56,289 | INFO | News RSS status for GRASIM: 503
2026-09-04 12:52:56,289 | INFO | News RSS query for GRASIM: https://news.google.com/rss/search?q=%22Grasim+Industries+Ltd.%22+stock+when:10d&hl=en-IN&gl=IN&ceid=IN:en
2026-09-04 12:53:05,846 | INFO | News RSS status for GRASIM: 503
2026-09-04 12:53:05,846 | INFO | News RSS query for GRASIM: https://news.google.com/rss/search?q=GRASIM+NSE+when:10d&hl=en-IN&gl=IN&ceid=IN:en
2026-09-04 12:53:13,394 | INFO | News RSS status for GRASIM: 503
2026-09-04 12:53:13,394 | INFO | News RSS query for GRASIM: https://news.google.com/rss/search?q=site%3Aeconomictimes.indiatimes.com+%22Grasim+Industries+Ltd.%22+when:10d&hl=en-IN&gl=IN&ceid=IN:en
2026-09-04 12:53:20,682 | INFO | News RSS status for GRASIM: 503
2026-09-04 12:53:20,682 | INFO | News RSS query for GRASIM: https://news.google.com/rss/search?q=site%3Amoneycontrol.com+%22Grasim+Industries+Ltd.%22+when:10d&hl=en-IN&gl=IN&ceid=IN:en
2026-09-04 12:53:27,475 | INFO | News RSS status for GRASIM: 503
2026-09-04 12:53:27,475 | INFO | News RSS query for GRASIM: https://news.google.com/rss/search?q=site%3Abusinessstandard.com+%22Grasim+Industries+Ltd.%22+when:10d&hl=en-IN&gl=IN&ceid=IN:en
2026-09-04 12:53:34,511 | INFO | News RSS status for GRASIM: 503
2026-09-04 12:53:36,387 | INFO | News RSS query for HINDZINC: https://news.google.com/rss/search?q=%22Hindustan+Zinc+Ltd.%22+NSE+when:10d&hl=en-IN&gl=IN&ceid=IN:en
2026-09-04 12:53:41,838 | INFO | News RSS status for HINDZINC: 503
2026-09-04 12:53:41,838 | INFO | News RSS query for HINDZINC: https://news.google.com/rss/search?q=%22Hindustan+Zinc+Ltd.%22+stock+when:10d&hl=en-IN&gl=IN&ceid=IN:en
2026-09-04 12:53:48,651 | INFO | News RSS status for HINDZINC: 503
2026-09-04 12:53:48,651 | INFO | News RSS query for HINDZINC: https://news.google.com/rss/search?q=HINDZINC+NSE+when:10d&hl=en-IN&gl=IN&ceid=IN:en
2026-09-04 12:53:54,059 | INFO | News RSS status for HINDZINC: 503
2026-09-04 12:53:54,059 | INFO | News RSS query for HINDZINC: https://news.google.com/rss/search?q=site%3Aeconomictimes.indiatimes.com+%22Hindustan+Zinc+Ltd.%22+when:10d&hl=en-IN&gl=IN&ceid=IN:en
2026-09-04 12:54:03,786 | INFO | News RSS status for HINDZINC: 503
2026-09-04 12:54:03,786 | INFO | News RSS query for HINDZINC: https://news.google.com/rss/search?q=site%3Amoneycontrol.com+%22Hindustan+Zinc+Ltd.%22+when:10d&hl=en-IN&gl=IN&ceid=IN:en
2026-09-04 12:54:09,369 | INFO | News RSS status for HINDZINC: 503
2026-09-04 12:54:09,369 | INFO | News RSS query for HINDZINC: https://news.google.com/rss/search?q=site%3Abusinessstandard.com+%22Hindustan+Zinc+Ltd.%22+when:10d&hl=en-IN&gl=IN&ceid=IN:en
2026-09-04 12:54:15,358 | INFO | News RSS status for HINDZINC: 503
2026-09-04 12:54:15,468 | INFO | News RSS query for HYUNDAI: https://news.google.com/rss/search?q=%22Hyundai+Motor+India+Ltd.%22+NSE+when:10d&hl=en-IN&gl=IN&ceid=IN:en
2026-09-04 12:54:21,291 | INFO | News RSS status for HYUNDAI: 503
2026-09-04 12:54:21,291 | INFO | News RSS query for HYUNDAI: https://news.google.com/rss/search?q=%22Hyundai+Motor+India+Ltd.%22+stock+when:10d&hl=en-IN&gl=IN&ceid=IN:en
2026-09-04 12:54:28,160 | INFO | News RSS status for HYUNDAI: 503
2026-09-04 12:54:28,160 | INFO | News RSS query for HYUNDAI: https://news.google.com/rss/search?q=HYUNDAI+NSE+when:10d&hl=en-IN&gl=IN&ceid=IN:en
2026-09-04 12:54:34,802 | INFO | News RSS status for HYUNDAI: 503
2026-09-04 12:54:34,803 | INFO | News RSS query for HYUNDAI: https://news.google.com/rss/search?q=site%3Aeconomictimes.indiatimes.com+%22Hyundai+Motor+India+Ltd.%22+when:10d&hl=en-IN&gl=IN&ceid=IN:en
2026-09-04 12:54:40,700 | INFO | News RSS status for HYUNDAI: 503
2026-09-04 12:54:40,700 | INFO | News RSS query for HYUNDAI: https://news.google.com/rss/search?q=site%3Amoneycontrol.com+%22Hyundai+Motor+India+Ltd.%22+when:10d&hl=en-IN&gl=IN&ceid=IN:en
2026-09-04 12:54:47,412 | INFO | News RSS status for HYUNDAI: 503
2026-09-04 12:54:47,412 | INFO | News RSS query for HYUNDAI: https://news.google.com/rss/search?q=site%3Abusinessstandard.com+%22Hyundai+Motor+India+Ltd.%22+when:10d&hl=en-IN&gl=IN&ceid=IN:en
2026-09-04 12:54:53,081 | INFO | News RSS status for HYUNDAI: 503
2026-09-04 12:54:53,354 | INFO | News RSS query for ICICIBANK: https://news.google.com/rss/search?q=%22ICICI+Bank+Ltd.%22+NSE+when:10d&hl=en-IN&gl=IN&ceid=IN:en
2026-09-04 12:55:02,065 | INFO | News RSS status for ICICIBANK: 503
2026-09-04 12:55:02,065 | INFO | News RSS query for ICICIBANK: https://news.google.com/rss/search?q=%22ICICI+Bank+Ltd.%22+stock+when:10d&hl=en-IN&gl=IN&ceid=IN:en
2026-09-04 12:55:10,777 | INFO | News RSS status for ICICIBANK: 503
2026-09-04 12:55:10,777 | INFO | News RSS query for ICICIBANK: https://news.google.com/rss/search?q=ICICIBANK+NSE+when:10d&hl=en-IN&gl=IN&ceid=IN:en
2026-09-04 12:55:18,201 | INFO | News RSS status for ICICIBANK: 503
2026-09-04 12:55:18,201 | INFO | News RSS query for ICICIBANK: https://news.google.com/rss/search?q=site%3Aeconomictimes.indiatimes.com+%22ICICI+Bank+Ltd.%22+when:10d&hl=en-IN&gl=IN&ceid=IN:en
2026-09-04 12:55:25,363 | INFO | News RSS status for ICICIBANK: 503
2026-09-04 12:55:25,364 | INFO | News RSS query for ICICIBANK: https://news.google.com/rss/search?q=site%3Amoneycontrol.com+%22ICICI+Bank+Ltd.%22+when:10d&hl=en-IN&gl=IN&ceid=IN:en
2026-09-04 12:55:31,064 | INFO | News RSS status for ICICIBANK: 503
2026-09-04 12:55:31,064 | INFO | News RSS query for ICICIBANK: https://news.google.com/rss/search?q=site%3Abusinessstandard.com+%22ICICI+Bank+Ltd.%22+when:10d&hl=en-IN&gl=IN&ceid=IN:en
2026-09-04 12:55:39,054 | INFO | News RSS status for ICICIBANK: 503
2026-09-04 12:55:39,091 | INFO | News RSS query for ICICIBANK: https://news.google.com/rss/search?q=%22ICICI+Bank+Ltd.%22+NSE+when:10d&hl=en-IN&gl=IN&ceid=IN:en
2026-09-04 12:55:48,934 | INFO | News RSS status for ICICIBANK: 503
2026-09-04 12:55:48,934 | INFO | News RSS query for ICICIBANK: https://news.google.com/rss/search?q=%22ICICI+Bank+Ltd.%22+stock+when:10d&hl=en-IN&gl=IN&ceid=IN:en
2026-09-04 12:55:54,346 | INFO | News RSS status for ICICIBANK: 503
2026-09-04 12:55:54,346 | INFO | News RSS query for ICICIBANK: https://news.google.com/rss/search?q=ICICIBANK+NSE+when:10d&hl=en-IN&gl=IN&ceid=IN:en
2026-09-04 12:56:01,066 | INFO | News RSS status for ICICIBANK: 503
2026-09-04 12:56:01,066 | INFO | News RSS query for ICICIBANK: https://news.google.com/rss/search?q=site%3Aeconomictimes.indiatimes.com+%22ICICI+Bank+Ltd.%22+when:10d&hl=en-IN&gl=IN&ceid=IN:en
2026-09-04 12:56:07,656 | INFO | News RSS status for ICICIBANK: 503
2026-09-04 12:56:07,656 | INFO | News RSS query for ICICIBANK: https://news.google.com/rss/search?q=site%3Amoneycontrol.com+%22ICICI+Bank+Ltd.%22+when:10d&hl=en-IN&gl=IN&ceid=IN:en
2026-09-04 12:56:15,404 | INFO | News RSS status for ICICIBANK: 503
2026-09-04 12:56:15,404 | INFO | News RSS query for ICICIBANK: https://news.google.com/rss/search?q=site%3Abusinessstandard.com+%22ICICI+Bank+Ltd.%22+when:10d&hl=en-IN&gl=IN&ceid=IN:en
2026-09-04 12:56:24,212 | INFO | News RSS status for ICICIBANK: 503
2026-09-04 12:56:25,897 | INFO | News RSS query for JINDALSTEL: https://news.google.com/rss/search?q=%22Jindal+Steel+Ltd.%22+NSE+when:10d&hl=en-IN&gl=IN&ceid=IN:en
2026-09-04 12:56:33,053 | INFO | News RSS status for JINDALSTEL: 503
2026-09-04 12:56:33,053 | INFO | News RSS query for JINDALSTEL: https://news.google.com/rss/search?q=%22Jindal+Steel+Ltd.%22+stock+when:10d&hl=en-IN&gl=IN&ceid=IN:en
2026-09-04 12:56:42,075 | INFO | News RSS status for JINDALSTEL: 503
2026-09-04 12:56:42,075 | INFO | News RSS query for JINDALSTEL: https://news.google.com/rss/search?q=JINDALSTEL+NSE+when:10d&hl=en-IN&gl=IN&ceid=IN:en
2026-09-04 12:56:50,602 | INFO | News RSS status for JINDALSTEL: 503
2026-09-04 12:56:50,602 | INFO | News RSS query for JINDALSTEL: https://news.google.com/rss/search?q=site%3Aeconomictimes.indiatimes.com+%22Jindal+Steel+Ltd.%22+when:10d&hl=en-IN&gl=IN&ceid=IN:en
2026-09-04 12:57:00,332 | INFO | News RSS status for JINDALSTEL: 503
2026-09-04 12:57:00,332 | INFO | News RSS query for JINDALSTEL: https://news.google.com/rss/search?q=site%3Amoneycontrol.com+%22Jindal+Steel+Ltd.%22+when:10d&hl=en-IN&gl=IN&ceid=IN:en
2026-09-04 12:57:08,756 | INFO | News RSS status for JINDALSTEL: 503
2026-09-04 12:57:08,756 | INFO | News RSS query for JINDALSTEL: https://news.google.com/rss/search?q=site%3Abusinessstandard.com+%22Jindal+Steel+Ltd.%22+when:10d&hl=en-IN&gl=IN&ceid=IN:en
2026-09-04 12:57:13,960 | INFO | News RSS status for JINDALSTEL: 503
2026-09-04 12:57:14,336 | INFO | News RSS query for JSWSTEEL: https://news.google.com/rss/search?q=%22JSW+Steel+Ltd.%22+NSE+when:10d&hl=en-IN&gl=IN&ceid=IN:en
2026-09-04 12:57:20,362 | INFO | News RSS status for JSWSTEEL: 503
2026-09-04 12:57:20,362 | INFO | News RSS query for JSWSTEEL: https://news.google.com/rss/search?q=%22JSW+Steel+Ltd.%22+stock+when:10d&hl=en-IN&gl=IN&ceid=IN:en
2026-09-04 12:57:26,371 | INFO | News RSS status for JSWSTEEL: 503
2026-09-04 12:57:26,371 | INFO | News RSS query for JSWSTEEL: https://news.google.com/rss/search?q=JSWSTEEL+NSE+when:10d&hl=en-IN&gl=IN&ceid=IN:en
2026-09-04 12:57:35,626 | INFO | News RSS status for JSWSTEEL: 503
2026-09-04 12:57:35,626 | INFO | News RSS query for JSWSTEEL: https://news.google.com/rss/search?q=site%3Aeconomictimes.indiatimes.com+%22JSW+Steel+Ltd.%22+when:10d&hl=en-IN&gl=IN&ceid=IN:en
2026-09-04 12:57:42,490 | INFO | News RSS status for JSWSTEEL: 503
2026-09-04 12:57:42,490 | INFO | News RSS query for JSWSTEEL: https://news.google.com/rss/search?q=site%3Amoneycontrol.com+%22JSW+Steel+Ltd.%22+when:10d&hl=en-IN&gl=IN&ceid=IN:en
2026-09-04 12:57:51,106 | INFO | News RSS status for JSWSTEEL: 503
2026-09-04 12:57:51,106 | INFO | News RSS query for JSWSTEEL: https://news.google.com/rss/search?q=site%3Abusinessstandard.com+%22JSW+Steel+Ltd.%22+when:10d&hl=en-IN&gl=IN&ceid=IN:en
2026-09-04 12:57:58,601 | INFO | News RSS status for JSWSTEEL: 503
2026-09-04 12:57:58,863 | INFO | News RSS query for KOTAKBANK: https://news.google.com/rss/search?q=%22Kotak+Mahindra+Bank+Ltd.%22+NSE+when:10d&hl=en-IN&gl=IN&ceid=IN:en
2026-09-04 12:58:05,703 | INFO | News RSS status for KOTAKBANK: 503
2026-09-04 12:58:05,703 | INFO | News RSS query for KOTAKBANK: https://news.google.com/rss/search?q=%22Kotak+Mahindra+Bank+Ltd.%22+stock+when:10d&hl=en-IN&gl=IN&ceid=IN:en
2026-09-04 12:58:11,085 | INFO | News RSS status for KOTAKBANK: 503
2026-09-04 12:58:11,085 | INFO | News RSS query for KOTAKBANK: https://news.google.com/rss/search?q=KOTAKBANK+NSE+when:10d&hl=en-IN&gl=IN&ceid=IN:en
2026-09-04 12:58:18,195 | INFO | News RSS status for KOTAKBANK: 503
2026-09-04 12:58:18,195 | INFO | News RSS query for KOTAKBANK: https://news.google.com/rss/search?q=site%3Aeconomictimes.indiatimes.com+%22Kotak+Mahindra+Bank+Ltd.%22+when:10d&hl=en-IN&gl=IN&ceid=IN:en
2026-09-04 12:58:25,635 | INFO | News RSS status for KOTAKBANK: 503
2026-09-04 12:58:25,636 | INFO | News RSS query for KOTAKBANK: https://news.google.com/rss/search?q=site%3Amoneycontrol.com+%22Kotak+Mahindra+Bank+Ltd.%22+when:10d&hl=en-IN&gl=IN&ceid=IN:en
2026-09-04 12:58:34,557 | INFO | News RSS status for KOTAKBANK: 503
2026-09-04 12:58:34,557 | INFO | News RSS query for KOTAKBANK: https://news.google.com/rss/search?q=site%3Abusinessstandard.com+%22Kotak+Mahindra+Bank+Ltd.%22+when:10d&hl=en-IN&gl=IN&ceid=IN:en
2026-09-04 12:58:41,611 | INFO | News RSS status for KOTAKBANK: 503
2026-09-04 12:58:41,862 | INFO | News RSS query for LODHA: https://news.google.com/rss/search?q=%22Lodha+Developers+Ltd.%22+NSE+when:10d&hl=en-IN&gl=IN&ceid=IN:en
2026-09-04 12:58:50,626 | INFO | News RSS status for LODHA: 503
2026-09-04 12:58:50,626 | INFO | News RSS query for LODHA: https://news.google.com/rss/search?q=%22Lodha+Developers+Ltd.%22+stock+when:10d&hl=en-IN&gl=IN&ceid=IN:en
2026-09-04 12:58:59,388 | INFO | News RSS status for LODHA: 503
2026-09-04 12:58:59,388 | INFO | News RSS query for LODHA: https://news.google.com/rss/search?q=LODHA+NSE+when:10d&hl=en-IN&gl=IN&ceid=IN:en
2026-09-04 12:59:05,946 | INFO | News RSS status for LODHA: 503
2026-09-04 12:59:05,946 | INFO | News RSS query for LODHA: https://news.google.com/rss/search?q=site%3Aeconomictimes.indiatimes.com+%22Lodha+Developers+Ltd.%22+when:10d&hl=en-IN&gl=IN&ceid=IN:en
2026-09-04 12:59:13,166 | INFO | News RSS status for LODHA: 503
2026-09-04 12:59:13,166 | INFO | News RSS query for LODHA: https://news.google.com/rss/search?q=site%3Amoneycontrol.com+%22Lodha+Developers+Ltd.%22+when:10d&hl=en-IN&gl=IN&ceid=IN:en
2026-09-04 12:59:21,378 | INFO | News RSS status for LODHA: 503
2026-09-04 12:59:21,378 | INFO | News RSS query for LODHA: https://news.google.com/rss/search?q=site%3Abusinessstandard.com+%22Lodha+Developers+Ltd.%22+when:10d&hl=en-IN&gl=IN&ceid=IN:en
2026-09-04 12:59:27,001 | INFO | News RSS status for LODHA: 503
2026-09-04 12:59:27,237 | WARNING | Skipping LTM — only 136 bars available (need 220). Extend history_backfill_days in config.json to include this symbol.
2026-09-04 12:59:28,453 | INFO | News RSS query for MOTHERSON: https://news.google.com/rss/search?q=%22Samvardhana+Motherson+International+Ltd.%22+NSE+when:10d&hl=en-IN&gl=IN&ceid=IN:en
2026-09-04 12:59:36,234 | INFO | News RSS status for MOTHERSON: 503
2026-09-04 12:59:36,234 | INFO | News RSS query for MOTHERSON: https://news.google.com/rss/search?q=%22Samvardhana+Motherson+International+Ltd.%22+stock+when:10d&hl=en-IN&gl=IN&ceid=IN:en
2026-09-04 12:59:45,357 | INFO | News RSS status for MOTHERSON: 503
2026-09-04 12:59:45,358 | INFO | News RSS query for MOTHERSON: https://news.google.com/rss/search?q=MOTHERSON+NSE+when:10d&hl=en-IN&gl=IN&ceid=IN:en
2026-09-04 12:59:54,672 | INFO | News RSS status for MOTHERSON: 503
2026-09-04 12:59:54,672 | INFO | News RSS query for MOTHERSON: https://news.google.com/rss/search?q=site%3Aeconomictimes.indiatimes.com+%22Samvardhana+Motherson+International+Ltd.%22+when:10d&hl=en-IN&gl=IN&ceid=IN:en
2026-09-04 13:00:00,849 | INFO | News RSS status for MOTHERSON: 503
2026-09-04 13:00:00,849 | INFO | News RSS query for MOTHERSON: https://news.google.com/rss/search?q=site%3Amoneycontrol.com+%22Samvardhana+Motherson+International+Ltd.%22+when:10d&hl=en-IN&gl=IN&ceid=IN:en
2026-09-04 13:00:10,619 | INFO | News RSS status for MOTHERSON: 503
2026-09-04 13:00:10,619 | INFO | News RSS query for MOTHERSON: https://news.google.com/rss/search?q=site%3Abusinessstandard.com+%22Samvardhana+Motherson+International+Ltd.%22+when:10d&hl=en-IN&gl=IN&ceid=IN:en
2026-09-04 13:00:15,774 | INFO | News RSS status for MOTHERSON: 503
2026-09-04 13:00:17,407 | INFO | News RSS query for PNB: https://news.google.com/rss/search?q=%22Punjab+National+Bank%22+NSE+when:10d&hl=en-IN&gl=IN&ceid=IN:en
2026-09-04 13:00:25,191 | INFO | News RSS status for PNB: 503
2026-09-04 13:00:25,191 | INFO | News RSS query for PNB: https://news.google.com/rss/search?q=%22Punjab+National+Bank%22+stock+when:10d&hl=en-IN&gl=IN&ceid=IN:en
2026-09-04 13:00:33,412 | INFO | News RSS status for PNB: 503
2026-09-04 13:00:33,412 | INFO | News RSS query for PNB: https://news.google.com/rss/search?q=PNB+NSE+when:10d&hl=en-IN&gl=IN&ceid=IN:en
2026-09-04 13:00:42,344 | INFO | News RSS status for PNB: 503
2026-09-04 13:00:42,344 | INFO | News RSS query for PNB: https://news.google.com/rss/search?q=site%3Aeconomictimes.indiatimes.com+%22Punjab+National+Bank%22+when:10d&hl=en-IN&gl=IN&ceid=IN:en
2026-09-04 13:00:49,855 | INFO | News RSS status for PNB: 503
2026-09-04 13:00:49,855 | INFO | News RSS query for PNB: https://news.google.com/rss/search?q=site%3Amoneycontrol.com+%22Punjab+National+Bank%22+when:10d&hl=en-IN&gl=IN&ceid=IN:en
2026-09-04 13:00:56,983 | INFO | News RSS status for PNB: 503
2026-09-04 13:00:56,983 | INFO | News RSS query for PNB: https://news.google.com/rss/search?q=site%3Abusinessstandard.com+%22Punjab+National+Bank%22+when:10d&hl=en-IN&gl=IN&ceid=IN:en
2026-09-04 13:01:06,717 | INFO | News RSS status for PNB: 503
2026-09-04 13:01:07,427 | INFO | News RSS query for RELIANCE: https://news.google.com/rss/search?q=%22Reliance+Industries+Ltd.%22+NSE+when:10d&hl=en-IN&gl=IN&ceid=IN:en
2026-09-04 13:01:13,107 | INFO | News RSS status for RELIANCE: 503
2026-09-04 13:01:13,107 | INFO | News RSS query for RELIANCE: https://news.google.com/rss/search?q=%22Reliance+Industries+Ltd.%22+stock+when:10d&hl=en-IN&gl=IN&ceid=IN:en
2026-09-04 13:01:21,558 | INFO | News RSS status for RELIANCE: 503
2026-09-04 13:01:21,558 | INFO | News RSS query for RELIANCE: https://news.google.com/rss/search?q=RELIANCE+NSE+when:10d&hl=en-IN&gl=IN&ceid=IN:en
2026-09-04 13:01:30,068 | INFO | News RSS status for RELIANCE: 503
2026-09-04 13:01:30,068 | INFO | News RSS query for RELIANCE: https://news.google.com/rss/search?q=site%3Aeconomictimes.indiatimes.com+%22Reliance+Industries+Ltd.%22+when:10d&hl=en-IN&gl=IN&ceid=IN:en
2026-09-04 13:01:35,360 | INFO | News RSS status for RELIANCE: 503
2026-09-04 13:01:35,360 | INFO | News RSS query for RELIANCE: https://news.google.com/rss/search?q=site%3Amoneycontrol.com+%22Reliance+Industries+Ltd.%22+when:10d&hl=en-IN&gl=IN&ceid=IN:en
2026-09-04 13:01:45,199 | INFO | News RSS status for RELIANCE: 503
2026-09-04 13:01:45,199 | INFO | News RSS query for RELIANCE: https://news.google.com/rss/search?q=site%3Abusinessstandard.com+%22Reliance+Industries+Ltd.%22+when:10d&hl=en-IN&gl=IN&ceid=IN:en
2026-09-04 13:01:51,544 | INFO | News RSS status for RELIANCE: 503
2026-09-04 13:01:52,738 | INFO | News RSS query for SIEMENS: https://news.google.com/rss/search?q=%22Siemens+Ltd.%22+NSE+when:10d&hl=en-IN&gl=IN&ceid=IN:en
2026-09-04 13:02:00,137 | INFO | News RSS status for SIEMENS: 503
2026-09-04 13:02:00,137 | INFO | News RSS query for SIEMENS: https://news.google.com/rss/search?q=%22Siemens+Ltd.%22+stock+when:10d&hl=en-IN&gl=IN&ceid=IN:en
2026-09-04 13:02:06,695 | INFO | News RSS status for SIEMENS: 503
2026-09-04 13:02:06,695 | INFO | News RSS query for SIEMENS: https://news.google.com/rss/search?q=SIEMENS+NSE+when:10d&hl=en-IN&gl=IN&ceid=IN:en
2026-09-04 13:02:15,763 | INFO | News RSS status for SIEMENS: 503
2026-09-04 13:02:15,763 | INFO | News RSS query for SIEMENS: https://news.google.com/rss/search?q=site%3Aeconomictimes.indiatimes.com+%22Siemens+Ltd.%22+when:10d&hl=en-IN&gl=IN&ceid=IN:en
2026-09-04 13:02:20,947 | INFO | News RSS status for SIEMENS: 503
2026-09-04 13:02:20,947 | INFO | News RSS query for SIEMENS: https://news.google.com/rss/search?q=site%3Amoneycontrol.com+%22Siemens+Ltd.%22+when:10d&hl=en-IN&gl=IN&ceid=IN:en
2026-09-04 13:02:29,527 | INFO | News RSS status for SIEMENS: 503
2026-09-04 13:02:29,527 | INFO | News RSS query for SIEMENS: https://news.google.com/rss/search?q=site%3Abusinessstandard.com+%22Siemens+Ltd.%22+when:10d&hl=en-IN&gl=IN&ceid=IN:en
2026-09-04 13:02:37,752 | INFO | News RSS status for SIEMENS: 503
2026-09-04 13:02:38,013 | INFO | News RSS query for SOLARINDS: https://news.google.com/rss/search?q=%22Solar+Industries+India+Ltd.%22+NSE+when:10d&hl=en-IN&gl=IN&ceid=IN:en
2026-09-04 13:02:43,408 | INFO | News RSS status for SOLARINDS: 503
2026-09-04 13:02:43,408 | INFO | News RSS query for SOLARINDS: https://news.google.com/rss/search?q=%22Solar+Industries+India+Ltd.%22+stock+when:10d&hl=en-IN&gl=IN&ceid=IN:en
2026-09-04 13:02:49,100 | INFO | News RSS status for SOLARINDS: 503
2026-09-04 13:02:49,100 | INFO | News RSS query for SOLARINDS: https://news.google.com/rss/search?q=SOLARINDS+NSE+when:10d&hl=en-IN&gl=IN&ceid=IN:en
2026-09-04 13:02:54,107 | INFO | News RSS status for SOLARINDS: 503
2026-09-04 13:02:54,107 | INFO | News RSS query for SOLARINDS: https://news.google.com/rss/search?q=site%3Aeconomictimes.indiatimes.com+%22Solar+Industries+India+Ltd.%22+when:10d&hl=en-IN&gl=IN&ceid=IN:en
2026-09-04 13:03:02,728 | INFO | News RSS status for SOLARINDS: 503
2026-09-04 13:03:02,728 | INFO | News RSS query for SOLARINDS: https://news.google.com/rss/search?q=site%3Amoneycontrol.com+%22Solar+Industries+India+Ltd.%22+when:10d&hl=en-IN&gl=IN&ceid=IN:en
2026-09-04 13:03:08,489 | INFO | News RSS status for SOLARINDS: 503
2026-09-04 13:03:08,489 | INFO | News RSS query for SOLARINDS: https://news.google.com/rss/search?q=site%3Abusinessstandard.com+%22Solar+Industries+India+Ltd.%22+when:10d&hl=en-IN&gl=IN&ceid=IN:en
2026-09-04 13:03:18,138 | INFO | News RSS status for SOLARINDS: 503
2026-09-04 13:03:18,487 | INFO | News RSS query for TATACAP: https://news.google.com/rss/search?q=%22Tata+Capital+Ltd.%22+NSE+when:10d&hl=en-IN&gl=IN&ceid=IN:en
2026-09-04 13:03:25,031 | INFO | News RSS status for TATACAP: 503
2026-09-04 13:03:25,031 | INFO | News RSS query for TATACAP: https://news.google.com/rss/search?q=%22Tata+Capital+Ltd.%22+stock+when:10d&hl=en-IN&gl=IN&ceid=IN:en
2026-09-04 13:03:30,647 | INFO | News RSS status for TATACAP: 503
2026-09-04 13:03:30,647 | INFO | News RSS query for TATACAP: https://news.google.com/rss/search?q=TATACAP+NSE+when:10d&hl=en-IN&gl=IN&ceid=IN:en
2026-09-04 13:03:36,517 | INFO | News RSS status for TATACAP: 503
2026-09-04 13:03:36,517 | INFO | News RSS query for TATACAP: https://news.google.com/rss/search?q=site%3Aeconomictimes.indiatimes.com+%22Tata+Capital+Ltd.%22+when:10d&hl=en-IN&gl=IN&ceid=IN:en
2026-09-04 13:03:45,894 | INFO | News RSS status for TATACAP: 503
2026-09-04 13:03:45,894 | INFO | News RSS query for TATACAP: https://news.google.com/rss/search?q=site%3Amoneycontrol.com+%22Tata+Capital+Ltd.%22+when:10d&hl=en-IN&gl=IN&ceid=IN:en
2026-09-04 13:03:54,161 | INFO | News RSS status for TATACAP: 503
2026-09-04 13:03:54,161 | INFO | News RSS query for TATACAP: https://news.google.com/rss/search?q=site%3Abusinessstandard.com+%22Tata+Capital+Ltd.%22+when:10d&hl=en-IN&gl=IN&ceid=IN:en
2026-09-04 13:04:02,394 | INFO | News RSS status for TATACAP: 503
2026-09-04 13:04:03,548 | INFO | News RSS query for TECHM: https://news.google.com/rss/search?q=%22Tech+Mahindra+Ltd.%22+NSE+when:10d&hl=en-IN&gl=IN&ceid=IN:en
2026-09-04 13:04:12,856 | INFO | News RSS status for TECHM: 503
2026-09-04 13:04:12,856 | INFO | News RSS query for TECHM: https://news.google.com/rss/search?q=%22Tech+Mahindra+Ltd.%22+stock+when:10d&hl=en-IN&gl=IN&ceid=IN:en
2026-09-04 13:04:22,081 | INFO | News RSS status for TECHM: 503
2026-09-04 13:04:22,081 | INFO | News RSS query for TECHM: https://news.google.com/rss/search?q=TECHM+NSE+when:10d&hl=en-IN&gl=IN&ceid=IN:en
2026-09-04 13:04:30,693 | INFO | News RSS status for TECHM: 503
2026-09-04 13:04:30,693 | INFO | News RSS query for TECHM: https://news.google.com/rss/search?q=site%3Aeconomictimes.indiatimes.com+%22Tech+Mahindra+Ltd.%22+when:10d&hl=en-IN&gl=IN&ceid=IN:en
2026-09-04 13:04:36,799 | INFO | News RSS status for TECHM: 503
2026-09-04 13:04:36,799 | INFO | News RSS query for TECHM: https://news.google.com/rss/search?q=site%3Amoneycontrol.com+%22Tech+Mahindra+Ltd.%22+when:10d&hl=en-IN&gl=IN&ceid=IN:en
2026-09-04 13:04:44,627 | INFO | News RSS status for TECHM: 503
2026-09-04 13:04:44,627 | INFO | News RSS query for TECHM: https://news.google.com/rss/search?q=site%3Abusinessstandard.com+%22Tech+Mahindra+Ltd.%22+when:10d&hl=en-IN&gl=IN&ceid=IN:en
2026-09-04 13:04:52,842 | INFO | News RSS status for TECHM: 503
2026-09-04 13:04:53,106 | INFO | News RSS query for TITAN: https://news.google.com/rss/search?q=%22Titan+Company+Ltd.%22+NSE+when:10d&hl=en-IN&gl=IN&ceid=IN:en
2026-09-04 13:04:59,839 | INFO | News RSS status for TITAN: 503
2026-09-04 13:04:59,839 | INFO | News RSS query for TITAN: https://news.google.com/rss/search?q=%22Titan+Company+Ltd.%22+stock+when:10d&hl=en-IN&gl=IN&ceid=IN:en
2026-09-04 13:05:06,607 | INFO | News RSS status for TITAN: 503
2026-09-04 13:05:06,607 | INFO | News RSS query for TITAN: https://news.google.com/rss/search?q=TITAN+NSE+when:10d&hl=en-IN&gl=IN&ceid=IN:en
2026-09-04 13:05:13,667 | INFO | News RSS status for TITAN: 503
2026-09-04 13:05:13,667 | INFO | News RSS query for TITAN: https://news.google.com/rss/search?q=site%3Aeconomictimes.indiatimes.com+%22Titan+Company+Ltd.%22+when:10d&hl=en-IN&gl=IN&ceid=IN:en
2026-09-04 13:05:22,019 | INFO | News RSS status for TITAN: 503
2026-09-04 13:05:22,019 | INFO | News RSS query for TITAN: https://news.google.com/rss/search?q=site%3Amoneycontrol.com+%22Titan+Company+Ltd.%22+when:10d&hl=en-IN&gl=IN&ceid=IN:en
2026-09-04 13:05:28,865 | INFO | News RSS status for TITAN: 503
2026-09-04 13:05:28,866 | INFO | News RSS query for TITAN: https://news.google.com/rss/search?q=site%3Abusinessstandard.com+%22Titan+Company+Ltd.%22+when:10d&hl=en-IN&gl=IN&ceid=IN:en
2026-09-04 13:05:36,315 | INFO | News RSS status for TITAN: 503
2026-09-04 13:05:36,352 | INFO | News RSS query for TITAN: https://news.google.com/rss/search?q=%22Titan+Company+Ltd.%22+NSE+when:10d&hl=en-IN&gl=IN&ceid=IN:en
2026-09-04 13:05:44,920 | INFO | News RSS status for TITAN: 503
2026-09-04 13:05:44,920 | INFO | News RSS query for TITAN: https://news.google.com/rss/search?q=%22Titan+Company+Ltd.%22+stock+when:10d&hl=en-IN&gl=IN&ceid=IN:en
2026-09-04 13:05:53,809 | INFO | News RSS status for TITAN: 503
2026-09-04 13:05:53,809 | INFO | News RSS query for TITAN: https://news.google.com/rss/search?q=TITAN+NSE+when:10d&hl=en-IN&gl=IN&ceid=IN:en
2026-09-04 13:06:01,900 | INFO | News RSS status for TITAN: 503
2026-09-04 13:06:01,900 | INFO | News RSS query for TITAN: https://news.google.com/rss/search?q=site%3Aeconomictimes.indiatimes.com+%22Titan+Company+Ltd.%22+when:10d&hl=en-IN&gl=IN&ceid=IN:en
2026-09-04 13:06:07,253 | INFO | News RSS status for TITAN: 503
2026-09-04 13:06:07,253 | INFO | News RSS query for TITAN: https://news.google.com/rss/search?q=site%3Amoneycontrol.com+%22Titan+Company+Ltd.%22+when:10d&hl=en-IN&gl=IN&ceid=IN:en
2026-09-04 13:06:15,952 | INFO | News RSS status for TITAN: 503
2026-09-04 13:06:15,952 | INFO | News RSS query for TITAN: https://news.google.com/rss/search?q=site%3Abusinessstandard.com+%22Titan+Company+Ltd.%22+when:10d&hl=en-IN&gl=IN&ceid=IN:en
2026-09-04 13:06:22,243 | INFO | News RSS status for TITAN: 503
2026-09-04 13:06:22,244 | WARNING | Skipping TMCV — only 204 bars available (need 220). Extend history_backfill_days in config.json to include this symbol.
2026-09-04 13:06:22,550 | INFO | News RSS query for TORNTPHARM: https://news.google.com/rss/search?q=%22Torrent+Pharmaceuticals+Ltd.%22+NSE+when:10d&hl=en-IN&gl=IN&ceid=IN:en
2026-09-04 13:06:28,323 | INFO | News RSS status for TORNTPHARM: 503
2026-09-04 13:06:28,323 | INFO | News RSS query for TORNTPHARM: https://news.google.com/rss/search?q=%22Torrent+Pharmaceuticals+Ltd.%22+stock+when:10d&hl=en-IN&gl=IN&ceid=IN:en
2026-09-04 13:06:35,067 | INFO | News RSS status for TORNTPHARM: 503
2026-09-04 13:06:35,067 | INFO | News RSS query for TORNTPHARM: https://news.google.com/rss/search?q=TORNTPHARM+NSE+when:10d&hl=en-IN&gl=IN&ceid=IN:en
2026-09-04 13:06:42,642 | INFO | News RSS status for TORNTPHARM: 503
2026-09-04 13:06:42,642 | INFO | News RSS query for TORNTPHARM: https://news.google.com/rss/search?q=site%3Aeconomictimes.indiatimes.com+%22Torrent+Pharmaceuticals+Ltd.%22+when:10d&hl=en-IN&gl=IN&ceid=IN:en
2026-09-04 13:06:49,152 | INFO | News RSS status for TORNTPHARM: 503
2026-09-04 13:06:49,152 | INFO | News RSS query for TORNTPHARM: https://news.google.com/rss/search?q=site%3Amoneycontrol.com+%22Torrent+Pharmaceuticals+Ltd.%22+when:10d&hl=en-IN&gl=IN&ceid=IN:en
2026-09-04 13:06:59,059 | INFO | News RSS status for TORNTPHARM: 503
2026-09-04 13:06:59,059 | INFO | News RSS query for TORNTPHARM: https://news.google.com/rss/search?q=site%3Abusinessstandard.com+%22Torrent+Pharmaceuticals+Ltd.%22+when:10d&hl=en-IN&gl=IN&ceid=IN:en
2026-09-04 13:07:06,964 | INFO | News RSS status for TORNTPHARM: 503
2026-09-04 13:07:07,895 | INFO | News RSS query for UNIONBANK: https://news.google.com/rss/search?q=%22Union+Bank+of+India%22+NSE+when:10d&hl=en-IN&gl=IN&ceid=IN:en
2026-09-04 13:07:15,693 | INFO | News RSS status for UNIONBANK: 503
2026-09-04 13:07:15,693 | INFO | News RSS query for UNIONBANK: https://news.google.com/rss/search?q=%22Union+Bank+of+India%22+stock+when:10d&hl=en-IN&gl=IN&ceid=IN:en
2026-09-04 13:07:24,877 | INFO | News RSS status for UNIONBANK: 503
2026-09-04 13:07:24,877 | INFO | News RSS query for UNIONBANK: https://news.google.com/rss/search?q=UNIONBANK+NSE+when:10d&hl=en-IN&gl=IN&ceid=IN:en
2026-09-04 13:07:30,620 | INFO | News RSS status for UNIONBANK: 503
2026-09-04 13:07:30,620 | INFO | News RSS query for UNIONBANK: https://news.google.com/rss/search?q=site%3Aeconomictimes.indiatimes.com+%22Union+Bank+of+India%22+when:10d&hl=en-IN&gl=IN&ceid=IN:en
2026-09-04 13:07:37,089 | INFO | News RSS status for UNIONBANK: 503
2026-09-04 13:07:37,089 | INFO | News RSS query for UNIONBANK: https://news.google.com/rss/search?q=site%3Amoneycontrol.com+%22Union+Bank+of+India%22+when:10d&hl=en-IN&gl=IN&ceid=IN:en
2026-09-04 13:07:45,259 | INFO | News RSS status for UNIONBANK: 503
2026-09-04 13:07:45,259 | INFO | News RSS query for UNIONBANK: https://news.google.com/rss/search?q=site%3Abusinessstandard.com+%22Union+Bank+of+India%22+when:10d&hl=en-IN&gl=IN&ceid=IN:en
2026-09-04 13:07:54,647 | INFO | News RSS status for UNIONBANK: 503
2026-09-04 13:07:54,742 | WARNING | Skipping VAML — only 6 bars available (need 220). Extend history_backfill_days in config.json to include this symbol.
2026-09-04 13:07:55,192 | WARNING | Skipping VEDPOWER — only 4 bars available (need 220). Extend history_backfill_days in config.json to include this symbol.
2026-09-04 13:07:55,193 | WARNING | Skipping VISL — only 4 bars available (need 220). Extend history_backfill_days in config.json to include this symbol.
2026-09-04 13:07:55,193 | WARNING | Skipping VOGL — only 7 bars available (need 220). Extend history_backfill_days in config.json to include this symbol.
2026-09-04 13:07:55,715 | INFO | News RSS query for ZYDUSLIFE: https://news.google.com/rss/search?q=%22Zydus+Lifesciences+Ltd.%22+NSE+when:10d&hl=en-IN&gl=IN&ceid=IN:en
2026-09-04 13:08:01,335 | INFO | News RSS status for ZYDUSLIFE: 503
2026-09-04 13:08:01,335 | INFO | News RSS query for ZYDUSLIFE: https://news.google.com/rss/search?q=%22Zydus+Lifesciences+Ltd.%22+stock+when:10d&hl=en-IN&gl=IN&ceid=IN:en
2026-09-04 13:08:07,809 | INFO | News RSS status for ZYDUSLIFE: 503
2026-09-04 13:08:07,809 | INFO | News RSS query for ZYDUSLIFE: https://news.google.com/rss/search?q=ZYDUSLIFE+NSE+when:10d&hl=en-IN&gl=IN&ceid=IN:en
2026-09-04 13:08:14,128 | INFO | News RSS status for ZYDUSLIFE: 503
2026-09-04 13:08:14,128 | INFO | News RSS query for ZYDUSLIFE: https://news.google.com/rss/search?q=site%3Aeconomictimes.indiatimes.com+%22Zydus+Lifesciences+Ltd.%22+when:10d&hl=en-IN&gl=IN&ceid=IN:en
2026-09-04 13:08:21,429 | INFO | News RSS status for ZYDUSLIFE: 503
2026-09-04 13:08:21,430 | INFO | News RSS query for ZYDUSLIFE: https://news.google.com/rss/search?q=site%3Amoneycontrol.com+%22Zydus+Lifesciences+Ltd.%22+when:10d&hl=en-IN&gl=IN&ceid=IN:en
2026-09-04 13:08:28,901 | INFO | News RSS status for ZYDUSLIFE: 503
2026-09-04 13:08:28,901 | INFO | News RSS query for ZYDUSLIFE: https://news.google.com/rss/search?q=site%3Abusinessstandard.com+%22Zydus+Lifesciences+Ltd.%22+when:10d&hl=en-IN&gl=IN&ceid=IN:en
2026-09-04 13:08:36,211 | INFO | News RSS status for ZYDUSLIFE: 503
2026-09-04 13:08:36,216 | INFO | Index membership from cache: NIFTY 50 (50 symbols)
2026-09-04 13:08:36,216 | INFO | Index membership from cache: Nifty Next 50 (50 symbols)
2026-09-04 13:08:36,216 | INFO | Index membership ready: 100 symbols mapped
2026-09-04 13:08:36,216 | INFO | Market Health: fetching index OHLCV...
2026-09-04 13:08:38,089 | WARNING | niftyindices failed NIFTY 50 2026-09-01-2026-09-04: Expecting value: line 1 column 2 (char 1)
2026-09-04 13:08:38,202 | INFO | Index OHLCV via yfinance (^NSEI) for NIFTY 50: 1457 rows
2026-09-04 13:08:39,919 | WARNING | niftyindices failed NIFTY NEXT 50 2026-09-01-2026-09-04: Expecting value: line 1 column 2 (char 1)
2026-09-04 13:08:40,018 | INFO | Index OHLCV via yfinance (JUNIORBEES.NS) for NIFTY NEXT 50: 1454 rows
2026-09-04 13:08:40,019 | INFO | Market Health: fetching VIX...
2026-09-04 13:08:41,778 | WARNING | niftyindices VIX failed 2026-09-01-2026-09-04: Expecting value: line 1 column 2 (char 1)
2026-09-04 13:08:41,876 | INFO | VIX via yfinance (^INDIAVIX): 155 rows
2026-09-04 13:08:41,876 | INFO | Market Health: updating breadth EMA cache...
2026-09-04 13:08:42,892 | INFO | Breadth EMA cache: 135164 total rows (+100)
2026-09-04 13:08:42,904 | INFO | Market Health [NIFTY 50]: Score=-32.0 | Weak Bear &#x1F534;
2026-09-04 13:08:42,914 | INFO | Market Health [Nifty Next 50]: Score=-12.0 | Sideways &#x1F7E0;
2026-09-04 13:08:42,947 | INFO | Signal log: appended 4 new signals. Total rows: 749
2026-09-04 13:08:42,947 | INFO | Signal log written/updated: /home/runner/work/nifty100-reporter/nifty100-reporter/data/nifty100_signal_log.csv
2026-09-04 13:08:43,490 | INFO | Signal tracker: updated 162 Active signal rows.
2026-09-04 13:08:43,500 | INFO | HTML report written: /home/runner/work/nifty100-reporter/nifty100-reporter/reports/nifty100_daily_report_20260904.html
2026-09-04 13:08:43,505 | INFO | Market Health Excel sheet written.
2026-09-04 13:08:44,250 | INFO | Excel report written: /home/runner/work/nifty100-reporter/nifty100-reporter/reports/nifty100_daily_report_20260904.xlsx
2026-09-04 13:08:44,250 | INFO | GitHub Actions detected — skipping Gmail API send (workflow handles email).
2026-09-04 13:08:44,250 | INFO | Run completed successfully.
2026-09-04 13:08:44,250 | INFO | Artifacts: /home/runner/work/nifty100-reporter/nifty100-reporter/reports/nifty100_daily_report_20260904.html | /home/runner/work/nifty100-reporter/nifty100-reporter/reports/nifty100_daily_report_20260904.xlsx | log: /home/runner/work/nifty100-reporter/nifty100-reporter/logs/run_20260904_181605.log
