2026-05-24 12:45:40,818 | INFO | Nifty 100 Daily EMA Cross Reporter | Version 3.3.8 | Released 2026-04-17
2026-05-24 12:45:40,818 | INFO | Base directory: /home/runner/work/nifty100-reporter/nifty100-reporter
2026-05-24 12:45:40,818 | INFO | Loaded config. Email enabled: True | Recipients: 1
2026-05-24 12:45:40,966 | WARNING | NSE session bootstrap HTTP 403 (attempt 1/5) — refreshing NSE session cookie …
2026-05-24 12:45:51,182 | WARNING | NSE session bootstrap HTTP 403 (attempt 2/5) — refreshing NSE session cookie …
2026-05-24 12:46:01,416 | WARNING | NSE session bootstrap HTTP 403 (attempt 3/5) — refreshing NSE session cookie …
2026-05-24 12:46:11,707 | WARNING | NSE session bootstrap HTTP 403 (attempt 4/5) — refreshing NSE session cookie …
2026-05-24 12:46:21,847 | INFO | NSE session bootstrap status: 403
2026-05-24 12:46:21,848 | INFO | Downloading Nifty 100 universe from https://www.niftyindices.com/IndexConstituent/ind_nifty100list.csv
2026-05-24 12:46:22,249 | INFO | Universe download status: 200
2026-05-24 12:46:22,255 | INFO | Universe rows loaded: 104
2026-05-24 12:46:22,364 | INFO | Loaded history rows: 127864
2026-05-24 12:46:22,372 | INFO | yfinance history update: 104 symbols | 2026-05-21 → 2026-05-25
2026-05-24 12:46:22,373 | INFO | yfinance batch download: 104 symbols | 2026-05-21 → 2026-05-25
2026-05-24 12:46:22,374 | INFO | Failed to create TzCache, reason: Error creating TzCache folder: '/home/runner/.cache/py-yfinance' reason: [Errno 17] File exists: '/home/runner/.cache/py-yfinance'. TzCache will not be used. Tip: You can direct cache to use a different location with 'set_tz_cache_location(mylocation)'
2026-05-24 12:46:23,337 | ERROR | HTTP Error 404: {"quoteSummary":{"result":null,"error":{"code":"Not Found","description":"Quote not found for symbol: DUMMYVEDL1.NS"}}}
2026-05-24 12:46:23,426 | ERROR | $DUMMYVEDL1.NS: possibly delisted; no timezone found
2026-05-24 12:46:25,544 | ERROR | HTTP Error 404: {"quoteSummary":{"result":null,"error":{"code":"Not Found","description":"Quote not found for symbol: DUMMYVEDL2.NS"}}}
2026-05-24 12:46:25,640 | ERROR | $DUMMYVEDL2.NS: possibly delisted; no timezone found
2026-05-24 12:46:26,146 | ERROR | $DUMMYVEDL4.NS: possibly delisted; no timezone found
2026-05-24 12:46:26,174 | ERROR | $DUMMYVEDL3.NS: possibly delisted; no timezone found
2026-05-24 12:46:26,730 | ERROR | 
4 Failed downloads:
2026-05-24 12:46:26,730 | ERROR | ['DUMMYVEDL1.NS', 'DUMMYVEDL2.NS', 'DUMMYVEDL4.NS', 'DUMMYVEDL3.NS']: possibly delisted; no timezone found
2026-05-24 12:46:26,747 | INFO | yfinance raw shape: (2, 524)
2026-05-24 12:46:26,749 | ERROR | Run failed: 'Date'
Traceback (most recent call last):
  File "/opt/hostedtoolcache/Python/3.11.15/x64/lib/python3.11/site-packages/pandas/core/indexes/base.py", line 3641, in get_loc
    return self._engine.get_loc(casted_key)
           ^^^^^^^^^^^^^^^^^^^^^^^^^^^^^^^^
  File "pandas/_libs/index.pyx", line 168, in pandas._libs.index.IndexEngine.get_loc
  File "pandas/_libs/index.pyx", line 197, in pandas._libs.index.IndexEngine.get_loc
  File "pandas/_libs/hashtable_class_helper.pxi", line 7668, in pandas._libs.hashtable.PyObjectHashTable.get_item
  File "pandas/_libs/hashtable_class_helper.pxi", line 7676, in pandas._libs.hashtable.PyObjectHashTable.get_item
KeyError: 'Date'

The above exception was the direct cause of the following exception:

Traceback (most recent call last):
  File "/home/runner/work/nifty100-reporter/nifty100-reporter/nifty100_Report_Final_19042026.py", line 6707, in <module>
    main()
  File "/home/runner/work/nifty100-reporter/nifty100-reporter/nifty100_Report_Final_19042026.py", line 6631, in main
    history = update_history(s, universe, cfg)
              ^^^^^^^^^^^^^^^^^^^^^^^^^^^^^^^^
  File "/home/runner/work/nifty100-reporter/nifty100-reporter/nifty100_Report_Final_19042026.py", line 2210, in update_history
    new_data = download_yfinance_batch(
               ^^^^^^^^^^^^^^^^^^^^^^^^
  File "/home/runner/work/nifty100-reporter/nifty100-reporter/nifty100_Report_Final_19042026.py", line 753, in download_yfinance_batch
    subset["Date"] = pd.to_datetime(subset["Date"]).dt.tz_localize(None).dt.normalize()
                                    ~~~~~~^^^^^^^^
  File "/opt/hostedtoolcache/Python/3.11.15/x64/lib/python3.11/site-packages/pandas/core/frame.py", line 4378, in __getitem__
    indexer = self.columns.get_loc(key)
              ^^^^^^^^^^^^^^^^^^^^^^^^^
  File "/opt/hostedtoolcache/Python/3.11.15/x64/lib/python3.11/site-packages/pandas/core/indexes/base.py", line 3648, in get_loc
    raise KeyError(key) from err
KeyError: 'Date'
