2026-07-12 12:46:04,979 | INFO | Nifty 100 Daily EMA Cross Reporter | Version 3.3.8 | Released 2026-04-17
2026-07-12 12:46:04,979 | INFO | Base directory: /home/runner/work/nifty100-reporter/nifty100-reporter
2026-07-12 12:46:04,979 | INFO | Loaded config. Email enabled: True | Recipients: 1
2026-07-12 12:46:05,111 | WARNING | NSE session bootstrap HTTP 403 (attempt 1/5) — refreshing NSE session cookie …
2026-07-12 12:46:15,584 | INFO | NSE session bootstrap status: 200
2026-07-12 12:46:15,584 | INFO | Downloading Nifty 100 universe from https://www.niftyindices.com/IndexConstituent/ind_nifty100list.csv
2026-07-12 12:46:16,104 | INFO | Universe download status: 200
2026-07-12 12:46:16,109 | INFO | Universe rows loaded: 100
2026-07-12 12:46:16,217 | INFO | Loaded history rows: 131254
2026-07-12 12:46:16,225 | INFO | yfinance history update: 100 symbols | 2026-07-09 → 2026-07-13
2026-07-12 12:46:16,225 | INFO | yfinance batch download: 100 symbols | 2026-07-09 → 2026-07-13
2026-07-12 12:46:25,035 | INFO | yfinance raw shape: (2, 500)
2026-07-12 12:46:25,355 | INFO | yfinance parsed rows after date-filter: 200
2026-07-12 12:46:25,356 | INFO | New rows from yfinance: 200
2026-07-12 12:46:26,112 | INFO | Saved history rows: 131254 | file: /home/runner/work/nifty100-reporter/nifty100-reporter/data/nifty100_ohlcv_history.csv
2026-07-12 12:46:26,224 | INFO | Loaded history rows: 131254
2026-07-12 12:46:26,225 | INFO | Latest OHLCV data is from 2026-07-10
2026-07-12 12:46:26,249 | INFO | Latest Delivery data is from 2026-07-10
2026-07-12 12:46:26,291 | INFO | Delivery cache has 30 dates — skipping backfill.
2026-07-12 12:46:26,291 | INFO | Delivery fetch attempt [2/7] — URL: https://archives.nseindia.com/products/content/sec_bhavdata_full_10072026.csv
2026-07-12 12:46:27,777 | INFO | Delivery fetch SUCCESS — date: 2026-07-10 | size: 369269 bytes | URL: https://archives.nseindia.com/products/content/sec_bhavdata_full_10072026.csv
2026-07-12 12:46:28,120 | INFO | Delivery cache updated: 2370 symbols for 2026-07-10 (rows in cache: 72574)
2026-07-12 12:46:28,121 | INFO | Delivery data: 2370 symbols | fallback=False
2026-07-12 12:46:28,483 | INFO | Corporate actions bulk OK: 148 raw rows | 14 Nifty100 symbols with events
2026-07-12 12:46:56,192 | INFO | Corporate actions: 14/100 symbols have events (window 12-07-2026 to 11-08-2026) | Symbols: BOSCHLTD, BRITANNIA, CHOLAFIN, CUMMINSIND, DIVISLAB, KOTAKBANK, MARUTI, MOTHERSON, PFC, PIDILITIND, SHREECEM, SOLARINDS, TCS, ZYDUSLIFE
2026-07-12 12:46:56,192 | INFO | Index membership from cache: NIFTY 50 (50 symbols)
2026-07-12 12:46:56,192 | INFO | Index membership from cache: Nifty Next 50 (50 symbols)
2026-07-12 12:46:56,192 | INFO | Index membership ready: 100 symbols mapped
2026-07-12 12:46:57,144 | INFO | News RSS query for ADANIENSOL: https://news.google.com/rss/search?q=%22Adani+Energy+Solutions+Ltd.%22+NSE+when:10d&hl=en-IN&gl=IN&ceid=IN:en
2026-07-12 12:46:57,460 | INFO | News RSS status for ADANIENSOL: 200
2026-07-12 12:46:58,106 | INFO | News RSS query for ADANIENT: https://news.google.com/rss/search?q=%22Adani+Enterprises+Ltd.%22+NSE+when:10d&hl=en-IN&gl=IN&ceid=IN:en
2026-07-12 12:46:58,350 | INFO | News RSS status for ADANIENT: 200
2026-07-12 12:46:58,979 | INFO | News RSS query for ADANIGREEN: https://news.google.com/rss/search?q=%22Adani+Green+Energy+Ltd.%22+NSE+when:10d&hl=en-IN&gl=IN&ceid=IN:en
2026-07-12 12:46:59,225 | INFO | News RSS status for ADANIGREEN: 200
2026-07-12 12:46:59,287 | INFO | News RSS query for ADANIGREEN: https://news.google.com/rss/search?q=%22Adani+Green+Energy+Ltd.%22+NSE+when:10d&hl=en-IN&gl=IN&ceid=IN:en
2026-07-12 12:46:59,301 | INFO | News RSS status for ADANIGREEN: 200
2026-07-12 12:46:59,925 | INFO | News RSS query for ADANIPORTS: https://news.google.com/rss/search?q=%22Adani+Ports+and+Special+Economic+Zone+Ltd.%22+NSE+when:10d&hl=en-IN&gl=IN&ceid=IN:en
2026-07-12 12:47:00,180 | INFO | News RSS status for ADANIPORTS: 200
2026-07-12 12:47:01,972 | INFO | News RSS query for APOLLOHOSP: https://news.google.com/rss/search?q=%22Apollo+Hospitals+Enterprise+Ltd.%22+NSE+when:10d&hl=en-IN&gl=IN&ceid=IN:en
2026-07-12 12:47:02,190 | INFO | News RSS status for APOLLOHOSP: 200
2026-07-12 12:47:02,191 | INFO | News RSS query for APOLLOHOSP: https://news.google.com/rss/search?q=%22Apollo+Hospitals+Enterprise+Ltd.%22+stock+when:10d&hl=en-IN&gl=IN&ceid=IN:en
2026-07-12 12:47:02,397 | INFO | News RSS status for APOLLOHOSP: 200
2026-07-12 12:47:03,036 | INFO | News RSS query for ASIANPAINT: https://news.google.com/rss/search?q=%22Asian+Paints+Ltd.%22+NSE+when:10d&hl=en-IN&gl=IN&ceid=IN:en
2026-07-12 12:47:03,278 | INFO | News RSS status for ASIANPAINT: 200
2026-07-12 12:47:03,280 | INFO | News RSS query for ASIANPAINT: https://news.google.com/rss/search?q=%22Asian+Paints+Ltd.%22+stock+when:10d&hl=en-IN&gl=IN&ceid=IN:en
2026-07-12 12:47:03,521 | INFO | News RSS status for ASIANPAINT: 200
2026-07-12 12:47:03,583 | INFO | News RSS query for ASIANPAINT: https://news.google.com/rss/search?q=%22Asian+Paints+Ltd.%22+NSE+when:10d&hl=en-IN&gl=IN&ceid=IN:en
2026-07-12 12:47:03,597 | INFO | News RSS status for ASIANPAINT: 200
2026-07-12 12:47:03,599 | INFO | News RSS query for ASIANPAINT: https://news.google.com/rss/search?q=%22Asian+Paints+Ltd.%22+stock+when:10d&hl=en-IN&gl=IN&ceid=IN:en
2026-07-12 12:47:03,613 | INFO | News RSS status for ASIANPAINT: 200
2026-07-12 12:47:04,835 | INFO | News RSS query for BAJAJ-AUTO: https://news.google.com/rss/search?q=%22Bajaj+Auto+Ltd.%22+NSE+when:10d&hl=en-IN&gl=IN&ceid=IN:en
2026-07-12 12:47:05,107 | INFO | News RSS status for BAJAJ-AUTO: 200
2026-07-12 12:47:05,110 | INFO | News RSS query for BAJAJ-AUTO: https://news.google.com/rss/search?q=%22Bajaj+Auto+Ltd.%22+stock+when:10d&hl=en-IN&gl=IN&ceid=IN:en
2026-07-12 12:47:05,321 | INFO | News RSS status for BAJAJ-AUTO: 200
2026-07-12 12:47:05,379 | INFO | News RSS query for BAJAJ-AUTO: https://news.google.com/rss/search?q=%22Bajaj+Auto+Ltd.%22+NSE+when:10d&hl=en-IN&gl=IN&ceid=IN:en
2026-07-12 12:47:05,393 | INFO | News RSS status for BAJAJ-AUTO: 200
2026-07-12 12:47:05,396 | INFO | News RSS query for BAJAJ-AUTO: https://news.google.com/rss/search?q=%22Bajaj+Auto+Ltd.%22+stock+when:10d&hl=en-IN&gl=IN&ceid=IN:en
2026-07-12 12:47:05,410 | INFO | News RSS status for BAJAJ-AUTO: 200
2026-07-12 12:47:05,467 | INFO | News RSS query for BAJAJ-AUTO: https://news.google.com/rss/search?q=%22Bajaj+Auto+Ltd.%22+NSE+when:10d&hl=en-IN&gl=IN&ceid=IN:en
2026-07-12 12:47:05,480 | INFO | News RSS status for BAJAJ-AUTO: 200
2026-07-12 12:47:05,483 | INFO | News RSS query for BAJAJ-AUTO: https://news.google.com/rss/search?q=%22Bajaj+Auto+Ltd.%22+stock+when:10d&hl=en-IN&gl=IN&ceid=IN:en
2026-07-12 12:47:05,497 | INFO | News RSS status for BAJAJ-AUTO: 200
2026-07-12 12:47:05,554 | INFO | News RSS query for BAJAJ-AUTO: https://news.google.com/rss/search?q=%22Bajaj+Auto+Ltd.%22+NSE+when:10d&hl=en-IN&gl=IN&ceid=IN:en
2026-07-12 12:47:05,567 | INFO | News RSS status for BAJAJ-AUTO: 200
2026-07-12 12:47:05,570 | INFO | News RSS query for BAJAJ-AUTO: https://news.google.com/rss/search?q=%22Bajaj+Auto+Ltd.%22+stock+when:10d&hl=en-IN&gl=IN&ceid=IN:en
2026-07-12 12:47:05,583 | INFO | News RSS status for BAJAJ-AUTO: 200
2026-07-12 12:47:07,385 | INFO | News RSS query for BAJFINANCE: https://news.google.com/rss/search?q=%22Bajaj+Finance+Ltd.%22+NSE+when:10d&hl=en-IN&gl=IN&ceid=IN:en
2026-07-12 12:47:07,615 | INFO | News RSS status for BAJFINANCE: 200
2026-07-12 12:47:09,998 | INFO | News RSS query for BOSCHLTD: https://news.google.com/rss/search?q=%22Bosch+Ltd.%22+NSE+when:10d&hl=en-IN&gl=IN&ceid=IN:en
2026-07-12 12:47:10,249 | INFO | News RSS status for BOSCHLTD: 200
2026-07-12 12:47:13,249 | INFO | News RSS query for CHOLAFIN: https://news.google.com/rss/search?q=%22Cholamandalam+Investment+and+Finance+Company+Ltd.%22+NSE+when:10d&hl=en-IN&gl=IN&ceid=IN:en
2026-07-12 12:47:13,442 | INFO | News RSS status for CHOLAFIN: 200
2026-07-12 12:47:15,291 | INFO | News RSS query for CUMMINSIND: https://news.google.com/rss/search?q=%22Cummins+India+Ltd.%22+NSE+when:10d&hl=en-IN&gl=IN&ceid=IN:en
2026-07-12 12:47:15,493 | INFO | News RSS status for CUMMINSIND: 200
2026-07-12 12:47:16,133 | INFO | News RSS query for DIVISLAB: https://news.google.com/rss/search?q=%22Divi%27s+Laboratories+Ltd.%22+NSE+when:10d&hl=en-IN&gl=IN&ceid=IN:en
2026-07-12 12:47:16,334 | INFO | News RSS status for DIVISLAB: 200
2026-07-12 12:47:16,334 | INFO | News RSS query for DIVISLAB: https://news.google.com/rss/search?q=%22Divi%27s+Laboratories+Ltd.%22+stock+when:10d&hl=en-IN&gl=IN&ceid=IN:en
2026-07-12 12:47:16,536 | INFO | News RSS status for DIVISLAB: 200
2026-07-12 12:47:18,953 | INFO | News RSS query for EICHERMOT: https://news.google.com/rss/search?q=%22Eicher+Motors+Ltd.%22+NSE+when:10d&hl=en-IN&gl=IN&ceid=IN:en
2026-07-12 12:47:19,195 | INFO | News RSS status for EICHERMOT: 200
2026-07-12 12:47:20,463 | INFO | News RSS query for GAIL: https://news.google.com/rss/search?q=%22GAIL+%28India%29+Ltd.%22+NSE+when:10d&hl=en-IN&gl=IN&ceid=IN:en
2026-07-12 12:47:20,670 | INFO | News RSS status for GAIL: 200
2026-07-12 12:47:21,909 | INFO | News RSS query for GRASIM: https://news.google.com/rss/search?q=%22Grasim+Industries+Ltd.%22+NSE+when:10d&hl=en-IN&gl=IN&ceid=IN:en
2026-07-12 12:47:22,144 | INFO | News RSS status for GRASIM: 200
2026-07-12 12:47:22,207 | INFO | News RSS query for GRASIM: https://news.google.com/rss/search?q=%22Grasim+Industries+Ltd.%22+NSE+when:10d&hl=en-IN&gl=IN&ceid=IN:en
2026-07-12 12:47:22,221 | INFO | News RSS status for GRASIM: 200
2026-07-12 12:47:22,853 | INFO | News RSS query for HAL: https://news.google.com/rss/search?q=%22Hindustan+Aeronautics+Ltd.%22+NSE+when:10d&hl=en-IN&gl=IN&ceid=IN:en
2026-07-12 12:47:23,073 | INFO | News RSS status for HAL: 200
2026-07-12 12:47:23,134 | INFO | News RSS query for HAL: https://news.google.com/rss/search?q=%22Hindustan+Aeronautics+Ltd.%22+NSE+when:10d&hl=en-IN&gl=IN&ceid=IN:en
2026-07-12 12:47:23,149 | INFO | News RSS status for HAL: 200
2026-07-12 12:47:23,793 | INFO | News RSS query for HCLTECH: https://news.google.com/rss/search?q=%22HCL+Technologies+Ltd.%22+NSE+when:10d&hl=en-IN&gl=IN&ceid=IN:en
2026-07-12 12:47:24,031 | INFO | News RSS status for HCLTECH: 200
2026-07-12 12:47:24,677 | INFO | News RSS query for HDFCAMC: https://news.google.com/rss/search?q=%22HDFC+Asset+Management+Company+Ltd.%22+NSE+when:10d&hl=en-IN&gl=IN&ceid=IN:en
2026-07-12 12:47:24,923 | INFO | News RSS status for HDFCAMC: 200
2026-07-12 12:47:29,281 | INFO | News RSS query for INDHOTEL: https://news.google.com/rss/search?q=%22Indian+Hotels+Co.+Ltd.%22+NSE+when:10d&hl=en-IN&gl=IN&ceid=IN:en
2026-07-12 12:47:29,504 | INFO | News RSS status for INDHOTEL: 200
2026-07-12 12:47:29,506 | INFO | News RSS query for INDHOTEL: https://news.google.com/rss/search?q=%22Indian+Hotels+Co.+Ltd.%22+stock+when:10d&hl=en-IN&gl=IN&ceid=IN:en
2026-07-12 12:47:29,736 | INFO | News RSS status for INDHOTEL: 200
2026-07-12 12:47:29,794 | INFO | News RSS query for INDHOTEL: https://news.google.com/rss/search?q=%22Indian+Hotels+Co.+Ltd.%22+NSE+when:10d&hl=en-IN&gl=IN&ceid=IN:en
2026-07-12 12:47:29,808 | INFO | News RSS status for INDHOTEL: 200
2026-07-12 12:47:29,810 | INFO | News RSS query for INDHOTEL: https://news.google.com/rss/search?q=%22Indian+Hotels+Co.+Ltd.%22+stock+when:10d&hl=en-IN&gl=IN&ceid=IN:en
2026-07-12 12:47:29,824 | INFO | News RSS status for INDHOTEL: 200
2026-07-12 12:47:35,860 | WARNING | Skipping LTM — only 96 bars available (need 220). Extend history_backfill_days in config.json to include this symbol.
2026-07-12 12:47:37,670 | INFO | News RSS query for MAXHEALTH: https://news.google.com/rss/search?q=%22Max+Healthcare+Institute+Ltd.%22+NSE+when:10d&hl=en-IN&gl=IN&ceid=IN:en
2026-07-12 12:47:37,867 | INFO | News RSS status for MAXHEALTH: 200
2026-07-12 12:47:37,928 | INFO | News RSS query for MAXHEALTH: https://news.google.com/rss/search?q=%22Max+Healthcare+Institute+Ltd.%22+NSE+when:10d&hl=en-IN&gl=IN&ceid=IN:en
2026-07-12 12:47:37,942 | INFO | News RSS status for MAXHEALTH: 200
2026-07-12 12:47:39,146 | INFO | News RSS query for MOTHERSON: https://news.google.com/rss/search?q=%22Samvardhana+Motherson+International+Ltd.%22+NSE+when:10d&hl=en-IN&gl=IN&ceid=IN:en
2026-07-12 12:47:39,382 | INFO | News RSS status for MOTHERSON: 200
2026-07-12 12:47:39,445 | INFO | News RSS query for MOTHERSON: https://news.google.com/rss/search?q=%22Samvardhana+Motherson+International+Ltd.%22+NSE+when:10d&hl=en-IN&gl=IN&ceid=IN:en
2026-07-12 12:47:39,458 | INFO | News RSS status for MOTHERSON: 200
2026-07-12 12:47:40,686 | INFO | News RSS query for NESTLEIND: https://news.google.com/rss/search?q=%22Nestle+India+Ltd.%22+NSE+when:10d&hl=en-IN&gl=IN&ceid=IN:en
2026-07-12 12:47:40,947 | INFO | News RSS status for NESTLEIND: 200
2026-07-12 12:47:43,339 | INFO | News RSS query for PIDILITIND: https://news.google.com/rss/search?q=%22Pidilite+Industries+Ltd.%22+NSE+when:10d&hl=en-IN&gl=IN&ceid=IN:en
2026-07-12 12:47:43,528 | INFO | News RSS status for PIDILITIND: 200
2026-07-12 12:47:43,529 | INFO | News RSS query for PIDILITIND: https://news.google.com/rss/search?q=%22Pidilite+Industries+Ltd.%22+stock+when:10d&hl=en-IN&gl=IN&ceid=IN:en
2026-07-12 12:47:43,724 | INFO | News RSS status for PIDILITIND: 200
2026-07-12 12:47:43,783 | INFO | News RSS query for PIDILITIND: https://news.google.com/rss/search?q=%22Pidilite+Industries+Ltd.%22+NSE+when:10d&hl=en-IN&gl=IN&ceid=IN:en
2026-07-12 12:47:43,797 | INFO | News RSS status for PIDILITIND: 200
2026-07-12 12:47:43,798 | INFO | News RSS query for PIDILITIND: https://news.google.com/rss/search?q=%22Pidilite+Industries+Ltd.%22+stock+when:10d&hl=en-IN&gl=IN&ceid=IN:en
2026-07-12 12:47:43,813 | INFO | News RSS status for PIDILITIND: 200
2026-07-12 12:47:47,349 | INFO | News RSS query for SBIN: https://news.google.com/rss/search?q=%22State+Bank+of+India%22+NSE+when:10d&hl=en-IN&gl=IN&ceid=IN:en
2026-07-12 12:47:47,676 | INFO | News RSS status for SBIN: 200
2026-07-12 12:47:48,885 | INFO | News RSS query for SHRIRAMFIN: https://news.google.com/rss/search?q=%22Shriram+Finance+Ltd.%22+NSE+when:10d&hl=en-IN&gl=IN&ceid=IN:en
2026-07-12 12:47:49,144 | INFO | News RSS status for SHRIRAMFIN: 200
2026-07-12 12:47:50,392 | INFO | News RSS query for SOLARINDS: https://news.google.com/rss/search?q=%22Solar+Industries+India+Ltd.%22+NSE+when:10d&hl=en-IN&gl=IN&ceid=IN:en
2026-07-12 12:47:50,617 | INFO | News RSS status for SOLARINDS: 200
2026-07-12 12:47:51,244 | INFO | News RSS query for SUNPHARMA: https://news.google.com/rss/search?q=%22Sun+Pharmaceutical+Industries+Ltd.%22+NSE+when:10d&hl=en-IN&gl=IN&ceid=IN:en
2026-07-12 12:47:51,468 | INFO | News RSS status for SUNPHARMA: 200
2026-07-12 12:47:51,473 | WARNING | Skipping TATACAP — only 184 bars available (need 220). Extend history_backfill_days in config.json to include this symbol.
2026-07-12 12:47:54,964 | INFO | News RSS query for TITAN: https://news.google.com/rss/search?q=%22Titan+Company+Ltd.%22+NSE+when:10d&hl=en-IN&gl=IN&ceid=IN:en
2026-07-12 12:47:55,209 | INFO | News RSS status for TITAN: 200
2026-07-12 12:47:55,215 | WARNING | Skipping TMCV — only 164 bars available (need 220). Extend history_backfill_days in config.json to include this symbol.
2026-07-12 12:47:55,215 | WARNING | Skipping TMPV — only 181 bars available (need 220). Extend history_backfill_days in config.json to include this symbol.
2026-07-12 12:47:55,851 | INFO | News RSS query for TORNTPHARM: https://news.google.com/rss/search?q=%22Torrent+Pharmaceuticals+Ltd.%22+NSE+when:10d&hl=en-IN&gl=IN&ceid=IN:en
2026-07-12 12:47:56,075 | INFO | News RSS status for TORNTPHARM: 200
2026-07-12 12:47:57,279 | INFO | News RSS query for TVSMOTOR: https://news.google.com/rss/search?q=%22TVS+Motor+Company+Ltd.%22+NSE+when:10d&hl=en-IN&gl=IN&ceid=IN:en
2026-07-12 12:47:57,522 | INFO | News RSS status for TVSMOTOR: 200
2026-07-12 12:47:58,877 | WARNING | Skipping VAML — only 6 bars available (need 220). Extend history_backfill_days in config.json to include this symbol.
2026-07-12 12:48:00,023 | WARNING | Skipping VEDPOWER — only 4 bars available (need 220). Extend history_backfill_days in config.json to include this symbol.
2026-07-12 12:48:00,024 | WARNING | Skipping VISL — only 4 bars available (need 220). Extend history_backfill_days in config.json to include this symbol.
2026-07-12 12:48:00,024 | WARNING | Skipping VOGL — only 7 bars available (need 220). Extend history_backfill_days in config.json to include this symbol.
2026-07-12 12:48:01,232 | INFO | News RSS query for ZYDUSLIFE: https://news.google.com/rss/search?q=%22Zydus+Lifesciences+Ltd.%22+NSE+when:10d&hl=en-IN&gl=IN&ceid=IN:en
2026-07-12 12:48:01,460 | INFO | News RSS status for ZYDUSLIFE: 200
2026-07-12 12:48:01,462 | INFO | News RSS query for ZYDUSLIFE: https://news.google.com/rss/search?q=%22Zydus+Lifesciences+Ltd.%22+stock+when:10d&hl=en-IN&gl=IN&ceid=IN:en
2026-07-12 12:48:01,699 | INFO | News RSS status for ZYDUSLIFE: 200
2026-07-12 12:48:01,711 | INFO | Index membership from cache: NIFTY 50 (50 symbols)
2026-07-12 12:48:01,711 | INFO | Index membership from cache: Nifty Next 50 (50 symbols)
2026-07-12 12:48:01,712 | INFO | Index membership ready: 100 symbols mapped
2026-07-12 12:48:01,712 | INFO | Market Health: fetching index OHLCV...
2026-07-12 12:48:01,714 | INFO | Index OHLCV cache fresh for NIFTY 50 (1419 rows)
2026-07-12 12:48:01,717 | INFO | Index OHLCV cache fresh for NIFTY NEXT 50 (1419 rows)
2026-07-12 12:48:01,717 | INFO | Market Health: fetching VIX...
2026-07-12 12:48:01,719 | INFO | VIX cache fresh (117 rows)
2026-07-12 12:48:01,719 | INFO | Market Health: updating breadth EMA cache...
2026-07-12 12:48:02,861 | INFO | Market Health [NIFTY 50]: Score=26.0 | Weak Bull &#x1F7E1;
2026-07-12 12:48:02,878 | INFO | Market Health [Nifty Next 50]: Score=-22.0 | Weak Bear &#x1F534;
2026-07-12 12:48:02,943 | INFO | Signal log: skipping new signal insertion — 2026-07-12 is a weekend.
2026-07-12 12:48:03,924 | INFO | Signal tracker: updated 157 Active signal rows.
2026-07-12 12:48:03,945 | INFO | HTML report written: /home/runner/work/nifty100-reporter/nifty100-reporter/reports/nifty100_daily_report_20260712.html
2026-07-12 12:48:03,954 | INFO | Market Health Excel sheet written.
2026-07-12 12:48:04,908 | INFO | Excel report written: /home/runner/work/nifty100-reporter/nifty100-reporter/reports/nifty100_daily_report_20260712.xlsx
2026-07-12 12:48:04,908 | INFO | GitHub Actions detected — skipping Gmail API send (workflow handles email).
2026-07-12 12:48:04,909 | INFO | Run completed successfully.
2026-07-12 12:48:04,909 | INFO | Artifacts: /home/runner/work/nifty100-reporter/nifty100-reporter/reports/nifty100_daily_report_20260712.html | /home/runner/work/nifty100-reporter/nifty100-reporter/reports/nifty100_daily_report_20260712.xlsx | log: /home/runner/work/nifty100-reporter/nifty100-reporter/logs/run_20260712_181604.log
