2026-08-11 12:45:49,488 | INFO | Nifty 100 Daily EMA Cross Reporter | Version 3.3.8 | Released 2026-04-17
2026-08-11 12:45:49,488 | INFO | Base directory: /home/runner/work/nifty100-reporter/nifty100-reporter
2026-08-11 12:45:49,489 | INFO | Loaded config. Email enabled: True | Recipients: 1
2026-08-11 12:45:49,624 | WARNING | NSE session bootstrap HTTP 403 (attempt 1/5) — refreshing NSE session cookie …
2026-08-11 12:46:00,382 | INFO | NSE session bootstrap status: 200
2026-08-11 12:46:00,383 | INFO | Downloading Nifty 100 universe from https://www.niftyindices.com/IndexConstituent/ind_nifty100list.csv
2026-08-11 12:46:00,820 | INFO | Universe download status: 200
2026-08-11 12:46:00,824 | INFO | Universe rows loaded: 100
2026-08-11 12:46:00,926 | INFO | Loaded history rows: 133354
2026-08-11 12:46:00,932 | INFO | yfinance history update: 100 symbols | 2026-08-09 → 2026-08-12
2026-08-11 12:46:00,932 | INFO | yfinance batch download: 100 symbols | 2026-08-09 → 2026-08-12
2026-08-11 12:46:00,934 | INFO | Failed to create TzCache, reason: Error creating TzCache folder: '/home/runner/.cache/py-yfinance' reason: [Errno 17] File exists: '/home/runner/.cache/py-yfinance'. TzCache will not be used. Tip: You can direct cache to use a different location with 'set_tz_cache_location(mylocation)'
2026-08-11 12:46:07,045 | INFO | yfinance raw shape: (2, 500)
2026-08-11 12:46:07,292 | INFO | yfinance parsed rows after date-filter: 200
2026-08-11 12:46:07,293 | INFO | New rows from yfinance: 200
2026-08-11 12:46:08,026 | INFO | Saved history rows: 133454 | file: /home/runner/work/nifty100-reporter/nifty100-reporter/data/nifty100_ohlcv_history.csv
2026-08-11 12:46:08,122 | INFO | Loaded history rows: 133454
2026-08-11 12:46:08,123 | INFO | Latest OHLCV data is from 2026-08-11
2026-08-11 12:46:08,145 | INFO | Latest Delivery data is from 2026-08-10
2026-08-11 12:46:08,185 | INFO | Delivery cache has 31 dates — skipping backfill.
2026-08-11 12:46:08,185 | INFO | Delivery fetch attempt [0/7] — URL: https://archives.nseindia.com/products/content/sec_bhavdata_full_11082026.csv
2026-08-11 12:46:08,945 | INFO | Delivery fetch SUCCESS — date: 2026-08-11 | size: 376172 bytes | URL: https://archives.nseindia.com/products/content/sec_bhavdata_full_11082026.csv
2026-08-11 12:46:09,248 | INFO | Delivery cache updated: 2460 symbols for 2026-08-11 (rows in cache: 74326)
2026-08-11 12:46:09,249 | INFO | Delivery data: 2460 symbols | fallback=False
2026-08-11 12:46:09,749 | INFO | Corporate actions bulk OK: 67 raw rows | 4 Nifty100 symbols with events
2026-08-11 12:46:48,146 | INFO | Corporate actions: 4/100 symbols have events (window 11-08-2026 to 10-09-2026) | Symbols: BEL, GODREJCP, HAL, POWERGRID
2026-08-11 12:46:48,146 | INFO | Index membership from cache: NIFTY 50 (50 symbols)
2026-08-11 12:46:48,146 | INFO | Index membership from cache: Nifty Next 50 (50 symbols)
2026-08-11 12:46:48,146 | INFO | Index membership ready: 100 symbols mapped
2026-08-11 12:46:48,610 | INFO | News RSS query for ABB: https://news.google.com/rss/search?q=%22ABB+India+Ltd.%22+NSE+when:10d&hl=en-IN&gl=IN&ceid=IN:en
2026-08-11 12:46:49,052 | INFO | News RSS status for ABB: 200
2026-08-11 12:46:51,633 | INFO | News RSS query for APOLLOHOSP: https://news.google.com/rss/search?q=%22Apollo+Hospitals+Enterprise+Ltd.%22+NSE+when:10d&hl=en-IN&gl=IN&ceid=IN:en
2026-08-11 12:46:51,844 | INFO | News RSS status for APOLLOHOSP: 200
2026-08-11 12:46:52,273 | INFO | News RSS query for ASIANPAINT: https://news.google.com/rss/search?q=%22Asian+Paints+Ltd.%22+NSE+when:10d&hl=en-IN&gl=IN&ceid=IN:en
2026-08-11 12:46:52,453 | INFO | News RSS status for ASIANPAINT: 200
2026-08-11 12:46:52,455 | INFO | News RSS query for ASIANPAINT: https://news.google.com/rss/search?q=%22Asian+Paints+Ltd.%22+stock+when:10d&hl=en-IN&gl=IN&ceid=IN:en
2026-08-11 12:46:52,786 | INFO | News RSS status for ASIANPAINT: 200
2026-08-11 12:46:53,616 | INFO | News RSS query for BAJAJ-AUTO: https://news.google.com/rss/search?q=%22Bajaj+Auto+Ltd.%22+NSE+when:10d&hl=en-IN&gl=IN&ceid=IN:en
2026-08-11 12:46:53,850 | INFO | News RSS status for BAJAJ-AUTO: 200
2026-08-11 12:46:54,278 | INFO | News RSS query for BAJAJFINSV: https://news.google.com/rss/search?q=%22Bajaj+Finserv+Ltd.%22+NSE+when:10d&hl=en-IN&gl=IN&ceid=IN:en
2026-08-11 12:46:54,495 | INFO | News RSS status for BAJAJFINSV: 200
2026-08-11 12:46:55,322 | INFO | News RSS query for BAJFINANCE: https://news.google.com/rss/search?q=%22Bajaj+Finance+Ltd.%22+NSE+when:10d&hl=en-IN&gl=IN&ceid=IN:en
2026-08-11 12:46:55,541 | INFO | News RSS status for BAJFINANCE: 200
2026-08-11 12:46:56,786 | INFO | News RSS query for BHARTIARTL: https://news.google.com/rss/search?q=%22Bharti+Airtel+Ltd.%22+NSE+when:10d&hl=en-IN&gl=IN&ceid=IN:en
2026-08-11 12:46:57,008 | INFO | News RSS status for BHARTIARTL: 200
2026-08-11 12:46:57,457 | INFO | News RSS query for BOSCHLTD: https://news.google.com/rss/search?q=%22Bosch+Ltd.%22+NSE+when:10d&hl=en-IN&gl=IN&ceid=IN:en
2026-08-11 12:46:57,638 | INFO | News RSS status for BOSCHLTD: 200
2026-08-11 12:46:59,631 | INFO | News RSS query for CHOLAFIN: https://news.google.com/rss/search?q=%22Cholamandalam+Investment+and+Finance+Company+Ltd.%22+NSE+when:10d&hl=en-IN&gl=IN&ceid=IN:en
2026-08-11 12:46:59,835 | INFO | News RSS status for CHOLAFIN: 200
2026-08-11 12:47:00,273 | INFO | News RSS query for CIPLA: https://news.google.com/rss/search?q=%22Cipla+Ltd.%22+NSE+when:10d&hl=en-IN&gl=IN&ceid=IN:en
2026-08-11 12:47:00,472 | INFO | News RSS status for CIPLA: 200
2026-08-11 12:47:00,528 | INFO | News RSS query for CIPLA: https://news.google.com/rss/search?q=%22Cipla+Ltd.%22+NSE+when:10d&hl=en-IN&gl=IN&ceid=IN:en
2026-08-11 12:47:00,539 | INFO | News RSS status for CIPLA: 200
2026-08-11 12:47:01,736 | INFO | News RSS query for DIVISLAB: https://news.google.com/rss/search?q=%22Divi%27s+Laboratories+Ltd.%22+NSE+when:10d&hl=en-IN&gl=IN&ceid=IN:en
2026-08-11 12:47:01,924 | INFO | News RSS status for DIVISLAB: 200
2026-08-11 12:47:03,523 | INFO | News RSS query for EICHERMOT: https://news.google.com/rss/search?q=%22Eicher+Motors+Ltd.%22+NSE+when:10d&hl=en-IN&gl=IN&ceid=IN:en
2026-08-11 12:47:03,728 | INFO | News RSS status for EICHERMOT: 200
2026-08-11 12:47:04,214 | INFO | News RSS query for ETERNAL: https://news.google.com/rss/search?q=%22Eternal+Ltd.%22+NSE+when:10d&hl=en-IN&gl=IN&ceid=IN:en
2026-08-11 12:47:04,401 | INFO | News RSS status for ETERNAL: 200
2026-08-11 12:47:04,844 | INFO | News RSS query for GAIL: https://news.google.com/rss/search?q=%22GAIL+%28India%29+Ltd.%22+NSE+when:10d&hl=en-IN&gl=IN&ceid=IN:en
2026-08-11 12:47:05,051 | INFO | News RSS status for GAIL: 200
2026-08-11 12:47:05,887 | INFO | News RSS query for GRASIM: https://news.google.com/rss/search?q=%22Grasim+Industries+Ltd.%22+NSE+when:10d&hl=en-IN&gl=IN&ceid=IN:en
2026-08-11 12:47:06,070 | INFO | News RSS status for GRASIM: 200
2026-08-11 12:47:06,502 | INFO | News RSS query for HAL: https://news.google.com/rss/search?q=%22Hindustan+Aeronautics+Ltd.%22+NSE+when:10d&hl=en-IN&gl=IN&ceid=IN:en
2026-08-11 12:47:06,706 | INFO | News RSS status for HAL: 200
2026-08-11 12:47:08,685 | INFO | News RSS query for HINDALCO: https://news.google.com/rss/search?q=%22Hindalco+Industries+Ltd.%22+NSE+when:10d&hl=en-IN&gl=IN&ceid=IN:en
2026-08-11 12:47:08,968 | INFO | News RSS status for HINDALCO: 200
2026-08-11 12:47:09,023 | INFO | News RSS query for HINDALCO: https://news.google.com/rss/search?q=%22Hindalco+Industries+Ltd.%22+NSE+when:10d&hl=en-IN&gl=IN&ceid=IN:en
2026-08-11 12:47:09,035 | INFO | News RSS status for HINDALCO: 200
2026-08-11 12:47:09,882 | INFO | News RSS query for HINDZINC: https://news.google.com/rss/search?q=%22Hindustan+Zinc+Ltd.%22+NSE+when:10d&hl=en-IN&gl=IN&ceid=IN:en
2026-08-11 12:47:10,068 | INFO | News RSS status for HINDZINC: 200
2026-08-11 12:47:10,124 | INFO | News RSS query for HINDZINC: https://news.google.com/rss/search?q=%22Hindustan+Zinc+Ltd.%22+NSE+when:10d&hl=en-IN&gl=IN&ceid=IN:en
2026-08-11 12:47:10,136 | INFO | News RSS status for HINDZINC: 200
2026-08-11 12:47:10,188 | INFO | News RSS query for HINDZINC: https://news.google.com/rss/search?q=%22Hindustan+Zinc+Ltd.%22+NSE+when:10d&hl=en-IN&gl=IN&ceid=IN:en
2026-08-11 12:47:10,199 | INFO | News RSS status for HINDZINC: 200
2026-08-11 12:47:10,764 | INFO | News RSS query for ICICIBANK: https://news.google.com/rss/search?q=%22ICICI+Bank+Ltd.%22+NSE+when:10d&hl=en-IN&gl=IN&ceid=IN:en
2026-08-11 12:47:10,967 | INFO | News RSS status for ICICIBANK: 200
2026-08-11 12:47:11,022 | INFO | News RSS query for ICICIBANK: https://news.google.com/rss/search?q=%22ICICI+Bank+Ltd.%22+NSE+when:10d&hl=en-IN&gl=IN&ceid=IN:en
2026-08-11 12:47:11,035 | INFO | News RSS status for ICICIBANK: 200
2026-08-11 12:47:11,496 | INFO | News RSS query for INDHOTEL: https://news.google.com/rss/search?q=%22Indian+Hotels+Co.+Ltd.%22+NSE+when:10d&hl=en-IN&gl=IN&ceid=IN:en
2026-08-11 12:47:11,719 | INFO | News RSS status for INDHOTEL: 200
2026-08-11 12:47:11,722 | INFO | News RSS query for INDHOTEL: https://news.google.com/rss/search?q=%22Indian+Hotels+Co.+Ltd.%22+stock+when:10d&hl=en-IN&gl=IN&ceid=IN:en
2026-08-11 12:47:11,935 | INFO | News RSS status for INDHOTEL: 200
2026-08-11 12:47:12,381 | INFO | News RSS query for INDIGO: https://news.google.com/rss/search?q=%22InterGlobe+Aviation+Ltd.%22+NSE+when:10d&hl=en-IN&gl=IN&ceid=IN:en
2026-08-11 12:47:12,562 | INFO | News RSS status for INDIGO: 200
2026-08-11 12:47:12,564 | INFO | News RSS query for INDIGO: https://news.google.com/rss/search?q=%22InterGlobe+Aviation+Ltd.%22+stock+when:10d&hl=en-IN&gl=IN&ceid=IN:en
2026-08-11 12:47:12,754 | INFO | News RSS status for INDIGO: 200
2026-08-11 12:47:15,316 | INFO | News RSS query for JSWSTEEL: https://news.google.com/rss/search?q=%22JSW+Steel+Ltd.%22+NSE+when:10d&hl=en-IN&gl=IN&ceid=IN:en
2026-08-11 12:47:15,521 | INFO | News RSS status for JSWSTEEL: 200
2026-08-11 12:47:15,523 | INFO | News RSS query for JSWSTEEL: https://news.google.com/rss/search?q=%22JSW+Steel+Ltd.%22+stock+when:10d&hl=en-IN&gl=IN&ceid=IN:en
2026-08-11 12:47:15,720 | INFO | News RSS status for JSWSTEEL: 200
2026-08-11 12:47:16,529 | INFO | News RSS query for LODHA: https://news.google.com/rss/search?q=%22Lodha+Developers+Ltd.%22+NSE+when:10d&hl=en-IN&gl=IN&ceid=IN:en
2026-08-11 12:47:16,721 | INFO | News RSS status for LODHA: 200
2026-08-11 12:47:17,171 | INFO | News RSS query for LT: https://news.google.com/rss/search?q=%22Larsen+%26+Toubro+Ltd.%22+NSE+when:10d&hl=en-IN&gl=IN&ceid=IN:en
2026-08-11 12:47:17,379 | INFO | News RSS status for LT: 200
2026-08-11 12:47:17,431 | INFO | News RSS query for LT: https://news.google.com/rss/search?q=%22Larsen+%26+Toubro+Ltd.%22+NSE+when:10d&hl=en-IN&gl=IN&ceid=IN:en
2026-08-11 12:47:17,442 | INFO | News RSS status for LT: 200
2026-08-11 12:47:17,446 | WARNING | Skipping LTM — only 118 bars available (need 220). Extend history_backfill_days in config.json to include this symbol.
2026-08-11 12:47:19,406 | INFO | News RSS query for MOTHERSON: https://news.google.com/rss/search?q=%22Samvardhana+Motherson+International+Ltd.%22+NSE+when:10d&hl=en-IN&gl=IN&ceid=IN:en
2026-08-11 12:47:19,643 | INFO | News RSS status for MOTHERSON: 200
2026-08-11 12:47:20,470 | INFO | News RSS query for NESTLEIND: https://news.google.com/rss/search?q=%22Nestle+India+Ltd.%22+NSE+when:10d&hl=en-IN&gl=IN&ceid=IN:en
2026-08-11 12:47:20,677 | INFO | News RSS status for NESTLEIND: 200
2026-08-11 12:47:22,274 | INFO | News RSS query for PIDILITIND: https://news.google.com/rss/search?q=%22Pidilite+Industries+Ltd.%22+NSE+when:10d&hl=en-IN&gl=IN&ceid=IN:en
2026-08-11 12:47:22,479 | INFO | News RSS status for PIDILITIND: 200
2026-08-11 12:47:24,881 | INFO | News RSS query for SBIN: https://news.google.com/rss/search?q=%22State+Bank+of+India%22+NSE+when:10d&hl=en-IN&gl=IN&ceid=IN:en
2026-08-11 12:47:25,194 | INFO | News RSS status for SBIN: 200
2026-08-11 12:47:25,996 | INFO | News RSS query for SHRIRAMFIN: https://news.google.com/rss/search?q=%22Shriram+Finance+Ltd.%22+NSE+when:10d&hl=en-IN&gl=IN&ceid=IN:en
2026-08-11 12:47:26,246 | INFO | News RSS status for SHRIRAMFIN: 200
2026-08-11 12:47:26,675 | INFO | News RSS query for SIEMENS: https://news.google.com/rss/search?q=%22Siemens+Ltd.%22+NSE+when:10d&hl=en-IN&gl=IN&ceid=IN:en
2026-08-11 12:47:26,915 | INFO | News RSS status for SIEMENS: 200
2026-08-11 12:47:26,917 | INFO | News RSS query for SIEMENS: https://news.google.com/rss/search?q=%22Siemens+Ltd.%22+stock+when:10d&hl=en-IN&gl=IN&ceid=IN:en
2026-08-11 12:47:27,101 | INFO | News RSS status for SIEMENS: 200
2026-08-11 12:47:27,539 | INFO | News RSS query for SOLARINDS: https://news.google.com/rss/search?q=%22Solar+Industries+India+Ltd.%22+NSE+when:10d&hl=en-IN&gl=IN&ceid=IN:en
2026-08-11 12:47:27,797 | INFO | News RSS status for SOLARINDS: 200
2026-08-11 12:47:27,852 | INFO | News RSS query for SOLARINDS: https://news.google.com/rss/search?q=%22Solar+Industries+India+Ltd.%22+NSE+when:10d&hl=en-IN&gl=IN&ceid=IN:en
2026-08-11 12:47:27,864 | INFO | News RSS status for SOLARINDS: 200
2026-08-11 12:47:27,916 | INFO | News RSS query for SOLARINDS: https://news.google.com/rss/search?q=%22Solar+Industries+India+Ltd.%22+NSE+when:10d&hl=en-IN&gl=IN&ceid=IN:en
2026-08-11 12:47:27,927 | INFO | News RSS status for SOLARINDS: 200
2026-08-11 12:47:28,375 | INFO | News RSS query for SUNPHARMA: https://news.google.com/rss/search?q=%22Sun+Pharmaceutical+Industries+Ltd.%22+NSE+when:10d&hl=en-IN&gl=IN&ceid=IN:en
2026-08-11 12:47:28,581 | INFO | News RSS status for SUNPHARMA: 200
2026-08-11 12:47:28,586 | WARNING | Skipping TATACAP — only 206 bars available (need 220). Extend history_backfill_days in config.json to include this symbol.
2026-08-11 12:47:30,589 | INFO | News RSS query for TECHM: https://news.google.com/rss/search?q=%22Tech+Mahindra+Ltd.%22+NSE+when:10d&hl=en-IN&gl=IN&ceid=IN:en
2026-08-11 12:47:30,789 | INFO | News RSS status for TECHM: 200
2026-08-11 12:47:31,244 | INFO | News RSS query for TITAN: https://news.google.com/rss/search?q=%22Titan+Company+Ltd.%22+NSE+when:10d&hl=en-IN&gl=IN&ceid=IN:en
2026-08-11 12:47:31,495 | INFO | News RSS status for TITAN: 200
2026-08-11 12:47:31,500 | WARNING | Skipping TMCV — only 186 bars available (need 220). Extend history_backfill_days in config.json to include this symbol.
2026-08-11 12:47:31,500 | WARNING | Skipping TMPV — only 203 bars available (need 220). Extend history_backfill_days in config.json to include this symbol.
2026-08-11 12:47:31,932 | INFO | News RSS query for TORNTPHARM: https://news.google.com/rss/search?q=%22Torrent+Pharmaceuticals+Ltd.%22+NSE+when:10d&hl=en-IN&gl=IN&ceid=IN:en
2026-08-11 12:47:32,130 | INFO | News RSS status for TORNTPHARM: 200
2026-08-11 12:47:32,132 | INFO | News RSS query for TORNTPHARM: https://news.google.com/rss/search?q=%22Torrent+Pharmaceuticals+Ltd.%22+stock+when:10d&hl=en-IN&gl=IN&ceid=IN:en
2026-08-11 12:47:32,339 | INFO | News RSS status for TORNTPHARM: 200
2026-08-11 12:47:33,159 | INFO | News RSS query for TVSMOTOR: https://news.google.com/rss/search?q=%22TVS+Motor+Company+Ltd.%22+NSE+when:10d&hl=en-IN&gl=IN&ceid=IN:en
2026-08-11 12:47:33,357 | INFO | News RSS status for TVSMOTOR: 200
2026-08-11 12:47:34,182 | INFO | News RSS query for UNIONBANK: https://news.google.com/rss/search?q=%22Union+Bank+of+India%22+NSE+when:10d&hl=en-IN&gl=IN&ceid=IN:en
2026-08-11 12:47:34,437 | INFO | News RSS status for UNIONBANK: 200
2026-08-11 12:47:34,643 | INFO | News RSS query for UNITDSPR: https://news.google.com/rss/search?q=%22United+Spirits+Ltd.%22+NSE+when:10d&hl=en-IN&gl=IN&ceid=IN:en
2026-08-11 12:47:34,826 | INFO | News RSS status for UNITDSPR: 200
2026-08-11 12:47:34,830 | WARNING | Skipping VAML — only 6 bars available (need 220). Extend history_backfill_days in config.json to include this symbol.
2026-08-11 12:47:35,626 | WARNING | Skipping VEDPOWER — only 4 bars available (need 220). Extend history_backfill_days in config.json to include this symbol.
2026-08-11 12:47:35,626 | WARNING | Skipping VISL — only 4 bars available (need 220). Extend history_backfill_days in config.json to include this symbol.
2026-08-11 12:47:35,627 | WARNING | Skipping VOGL — only 7 bars available (need 220). Extend history_backfill_days in config.json to include this symbol.
2026-08-11 12:47:36,479 | INFO | News RSS query for ZYDUSLIFE: https://news.google.com/rss/search?q=%22Zydus+Lifesciences+Ltd.%22+NSE+when:10d&hl=en-IN&gl=IN&ceid=IN:en
2026-08-11 12:47:36,678 | INFO | News RSS status for ZYDUSLIFE: 200
2026-08-11 12:47:36,736 | INFO | News RSS query for ZYDUSLIFE: https://news.google.com/rss/search?q=%22Zydus+Lifesciences+Ltd.%22+NSE+when:10d&hl=en-IN&gl=IN&ceid=IN:en
2026-08-11 12:47:36,748 | INFO | News RSS status for ZYDUSLIFE: 200
2026-08-11 12:47:36,808 | INFO | News RSS query for ZYDUSLIFE: https://news.google.com/rss/search?q=%22Zydus+Lifesciences+Ltd.%22+NSE+when:10d&hl=en-IN&gl=IN&ceid=IN:en
2026-08-11 12:47:36,819 | INFO | News RSS status for ZYDUSLIFE: 200
2026-08-11 12:47:36,831 | INFO | Index membership from cache: NIFTY 50 (50 symbols)
2026-08-11 12:47:36,831 | INFO | Index membership from cache: Nifty Next 50 (50 symbols)
2026-08-11 12:47:36,831 | INFO | Index membership ready: 100 symbols mapped
2026-08-11 12:47:36,831 | INFO | Market Health: fetching index OHLCV...
2026-08-11 12:47:38,415 | WARNING | niftyindices failed NIFTY 50 2026-08-08-2026-08-11: Expecting value: line 1 column 2 (char 1)
2026-08-11 12:47:39,212 | INFO | Index OHLCV via yfinance (^NSEI) for NIFTY 50: 1440 rows
2026-08-11 12:47:40,642 | WARNING | niftyindices failed NIFTY NEXT 50 2026-08-08-2026-08-11: Expecting value: line 1 column 2 (char 1)
2026-08-11 12:47:40,824 | INFO | Index OHLCV via yfinance (JUNIORBEES.NS) for NIFTY NEXT 50: 1440 rows
2026-08-11 12:47:40,825 | INFO | Market Health: fetching VIX...
2026-08-11 12:47:42,199 | WARNING | niftyindices VIX failed 2026-08-08-2026-08-11: Expecting value: line 1 column 2 (char 1)
2026-08-11 12:47:42,440 | INFO | VIX via yfinance (^INDIAVIX): 138 rows
2026-08-11 12:47:42,441 | INFO | Market Health: updating breadth EMA cache...
2026-08-11 12:47:44,116 | INFO | Breadth EMA cache: 133364 total rows (+100)
2026-08-11 12:47:44,136 | INFO | Market Health [NIFTY 50]: Score=54.5 | Weak Bull &#x1F7E1;
2026-08-11 12:47:44,152 | INFO | Market Health [Nifty Next 50]: Score=13.0 | Sideways &#x1F7E0;
2026-08-11 12:47:44,227 | INFO | Signal log: appended 10 new signals. Total rows: 626
2026-08-11 12:47:44,227 | INFO | Signal log written/updated: /home/runner/work/nifty100-reporter/nifty100-reporter/data/nifty100_signal_log.csv
2026-08-11 12:47:45,493 | INFO | Signal tracker: updated 200 Active signal rows.
2026-08-11 12:47:45,510 | INFO | HTML report written: /home/runner/work/nifty100-reporter/nifty100-reporter/reports/nifty100_daily_report_20260811.html
2026-08-11 12:47:45,516 | INFO | Market Health Excel sheet written.
2026-08-11 12:47:46,500 | INFO | Excel report written: /home/runner/work/nifty100-reporter/nifty100-reporter/reports/nifty100_daily_report_20260811.xlsx
2026-08-11 12:47:46,500 | INFO | GitHub Actions detected — skipping Gmail API send (workflow handles email).
2026-08-11 12:47:46,500 | INFO | Run completed successfully.
2026-08-11 12:47:46,500 | INFO | Artifacts: /home/runner/work/nifty100-reporter/nifty100-reporter/reports/nifty100_daily_report_20260811.html | /home/runner/work/nifty100-reporter/nifty100-reporter/reports/nifty100_daily_report_20260811.xlsx | log: /home/runner/work/nifty100-reporter/nifty100-reporter/logs/run_20260811_181549.log
