2026-06-16 12:46:11,881 | INFO | Nifty 100 Daily EMA Cross Reporter | Version 3.3.8 | Released 2026-04-17
2026-06-16 12:46:11,881 | INFO | Base directory: /home/runner/work/nifty100-reporter/nifty100-reporter
2026-06-16 12:46:11,881 | INFO | Loaded config. Email enabled: True | Recipients: 1
2026-06-16 12:46:11,993 | WARNING | NSE session bootstrap HTTP 403 (attempt 1/5) — refreshing NSE session cookie …
2026-06-16 12:46:22,810 | INFO | NSE session bootstrap status: 200
2026-06-16 12:46:22,811 | INFO | Downloading Nifty 100 universe from https://www.niftyindices.com/IndexConstituent/ind_nifty100list.csv
2026-06-16 12:46:23,250 | INFO | Universe download status: 200
2026-06-16 12:46:23,256 | INFO | Universe rows loaded: 104
2026-06-16 12:46:23,361 | INFO | Loaded history rows: 129437
2026-06-16 12:46:23,370 | INFO | yfinance history update: 104 symbols | 2026-06-14 → 2026-06-17
2026-06-16 12:46:23,370 | INFO | yfinance batch download: 104 symbols | 2026-06-14 → 2026-06-17
2026-06-16 12:46:23,372 | INFO | Failed to create TzCache, reason: Error creating TzCache folder: '/home/runner/.cache/py-yfinance' reason: [Errno 17] File exists: '/home/runner/.cache/py-yfinance'. TzCache will not be used. Tip: You can direct cache to use a different location with 'set_tz_cache_location(mylocation)'
2026-06-16 12:46:29,056 | ERROR | 
1 Failed download:
2026-06-16 12:46:29,056 | ERROR | ['PFC.NS']: OperationalError('database is locked')
2026-06-16 12:46:29,074 | INFO | yfinance raw shape: (2, 521)
2026-06-16 12:46:29,416 | INFO | yfinance parsed rows after date-filter: 202
2026-06-16 12:46:29,417 | INFO | New rows from yfinance: 202
2026-06-16 12:46:30,207 | INFO | Saved history rows: 129540 | file: /home/runner/work/nifty100-reporter/nifty100-reporter/data/nifty100_ohlcv_history.csv
2026-06-16 12:46:30,317 | INFO | Loaded history rows: 129540
2026-06-16 12:46:30,318 | INFO | Latest OHLCV data is from 2026-06-16
2026-06-16 12:46:30,342 | INFO | Latest Delivery data is from 2026-06-15
2026-06-16 12:46:30,386 | INFO | Delivery cache has 28 dates — skipping backfill.
2026-06-16 12:46:30,386 | INFO | Delivery fetch attempt [0/7] — URL: https://archives.nseindia.com/products/content/sec_bhavdata_full_16062026.csv
2026-06-16 12:46:31,128 | INFO | Delivery fetch SUCCESS — date: 2026-06-16 | size: 369789 bytes | URL: https://archives.nseindia.com/products/content/sec_bhavdata_full_16062026.csv
2026-06-16 12:46:31,473 | INFO | Delivery cache updated: 2431 symbols for 2026-06-16 (rows in cache: 68501)
2026-06-16 12:46:31,474 | INFO | Delivery data: 2431 symbols | fallback=False
2026-06-16 12:46:31,876 | INFO | Corporate actions bulk OK: 83 raw rows | 15 Nifty100 symbols with events
2026-06-16 12:47:01,732 | INFO | Corporate actions: 15/104 symbols have events (window 16-06-2026 to 16-07-2026) | Symbols: ASIANPAINT, AXISBANK, BAJAJFINSV, BAJAJHLDNG, BAJFINANCE, HDFCBANK, HDFCLIFE, HINDUNILVR, INDHOTEL, MOTHERSON, NESTLEIND, SHRIRAMFIN, TATAPOWER, TECHM, TMPV
2026-06-16 12:47:01,732 | INFO | Index membership from cache: NIFTY 50 (50 symbols)
2026-06-16 12:47:01,732 | INFO | Index membership from cache: Nifty Next 50 (50 symbols)
2026-06-16 12:47:01,732 | INFO | Index membership ready: 100 symbols mapped
2026-06-16 12:47:02,365 | INFO | News RSS query for ABB: https://news.google.com/rss/search?q=%22ABB+India+Ltd.%22+NSE+when:10d&hl=en-IN&gl=IN&ceid=IN:en
2026-06-16 12:47:02,638 | INFO | News RSS status for ABB: 200
2026-06-16 12:47:02,641 | INFO | News RSS query for ABB: https://news.google.com/rss/search?q=%22ABB+India+Ltd.%22+stock+when:10d&hl=en-IN&gl=IN&ceid=IN:en
2026-06-16 12:47:02,854 | INFO | News RSS status for ABB: 200
2026-06-16 12:47:02,915 | INFO | News RSS query for ABB: https://news.google.com/rss/search?q=%22ABB+India+Ltd.%22+NSE+when:10d&hl=en-IN&gl=IN&ceid=IN:en
2026-06-16 12:47:02,920 | INFO | News RSS status for ABB: 200
2026-06-16 12:47:02,922 | INFO | News RSS query for ABB: https://news.google.com/rss/search?q=%22ABB+India+Ltd.%22+stock+when:10d&hl=en-IN&gl=IN&ceid=IN:en
2026-06-16 12:47:02,926 | INFO | News RSS status for ABB: 200
2026-06-16 12:47:02,986 | INFO | News RSS query for ABB: https://news.google.com/rss/search?q=%22ABB+India+Ltd.%22+NSE+when:10d&hl=en-IN&gl=IN&ceid=IN:en
2026-06-16 12:47:02,990 | INFO | News RSS status for ABB: 200
2026-06-16 12:47:02,992 | INFO | News RSS query for ABB: https://news.google.com/rss/search?q=%22ABB+India+Ltd.%22+stock+when:10d&hl=en-IN&gl=IN&ceid=IN:en
2026-06-16 12:47:02,997 | INFO | News RSS status for ABB: 200
2026-06-16 12:47:03,348 | INFO | News RSS query for ADANIENSOL: https://news.google.com/rss/search?q=%22Adani+Energy+Solutions+Ltd.%22+NSE+when:10d&hl=en-IN&gl=IN&ceid=IN:en
2026-06-16 12:47:03,571 | INFO | News RSS status for ADANIENSOL: 200
2026-06-16 12:47:03,633 | INFO | News RSS query for ADANIENSOL: https://news.google.com/rss/search?q=%22Adani+Energy+Solutions+Ltd.%22+NSE+when:10d&hl=en-IN&gl=IN&ceid=IN:en
2026-06-16 12:47:03,643 | INFO | News RSS status for ADANIENSOL: 200
2026-06-16 12:47:04,277 | INFO | News RSS query for ADANIENT: https://news.google.com/rss/search?q=%22Adani+Enterprises+Ltd.%22+NSE+when:10d&hl=en-IN&gl=IN&ceid=IN:en
2026-06-16 12:47:04,539 | INFO | News RSS status for ADANIENT: 200
2026-06-16 12:47:05,166 | INFO | News RSS query for ADANIGREEN: https://news.google.com/rss/search?q=%22Adani+Green+Energy+Ltd.%22+NSE+when:10d&hl=en-IN&gl=IN&ceid=IN:en
2026-06-16 12:47:05,398 | INFO | News RSS status for ADANIGREEN: 200
2026-06-16 12:47:06,022 | INFO | News RSS query for ADANIPORTS: https://news.google.com/rss/search?q=%22Adani+Ports+and+Special+Economic+Zone+Ltd.%22+NSE+when:10d&hl=en-IN&gl=IN&ceid=IN:en
2026-06-16 12:47:06,252 | INFO | News RSS status for ADANIPORTS: 200
2026-06-16 12:47:07,978 | INFO | News RSS query for APOLLOHOSP: https://news.google.com/rss/search?q=%22Apollo+Hospitals+Enterprise+Ltd.%22+NSE+when:10d&hl=en-IN&gl=IN&ceid=IN:en
2026-06-16 12:47:08,181 | INFO | News RSS status for APOLLOHOSP: 200
2026-06-16 12:47:08,184 | INFO | News RSS query for APOLLOHOSP: https://news.google.com/rss/search?q=%22Apollo+Hospitals+Enterprise+Ltd.%22+stock+when:10d&hl=en-IN&gl=IN&ceid=IN:en
2026-06-16 12:47:08,434 | INFO | News RSS status for APOLLOHOSP: 200
2026-06-16 12:47:09,058 | INFO | News RSS query for ASIANPAINT: https://news.google.com/rss/search?q=%22Asian+Paints+Ltd.%22+NSE+when:10d&hl=en-IN&gl=IN&ceid=IN:en
2026-06-16 12:47:09,259 | INFO | News RSS status for ASIANPAINT: 200
2026-06-16 12:47:09,262 | INFO | News RSS query for ASIANPAINT: https://news.google.com/rss/search?q=%22Asian+Paints+Ltd.%22+stock+when:10d&hl=en-IN&gl=IN&ceid=IN:en
2026-06-16 12:47:09,512 | INFO | News RSS status for ASIANPAINT: 200
2026-06-16 12:47:09,573 | INFO | News RSS query for ASIANPAINT: https://news.google.com/rss/search?q=%22Asian+Paints+Ltd.%22+NSE+when:10d&hl=en-IN&gl=IN&ceid=IN:en
2026-06-16 12:47:09,579 | INFO | News RSS status for ASIANPAINT: 200
2026-06-16 12:47:09,582 | INFO | News RSS query for ASIANPAINT: https://news.google.com/rss/search?q=%22Asian+Paints+Ltd.%22+stock+when:10d&hl=en-IN&gl=IN&ceid=IN:en
2026-06-16 12:47:09,586 | INFO | News RSS status for ASIANPAINT: 200
2026-06-16 12:47:10,213 | INFO | News RSS query for AXISBANK: https://news.google.com/rss/search?q=%22Axis+Bank+Ltd.%22+NSE+when:10d&hl=en-IN&gl=IN&ceid=IN:en
2026-06-16 12:47:10,472 | INFO | News RSS status for AXISBANK: 200
2026-06-16 12:47:12,780 | INFO | News RSS query for BAJFINANCE: https://news.google.com/rss/search?q=%22Bajaj+Finance+Ltd.%22+NSE+when:10d&hl=en-IN&gl=IN&ceid=IN:en
2026-06-16 12:47:13,012 | INFO | News RSS status for BAJFINANCE: 200
2026-06-16 12:47:15,302 | INFO | News RSS query for BOSCHLTD: https://news.google.com/rss/search?q=%22Bosch+Ltd.%22+NSE+when:10d&hl=en-IN&gl=IN&ceid=IN:en
2026-06-16 12:47:15,508 | INFO | News RSS status for BOSCHLTD: 200
2026-06-16 12:47:15,510 | INFO | News RSS query for BOSCHLTD: https://news.google.com/rss/search?q=%22Bosch+Ltd.%22+stock+when:10d&hl=en-IN&gl=IN&ceid=IN:en
2026-06-16 12:47:15,691 | INFO | News RSS status for BOSCHLTD: 200
2026-06-16 12:47:18,004 | INFO | News RSS query for CGPOWER: https://news.google.com/rss/search?q=%22CG+Power+and+Industrial+Solutions+Ltd.%22+NSE+when:10d&hl=en-IN&gl=IN&ceid=IN:en
2026-06-16 12:47:18,235 | INFO | News RSS status for CGPOWER: 200
2026-06-16 12:47:18,237 | INFO | News RSS query for CGPOWER: https://news.google.com/rss/search?q=%22CG+Power+and+Industrial+Solutions+Ltd.%22+stock+when:10d&hl=en-IN&gl=IN&ceid=IN:en
2026-06-16 12:47:18,457 | INFO | News RSS status for CGPOWER: 200
2026-06-16 12:47:18,458 | INFO | News RSS query for CGPOWER: https://news.google.com/rss/search?q=CGPOWER+NSE+when:10d&hl=en-IN&gl=IN&ceid=IN:en
2026-06-16 12:47:18,698 | INFO | News RSS status for CGPOWER: 200
2026-06-16 12:47:21,007 | INFO | News RSS query for CUMMINSIND: https://news.google.com/rss/search?q=%22Cummins+India+Ltd.%22+NSE+when:10d&hl=en-IN&gl=IN&ceid=IN:en
2026-06-16 12:47:21,243 | INFO | News RSS status for CUMMINSIND: 200
2026-06-16 12:47:22,429 | INFO | News RSS query for DLF: https://news.google.com/rss/search?q=%22DLF+Ltd.%22+NSE+when:10d&hl=en-IN&gl=IN&ceid=IN:en
2026-06-16 12:47:22,689 | INFO | News RSS status for DLF: 200
2026-06-16 12:47:22,691 | INFO | News RSS query for DLF: https://news.google.com/rss/search?q=%22DLF+Ltd.%22+stock+when:10d&hl=en-IN&gl=IN&ceid=IN:en
2026-06-16 12:47:22,928 | INFO | News RSS status for DLF: 200
2026-06-16 12:47:24,713 | INFO | News RSS query for EICHERMOT: https://news.google.com/rss/search?q=%22Eicher+Motors+Ltd.%22+NSE+when:10d&hl=en-IN&gl=IN&ceid=IN:en
2026-06-16 12:47:24,903 | INFO | News RSS status for EICHERMOT: 200
2026-06-16 12:47:24,904 | INFO | News RSS query for EICHERMOT: https://news.google.com/rss/search?q=%22Eicher+Motors+Ltd.%22+stock+when:10d&hl=en-IN&gl=IN&ceid=IN:en
2026-06-16 12:47:25,139 | INFO | News RSS status for EICHERMOT: 200
2026-06-16 12:47:25,313 | INFO | News RSS query for ENRIN: https://news.google.com/rss/search?q=%22Siemens+Energy+India+Ltd.%22+NSE+when:10d&hl=en-IN&gl=IN&ceid=IN:en
2026-06-16 12:47:25,497 | INFO | News RSS status for ENRIN: 200
2026-06-16 12:47:27,749 | INFO | News RSS query for GRASIM: https://news.google.com/rss/search?q=%22Grasim+Industries+Ltd.%22+NSE+when:10d&hl=en-IN&gl=IN&ceid=IN:en
2026-06-16 12:47:28,026 | INFO | News RSS status for GRASIM: 200
2026-06-16 12:47:30,375 | INFO | News RSS query for HDFCBANK: https://news.google.com/rss/search?q=%22HDFC+Bank+Ltd.%22+NSE+when:10d&hl=en-IN&gl=IN&ceid=IN:en
2026-06-16 12:47:30,872 | INFO | News RSS status for HDFCBANK: 200
2026-06-16 12:47:36,137 | INFO | News RSS query for IOC: https://news.google.com/rss/search?q=%22Indian+Oil+Corporation+Ltd.%22+NSE+when:10d&hl=en-IN&gl=IN&ceid=IN:en
2026-06-16 12:47:36,377 | INFO | News RSS status for IOC: 200
2026-06-16 12:47:38,984 | INFO | News RSS query for JSWSTEEL: https://news.google.com/rss/search?q=%22JSW+Steel+Ltd.%22+NSE+when:10d&hl=en-IN&gl=IN&ceid=IN:en
2026-06-16 12:47:39,266 | INFO | News RSS status for JSWSTEEL: 200
2026-06-16 12:47:40,408 | INFO | News RSS query for LODHA: https://news.google.com/rss/search?q=%22Lodha+Developers+Ltd.%22+NSE+when:10d&hl=en-IN&gl=IN&ceid=IN:en
2026-06-16 12:47:40,630 | INFO | News RSS status for LODHA: 200
2026-06-16 12:47:40,630 | INFO | News RSS query for LODHA: https://news.google.com/rss/search?q=%22Lodha+Developers+Ltd.%22+stock+when:10d&hl=en-IN&gl=IN&ceid=IN:en
2026-06-16 12:47:40,851 | INFO | News RSS status for LODHA: 200
2026-06-16 12:47:41,466 | INFO | News RSS query for LT: https://news.google.com/rss/search?q=%22Larsen+%26+Toubro+Ltd.%22+NSE+when:10d&hl=en-IN&gl=IN&ceid=IN:en
2026-06-16 12:47:41,716 | INFO | News RSS status for LT: 200
2026-06-16 12:47:41,721 | WARNING | Skipping LTM — only 79 bars available (need 220). Extend history_backfill_days in config.json to include this symbol.
2026-06-16 12:47:44,613 | INFO | News RSS query for MOTHERSON: https://news.google.com/rss/search?q=%22Samvardhana+Motherson+International+Ltd.%22+NSE+when:10d&hl=en-IN&gl=IN&ceid=IN:en
2026-06-16 12:47:44,851 | INFO | News RSS status for MOTHERSON: 200
2026-06-16 12:47:44,852 | INFO | News RSS query for MOTHERSON: https://news.google.com/rss/search?q=%22Samvardhana+Motherson+International+Ltd.%22+stock+when:10d&hl=en-IN&gl=IN&ceid=IN:en
2026-06-16 12:47:45,135 | INFO | News RSS status for MOTHERSON: 200
2026-06-16 12:47:48,538 | INFO | News RSS query for PIDILITIND: https://news.google.com/rss/search?q=%22Pidilite+Industries+Ltd.%22+NSE+when:10d&hl=en-IN&gl=IN&ceid=IN:en
2026-06-16 12:47:48,727 | INFO | News RSS status for PIDILITIND: 200
2026-06-16 12:47:48,730 | INFO | News RSS query for PIDILITIND: https://news.google.com/rss/search?q=%22Pidilite+Industries+Ltd.%22+stock+when:10d&hl=en-IN&gl=IN&ceid=IN:en
2026-06-16 12:47:48,942 | INFO | News RSS status for PIDILITIND: 200
2026-06-16 12:47:49,002 | INFO | News RSS query for PIDILITIND: https://news.google.com/rss/search?q=%22Pidilite+Industries+Ltd.%22+NSE+when:10d&hl=en-IN&gl=IN&ceid=IN:en
2026-06-16 12:47:49,008 | INFO | News RSS status for PIDILITIND: 200
2026-06-16 12:47:49,010 | INFO | News RSS query for PIDILITIND: https://news.google.com/rss/search?q=%22Pidilite+Industries+Ltd.%22+stock+when:10d&hl=en-IN&gl=IN&ceid=IN:en
2026-06-16 12:47:49,015 | INFO | News RSS status for PIDILITIND: 200
2026-06-16 12:47:53,547 | INFO | News RSS query for SHRIRAMFIN: https://news.google.com/rss/search?q=%22Shriram+Finance+Ltd.%22+NSE+when:10d&hl=en-IN&gl=IN&ceid=IN:en
2026-06-16 12:47:53,795 | INFO | News RSS status for SHRIRAMFIN: 200
2026-06-16 12:47:55,509 | WARNING | Skipping TATACAP — only 167 bars available (need 220). Extend history_backfill_days in config.json to include this symbol.
2026-06-16 12:47:58,975 | INFO | News RSS query for TITAN: https://news.google.com/rss/search?q=%22Titan+Company+Ltd.%22+NSE+when:10d&hl=en-IN&gl=IN&ceid=IN:en
2026-06-16 12:47:59,207 | INFO | News RSS status for TITAN: 200
2026-06-16 12:47:59,212 | WARNING | Skipping TMCV — only 147 bars available (need 220). Extend history_backfill_days in config.json to include this symbol.
2026-06-16 12:47:59,213 | WARNING | Skipping TMPV — only 164 bars available (need 220). Extend history_backfill_days in config.json to include this symbol.
2026-06-16 12:47:59,841 | INFO | News RSS query for TORNTPHARM: https://news.google.com/rss/search?q=%22Torrent+Pharmaceuticals+Ltd.%22+NSE+when:10d&hl=en-IN&gl=IN&ceid=IN:en
2026-06-16 12:48:00,057 | INFO | News RSS status for TORNTPHARM: 200
2026-06-16 12:48:00,057 | INFO | News RSS query for TORNTPHARM: https://news.google.com/rss/search?q=%22Torrent+Pharmaceuticals+Ltd.%22+stock+when:10d&hl=en-IN&gl=IN&ceid=IN:en
2026-06-16 12:48:00,253 | INFO | News RSS status for TORNTPHARM: 200
2026-06-16 12:48:02,736 | WARNING | Skipping VAML — only 2 bars available (need 220). Extend history_backfill_days in config.json to include this symbol.
2026-06-16 12:48:03,363 | INFO | News RSS query for VBL: https://news.google.com/rss/search?q=%22Varun+Beverages+Ltd.%22+NSE+when:10d&hl=en-IN&gl=IN&ceid=IN:en
2026-06-16 12:48:03,548 | INFO | News RSS status for VBL: 200
2026-06-16 12:48:03,548 | INFO | News RSS query for VBL: https://news.google.com/rss/search?q=%22Varun+Beverages+Ltd.%22+stock+when:10d&hl=en-IN&gl=IN&ceid=IN:en
2026-06-16 12:48:03,751 | INFO | News RSS status for VBL: 200
2026-06-16 12:48:04,314 | WARNING | Skipping VEDPOWER — only 2 bars available (need 220). Extend history_backfill_days in config.json to include this symbol.
2026-06-16 12:48:04,314 | WARNING | Skipping VISL — only 2 bars available (need 220). Extend history_backfill_days in config.json to include this symbol.
2026-06-16 12:48:04,315 | WARNING | Skipping VOGL — only 2 bars available (need 220). Extend history_backfill_days in config.json to include this symbol.
2026-06-16 12:48:05,470 | INFO | News RSS query for ZYDUSLIFE: https://news.google.com/rss/search?q=%22Zydus+Lifesciences+Ltd.%22+NSE+when:10d&hl=en-IN&gl=IN&ceid=IN:en
2026-06-16 12:48:05,625 | INFO | News RSS status for ZYDUSLIFE: 200
2026-06-16 12:48:05,625 | INFO | News RSS query for ZYDUSLIFE: https://news.google.com/rss/search?q=%22Zydus+Lifesciences+Ltd.%22+stock+when:10d&hl=en-IN&gl=IN&ceid=IN:en
2026-06-16 12:48:05,837 | INFO | News RSS status for ZYDUSLIFE: 200
2026-06-16 12:48:05,900 | INFO | News RSS query for ZYDUSLIFE: https://news.google.com/rss/search?q=%22Zydus+Lifesciences+Ltd.%22+NSE+when:10d&hl=en-IN&gl=IN&ceid=IN:en
2026-06-16 12:48:05,906 | INFO | News RSS status for ZYDUSLIFE: 200
2026-06-16 12:48:05,906 | INFO | News RSS query for ZYDUSLIFE: https://news.google.com/rss/search?q=%22Zydus+Lifesciences+Ltd.%22+stock+when:10d&hl=en-IN&gl=IN&ceid=IN:en
2026-06-16 12:48:05,911 | INFO | News RSS status for ZYDUSLIFE: 200
2026-06-16 12:48:05,923 | INFO | Index membership from cache: NIFTY 50 (50 symbols)
2026-06-16 12:48:05,923 | INFO | Index membership from cache: Nifty Next 50 (50 symbols)
2026-06-16 12:48:05,923 | INFO | Index membership ready: 100 symbols mapped
2026-06-16 12:48:05,923 | INFO | Market Health: fetching index OHLCV...
2026-06-16 12:48:06,657 | INFO | Index OHLCV via niftyindices for NIFTY 50: 1402 rows (+2)
2026-06-16 12:48:07,383 | INFO | Index OHLCV via niftyindices for NIFTY NEXT 50: 1402 rows (+2)
2026-06-16 12:48:07,384 | INFO | Market Health: fetching VIX...
2026-06-16 12:48:08,016 | INFO | VIX via niftyindices: 100 rows (+2)
2026-06-16 12:48:08,017 | INFO | Market Health: updating breadth EMA cache...
2026-06-16 12:48:09,790 | INFO | Breadth EMA cache: 129463 total rows (+99)
2026-06-16 12:48:09,812 | INFO | Market Health [NIFTY 50]: Score=27.0 | Weak Bull &#x1F7E1;
2026-06-16 12:48:09,830 | INFO | Market Health [Nifty Next 50]: Score=59.5 | Weak Bull &#x1F7E1;
2026-06-16 12:48:09,938 | INFO | Signal log: appended 13 new signals. Total rows: 247
2026-06-16 12:48:09,938 | INFO | Signal log written/updated: /home/runner/work/nifty100-reporter/nifty100-reporter/data/nifty100_signal_log.csv
2026-06-16 12:48:10,574 | INFO | Signal tracker: updated 96 Active signal rows.
2026-06-16 12:48:10,593 | INFO | HTML report written: /home/runner/work/nifty100-reporter/nifty100-reporter/reports/nifty100_daily_report_20260616.html
2026-06-16 12:48:10,602 | INFO | Market Health Excel sheet written.
2026-06-16 12:48:11,208 | INFO | Excel report written: /home/runner/work/nifty100-reporter/nifty100-reporter/reports/nifty100_daily_report_20260616.xlsx
2026-06-16 12:48:11,209 | INFO | GitHub Actions detected — skipping Gmail API send (workflow handles email).
2026-06-16 12:48:11,209 | INFO | Run completed successfully.
2026-06-16 12:48:11,209 | INFO | Artifacts: /home/runner/work/nifty100-reporter/nifty100-reporter/reports/nifty100_daily_report_20260616.html | /home/runner/work/nifty100-reporter/nifty100-reporter/reports/nifty100_daily_report_20260616.xlsx | log: /home/runner/work/nifty100-reporter/nifty100-reporter/logs/run_20260616_181611.log
