2026-09-15 12:45:55,496 | INFO | Nifty 100 Daily EMA Cross Reporter | Version 3.3.8 | Released 2026-04-17
2026-09-15 12:45:55,496 | INFO | Base directory: /home/runner/work/nifty100-reporter/nifty100-reporter
2026-09-15 12:45:55,496 | INFO | Loaded config. Email enabled: True | Recipients: 1
2026-09-15 12:45:55,604 | WARNING | NSE session bootstrap HTTP 403 (attempt 1/5) — refreshing NSE session cookie …
2026-09-15 12:46:06,028 | INFO | NSE session bootstrap status: 200
2026-09-15 12:46:06,028 | INFO | Downloading Nifty 100 universe from https://www.niftyindices.com/IndexConstituent/ind_nifty100list.csv
2026-09-15 12:46:06,397 | INFO | Universe download status: 200
2026-09-15 12:46:06,402 | INFO | Universe rows loaded: 100
2026-09-15 12:46:06,518 | INFO | Loaded history rows: 135754
2026-09-15 12:46:06,525 | INFO | yfinance history update: 100 symbols | 2026-09-10 → 2026-09-16
2026-09-15 12:46:06,525 | INFO | yfinance batch download: 100 symbols | 2026-09-10 → 2026-09-16
2026-09-15 12:46:11,446 | INFO | yfinance raw shape: (3, 500)
2026-09-15 12:46:11,807 | INFO | yfinance parsed rows after date-filter: 300
2026-09-15 12:46:11,808 | INFO | New rows from yfinance: 300
2026-09-15 12:46:12,603 | INFO | Saved history rows: 135854 | file: /home/runner/work/nifty100-reporter/nifty100-reporter/data/nifty100_ohlcv_history.csv
2026-09-15 12:46:12,723 | INFO | Loaded history rows: 135854
2026-09-15 12:46:12,724 | INFO | Latest OHLCV data is from 2026-09-15
2026-09-15 12:46:12,752 | INFO | Latest Delivery data is from 2026-09-14
2026-09-15 12:46:12,802 | INFO | Delivery cache has 32 dates — skipping backfill.
2026-09-15 12:46:12,803 | INFO | Delivery fetch attempt [0/7] — URL: https://archives.nseindia.com/products/content/sec_bhavdata_full_15092026.csv
2026-09-15 12:46:13,147 | INFO | Delivery fetch FAILED for 2026-09-15 — HTTP 404 — URL: https://archives.nseindia.com/products/content/sec_bhavdata_full_15092026.csv
2026-09-15 12:46:13,148 | INFO | Delivery fetch attempt [1/7] — URL: https://archives.nseindia.com/products/content/sec_bhavdata_full_14092026.csv
2026-09-15 12:46:13,704 | INFO | Delivery fetch SUCCESS — date: 2026-09-14 | size: 394927 bytes | URL: https://archives.nseindia.com/products/content/sec_bhavdata_full_14092026.csv
2026-09-15 12:46:14,098 | INFO | Delivery cache updated: 2636 symbols for 2026-09-14 (rows in cache: 82123)
2026-09-15 12:46:14,099 | INFO | Delivery data: 2636 symbols | fallback=False
2026-09-15 12:46:14,591 | INFO | Corporate actions bulk OK: 100 raw rows | 0 Nifty100 symbols with events
2026-09-15 12:46:49,183 | INFO | Corporate actions: 0/100 symbols have events (window 15-09-2026 to 15-10-2026) | Symbols: none
2026-09-15 12:46:49,184 | INFO | Index membership from cache: NIFTY 50 (50 symbols)
2026-09-15 12:46:49,184 | INFO | Index membership from cache: Nifty Next 50 (50 symbols)
2026-09-15 12:46:49,184 | INFO | Index membership ready: 100 symbols mapped
2026-09-15 12:46:53,891 | INFO | News RSS query for APOLLOHOSP: https://news.google.com/rss/search?q=%22Apollo+Hospitals+Enterprise+Ltd.%22+NSE+when:10d&hl=en-IN&gl=IN&ceid=IN:en
2026-09-15 12:46:54,126 | INFO | News RSS status for APOLLOHOSP: 200
2026-09-15 12:46:56,037 | INFO | News RSS query for BAJAJ-AUTO: https://news.google.com/rss/search?q=%22Bajaj+Auto+Ltd.%22+NSE+when:10d&hl=en-IN&gl=IN&ceid=IN:en
2026-09-15 12:46:56,289 | INFO | News RSS status for BAJAJ-AUTO: 200
2026-09-15 12:47:00,653 | INFO | News RSS query for BOSCHLTD: https://news.google.com/rss/search?q=%22Bosch+Ltd.%22+NSE+when:10d&hl=en-IN&gl=IN&ceid=IN:en
2026-09-15 12:47:00,869 | INFO | News RSS status for BOSCHLTD: 200
2026-09-15 12:47:03,434 | INFO | News RSS query for CGPOWER: https://news.google.com/rss/search?q=%22CG+Power+and+Industrial+Solutions+Ltd.%22+NSE+when:10d&hl=en-IN&gl=IN&ceid=IN:en
2026-09-15 12:47:03,637 | INFO | News RSS status for CGPOWER: 200
2026-09-15 12:47:06,794 | INFO | News RSS query for DIVISLAB: https://news.google.com/rss/search?q=%22Divi%27s+Laboratories+Ltd.%22+NSE+when:10d&hl=en-IN&gl=IN&ceid=IN:en
2026-09-15 12:47:06,984 | INFO | News RSS status for DIVISLAB: 200
2026-09-15 12:47:06,985 | INFO | News RSS query for DIVISLAB: https://news.google.com/rss/search?q=%22Divi%27s+Laboratories+Ltd.%22+stock+when:10d&hl=en-IN&gl=IN&ceid=IN:en
2026-09-15 12:47:07,195 | INFO | News RSS status for DIVISLAB: 200
2026-09-15 12:47:10,400 | INFO | News RSS query for ETERNAL: https://news.google.com/rss/search?q=%22Eternal+Ltd.%22+NSE+when:10d&hl=en-IN&gl=IN&ceid=IN:en
2026-09-15 12:47:10,627 | INFO | News RSS status for ETERNAL: 200
2026-09-15 12:47:13,139 | INFO | News RSS query for HAL: https://news.google.com/rss/search?q=%22Hindustan+Aeronautics+Ltd.%22+NSE+when:10d&hl=en-IN&gl=IN&ceid=IN:en
2026-09-15 12:47:13,352 | INFO | News RSS status for HAL: 200
2026-09-15 12:47:24,258 | INFO | News RSS query for KOTAKBANK: https://news.google.com/rss/search?q=%22Kotak+Mahindra+Bank+Ltd.%22+NSE+when:10d&hl=en-IN&gl=IN&ceid=IN:en
2026-09-15 12:47:24,551 | INFO | News RSS status for KOTAKBANK: 200
2026-09-15 12:47:25,723 | WARNING | Skipping LTM — only 142 bars available (need 220). Extend history_backfill_days in config.json to include this symbol.
2026-09-15 12:47:33,102 | INFO | News RSS query for PNB: https://news.google.com/rss/search?q=%22Punjab+National+Bank%22+NSE+when:10d&hl=en-IN&gl=IN&ceid=IN:en
2026-09-15 12:47:33,406 | INFO | News RSS status for PNB: 200
2026-09-15 12:47:38,957 | INFO | News RSS query for SOLARINDS: https://news.google.com/rss/search?q=%22Solar+Industries+India+Ltd.%22+NSE+when:10d&hl=en-IN&gl=IN&ceid=IN:en
2026-09-15 12:47:39,174 | INFO | News RSS status for SOLARINDS: 200
2026-09-15 12:47:43,545 | WARNING | Skipping TMCV — only 210 bars available (need 220). Extend history_backfill_days in config.json to include this symbol.
2026-09-15 12:47:46,983 | WARNING | Skipping VAML — only 6 bars available (need 220). Extend history_backfill_days in config.json to include this symbol.
2026-09-15 12:47:48,204 | WARNING | Skipping VEDPOWER — only 4 bars available (need 220). Extend history_backfill_days in config.json to include this symbol.
2026-09-15 12:47:48,205 | WARNING | Skipping VISL — only 4 bars available (need 220). Extend history_backfill_days in config.json to include this symbol.
2026-09-15 12:47:48,205 | WARNING | Skipping VOGL — only 7 bars available (need 220). Extend history_backfill_days in config.json to include this symbol.
2026-09-15 12:47:49,431 | INFO | Index membership from cache: NIFTY 50 (50 symbols)
2026-09-15 12:47:49,431 | INFO | Index membership from cache: Nifty Next 50 (50 symbols)
2026-09-15 12:47:49,431 | INFO | Index membership ready: 100 symbols mapped
2026-09-15 12:47:49,431 | INFO | Market Health: fetching index OHLCV...
2026-09-15 12:47:50,440 | WARNING | niftyindices failed NIFTY 50 2026-09-12-2026-09-15: Expecting value: line 1 column 2 (char 1)
2026-09-15 12:47:50,579 | INFO | Index OHLCV via yfinance (^NSEI) for NIFTY 50: 1463 rows
2026-09-15 12:47:51,575 | WARNING | niftyindices failed NIFTY NEXT 50 2026-09-12-2026-09-15: Expecting value: line 1 column 2 (char 1)
2026-09-15 12:47:51,685 | INFO | Index OHLCV via yfinance (JUNIORBEES.NS) for NIFTY NEXT 50: 1460 rows
2026-09-15 12:47:51,686 | INFO | Market Health: fetching VIX...
2026-09-15 12:47:52,692 | WARNING | niftyindices VIX failed 2026-09-12-2026-09-15: Expecting value: line 1 column 2 (char 1)
2026-09-15 12:47:52,793 | INFO | VIX via yfinance (^INDIAVIX): 161 rows
2026-09-15 12:47:52,794 | INFO | Market Health: updating breadth EMA cache...
2026-09-15 12:47:54,723 | INFO | Breadth EMA cache: 135764 total rows (+100)
2026-09-15 12:47:54,745 | INFO | Market Health [NIFTY 50]: Score=-39.0 | Weak Bear &#x1F534;
2026-09-15 12:47:54,763 | INFO | Market Health [Nifty Next 50]: Score=-32.2 | Weak Bear &#x1F534;
2026-09-15 12:47:54,774 | INFO | Signal log: no new signals to append today.
2026-09-15 12:47:55,987 | INFO | Signal tracker: updated 162 Active signal rows.
2026-09-15 12:47:55,994 | INFO | HTML report written: /home/runner/work/nifty100-reporter/nifty100-reporter/reports/nifty100_daily_report_20260915.html
2026-09-15 12:47:56,003 | INFO | Market Health Excel sheet written.
2026-09-15 12:47:57,631 | INFO | Excel report written: /home/runner/work/nifty100-reporter/nifty100-reporter/reports/nifty100_daily_report_20260915.xlsx
2026-09-15 12:47:57,631 | INFO | GitHub Actions detected — skipping Gmail API send (workflow handles email).
2026-09-15 12:47:57,631 | INFO | Run completed successfully.
2026-09-15 12:47:57,631 | INFO | Artifacts: /home/runner/work/nifty100-reporter/nifty100-reporter/reports/nifty100_daily_report_20260915.html | /home/runner/work/nifty100-reporter/nifty100-reporter/reports/nifty100_daily_report_20260915.xlsx | log: /home/runner/work/nifty100-reporter/nifty100-reporter/logs/run_20260915_181555.log
