2026-07-06 12:46:00,853 | INFO | Nifty 100 Daily EMA Cross Reporter | Version 3.3.8 | Released 2026-04-17
2026-07-06 12:46:00,854 | INFO | Base directory: /home/runner/work/nifty100-reporter/nifty100-reporter
2026-07-06 12:46:00,854 | INFO | Loaded config. Email enabled: True | Recipients: 1
2026-07-06 12:46:01,013 | WARNING | NSE session bootstrap HTTP 403 (attempt 1/5) — refreshing NSE session cookie …
2026-07-06 12:46:11,576 | INFO | NSE session bootstrap status: 200
2026-07-06 12:46:11,577 | INFO | Downloading Nifty 100 universe from https://www.niftyindices.com/IndexConstituent/ind_nifty100list.csv
2026-07-06 12:46:11,892 | INFO | Universe download status: 200
2026-07-06 12:46:11,898 | INFO | Universe rows loaded: 100
2026-07-06 12:46:12,004 | INFO | Loaded history rows: 130754
2026-07-06 12:46:12,012 | INFO | yfinance history update: 100 symbols | 2026-07-02 → 2026-07-07
2026-07-06 12:46:12,012 | INFO | yfinance batch download: 100 symbols | 2026-07-02 → 2026-07-07
2026-07-06 12:46:12,014 | INFO | Failed to create TzCache, reason: Error creating TzCache folder: '/home/runner/.cache/py-yfinance' reason: [Errno 17] File exists: '/home/runner/.cache/py-yfinance'. TzCache will not be used. Tip: You can direct cache to use a different location with 'set_tz_cache_location(mylocation)'
2026-07-06 12:46:16,723 | INFO | yfinance raw shape: (3, 500)
2026-07-06 12:46:17,093 | INFO | yfinance parsed rows after date-filter: 300
2026-07-06 12:46:17,093 | INFO | New rows from yfinance: 300
2026-07-06 12:46:17,866 | INFO | Saved history rows: 130854 | file: /home/runner/work/nifty100-reporter/nifty100-reporter/data/nifty100_ohlcv_history.csv
2026-07-06 12:46:17,967 | INFO | Loaded history rows: 130854
2026-07-06 12:46:17,968 | INFO | Latest OHLCV data is from 2026-07-06
2026-07-06 12:46:17,993 | INFO | Latest Delivery data is from 2026-07-03
2026-07-06 12:46:18,036 | INFO | Delivery cache has 29 dates — skipping backfill.
2026-07-06 12:46:18,037 | INFO | Delivery fetch attempt [0/7] — URL: https://archives.nseindia.com/products/content/sec_bhavdata_full_06072026.csv
2026-07-06 12:46:18,805 | INFO | Delivery fetch SUCCESS — date: 2026-07-06 | size: 374056 bytes | URL: https://archives.nseindia.com/products/content/sec_bhavdata_full_06072026.csv
2026-07-06 12:46:19,128 | INFO | Delivery cache updated: 2386 symbols for 2026-07-06 (rows in cache: 65532)
2026-07-06 12:46:19,129 | INFO | Delivery data: 2386 symbols | fallback=False
2026-07-06 12:46:19,575 | INFO | Corporate actions bulk OK: 118 raw rows | 18 Nifty100 symbols with events
2026-07-06 12:46:47,442 | INFO | Corporate actions: 18/100 symbols have events (window 06-07-2026 to 05-08-2026) | Symbols: AXISBANK, BOSCHLTD, BRITANNIA, CHOLAFIN, CUMMINSIND, DIVISLAB, DRREDDY, HINDALCO, JSWSTEEL, MOTHERSON, NESTLEIND, PFC, PIDILITIND, SOLARINDS, SUNPHARMA, TITAN, UNITDSPR, ZYDUSLIFE
2026-07-06 12:46:47,443 | INFO | Index membership from cache: NIFTY 50 (50 symbols)
2026-07-06 12:46:47,443 | INFO | Index membership from cache: Nifty Next 50 (50 symbols)
2026-07-06 12:46:47,443 | INFO | Index membership ready: 100 symbols mapped
2026-07-06 12:46:48,095 | INFO | News RSS query for ABB: https://news.google.com/rss/search?q=%22ABB+India+Ltd.%22+NSE+when:10d&hl=en-IN&gl=IN&ceid=IN:en
2026-07-06 12:46:48,339 | INFO | News RSS status for ABB: 200
2026-07-06 12:46:48,342 | INFO | News RSS query for ABB: https://news.google.com/rss/search?q=%22ABB+India+Ltd.%22+stock+when:10d&hl=en-IN&gl=IN&ceid=IN:en
2026-07-06 12:46:48,547 | INFO | News RSS status for ABB: 200
2026-07-06 12:46:48,607 | INFO | News RSS query for ABB: https://news.google.com/rss/search?q=%22ABB+India+Ltd.%22+NSE+when:10d&hl=en-IN&gl=IN&ceid=IN:en
2026-07-06 12:46:48,614 | INFO | News RSS status for ABB: 200
2026-07-06 12:46:48,616 | INFO | News RSS query for ABB: https://news.google.com/rss/search?q=%22ABB+India+Ltd.%22+stock+when:10d&hl=en-IN&gl=IN&ceid=IN:en
2026-07-06 12:46:48,621 | INFO | News RSS status for ABB: 200
2026-07-06 12:46:48,679 | INFO | News RSS query for ABB: https://news.google.com/rss/search?q=%22ABB+India+Ltd.%22+NSE+when:10d&hl=en-IN&gl=IN&ceid=IN:en
2026-07-06 12:46:48,685 | INFO | News RSS status for ABB: 200
2026-07-06 12:46:48,686 | INFO | News RSS query for ABB: https://news.google.com/rss/search?q=%22ABB+India+Ltd.%22+stock+when:10d&hl=en-IN&gl=IN&ceid=IN:en
2026-07-06 12:46:48,691 | INFO | News RSS status for ABB: 200
2026-07-06 12:46:49,047 | INFO | News RSS query for ADANIENSOL: https://news.google.com/rss/search?q=%22Adani+Energy+Solutions+Ltd.%22+NSE+when:10d&hl=en-IN&gl=IN&ceid=IN:en
2026-07-06 12:46:49,266 | INFO | News RSS status for ADANIENSOL: 200
2026-07-06 12:46:49,269 | INFO | News RSS query for ADANIENSOL: https://news.google.com/rss/search?q=%22Adani+Energy+Solutions+Ltd.%22+stock+when:10d&hl=en-IN&gl=IN&ceid=IN:en
2026-07-06 12:46:49,500 | INFO | News RSS status for ADANIENSOL: 200
2026-07-06 12:46:50,145 | INFO | News RSS query for ADANIENT: https://news.google.com/rss/search?q=%22Adani+Enterprises+Ltd.%22+NSE+when:10d&hl=en-IN&gl=IN&ceid=IN:en
2026-07-06 12:46:50,365 | INFO | News RSS status for ADANIENT: 200
2026-07-06 12:46:51,001 | INFO | News RSS query for ADANIGREEN: https://news.google.com/rss/search?q=%22Adani+Green+Energy+Ltd.%22+NSE+when:10d&hl=en-IN&gl=IN&ceid=IN:en
2026-07-06 12:46:51,226 | INFO | News RSS status for ADANIGREEN: 200
2026-07-06 12:46:51,287 | INFO | News RSS query for ADANIGREEN: https://news.google.com/rss/search?q=%22Adani+Green+Energy+Ltd.%22+NSE+when:10d&hl=en-IN&gl=IN&ceid=IN:en
2026-07-06 12:46:51,306 | INFO | News RSS status for ADANIGREEN: 200
2026-07-06 12:46:51,942 | INFO | News RSS query for ADANIPORTS: https://news.google.com/rss/search?q=%22Adani+Ports+and+Special+Economic+Zone+Ltd.%22+NSE+when:10d&hl=en-IN&gl=IN&ceid=IN:en
2026-07-06 12:46:52,154 | INFO | News RSS status for ADANIPORTS: 200
2026-07-06 12:46:53,938 | INFO | News RSS query for APOLLOHOSP: https://news.google.com/rss/search?q=%22Apollo+Hospitals+Enterprise+Ltd.%22+NSE+when:10d&hl=en-IN&gl=IN&ceid=IN:en
2026-07-06 12:46:54,151 | INFO | News RSS status for APOLLOHOSP: 200
2026-07-06 12:46:54,153 | INFO | News RSS query for APOLLOHOSP: https://news.google.com/rss/search?q=%22Apollo+Hospitals+Enterprise+Ltd.%22+stock+when:10d&hl=en-IN&gl=IN&ceid=IN:en
2026-07-06 12:46:54,386 | INFO | News RSS status for APOLLOHOSP: 200
2026-07-06 12:46:55,028 | INFO | News RSS query for ASIANPAINT: https://news.google.com/rss/search?q=%22Asian+Paints+Ltd.%22+NSE+when:10d&hl=en-IN&gl=IN&ceid=IN:en
2026-07-06 12:46:55,243 | INFO | News RSS status for ASIANPAINT: 200
2026-07-06 12:46:55,245 | INFO | News RSS query for ASIANPAINT: https://news.google.com/rss/search?q=%22Asian+Paints+Ltd.%22+stock+when:10d&hl=en-IN&gl=IN&ceid=IN:en
2026-07-06 12:46:55,498 | INFO | News RSS status for ASIANPAINT: 200
2026-07-06 12:46:56,142 | INFO | News RSS query for AXISBANK: https://news.google.com/rss/search?q=%22Axis+Bank+Ltd.%22+NSE+when:10d&hl=en-IN&gl=IN&ceid=IN:en
2026-07-06 12:46:56,367 | INFO | News RSS status for AXISBANK: 200
2026-07-06 12:46:58,725 | INFO | News RSS query for BAJFINANCE: https://news.google.com/rss/search?q=%22Bajaj+Finance+Ltd.%22+NSE+when:10d&hl=en-IN&gl=IN&ceid=IN:en
2026-07-06 12:46:58,971 | INFO | News RSS status for BAJFINANCE: 200
2026-07-06 12:47:00,186 | INFO | News RSS query for BEL: https://news.google.com/rss/search?q=%22Bharat+Electronics+Ltd.%22+NSE+when:10d&hl=en-IN&gl=IN&ceid=IN:en
2026-07-06 12:47:00,398 | INFO | News RSS status for BEL: 200
2026-07-06 12:47:00,401 | INFO | News RSS query for BEL: https://news.google.com/rss/search?q=%22Bharat+Electronics+Ltd.%22+stock+when:10d&hl=en-IN&gl=IN&ceid=IN:en
2026-07-06 12:47:00,658 | INFO | News RSS status for BEL: 200
2026-07-06 12:47:01,866 | INFO | News RSS query for BOSCHLTD: https://news.google.com/rss/search?q=%22Bosch+Ltd.%22+NSE+when:10d&hl=en-IN&gl=IN&ceid=IN:en
2026-07-06 12:47:02,071 | INFO | News RSS status for BOSCHLTD: 200
2026-07-06 12:47:02,073 | INFO | News RSS query for BOSCHLTD: https://news.google.com/rss/search?q=%22Bosch+Ltd.%22+stock+when:10d&hl=en-IN&gl=IN&ceid=IN:en
2026-07-06 12:47:02,250 | INFO | News RSS status for BOSCHLTD: 200
2026-07-06 12:47:04,613 | INFO | News RSS query for CGPOWER: https://news.google.com/rss/search?q=%22CG+Power+and+Industrial+Solutions+Ltd.%22+NSE+when:10d&hl=en-IN&gl=IN&ceid=IN:en
2026-07-06 12:47:04,818 | INFO | News RSS status for CGPOWER: 200
2026-07-06 12:47:05,452 | INFO | News RSS query for CHOLAFIN: https://news.google.com/rss/search?q=%22Cholamandalam+Investment+and+Finance+Company+Ltd.%22+NSE+when:10d&hl=en-IN&gl=IN&ceid=IN:en
2026-07-06 12:47:05,646 | INFO | News RSS status for CHOLAFIN: 200
2026-07-06 12:47:05,646 | INFO | News RSS query for CHOLAFIN: https://news.google.com/rss/search?q=%22Cholamandalam+Investment+and+Finance+Company+Ltd.%22+stock+when:10d&hl=en-IN&gl=IN&ceid=IN:en
2026-07-06 12:47:05,980 | INFO | News RSS status for CHOLAFIN: 200
2026-07-06 12:47:05,983 | INFO | News RSS query for CHOLAFIN: https://news.google.com/rss/search?q=CHOLAFIN+NSE+when:10d&hl=en-IN&gl=IN&ceid=IN:en
2026-07-06 12:47:06,174 | INFO | News RSS status for CHOLAFIN: 200
2026-07-06 12:47:08,587 | INFO | News RSS query for DIVISLAB: https://news.google.com/rss/search?q=%22Divi%27s+Laboratories+Ltd.%22+NSE+when:10d&hl=en-IN&gl=IN&ceid=IN:en
2026-07-06 12:47:08,796 | INFO | News RSS status for DIVISLAB: 200
2026-07-06 12:47:08,796 | INFO | News RSS query for DIVISLAB: https://news.google.com/rss/search?q=%22Divi%27s+Laboratories+Ltd.%22+stock+when:10d&hl=en-IN&gl=IN&ceid=IN:en
2026-07-06 12:47:09,001 | INFO | News RSS status for DIVISLAB: 200
2026-07-06 12:47:09,004 | INFO | News RSS query for DIVISLAB: https://news.google.com/rss/search?q=DIVISLAB+NSE+when:10d&hl=en-IN&gl=IN&ceid=IN:en
2026-07-06 12:47:09,190 | INFO | News RSS status for DIVISLAB: 200
2026-07-06 12:47:09,248 | INFO | News RSS query for DIVISLAB: https://news.google.com/rss/search?q=%22Divi%27s+Laboratories+Ltd.%22+NSE+when:10d&hl=en-IN&gl=IN&ceid=IN:en
2026-07-06 12:47:09,253 | INFO | News RSS status for DIVISLAB: 200
2026-07-06 12:47:09,253 | INFO | News RSS query for DIVISLAB: https://news.google.com/rss/search?q=%22Divi%27s+Laboratories+Ltd.%22+stock+when:10d&hl=en-IN&gl=IN&ceid=IN:en
2026-07-06 12:47:09,261 | INFO | News RSS status for DIVISLAB: 200
2026-07-06 12:47:09,263 | INFO | News RSS query for DIVISLAB: https://news.google.com/rss/search?q=DIVISLAB+NSE+when:10d&hl=en-IN&gl=IN&ceid=IN:en
2026-07-06 12:47:09,268 | INFO | News RSS status for DIVISLAB: 200
2026-07-06 12:47:09,328 | INFO | News RSS query for DIVISLAB: https://news.google.com/rss/search?q=%22Divi%27s+Laboratories+Ltd.%22+NSE+when:10d&hl=en-IN&gl=IN&ceid=IN:en
2026-07-06 12:47:09,334 | INFO | News RSS status for DIVISLAB: 200
2026-07-06 12:47:09,334 | INFO | News RSS query for DIVISLAB: https://news.google.com/rss/search?q=%22Divi%27s+Laboratories+Ltd.%22+stock+when:10d&hl=en-IN&gl=IN&ceid=IN:en
2026-07-06 12:47:09,339 | INFO | News RSS status for DIVISLAB: 200
2026-07-06 12:47:09,342 | INFO | News RSS query for DIVISLAB: https://news.google.com/rss/search?q=DIVISLAB+NSE+when:10d&hl=en-IN&gl=IN&ceid=IN:en
2026-07-06 12:47:09,347 | INFO | News RSS status for DIVISLAB: 200
2026-07-06 12:47:11,134 | INFO | News RSS query for DRREDDY: https://news.google.com/rss/search?q=%22Dr.+Reddy%27s+Laboratories+Ltd.%22+NSE+when:10d&hl=en-IN&gl=IN&ceid=IN:en
2026-07-06 12:47:11,349 | INFO | News RSS status for DRREDDY: 200
2026-07-06 12:47:11,353 | INFO | News RSS query for DRREDDY: https://news.google.com/rss/search?q=%22Dr.+Reddy%27s+Laboratories+Ltd.%22+stock+when:10d&hl=en-IN&gl=IN&ceid=IN:en
2026-07-06 12:47:11,644 | INFO | News RSS status for DRREDDY: 200
2026-07-06 12:47:12,277 | INFO | News RSS query for EICHERMOT: https://news.google.com/rss/search?q=%22Eicher+Motors+Ltd.%22+NSE+when:10d&hl=en-IN&gl=IN&ceid=IN:en
2026-07-06 12:47:12,494 | INFO | News RSS status for EICHERMOT: 200
2026-07-06 12:47:12,497 | INFO | News RSS query for EICHERMOT: https://news.google.com/rss/search?q=%22Eicher+Motors+Ltd.%22+stock+when:10d&hl=en-IN&gl=IN&ceid=IN:en
2026-07-06 12:47:12,728 | INFO | News RSS status for EICHERMOT: 200
2026-07-06 12:47:12,788 | INFO | News RSS query for EICHERMOT: https://news.google.com/rss/search?q=%22Eicher+Motors+Ltd.%22+NSE+when:10d&hl=en-IN&gl=IN&ceid=IN:en
2026-07-06 12:47:12,794 | INFO | News RSS status for EICHERMOT: 200
2026-07-06 12:47:12,796 | INFO | News RSS query for EICHERMOT: https://news.google.com/rss/search?q=%22Eicher+Motors+Ltd.%22+stock+when:10d&hl=en-IN&gl=IN&ceid=IN:en
2026-07-06 12:47:12,802 | INFO | News RSS status for EICHERMOT: 200
2026-07-06 12:47:14,034 | INFO | News RSS query for GAIL: https://news.google.com/rss/search?q=%22GAIL+%28India%29+Ltd.%22+NSE+when:10d&hl=en-IN&gl=IN&ceid=IN:en
2026-07-06 12:47:14,246 | INFO | News RSS status for GAIL: 200
2026-07-06 12:47:14,249 | INFO | News RSS query for GAIL: https://news.google.com/rss/search?q=%22GAIL+%28India%29+Ltd.%22+stock+when:10d&hl=en-IN&gl=IN&ceid=IN:en
2026-07-06 12:47:14,454 | INFO | News RSS status for GAIL: 200
2026-07-06 12:47:15,658 | INFO | News RSS query for GRASIM: https://news.google.com/rss/search?q=%22Grasim+Industries+Ltd.%22+NSE+when:10d&hl=en-IN&gl=IN&ceid=IN:en
2026-07-06 12:47:15,874 | INFO | News RSS status for GRASIM: 200
2026-07-06 12:47:16,519 | INFO | News RSS query for HAL: https://news.google.com/rss/search?q=%22Hindustan+Aeronautics+Ltd.%22+NSE+when:10d&hl=en-IN&gl=IN&ceid=IN:en
2026-07-06 12:47:16,767 | INFO | News RSS status for HAL: 200
2026-07-06 12:47:17,974 | INFO | News RSS query for HDFCAMC: https://news.google.com/rss/search?q=%22HDFC+Asset+Management+Company+Ltd.%22+NSE+when:10d&hl=en-IN&gl=IN&ceid=IN:en
2026-07-06 12:47:18,224 | INFO | News RSS status for HDFCAMC: 200
2026-07-06 12:47:18,227 | INFO | News RSS query for HDFCAMC: https://news.google.com/rss/search?q=%22HDFC+Asset+Management+Company+Ltd.%22+stock+when:10d&hl=en-IN&gl=IN&ceid=IN:en
2026-07-06 12:47:18,446 | INFO | News RSS status for HDFCAMC: 200
2026-07-06 12:47:19,080 | INFO | News RSS query for HDFCBANK: https://news.google.com/rss/search?q=%22HDFC+Bank+Ltd.%22+NSE+when:10d&hl=en-IN&gl=IN&ceid=IN:en
2026-07-06 12:47:19,333 | INFO | News RSS status for HDFCBANK: 200
2026-07-06 12:47:28,987 | INFO | News RSS query for LT: https://news.google.com/rss/search?q=%22Larsen+%26+Toubro+Ltd.%22+NSE+when:10d&hl=en-IN&gl=IN&ceid=IN:en
2026-07-06 12:47:29,229 | INFO | News RSS status for LT: 200
2026-07-06 12:47:29,235 | WARNING | Skipping LTM — only 92 bars available (need 220). Extend history_backfill_days in config.json to include this symbol.
2026-07-06 12:47:32,130 | INFO | News RSS query for MOTHERSON: https://news.google.com/rss/search?q=%22Samvardhana+Motherson+International+Ltd.%22+NSE+when:10d&hl=en-IN&gl=IN&ceid=IN:en
2026-07-06 12:47:32,325 | INFO | News RSS status for MOTHERSON: 200
2026-07-06 12:47:32,327 | INFO | News RSS query for MOTHERSON: https://news.google.com/rss/search?q=%22Samvardhana+Motherson+International+Ltd.%22+stock+when:10d&hl=en-IN&gl=IN&ceid=IN:en
2026-07-06 12:47:32,539 | INFO | News RSS status for MOTHERSON: 200
2026-07-06 12:47:33,743 | INFO | News RSS query for NESTLEIND: https://news.google.com/rss/search?q=%22Nestle+India+Ltd.%22+NSE+when:10d&hl=en-IN&gl=IN&ceid=IN:en
2026-07-06 12:47:33,952 | INFO | News RSS status for NESTLEIND: 200
2026-07-06 12:47:33,955 | INFO | News RSS query for NESTLEIND: https://news.google.com/rss/search?q=%22Nestle+India+Ltd.%22+stock+when:10d&hl=en-IN&gl=IN&ceid=IN:en
2026-07-06 12:47:34,214 | INFO | News RSS status for NESTLEIND: 200
2026-07-06 12:47:36,563 | INFO | News RSS query for PIDILITIND: https://news.google.com/rss/search?q=%22Pidilite+Industries+Ltd.%22+NSE+when:10d&hl=en-IN&gl=IN&ceid=IN:en
2026-07-06 12:47:36,750 | INFO | News RSS status for PIDILITIND: 200
2026-07-06 12:47:36,751 | INFO | News RSS query for PIDILITIND: https://news.google.com/rss/search?q=%22Pidilite+Industries+Ltd.%22+stock+when:10d&hl=en-IN&gl=IN&ceid=IN:en
2026-07-06 12:47:36,952 | INFO | News RSS status for PIDILITIND: 200
2026-07-06 12:47:37,014 | INFO | News RSS query for PIDILITIND: https://news.google.com/rss/search?q=%22Pidilite+Industries+Ltd.%22+NSE+when:10d&hl=en-IN&gl=IN&ceid=IN:en
2026-07-06 12:47:37,020 | INFO | News RSS status for PIDILITIND: 200
2026-07-06 12:47:37,022 | INFO | News RSS query for PIDILITIND: https://news.google.com/rss/search?q=%22Pidilite+Industries+Ltd.%22+stock+when:10d&hl=en-IN&gl=IN&ceid=IN:en
2026-07-06 12:47:37,027 | INFO | News RSS status for PIDILITIND: 200
2026-07-06 12:47:40,536 | INFO | News RSS query for SBIN: https://news.google.com/rss/search?q=%22State+Bank+of+India%22+NSE+when:10d&hl=en-IN&gl=IN&ceid=IN:en
2026-07-06 12:47:40,869 | INFO | News RSS status for SBIN: 200
2026-07-06 12:47:42,077 | INFO | News RSS query for SHRIRAMFIN: https://news.google.com/rss/search?q=%22Shriram+Finance+Ltd.%22+NSE+when:10d&hl=en-IN&gl=IN&ceid=IN:en
2026-07-06 12:47:42,278 | INFO | News RSS status for SHRIRAMFIN: 200
2026-07-06 12:47:43,481 | INFO | News RSS query for SOLARINDS: https://news.google.com/rss/search?q=%22Solar+Industries+India+Ltd.%22+NSE+when:10d&hl=en-IN&gl=IN&ceid=IN:en
2026-07-06 12:47:43,703 | INFO | News RSS status for SOLARINDS: 200
2026-07-06 12:47:44,338 | INFO | News RSS query for SUNPHARMA: https://news.google.com/rss/search?q=%22Sun+Pharmaceutical+Industries+Ltd.%22+NSE+when:10d&hl=en-IN&gl=IN&ceid=IN:en
2026-07-06 12:47:44,584 | INFO | News RSS status for SUNPHARMA: 200
2026-07-06 12:47:44,590 | WARNING | Skipping TATACAP — only 180 bars available (need 220). Extend history_backfill_days in config.json to include this symbol.
2026-07-06 12:47:48,080 | INFO | News RSS query for TITAN: https://news.google.com/rss/search?q=%22Titan+Company+Ltd.%22+NSE+when:10d&hl=en-IN&gl=IN&ceid=IN:en
2026-07-06 12:47:48,294 | INFO | News RSS status for TITAN: 200
2026-07-06 12:47:48,300 | WARNING | Skipping TMCV — only 160 bars available (need 220). Extend history_backfill_days in config.json to include this symbol.
2026-07-06 12:47:48,301 | WARNING | Skipping TMPV — only 177 bars available (need 220). Extend history_backfill_days in config.json to include this symbol.
2026-07-06 12:47:48,944 | INFO | News RSS query for TORNTPHARM: https://news.google.com/rss/search?q=%22Torrent+Pharmaceuticals+Ltd.%22+NSE+when:10d&hl=en-IN&gl=IN&ceid=IN:en
2026-07-06 12:47:49,145 | INFO | News RSS status for TORNTPHARM: 200
2026-07-06 12:47:49,782 | INFO | News RSS query for TRENT: https://news.google.com/rss/search?q=%22Trent+Ltd.%22+NSE+when:10d&hl=en-IN&gl=IN&ceid=IN:en
2026-07-06 12:47:49,990 | INFO | News RSS status for TRENT: 200
2026-07-06 12:47:50,641 | INFO | News RSS query for TVSMOTOR: https://news.google.com/rss/search?q=%22TVS+Motor+Company+Ltd.%22+NSE+when:10d&hl=en-IN&gl=IN&ceid=IN:en
2026-07-06 12:47:50,969 | INFO | News RSS status for TVSMOTOR: 200
2026-07-06 12:47:51,030 | INFO | News RSS query for TVSMOTOR: https://news.google.com/rss/search?q=%22TVS+Motor+Company+Ltd.%22+NSE+when:10d&hl=en-IN&gl=IN&ceid=IN:en
2026-07-06 12:47:51,036 | INFO | News RSS status for TVSMOTOR: 200
2026-07-06 12:47:51,097 | INFO | News RSS query for TVSMOTOR: https://news.google.com/rss/search?q=%22TVS+Motor+Company+Ltd.%22+NSE+when:10d&hl=en-IN&gl=IN&ceid=IN:en
2026-07-06 12:47:51,102 | INFO | News RSS status for TVSMOTOR: 200
2026-07-06 12:47:52,486 | WARNING | Skipping VAML — only 6 bars available (need 220). Extend history_backfill_days in config.json to include this symbol.
2026-07-06 12:47:53,627 | WARNING | Skipping VEDPOWER — only 4 bars available (need 220). Extend history_backfill_days in config.json to include this symbol.
2026-07-06 12:47:53,628 | WARNING | Skipping VISL — only 4 bars available (need 220). Extend history_backfill_days in config.json to include this symbol.
2026-07-06 12:47:53,628 | WARNING | Skipping VOGL — only 7 bars available (need 220). Extend history_backfill_days in config.json to include this symbol.
2026-07-06 12:47:54,831 | INFO | News RSS query for ZYDUSLIFE: https://news.google.com/rss/search?q=%22Zydus+Lifesciences+Ltd.%22+NSE+when:10d&hl=en-IN&gl=IN&ceid=IN:en
2026-07-06 12:47:55,037 | INFO | News RSS status for ZYDUSLIFE: 200
2026-07-06 12:47:55,039 | INFO | News RSS query for ZYDUSLIFE: https://news.google.com/rss/search?q=%22Zydus+Lifesciences+Ltd.%22+stock+when:10d&hl=en-IN&gl=IN&ceid=IN:en
2026-07-06 12:47:55,302 | INFO | News RSS status for ZYDUSLIFE: 200
2026-07-06 12:47:55,315 | INFO | Index membership from cache: NIFTY 50 (50 symbols)
2026-07-06 12:47:55,315 | INFO | Index membership from cache: Nifty Next 50 (50 symbols)
2026-07-06 12:47:55,315 | INFO | Index membership ready: 100 symbols mapped
2026-07-06 12:47:55,315 | INFO | Market Health: fetching index OHLCV...
2026-07-06 12:47:55,319 | INFO | Index OHLCV cache fresh for NIFTY 50 (1414 rows)
2026-07-06 12:47:55,321 | INFO | Index OHLCV cache fresh for NIFTY NEXT 50 (1414 rows)
2026-07-06 12:47:55,322 | INFO | Market Health: fetching VIX...
2026-07-06 12:47:55,323 | INFO | VIX cache fresh (112 rows)
2026-07-06 12:47:55,323 | INFO | Market Health: updating breadth EMA cache...
2026-07-06 12:47:57,023 | INFO | Breadth EMA cache: 130764 total rows (+100)
2026-07-06 12:47:57,044 | INFO | Market Health [NIFTY 50]: Score=42.0 | Weak Bull &#x1F7E1;
2026-07-06 12:47:57,062 | INFO | Market Health [Nifty Next 50]: Score=-14.0 | Sideways &#x1F7E0;
2026-07-06 12:47:57,150 | INFO | Signal log: appended 12 new signals. Total rows: 405
2026-07-06 12:47:57,150 | INFO | Signal log written/updated: /home/runner/work/nifty100-reporter/nifty100-reporter/data/nifty100_signal_log.csv
2026-07-06 12:47:58,246 | INFO | Signal tracker: updated 174 Active signal rows.
2026-07-06 12:47:58,272 | INFO | HTML report written: /home/runner/work/nifty100-reporter/nifty100-reporter/reports/nifty100_daily_report_20260706.html
2026-07-06 12:47:58,280 | INFO | Market Health Excel sheet written.
2026-07-06 12:47:59,186 | INFO | Excel report written: /home/runner/work/nifty100-reporter/nifty100-reporter/reports/nifty100_daily_report_20260706.xlsx
2026-07-06 12:47:59,187 | INFO | GitHub Actions detected — skipping Gmail API send (workflow handles email).
2026-07-06 12:47:59,187 | INFO | Run completed successfully.
2026-07-06 12:47:59,187 | INFO | Artifacts: /home/runner/work/nifty100-reporter/nifty100-reporter/reports/nifty100_daily_report_20260706.html | /home/runner/work/nifty100-reporter/nifty100-reporter/reports/nifty100_daily_report_20260706.xlsx | log: /home/runner/work/nifty100-reporter/nifty100-reporter/logs/run_20260706_181600.log
