2026-09-01 12:45:49,166 | INFO | Nifty 100 Daily EMA Cross Reporter | Version 3.3.8 | Released 2026-04-17
2026-09-01 12:45:49,166 | INFO | Base directory: /home/runner/work/nifty100-reporter/nifty100-reporter
2026-09-01 12:45:49,167 | INFO | Loaded config. Email enabled: True | Recipients: 1
2026-09-01 12:45:49,334 | WARNING | NSE session bootstrap HTTP 403 (attempt 1/5) — refreshing NSE session cookie …
2026-09-01 12:46:01,522 | INFO | NSE session bootstrap status: 200
2026-09-01 12:46:01,522 | INFO | Downloading Nifty 100 universe from https://www.niftyindices.com/IndexConstituent/ind_nifty100list.csv
2026-09-01 12:46:01,889 | INFO | Universe download status: 200
2026-09-01 12:46:01,893 | INFO | Universe rows loaded: 100
2026-09-01 12:46:02,008 | INFO | Loaded history rows: 134854
2026-09-01 12:46:02,015 | INFO | yfinance history update: 100 symbols | 2026-08-30 → 2026-09-02
2026-09-01 12:46:02,016 | INFO | yfinance batch download: 100 symbols | 2026-08-30 → 2026-09-02
2026-09-01 12:46:02,017 | INFO | Failed to create TzCache, reason: Error creating TzCache folder: '/home/runner/.cache/py-yfinance' reason: [Errno 17] File exists: '/home/runner/.cache/py-yfinance'. TzCache will not be used. Tip: You can direct cache to use a different location with 'set_tz_cache_location(mylocation)'
2026-09-01 12:46:06,471 | INFO | yfinance raw shape: (2, 500)
2026-09-01 12:46:06,796 | INFO | yfinance parsed rows after date-filter: 200
2026-09-01 12:46:06,797 | INFO | New rows from yfinance: 200
2026-09-01 12:46:07,563 | INFO | Saved history rows: 134954 | file: /home/runner/work/nifty100-reporter/nifty100-reporter/data/nifty100_ohlcv_history.csv
2026-09-01 12:46:07,680 | INFO | Loaded history rows: 134954
2026-09-01 12:46:07,681 | INFO | Latest OHLCV data is from 2026-09-01
2026-09-01 12:46:07,708 | INFO | Latest Delivery data is from 2026-08-31
2026-09-01 12:46:07,755 | INFO | Delivery cache has 32 dates — skipping backfill.
2026-09-01 12:46:07,755 | INFO | Delivery fetch attempt [0/7] — URL: https://archives.nseindia.com/products/content/sec_bhavdata_full_01092026.csv
2026-09-01 12:46:09,238 | INFO | Delivery fetch SUCCESS — date: 2026-09-01 | size: 396242 bytes | URL: https://archives.nseindia.com/products/content/sec_bhavdata_full_01092026.csv
2026-09-01 12:46:09,610 | INFO | Delivery cache updated: 2646 symbols for 2026-09-01 (rows in cache: 79927)
2026-09-01 12:46:09,611 | INFO | Delivery data: 2646 symbols | fallback=False
2026-09-01 12:46:09,937 | INFO | Corporate actions bulk OK: 67 raw rows | 4 Nifty100 symbols with events
2026-09-01 12:46:45,745 | INFO | Corporate actions: 4/100 symbols have events (window 01-09-2026 to 01-10-2026) | Symbols: COALINDIA, GAIL, NTPC, ONGC
2026-09-01 12:46:45,746 | INFO | Index membership from cache: NIFTY 50 (50 symbols)
2026-09-01 12:46:45,746 | INFO | Index membership from cache: Nifty Next 50 (50 symbols)
2026-09-01 12:46:45,746 | INFO | Index membership ready: 100 symbols mapped
2026-09-01 12:46:46,438 | INFO | News RSS query for ABB: https://news.google.com/rss/search?q=%22ABB+India+Ltd.%22+NSE+when:10d&hl=en-IN&gl=IN&ceid=IN:en
2026-09-01 12:46:46,688 | INFO | News RSS status for ABB: 200
2026-09-01 12:46:52,502 | INFO | News RSS query for BAJAJ-AUTO: https://news.google.com/rss/search?q=%22Bajaj+Auto+Ltd.%22+NSE+when:10d&hl=en-IN&gl=IN&ceid=IN:en
2026-09-01 12:46:52,734 | INFO | News RSS status for BAJAJ-AUTO: 200
2026-09-01 12:46:53,400 | INFO | News RSS query for BAJAJFINSV: https://news.google.com/rss/search?q=%22Bajaj+Finserv+Ltd.%22+NSE+when:10d&hl=en-IN&gl=IN&ceid=IN:en
2026-09-01 12:46:53,665 | INFO | News RSS status for BAJAJFINSV: 200
2026-09-01 12:46:54,341 | INFO | News RSS query for BAJAJHLDNG: https://news.google.com/rss/search?q=%22Bajaj+Holdings+%26+Investment+Ltd.%22+NSE+when:10d&hl=en-IN&gl=IN&ceid=IN:en
2026-09-01 12:46:54,548 | INFO | News RSS status for BAJAJHLDNG: 200
2026-09-01 12:46:57,662 | INFO | News RSS query for BOSCHLTD: https://news.google.com/rss/search?q=%22Bosch+Ltd.%22+NSE+when:10d&hl=en-IN&gl=IN&ceid=IN:en
2026-09-01 12:46:57,881 | INFO | News RSS status for BOSCHLTD: 200
2026-09-01 12:47:00,372 | INFO | News RSS query for CGPOWER: https://news.google.com/rss/search?q=%22CG+Power+and+Industrial+Solutions+Ltd.%22+NSE+when:10d&hl=en-IN&gl=IN&ceid=IN:en
2026-09-01 12:47:00,568 | INFO | News RSS status for CGPOWER: 200
2026-09-01 12:47:01,268 | INFO | News RSS query for CHOLAFIN: https://news.google.com/rss/search?q=%22Cholamandalam+Investment+and+Finance+Company+Ltd.%22+NSE+when:10d&hl=en-IN&gl=IN&ceid=IN:en
2026-09-01 12:47:01,601 | INFO | News RSS status for CHOLAFIN: 200
2026-09-01 12:47:04,119 | INFO | News RSS query for DIVISLAB: https://news.google.com/rss/search?q=%22Divi%27s+Laboratories+Ltd.%22+NSE+when:10d&hl=en-IN&gl=IN&ceid=IN:en
2026-09-01 12:47:04,323 | INFO | News RSS status for DIVISLAB: 200
2026-09-01 12:47:04,995 | INFO | News RSS query for DLF: https://news.google.com/rss/search?q=%22DLF+Ltd.%22+NSE+when:10d&hl=en-IN&gl=IN&ceid=IN:en
2026-09-01 12:47:05,216 | INFO | News RSS status for DLF: 200
2026-09-01 12:47:05,219 | INFO | News RSS query for DLF: https://news.google.com/rss/search?q=%22DLF+Ltd.%22+stock+when:10d&hl=en-IN&gl=IN&ceid=IN:en
2026-09-01 12:47:05,479 | INFO | News RSS status for DLF: 200
2026-09-01 12:47:07,356 | INFO | News RSS query for EICHERMOT: https://news.google.com/rss/search?q=%22Eicher+Motors+Ltd.%22+NSE+when:10d&hl=en-IN&gl=IN&ceid=IN:en
2026-09-01 12:47:07,546 | INFO | News RSS status for EICHERMOT: 200
2026-09-01 12:47:07,548 | INFO | News RSS query for EICHERMOT: https://news.google.com/rss/search?q=%22Eicher+Motors+Ltd.%22+stock+when:10d&hl=en-IN&gl=IN&ceid=IN:en
2026-09-01 12:47:07,764 | INFO | News RSS status for EICHERMOT: 200
2026-09-01 12:47:08,489 | INFO | News RSS query for ETERNAL: https://news.google.com/rss/search?q=%22Eternal+Ltd.%22+NSE+when:10d&hl=en-IN&gl=IN&ceid=IN:en
2026-09-01 12:47:08,678 | INFO | News RSS status for ETERNAL: 200
2026-09-01 12:47:10,577 | INFO | News RSS query for GRASIM: https://news.google.com/rss/search?q=%22Grasim+Industries+Ltd.%22+NSE+when:10d&hl=en-IN&gl=IN&ceid=IN:en
2026-09-01 12:47:10,778 | INFO | News RSS status for GRASIM: 200
2026-09-01 12:47:10,781 | INFO | News RSS query for GRASIM: https://news.google.com/rss/search?q=%22Grasim+Industries+Ltd.%22+stock+when:10d&hl=en-IN&gl=IN&ceid=IN:en
2026-09-01 12:47:10,981 | INFO | News RSS status for GRASIM: 200
2026-09-01 12:47:11,640 | INFO | News RSS query for HAL: https://news.google.com/rss/search?q=%22Hindustan+Aeronautics+Ltd.%22+NSE+when:10d&hl=en-IN&gl=IN&ceid=IN:en
2026-09-01 12:47:11,840 | INFO | News RSS status for HAL: 200
2026-09-01 12:47:14,978 | INFO | News RSS query for HINDALCO: https://news.google.com/rss/search?q=%22Hindalco+Industries+Ltd.%22+NSE+when:10d&hl=en-IN&gl=IN&ceid=IN:en
2026-09-01 12:47:15,236 | INFO | News RSS status for HINDALCO: 200
2026-09-01 12:47:16,503 | INFO | News RSS query for HINDZINC: https://news.google.com/rss/search?q=%22Hindustan+Zinc+Ltd.%22+NSE+when:10d&hl=en-IN&gl=IN&ceid=IN:en
2026-09-01 12:47:16,745 | INFO | News RSS status for HINDZINC: 200
2026-09-01 12:47:17,021 | INFO | News RSS query for HYUNDAI: https://news.google.com/rss/search?q=%22Hyundai+Motor+India+Ltd.%22+NSE+when:10d&hl=en-IN&gl=IN&ceid=IN:en
2026-09-01 12:47:17,270 | INFO | News RSS status for HYUNDAI: 200
2026-09-01 12:47:17,949 | INFO | News RSS query for ICICIBANK: https://news.google.com/rss/search?q=%22ICICI+Bank+Ltd.%22+NSE+when:10d&hl=en-IN&gl=IN&ceid=IN:en
2026-09-01 12:47:18,223 | INFO | News RSS status for ICICIBANK: 200
2026-09-01 12:47:18,293 | INFO | News RSS query for ICICIBANK: https://news.google.com/rss/search?q=%22ICICI+Bank+Ltd.%22+NSE+when:10d&hl=en-IN&gl=IN&ceid=IN:en
2026-09-01 12:47:18,298 | INFO | News RSS status for ICICIBANK: 200
2026-09-01 12:47:20,176 | INFO | News RSS query for INFY: https://news.google.com/rss/search?q=%22Infosys+Ltd.%22+NSE+when:10d&hl=en-IN&gl=IN&ceid=IN:en
2026-09-01 12:47:20,386 | INFO | News RSS status for INFY: 200
2026-09-01 12:47:22,841 | INFO | News RSS query for JINDALSTEL: https://news.google.com/rss/search?q=%22Jindal+Steel+Ltd.%22+NSE+when:10d&hl=en-IN&gl=IN&ceid=IN:en
2026-09-01 12:47:23,057 | INFO | News RSS status for JINDALSTEL: 200
2026-09-01 12:47:23,060 | INFO | News RSS query for JINDALSTEL: https://news.google.com/rss/search?q=%22Jindal+Steel+Ltd.%22+stock+when:10d&hl=en-IN&gl=IN&ceid=IN:en
2026-09-01 12:47:23,329 | INFO | News RSS status for JINDALSTEL: 200
2026-09-01 12:47:24,325 | INFO | News RSS query for JSWSTEEL: https://news.google.com/rss/search?q=%22JSW+Steel+Ltd.%22+NSE+when:10d&hl=en-IN&gl=IN&ceid=IN:en
2026-09-01 12:47:24,570 | INFO | News RSS status for JSWSTEEL: 200
2026-09-01 12:47:25,790 | INFO | News RSS query for LODHA: https://news.google.com/rss/search?q=%22Lodha+Developers+Ltd.%22+NSE+when:10d&hl=en-IN&gl=IN&ceid=IN:en
2026-09-01 12:47:26,013 | INFO | News RSS status for LODHA: 200
2026-09-01 12:47:26,679 | INFO | News RSS query for LT: https://news.google.com/rss/search?q=%22Larsen+%26+Toubro+Ltd.%22+NSE+when:10d&hl=en-IN&gl=IN&ceid=IN:en
2026-09-01 12:47:26,933 | INFO | News RSS status for LT: 200
2026-09-01 12:47:26,939 | WARNING | Skipping LTM — only 133 bars available (need 220). Extend history_backfill_days in config.json to include this symbol.
2026-09-01 12:47:30,027 | INFO | News RSS query for MOTHERSON: https://news.google.com/rss/search?q=%22Samvardhana+Motherson+International+Ltd.%22+NSE+when:10d&hl=en-IN&gl=IN&ceid=IN:en
2026-09-01 12:47:30,213 | INFO | News RSS status for MOTHERSON: 200
2026-09-01 12:47:33,931 | INFO | News RSS query for PIDILITIND: https://news.google.com/rss/search?q=%22Pidilite+Industries+Ltd.%22+NSE+when:10d&hl=en-IN&gl=IN&ceid=IN:en
2026-09-01 12:47:34,113 | INFO | News RSS status for PIDILITIND: 200
2026-09-01 12:47:34,115 | INFO | News RSS query for PIDILITIND: https://news.google.com/rss/search?q=%22Pidilite+Industries+Ltd.%22+stock+when:10d&hl=en-IN&gl=IN&ceid=IN:en
2026-09-01 12:47:34,340 | INFO | News RSS status for PIDILITIND: 200
2026-09-01 12:47:35,004 | INFO | News RSS query for PNB: https://news.google.com/rss/search?q=%22Punjab+National+Bank%22+NSE+when:10d&hl=en-IN&gl=IN&ceid=IN:en
2026-09-01 12:47:35,256 | INFO | News RSS status for PNB: 200
2026-09-01 12:47:39,562 | INFO | News RSS query for SHRIRAMFIN: https://news.google.com/rss/search?q=%22Shriram+Finance+Ltd.%22+NSE+when:10d&hl=en-IN&gl=IN&ceid=IN:en
2026-09-01 12:47:39,795 | INFO | News RSS status for SHRIRAMFIN: 200
2026-09-01 12:47:40,462 | INFO | News RSS query for SIEMENS: https://news.google.com/rss/search?q=%22Siemens+Ltd.%22+NSE+when:10d&hl=en-IN&gl=IN&ceid=IN:en
2026-09-01 12:47:40,717 | INFO | News RSS status for SIEMENS: 200
2026-09-01 12:47:41,392 | INFO | News RSS query for SOLARINDS: https://news.google.com/rss/search?q=%22Solar+Industries+India+Ltd.%22+NSE+when:10d&hl=en-IN&gl=IN&ceid=IN:en
2026-09-01 12:47:41,643 | INFO | News RSS status for SOLARINDS: 200
2026-09-01 12:47:42,313 | INFO | News RSS query for SUNPHARMA: https://news.google.com/rss/search?q=%22Sun+Pharmaceutical+Industries+Ltd.%22+NSE+when:10d&hl=en-IN&gl=IN&ceid=IN:en
2026-09-01 12:47:42,520 | INFO | News RSS status for SUNPHARMA: 200
2026-09-01 12:47:42,522 | INFO | News RSS query for SUNPHARMA: https://news.google.com/rss/search?q=%22Sun+Pharmaceutical+Industries+Ltd.%22+stock+when:10d&hl=en-IN&gl=IN&ceid=IN:en
2026-09-01 12:47:42,820 | INFO | News RSS status for SUNPHARMA: 200
2026-09-01 12:47:42,988 | INFO | News RSS query for TATACAP: https://news.google.com/rss/search?q=%22Tata+Capital+Ltd.%22+NSE+when:10d&hl=en-IN&gl=IN&ceid=IN:en
2026-09-01 12:47:43,299 | INFO | News RSS status for TATACAP: 200
2026-09-01 12:47:46,387 | INFO | News RSS query for TECHM: https://news.google.com/rss/search?q=%22Tech+Mahindra+Ltd.%22+NSE+when:10d&hl=en-IN&gl=IN&ceid=IN:en
2026-09-01 12:47:46,644 | INFO | News RSS status for TECHM: 200
2026-09-01 12:47:47,316 | INFO | News RSS query for TITAN: https://news.google.com/rss/search?q=%22Titan+Company+Ltd.%22+NSE+when:10d&hl=en-IN&gl=IN&ceid=IN:en
2026-09-01 12:47:47,533 | INFO | News RSS status for TITAN: 200
2026-09-01 12:47:47,601 | INFO | News RSS query for TITAN: https://news.google.com/rss/search?q=%22Titan+Company+Ltd.%22+NSE+when:10d&hl=en-IN&gl=IN&ceid=IN:en
2026-09-01 12:47:47,607 | INFO | News RSS status for TITAN: 200
2026-09-01 12:47:47,612 | WARNING | Skipping TMCV — only 201 bars available (need 220). Extend history_backfill_days in config.json to include this symbol.
2026-09-01 12:47:47,613 | WARNING | Skipping TMPV — only 218 bars available (need 220). Extend history_backfill_days in config.json to include this symbol.
2026-09-01 12:47:48,284 | INFO | News RSS query for TORNTPHARM: https://news.google.com/rss/search?q=%22Torrent+Pharmaceuticals+Ltd.%22+NSE+when:10d&hl=en-IN&gl=IN&ceid=IN:en
2026-09-01 12:47:48,501 | INFO | News RSS status for TORNTPHARM: 200
2026-09-01 12:47:48,504 | INFO | News RSS query for TORNTPHARM: https://news.google.com/rss/search?q=%22Torrent+Pharmaceuticals+Ltd.%22+stock+when:10d&hl=en-IN&gl=IN&ceid=IN:en
2026-09-01 12:47:48,726 | INFO | News RSS status for TORNTPHARM: 200
2026-09-01 12:47:49,995 | INFO | News RSS query for TVSMOTOR: https://news.google.com/rss/search?q=%22TVS+Motor+Company+Ltd.%22+NSE+when:10d&hl=en-IN&gl=IN&ceid=IN:en
2026-09-01 12:47:50,199 | INFO | News RSS status for TVSMOTOR: 200
2026-09-01 12:47:50,202 | INFO | News RSS query for TVSMOTOR: https://news.google.com/rss/search?q=%22TVS+Motor+Company+Ltd.%22+stock+when:10d&hl=en-IN&gl=IN&ceid=IN:en
2026-09-01 12:47:50,406 | INFO | News RSS status for TVSMOTOR: 200
2026-09-01 12:47:51,669 | INFO | News RSS query for UNIONBANK: https://news.google.com/rss/search?q=%22Union+Bank+of+India%22+NSE+when:10d&hl=en-IN&gl=IN&ceid=IN:en
2026-09-01 12:47:51,925 | INFO | News RSS status for UNIONBANK: 200
2026-09-01 12:47:52,237 | INFO | News RSS query for UNITDSPR: https://news.google.com/rss/search?q=%22United+Spirits+Ltd.%22+NSE+when:10d&hl=en-IN&gl=IN&ceid=IN:en
2026-09-01 12:47:52,430 | INFO | News RSS status for UNITDSPR: 200
2026-09-01 12:47:52,435 | WARNING | Skipping VAML — only 6 bars available (need 220). Extend history_backfill_days in config.json to include this symbol.
2026-09-01 12:47:53,649 | WARNING | Skipping VEDPOWER — only 4 bars available (need 220). Extend history_backfill_days in config.json to include this symbol.
2026-09-01 12:47:53,649 | WARNING | Skipping VISL — only 4 bars available (need 220). Extend history_backfill_days in config.json to include this symbol.
2026-09-01 12:47:53,650 | WARNING | Skipping VOGL — only 7 bars available (need 220). Extend history_backfill_days in config.json to include this symbol.
2026-09-01 12:47:54,938 | INFO | News RSS query for ZYDUSLIFE: https://news.google.com/rss/search?q=%22Zydus+Lifesciences+Ltd.%22+NSE+when:10d&hl=en-IN&gl=IN&ceid=IN:en
2026-09-01 12:47:55,146 | INFO | News RSS status for ZYDUSLIFE: 200
2026-09-01 12:47:55,158 | INFO | Index membership from cache: NIFTY 50 (50 symbols)
2026-09-01 12:47:55,158 | INFO | Index membership from cache: Nifty Next 50 (50 symbols)
2026-09-01 12:47:55,159 | INFO | Index membership ready: 100 symbols mapped
2026-09-01 12:47:55,159 | INFO | Market Health: fetching index OHLCV...
2026-09-01 12:47:55,162 | INFO | Index OHLCV cache fresh for NIFTY 50 (1453 rows)
2026-09-01 12:47:55,164 | INFO | Index OHLCV cache fresh for NIFTY NEXT 50 (1451 rows)
2026-09-01 12:47:55,164 | INFO | Market Health: fetching VIX...
2026-09-01 12:47:55,166 | INFO | VIX cache fresh (151 rows)
2026-09-01 12:47:55,166 | INFO | Market Health: updating breadth EMA cache...
2026-09-01 12:47:57,064 | INFO | Breadth EMA cache: 134864 total rows (+100)
2026-09-01 12:47:57,087 | INFO | Market Health [NIFTY 50]: Score=-7.0 | Sideways &#x1F7E0;
2026-09-01 12:47:57,105 | INFO | Market Health [Nifty Next 50]: Score=-12.0 | Sideways &#x1F7E0;
2026-09-01 12:47:57,162 | INFO | Signal log: appended 3 new signals. Total rows: 734
2026-09-01 12:47:57,162 | INFO | Signal log written/updated: /home/runner/work/nifty100-reporter/nifty100-reporter/data/nifty100_signal_log.csv
2026-09-01 12:47:58,575 | INFO | Signal tracker: updated 190 Active signal rows.
2026-09-01 12:47:58,593 | INFO | HTML report written: /home/runner/work/nifty100-reporter/nifty100-reporter/reports/nifty100_daily_report_20260901.html
2026-09-01 12:47:58,602 | INFO | Market Health Excel sheet written.
2026-09-01 12:48:00,173 | INFO | Excel report written: /home/runner/work/nifty100-reporter/nifty100-reporter/reports/nifty100_daily_report_20260901.xlsx
2026-09-01 12:48:00,173 | INFO | GitHub Actions detected — skipping Gmail API send (workflow handles email).
2026-09-01 12:48:00,173 | INFO | Run completed successfully.
2026-09-01 12:48:00,173 | INFO | Artifacts: /home/runner/work/nifty100-reporter/nifty100-reporter/reports/nifty100_daily_report_20260901.html | /home/runner/work/nifty100-reporter/nifty100-reporter/reports/nifty100_daily_report_20260901.xlsx | log: /home/runner/work/nifty100-reporter/nifty100-reporter/logs/run_20260901_181549.log
