2026-06-22 12:46:09,973 | INFO | Nifty 100 Daily EMA Cross Reporter | Version 3.3.8 | Released 2026-04-17
2026-06-22 12:46:09,973 | INFO | Base directory: /home/runner/work/nifty100-reporter/nifty100-reporter
2026-06-22 12:46:09,974 | INFO | Loaded config. Email enabled: True | Recipients: 1
2026-06-22 12:46:10,067 | WARNING | NSE session bootstrap HTTP 403 (attempt 1/5) — refreshing NSE session cookie …
2026-06-22 12:46:20,696 | INFO | NSE session bootstrap status: 200
2026-06-22 12:46:20,697 | INFO | Downloading Nifty 100 universe from https://www.niftyindices.com/IndexConstituent/ind_nifty100list.csv
2026-06-22 12:46:21,213 | INFO | Universe download status: 200
2026-06-22 12:46:21,216 | INFO | Universe rows loaded: 102
2026-06-22 12:46:21,277 | INFO | Loaded history rows: 129851
2026-06-22 12:46:21,281 | INFO | yfinance history update: 102 symbols | 2026-06-18 → 2026-06-23
2026-06-22 12:46:21,282 | INFO | yfinance batch download: 102 symbols | 2026-06-18 → 2026-06-23
2026-06-22 12:46:21,283 | INFO | Failed to create TzCache, reason: Error creating TzCache folder: '/home/runner/.cache/py-yfinance' reason: [Errno 17] File exists: '/home/runner/.cache/py-yfinance'. TzCache will not be used. Tip: You can direct cache to use a different location with 'set_tz_cache_location(mylocation)'
2026-06-22 12:46:27,751 | INFO | yfinance raw shape: (3, 510)
2026-06-22 12:46:27,918 | INFO | yfinance parsed rows after date-filter: 306
2026-06-22 12:46:27,919 | INFO | New rows from yfinance: 306
2026-06-22 12:46:28,399 | INFO | Saved history rows: 129953 | file: /home/runner/work/nifty100-reporter/nifty100-reporter/data/nifty100_ohlcv_history.csv
2026-06-22 12:46:28,459 | INFO | Loaded history rows: 129953
2026-06-22 12:46:28,460 | INFO | Latest OHLCV data is from 2026-06-22
2026-06-22 12:46:28,474 | INFO | Latest Delivery data is from 2026-06-19
2026-06-22 12:46:28,499 | INFO | Delivery cache has 30 dates — skipping backfill.
2026-06-22 12:46:28,499 | INFO | Delivery fetch attempt [0/7] — URL: https://archives.nseindia.com/products/content/sec_bhavdata_full_22062026.csv
2026-06-22 12:46:29,311 | INFO | Delivery fetch SUCCESS — date: 2026-06-22 | size: 374552 bytes | URL: https://archives.nseindia.com/products/content/sec_bhavdata_full_22062026.csv
2026-06-22 12:46:29,514 | INFO | Delivery cache updated: 2419 symbols for 2026-06-22 (rows in cache: 68365)
2026-06-22 12:46:29,514 | INFO | Delivery data: 2419 symbols | fallback=False
2026-06-22 12:46:29,900 | INFO | Corporate actions bulk OK: 86 raw rows | 14 Nifty100 symbols with events
2026-06-22 12:46:54,793 | INFO | Corporate actions: 14/102 symbols have events (window 22-06-2026 to 22-07-2026) | Symbols: ASIANPAINT, AXISBANK, BAJAJ-AUTO, BAJAJFINSV, BAJAJHLDNG, BAJFINANCE, CHOLAFIN, HINDUNILVR, INDHOTEL, MOTHERSON, NESTLEIND, SHRIRAMFIN, TATAPOWER, TECHM
2026-06-22 12:46:54,793 | INFO | Index membership from cache: NIFTY 50 (50 symbols)
2026-06-22 12:46:54,793 | INFO | Index membership from cache: Nifty Next 50 (50 symbols)
2026-06-22 12:46:54,793 | INFO | Index membership ready: 100 symbols mapped
2026-06-22 12:46:55,057 | INFO | News RSS query for ABB: https://news.google.com/rss/search?q=%22ABB+India+Ltd.%22+NSE+when:10d&hl=en-IN&gl=IN&ceid=IN:en
2026-06-22 12:46:55,389 | INFO | News RSS status for ABB: 200
2026-06-22 12:46:55,538 | INFO | News RSS query for ADANIENSOL: https://news.google.com/rss/search?q=%22Adani+Energy+Solutions+Ltd.%22+NSE+when:10d&hl=en-IN&gl=IN&ceid=IN:en
2026-06-22 12:46:55,735 | INFO | News RSS status for ADANIENSOL: 200
2026-06-22 12:46:55,994 | INFO | News RSS query for ADANIENT: https://news.google.com/rss/search?q=%22Adani+Enterprises+Ltd.%22+NSE+when:10d&hl=en-IN&gl=IN&ceid=IN:en
2026-06-22 12:46:56,213 | INFO | News RSS status for ADANIENT: 200
2026-06-22 12:46:56,472 | INFO | News RSS query for ADANIGREEN: https://news.google.com/rss/search?q=%22Adani+Green+Energy+Ltd.%22+NSE+when:10d&hl=en-IN&gl=IN&ceid=IN:en
2026-06-22 12:46:56,690 | INFO | News RSS status for ADANIGREEN: 200
2026-06-22 12:46:56,726 | INFO | News RSS query for ADANIGREEN: https://news.google.com/rss/search?q=%22Adani+Green+Energy+Ltd.%22+NSE+when:10d&hl=en-IN&gl=IN&ceid=IN:en
2026-06-22 12:46:56,738 | INFO | News RSS status for ADANIGREEN: 200
2026-06-22 12:46:57,001 | INFO | News RSS query for ADANIPORTS: https://news.google.com/rss/search?q=%22Adani+Ports+and+Special+Economic+Zone+Ltd.%22+NSE+when:10d&hl=en-IN&gl=IN&ceid=IN:en
2026-06-22 12:46:57,209 | INFO | News RSS status for ADANIPORTS: 200
2026-06-22 12:46:57,472 | INFO | News RSS query for ADANIPOWER: https://news.google.com/rss/search?q=%22Adani+Power+Ltd.%22+NSE+when:10d&hl=en-IN&gl=IN&ceid=IN:en
2026-06-22 12:46:57,700 | INFO | News RSS status for ADANIPOWER: 200
2026-06-22 12:46:58,171 | INFO | News RSS query for APOLLOHOSP: https://news.google.com/rss/search?q=%22Apollo+Hospitals+Enterprise+Ltd.%22+NSE+when:10d&hl=en-IN&gl=IN&ceid=IN:en
2026-06-22 12:46:58,421 | INFO | News RSS status for APOLLOHOSP: 200
2026-06-22 12:46:58,678 | INFO | News RSS query for ASIANPAINT: https://news.google.com/rss/search?q=%22Asian+Paints+Ltd.%22+NSE+when:10d&hl=en-IN&gl=IN&ceid=IN:en
2026-06-22 12:46:58,890 | INFO | News RSS status for ASIANPAINT: 200
2026-06-22 12:46:59,145 | INFO | News RSS query for AXISBANK: https://news.google.com/rss/search?q=%22Axis+Bank+Ltd.%22+NSE+when:10d&hl=en-IN&gl=IN&ceid=IN:en
2026-06-22 12:46:59,415 | INFO | News RSS status for AXISBANK: 200
2026-06-22 12:47:00,557 | INFO | News RSS query for BANKBARODA: https://news.google.com/rss/search?q=%22Bank+of+Baroda%22+NSE+when:10d&hl=en-IN&gl=IN&ceid=IN:en
2026-06-22 12:47:00,848 | INFO | News RSS status for BANKBARODA: 200
2026-06-22 12:47:01,537 | INFO | News RSS query for BOSCHLTD: https://news.google.com/rss/search?q=%22Bosch+Ltd.%22+NSE+when:10d&hl=en-IN&gl=IN&ceid=IN:en
2026-06-22 12:47:01,779 | INFO | News RSS status for BOSCHLTD: 200
2026-06-22 12:47:02,706 | INFO | News RSS query for CGPOWER: https://news.google.com/rss/search?q=%22CG+Power+and+Industrial+Solutions+Ltd.%22+NSE+when:10d&hl=en-IN&gl=IN&ceid=IN:en
2026-06-22 12:47:02,892 | INFO | News RSS status for CGPOWER: 200
2026-06-22 12:47:02,893 | INFO | News RSS query for CGPOWER: https://news.google.com/rss/search?q=%22CG+Power+and+Industrial+Solutions+Ltd.%22+stock+when:10d&hl=en-IN&gl=IN&ceid=IN:en
2026-06-22 12:47:03,175 | INFO | News RSS status for CGPOWER: 200
2026-06-22 12:47:03,176 | INFO | News RSS query for CGPOWER: https://news.google.com/rss/search?q=CGPOWER+NSE+when:10d&hl=en-IN&gl=IN&ceid=IN:en
2026-06-22 12:47:03,392 | INFO | News RSS status for CGPOWER: 200
2026-06-22 12:47:03,393 | INFO | News RSS query for CGPOWER: https://news.google.com/rss/search?q=site%3Aeconomictimes.indiatimes.com+%22CG+Power+and+Industrial+Solutions+Ltd.%22+when:10d&hl=en-IN&gl=IN&ceid=IN:en
2026-06-22 12:47:03,588 | INFO | News RSS status for CGPOWER: 200
2026-06-22 12:47:03,589 | INFO | News RSS query for CGPOWER: https://news.google.com/rss/search?q=site%3Amoneycontrol.com+%22CG+Power+and+Industrial+Solutions+Ltd.%22+when:10d&hl=en-IN&gl=IN&ceid=IN:en
2026-06-22 12:47:03,772 | INFO | News RSS status for CGPOWER: 200
2026-06-22 12:47:03,773 | INFO | News RSS query for CGPOWER: https://news.google.com/rss/search?q=site%3Abusinessstandard.com+%22CG+Power+and+Industrial+Solutions+Ltd.%22+when:10d&hl=en-IN&gl=IN&ceid=IN:en
2026-06-22 12:47:03,951 | INFO | News RSS status for CGPOWER: 200
2026-06-22 12:47:04,426 | INFO | News RSS query for CIPLA: https://news.google.com/rss/search?q=%22Cipla+Ltd.%22+NSE+when:10d&hl=en-IN&gl=IN&ceid=IN:en
2026-06-22 12:47:04,693 | INFO | News RSS status for CIPLA: 200
2026-06-22 12:47:05,167 | INFO | News RSS query for CUMMINSIND: https://news.google.com/rss/search?q=%22Cummins+India+Ltd.%22+NSE+when:10d&hl=en-IN&gl=IN&ceid=IN:en
2026-06-22 12:47:05,414 | INFO | News RSS status for CUMMINSIND: 200
2026-06-22 12:47:05,482 | INFO | News RSS query for CUMMINSIND: https://news.google.com/rss/search?q=%22Cummins+India+Ltd.%22+NSE+when:10d&hl=en-IN&gl=IN&ceid=IN:en
2026-06-22 12:47:05,494 | INFO | News RSS status for CUMMINSIND: 200
2026-06-22 12:47:05,754 | INFO | News RSS query for DIVISLAB: https://news.google.com/rss/search?q=%22Divi%27s+Laboratories+Ltd.%22+NSE+when:10d&hl=en-IN&gl=IN&ceid=IN:en
2026-06-22 12:47:05,952 | INFO | News RSS status for DIVISLAB: 200
2026-06-22 12:47:05,953 | INFO | News RSS query for DIVISLAB: https://news.google.com/rss/search?q=%22Divi%27s+Laboratories+Ltd.%22+stock+when:10d&hl=en-IN&gl=IN&ceid=IN:en
2026-06-22 12:47:06,229 | INFO | News RSS status for DIVISLAB: 200
2026-06-22 12:47:06,229 | INFO | News RSS query for DIVISLAB: https://news.google.com/rss/search?q=DIVISLAB+NSE+when:10d&hl=en-IN&gl=IN&ceid=IN:en
2026-06-22 12:47:06,485 | INFO | News RSS status for DIVISLAB: 200
2026-06-22 12:47:06,486 | INFO | News RSS query for DIVISLAB: https://news.google.com/rss/search?q=site%3Aeconomictimes.indiatimes.com+%22Divi%27s+Laboratories+Ltd.%22+when:10d&hl=en-IN&gl=IN&ceid=IN:en
2026-06-22 12:47:06,701 | INFO | News RSS status for DIVISLAB: 200
2026-06-22 12:47:06,702 | INFO | News RSS query for DIVISLAB: https://news.google.com/rss/search?q=site%3Amoneycontrol.com+%22Divi%27s+Laboratories+Ltd.%22+when:10d&hl=en-IN&gl=IN&ceid=IN:en
2026-06-22 12:47:06,874 | INFO | News RSS status for DIVISLAB: 200
2026-06-22 12:47:06,874 | INFO | News RSS query for DIVISLAB: https://news.google.com/rss/search?q=site%3Abusinessstandard.com+%22Divi%27s+Laboratories+Ltd.%22+when:10d&hl=en-IN&gl=IN&ceid=IN:en
2026-06-22 12:47:07,039 | INFO | News RSS status for DIVISLAB: 200
2026-06-22 12:47:07,972 | INFO | News RSS query for EICHERMOT: https://news.google.com/rss/search?q=%22Eicher+Motors+Ltd.%22+NSE+when:10d&hl=en-IN&gl=IN&ceid=IN:en
2026-06-22 12:47:08,186 | INFO | News RSS status for EICHERMOT: 200
2026-06-22 12:47:08,263 | INFO | News RSS query for ENRIN: https://news.google.com/rss/search?q=%22Siemens+Energy+India+Ltd.%22+NSE+when:10d&hl=en-IN&gl=IN&ceid=IN:en
2026-06-22 12:47:08,507 | INFO | News RSS status for ENRIN: 200
2026-06-22 12:47:08,946 | INFO | News RSS query for GAIL: https://news.google.com/rss/search?q=%22GAIL+%28India%29+Ltd.%22+NSE+when:10d&hl=en-IN&gl=IN&ceid=IN:en
2026-06-22 12:47:09,161 | INFO | News RSS status for GAIL: 200
2026-06-22 12:47:09,198 | INFO | News RSS query for GAIL: https://news.google.com/rss/search?q=%22GAIL+%28India%29+Ltd.%22+NSE+when:10d&hl=en-IN&gl=IN&ceid=IN:en
2026-06-22 12:47:09,210 | INFO | News RSS status for GAIL: 200
2026-06-22 12:47:09,684 | INFO | News RSS query for GRASIM: https://news.google.com/rss/search?q=%22Grasim+Industries+Ltd.%22+NSE+when:10d&hl=en-IN&gl=IN&ceid=IN:en
2026-06-22 12:47:09,899 | INFO | News RSS status for GRASIM: 200
2026-06-22 12:47:09,901 | INFO | News RSS query for GRASIM: https://news.google.com/rss/search?q=%22Grasim+Industries+Ltd.%22+stock+when:10d&hl=en-IN&gl=IN&ceid=IN:en
2026-06-22 12:47:10,163 | INFO | News RSS status for GRASIM: 200
2026-06-22 12:47:10,206 | INFO | News RSS query for GRASIM: https://news.google.com/rss/search?q=%22Grasim+Industries+Ltd.%22+NSE+when:10d&hl=en-IN&gl=IN&ceid=IN:en
2026-06-22 12:47:10,219 | INFO | News RSS status for GRASIM: 200
2026-06-22 12:47:10,222 | INFO | News RSS query for GRASIM: https://news.google.com/rss/search?q=%22Grasim+Industries+Ltd.%22+stock+when:10d&hl=en-IN&gl=IN&ceid=IN:en
2026-06-22 12:47:10,235 | INFO | News RSS status for GRASIM: 200
2026-06-22 12:47:14,221 | INFO | News RSS query for JSWSTEEL: https://news.google.com/rss/search?q=%22JSW+Steel+Ltd.%22+NSE+when:10d&hl=en-IN&gl=IN&ceid=IN:en
2026-06-22 12:47:14,436 | INFO | News RSS status for JSWSTEEL: 200
2026-06-22 12:47:15,098 | INFO | News RSS query for LT: https://news.google.com/rss/search?q=%22Larsen+%26+Toubro+Ltd.%22+NSE+when:10d&hl=en-IN&gl=IN&ceid=IN:en
2026-06-22 12:47:15,338 | INFO | News RSS status for LT: 200
2026-06-22 12:47:15,340 | INFO | News RSS query for LT: https://news.google.com/rss/search?q=%22Larsen+%26+Toubro+Ltd.%22+stock+when:10d&hl=en-IN&gl=IN&ceid=IN:en
2026-06-22 12:47:15,628 | INFO | News RSS status for LT: 200
2026-06-22 12:47:15,631 | WARNING | Skipping LTM — only 83 bars available (need 220). Extend history_backfill_days in config.json to include this symbol.
2026-06-22 12:47:16,729 | INFO | News RSS query for MOTHERSON: https://news.google.com/rss/search?q=%22Samvardhana+Motherson+International+Ltd.%22+NSE+when:10d&hl=en-IN&gl=IN&ceid=IN:en
2026-06-22 12:47:16,926 | INFO | News RSS status for MOTHERSON: 200
2026-06-22 12:47:16,927 | INFO | News RSS query for MOTHERSON: https://news.google.com/rss/search?q=%22Samvardhana+Motherson+International+Ltd.%22+stock+when:10d&hl=en-IN&gl=IN&ceid=IN:en
2026-06-22 12:47:17,143 | INFO | News RSS status for MOTHERSON: 200
2026-06-22 12:47:17,179 | INFO | News RSS query for MOTHERSON: https://news.google.com/rss/search?q=%22Samvardhana+Motherson+International+Ltd.%22+NSE+when:10d&hl=en-IN&gl=IN&ceid=IN:en
2026-06-22 12:47:17,191 | INFO | News RSS status for MOTHERSON: 200
2026-06-22 12:47:17,192 | INFO | News RSS query for MOTHERSON: https://news.google.com/rss/search?q=%22Samvardhana+Motherson+International+Ltd.%22+stock+when:10d&hl=en-IN&gl=IN&ceid=IN:en
2026-06-22 12:47:17,204 | INFO | News RSS status for MOTHERSON: 200
2026-06-22 12:47:18,553 | INFO | News RSS query for PIDILITIND: https://news.google.com/rss/search?q=%22Pidilite+Industries+Ltd.%22+NSE+when:10d&hl=en-IN&gl=IN&ceid=IN:en
2026-06-22 12:47:18,763 | INFO | News RSS status for PIDILITIND: 200
2026-06-22 12:47:18,765 | INFO | News RSS query for PIDILITIND: https://news.google.com/rss/search?q=%22Pidilite+Industries+Ltd.%22+stock+when:10d&hl=en-IN&gl=IN&ceid=IN:en
2026-06-22 12:47:19,039 | INFO | News RSS status for PIDILITIND: 200
2026-06-22 12:47:20,800 | INFO | News RSS query for SHRIRAMFIN: https://news.google.com/rss/search?q=%22Shriram+Finance+Ltd.%22+NSE+when:10d&hl=en-IN&gl=IN&ceid=IN:en
2026-06-22 12:47:21,061 | INFO | News RSS status for SHRIRAMFIN: 200
2026-06-22 12:47:21,098 | INFO | News RSS query for SHRIRAMFIN: https://news.google.com/rss/search?q=%22Shriram+Finance+Ltd.%22+NSE+when:10d&hl=en-IN&gl=IN&ceid=IN:en
2026-06-22 12:47:21,111 | INFO | News RSS status for SHRIRAMFIN: 200
2026-06-22 12:47:21,369 | INFO | News RSS query for SIEMENS: https://news.google.com/rss/search?q=%22Siemens+Ltd.%22+NSE+when:10d&hl=en-IN&gl=IN&ceid=IN:en
2026-06-22 12:47:21,616 | INFO | News RSS status for SIEMENS: 200
2026-06-22 12:47:21,873 | INFO | News RSS query for SOLARINDS: https://news.google.com/rss/search?q=%22Solar+Industries+India+Ltd.%22+NSE+when:10d&hl=en-IN&gl=IN&ceid=IN:en
2026-06-22 12:47:22,109 | INFO | News RSS status for SOLARINDS: 200
2026-06-22 12:47:22,363 | INFO | News RSS query for SUNPHARMA: https://news.google.com/rss/search?q=%22Sun+Pharmaceutical+Industries+Ltd.%22+NSE+when:10d&hl=en-IN&gl=IN&ceid=IN:en
2026-06-22 12:47:22,976 | INFO | News RSS status for SUNPHARMA: 200
2026-06-22 12:47:22,979 | WARNING | Skipping TATACAP — only 171 bars available (need 220). Extend history_backfill_days in config.json to include this symbol.
2026-06-22 12:47:24,280 | INFO | News RSS query for TITAN: https://news.google.com/rss/search?q=%22Titan+Company+Ltd.%22+NSE+when:10d&hl=en-IN&gl=IN&ceid=IN:en
2026-06-22 12:47:24,550 | INFO | News RSS status for TITAN: 200
2026-06-22 12:47:24,554 | WARNING | Skipping TMCV — only 151 bars available (need 220). Extend history_backfill_days in config.json to include this symbol.
2026-06-22 12:47:24,554 | WARNING | Skipping TMPV — only 168 bars available (need 220). Extend history_backfill_days in config.json to include this symbol.
2026-06-22 12:47:24,807 | INFO | News RSS query for TORNTPHARM: https://news.google.com/rss/search?q=%22Torrent+Pharmaceuticals+Ltd.%22+NSE+when:10d&hl=en-IN&gl=IN&ceid=IN:en
2026-06-22 12:47:25,066 | INFO | News RSS status for TORNTPHARM: 200
2026-06-22 12:47:26,016 | WARNING | Skipping VAML — only 6 bars available (need 220). Extend history_backfill_days in config.json to include this symbol.
2026-06-22 12:47:26,269 | INFO | News RSS query for VBL: https://news.google.com/rss/search?q=%22Varun+Beverages+Ltd.%22+NSE+when:10d&hl=en-IN&gl=IN&ceid=IN:en
2026-06-22 12:47:26,506 | INFO | News RSS status for VBL: 200
2026-06-22 12:47:26,730 | WARNING | Skipping VEDPOWER — only 4 bars available (need 220). Extend history_backfill_days in config.json to include this symbol.
2026-06-22 12:47:26,730 | WARNING | Skipping VISL — only 4 bars available (need 220). Extend history_backfill_days in config.json to include this symbol.
2026-06-22 12:47:26,730 | WARNING | Skipping VOGL — only 6 bars available (need 220). Extend history_backfill_days in config.json to include this symbol.
2026-06-22 12:47:27,187 | INFO | News RSS query for ZYDUSLIFE: https://news.google.com/rss/search?q=%22Zydus+Lifesciences+Ltd.%22+NSE+when:10d&hl=en-IN&gl=IN&ceid=IN:en
2026-06-22 12:47:29,610 | INFO | News RSS status for ZYDUSLIFE: 200
2026-06-22 12:47:29,611 | INFO | News RSS query for ZYDUSLIFE: https://news.google.com/rss/search?q=%22Zydus+Lifesciences+Ltd.%22+stock+when:10d&hl=en-IN&gl=IN&ceid=IN:en
2026-06-22 12:47:29,810 | INFO | News RSS status for ZYDUSLIFE: 200
2026-06-22 12:47:29,844 | INFO | News RSS query for ZYDUSLIFE: https://news.google.com/rss/search?q=%22Zydus+Lifesciences+Ltd.%22+NSE+when:10d&hl=en-IN&gl=IN&ceid=IN:en
2026-06-22 12:47:29,855 | INFO | News RSS status for ZYDUSLIFE: 200
2026-06-22 12:47:29,857 | INFO | News RSS query for ZYDUSLIFE: https://news.google.com/rss/search?q=%22Zydus+Lifesciences+Ltd.%22+stock+when:10d&hl=en-IN&gl=IN&ceid=IN:en
2026-06-22 12:47:29,869 | INFO | News RSS status for ZYDUSLIFE: 200
2026-06-22 12:47:29,873 | INFO | Index membership from cache: NIFTY 50 (50 symbols)
2026-06-22 12:47:29,874 | INFO | Index membership from cache: Nifty Next 50 (50 symbols)
2026-06-22 12:47:29,874 | INFO | Index membership ready: 100 symbols mapped
2026-06-22 12:47:29,874 | INFO | Market Health: fetching index OHLCV...
2026-06-22 12:47:29,876 | INFO | Index OHLCV cache fresh for NIFTY 50 (1405 rows)
2026-06-22 12:47:29,877 | INFO | Index OHLCV cache fresh for NIFTY NEXT 50 (1405 rows)
2026-06-22 12:47:29,877 | INFO | Market Health: fetching VIX...
2026-06-22 12:47:29,878 | INFO | VIX cache fresh (103 rows)
2026-06-22 12:47:29,878 | INFO | Market Health: updating breadth EMA cache...
2026-06-22 12:47:30,763 | INFO | Breadth EMA cache: 129864 total rows (+100)
2026-06-22 12:47:30,776 | INFO | Market Health [NIFTY 50]: Score=35.5 | Weak Bull &#x1F7E1;
2026-06-22 12:47:30,786 | INFO | Market Health [Nifty Next 50]: Score=64.5 | Strong Bull &#x1F7E2;
2026-06-22 12:47:30,824 | INFO | Signal log: appended 8 new signals. Total rows: 310
2026-06-22 12:47:30,825 | INFO | Signal log written/updated: /home/runner/work/nifty100-reporter/nifty100-reporter/data/nifty100_signal_log.csv
2026-06-22 12:47:31,283 | INFO | Signal tracker: updated 149 Active signal rows.
2026-06-22 12:47:31,291 | INFO | HTML report written: /home/runner/work/nifty100-reporter/nifty100-reporter/reports/nifty100_daily_report_20260622.html
2026-06-22 12:47:31,296 | INFO | Market Health Excel sheet written.
2026-06-22 12:47:31,845 | INFO | Excel report written: /home/runner/work/nifty100-reporter/nifty100-reporter/reports/nifty100_daily_report_20260622.xlsx
2026-06-22 12:47:31,845 | INFO | GitHub Actions detected — skipping Gmail API send (workflow handles email).
2026-06-22 12:47:31,845 | INFO | Run completed successfully.
2026-06-22 12:47:31,845 | INFO | Artifacts: /home/runner/work/nifty100-reporter/nifty100-reporter/reports/nifty100_daily_report_20260622.html | /home/runner/work/nifty100-reporter/nifty100-reporter/reports/nifty100_daily_report_20260622.xlsx | log: /home/runner/work/nifty100-reporter/nifty100-reporter/logs/run_20260622_181609.log
