2026-06-25 12:45:59,690 | INFO | Nifty 100 Daily EMA Cross Reporter | Version 3.3.8 | Released 2026-04-17
2026-06-25 12:45:59,690 | INFO | Base directory: /home/runner/work/nifty100-reporter/nifty100-reporter
2026-06-25 12:45:59,691 | INFO | Loaded config. Email enabled: True | Recipients: 1
2026-06-25 12:46:00,328 | WARNING | NSE session bootstrap HTTP 403 (attempt 1/5) — refreshing NSE session cookie …
2026-06-25 12:46:12,036 | INFO | NSE session bootstrap status: 200
2026-06-25 12:46:12,037 | INFO | Downloading Nifty 100 universe from https://www.niftyindices.com/IndexConstituent/ind_nifty100list.csv
2026-06-25 12:46:12,583 | INFO | Universe download status: 200
2026-06-25 12:46:12,589 | INFO | Universe rows loaded: 100
2026-06-25 12:46:12,719 | INFO | Loaded history rows: 130154
2026-06-25 12:46:12,728 | INFO | yfinance history update: 100 symbols | 2026-06-23 → 2026-06-26
2026-06-25 12:46:12,728 | INFO | yfinance batch download: 100 symbols | 2026-06-23 → 2026-06-26
2026-06-25 12:46:17,524 | INFO | yfinance raw shape: (3, 500)
2026-06-25 12:46:17,830 | INFO | yfinance parsed rows after date-filter: 300
2026-06-25 12:46:17,831 | INFO | New rows from yfinance: 300
2026-06-25 12:46:18,589 | INFO | Saved history rows: 130254 | file: /home/runner/work/nifty100-reporter/nifty100-reporter/data/nifty100_ohlcv_history.csv
2026-06-25 12:46:18,690 | INFO | Loaded history rows: 130254
2026-06-25 12:46:18,691 | INFO | Latest OHLCV data is from 2026-06-25
2026-06-25 12:46:18,715 | INFO | Latest Delivery data is from 2026-06-24
2026-06-25 12:46:18,757 | INFO | Delivery cache has 29 dates — skipping backfill.
2026-06-25 12:46:18,757 | INFO | Delivery fetch attempt [0/7] — URL: https://archives.nseindia.com/products/content/sec_bhavdata_full_25062026.csv
2026-06-25 12:46:19,269 | INFO | Delivery fetch SUCCESS — date: 2026-06-25 | size: 370291 bytes | URL: https://archives.nseindia.com/products/content/sec_bhavdata_full_25062026.csv
2026-06-25 12:46:19,595 | INFO | Delivery cache updated: 2406 symbols for 2026-06-25 (rows in cache: 73141)
2026-06-25 12:46:19,595 | INFO | Delivery data: 2406 symbols | fallback=False
2026-06-25 12:46:20,507 | INFO | Corporate actions bulk OK: 130 raw rows | 19 Nifty100 symbols with events
2026-06-25 12:47:36,823 | INFO | Corporate actions: 19/100 symbols have events (window 25-06-2026 to 25-07-2026) | Symbols: AXISBANK, BAJAJFINSV, BAJAJHLDNG, BAJFINANCE, CHOLAFIN, CUMMINSIND, DIVISLAB, HINDALCO, JSWSTEEL, M&M, MAXHEALTH, MOTHERSON, NESTLEIND, SHRIRAMFIN, SUNPHARMA, TECHM, UNIONBANK, UNITDSPR, ZYDUSLIFE
2026-06-25 12:47:36,823 | INFO | Index membership from cache: NIFTY 50 (50 symbols)
2026-06-25 12:47:36,824 | INFO | Index membership from cache: Nifty Next 50 (50 symbols)
2026-06-25 12:47:36,824 | INFO | Index membership ready: 100 symbols mapped
2026-06-25 12:47:37,276 | INFO | News RSS query for ABB: https://news.google.com/rss/search?q=%22ABB+India+Ltd.%22+NSE+when:10d&hl=en-IN&gl=IN&ceid=IN:en
2026-06-25 12:47:37,535 | INFO | News RSS status for ABB: 200
2026-06-25 12:47:37,790 | INFO | News RSS query for ADANIENSOL: https://news.google.com/rss/search?q=%22Adani+Energy+Solutions+Ltd.%22+NSE+when:10d&hl=en-IN&gl=IN&ceid=IN:en
2026-06-25 12:47:38,002 | INFO | News RSS status for ADANIENSOL: 200
2026-06-25 12:47:38,439 | INFO | News RSS query for ADANIENT: https://news.google.com/rss/search?q=%22Adani+Enterprises+Ltd.%22+NSE+when:10d&hl=en-IN&gl=IN&ceid=IN:en
2026-06-25 12:47:38,655 | INFO | News RSS status for ADANIENT: 200
2026-06-25 12:47:39,090 | INFO | News RSS query for ADANIGREEN: https://news.google.com/rss/search?q=%22Adani+Green+Energy+Ltd.%22+NSE+when:10d&hl=en-IN&gl=IN&ceid=IN:en
2026-06-25 12:47:39,281 | INFO | News RSS status for ADANIGREEN: 200
2026-06-25 12:47:39,342 | INFO | News RSS query for ADANIGREEN: https://news.google.com/rss/search?q=%22Adani+Green+Energy+Ltd.%22+NSE+when:10d&hl=en-IN&gl=IN&ceid=IN:en
2026-06-25 12:47:39,351 | INFO | News RSS status for ADANIGREEN: 200
2026-06-25 12:47:39,783 | INFO | News RSS query for ADANIPORTS: https://news.google.com/rss/search?q=%22Adani+Ports+and+Special+Economic+Zone+Ltd.%22+NSE+when:10d&hl=en-IN&gl=IN&ceid=IN:en
2026-06-25 12:47:39,996 | INFO | News RSS status for ADANIPORTS: 200
2026-06-25 12:47:40,430 | INFO | News RSS query for ADANIPOWER: https://news.google.com/rss/search?q=%22Adani+Power+Ltd.%22+NSE+when:10d&hl=en-IN&gl=IN&ceid=IN:en
2026-06-25 12:47:40,612 | INFO | News RSS status for ADANIPOWER: 200
2026-06-25 12:47:40,615 | INFO | News RSS query for ADANIPOWER: https://news.google.com/rss/search?q=%22Adani+Power+Ltd.%22+stock+when:10d&hl=en-IN&gl=IN&ceid=IN:en
2026-06-25 12:47:40,826 | INFO | News RSS status for ADANIPOWER: 200
2026-06-25 12:47:41,637 | INFO | News RSS query for APOLLOHOSP: https://news.google.com/rss/search?q=%22Apollo+Hospitals+Enterprise+Ltd.%22+NSE+when:10d&hl=en-IN&gl=IN&ceid=IN:en
2026-06-25 12:47:41,863 | INFO | News RSS status for APOLLOHOSP: 200
2026-06-25 12:47:42,297 | INFO | News RSS query for ASIANPAINT: https://news.google.com/rss/search?q=%22Asian+Paints+Ltd.%22+NSE+when:10d&hl=en-IN&gl=IN&ceid=IN:en
2026-06-25 12:47:42,501 | INFO | News RSS status for ASIANPAINT: 200
2026-06-25 12:47:42,940 | INFO | News RSS query for AXISBANK: https://news.google.com/rss/search?q=%22Axis+Bank+Ltd.%22+NSE+when:10d&hl=en-IN&gl=IN&ceid=IN:en
2026-06-25 12:47:43,146 | INFO | News RSS status for AXISBANK: 200
2026-06-25 12:47:45,105 | INFO | News RSS query for BANKBARODA: https://news.google.com/rss/search?q=%22Bank+of+Baroda%22+NSE+when:10d&hl=en-IN&gl=IN&ceid=IN:en
2026-06-25 12:47:45,396 | INFO | News RSS status for BANKBARODA: 200
2026-06-25 12:47:46,587 | INFO | News RSS query for BOSCHLTD: https://news.google.com/rss/search?q=%22Bosch+Ltd.%22+NSE+when:10d&hl=en-IN&gl=IN&ceid=IN:en
2026-06-25 12:47:46,785 | INFO | News RSS status for BOSCHLTD: 200
2026-06-25 12:47:48,361 | INFO | News RSS query for CGPOWER: https://news.google.com/rss/search?q=%22CG+Power+and+Industrial+Solutions+Ltd.%22+NSE+when:10d&hl=en-IN&gl=IN&ceid=IN:en
2026-06-25 12:47:48,551 | INFO | News RSS status for CGPOWER: 200
2026-06-25 12:47:48,552 | INFO | News RSS query for CGPOWER: https://news.google.com/rss/search?q=%22CG+Power+and+Industrial+Solutions+Ltd.%22+stock+when:10d&hl=en-IN&gl=IN&ceid=IN:en
2026-06-25 12:47:48,753 | INFO | News RSS status for CGPOWER: 200
2026-06-25 12:47:48,755 | INFO | News RSS query for CGPOWER: https://news.google.com/rss/search?q=CGPOWER+NSE+when:10d&hl=en-IN&gl=IN&ceid=IN:en
2026-06-25 12:47:48,969 | INFO | News RSS status for CGPOWER: 200
2026-06-25 12:47:49,029 | INFO | News RSS query for CGPOWER: https://news.google.com/rss/search?q=%22CG+Power+and+Industrial+Solutions+Ltd.%22+NSE+when:10d&hl=en-IN&gl=IN&ceid=IN:en
2026-06-25 12:47:49,037 | INFO | News RSS status for CGPOWER: 200
2026-06-25 12:47:49,038 | INFO | News RSS query for CGPOWER: https://news.google.com/rss/search?q=%22CG+Power+and+Industrial+Solutions+Ltd.%22+stock+when:10d&hl=en-IN&gl=IN&ceid=IN:en
2026-06-25 12:47:49,046 | INFO | News RSS status for CGPOWER: 200
2026-06-25 12:47:49,048 | INFO | News RSS query for CGPOWER: https://news.google.com/rss/search?q=CGPOWER+NSE+when:10d&hl=en-IN&gl=IN&ceid=IN:en
2026-06-25 12:47:49,058 | INFO | News RSS status for CGPOWER: 200
2026-06-25 12:47:49,117 | INFO | News RSS query for CGPOWER: https://news.google.com/rss/search?q=%22CG+Power+and+Industrial+Solutions+Ltd.%22+NSE+when:10d&hl=en-IN&gl=IN&ceid=IN:en
2026-06-25 12:47:49,125 | INFO | News RSS status for CGPOWER: 200
2026-06-25 12:47:49,126 | INFO | News RSS query for CGPOWER: https://news.google.com/rss/search?q=%22CG+Power+and+Industrial+Solutions+Ltd.%22+stock+when:10d&hl=en-IN&gl=IN&ceid=IN:en
2026-06-25 12:47:49,134 | INFO | News RSS status for CGPOWER: 200
2026-06-25 12:47:49,136 | INFO | News RSS query for CGPOWER: https://news.google.com/rss/search?q=CGPOWER+NSE+when:10d&hl=en-IN&gl=IN&ceid=IN:en
2026-06-25 12:47:49,145 | INFO | News RSS status for CGPOWER: 200
2026-06-25 12:47:49,623 | INFO | News RSS query for CHOLAFIN: https://news.google.com/rss/search?q=%22Cholamandalam+Investment+and+Finance+Company+Ltd.%22+NSE+when:10d&hl=en-IN&gl=IN&ceid=IN:en
2026-06-25 12:47:49,791 | INFO | News RSS status for CHOLAFIN: 200
2026-06-25 12:47:49,791 | INFO | News RSS query for CHOLAFIN: https://news.google.com/rss/search?q=%22Cholamandalam+Investment+and+Finance+Company+Ltd.%22+stock+when:10d&hl=en-IN&gl=IN&ceid=IN:en
2026-06-25 12:47:50,022 | INFO | News RSS status for CHOLAFIN: 200
2026-06-25 12:47:50,023 | INFO | News RSS query for CHOLAFIN: https://news.google.com/rss/search?q=CHOLAFIN+NSE+when:10d&hl=en-IN&gl=IN&ceid=IN:en
2026-06-25 12:47:50,184 | INFO | News RSS status for CHOLAFIN: 200
2026-06-25 12:47:50,184 | INFO | News RSS query for CHOLAFIN: https://news.google.com/rss/search?q=site%3Aeconomictimes.indiatimes.com+%22Cholamandalam+Investment+and+Finance+Company+Ltd.%22+when:10d&hl=en-IN&gl=IN&ceid=IN:en
2026-06-25 12:47:50,375 | INFO | News RSS status for CHOLAFIN: 200
2026-06-25 12:47:50,376 | INFO | News RSS query for CHOLAFIN: https://news.google.com/rss/search?q=site%3Amoneycontrol.com+%22Cholamandalam+Investment+and+Finance+Company+Ltd.%22+when:10d&hl=en-IN&gl=IN&ceid=IN:en
2026-06-25 12:47:50,572 | INFO | News RSS status for CHOLAFIN: 200
2026-06-25 12:47:50,573 | INFO | News RSS query for CHOLAFIN: https://news.google.com/rss/search?q=site%3Abusinessstandard.com+%22Cholamandalam+Investment+and+Finance+Company+Ltd.%22+when:10d&hl=en-IN&gl=IN&ceid=IN:en
2026-06-25 12:47:50,730 | INFO | News RSS status for CHOLAFIN: 200
2026-06-25 12:47:50,787 | INFO | News RSS query for CHOLAFIN: https://news.google.com/rss/search?q=%22Cholamandalam+Investment+and+Finance+Company+Ltd.%22+NSE+when:10d&hl=en-IN&gl=IN&ceid=IN:en
2026-06-25 12:47:50,797 | INFO | News RSS status for CHOLAFIN: 200
2026-06-25 12:47:50,797 | INFO | News RSS query for CHOLAFIN: https://news.google.com/rss/search?q=%22Cholamandalam+Investment+and+Finance+Company+Ltd.%22+stock+when:10d&hl=en-IN&gl=IN&ceid=IN:en
2026-06-25 12:47:50,805 | INFO | News RSS status for CHOLAFIN: 200
2026-06-25 12:47:50,806 | INFO | News RSS query for CHOLAFIN: https://news.google.com/rss/search?q=CHOLAFIN+NSE+when:10d&hl=en-IN&gl=IN&ceid=IN:en
2026-06-25 12:47:50,814 | INFO | News RSS status for CHOLAFIN: 200
2026-06-25 12:47:50,814 | INFO | News RSS query for CHOLAFIN: https://news.google.com/rss/search?q=site%3Aeconomictimes.indiatimes.com+%22Cholamandalam+Investment+and+Finance+Company+Ltd.%22+when:10d&hl=en-IN&gl=IN&ceid=IN:en
2026-06-25 12:47:50,823 | INFO | News RSS status for CHOLAFIN: 200
2026-06-25 12:47:50,823 | INFO | News RSS query for CHOLAFIN: https://news.google.com/rss/search?q=site%3Amoneycontrol.com+%22Cholamandalam+Investment+and+Finance+Company+Ltd.%22+when:10d&hl=en-IN&gl=IN&ceid=IN:en
2026-06-25 12:47:50,832 | INFO | News RSS status for CHOLAFIN: 200
2026-06-25 12:47:50,832 | INFO | News RSS query for CHOLAFIN: https://news.google.com/rss/search?q=site%3Abusinessstandard.com+%22Cholamandalam+Investment+and+Finance+Company+Ltd.%22+when:10d&hl=en-IN&gl=IN&ceid=IN:en
2026-06-25 12:47:50,841 | INFO | News RSS status for CHOLAFIN: 200
2026-06-25 12:47:52,032 | INFO | News RSS query for CUMMINSIND: https://news.google.com/rss/search?q=%22Cummins+India+Ltd.%22+NSE+when:10d&hl=en-IN&gl=IN&ceid=IN:en
2026-06-25 12:47:52,218 | INFO | News RSS status for CUMMINSIND: 200
2026-06-25 12:47:52,656 | INFO | News RSS query for DIVISLAB: https://news.google.com/rss/search?q=%22Divi%27s+Laboratories+Ltd.%22+NSE+when:10d&hl=en-IN&gl=IN&ceid=IN:en
2026-06-25 12:47:52,877 | INFO | News RSS status for DIVISLAB: 200
2026-06-25 12:47:52,879 | INFO | News RSS query for DIVISLAB: https://news.google.com/rss/search?q=%22Divi%27s+Laboratories+Ltd.%22+stock+when:10d&hl=en-IN&gl=IN&ceid=IN:en
2026-06-25 12:47:53,075 | INFO | News RSS status for DIVISLAB: 200
2026-06-25 12:47:53,077 | INFO | News RSS query for DIVISLAB: https://news.google.com/rss/search?q=DIVISLAB+NSE+when:10d&hl=en-IN&gl=IN&ceid=IN:en
2026-06-25 12:47:53,243 | INFO | News RSS status for DIVISLAB: 200
2026-06-25 12:47:53,243 | INFO | News RSS query for DIVISLAB: https://news.google.com/rss/search?q=site%3Aeconomictimes.indiatimes.com+%22Divi%27s+Laboratories+Ltd.%22+when:10d&hl=en-IN&gl=IN&ceid=IN:en
2026-06-25 12:47:53,427 | INFO | News RSS status for DIVISLAB: 200
2026-06-25 12:47:53,428 | INFO | News RSS query for DIVISLAB: https://news.google.com/rss/search?q=site%3Amoneycontrol.com+%22Divi%27s+Laboratories+Ltd.%22+when:10d&hl=en-IN&gl=IN&ceid=IN:en
2026-06-25 12:47:53,591 | INFO | News RSS status for DIVISLAB: 200
2026-06-25 12:47:53,592 | INFO | News RSS query for DIVISLAB: https://news.google.com/rss/search?q=site%3Abusinessstandard.com+%22Divi%27s+Laboratories+Ltd.%22+when:10d&hl=en-IN&gl=IN&ceid=IN:en
2026-06-25 12:47:53,744 | INFO | News RSS status for DIVISLAB: 200
2026-06-25 12:47:54,553 | INFO | News RSS query for DMART: https://news.google.com/rss/search?q=%22Avenue+Supermarts+Ltd.%22+NSE+when:10d&hl=en-IN&gl=IN&ceid=IN:en
2026-06-25 12:47:54,733 | INFO | News RSS status for DMART: 200
2026-06-25 12:47:54,735 | INFO | News RSS query for DMART: https://news.google.com/rss/search?q=%22Avenue+Supermarts+Ltd.%22+stock+when:10d&hl=en-IN&gl=IN&ceid=IN:en
2026-06-25 12:47:54,908 | INFO | News RSS status for DMART: 200
2026-06-25 12:47:55,343 | INFO | News RSS query for DRREDDY: https://news.google.com/rss/search?q=%22Dr.+Reddy%27s+Laboratories+Ltd.%22+NSE+when:10d&hl=en-IN&gl=IN&ceid=IN:en
2026-06-25 12:47:55,552 | INFO | News RSS status for DRREDDY: 200
2026-06-25 12:47:55,992 | INFO | News RSS query for EICHERMOT: https://news.google.com/rss/search?q=%22Eicher+Motors+Ltd.%22+NSE+when:10d&hl=en-IN&gl=IN&ceid=IN:en
2026-06-25 12:47:56,217 | INFO | News RSS status for EICHERMOT: 200
2026-06-25 12:47:56,361 | INFO | News RSS query for ENRIN: https://news.google.com/rss/search?q=%22Siemens+Energy+India+Ltd.%22+NSE+when:10d&hl=en-IN&gl=IN&ceid=IN:en
2026-06-25 12:47:56,550 | INFO | News RSS status for ENRIN: 200
2026-06-25 12:47:56,610 | INFO | News RSS query for ENRIN: https://news.google.com/rss/search?q=%22Siemens+Energy+India+Ltd.%22+NSE+when:10d&hl=en-IN&gl=IN&ceid=IN:en
2026-06-25 12:47:56,619 | INFO | News RSS status for ENRIN: 200
2026-06-25 12:47:57,388 | INFO | News RSS query for GAIL: https://news.google.com/rss/search?q=%22GAIL+%28India%29+Ltd.%22+NSE+when:10d&hl=en-IN&gl=IN&ceid=IN:en
2026-06-25 12:47:57,583 | INFO | News RSS status for GAIL: 200
2026-06-25 12:47:58,400 | INFO | News RSS query for GRASIM: https://news.google.com/rss/search?q=%22Grasim+Industries+Ltd.%22+NSE+when:10d&hl=en-IN&gl=IN&ceid=IN:en
2026-06-25 12:47:58,624 | INFO | News RSS status for GRASIM: 200
2026-06-25 12:47:59,060 | INFO | News RSS query for HAL: https://news.google.com/rss/search?q=%22Hindustan+Aeronautics+Ltd.%22+NSE+when:10d&hl=en-IN&gl=IN&ceid=IN:en
2026-06-25 12:47:59,283 | INFO | News RSS status for HAL: 200
2026-06-25 12:48:00,102 | INFO | News RSS query for HDFCAMC: https://news.google.com/rss/search?q=%22HDFC+Asset+Management+Company+Ltd.%22+NSE+when:10d&hl=en-IN&gl=IN&ceid=IN:en
2026-06-25 12:48:00,316 | INFO | News RSS status for HDFCAMC: 200
2026-06-25 12:48:00,378 | INFO | News RSS query for HDFCAMC: https://news.google.com/rss/search?q=%22HDFC+Asset+Management+Company+Ltd.%22+NSE+when:10d&hl=en-IN&gl=IN&ceid=IN:en
2026-06-25 12:48:00,386 | INFO | News RSS status for HDFCAMC: 200
2026-06-25 12:48:00,446 | INFO | News RSS query for HDFCAMC: https://news.google.com/rss/search?q=%22HDFC+Asset+Management+Company+Ltd.%22+NSE+when:10d&hl=en-IN&gl=IN&ceid=IN:en
2026-06-25 12:48:00,454 | INFO | News RSS status for HDFCAMC: 200
2026-06-25 12:48:07,298 | INFO | News RSS query for LT: https://news.google.com/rss/search?q=%22Larsen+%26+Toubro+Ltd.%22+NSE+when:10d&hl=en-IN&gl=IN&ceid=IN:en
2026-06-25 12:48:07,497 | INFO | News RSS status for LT: 200
2026-06-25 12:48:07,502 | WARNING | Skipping LTM — only 86 bars available (need 220). Extend history_backfill_days in config.json to include this symbol.
2026-06-25 12:48:07,936 | INFO | News RSS query for M&M: https://news.google.com/rss/search?q=%22Mahindra+%26+Mahindra+Ltd.%22+NSE+when:10d&hl=en-IN&gl=IN&ceid=IN:en
2026-06-25 12:48:08,154 | INFO | News RSS status for M&M: 200
2026-06-25 12:48:09,721 | INFO | News RSS query for MOTHERSON: https://news.google.com/rss/search?q=%22Samvardhana+Motherson+International+Ltd.%22+NSE+when:10d&hl=en-IN&gl=IN&ceid=IN:en
2026-06-25 12:48:09,975 | INFO | News RSS status for MOTHERSON: 200
2026-06-25 12:48:09,978 | INFO | News RSS query for MOTHERSON: https://news.google.com/rss/search?q=%22Samvardhana+Motherson+International+Ltd.%22+stock+when:10d&hl=en-IN&gl=IN&ceid=IN:en
2026-06-25 12:48:10,200 | INFO | News RSS status for MOTHERSON: 200
2026-06-25 12:48:12,166 | INFO | News RSS query for PFC: https://news.google.com/rss/search?q=%22Power+Finance+Corporation+Ltd.%22+NSE+when:10d&hl=en-IN&gl=IN&ceid=IN:en
2026-06-25 12:48:12,376 | INFO | News RSS status for PFC: 200
2026-06-25 12:48:12,817 | INFO | News RSS query for PIDILITIND: https://news.google.com/rss/search?q=%22Pidilite+Industries+Ltd.%22+NSE+when:10d&hl=en-IN&gl=IN&ceid=IN:en
2026-06-25 12:48:12,987 | INFO | News RSS status for PIDILITIND: 200
2026-06-25 12:48:12,989 | INFO | News RSS query for PIDILITIND: https://news.google.com/rss/search?q=%22Pidilite+Industries+Ltd.%22+stock+when:10d&hl=en-IN&gl=IN&ceid=IN:en
2026-06-25 12:48:13,209 | INFO | News RSS status for PIDILITIND: 200
2026-06-25 12:48:16,305 | INFO | News RSS query for SHRIRAMFIN: https://news.google.com/rss/search?q=%22Shriram+Finance+Ltd.%22+NSE+when:10d&hl=en-IN&gl=IN&ceid=IN:en
2026-06-25 12:48:16,510 | INFO | News RSS status for SHRIRAMFIN: 200
2026-06-25 12:48:17,324 | INFO | News RSS query for SOLARINDS: https://news.google.com/rss/search?q=%22Solar+Industries+India+Ltd.%22+NSE+when:10d&hl=en-IN&gl=IN&ceid=IN:en
2026-06-25 12:48:17,577 | INFO | News RSS status for SOLARINDS: 200
2026-06-25 12:48:18,016 | INFO | News RSS query for SUNPHARMA: https://news.google.com/rss/search?q=%22Sun+Pharmaceutical+Industries+Ltd.%22+NSE+when:10d&hl=en-IN&gl=IN&ceid=IN:en
2026-06-25 12:48:18,220 | INFO | News RSS status for SUNPHARMA: 200
2026-06-25 12:48:18,225 | WARNING | Skipping TATACAP — only 174 bars available (need 220). Extend history_backfill_days in config.json to include this symbol.
2026-06-25 12:48:20,553 | INFO | News RSS query for TITAN: https://news.google.com/rss/search?q=%22Titan+Company+Ltd.%22+NSE+when:10d&hl=en-IN&gl=IN&ceid=IN:en
2026-06-25 12:48:20,751 | INFO | News RSS status for TITAN: 200
2026-06-25 12:48:20,757 | WARNING | Skipping TMCV — only 154 bars available (need 220). Extend history_backfill_days in config.json to include this symbol.
2026-06-25 12:48:20,757 | WARNING | Skipping TMPV — only 171 bars available (need 220). Extend history_backfill_days in config.json to include this symbol.
2026-06-25 12:48:21,191 | INFO | News RSS query for TORNTPHARM: https://news.google.com/rss/search?q=%22Torrent+Pharmaceuticals+Ltd.%22+NSE+when:10d&hl=en-IN&gl=IN&ceid=IN:en
2026-06-25 12:48:21,408 | INFO | News RSS status for TORNTPHARM: 200
2026-06-25 12:48:22,972 | INFO | News RSS query for UNIONBANK: https://news.google.com/rss/search?q=%22Union+Bank+of+India%22+NSE+when:10d&hl=en-IN&gl=IN&ceid=IN:en
2026-06-25 12:48:23,277 | INFO | News RSS status for UNIONBANK: 200
2026-06-25 12:48:23,428 | WARNING | Skipping VAML — only 6 bars available (need 220). Extend history_backfill_days in config.json to include this symbol.
2026-06-25 12:48:24,192 | WARNING | Skipping VEDPOWER — only 4 bars available (need 220). Extend history_backfill_days in config.json to include this symbol.
2026-06-25 12:48:24,192 | WARNING | Skipping VISL — only 4 bars available (need 220). Extend history_backfill_days in config.json to include this symbol.
2026-06-25 12:48:24,193 | WARNING | Skipping VOGL — only 7 bars available (need 220). Extend history_backfill_days in config.json to include this symbol.
2026-06-25 12:48:25,005 | INFO | News RSS query for ZYDUSLIFE: https://news.google.com/rss/search?q=%22Zydus+Lifesciences+Ltd.%22+NSE+when:10d&hl=en-IN&gl=IN&ceid=IN:en
2026-06-25 12:48:25,190 | INFO | News RSS status for ZYDUSLIFE: 200
2026-06-25 12:48:25,192 | INFO | News RSS query for ZYDUSLIFE: https://news.google.com/rss/search?q=%22Zydus+Lifesciences+Ltd.%22+stock+when:10d&hl=en-IN&gl=IN&ceid=IN:en
2026-06-25 12:48:25,423 | INFO | News RSS status for ZYDUSLIFE: 200
2026-06-25 12:48:25,434 | INFO | Index membership from cache: NIFTY 50 (50 symbols)
2026-06-25 12:48:25,434 | INFO | Index membership from cache: Nifty Next 50 (50 symbols)
2026-06-25 12:48:25,434 | INFO | Index membership ready: 100 symbols mapped
2026-06-25 12:48:25,434 | INFO | Market Health: fetching index OHLCV...
2026-06-25 12:48:25,437 | INFO | Index OHLCV cache fresh for NIFTY 50 (1407 rows)
2026-06-25 12:48:25,440 | INFO | Index OHLCV cache fresh for NIFTY NEXT 50 (1407 rows)
2026-06-25 12:48:25,440 | INFO | Market Health: fetching VIX...
2026-06-25 12:48:25,441 | INFO | VIX cache fresh (105 rows)
2026-06-25 12:48:25,442 | INFO | Market Health: updating breadth EMA cache...
2026-06-25 12:48:27,153 | INFO | Breadth EMA cache: 130164 total rows (+100)
2026-06-25 12:48:27,175 | INFO | Market Health [NIFTY 50]: Score=23.5 | Weak Bull &#x1F7E1;
2026-06-25 12:48:27,192 | INFO | Market Health [Nifty Next 50]: Score=59.5 | Weak Bull &#x1F7E1;
2026-06-25 12:48:27,259 | INFO | Signal log: appended 8 new signals. Total rows: 348
2026-06-25 12:48:27,259 | INFO | Signal log written/updated: /home/runner/work/nifty100-reporter/nifty100-reporter/data/nifty100_signal_log.csv
2026-06-25 12:48:28,367 | INFO | Signal tracker: updated 175 Active signal rows.
2026-06-25 12:48:28,385 | INFO | HTML report written: /home/runner/work/nifty100-reporter/nifty100-reporter/reports/nifty100_daily_report_20260625.html
2026-06-25 12:48:28,393 | INFO | Market Health Excel sheet written.
2026-06-25 12:48:29,113 | INFO | Excel report written: /home/runner/work/nifty100-reporter/nifty100-reporter/reports/nifty100_daily_report_20260625.xlsx
2026-06-25 12:48:29,113 | INFO | GitHub Actions detected — skipping Gmail API send (workflow handles email).
2026-06-25 12:48:29,113 | INFO | Run completed successfully.
2026-06-25 12:48:29,113 | INFO | Artifacts: /home/runner/work/nifty100-reporter/nifty100-reporter/reports/nifty100_daily_report_20260625.html | /home/runner/work/nifty100-reporter/nifty100-reporter/reports/nifty100_daily_report_20260625.xlsx | log: /home/runner/work/nifty100-reporter/nifty100-reporter/logs/run_20260625_181559.log
