2026-07-01 12:45:55,285 | INFO | Nifty 100 Daily EMA Cross Reporter | Version 3.3.8 | Released 2026-04-17
2026-07-01 12:45:55,285 | INFO | Base directory: /home/runner/work/nifty100-reporter/nifty100-reporter
2026-07-01 12:45:55,285 | INFO | Loaded config. Email enabled: True | Recipients: 1
2026-07-01 12:45:55,411 | WARNING | NSE session bootstrap HTTP 403 (attempt 1/5) — refreshing NSE session cookie …
2026-07-01 12:46:05,820 | INFO | NSE session bootstrap status: 200
2026-07-01 12:46:05,821 | INFO | Downloading Nifty 100 universe from https://www.niftyindices.com/IndexConstituent/ind_nifty100list.csv
2026-07-01 12:46:06,191 | INFO | Universe download status: 200
2026-07-01 12:46:06,197 | INFO | Universe rows loaded: 100
2026-07-01 12:46:06,304 | INFO | Loaded history rows: 130454
2026-07-01 12:46:06,313 | INFO | yfinance history update: 100 symbols | 2026-06-29 → 2026-07-02
2026-07-01 12:46:06,313 | INFO | yfinance batch download: 100 symbols | 2026-06-29 → 2026-07-02
2026-07-01 12:46:10,590 | INFO | yfinance raw shape: (3, 500)
2026-07-01 12:46:10,933 | INFO | yfinance parsed rows after date-filter: 300
2026-07-01 12:46:10,934 | INFO | New rows from yfinance: 300
2026-07-01 12:46:11,697 | INFO | Saved history rows: 130554 | file: /home/runner/work/nifty100-reporter/nifty100-reporter/data/nifty100_ohlcv_history.csv
2026-07-01 12:46:11,807 | INFO | Loaded history rows: 130554
2026-07-01 12:46:11,808 | INFO | Latest OHLCV data is from 2026-07-01
2026-07-01 12:46:11,832 | INFO | Latest Delivery data is from 2026-06-29
2026-07-01 12:46:11,873 | INFO | Delivery cache has 28 dates — skipping backfill.
2026-07-01 12:46:11,873 | INFO | Delivery fetch attempt [0/7] — URL: https://archives.nseindia.com/products/content/sec_bhavdata_full_01072026.csv
2026-07-01 12:46:12,940 | INFO | Delivery fetch SUCCESS — date: 2026-07-01 | size: 370870 bytes | URL: https://archives.nseindia.com/products/content/sec_bhavdata_full_01072026.csv
2026-07-01 12:46:13,256 | INFO | Delivery cache updated: 2407 symbols for 2026-07-01 (rows in cache: 68173)
2026-07-01 12:46:13,257 | INFO | Delivery data: 2407 symbols | fallback=False
2026-07-01 12:46:13,591 | INFO | Corporate actions bulk OK: 149 raw rows | 22 Nifty100 symbols with events
2026-07-01 12:46:35,065 | INFO | Corporate actions: 22/100 symbols have events (window 01-07-2026 to 31-07-2026) | Symbols: AXISBANK, BRITANNIA, CHOLAFIN, CUMMINSIND, DIVISLAB, DRREDDY, HINDALCO, JSWSTEEL, M&M, MAXHEALTH, MOTHERSON, NESTLEIND, PFC, PIDILITIND, SHRIRAMFIN, SOLARINDS, SUNPHARMA, TECHM, TITAN, UNIONBANK, UNITDSPR, ZYDUSLIFE
2026-07-01 12:46:35,066 | INFO | Index membership from cache: NIFTY 50 (50 symbols)
2026-07-01 12:46:35,066 | INFO | Index membership from cache: Nifty Next 50 (50 symbols)
2026-07-01 12:46:35,066 | INFO | Index membership ready: 100 symbols mapped
2026-07-01 12:46:35,704 | INFO | News RSS query for ABB: https://news.google.com/rss/search?q=%22ABB+India+Ltd.%22+NSE+when:10d&hl=en-IN&gl=IN&ceid=IN:en
2026-07-01 12:46:35,951 | INFO | News RSS status for ABB: 200
2026-07-01 12:46:36,307 | INFO | News RSS query for ADANIENSOL: https://news.google.com/rss/search?q=%22Adani+Energy+Solutions+Ltd.%22+NSE+when:10d&hl=en-IN&gl=IN&ceid=IN:en
2026-07-01 12:46:36,537 | INFO | News RSS status for ADANIENSOL: 200
2026-07-01 12:46:37,161 | INFO | News RSS query for ADANIENT: https://news.google.com/rss/search?q=%22Adani+Enterprises+Ltd.%22+NSE+when:10d&hl=en-IN&gl=IN&ceid=IN:en
2026-07-01 12:46:37,403 | INFO | News RSS status for ADANIENT: 200
2026-07-01 12:46:37,465 | INFO | News RSS query for ADANIENT: https://news.google.com/rss/search?q=%22Adani+Enterprises+Ltd.%22+NSE+when:10d&hl=en-IN&gl=IN&ceid=IN:en
2026-07-01 12:46:37,469 | INFO | News RSS status for ADANIENT: 200
2026-07-01 12:46:38,094 | INFO | News RSS query for ADANIGREEN: https://news.google.com/rss/search?q=%22Adani+Green+Energy+Ltd.%22+NSE+when:10d&hl=en-IN&gl=IN&ceid=IN:en
2026-07-01 12:46:38,309 | INFO | News RSS status for ADANIGREEN: 200
2026-07-01 12:46:38,371 | INFO | News RSS query for ADANIGREEN: https://news.google.com/rss/search?q=%22Adani+Green+Energy+Ltd.%22+NSE+when:10d&hl=en-IN&gl=IN&ceid=IN:en
2026-07-01 12:46:38,375 | INFO | News RSS status for ADANIGREEN: 200
2026-07-01 12:46:39,006 | INFO | News RSS query for ADANIPORTS: https://news.google.com/rss/search?q=%22Adani+Ports+and+Special+Economic+Zone+Ltd.%22+NSE+when:10d&hl=en-IN&gl=IN&ceid=IN:en
2026-07-01 12:46:39,203 | INFO | News RSS status for ADANIPORTS: 200
2026-07-01 12:46:39,831 | INFO | News RSS query for ADANIPOWER: https://news.google.com/rss/search?q=%22Adani+Power+Ltd.%22+NSE+when:10d&hl=en-IN&gl=IN&ceid=IN:en
2026-07-01 12:46:40,078 | INFO | News RSS status for ADANIPOWER: 200
2026-07-01 12:46:41,275 | INFO | News RSS query for APOLLOHOSP: https://news.google.com/rss/search?q=%22Apollo+Hospitals+Enterprise+Ltd.%22+NSE+when:10d&hl=en-IN&gl=IN&ceid=IN:en
2026-07-01 12:46:41,450 | INFO | News RSS status for APOLLOHOSP: 200
2026-07-01 12:46:41,453 | INFO | News RSS query for APOLLOHOSP: https://news.google.com/rss/search?q=%22Apollo+Hospitals+Enterprise+Ltd.%22+stock+when:10d&hl=en-IN&gl=IN&ceid=IN:en
2026-07-01 12:46:41,671 | INFO | News RSS status for APOLLOHOSP: 200
2026-07-01 12:46:42,292 | INFO | News RSS query for ASIANPAINT: https://news.google.com/rss/search?q=%22Asian+Paints+Ltd.%22+NSE+when:10d&hl=en-IN&gl=IN&ceid=IN:en
2026-07-01 12:46:42,537 | INFO | News RSS status for ASIANPAINT: 200
2026-07-01 12:46:42,597 | INFO | News RSS query for ASIANPAINT: https://news.google.com/rss/search?q=%22Asian+Paints+Ltd.%22+NSE+when:10d&hl=en-IN&gl=IN&ceid=IN:en
2026-07-01 12:46:42,601 | INFO | News RSS status for ASIANPAINT: 200
2026-07-01 12:46:43,224 | INFO | News RSS query for AXISBANK: https://news.google.com/rss/search?q=%22Axis+Bank+Ltd.%22+NSE+when:10d&hl=en-IN&gl=IN&ceid=IN:en
2026-07-01 12:46:43,452 | INFO | News RSS status for AXISBANK: 200
2026-07-01 12:46:45,793 | INFO | News RSS query for BAJFINANCE: https://news.google.com/rss/search?q=%22Bajaj+Finance+Ltd.%22+NSE+when:10d&hl=en-IN&gl=IN&ceid=IN:en
2026-07-01 12:46:45,985 | INFO | News RSS status for BAJFINANCE: 200
2026-07-01 12:46:46,045 | INFO | News RSS query for BAJFINANCE: https://news.google.com/rss/search?q=%22Bajaj+Finance+Ltd.%22+NSE+when:10d&hl=en-IN&gl=IN&ceid=IN:en
2026-07-01 12:46:46,050 | INFO | News RSS status for BAJFINANCE: 200
2026-07-01 12:46:46,681 | INFO | News RSS query for BANKBARODA: https://news.google.com/rss/search?q=%22Bank+of+Baroda%22+NSE+when:10d&hl=en-IN&gl=IN&ceid=IN:en
2026-07-01 12:46:46,938 | INFO | News RSS status for BANKBARODA: 200
2026-07-01 12:46:48,722 | INFO | News RSS query for BOSCHLTD: https://news.google.com/rss/search?q=%22Bosch+Ltd.%22+NSE+when:10d&hl=en-IN&gl=IN&ceid=IN:en
2026-07-01 12:46:48,911 | INFO | News RSS status for BOSCHLTD: 200
2026-07-01 12:46:51,265 | INFO | News RSS query for CGPOWER: https://news.google.com/rss/search?q=%22CG+Power+and+Industrial+Solutions+Ltd.%22+NSE+when:10d&hl=en-IN&gl=IN&ceid=IN:en
2026-07-01 12:46:51,450 | INFO | News RSS status for CGPOWER: 200
2026-07-01 12:46:51,450 | INFO | News RSS query for CGPOWER: https://news.google.com/rss/search?q=%22CG+Power+and+Industrial+Solutions+Ltd.%22+stock+when:10d&hl=en-IN&gl=IN&ceid=IN:en
2026-07-01 12:46:51,636 | INFO | News RSS status for CGPOWER: 200
2026-07-01 12:46:51,639 | INFO | News RSS query for CGPOWER: https://news.google.com/rss/search?q=CGPOWER+NSE+when:10d&hl=en-IN&gl=IN&ceid=IN:en
2026-07-01 12:46:51,878 | INFO | News RSS status for CGPOWER: 200
2026-07-01 12:46:51,966 | INFO | News RSS query for CGPOWER: https://news.google.com/rss/search?q=%22CG+Power+and+Industrial+Solutions+Ltd.%22+NSE+when:10d&hl=en-IN&gl=IN&ceid=IN:en
2026-07-01 12:46:51,970 | INFO | News RSS status for CGPOWER: 200
2026-07-01 12:46:51,970 | INFO | News RSS query for CGPOWER: https://news.google.com/rss/search?q=%22CG+Power+and+Industrial+Solutions+Ltd.%22+stock+when:10d&hl=en-IN&gl=IN&ceid=IN:en
2026-07-01 12:46:51,974 | INFO | News RSS status for CGPOWER: 200
2026-07-01 12:46:51,976 | INFO | News RSS query for CGPOWER: https://news.google.com/rss/search?q=CGPOWER+NSE+when:10d&hl=en-IN&gl=IN&ceid=IN:en
2026-07-01 12:46:51,980 | INFO | News RSS status for CGPOWER: 200
2026-07-01 12:46:52,602 | INFO | News RSS query for CHOLAFIN: https://news.google.com/rss/search?q=%22Cholamandalam+Investment+and+Finance+Company+Ltd.%22+NSE+when:10d&hl=en-IN&gl=IN&ceid=IN:en
2026-07-01 12:46:52,790 | INFO | News RSS status for CHOLAFIN: 200
2026-07-01 12:46:52,790 | INFO | News RSS query for CHOLAFIN: https://news.google.com/rss/search?q=%22Cholamandalam+Investment+and+Finance+Company+Ltd.%22+stock+when:10d&hl=en-IN&gl=IN&ceid=IN:en
2026-07-01 12:46:53,010 | INFO | News RSS status for CHOLAFIN: 200
2026-07-01 12:46:53,011 | INFO | News RSS query for CHOLAFIN: https://news.google.com/rss/search?q=CHOLAFIN+NSE+when:10d&hl=en-IN&gl=IN&ceid=IN:en
2026-07-01 12:46:53,201 | INFO | News RSS status for CHOLAFIN: 200
2026-07-01 12:46:53,202 | INFO | News RSS query for CHOLAFIN: https://news.google.com/rss/search?q=site%3Aeconomictimes.indiatimes.com+%22Cholamandalam+Investment+and+Finance+Company+Ltd.%22+when:10d&hl=en-IN&gl=IN&ceid=IN:en
2026-07-01 12:46:53,403 | INFO | News RSS status for CHOLAFIN: 200
2026-07-01 12:46:53,403 | INFO | News RSS query for CHOLAFIN: https://news.google.com/rss/search?q=site%3Amoneycontrol.com+%22Cholamandalam+Investment+and+Finance+Company+Ltd.%22+when:10d&hl=en-IN&gl=IN&ceid=IN:en
2026-07-01 12:46:53,575 | INFO | News RSS status for CHOLAFIN: 200
2026-07-01 12:46:53,576 | INFO | News RSS query for CHOLAFIN: https://news.google.com/rss/search?q=site%3Abusinessstandard.com+%22Cholamandalam+Investment+and+Finance+Company+Ltd.%22+when:10d&hl=en-IN&gl=IN&ceid=IN:en
2026-07-01 12:46:53,742 | INFO | News RSS status for CHOLAFIN: 200
2026-07-01 12:46:55,499 | INFO | News RSS query for CUMMINSIND: https://news.google.com/rss/search?q=%22Cummins+India+Ltd.%22+NSE+when:10d&hl=en-IN&gl=IN&ceid=IN:en
2026-07-01 12:46:55,681 | INFO | News RSS status for CUMMINSIND: 200
2026-07-01 12:46:55,683 | INFO | News RSS query for CUMMINSIND: https://news.google.com/rss/search?q=%22Cummins+India+Ltd.%22+stock+when:10d&hl=en-IN&gl=IN&ceid=IN:en
2026-07-01 12:46:55,877 | INFO | News RSS status for CUMMINSIND: 200
2026-07-01 12:46:57,634 | INFO | News RSS query for DMART: https://news.google.com/rss/search?q=%22Avenue+Supermarts+Ltd.%22+NSE+when:10d&hl=en-IN&gl=IN&ceid=IN:en
2026-07-01 12:46:57,829 | INFO | News RSS status for DMART: 200
2026-07-01 12:46:57,832 | INFO | News RSS query for DMART: https://news.google.com/rss/search?q=%22Avenue+Supermarts+Ltd.%22+stock+when:10d&hl=en-IN&gl=IN&ceid=IN:en
2026-07-01 12:46:58,074 | INFO | News RSS status for DMART: 200
2026-07-01 12:46:58,701 | INFO | News RSS query for DRREDDY: https://news.google.com/rss/search?q=%22Dr.+Reddy%27s+Laboratories+Ltd.%22+NSE+when:10d&hl=en-IN&gl=IN&ceid=IN:en
2026-07-01 12:46:58,948 | INFO | News RSS status for DRREDDY: 200
2026-07-01 12:46:59,581 | INFO | News RSS query for EICHERMOT: https://news.google.com/rss/search?q=%22Eicher+Motors+Ltd.%22+NSE+when:10d&hl=en-IN&gl=IN&ceid=IN:en
2026-07-01 12:46:59,823 | INFO | News RSS status for EICHERMOT: 200
2026-07-01 12:46:59,997 | INFO | News RSS query for ENRIN: https://news.google.com/rss/search?q=%22Siemens+Energy+India+Ltd.%22+NSE+when:10d&hl=en-IN&gl=IN&ceid=IN:en
2026-07-01 12:47:00,222 | INFO | News RSS status for ENRIN: 200
2026-07-01 12:47:00,225 | INFO | News RSS query for ENRIN: https://news.google.com/rss/search?q=%22Siemens+Energy+India+Ltd.%22+stock+when:10d&hl=en-IN&gl=IN&ceid=IN:en
2026-07-01 12:47:00,428 | INFO | News RSS status for ENRIN: 200
2026-07-01 12:47:01,553 | INFO | News RSS query for GAIL: https://news.google.com/rss/search?q=%22GAIL+%28India%29+Ltd.%22+NSE+when:10d&hl=en-IN&gl=IN&ceid=IN:en
2026-07-01 12:47:01,747 | INFO | News RSS status for GAIL: 200
2026-07-01 12:47:01,750 | INFO | News RSS query for GAIL: https://news.google.com/rss/search?q=%22GAIL+%28India%29+Ltd.%22+stock+when:10d&hl=en-IN&gl=IN&ceid=IN:en
2026-07-01 12:47:01,938 | INFO | News RSS status for GAIL: 200
2026-07-01 12:47:02,556 | INFO | News RSS query for GODREJCP: https://news.google.com/rss/search?q=%22Godrej+Consumer+Products+Ltd.%22+NSE+when:10d&hl=en-IN&gl=IN&ceid=IN:en
2026-07-01 12:47:02,753 | INFO | News RSS status for GODREJCP: 200
2026-07-01 12:47:02,756 | INFO | News RSS query for GODREJCP: https://news.google.com/rss/search?q=%22Godrej+Consumer+Products+Ltd.%22+stock+when:10d&hl=en-IN&gl=IN&ceid=IN:en
2026-07-01 12:47:02,945 | INFO | News RSS status for GODREJCP: 200
2026-07-01 12:47:03,593 | INFO | News RSS query for GRASIM: https://news.google.com/rss/search?q=%22Grasim+Industries+Ltd.%22+NSE+when:10d&hl=en-IN&gl=IN&ceid=IN:en
2026-07-01 12:47:03,794 | INFO | News RSS status for GRASIM: 200
2026-07-01 12:47:03,797 | INFO | News RSS query for GRASIM: https://news.google.com/rss/search?q=%22Grasim+Industries+Ltd.%22+stock+when:10d&hl=en-IN&gl=IN&ceid=IN:en
2026-07-01 12:47:03,988 | INFO | News RSS status for GRASIM: 200
2026-07-01 12:47:04,606 | INFO | News RSS query for HAL: https://news.google.com/rss/search?q=%22Hindustan+Aeronautics+Ltd.%22+NSE+when:10d&hl=en-IN&gl=IN&ceid=IN:en
2026-07-01 12:47:04,843 | INFO | News RSS status for HAL: 200
2026-07-01 12:47:06,042 | INFO | News RSS query for HDFCAMC: https://news.google.com/rss/search?q=%22HDFC+Asset+Management+Company+Ltd.%22+NSE+when:10d&hl=en-IN&gl=IN&ceid=IN:en
2026-07-01 12:47:06,219 | INFO | News RSS status for HDFCAMC: 200
2026-07-01 12:47:06,221 | INFO | News RSS query for HDFCAMC: https://news.google.com/rss/search?q=%22HDFC+Asset+Management+Company+Ltd.%22+stock+when:10d&hl=en-IN&gl=IN&ceid=IN:en
2026-07-01 12:47:06,447 | INFO | News RSS status for HDFCAMC: 200
2026-07-01 12:47:16,562 | INFO | News RSS query for LT: https://news.google.com/rss/search?q=%22Larsen+%26+Toubro+Ltd.%22+NSE+when:10d&hl=en-IN&gl=IN&ceid=IN:en
2026-07-01 12:47:16,813 | INFO | News RSS status for LT: 200
2026-07-01 12:47:16,819 | WARNING | Skipping LTM — only 89 bars available (need 220). Extend history_backfill_days in config.json to include this symbol.
2026-07-01 12:47:19,716 | INFO | News RSS query for MOTHERSON: https://news.google.com/rss/search?q=%22Samvardhana+Motherson+International+Ltd.%22+NSE+when:10d&hl=en-IN&gl=IN&ceid=IN:en
2026-07-01 12:47:19,914 | INFO | News RSS status for MOTHERSON: 200
2026-07-01 12:47:21,136 | INFO | News RSS query for NESTLEIND: https://news.google.com/rss/search?q=%22Nestle+India+Ltd.%22+NSE+when:10d&hl=en-IN&gl=IN&ceid=IN:en
2026-07-01 12:47:21,350 | INFO | News RSS status for NESTLEIND: 200
2026-07-01 12:47:21,412 | INFO | News RSS query for NESTLEIND: https://news.google.com/rss/search?q=%22Nestle+India+Ltd.%22+NSE+when:10d&hl=en-IN&gl=IN&ceid=IN:en
2026-07-01 12:47:21,417 | INFO | News RSS status for NESTLEIND: 200
2026-07-01 12:47:21,479 | INFO | News RSS query for NESTLEIND: https://news.google.com/rss/search?q=%22Nestle+India+Ltd.%22+NSE+when:10d&hl=en-IN&gl=IN&ceid=IN:en
2026-07-01 12:47:21,482 | INFO | News RSS status for NESTLEIND: 200
2026-07-01 12:47:23,835 | INFO | News RSS query for PIDILITIND: https://news.google.com/rss/search?q=%22Pidilite+Industries+Ltd.%22+NSE+when:10d&hl=en-IN&gl=IN&ceid=IN:en
2026-07-01 12:47:23,996 | INFO | News RSS status for PIDILITIND: 200
2026-07-01 12:47:23,996 | INFO | News RSS query for PIDILITIND: https://news.google.com/rss/search?q=%22Pidilite+Industries+Ltd.%22+stock+when:10d&hl=en-IN&gl=IN&ceid=IN:en
2026-07-01 12:47:24,231 | INFO | News RSS status for PIDILITIND: 200
2026-07-01 12:47:28,779 | INFO | News RSS query for SHRIRAMFIN: https://news.google.com/rss/search?q=%22Shriram+Finance+Ltd.%22+NSE+when:10d&hl=en-IN&gl=IN&ceid=IN:en
2026-07-01 12:47:28,974 | INFO | News RSS status for SHRIRAMFIN: 200
2026-07-01 12:47:30,146 | INFO | News RSS query for SOLARINDS: https://news.google.com/rss/search?q=%22Solar+Industries+India+Ltd.%22+NSE+when:10d&hl=en-IN&gl=IN&ceid=IN:en
2026-07-01 12:47:30,384 | INFO | News RSS status for SOLARINDS: 200
2026-07-01 12:47:30,387 | INFO | News RSS query for SOLARINDS: https://news.google.com/rss/search?q=%22Solar+Industries+India+Ltd.%22+stock+when:10d&hl=en-IN&gl=IN&ceid=IN:en
2026-07-01 12:47:30,623 | INFO | News RSS status for SOLARINDS: 200
2026-07-01 12:47:31,240 | INFO | News RSS query for SUNPHARMA: https://news.google.com/rss/search?q=%22Sun+Pharmaceutical+Industries+Ltd.%22+NSE+when:10d&hl=en-IN&gl=IN&ceid=IN:en
2026-07-01 12:47:31,438 | INFO | News RSS status for SUNPHARMA: 200
2026-07-01 12:47:31,444 | WARNING | Skipping TATACAP — only 177 bars available (need 220). Extend history_backfill_days in config.json to include this symbol.
2026-07-01 12:47:34,894 | INFO | News RSS query for TITAN: https://news.google.com/rss/search?q=%22Titan+Company+Ltd.%22+NSE+when:10d&hl=en-IN&gl=IN&ceid=IN:en
2026-07-01 12:47:35,139 | INFO | News RSS status for TITAN: 200
2026-07-01 12:47:35,145 | WARNING | Skipping TMCV — only 157 bars available (need 220). Extend history_backfill_days in config.json to include this symbol.
2026-07-01 12:47:35,145 | WARNING | Skipping TMPV — only 174 bars available (need 220). Extend history_backfill_days in config.json to include this symbol.
2026-07-01 12:47:35,771 | INFO | News RSS query for TORNTPHARM: https://news.google.com/rss/search?q=%22Torrent+Pharmaceuticals+Ltd.%22+NSE+when:10d&hl=en-IN&gl=IN&ceid=IN:en
2026-07-01 12:47:35,964 | INFO | News RSS status for TORNTPHARM: 200
2026-07-01 12:47:38,294 | INFO | News RSS query for UNIONBANK: https://news.google.com/rss/search?q=%22Union+Bank+of+India%22+NSE+when:10d&hl=en-IN&gl=IN&ceid=IN:en
2026-07-01 12:47:38,614 | INFO | News RSS status for UNIONBANK: 200
2026-07-01 12:47:38,836 | WARNING | Skipping VAML — only 6 bars available (need 220). Extend history_backfill_days in config.json to include this symbol.
2026-07-01 12:47:39,978 | WARNING | Skipping VEDPOWER — only 4 bars available (need 220). Extend history_backfill_days in config.json to include this symbol.
2026-07-01 12:47:39,979 | WARNING | Skipping VISL — only 4 bars available (need 220). Extend history_backfill_days in config.json to include this symbol.
2026-07-01 12:47:39,979 | WARNING | Skipping VOGL — only 7 bars available (need 220). Extend history_backfill_days in config.json to include this symbol.
2026-07-01 12:47:41,169 | INFO | News RSS query for ZYDUSLIFE: https://news.google.com/rss/search?q=%22Zydus+Lifesciences+Ltd.%22+NSE+when:10d&hl=en-IN&gl=IN&ceid=IN:en
2026-07-01 12:47:41,375 | INFO | News RSS status for ZYDUSLIFE: 200
2026-07-01 12:47:41,376 | INFO | News RSS query for ZYDUSLIFE: https://news.google.com/rss/search?q=%22Zydus+Lifesciences+Ltd.%22+stock+when:10d&hl=en-IN&gl=IN&ceid=IN:en
2026-07-01 12:47:41,927 | INFO | News RSS status for ZYDUSLIFE: 200
2026-07-01 12:47:41,940 | INFO | Index membership from cache: NIFTY 50 (50 symbols)
2026-07-01 12:47:41,940 | INFO | Index membership from cache: Nifty Next 50 (50 symbols)
2026-07-01 12:47:41,940 | INFO | Index membership ready: 100 symbols mapped
2026-07-01 12:47:41,940 | INFO | Market Health: fetching index OHLCV...
2026-07-01 12:47:41,943 | INFO | Index OHLCV cache fresh for NIFTY 50 (1410 rows)
2026-07-01 12:47:41,945 | INFO | Index OHLCV cache fresh for NIFTY NEXT 50 (1410 rows)
2026-07-01 12:47:41,946 | INFO | Market Health: fetching VIX...
2026-07-01 12:47:41,947 | INFO | VIX cache fresh (108 rows)
2026-07-01 12:47:41,947 | INFO | Market Health: updating breadth EMA cache...
2026-07-01 12:47:43,629 | INFO | Breadth EMA cache: 130464 total rows (+100)
2026-07-01 12:47:43,651 | INFO | Market Health [NIFTY 50]: Score=28.5 | Weak Bull &#x1F7E1;
2026-07-01 12:47:43,668 | INFO | Market Health [Nifty Next 50]: Score=44.5 | Weak Bull &#x1F7E1;
2026-07-01 12:47:43,741 | INFO | Signal log: appended 8 new signals. Total rows: 376
2026-07-01 12:47:43,741 | INFO | Signal log written/updated: /home/runner/work/nifty100-reporter/nifty100-reporter/data/nifty100_signal_log.csv
2026-07-01 12:47:44,877 | INFO | Signal tracker: updated 183 Active signal rows.
2026-07-01 12:47:44,896 | INFO | HTML report written: /home/runner/work/nifty100-reporter/nifty100-reporter/reports/nifty100_daily_report_20260701.html
2026-07-01 12:47:44,905 | INFO | Market Health Excel sheet written.
2026-07-01 12:47:45,753 | INFO | Excel report written: /home/runner/work/nifty100-reporter/nifty100-reporter/reports/nifty100_daily_report_20260701.xlsx
2026-07-01 12:47:45,753 | INFO | GitHub Actions detected — skipping Gmail API send (workflow handles email).
2026-07-01 12:47:45,754 | INFO | Run completed successfully.
2026-07-01 12:47:45,754 | INFO | Artifacts: /home/runner/work/nifty100-reporter/nifty100-reporter/reports/nifty100_daily_report_20260701.html | /home/runner/work/nifty100-reporter/nifty100-reporter/reports/nifty100_daily_report_20260701.xlsx | log: /home/runner/work/nifty100-reporter/nifty100-reporter/logs/run_20260701_181555.log
