2026-08-18 12:46:07,322 | INFO | Nifty 100 Daily EMA Cross Reporter | Version 3.3.8 | Released 2026-04-17
2026-08-18 12:46:07,322 | INFO | Base directory: /home/runner/work/nifty100-reporter/nifty100-reporter
2026-08-18 12:46:07,322 | INFO | Loaded config. Email enabled: True | Recipients: 1
2026-08-18 12:46:07,395 | WARNING | NSE session bootstrap HTTP 403 (attempt 1/5) — refreshing NSE session cookie …
2026-08-18 12:46:18,369 | INFO | NSE session bootstrap status: 200
2026-08-18 12:46:18,369 | INFO | Downloading Nifty 100 universe from https://www.niftyindices.com/IndexConstituent/ind_nifty100list.csv
2026-08-18 12:46:18,747 | INFO | Universe download status: 200
2026-08-18 12:46:18,751 | INFO | Universe rows loaded: 100
2026-08-18 12:46:18,865 | INFO | Loaded history rows: 133854
2026-08-18 12:46:18,873 | INFO | yfinance history update: 100 symbols | 2026-08-16 → 2026-08-19
2026-08-18 12:46:18,873 | INFO | yfinance batch download: 100 symbols | 2026-08-16 → 2026-08-19
2026-08-18 12:46:18,875 | INFO | Failed to create TzCache, reason: Error creating TzCache folder: '/home/runner/.cache/py-yfinance' reason: [Errno 17] File exists: '/home/runner/.cache/py-yfinance'. TzCache will not be used. Tip: You can direct cache to use a different location with 'set_tz_cache_location(mylocation)'
2026-08-18 12:46:23,528 | INFO | yfinance raw shape: (2, 500)
2026-08-18 12:46:23,855 | INFO | yfinance parsed rows after date-filter: 200
2026-08-18 12:46:23,856 | INFO | New rows from yfinance: 200
2026-08-18 12:46:24,627 | INFO | Saved history rows: 133954 | file: /home/runner/work/nifty100-reporter/nifty100-reporter/data/nifty100_ohlcv_history.csv
2026-08-18 12:46:24,742 | INFO | Loaded history rows: 133954
2026-08-18 12:46:24,743 | INFO | Latest OHLCV data is from 2026-08-18
2026-08-18 12:46:24,769 | INFO | Latest Delivery data is from 2026-08-17
2026-08-18 12:46:24,814 | INFO | Delivery cache has 32 dates — skipping backfill.
2026-08-18 12:46:24,814 | INFO | Delivery fetch attempt [0/7] — URL: https://archives.nseindia.com/products/content/sec_bhavdata_full_18082026.csv
2026-08-18 12:46:25,497 | INFO | Delivery fetch SUCCESS — date: 2026-08-18 | size: 389391 bytes | URL: https://archives.nseindia.com/products/content/sec_bhavdata_full_18082026.csv
2026-08-18 12:46:25,855 | INFO | Delivery cache updated: 2632 symbols for 2026-08-18 (rows in cache: 77376)
2026-08-18 12:46:25,856 | INFO | Delivery data: 2632 symbols | fallback=False
2026-08-18 12:46:26,442 | INFO | Corporate actions bulk OK: 81 raw rows | 4 Nifty100 symbols with events
2026-08-18 12:46:58,699 | INFO | Corporate actions: 4/100 symbols have events (window 18-08-2026 to 17-09-2026) | Symbols: COALINDIA, JINDALSTEL, MAZDOCK, PFC
2026-08-18 12:46:58,700 | INFO | Index membership from cache: NIFTY 50 (50 symbols)
2026-08-18 12:46:58,700 | INFO | Index membership from cache: Nifty Next 50 (50 symbols)
2026-08-18 12:46:58,700 | INFO | Index membership ready: 100 symbols mapped
2026-08-18 12:46:59,360 | INFO | News RSS query for ABB: https://news.google.com/rss/search?q=%22ABB+India+Ltd.%22+NSE+when:10d&hl=en-IN&gl=IN&ceid=IN:en
2026-08-18 12:46:59,641 | INFO | News RSS status for ABB: 200
2026-08-18 12:47:05,254 | INFO | News RSS query for BAJAJ-AUTO: https://news.google.com/rss/search?q=%22Bajaj+Auto+Ltd.%22+NSE+when:10d&hl=en-IN&gl=IN&ceid=IN:en
2026-08-18 12:47:05,521 | INFO | News RSS status for BAJAJ-AUTO: 200
2026-08-18 12:47:06,165 | INFO | News RSS query for BAJAJFINSV: https://news.google.com/rss/search?q=%22Bajaj+Finserv+Ltd.%22+NSE+when:10d&hl=en-IN&gl=IN&ceid=IN:en
2026-08-18 12:47:06,388 | INFO | News RSS status for BAJAJFINSV: 200
2026-08-18 12:47:07,628 | INFO | News RSS query for BAJFINANCE: https://news.google.com/rss/search?q=%22Bajaj+Finance+Ltd.%22+NSE+when:10d&hl=en-IN&gl=IN&ceid=IN:en
2026-08-18 12:47:07,826 | INFO | News RSS status for BAJFINANCE: 200
2026-08-18 12:47:09,637 | INFO | News RSS query for BHARTIARTL: https://news.google.com/rss/search?q=%22Bharti+Airtel+Ltd.%22+NSE+when:10d&hl=en-IN&gl=IN&ceid=IN:en
2026-08-18 12:47:09,829 | INFO | News RSS status for BHARTIARTL: 200
2026-08-18 12:47:10,480 | INFO | News RSS query for BOSCHLTD: https://news.google.com/rss/search?q=%22Bosch+Ltd.%22+NSE+when:10d&hl=en-IN&gl=IN&ceid=IN:en
2026-08-18 12:47:10,675 | INFO | News RSS status for BOSCHLTD: 200
2026-08-18 12:47:13,668 | INFO | News RSS query for CHOLAFIN: https://news.google.com/rss/search?q=%22Cholamandalam+Investment+and+Finance+Company+Ltd.%22+NSE+when:10d&hl=en-IN&gl=IN&ceid=IN:en
2026-08-18 12:47:13,917 | INFO | News RSS status for CHOLAFIN: 200
2026-08-18 12:47:13,920 | INFO | News RSS query for CHOLAFIN: https://news.google.com/rss/search?q=%22Cholamandalam+Investment+and+Finance+Company+Ltd.%22+stock+when:10d&hl=en-IN&gl=IN&ceid=IN:en
2026-08-18 12:47:14,158 | INFO | News RSS status for CHOLAFIN: 200
2026-08-18 12:47:14,798 | INFO | News RSS query for CIPLA: https://news.google.com/rss/search?q=%22Cipla+Ltd.%22+NSE+when:10d&hl=en-IN&gl=IN&ceid=IN:en
2026-08-18 12:47:15,033 | INFO | News RSS status for CIPLA: 200
2026-08-18 12:47:15,035 | INFO | News RSS query for CIPLA: https://news.google.com/rss/search?q=%22Cipla+Ltd.%22+stock+when:10d&hl=en-IN&gl=IN&ceid=IN:en
2026-08-18 12:47:15,269 | INFO | News RSS status for CIPLA: 200
2026-08-18 12:47:15,270 | INFO | News RSS query for CIPLA: https://news.google.com/rss/search?q=CIPLA+NSE+when:10d&hl=en-IN&gl=IN&ceid=IN:en
2026-08-18 12:47:15,488 | INFO | News RSS status for CIPLA: 200
2026-08-18 12:47:17,311 | INFO | News RSS query for DIVISLAB: https://news.google.com/rss/search?q=%22Divi%27s+Laboratories+Ltd.%22+NSE+when:10d&hl=en-IN&gl=IN&ceid=IN:en
2026-08-18 12:47:17,494 | INFO | News RSS status for DIVISLAB: 200
2026-08-18 12:47:19,919 | INFO | News RSS query for EICHERMOT: https://news.google.com/rss/search?q=%22Eicher+Motors+Ltd.%22+NSE+when:10d&hl=en-IN&gl=IN&ceid=IN:en
2026-08-18 12:47:20,114 | INFO | News RSS status for EICHERMOT: 200
2026-08-18 12:47:20,305 | INFO | News RSS query for ENRIN: https://news.google.com/rss/search?q=%22Siemens+Energy+India+Ltd.%22+NSE+when:10d&hl=en-IN&gl=IN&ceid=IN:en
2026-08-18 12:47:20,523 | INFO | News RSS status for ENRIN: 200
2026-08-18 12:47:21,097 | INFO | News RSS query for ETERNAL: https://news.google.com/rss/search?q=%22Eternal+Ltd.%22+NSE+when:10d&hl=en-IN&gl=IN&ceid=IN:en
2026-08-18 12:47:21,310 | INFO | News RSS status for ETERNAL: 200
2026-08-18 12:47:21,375 | INFO | News RSS query for ETERNAL: https://news.google.com/rss/search?q=%22Eternal+Ltd.%22+NSE+when:10d&hl=en-IN&gl=IN&ceid=IN:en
2026-08-18 12:47:21,379 | INFO | News RSS status for ETERNAL: 200
2026-08-18 12:47:22,027 | INFO | News RSS query for GAIL: https://news.google.com/rss/search?q=%22GAIL+%28India%29+Ltd.%22+NSE+when:10d&hl=en-IN&gl=IN&ceid=IN:en
2026-08-18 12:47:22,260 | INFO | News RSS status for GAIL: 200
2026-08-18 12:47:22,262 | INFO | News RSS query for GAIL: https://news.google.com/rss/search?q=%22GAIL+%28India%29+Ltd.%22+stock+when:10d&hl=en-IN&gl=IN&ceid=IN:en
2026-08-18 12:47:22,530 | INFO | News RSS status for GAIL: 200
2026-08-18 12:47:23,787 | INFO | News RSS query for GRASIM: https://news.google.com/rss/search?q=%22Grasim+Industries+Ltd.%22+NSE+when:10d&hl=en-IN&gl=IN&ceid=IN:en
2026-08-18 12:47:24,050 | INFO | News RSS status for GRASIM: 200
2026-08-18 12:47:24,695 | INFO | News RSS query for HAL: https://news.google.com/rss/search?q=%22Hindustan+Aeronautics+Ltd.%22+NSE+when:10d&hl=en-IN&gl=IN&ceid=IN:en
2026-08-18 12:47:24,901 | INFO | News RSS status for HAL: 200
2026-08-18 12:47:27,866 | INFO | News RSS query for HINDALCO: https://news.google.com/rss/search?q=%22Hindalco+Industries+Ltd.%22+NSE+when:10d&hl=en-IN&gl=IN&ceid=IN:en
2026-08-18 12:47:28,106 | INFO | News RSS status for HINDALCO: 200
2026-08-18 12:47:29,340 | INFO | News RSS query for HINDZINC: https://news.google.com/rss/search?q=%22Hindustan+Zinc+Ltd.%22+NSE+when:10d&hl=en-IN&gl=IN&ceid=IN:en
2026-08-18 12:47:29,526 | INFO | News RSS status for HINDZINC: 200
2026-08-18 12:47:29,529 | INFO | News RSS query for HINDZINC: https://news.google.com/rss/search?q=%22Hindustan+Zinc+Ltd.%22+stock+when:10d&hl=en-IN&gl=IN&ceid=IN:en
2026-08-18 12:47:29,718 | INFO | News RSS status for HINDZINC: 200
2026-08-18 12:47:29,970 | INFO | News RSS query for HYUNDAI: https://news.google.com/rss/search?q=%22Hyundai+Motor+India+Ltd.%22+NSE+when:10d&hl=en-IN&gl=IN&ceid=IN:en
2026-08-18 12:47:30,223 | INFO | News RSS status for HYUNDAI: 200
2026-08-18 12:47:32,035 | INFO | News RSS query for INDIGO: https://news.google.com/rss/search?q=%22InterGlobe+Aviation+Ltd.%22+NSE+when:10d&hl=en-IN&gl=IN&ceid=IN:en
2026-08-18 12:47:32,250 | INFO | News RSS status for INDIGO: 200
2026-08-18 12:47:32,252 | INFO | News RSS query for INDIGO: https://news.google.com/rss/search?q=%22InterGlobe+Aviation+Ltd.%22+stock+when:10d&hl=en-IN&gl=IN&ceid=IN:en
2026-08-18 12:47:32,450 | INFO | News RSS status for INDIGO: 200
2026-08-18 12:47:36,313 | INFO | News RSS query for JSWSTEEL: https://news.google.com/rss/search?q=%22JSW+Steel+Ltd.%22+NSE+when:10d&hl=en-IN&gl=IN&ceid=IN:en
2026-08-18 12:47:36,520 | INFO | News RSS status for JSWSTEEL: 200
2026-08-18 12:47:36,523 | INFO | News RSS query for JSWSTEEL: https://news.google.com/rss/search?q=%22JSW+Steel+Ltd.%22+stock+when:10d&hl=en-IN&gl=IN&ceid=IN:en
2026-08-18 12:47:36,730 | INFO | News RSS status for JSWSTEEL: 200
2026-08-18 12:47:37,894 | INFO | News RSS query for LODHA: https://news.google.com/rss/search?q=%22Lodha+Developers+Ltd.%22+NSE+when:10d&hl=en-IN&gl=IN&ceid=IN:en
2026-08-18 12:47:38,125 | INFO | News RSS status for LODHA: 200
2026-08-18 12:47:38,128 | INFO | News RSS query for LODHA: https://news.google.com/rss/search?q=%22Lodha+Developers+Ltd.%22+stock+when:10d&hl=en-IN&gl=IN&ceid=IN:en
2026-08-18 12:47:38,360 | INFO | News RSS status for LODHA: 200
2026-08-18 12:47:39,003 | INFO | News RSS query for LT: https://news.google.com/rss/search?q=%22Larsen+%26+Toubro+Ltd.%22+NSE+when:10d&hl=en-IN&gl=IN&ceid=IN:en
2026-08-18 12:47:39,232 | INFO | News RSS status for LT: 200
2026-08-18 12:47:39,238 | WARNING | Skipping LTM — only 123 bars available (need 220). Extend history_backfill_days in config.json to include this symbol.
2026-08-18 12:47:39,874 | INFO | News RSS query for M&M: https://news.google.com/rss/search?q=%22Mahindra+%26+Mahindra+Ltd.%22+NSE+when:10d&hl=en-IN&gl=IN&ceid=IN:en
2026-08-18 12:47:40,072 | INFO | News RSS status for M&M: 200
2026-08-18 12:47:42,471 | INFO | News RSS query for MOTHERSON: https://news.google.com/rss/search?q=%22Samvardhana+Motherson+International+Ltd.%22+NSE+when:10d&hl=en-IN&gl=IN&ceid=IN:en
2026-08-18 12:47:42,753 | INFO | News RSS status for MOTHERSON: 200
2026-08-18 12:47:44,001 | INFO | News RSS query for NESTLEIND: https://news.google.com/rss/search?q=%22Nestle+India+Ltd.%22+NSE+when:10d&hl=en-IN&gl=IN&ceid=IN:en
2026-08-18 12:47:44,257 | INFO | News RSS status for NESTLEIND: 200
2026-08-18 12:47:46,657 | INFO | News RSS query for PIDILITIND: https://news.google.com/rss/search?q=%22Pidilite+Industries+Ltd.%22+NSE+when:10d&hl=en-IN&gl=IN&ceid=IN:en
2026-08-18 12:47:46,838 | INFO | News RSS status for PIDILITIND: 200
2026-08-18 12:47:46,839 | INFO | News RSS query for PIDILITIND: https://news.google.com/rss/search?q=%22Pidilite+Industries+Ltd.%22+stock+when:10d&hl=en-IN&gl=IN&ceid=IN:en
2026-08-18 12:47:47,069 | INFO | News RSS status for PIDILITIND: 200
2026-08-18 12:47:50,612 | INFO | News RSS query for SBIN: https://news.google.com/rss/search?q=%22State+Bank+of+India%22+NSE+when:10d&hl=en-IN&gl=IN&ceid=IN:en
2026-08-18 12:47:50,945 | INFO | News RSS status for SBIN: 200
2026-08-18 12:47:52,179 | INFO | News RSS query for SHRIRAMFIN: https://news.google.com/rss/search?q=%22Shriram+Finance+Ltd.%22+NSE+when:10d&hl=en-IN&gl=IN&ceid=IN:en
2026-08-18 12:47:52,382 | INFO | News RSS status for SHRIRAMFIN: 200
2026-08-18 12:47:53,041 | INFO | News RSS query for SIEMENS: https://news.google.com/rss/search?q=%22Siemens+Ltd.%22+NSE+when:10d&hl=en-IN&gl=IN&ceid=IN:en
2026-08-18 12:47:53,226 | INFO | News RSS status for SIEMENS: 200
2026-08-18 12:47:53,877 | INFO | News RSS query for SOLARINDS: https://news.google.com/rss/search?q=%22Solar+Industries+India+Ltd.%22+NSE+when:10d&hl=en-IN&gl=IN&ceid=IN:en
2026-08-18 12:47:54,098 | INFO | News RSS status for SOLARINDS: 200
2026-08-18 12:47:54,684 | WARNING | Skipping TATACAP — only 211 bars available (need 220). Extend history_backfill_days in config.json to include this symbol.
2026-08-18 12:47:57,611 | INFO | News RSS query for TECHM: https://news.google.com/rss/search?q=%22Tech+Mahindra+Ltd.%22+NSE+when:10d&hl=en-IN&gl=IN&ceid=IN:en
2026-08-18 12:47:57,854 | INFO | News RSS status for TECHM: 200
2026-08-18 12:47:58,489 | INFO | News RSS query for TITAN: https://news.google.com/rss/search?q=%22Titan+Company+Ltd.%22+NSE+when:10d&hl=en-IN&gl=IN&ceid=IN:en
2026-08-18 12:47:58,713 | INFO | News RSS status for TITAN: 200
2026-08-18 12:47:58,720 | WARNING | Skipping TMCV — only 191 bars available (need 220). Extend history_backfill_days in config.json to include this symbol.
2026-08-18 12:47:58,720 | WARNING | Skipping TMPV — only 208 bars available (need 220). Extend history_backfill_days in config.json to include this symbol.
2026-08-18 12:47:59,369 | INFO | News RSS query for TORNTPHARM: https://news.google.com/rss/search?q=%22Torrent+Pharmaceuticals+Ltd.%22+NSE+when:10d&hl=en-IN&gl=IN&ceid=IN:en
2026-08-18 12:47:59,643 | INFO | News RSS status for TORNTPHARM: 200
2026-08-18 12:47:59,706 | INFO | News RSS query for TORNTPHARM: https://news.google.com/rss/search?q=%22Torrent+Pharmaceuticals+Ltd.%22+NSE+when:10d&hl=en-IN&gl=IN&ceid=IN:en
2026-08-18 12:47:59,711 | INFO | News RSS status for TORNTPHARM: 200
2026-08-18 12:47:59,775 | INFO | News RSS query for TORNTPHARM: https://news.google.com/rss/search?q=%22Torrent+Pharmaceuticals+Ltd.%22+NSE+when:10d&hl=en-IN&gl=IN&ceid=IN:en
2026-08-18 12:47:59,781 | INFO | News RSS status for TORNTPHARM: 200
2026-08-18 12:48:01,023 | INFO | News RSS query for TVSMOTOR: https://news.google.com/rss/search?q=%22TVS+Motor+Company+Ltd.%22+NSE+when:10d&hl=en-IN&gl=IN&ceid=IN:en
2026-08-18 12:48:01,289 | INFO | News RSS status for TVSMOTOR: 200
2026-08-18 12:48:02,494 | INFO | News RSS query for UNIONBANK: https://news.google.com/rss/search?q=%22Union+Bank+of+India%22+NSE+when:10d&hl=en-IN&gl=IN&ceid=IN:en
2026-08-18 12:48:02,798 | INFO | News RSS status for UNIONBANK: 200
2026-08-18 12:48:03,089 | INFO | News RSS query for UNITDSPR: https://news.google.com/rss/search?q=%22United+Spirits+Ltd.%22+NSE+when:10d&hl=en-IN&gl=IN&ceid=IN:en
2026-08-18 12:48:03,278 | INFO | News RSS status for UNITDSPR: 200
2026-08-18 12:48:03,283 | WARNING | Skipping VAML — only 6 bars available (need 220). Extend history_backfill_days in config.json to include this symbol.
2026-08-18 12:48:04,463 | WARNING | Skipping VEDPOWER — only 4 bars available (need 220). Extend history_backfill_days in config.json to include this symbol.
2026-08-18 12:48:04,464 | WARNING | Skipping VISL — only 4 bars available (need 220). Extend history_backfill_days in config.json to include this symbol.
2026-08-18 12:48:04,464 | WARNING | Skipping VOGL — only 7 bars available (need 220). Extend history_backfill_days in config.json to include this symbol.
2026-08-18 12:48:05,754 | INFO | News RSS query for ZYDUSLIFE: https://news.google.com/rss/search?q=%22Zydus+Lifesciences+Ltd.%22+NSE+when:10d&hl=en-IN&gl=IN&ceid=IN:en
2026-08-18 12:48:05,959 | INFO | News RSS status for ZYDUSLIFE: 200
2026-08-18 12:48:05,970 | INFO | Index membership from cache: NIFTY 50 (50 symbols)
2026-08-18 12:48:05,971 | INFO | Index membership from cache: Nifty Next 50 (50 symbols)
2026-08-18 12:48:05,971 | INFO | Index membership ready: 100 symbols mapped
2026-08-18 12:48:05,971 | INFO | Market Health: fetching index OHLCV...
2026-08-18 12:48:06,942 | WARNING | niftyindices failed NIFTY 50 2026-08-15-2026-08-18: Expecting value: line 1 column 2 (char 1)
2026-08-18 12:48:07,121 | INFO | Index OHLCV via yfinance (^NSEI) for NIFTY 50: 1444 rows
2026-08-18 12:48:07,125 | INFO | Index OHLCV cache fresh for NIFTY NEXT 50 (1444 rows)
2026-08-18 12:48:07,125 | INFO | Market Health: fetching VIX...
2026-08-18 12:48:08,102 | WARNING | niftyindices VIX failed 2026-08-15-2026-08-18: Expecting value: line 1 column 2 (char 1)
2026-08-18 12:48:08,209 | INFO | VIX via yfinance (^INDIAVIX): 142 rows
2026-08-18 12:48:08,210 | INFO | Market Health: updating breadth EMA cache...
2026-08-18 12:48:09,975 | INFO | Breadth EMA cache: 133864 total rows (+100)
2026-08-18 12:48:09,996 | INFO | Market Health [NIFTY 50]: Score=13.0 | Sideways &#x1F7E0;
2026-08-18 12:48:10,014 | INFO | Market Health [Nifty Next 50]: Score=8.0 | Sideways &#x1F7E0;
2026-08-18 12:48:10,060 | INFO | Signal log: appended 3 new signals. Total rows: 649
2026-08-18 12:48:10,060 | INFO | Signal log written/updated: /home/runner/work/nifty100-reporter/nifty100-reporter/data/nifty100_signal_log.csv
2026-08-18 12:48:11,200 | INFO | Signal tracker: updated 174 Active signal rows.
2026-08-18 12:48:11,217 | INFO | HTML report written: /home/runner/work/nifty100-reporter/nifty100-reporter/reports/nifty100_daily_report_20260818.html
2026-08-18 12:48:11,226 | INFO | Market Health Excel sheet written.
2026-08-18 12:48:12,562 | INFO | Excel report written: /home/runner/work/nifty100-reporter/nifty100-reporter/reports/nifty100_daily_report_20260818.xlsx
2026-08-18 12:48:12,562 | INFO | GitHub Actions detected — skipping Gmail API send (workflow handles email).
2026-08-18 12:48:12,562 | INFO | Run completed successfully.
2026-08-18 12:48:12,562 | INFO | Artifacts: /home/runner/work/nifty100-reporter/nifty100-reporter/reports/nifty100_daily_report_20260818.html | /home/runner/work/nifty100-reporter/nifty100-reporter/reports/nifty100_daily_report_20260818.xlsx | log: /home/runner/work/nifty100-reporter/nifty100-reporter/logs/run_20260818_181607.log
