2026-08-06 12:45:50,361 | INFO | Nifty 100 Daily EMA Cross Reporter | Version 3.3.8 | Released 2026-04-17
2026-08-06 12:45:50,361 | INFO | Base directory: /home/runner/work/nifty100-reporter/nifty100-reporter
2026-08-06 12:45:50,361 | INFO | Loaded config. Email enabled: True | Recipients: 1
2026-08-06 12:45:50,554 | WARNING | NSE session bootstrap HTTP 403 (attempt 1/5) — refreshing NSE session cookie …
2026-08-06 12:46:01,339 | INFO | NSE session bootstrap status: 200
2026-08-06 12:46:01,340 | INFO | Downloading Nifty 100 universe from https://www.niftyindices.com/IndexConstituent/ind_nifty100list.csv
2026-08-06 12:46:02,502 | INFO | Universe download status: 200
2026-08-06 12:46:02,531 | INFO | Universe rows loaded: 100
2026-08-06 12:46:02,645 | INFO | Loaded history rows: 133054
2026-08-06 12:46:02,653 | INFO | yfinance history update: 100 symbols | 2026-08-04 → 2026-08-07
2026-08-06 12:46:02,653 | INFO | yfinance batch download: 100 symbols | 2026-08-04 → 2026-08-07
2026-08-06 12:46:09,787 | INFO | yfinance raw shape: (3, 500)
2026-08-06 12:46:10,092 | INFO | yfinance parsed rows after date-filter: 300
2026-08-06 12:46:10,093 | INFO | New rows from yfinance: 300
2026-08-06 12:46:10,864 | INFO | Saved history rows: 133154 | file: /home/runner/work/nifty100-reporter/nifty100-reporter/data/nifty100_ohlcv_history.csv
2026-08-06 12:46:10,970 | INFO | Loaded history rows: 133154
2026-08-06 12:46:10,971 | INFO | Latest OHLCV data is from 2026-08-06
2026-08-06 12:46:10,996 | INFO | Latest Delivery data is from 2026-08-05
2026-08-06 12:46:11,041 | INFO | Delivery cache has 32 dates — skipping backfill.
2026-08-06 12:46:11,041 | INFO | Delivery fetch attempt [0/7] — URL: https://archives.nseindia.com/products/content/sec_bhavdata_full_06082026.csv
2026-08-06 12:46:11,958 | INFO | Delivery fetch SUCCESS — date: 2026-08-06 | size: 373499 bytes | URL: https://archives.nseindia.com/products/content/sec_bhavdata_full_06082026.csv
2026-08-06 12:46:12,300 | INFO | Delivery cache updated: 2415 symbols for 2026-08-06 (rows in cache: 79072)
2026-08-06 12:46:12,300 | INFO | Delivery data: 2415 symbols | fallback=False
2026-08-06 12:46:12,782 | INFO | Corporate actions bulk OK: 102 raw rows | 5 Nifty100 symbols with events
2026-08-06 12:46:44,621 | INFO | Corporate actions: 5/100 symbols have events (window 06-08-2026 to 05-09-2026) | Symbols: ABB, GRASIM, JIOFIN, LODHA, MARUTI
2026-08-06 12:46:44,621 | INFO | Index membership from cache: NIFTY 50 (50 symbols)
2026-08-06 12:46:44,621 | INFO | Index membership from cache: Nifty Next 50 (50 symbols)
2026-08-06 12:46:44,622 | INFO | Index membership ready: 100 symbols mapped
2026-08-06 12:46:45,089 | INFO | News RSS query for ABB: https://news.google.com/rss/search?q=%22ABB+India+Ltd.%22+NSE+when:10d&hl=en-IN&gl=IN&ceid=IN:en
2026-08-06 12:46:45,416 | INFO | News RSS status for ABB: 200
2026-08-06 12:46:45,682 | INFO | News RSS query for ADANIENSOL: https://news.google.com/rss/search?q=%22Adani+Energy+Solutions+Ltd.%22+NSE+when:10d&hl=en-IN&gl=IN&ceid=IN:en
2026-08-06 12:46:45,893 | INFO | News RSS status for ADANIENSOL: 200
2026-08-06 12:46:48,306 | INFO | News RSS query for APOLLOHOSP: https://news.google.com/rss/search?q=%22Apollo+Hospitals+Enterprise+Ltd.%22+NSE+when:10d&hl=en-IN&gl=IN&ceid=IN:en
2026-08-06 12:46:48,525 | INFO | News RSS status for APOLLOHOSP: 200
2026-08-06 12:46:48,589 | INFO | News RSS query for APOLLOHOSP: https://news.google.com/rss/search?q=%22Apollo+Hospitals+Enterprise+Ltd.%22+NSE+when:10d&hl=en-IN&gl=IN&ceid=IN:en
2026-08-06 12:46:48,617 | INFO | News RSS status for APOLLOHOSP: 200
2026-08-06 12:46:49,066 | INFO | News RSS query for ASIANPAINT: https://news.google.com/rss/search?q=%22Asian+Paints+Ltd.%22+NSE+when:10d&hl=en-IN&gl=IN&ceid=IN:en
2026-08-06 12:46:49,305 | INFO | News RSS status for ASIANPAINT: 200
2026-08-06 12:46:50,146 | INFO | News RSS query for BAJAJ-AUTO: https://news.google.com/rss/search?q=%22Bajaj+Auto+Ltd.%22+NSE+when:10d&hl=en-IN&gl=IN&ceid=IN:en
2026-08-06 12:46:50,396 | INFO | News RSS status for BAJAJ-AUTO: 200
2026-08-06 12:46:51,618 | INFO | News RSS query for BAJFINANCE: https://news.google.com/rss/search?q=%22Bajaj+Finance+Ltd.%22+NSE+when:10d&hl=en-IN&gl=IN&ceid=IN:en
2026-08-06 12:46:51,860 | INFO | News RSS status for BAJFINANCE: 200
2026-08-06 12:46:53,095 | INFO | News RSS query for BHARTIARTL: https://news.google.com/rss/search?q=%22Bharti+Airtel+Ltd.%22+NSE+when:10d&hl=en-IN&gl=IN&ceid=IN:en
2026-08-06 12:46:53,310 | INFO | News RSS status for BHARTIARTL: 200
2026-08-06 12:46:53,762 | INFO | News RSS query for BOSCHLTD: https://news.google.com/rss/search?q=%22Bosch+Ltd.%22+NSE+when:10d&hl=en-IN&gl=IN&ceid=IN:en
2026-08-06 12:46:53,997 | INFO | News RSS status for BOSCHLTD: 200
2026-08-06 12:46:55,224 | INFO | News RSS query for CANBK: https://news.google.com/rss/search?q=%22Canara+Bank%22+NSE+when:10d&hl=en-IN&gl=IN&ceid=IN:en
2026-08-06 12:46:55,494 | INFO | News RSS status for CANBK: 200
2026-08-06 12:46:56,327 | INFO | News RSS query for CHOLAFIN: https://news.google.com/rss/search?q=%22Cholamandalam+Investment+and+Finance+Company+Ltd.%22+NSE+when:10d&hl=en-IN&gl=IN&ceid=IN:en
2026-08-06 12:46:56,571 | INFO | News RSS status for CHOLAFIN: 200
2026-08-06 12:46:57,064 | INFO | News RSS query for CIPLA: https://news.google.com/rss/search?q=%22Cipla+Ltd.%22+NSE+when:10d&hl=en-IN&gl=IN&ceid=IN:en
2026-08-06 12:46:57,298 | INFO | News RSS status for CIPLA: 200
2026-08-06 12:46:58,528 | INFO | News RSS query for DIVISLAB: https://news.google.com/rss/search?q=%22Divi%27s+Laboratories+Ltd.%22+NSE+when:10d&hl=en-IN&gl=IN&ceid=IN:en
2026-08-06 12:46:58,718 | INFO | News RSS status for DIVISLAB: 200
2026-08-06 12:46:58,719 | INFO | News RSS query for DIVISLAB: https://news.google.com/rss/search?q=%22Divi%27s+Laboratories+Ltd.%22+stock+when:10d&hl=en-IN&gl=IN&ceid=IN:en
2026-08-06 12:46:58,953 | INFO | News RSS status for DIVISLAB: 200
2026-08-06 12:47:00,560 | INFO | News RSS query for EICHERMOT: https://news.google.com/rss/search?q=%22Eicher+Motors+Ltd.%22+NSE+when:10d&hl=en-IN&gl=IN&ceid=IN:en
2026-08-06 12:47:00,770 | INFO | News RSS status for EICHERMOT: 200
2026-08-06 12:47:01,256 | INFO | News RSS query for ETERNAL: https://news.google.com/rss/search?q=%22Eternal+Ltd.%22+NSE+when:10d&hl=en-IN&gl=IN&ceid=IN:en
2026-08-06 12:47:01,483 | INFO | News RSS status for ETERNAL: 200
2026-08-06 12:47:01,547 | INFO | News RSS query for ETERNAL: https://news.google.com/rss/search?q=%22Eternal+Ltd.%22+NSE+when:10d&hl=en-IN&gl=IN&ceid=IN:en
2026-08-06 12:47:01,576 | INFO | News RSS status for ETERNAL: 200
2026-08-06 12:47:02,022 | INFO | News RSS query for GAIL: https://news.google.com/rss/search?q=%22GAIL+%28India%29+Ltd.%22+NSE+when:10d&hl=en-IN&gl=IN&ceid=IN:en
2026-08-06 12:47:02,249 | INFO | News RSS status for GAIL: 200
2026-08-06 12:47:03,089 | INFO | News RSS query for GRASIM: https://news.google.com/rss/search?q=%22Grasim+Industries+Ltd.%22+NSE+when:10d&hl=en-IN&gl=IN&ceid=IN:en
2026-08-06 12:47:03,290 | INFO | News RSS status for GRASIM: 200
2026-08-06 12:47:03,739 | INFO | News RSS query for HAL: https://news.google.com/rss/search?q=%22Hindustan+Aeronautics+Ltd.%22+NSE+when:10d&hl=en-IN&gl=IN&ceid=IN:en
2026-08-06 12:47:03,954 | INFO | News RSS status for HAL: 200
2026-08-06 12:47:07,272 | INFO | News RSS query for ICICIBANK: https://news.google.com/rss/search?q=%22ICICI+Bank+Ltd.%22+NSE+when:10d&hl=en-IN&gl=IN&ceid=IN:en
2026-08-06 12:47:07,516 | INFO | News RSS status for ICICIBANK: 200
2026-08-06 12:47:07,970 | INFO | News RSS query for INDHOTEL: https://news.google.com/rss/search?q=%22Indian+Hotels+Co.+Ltd.%22+NSE+when:10d&hl=en-IN&gl=IN&ceid=IN:en
2026-08-06 12:47:08,160 | INFO | News RSS status for INDHOTEL: 200
2026-08-06 12:47:08,161 | INFO | News RSS query for INDHOTEL: https://news.google.com/rss/search?q=%22Indian+Hotels+Co.+Ltd.%22+stock+when:10d&hl=en-IN&gl=IN&ceid=IN:en
2026-08-06 12:47:08,386 | INFO | News RSS status for INDHOTEL: 200
2026-08-06 12:47:08,449 | INFO | News RSS query for INDHOTEL: https://news.google.com/rss/search?q=%22Indian+Hotels+Co.+Ltd.%22+NSE+when:10d&hl=en-IN&gl=IN&ceid=IN:en
2026-08-06 12:47:08,476 | INFO | News RSS status for INDHOTEL: 200
2026-08-06 12:47:08,477 | INFO | News RSS query for INDHOTEL: https://news.google.com/rss/search?q=%22Indian+Hotels+Co.+Ltd.%22+stock+when:10d&hl=en-IN&gl=IN&ceid=IN:en
2026-08-06 12:47:08,503 | INFO | News RSS status for INDHOTEL: 200
2026-08-06 12:47:08,953 | INFO | News RSS query for INDIGO: https://news.google.com/rss/search?q=%22InterGlobe+Aviation+Ltd.%22+NSE+when:10d&hl=en-IN&gl=IN&ceid=IN:en
2026-08-06 12:47:09,195 | INFO | News RSS status for INDIGO: 200
2026-08-06 12:47:11,775 | INFO | News RSS query for JSWSTEEL: https://news.google.com/rss/search?q=%22JSW+Steel+Ltd.%22+NSE+when:10d&hl=en-IN&gl=IN&ceid=IN:en
2026-08-06 12:47:12,006 | INFO | News RSS status for JSWSTEEL: 200
2026-08-06 12:47:12,809 | INFO | News RSS query for LODHA: https://news.google.com/rss/search?q=%22Lodha+Developers+Ltd.%22+NSE+when:10d&hl=en-IN&gl=IN&ceid=IN:en
2026-08-06 12:47:12,985 | INFO | News RSS status for LODHA: 200
2026-08-06 12:47:13,371 | WARNING | Skipping LTM — only 115 bars available (need 220). Extend history_backfill_days in config.json to include this symbol.
2026-08-06 12:47:14,978 | INFO | News RSS query for MAZDOCK: https://news.google.com/rss/search?q=%22Mazagoan+Dock+Shipbuilders+Ltd.%22+NSE+when:10d&hl=en-IN&gl=IN&ceid=IN:en
2026-08-06 12:47:15,173 | INFO | News RSS status for MAZDOCK: 200
2026-08-06 12:47:15,173 | INFO | News RSS query for MAZDOCK: https://news.google.com/rss/search?q=%22Mazagoan+Dock+Shipbuilders+Ltd.%22+stock+when:10d&hl=en-IN&gl=IN&ceid=IN:en
2026-08-06 12:47:15,349 | INFO | News RSS status for MAZDOCK: 200
2026-08-06 12:47:15,349 | INFO | News RSS query for MAZDOCK: https://news.google.com/rss/search?q=MAZDOCK+NSE+when:10d&hl=en-IN&gl=IN&ceid=IN:en
2026-08-06 12:47:15,559 | INFO | News RSS status for MAZDOCK: 200
2026-08-06 12:47:16,005 | INFO | News RSS query for MOTHERSON: https://news.google.com/rss/search?q=%22Samvardhana+Motherson+International+Ltd.%22+NSE+when:10d&hl=en-IN&gl=IN&ceid=IN:en
2026-08-06 12:47:16,230 | INFO | News RSS status for MOTHERSON: 200
2026-08-06 12:47:17,088 | INFO | News RSS query for NESTLEIND: https://news.google.com/rss/search?q=%22Nestle+India+Ltd.%22+NSE+when:10d&hl=en-IN&gl=IN&ceid=IN:en
2026-08-06 12:47:17,322 | INFO | News RSS status for NESTLEIND: 200
2026-08-06 12:47:18,949 | INFO | News RSS query for PIDILITIND: https://news.google.com/rss/search?q=%22Pidilite+Industries+Ltd.%22+NSE+when:10d&hl=en-IN&gl=IN&ceid=IN:en
2026-08-06 12:47:19,183 | INFO | News RSS status for PIDILITIND: 200
2026-08-06 12:47:19,184 | INFO | News RSS query for PIDILITIND: https://news.google.com/rss/search?q=%22Pidilite+Industries+Ltd.%22+stock+when:10d&hl=en-IN&gl=IN&ceid=IN:en
2026-08-06 12:47:19,401 | INFO | News RSS status for PIDILITIND: 200
2026-08-06 12:47:20,629 | INFO | News RSS query for RECLTD: https://news.google.com/rss/search?q=%22REC+Ltd.%22+NSE+when:10d&hl=en-IN&gl=IN&ceid=IN:en
2026-08-06 12:47:20,832 | INFO | News RSS status for RECLTD: 200
2026-08-06 12:47:21,273 | INFO | News RSS query for RELIANCE: https://news.google.com/rss/search?q=%22Reliance+Industries+Ltd.%22+NSE+when:10d&hl=en-IN&gl=IN&ceid=IN:en
2026-08-06 12:47:21,486 | INFO | News RSS status for RELIANCE: 200
2026-08-06 12:47:22,317 | INFO | News RSS query for SBIN: https://news.google.com/rss/search?q=%22State+Bank+of+India%22+NSE+when:10d&hl=en-IN&gl=IN&ceid=IN:en
2026-08-06 12:47:22,602 | INFO | News RSS status for SBIN: 200
2026-08-06 12:47:23,435 | INFO | News RSS query for SHRIRAMFIN: https://news.google.com/rss/search?q=%22Shriram+Finance+Ltd.%22+NSE+when:10d&hl=en-IN&gl=IN&ceid=IN:en
2026-08-06 12:47:23,670 | INFO | News RSS status for SHRIRAMFIN: 200
2026-08-06 12:47:24,118 | INFO | News RSS query for SIEMENS: https://news.google.com/rss/search?q=%22Siemens+Ltd.%22+NSE+when:10d&hl=en-IN&gl=IN&ceid=IN:en
2026-08-06 12:47:24,327 | INFO | News RSS status for SIEMENS: 200
2026-08-06 12:47:24,776 | INFO | News RSS query for SOLARINDS: https://news.google.com/rss/search?q=%22Solar+Industries+India+Ltd.%22+NSE+when:10d&hl=en-IN&gl=IN&ceid=IN:en
2026-08-06 12:47:25,018 | INFO | News RSS status for SOLARINDS: 200
2026-08-06 12:47:25,467 | INFO | News RSS query for SUNPHARMA: https://news.google.com/rss/search?q=%22Sun+Pharmaceutical+Industries+Ltd.%22+NSE+when:10d&hl=en-IN&gl=IN&ceid=IN:en
2026-08-06 12:47:25,696 | INFO | News RSS status for SUNPHARMA: 200
2026-08-06 12:47:25,702 | WARNING | Skipping TATACAP — only 203 bars available (need 220). Extend history_backfill_days in config.json to include this symbol.
2026-08-06 12:47:27,725 | INFO | News RSS query for TECHM: https://news.google.com/rss/search?q=%22Tech+Mahindra+Ltd.%22+NSE+when:10d&hl=en-IN&gl=IN&ceid=IN:en
2026-08-06 12:47:27,964 | INFO | News RSS status for TECHM: 200
2026-08-06 12:47:28,408 | INFO | News RSS query for TITAN: https://news.google.com/rss/search?q=%22Titan+Company+Ltd.%22+NSE+when:10d&hl=en-IN&gl=IN&ceid=IN:en
2026-08-06 12:47:28,639 | INFO | News RSS status for TITAN: 200
2026-08-06 12:47:28,644 | WARNING | Skipping TMCV — only 183 bars available (need 220). Extend history_backfill_days in config.json to include this symbol.
2026-08-06 12:47:28,644 | WARNING | Skipping TMPV — only 200 bars available (need 220). Extend history_backfill_days in config.json to include this symbol.
2026-08-06 12:47:29,095 | INFO | News RSS query for TORNTPHARM: https://news.google.com/rss/search?q=%22Torrent+Pharmaceuticals+Ltd.%22+NSE+when:10d&hl=en-IN&gl=IN&ceid=IN:en
2026-08-06 12:47:29,319 | INFO | News RSS status for TORNTPHARM: 200
2026-08-06 12:47:29,322 | INFO | News RSS query for TORNTPHARM: https://news.google.com/rss/search?q=%22Torrent+Pharmaceuticals+Ltd.%22+stock+when:10d&hl=en-IN&gl=IN&ceid=IN:en
2026-08-06 12:47:29,569 | INFO | News RSS status for TORNTPHARM: 200
2026-08-06 12:47:30,398 | INFO | News RSS query for TVSMOTOR: https://news.google.com/rss/search?q=%22TVS+Motor+Company+Ltd.%22+NSE+when:10d&hl=en-IN&gl=IN&ceid=IN:en
2026-08-06 12:47:30,624 | INFO | News RSS status for TVSMOTOR: 200
2026-08-06 12:47:31,457 | INFO | News RSS query for UNIONBANK: https://news.google.com/rss/search?q=%22Union+Bank+of+India%22+NSE+when:10d&hl=en-IN&gl=IN&ceid=IN:en
2026-08-06 12:47:31,739 | INFO | News RSS status for UNIONBANK: 200
2026-08-06 12:47:31,956 | INFO | News RSS query for UNITDSPR: https://news.google.com/rss/search?q=%22United+Spirits+Ltd.%22+NSE+when:10d&hl=en-IN&gl=IN&ceid=IN:en
2026-08-06 12:47:32,187 | INFO | News RSS status for UNITDSPR: 200
2026-08-06 12:47:32,192 | WARNING | Skipping VAML — only 6 bars available (need 220). Extend history_backfill_days in config.json to include this symbol.
2026-08-06 12:47:32,965 | WARNING | Skipping VEDPOWER — only 4 bars available (need 220). Extend history_backfill_days in config.json to include this symbol.
2026-08-06 12:47:32,965 | WARNING | Skipping VISL — only 4 bars available (need 220). Extend history_backfill_days in config.json to include this symbol.
2026-08-06 12:47:32,966 | WARNING | Skipping VOGL — only 7 bars available (need 220). Extend history_backfill_days in config.json to include this symbol.
2026-08-06 12:47:33,753 | INFO | Index membership from cache: NIFTY 50 (50 symbols)
2026-08-06 12:47:33,754 | INFO | Index membership from cache: Nifty Next 50 (50 symbols)
2026-08-06 12:47:33,754 | INFO | Index membership ready: 100 symbols mapped
2026-08-06 12:47:33,754 | INFO | Market Health: fetching index OHLCV...
2026-08-06 12:47:33,757 | INFO | Index OHLCV cache fresh for NIFTY 50 (1435 rows)
2026-08-06 12:47:33,760 | INFO | Index OHLCV cache fresh for NIFTY NEXT 50 (1435 rows)
2026-08-06 12:47:33,760 | INFO | Market Health: fetching VIX...
2026-08-06 12:47:33,762 | INFO | VIX cache fresh (133 rows)
2026-08-06 12:47:33,762 | INFO | Market Health: updating breadth EMA cache...
2026-08-06 12:47:35,533 | INFO | Breadth EMA cache: 133064 total rows (+100)
2026-08-06 12:47:35,557 | INFO | Market Health [NIFTY 50]: Score=50.5 | Weak Bull &#x1F7E1;
2026-08-06 12:47:35,574 | INFO | Market Health [Nifty Next 50]: Score=10.0 | Sideways &#x1F7E0;
2026-08-06 12:47:35,645 | INFO | Signal log: appended 6 new signals. Total rows: 599
2026-08-06 12:47:35,646 | INFO | Signal log written/updated: /home/runner/work/nifty100-reporter/nifty100-reporter/data/nifty100_signal_log.csv
2026-08-06 12:47:36,942 | INFO | Signal tracker: updated 195 Active signal rows.
2026-08-06 12:47:36,958 | INFO | HTML report written: /home/runner/work/nifty100-reporter/nifty100-reporter/reports/nifty100_daily_report_20260806.html
2026-08-06 12:47:36,966 | INFO | Market Health Excel sheet written.
2026-08-06 12:47:38,109 | INFO | Excel report written: /home/runner/work/nifty100-reporter/nifty100-reporter/reports/nifty100_daily_report_20260806.xlsx
2026-08-06 12:47:38,109 | INFO | GitHub Actions detected — skipping Gmail API send (workflow handles email).
2026-08-06 12:47:38,109 | INFO | Run completed successfully.
2026-08-06 12:47:38,109 | INFO | Artifacts: /home/runner/work/nifty100-reporter/nifty100-reporter/reports/nifty100_daily_report_20260806.html | /home/runner/work/nifty100-reporter/nifty100-reporter/reports/nifty100_daily_report_20260806.xlsx | log: /home/runner/work/nifty100-reporter/nifty100-reporter/logs/run_20260806_181550.log
