2026-08-26 12:45:55,810 | INFO | Nifty 100 Daily EMA Cross Reporter | Version 3.3.8 | Released 2026-04-17
2026-08-26 12:45:55,810 | INFO | Base directory: /home/runner/work/nifty100-reporter/nifty100-reporter
2026-08-26 12:45:55,810 | INFO | Loaded config. Email enabled: True | Recipients: 1
2026-08-26 12:45:55,895 | WARNING | NSE session bootstrap HTTP 403 (attempt 1/5) — refreshing NSE session cookie …
2026-08-26 12:46:06,419 | INFO | NSE session bootstrap status: 200
2026-08-26 12:46:06,420 | INFO | Downloading Nifty 100 universe from https://www.niftyindices.com/IndexConstituent/ind_nifty100list.csv
2026-08-26 12:46:06,872 | INFO | Universe download status: 200
2026-08-26 12:46:06,877 | INFO | Universe rows loaded: 100
2026-08-26 12:46:06,999 | INFO | Loaded history rows: 134454
2026-08-26 12:46:07,008 | INFO | yfinance history update: 100 symbols | 2026-08-24 → 2026-08-27
2026-08-26 12:46:07,008 | INFO | yfinance batch download: 100 symbols | 2026-08-24 → 2026-08-27
2026-08-26 12:46:16,306 | ERROR | 
1 Failed download:
2026-08-26 12:46:16,306 | ERROR | ['DLF.NS']: OperationalError('database is locked')
2026-08-26 12:46:16,324 | INFO | yfinance raw shape: (3, 501)
2026-08-26 12:46:16,692 | INFO | yfinance parsed rows after date-filter: 297
2026-08-26 12:46:16,694 | INFO | New rows from yfinance: 297
2026-08-26 12:46:17,484 | INFO | Saved history rows: 134553 | file: /home/runner/work/nifty100-reporter/nifty100-reporter/data/nifty100_ohlcv_history.csv
2026-08-26 12:46:17,591 | INFO | Loaded history rows: 134553
2026-08-26 12:46:17,592 | INFO | Latest OHLCV data is from 2026-08-26
2026-08-26 12:46:17,618 | INFO | Latest Delivery data is from 2026-08-25
2026-08-26 12:46:17,666 | INFO | Delivery cache has 32 dates — skipping backfill.
2026-08-26 12:46:17,666 | INFO | Delivery fetch attempt [0/7] — URL: https://archives.nseindia.com/products/content/sec_bhavdata_full_26082026.csv
2026-08-26 12:46:18,424 | INFO | Delivery fetch SUCCESS — date: 2026-08-26 | size: 393606 bytes | URL: https://archives.nseindia.com/products/content/sec_bhavdata_full_26082026.csv
2026-08-26 12:46:18,807 | INFO | Delivery cache updated: 2632 symbols for 2026-08-26 (rows in cache: 81285)
2026-08-26 12:46:18,808 | INFO | Delivery data: 2632 symbols | fallback=False
2026-08-26 12:46:19,307 | INFO | Corporate actions bulk OK: 84 raw rows | 4 Nifty100 symbols with events
2026-08-26 12:46:56,445 | INFO | Corporate actions: 4/100 symbols have events (window 26-08-2026 to 25-09-2026) | Symbols: COALINDIA, GAIL, NTPC, PFC
2026-08-26 12:46:56,445 | INFO | Index membership from cache: NIFTY 50 (50 symbols)
2026-08-26 12:46:56,445 | INFO | Index membership from cache: Nifty Next 50 (50 symbols)
2026-08-26 12:46:56,445 | INFO | Index membership ready: 100 symbols mapped
2026-08-26 12:46:57,130 | INFO | News RSS query for ABB: https://news.google.com/rss/search?q=%22ABB+India+Ltd.%22+NSE+when:10d&hl=en-IN&gl=IN&ceid=IN:en
2026-08-26 12:46:57,419 | INFO | News RSS status for ABB: 200
2026-08-26 12:46:58,390 | INFO | News RSS query for ADANIENT: https://news.google.com/rss/search?q=%22Adani+Enterprises+Ltd.%22+NSE+when:10d&hl=en-IN&gl=IN&ceid=IN:en
2026-08-26 12:46:58,588 | INFO | News RSS status for ADANIENT: 200
2026-08-26 12:46:58,656 | INFO | News RSS query for ADANIENT: https://news.google.com/rss/search?q=%22Adani+Enterprises+Ltd.%22+NSE+when:10d&hl=en-IN&gl=IN&ceid=IN:en
2026-08-26 12:46:58,668 | INFO | News RSS status for ADANIENT: 200
2026-08-26 12:46:58,736 | INFO | News RSS query for ADANIENT: https://news.google.com/rss/search?q=%22Adani+Enterprises+Ltd.%22+NSE+when:10d&hl=en-IN&gl=IN&ceid=IN:en
2026-08-26 12:46:58,747 | INFO | News RSS status for ADANIENT: 200
2026-08-26 12:47:03,536 | INFO | News RSS query for BAJAJ-AUTO: https://news.google.com/rss/search?q=%22Bajaj+Auto+Ltd.%22+NSE+when:10d&hl=en-IN&gl=IN&ceid=IN:en
2026-08-26 12:47:03,766 | INFO | News RSS status for BAJAJ-AUTO: 200
2026-08-26 12:47:04,432 | INFO | News RSS query for BAJAJFINSV: https://news.google.com/rss/search?q=%22Bajaj+Finserv+Ltd.%22+NSE+when:10d&hl=en-IN&gl=IN&ceid=IN:en
2026-08-26 12:47:04,645 | INFO | News RSS status for BAJAJFINSV: 200
2026-08-26 12:47:04,713 | INFO | News RSS query for BAJAJFINSV: https://news.google.com/rss/search?q=%22Bajaj+Finserv+Ltd.%22+NSE+when:10d&hl=en-IN&gl=IN&ceid=IN:en
2026-08-26 12:47:04,727 | INFO | News RSS status for BAJAJFINSV: 200
2026-08-26 12:47:05,398 | INFO | News RSS query for BAJAJHLDNG: https://news.google.com/rss/search?q=%22Bajaj+Holdings+%26+Investment+Ltd.%22+NSE+when:10d&hl=en-IN&gl=IN&ceid=IN:en
2026-08-26 12:47:05,687 | INFO | News RSS status for BAJAJHLDNG: 200
2026-08-26 12:47:06,342 | INFO | News RSS query for BAJFINANCE: https://news.google.com/rss/search?q=%22Bajaj+Finance+Ltd.%22+NSE+when:10d&hl=en-IN&gl=IN&ceid=IN:en
2026-08-26 12:47:06,569 | INFO | News RSS status for BAJFINANCE: 200
2026-08-26 12:47:06,638 | INFO | News RSS query for BAJFINANCE: https://news.google.com/rss/search?q=%22Bajaj+Finance+Ltd.%22+NSE+when:10d&hl=en-IN&gl=IN&ceid=IN:en
2026-08-26 12:47:06,649 | INFO | News RSS status for BAJFINANCE: 200
2026-08-26 12:47:09,085 | INFO | News RSS query for BOSCHLTD: https://news.google.com/rss/search?q=%22Bosch+Ltd.%22+NSE+when:10d&hl=en-IN&gl=IN&ceid=IN:en
2026-08-26 12:47:09,325 | INFO | News RSS status for BOSCHLTD: 200
2026-08-26 12:47:12,431 | INFO | News RSS query for CHOLAFIN: https://news.google.com/rss/search?q=%22Cholamandalam+Investment+and+Finance+Company+Ltd.%22+NSE+when:10d&hl=en-IN&gl=IN&ceid=IN:en
2026-08-26 12:47:12,641 | INFO | News RSS status for CHOLAFIN: 200
2026-08-26 12:47:12,710 | INFO | News RSS query for CHOLAFIN: https://news.google.com/rss/search?q=%22Cholamandalam+Investment+and+Finance+Company+Ltd.%22+NSE+when:10d&hl=en-IN&gl=IN&ceid=IN:en
2026-08-26 12:47:12,722 | INFO | News RSS status for CHOLAFIN: 200
2026-08-26 12:47:15,144 | INFO | News RSS query for DIVISLAB: https://news.google.com/rss/search?q=%22Divi%27s+Laboratories+Ltd.%22+NSE+when:10d&hl=en-IN&gl=IN&ceid=IN:en
2026-08-26 12:47:15,350 | INFO | News RSS status for DIVISLAB: 200
2026-08-26 12:47:16,007 | INFO | News RSS query for DLF: https://news.google.com/rss/search?q=%22DLF+Ltd.%22+NSE+when:10d&hl=en-IN&gl=IN&ceid=IN:en
2026-08-26 12:47:16,200 | INFO | News RSS status for DLF: 200
2026-08-26 12:47:16,203 | INFO | News RSS query for DLF: https://news.google.com/rss/search?q=%22DLF+Ltd.%22+stock+when:10d&hl=en-IN&gl=IN&ceid=IN:en
2026-08-26 12:47:16,419 | INFO | News RSS status for DLF: 200
2026-08-26 12:47:18,245 | INFO | News RSS query for EICHERMOT: https://news.google.com/rss/search?q=%22Eicher+Motors+Ltd.%22+NSE+when:10d&hl=en-IN&gl=IN&ceid=IN:en
2026-08-26 12:47:18,472 | INFO | News RSS status for EICHERMOT: 200
2026-08-26 12:47:18,671 | INFO | News RSS query for ENRIN: https://news.google.com/rss/search?q=%22Siemens+Energy+India+Ltd.%22+NSE+when:10d&hl=en-IN&gl=IN&ceid=IN:en
2026-08-26 12:47:18,924 | INFO | News RSS status for ENRIN: 200
2026-08-26 12:47:19,503 | INFO | News RSS query for ETERNAL: https://news.google.com/rss/search?q=%22Eternal+Ltd.%22+NSE+when:10d&hl=en-IN&gl=IN&ceid=IN:en
2026-08-26 12:47:19,733 | INFO | News RSS status for ETERNAL: 200
2026-08-26 12:47:21,593 | INFO | News RSS query for GRASIM: https://news.google.com/rss/search?q=%22Grasim+Industries+Ltd.%22+NSE+when:10d&hl=en-IN&gl=IN&ceid=IN:en
2026-08-26 12:47:21,795 | INFO | News RSS status for GRASIM: 200
2026-08-26 12:47:22,461 | INFO | News RSS query for HAL: https://news.google.com/rss/search?q=%22Hindustan+Aeronautics+Ltd.%22+NSE+when:10d&hl=en-IN&gl=IN&ceid=IN:en
2026-08-26 12:47:22,708 | INFO | News RSS status for HAL: 200
2026-08-26 12:47:25,783 | INFO | News RSS query for HINDALCO: https://news.google.com/rss/search?q=%22Hindalco+Industries+Ltd.%22+NSE+when:10d&hl=en-IN&gl=IN&ceid=IN:en
2026-08-26 12:47:26,007 | INFO | News RSS status for HINDALCO: 200
2026-08-26 12:47:27,274 | INFO | News RSS query for HINDZINC: https://news.google.com/rss/search?q=%22Hindustan+Zinc+Ltd.%22+NSE+when:10d&hl=en-IN&gl=IN&ceid=IN:en
2026-08-26 12:47:27,488 | INFO | News RSS status for HINDZINC: 200
2026-08-26 12:47:27,756 | INFO | News RSS query for HYUNDAI: https://news.google.com/rss/search?q=%22Hyundai+Motor+India+Ltd.%22+NSE+when:10d&hl=en-IN&gl=IN&ceid=IN:en
2026-08-26 12:47:28,020 | INFO | News RSS status for HYUNDAI: 200
2026-08-26 12:47:28,088 | INFO | News RSS query for HYUNDAI: https://news.google.com/rss/search?q=%22Hyundai+Motor+India+Ltd.%22+NSE+when:10d&hl=en-IN&gl=IN&ceid=IN:en
2026-08-26 12:47:28,101 | INFO | News RSS status for HYUNDAI: 200
2026-08-26 12:47:32,897 | INFO | News RSS query for JINDALSTEL: https://news.google.com/rss/search?q=%22Jindal+Steel+Ltd.%22+NSE+when:10d&hl=en-IN&gl=IN&ceid=IN:en
2026-08-26 12:47:33,143 | INFO | News RSS status for JINDALSTEL: 200
2026-08-26 12:47:33,210 | INFO | News RSS query for JINDALSTEL: https://news.google.com/rss/search?q=%22Jindal+Steel+Ltd.%22+NSE+when:10d&hl=en-IN&gl=IN&ceid=IN:en
2026-08-26 12:47:33,222 | INFO | News RSS status for JINDALSTEL: 200
2026-08-26 12:47:34,187 | INFO | News RSS query for JSWSTEEL: https://news.google.com/rss/search?q=%22JSW+Steel+Ltd.%22+NSE+when:10d&hl=en-IN&gl=IN&ceid=IN:en
2026-08-26 12:47:34,389 | INFO | News RSS status for JSWSTEEL: 200
2026-08-26 12:47:34,392 | INFO | News RSS query for JSWSTEEL: https://news.google.com/rss/search?q=%22JSW+Steel+Ltd.%22+stock+when:10d&hl=en-IN&gl=IN&ceid=IN:en
2026-08-26 12:47:34,647 | INFO | News RSS status for JSWSTEEL: 200
2026-08-26 12:47:35,826 | INFO | News RSS query for LODHA: https://news.google.com/rss/search?q=%22Lodha+Developers+Ltd.%22+NSE+when:10d&hl=en-IN&gl=IN&ceid=IN:en
2026-08-26 12:47:35,991 | INFO | News RSS status for LODHA: 200
2026-08-26 12:47:35,992 | INFO | News RSS query for LODHA: https://news.google.com/rss/search?q=%22Lodha+Developers+Ltd.%22+stock+when:10d&hl=en-IN&gl=IN&ceid=IN:en
2026-08-26 12:47:36,193 | INFO | News RSS status for LODHA: 200
2026-08-26 12:47:36,843 | INFO | News RSS query for LT: https://news.google.com/rss/search?q=%22Larsen+%26+Toubro+Ltd.%22+NSE+when:10d&hl=en-IN&gl=IN&ceid=IN:en
2026-08-26 12:47:37,061 | INFO | News RSS status for LT: 200
2026-08-26 12:47:37,066 | WARNING | Skipping LTM — only 129 bars available (need 220). Extend history_backfill_days in config.json to include this symbol.
2026-08-26 12:47:37,720 | INFO | News RSS query for M&M: https://news.google.com/rss/search?q=%22Mahindra+%26+Mahindra+Ltd.%22+NSE+when:10d&hl=en-IN&gl=IN&ceid=IN:en
2026-08-26 12:47:37,958 | INFO | News RSS status for M&M: 200
2026-08-26 12:47:40,399 | INFO | News RSS query for MOTHERSON: https://news.google.com/rss/search?q=%22Samvardhana+Motherson+International+Ltd.%22+NSE+when:10d&hl=en-IN&gl=IN&ceid=IN:en
2026-08-26 12:47:40,617 | INFO | News RSS status for MOTHERSON: 200
2026-08-26 12:47:44,250 | INFO | News RSS query for PIDILITIND: https://news.google.com/rss/search?q=%22Pidilite+Industries+Ltd.%22+NSE+when:10d&hl=en-IN&gl=IN&ceid=IN:en
2026-08-26 12:47:44,458 | INFO | News RSS status for PIDILITIND: 200
2026-08-26 12:47:44,461 | INFO | News RSS query for PIDILITIND: https://news.google.com/rss/search?q=%22Pidilite+Industries+Ltd.%22+stock+when:10d&hl=en-IN&gl=IN&ceid=IN:en
2026-08-26 12:47:44,682 | INFO | News RSS status for PIDILITIND: 200
2026-08-26 12:47:45,324 | INFO | News RSS query for PNB: https://news.google.com/rss/search?q=%22Punjab+National+Bank%22+NSE+when:10d&hl=en-IN&gl=IN&ceid=IN:en
2026-08-26 12:47:45,590 | INFO | News RSS status for PNB: 200
2026-08-26 12:47:48,616 | INFO | News RSS query for SBIN: https://news.google.com/rss/search?q=%22State+Bank+of+India%22+NSE+when:10d&hl=en-IN&gl=IN&ceid=IN:en
2026-08-26 12:47:48,920 | INFO | News RSS status for SBIN: 200
2026-08-26 12:47:50,168 | INFO | News RSS query for SHRIRAMFIN: https://news.google.com/rss/search?q=%22Shriram+Finance+Ltd.%22+NSE+when:10d&hl=en-IN&gl=IN&ceid=IN:en
2026-08-26 12:47:50,380 | INFO | News RSS status for SHRIRAMFIN: 200
2026-08-26 12:47:50,449 | INFO | News RSS query for SHRIRAMFIN: https://news.google.com/rss/search?q=%22Shriram+Finance+Ltd.%22+NSE+when:10d&hl=en-IN&gl=IN&ceid=IN:en
2026-08-26 12:47:50,473 | INFO | News RSS status for SHRIRAMFIN: 200
2026-08-26 12:47:51,123 | INFO | News RSS query for SIEMENS: https://news.google.com/rss/search?q=%22Siemens+Ltd.%22+NSE+when:10d&hl=en-IN&gl=IN&ceid=IN:en
2026-08-26 12:47:51,362 | INFO | News RSS status for SIEMENS: 200
2026-08-26 12:47:52,023 | INFO | News RSS query for SOLARINDS: https://news.google.com/rss/search?q=%22Solar+Industries+India+Ltd.%22+NSE+when:10d&hl=en-IN&gl=IN&ceid=IN:en
2026-08-26 12:47:52,250 | INFO | News RSS status for SOLARINDS: 200
2026-08-26 12:47:52,857 | WARNING | Skipping TATACAP — only 217 bars available (need 220). Extend history_backfill_days in config.json to include this symbol.
2026-08-26 12:47:56,516 | INFO | News RSS query for TITAN: https://news.google.com/rss/search?q=%22Titan+Company+Ltd.%22+NSE+when:10d&hl=en-IN&gl=IN&ceid=IN:en
2026-08-26 12:47:56,722 | INFO | News RSS status for TITAN: 200
2026-08-26 12:47:56,728 | WARNING | Skipping TMCV — only 197 bars available (need 220). Extend history_backfill_days in config.json to include this symbol.
2026-08-26 12:47:56,729 | WARNING | Skipping TMPV — only 214 bars available (need 220). Extend history_backfill_days in config.json to include this symbol.
2026-08-26 12:47:57,397 | INFO | News RSS query for TORNTPHARM: https://news.google.com/rss/search?q=%22Torrent+Pharmaceuticals+Ltd.%22+NSE+when:10d&hl=en-IN&gl=IN&ceid=IN:en
2026-08-26 12:47:57,600 | INFO | News RSS status for TORNTPHARM: 200
2026-08-26 12:47:58,858 | INFO | News RSS query for TVSMOTOR: https://news.google.com/rss/search?q=%22TVS+Motor+Company+Ltd.%22+NSE+when:10d&hl=en-IN&gl=IN&ceid=IN:en
2026-08-26 12:47:59,096 | INFO | News RSS status for TVSMOTOR: 200
2026-08-26 12:47:59,164 | INFO | News RSS query for TVSMOTOR: https://news.google.com/rss/search?q=%22TVS+Motor+Company+Ltd.%22+NSE+when:10d&hl=en-IN&gl=IN&ceid=IN:en
2026-08-26 12:47:59,177 | INFO | News RSS status for TVSMOTOR: 200
2026-08-26 12:48:00,417 | INFO | News RSS query for UNIONBANK: https://news.google.com/rss/search?q=%22Union+Bank+of+India%22+NSE+when:10d&hl=en-IN&gl=IN&ceid=IN:en
2026-08-26 12:48:00,646 | INFO | News RSS status for UNIONBANK: 200
2026-08-26 12:48:00,950 | INFO | News RSS query for UNITDSPR: https://news.google.com/rss/search?q=%22United+Spirits+Ltd.%22+NSE+when:10d&hl=en-IN&gl=IN&ceid=IN:en
2026-08-26 12:48:01,150 | INFO | News RSS status for UNITDSPR: 200
2026-08-26 12:48:01,156 | WARNING | Skipping VAML — only 6 bars available (need 220). Extend history_backfill_days in config.json to include this symbol.
2026-08-26 12:48:02,339 | WARNING | Skipping VEDPOWER — only 4 bars available (need 220). Extend history_backfill_days in config.json to include this symbol.
2026-08-26 12:48:02,340 | WARNING | Skipping VISL — only 4 bars available (need 220). Extend history_backfill_days in config.json to include this symbol.
2026-08-26 12:48:02,340 | WARNING | Skipping VOGL — only 7 bars available (need 220). Extend history_backfill_days in config.json to include this symbol.
2026-08-26 12:48:03,550 | INFO | Index membership from cache: NIFTY 50 (50 symbols)
2026-08-26 12:48:03,550 | INFO | Index membership from cache: Nifty Next 50 (50 symbols)
2026-08-26 12:48:03,550 | INFO | Index membership ready: 100 symbols mapped
2026-08-26 12:48:03,550 | INFO | Market Health: fetching index OHLCV...
2026-08-26 12:48:03,553 | INFO | Index OHLCV cache fresh for NIFTY 50 (1449 rows)
2026-08-26 12:48:03,556 | INFO | Index OHLCV cache fresh for NIFTY NEXT 50 (1448 rows)
2026-08-26 12:48:03,556 | INFO | Market Health: fetching VIX...
2026-08-26 12:48:03,558 | INFO | VIX cache fresh (147 rows)
2026-08-26 12:48:03,558 | INFO | Market Health: updating breadth EMA cache...
2026-08-26 12:48:05,487 | INFO | Breadth EMA cache: 134463 total rows (+99)
2026-08-26 12:48:05,511 | INFO | Market Health [NIFTY 50]: Score=5.8 | Sideways &#x1F7E0;
2026-08-26 12:48:05,532 | INFO | Market Health [Nifty Next 50]: Score=3.0 | Sideways &#x1F7E0;
2026-08-26 12:48:05,638 | INFO | Signal log: appended 10 new signals. Total rows: 689
2026-08-26 12:48:05,638 | INFO | Signal log written/updated: /home/runner/work/nifty100-reporter/nifty100-reporter/data/nifty100_signal_log.csv
2026-08-26 12:48:06,928 | INFO | Signal tracker: updated 175 Active signal rows.
2026-08-26 12:48:06,948 | INFO | HTML report written: /home/runner/work/nifty100-reporter/nifty100-reporter/reports/nifty100_daily_report_20260826.html
2026-08-26 12:48:06,957 | INFO | Market Health Excel sheet written.
2026-08-26 12:48:08,415 | INFO | Excel report written: /home/runner/work/nifty100-reporter/nifty100-reporter/reports/nifty100_daily_report_20260826.xlsx
2026-08-26 12:48:08,416 | INFO | GitHub Actions detected — skipping Gmail API send (workflow handles email).
2026-08-26 12:48:08,416 | INFO | Run completed successfully.
2026-08-26 12:48:08,416 | INFO | Artifacts: /home/runner/work/nifty100-reporter/nifty100-reporter/reports/nifty100_daily_report_20260826.html | /home/runner/work/nifty100-reporter/nifty100-reporter/reports/nifty100_daily_report_20260826.xlsx | log: /home/runner/work/nifty100-reporter/nifty100-reporter/logs/run_20260826_181555.log
