2026-08-12 12:45:54,569 | INFO | Nifty 100 Daily EMA Cross Reporter | Version 3.3.8 | Released 2026-04-17
2026-08-12 12:45:54,569 | INFO | Base directory: /home/runner/work/nifty100-reporter/nifty100-reporter
2026-08-12 12:45:54,570 | INFO | Loaded config. Email enabled: True | Recipients: 1
2026-08-12 12:45:54,693 | WARNING | NSE session bootstrap HTTP 403 (attempt 1/5) — refreshing NSE session cookie …
2026-08-12 12:46:05,578 | INFO | NSE session bootstrap status: 200
2026-08-12 12:46:05,578 | INFO | Downloading Nifty 100 universe from https://www.niftyindices.com/IndexConstituent/ind_nifty100list.csv
2026-08-12 12:46:06,201 | INFO | Universe download status: 200
2026-08-12 12:46:06,205 | INFO | Universe rows loaded: 100
2026-08-12 12:46:06,306 | INFO | Loaded history rows: 133454
2026-08-12 12:46:06,313 | INFO | yfinance history update: 100 symbols | 2026-08-10 → 2026-08-13
2026-08-12 12:46:06,313 | INFO | yfinance batch download: 100 symbols | 2026-08-10 → 2026-08-13
2026-08-12 12:46:06,315 | INFO | Failed to create TzCache, reason: Error creating TzCache folder: '/home/runner/.cache/py-yfinance' reason: [Errno 17] File exists: '/home/runner/.cache/py-yfinance'. TzCache will not be used. Tip: You can direct cache to use a different location with 'set_tz_cache_location(mylocation)'
2026-08-12 12:46:12,510 | INFO | yfinance raw shape: (3, 500)
2026-08-12 12:46:12,765 | INFO | yfinance parsed rows after date-filter: 300
2026-08-12 12:46:12,766 | INFO | New rows from yfinance: 300
2026-08-12 12:46:13,509 | INFO | Saved history rows: 133554 | file: /home/runner/work/nifty100-reporter/nifty100-reporter/data/nifty100_ohlcv_history.csv
2026-08-12 12:46:13,600 | INFO | Loaded history rows: 133554
2026-08-12 12:46:13,601 | INFO | Latest OHLCV data is from 2026-08-12
2026-08-12 12:46:13,622 | INFO | Latest Delivery data is from 2026-08-11
2026-08-12 12:46:13,664 | INFO | Delivery cache has 31 dates — skipping backfill.
2026-08-12 12:46:13,664 | INFO | Delivery fetch attempt [0/7] — URL: https://archives.nseindia.com/products/content/sec_bhavdata_full_12082026.csv
2026-08-12 12:46:14,319 | INFO | Delivery fetch SUCCESS — date: 2026-08-12 | size: 376187 bytes | URL: https://archives.nseindia.com/products/content/sec_bhavdata_full_12082026.csv
2026-08-12 12:46:14,628 | INFO | Delivery cache updated: 2459 symbols for 2026-08-12 (rows in cache: 76785)
2026-08-12 12:46:14,629 | INFO | Delivery data: 2459 symbols | fallback=False
2026-08-12 12:46:15,763 | INFO | Corporate actions bulk OK: 84 raw rows | 7 Nifty100 symbols with events
2026-08-12 12:46:45,332 | INFO | Corporate actions: 7/100 symbols have events (window 12-08-2026 to 11-09-2026) | Symbols: APOLLOHOSP, BEL, GODREJCP, HAL, IOC, POWERGRID, RECLTD
2026-08-12 12:46:45,332 | INFO | Index membership from cache: NIFTY 50 (50 symbols)
2026-08-12 12:46:45,332 | INFO | Index membership from cache: Nifty Next 50 (50 symbols)
2026-08-12 12:46:45,332 | INFO | Index membership ready: 100 symbols mapped
2026-08-12 12:46:45,792 | INFO | News RSS query for ABB: https://news.google.com/rss/search?q=%22ABB+India+Ltd.%22+NSE+when:10d&hl=en-IN&gl=IN&ceid=IN:en
2026-08-12 12:46:46,079 | INFO | News RSS status for ABB: 200
2026-08-12 12:46:48,922 | INFO | News RSS query for ASIANPAINT: https://news.google.com/rss/search?q=%22Asian+Paints+Ltd.%22+NSE+when:10d&hl=en-IN&gl=IN&ceid=IN:en
2026-08-12 12:46:49,111 | INFO | News RSS status for ASIANPAINT: 200
2026-08-12 12:46:49,113 | INFO | News RSS query for ASIANPAINT: https://news.google.com/rss/search?q=%22Asian+Paints+Ltd.%22+stock+when:10d&hl=en-IN&gl=IN&ceid=IN:en
2026-08-12 12:46:49,329 | INFO | News RSS status for ASIANPAINT: 200
2026-08-12 12:46:50,124 | INFO | News RSS query for BAJAJ-AUTO: https://news.google.com/rss/search?q=%22Bajaj+Auto+Ltd.%22+NSE+when:10d&hl=en-IN&gl=IN&ceid=IN:en
2026-08-12 12:46:50,328 | INFO | News RSS status for BAJAJ-AUTO: 200
2026-08-12 12:46:50,750 | INFO | News RSS query for BAJAJFINSV: https://news.google.com/rss/search?q=%22Bajaj+Finserv+Ltd.%22+NSE+when:10d&hl=en-IN&gl=IN&ceid=IN:en
2026-08-12 12:46:50,973 | INFO | News RSS status for BAJAJFINSV: 200
2026-08-12 12:46:51,779 | INFO | News RSS query for BAJFINANCE: https://news.google.com/rss/search?q=%22Bajaj+Finance+Ltd.%22+NSE+when:10d&hl=en-IN&gl=IN&ceid=IN:en
2026-08-12 12:46:51,999 | INFO | News RSS status for BAJFINANCE: 200
2026-08-12 12:46:53,144 | INFO | News RSS query for BHARTIARTL: https://news.google.com/rss/search?q=%22Bharti+Airtel+Ltd.%22+NSE+when:10d&hl=en-IN&gl=IN&ceid=IN:en
2026-08-12 12:46:53,344 | INFO | News RSS status for BHARTIARTL: 200
2026-08-12 12:46:53,804 | INFO | News RSS query for BOSCHLTD: https://news.google.com/rss/search?q=%22Bosch+Ltd.%22+NSE+when:10d&hl=en-IN&gl=IN&ceid=IN:en
2026-08-12 12:46:53,987 | INFO | News RSS status for BOSCHLTD: 200
2026-08-12 12:46:55,913 | INFO | News RSS query for CHOLAFIN: https://news.google.com/rss/search?q=%22Cholamandalam+Investment+and+Finance+Company+Ltd.%22+NSE+when:10d&hl=en-IN&gl=IN&ceid=IN:en
2026-08-12 12:46:56,129 | INFO | News RSS status for CHOLAFIN: 200
2026-08-12 12:46:56,557 | INFO | News RSS query for CIPLA: https://news.google.com/rss/search?q=%22Cipla+Ltd.%22+NSE+when:10d&hl=en-IN&gl=IN&ceid=IN:en
2026-08-12 12:46:56,770 | INFO | News RSS status for CIPLA: 200
2026-08-12 12:46:56,833 | INFO | News RSS query for CIPLA: https://news.google.com/rss/search?q=%22Cipla+Ltd.%22+NSE+when:10d&hl=en-IN&gl=IN&ceid=IN:en
2026-08-12 12:46:56,846 | INFO | News RSS status for CIPLA: 200
2026-08-12 12:46:58,015 | INFO | News RSS query for DIVISLAB: https://news.google.com/rss/search?q=%22Divi%27s+Laboratories+Ltd.%22+NSE+when:10d&hl=en-IN&gl=IN&ceid=IN:en
2026-08-12 12:46:58,199 | INFO | News RSS status for DIVISLAB: 200
2026-08-12 12:46:59,748 | INFO | News RSS query for EICHERMOT: https://news.google.com/rss/search?q=%22Eicher+Motors+Ltd.%22+NSE+when:10d&hl=en-IN&gl=IN&ceid=IN:en
2026-08-12 12:46:59,952 | INFO | News RSS status for EICHERMOT: 200
2026-08-12 12:47:00,114 | INFO | News RSS query for ENRIN: https://news.google.com/rss/search?q=%22Siemens+Energy+India+Ltd.%22+NSE+when:10d&hl=en-IN&gl=IN&ceid=IN:en
2026-08-12 12:47:00,328 | INFO | News RSS status for ENRIN: 200
2026-08-12 12:47:00,384 | INFO | News RSS query for ENRIN: https://news.google.com/rss/search?q=%22Siemens+Energy+India+Ltd.%22+NSE+when:10d&hl=en-IN&gl=IN&ceid=IN:en
2026-08-12 12:47:00,398 | INFO | News RSS status for ENRIN: 200
2026-08-12 12:47:00,453 | INFO | News RSS query for ENRIN: https://news.google.com/rss/search?q=%22Siemens+Energy+India+Ltd.%22+NSE+when:10d&hl=en-IN&gl=IN&ceid=IN:en
2026-08-12 12:47:00,466 | INFO | News RSS status for ENRIN: 200
2026-08-12 12:47:00,850 | INFO | News RSS query for ETERNAL: https://news.google.com/rss/search?q=%22Eternal+Ltd.%22+NSE+when:10d&hl=en-IN&gl=IN&ceid=IN:en
2026-08-12 12:47:01,037 | INFO | News RSS status for ETERNAL: 200
2026-08-12 12:47:01,475 | INFO | News RSS query for GAIL: https://news.google.com/rss/search?q=%22GAIL+%28India%29+Ltd.%22+NSE+when:10d&hl=en-IN&gl=IN&ceid=IN:en
2026-08-12 12:47:01,735 | INFO | News RSS status for GAIL: 200
2026-08-12 12:47:02,541 | INFO | News RSS query for GRASIM: https://news.google.com/rss/search?q=%22Grasim+Industries+Ltd.%22+NSE+when:10d&hl=en-IN&gl=IN&ceid=IN:en
2026-08-12 12:47:02,776 | INFO | News RSS status for GRASIM: 200
2026-08-12 12:47:03,195 | INFO | News RSS query for HAL: https://news.google.com/rss/search?q=%22Hindustan+Aeronautics+Ltd.%22+NSE+when:10d&hl=en-IN&gl=IN&ceid=IN:en
2026-08-12 12:47:03,445 | INFO | News RSS status for HAL: 200
2026-08-12 12:47:05,377 | INFO | News RSS query for HINDALCO: https://news.google.com/rss/search?q=%22Hindalco+Industries+Ltd.%22+NSE+when:10d&hl=en-IN&gl=IN&ceid=IN:en
2026-08-12 12:47:05,581 | INFO | News RSS status for HINDALCO: 200
2026-08-12 12:47:06,402 | INFO | News RSS query for HINDZINC: https://news.google.com/rss/search?q=%22Hindustan+Zinc+Ltd.%22+NSE+when:10d&hl=en-IN&gl=IN&ceid=IN:en
2026-08-12 12:47:06,601 | INFO | News RSS status for HINDZINC: 200
2026-08-12 12:47:07,151 | INFO | News RSS query for ICICIBANK: https://news.google.com/rss/search?q=%22ICICI+Bank+Ltd.%22+NSE+when:10d&hl=en-IN&gl=IN&ceid=IN:en
2026-08-12 12:47:07,360 | INFO | News RSS status for ICICIBANK: 200
2026-08-12 12:47:07,415 | INFO | News RSS query for ICICIBANK: https://news.google.com/rss/search?q=%22ICICI+Bank+Ltd.%22+NSE+when:10d&hl=en-IN&gl=IN&ceid=IN:en
2026-08-12 12:47:07,427 | INFO | News RSS status for ICICIBANK: 200
2026-08-12 12:47:07,861 | INFO | News RSS query for INDHOTEL: https://news.google.com/rss/search?q=%22Indian+Hotels+Co.+Ltd.%22+NSE+when:10d&hl=en-IN&gl=IN&ceid=IN:en
2026-08-12 12:47:08,066 | INFO | News RSS status for INDHOTEL: 200
2026-08-12 12:47:08,067 | INFO | News RSS query for INDHOTEL: https://news.google.com/rss/search?q=%22Indian+Hotels+Co.+Ltd.%22+stock+when:10d&hl=en-IN&gl=IN&ceid=IN:en
2026-08-12 12:47:08,244 | INFO | News RSS status for INDHOTEL: 200
2026-08-12 12:47:08,687 | INFO | News RSS query for INDIGO: https://news.google.com/rss/search?q=%22InterGlobe+Aviation+Ltd.%22+NSE+when:10d&hl=en-IN&gl=IN&ceid=IN:en
2026-08-12 12:47:08,891 | INFO | News RSS status for INDIGO: 200
2026-08-12 12:47:11,380 | INFO | News RSS query for JSWSTEEL: https://news.google.com/rss/search?q=%22JSW+Steel+Ltd.%22+NSE+when:10d&hl=en-IN&gl=IN&ceid=IN:en
2026-08-12 12:47:11,588 | INFO | News RSS status for JSWSTEEL: 200
2026-08-12 12:47:11,590 | INFO | News RSS query for JSWSTEEL: https://news.google.com/rss/search?q=%22JSW+Steel+Ltd.%22+stock+when:10d&hl=en-IN&gl=IN&ceid=IN:en
2026-08-12 12:47:11,812 | INFO | News RSS status for JSWSTEEL: 200
2026-08-12 12:47:12,574 | INFO | News RSS query for LODHA: https://news.google.com/rss/search?q=%22Lodha+Developers+Ltd.%22+NSE+when:10d&hl=en-IN&gl=IN&ceid=IN:en
2026-08-12 12:47:12,811 | INFO | News RSS status for LODHA: 200
2026-08-12 12:47:12,813 | INFO | News RSS query for LODHA: https://news.google.com/rss/search?q=%22Lodha+Developers+Ltd.%22+stock+when:10d&hl=en-IN&gl=IN&ceid=IN:en
2026-08-12 12:47:13,011 | INFO | News RSS status for LODHA: 200
2026-08-12 12:47:13,430 | INFO | News RSS query for LT: https://news.google.com/rss/search?q=%22Larsen+%26+Toubro+Ltd.%22+NSE+when:10d&hl=en-IN&gl=IN&ceid=IN:en
2026-08-12 12:47:13,647 | INFO | News RSS status for LT: 200
2026-08-12 12:47:13,652 | WARNING | Skipping LTM — only 119 bars available (need 220). Extend history_backfill_days in config.json to include this symbol.
2026-08-12 12:47:15,179 | INFO | News RSS query for MAZDOCK: https://news.google.com/rss/search?q=%22Mazagoan+Dock+Shipbuilders+Ltd.%22+NSE+when:10d&hl=en-IN&gl=IN&ceid=IN:en
2026-08-12 12:47:15,339 | INFO | News RSS status for MAZDOCK: 200
2026-08-12 12:47:15,340 | INFO | News RSS query for MAZDOCK: https://news.google.com/rss/search?q=%22Mazagoan+Dock+Shipbuilders+Ltd.%22+stock+when:10d&hl=en-IN&gl=IN&ceid=IN:en
2026-08-12 12:47:15,500 | INFO | News RSS status for MAZDOCK: 200
2026-08-12 12:47:15,500 | INFO | News RSS query for MAZDOCK: https://news.google.com/rss/search?q=MAZDOCK+NSE+when:10d&hl=en-IN&gl=IN&ceid=IN:en
2026-08-12 12:47:15,696 | INFO | News RSS status for MAZDOCK: 200
2026-08-12 12:47:16,135 | INFO | News RSS query for MOTHERSON: https://news.google.com/rss/search?q=%22Samvardhana+Motherson+International+Ltd.%22+NSE+when:10d&hl=en-IN&gl=IN&ceid=IN:en
2026-08-12 12:47:16,363 | INFO | News RSS status for MOTHERSON: 200
2026-08-12 12:47:17,168 | INFO | News RSS query for NESTLEIND: https://news.google.com/rss/search?q=%22Nestle+India+Ltd.%22+NSE+when:10d&hl=en-IN&gl=IN&ceid=IN:en
2026-08-12 12:47:17,379 | INFO | News RSS status for NESTLEIND: 200
2026-08-12 12:47:18,933 | INFO | News RSS query for PIDILITIND: https://news.google.com/rss/search?q=%22Pidilite+Industries+Ltd.%22+NSE+when:10d&hl=en-IN&gl=IN&ceid=IN:en
2026-08-12 12:47:19,123 | INFO | News RSS status for PIDILITIND: 200
2026-08-12 12:47:21,446 | INFO | News RSS query for SBIN: https://news.google.com/rss/search?q=%22State+Bank+of+India%22+NSE+when:10d&hl=en-IN&gl=IN&ceid=IN:en
2026-08-12 12:47:21,761 | INFO | News RSS status for SBIN: 200
2026-08-12 12:47:22,555 | INFO | News RSS query for SHRIRAMFIN: https://news.google.com/rss/search?q=%22Shriram+Finance+Ltd.%22+NSE+when:10d&hl=en-IN&gl=IN&ceid=IN:en
2026-08-12 12:47:22,770 | INFO | News RSS status for SHRIRAMFIN: 200
2026-08-12 12:47:23,191 | INFO | News RSS query for SIEMENS: https://news.google.com/rss/search?q=%22Siemens+Ltd.%22+NSE+when:10d&hl=en-IN&gl=IN&ceid=IN:en
2026-08-12 12:47:23,412 | INFO | News RSS status for SIEMENS: 200
2026-08-12 12:47:23,414 | INFO | News RSS query for SIEMENS: https://news.google.com/rss/search?q=%22Siemens+Ltd.%22+stock+when:10d&hl=en-IN&gl=IN&ceid=IN:en
2026-08-12 12:47:23,620 | INFO | News RSS status for SIEMENS: 200
2026-08-12 12:47:24,059 | INFO | News RSS query for SOLARINDS: https://news.google.com/rss/search?q=%22Solar+Industries+India+Ltd.%22+NSE+when:10d&hl=en-IN&gl=IN&ceid=IN:en
2026-08-12 12:47:24,255 | INFO | News RSS status for SOLARINDS: 200
2026-08-12 12:47:24,312 | INFO | News RSS query for SOLARINDS: https://news.google.com/rss/search?q=%22Solar+Industries+India+Ltd.%22+NSE+when:10d&hl=en-IN&gl=IN&ceid=IN:en
2026-08-12 12:47:24,324 | INFO | News RSS status for SOLARINDS: 200
2026-08-12 12:47:24,377 | INFO | News RSS query for SOLARINDS: https://news.google.com/rss/search?q=%22Solar+Industries+India+Ltd.%22+NSE+when:10d&hl=en-IN&gl=IN&ceid=IN:en
2026-08-12 12:47:24,389 | INFO | News RSS status for SOLARINDS: 200
2026-08-12 12:47:24,814 | INFO | News RSS query for SUNPHARMA: https://news.google.com/rss/search?q=%22Sun+Pharmaceutical+Industries+Ltd.%22+NSE+when:10d&hl=en-IN&gl=IN&ceid=IN:en
2026-08-12 12:47:25,012 | INFO | News RSS status for SUNPHARMA: 200
2026-08-12 12:47:25,017 | WARNING | Skipping TATACAP — only 207 bars available (need 220). Extend history_backfill_days in config.json to include this symbol.
2026-08-12 12:47:26,973 | INFO | News RSS query for TECHM: https://news.google.com/rss/search?q=%22Tech+Mahindra+Ltd.%22+NSE+when:10d&hl=en-IN&gl=IN&ceid=IN:en
2026-08-12 12:47:27,198 | INFO | News RSS status for TECHM: 200
2026-08-12 12:47:27,633 | INFO | News RSS query for TITAN: https://news.google.com/rss/search?q=%22Titan+Company+Ltd.%22+NSE+when:10d&hl=en-IN&gl=IN&ceid=IN:en
2026-08-12 12:47:27,831 | INFO | News RSS status for TITAN: 200
2026-08-12 12:47:27,835 | WARNING | Skipping TMCV — only 187 bars available (need 220). Extend history_backfill_days in config.json to include this symbol.
2026-08-12 12:47:27,836 | WARNING | Skipping TMPV — only 204 bars available (need 220). Extend history_backfill_days in config.json to include this symbol.
2026-08-12 12:47:28,265 | INFO | News RSS query for TORNTPHARM: https://news.google.com/rss/search?q=%22Torrent+Pharmaceuticals+Ltd.%22+NSE+when:10d&hl=en-IN&gl=IN&ceid=IN:en
2026-08-12 12:47:28,478 | INFO | News RSS status for TORNTPHARM: 200
2026-08-12 12:47:28,480 | INFO | News RSS query for TORNTPHARM: https://news.google.com/rss/search?q=%22Torrent+Pharmaceuticals+Ltd.%22+stock+when:10d&hl=en-IN&gl=IN&ceid=IN:en
2026-08-12 12:47:28,692 | INFO | News RSS status for TORNTPHARM: 200
2026-08-12 12:47:29,488 | INFO | News RSS query for TVSMOTOR: https://news.google.com/rss/search?q=%22TVS+Motor+Company+Ltd.%22+NSE+when:10d&hl=en-IN&gl=IN&ceid=IN:en
2026-08-12 12:47:29,713 | INFO | News RSS status for TVSMOTOR: 200
2026-08-12 12:47:30,517 | INFO | News RSS query for UNIONBANK: https://news.google.com/rss/search?q=%22Union+Bank+of+India%22+NSE+when:10d&hl=en-IN&gl=IN&ceid=IN:en
2026-08-12 12:47:30,804 | INFO | News RSS status for UNIONBANK: 200
2026-08-12 12:47:31,002 | INFO | News RSS query for UNITDSPR: https://news.google.com/rss/search?q=%22United+Spirits+Ltd.%22+NSE+when:10d&hl=en-IN&gl=IN&ceid=IN:en
2026-08-12 12:47:31,196 | INFO | News RSS status for UNITDSPR: 200
2026-08-12 12:47:31,201 | WARNING | Skipping VAML — only 6 bars available (need 220). Extend history_backfill_days in config.json to include this symbol.
2026-08-12 12:47:32,003 | WARNING | Skipping VEDPOWER — only 4 bars available (need 220). Extend history_backfill_days in config.json to include this symbol.
2026-08-12 12:47:32,003 | WARNING | Skipping VISL — only 4 bars available (need 220). Extend history_backfill_days in config.json to include this symbol.
2026-08-12 12:47:32,004 | WARNING | Skipping VOGL — only 7 bars available (need 220). Extend history_backfill_days in config.json to include this symbol.
2026-08-12 12:47:32,799 | INFO | News RSS query for ZYDUSLIFE: https://news.google.com/rss/search?q=%22Zydus+Lifesciences+Ltd.%22+NSE+when:10d&hl=en-IN&gl=IN&ceid=IN:en
2026-08-12 12:47:32,990 | INFO | News RSS status for ZYDUSLIFE: 200
2026-08-12 12:47:33,001 | INFO | Index membership from cache: NIFTY 50 (50 symbols)
2026-08-12 12:47:33,001 | INFO | Index membership from cache: Nifty Next 50 (50 symbols)
2026-08-12 12:47:33,001 | INFO | Index membership ready: 100 symbols mapped
2026-08-12 12:47:33,001 | INFO | Market Health: fetching index OHLCV...
2026-08-12 12:47:33,004 | INFO | Index OHLCV cache fresh for NIFTY 50 (1440 rows)
2026-08-12 12:47:33,007 | INFO | Index OHLCV cache fresh for NIFTY NEXT 50 (1440 rows)
2026-08-12 12:47:33,007 | INFO | Market Health: fetching VIX...
2026-08-12 12:47:33,009 | INFO | VIX cache fresh (138 rows)
2026-08-12 12:47:33,009 | INFO | Market Health: updating breadth EMA cache...
2026-08-12 12:47:34,661 | INFO | Breadth EMA cache: 133464 total rows (+100)
2026-08-12 12:47:34,680 | INFO | Market Health [NIFTY 50]: Score=54.5 | Weak Bull &#x1F7E1;
2026-08-12 12:47:34,697 | INFO | Market Health [Nifty Next 50]: Score=18.0 | Sideways &#x1F7E0;
2026-08-12 12:47:34,755 | INFO | Signal log: appended 7 new signals. Total rows: 633
2026-08-12 12:47:34,756 | INFO | Signal log written/updated: /home/runner/work/nifty100-reporter/nifty100-reporter/data/nifty100_signal_log.csv
2026-08-12 12:47:35,965 | INFO | Signal tracker: updated 196 Active signal rows.
2026-08-12 12:47:35,980 | INFO | HTML report written: /home/runner/work/nifty100-reporter/nifty100-reporter/reports/nifty100_daily_report_20260812.html
2026-08-12 12:47:35,986 | INFO | Market Health Excel sheet written.
2026-08-12 12:47:37,049 | INFO | Excel report written: /home/runner/work/nifty100-reporter/nifty100-reporter/reports/nifty100_daily_report_20260812.xlsx
2026-08-12 12:47:37,049 | INFO | GitHub Actions detected — skipping Gmail API send (workflow handles email).
2026-08-12 12:47:37,049 | INFO | Run completed successfully.
2026-08-12 12:47:37,049 | INFO | Artifacts: /home/runner/work/nifty100-reporter/nifty100-reporter/reports/nifty100_daily_report_20260812.html | /home/runner/work/nifty100-reporter/nifty100-reporter/reports/nifty100_daily_report_20260812.xlsx | log: /home/runner/work/nifty100-reporter/nifty100-reporter/logs/run_20260812_181554.log
