2026-09-14 12:46:08,390 | INFO | Nifty 100 Daily EMA Cross Reporter | Version 3.3.8 | Released 2026-04-17
2026-09-14 12:46:08,390 | INFO | Base directory: /home/runner/work/nifty100-reporter/nifty100-reporter
2026-09-14 12:46:08,390 | INFO | Loaded config. Email enabled: True | Recipients: 1
2026-09-14 12:46:08,500 | WARNING | NSE session bootstrap HTTP 403 (attempt 1/5) — refreshing NSE session cookie …
2026-09-14 12:46:18,802 | INFO | NSE session bootstrap status: 200
2026-09-14 12:46:18,803 | INFO | Downloading Nifty 100 universe from https://www.niftyindices.com/IndexConstituent/ind_nifty100list.csv
2026-09-14 12:46:19,294 | INFO | Universe download status: 200
2026-09-14 12:46:19,300 | INFO | Universe rows loaded: 100
2026-09-14 12:46:19,424 | INFO | Loaded history rows: 135754
2026-09-14 12:46:19,431 | INFO | yfinance history update: 100 symbols | 2026-09-10 → 2026-09-15
2026-09-14 12:46:19,431 | INFO | yfinance batch download: 100 symbols | 2026-09-10 → 2026-09-15
2026-09-14 12:46:19,433 | INFO | Failed to create TzCache, reason: Error creating TzCache folder: '/home/runner/.cache/py-yfinance' reason: [Errno 17] File exists: '/home/runner/.cache/py-yfinance'. TzCache will not be used. Tip: You can direct cache to use a different location with 'set_tz_cache_location(mylocation)'
2026-09-14 12:46:22,830 | INFO | yfinance raw shape: (2, 500)
2026-09-14 12:46:23,097 | INFO | yfinance parsed rows after date-filter: 200
2026-09-14 12:46:23,098 | INFO | New rows from yfinance: 200
2026-09-14 12:46:23,982 | INFO | Saved history rows: 135754 | file: /home/runner/work/nifty100-reporter/nifty100-reporter/data/nifty100_ohlcv_history.csv
2026-09-14 12:46:24,106 | INFO | Loaded history rows: 135754
2026-09-14 12:46:24,107 | INFO | Latest OHLCV data is from 2026-09-11
2026-09-14 12:46:24,139 | INFO | Latest Delivery data is from 2026-09-11
2026-09-14 12:46:24,194 | INFO | Delivery cache has 34 dates — skipping backfill.
2026-09-14 12:46:24,195 | INFO | Delivery fetch attempt [0/7] — URL: https://archives.nseindia.com/products/content/sec_bhavdata_full_14092026.csv
2026-09-14 12:46:24,947 | INFO | Delivery fetch SUCCESS — date: 2026-09-14 | size: 394927 bytes | URL: https://archives.nseindia.com/products/content/sec_bhavdata_full_14092026.csv
2026-09-14 12:46:25,348 | INFO | Delivery cache updated: 2636 symbols for 2026-09-14 (rows in cache: 82123)
2026-09-14 12:46:25,349 | INFO | Delivery data: 2636 symbols | fallback=False
2026-09-14 12:46:25,668 | INFO | Corporate actions bulk OK: 50 raw rows | 0 Nifty100 symbols with events
2026-09-14 12:46:54,941 | INFO | Corporate actions: 0/100 symbols have events (window 14-09-2026 to 14-10-2026) | Symbols: none
2026-09-14 12:46:54,941 | INFO | Index membership from cache: NIFTY 50 (50 symbols)
2026-09-14 12:46:54,942 | INFO | Index membership from cache: Nifty Next 50 (50 symbols)
2026-09-14 12:46:54,942 | INFO | Index membership ready: 100 symbols mapped
2026-09-14 12:46:56,155 | INFO | News RSS query for ADANIENT: https://news.google.com/rss/search?q=%22Adani+Enterprises+Ltd.%22+NSE+when:10d&hl=en-IN&gl=IN&ceid=IN:en
2026-09-14 12:46:56,439 | INFO | News RSS status for ADANIENT: 200
2026-09-14 12:46:56,517 | INFO | News RSS query for ADANIENT: https://news.google.com/rss/search?q=%22Adani+Enterprises+Ltd.%22+NSE+when:10d&hl=en-IN&gl=IN&ceid=IN:en
2026-09-14 12:46:56,525 | INFO | News RSS status for ADANIENT: 200
2026-09-14 12:46:56,600 | INFO | News RSS query for ADANIENT: https://news.google.com/rss/search?q=%22Adani+Enterprises+Ltd.%22+NSE+when:10d&hl=en-IN&gl=IN&ceid=IN:en
2026-09-14 12:46:56,607 | INFO | News RSS status for ADANIENT: 200
2026-09-14 12:46:58,909 | INFO | News RSS query for APOLLOHOSP: https://news.google.com/rss/search?q=%22Apollo+Hospitals+Enterprise+Ltd.%22+NSE+when:10d&hl=en-IN&gl=IN&ceid=IN:en
2026-09-14 12:46:59,120 | INFO | News RSS status for APOLLOHOSP: 200
2026-09-14 12:47:00,506 | INFO | News RSS query for BAJAJ-AUTO: https://news.google.com/rss/search?q=%22Bajaj+Auto+Ltd.%22+NSE+when:10d&hl=en-IN&gl=IN&ceid=IN:en
2026-09-14 12:47:00,720 | INFO | News RSS status for BAJAJ-AUTO: 200
2026-09-14 12:47:03,954 | INFO | News RSS query for BOSCHLTD: https://news.google.com/rss/search?q=%22Bosch+Ltd.%22+NSE+when:10d&hl=en-IN&gl=IN&ceid=IN:en
2026-09-14 12:47:04,135 | INFO | News RSS status for BOSCHLTD: 200
2026-09-14 12:47:05,970 | INFO | News RSS query for CGPOWER: https://news.google.com/rss/search?q=%22CG+Power+and+Industrial+Solutions+Ltd.%22+NSE+when:10d&hl=en-IN&gl=IN&ceid=IN:en
2026-09-14 12:47:06,223 | INFO | News RSS status for CGPOWER: 200
2026-09-14 12:47:08,518 | INFO | News RSS query for DIVISLAB: https://news.google.com/rss/search?q=%22Divi%27s+Laboratories+Ltd.%22+NSE+when:10d&hl=en-IN&gl=IN&ceid=IN:en
2026-09-14 12:47:08,695 | INFO | News RSS status for DIVISLAB: 200
2026-09-14 12:47:08,696 | INFO | News RSS query for DIVISLAB: https://news.google.com/rss/search?q=%22Divi%27s+Laboratories+Ltd.%22+stock+when:10d&hl=en-IN&gl=IN&ceid=IN:en
2026-09-14 12:47:08,878 | INFO | News RSS status for DIVISLAB: 200
2026-09-14 12:47:11,208 | INFO | News RSS query for ETERNAL: https://news.google.com/rss/search?q=%22Eternal+Ltd.%22+NSE+when:10d&hl=en-IN&gl=IN&ceid=IN:en
2026-09-14 12:47:11,398 | INFO | News RSS status for ETERNAL: 200
2026-09-14 12:47:11,916 | INFO | News RSS query for GAIL: https://news.google.com/rss/search?q=%22GAIL+%28India%29+Ltd.%22+NSE+when:10d&hl=en-IN&gl=IN&ceid=IN:en
2026-09-14 12:47:12,144 | INFO | News RSS status for GAIL: 200
2026-09-14 12:47:12,221 | INFO | News RSS query for GAIL: https://news.google.com/rss/search?q=%22GAIL+%28India%29+Ltd.%22+NSE+when:10d&hl=en-IN&gl=IN&ceid=IN:en
2026-09-14 12:47:12,229 | INFO | News RSS status for GAIL: 200
2026-09-14 12:47:13,200 | INFO | News RSS query for GRASIM: https://news.google.com/rss/search?q=%22Grasim+Industries+Ltd.%22+NSE+when:10d&hl=en-IN&gl=IN&ceid=IN:en
2026-09-14 12:47:13,377 | INFO | News RSS status for GRASIM: 200
2026-09-14 12:47:13,379 | INFO | News RSS query for GRASIM: https://news.google.com/rss/search?q=%22Grasim+Industries+Ltd.%22+stock+when:10d&hl=en-IN&gl=IN&ceid=IN:en
2026-09-14 12:47:13,585 | INFO | News RSS status for GRASIM: 200
2026-09-14 12:47:14,104 | INFO | News RSS query for HAL: https://news.google.com/rss/search?q=%22Hindustan+Aeronautics+Ltd.%22+NSE+when:10d&hl=en-IN&gl=IN&ceid=IN:en
2026-09-14 12:47:14,301 | INFO | News RSS status for HAL: 200
2026-09-14 12:47:17,529 | INFO | News RSS query for HINDZINC: https://news.google.com/rss/search?q=%22Hindustan+Zinc+Ltd.%22+NSE+when:10d&hl=en-IN&gl=IN&ceid=IN:en
2026-09-14 12:47:17,727 | INFO | News RSS status for HINDZINC: 200
2026-09-14 12:47:17,954 | INFO | News RSS query for HYUNDAI: https://news.google.com/rss/search?q=%22Hyundai+Motor+India+Ltd.%22+NSE+when:10d&hl=en-IN&gl=IN&ceid=IN:en
2026-09-14 12:47:18,140 | INFO | News RSS status for HYUNDAI: 200
2026-09-14 12:47:21,755 | INFO | News RSS query for JINDALSTEL: https://news.google.com/rss/search?q=%22Jindal+Steel+Ltd.%22+NSE+when:10d&hl=en-IN&gl=IN&ceid=IN:en
2026-09-14 12:47:21,954 | INFO | News RSS status for JINDALSTEL: 200
2026-09-14 12:47:23,145 | INFO | News RSS query for KOTAKBANK: https://news.google.com/rss/search?q=%22Kotak+Mahindra+Bank+Ltd.%22+NSE+when:10d&hl=en-IN&gl=IN&ceid=IN:en
2026-09-14 12:47:23,378 | INFO | News RSS status for KOTAKBANK: 200
2026-09-14 12:47:24,242 | WARNING | Skipping LTM — only 141 bars available (need 220). Extend history_backfill_days in config.json to include this symbol.
2026-09-14 12:47:26,531 | INFO | News RSS query for MOTHERSON: https://news.google.com/rss/search?q=%22Samvardhana+Motherson+International+Ltd.%22+NSE+when:10d&hl=en-IN&gl=IN&ceid=IN:en
2026-09-14 12:47:26,775 | INFO | News RSS status for MOTHERSON: 200
2026-09-14 12:47:26,849 | INFO | News RSS query for MOTHERSON: https://news.google.com/rss/search?q=%22Samvardhana+Motherson+International+Ltd.%22+NSE+when:10d&hl=en-IN&gl=IN&ceid=IN:en
2026-09-14 12:47:26,857 | INFO | News RSS status for MOTHERSON: 200
2026-09-14 12:47:30,030 | INFO | News RSS query for PNB: https://news.google.com/rss/search?q=%22Punjab+National+Bank%22+NSE+when:10d&hl=en-IN&gl=IN&ceid=IN:en
2026-09-14 12:47:30,298 | INFO | News RSS status for PNB: 200
2026-09-14 12:47:33,917 | INFO | News RSS query for SIEMENS: https://news.google.com/rss/search?q=%22Siemens+Ltd.%22+NSE+when:10d&hl=en-IN&gl=IN&ceid=IN:en
2026-09-14 12:47:34,122 | INFO | News RSS status for SIEMENS: 200
2026-09-14 12:47:34,647 | INFO | News RSS query for SOLARINDS: https://news.google.com/rss/search?q=%22Solar+Industries+India+Ltd.%22+NSE+when:10d&hl=en-IN&gl=IN&ceid=IN:en
2026-09-14 12:47:34,848 | INFO | News RSS status for SOLARINDS: 200
2026-09-14 12:47:35,445 | INFO | News RSS query for TATACAP: https://news.google.com/rss/search?q=%22Tata+Capital+Ltd.%22+NSE+when:10d&hl=en-IN&gl=IN&ceid=IN:en
2026-09-14 12:47:35,664 | INFO | News RSS status for TATACAP: 200
2026-09-14 12:47:38,408 | INFO | News RSS query for TITAN: https://news.google.com/rss/search?q=%22Titan+Company+Ltd.%22+NSE+when:10d&hl=en-IN&gl=IN&ceid=IN:en
2026-09-14 12:47:38,603 | INFO | News RSS status for TITAN: 200
2026-09-14 12:47:38,608 | WARNING | Skipping TMCV — only 209 bars available (need 220). Extend history_backfill_days in config.json to include this symbol.
2026-09-14 12:47:39,201 | INFO | News RSS query for TORNTPHARM: https://news.google.com/rss/search?q=%22Torrent+Pharmaceuticals+Ltd.%22+NSE+when:10d&hl=en-IN&gl=IN&ceid=IN:en
2026-09-14 12:47:39,399 | INFO | News RSS status for TORNTPHARM: 200
2026-09-14 12:47:39,473 | INFO | News RSS query for TORNTPHARM: https://news.google.com/rss/search?q=%22Torrent+Pharmaceuticals+Ltd.%22+NSE+when:10d&hl=en-IN&gl=IN&ceid=IN:en
2026-09-14 12:47:39,481 | INFO | News RSS status for TORNTPHARM: 200
2026-09-14 12:47:39,558 | INFO | News RSS query for TORNTPHARM: https://news.google.com/rss/search?q=%22Torrent+Pharmaceuticals+Ltd.%22+NSE+when:10d&hl=en-IN&gl=IN&ceid=IN:en
2026-09-14 12:47:39,566 | INFO | News RSS status for TORNTPHARM: 200
2026-09-14 12:47:41,519 | WARNING | Skipping VAML — only 6 bars available (need 220). Extend history_backfill_days in config.json to include this symbol.
2026-09-14 12:47:42,409 | WARNING | Skipping VEDPOWER — only 4 bars available (need 220). Extend history_backfill_days in config.json to include this symbol.
2026-09-14 12:47:42,410 | WARNING | Skipping VISL — only 4 bars available (need 220). Extend history_backfill_days in config.json to include this symbol.
2026-09-14 12:47:42,410 | WARNING | Skipping VOGL — only 7 bars available (need 220). Extend history_backfill_days in config.json to include this symbol.
2026-09-14 12:47:43,306 | INFO | Index membership from cache: NIFTY 50 (50 symbols)
2026-09-14 12:47:43,306 | INFO | Index membership from cache: Nifty Next 50 (50 symbols)
2026-09-14 12:47:43,306 | INFO | Index membership ready: 100 symbols mapped
2026-09-14 12:47:43,307 | INFO | Market Health: fetching index OHLCV...
2026-09-14 12:47:43,310 | INFO | Index OHLCV cache fresh for NIFTY 50 (1462 rows)
2026-09-14 12:47:44,928 | WARNING | niftyindices failed NIFTY NEXT 50 2026-09-11-2026-09-14: Expecting value: line 1 column 2 (char 1)
2026-09-14 12:47:45,038 | INFO | Index OHLCV via yfinance (JUNIORBEES.NS) for NIFTY NEXT 50: 1458 rows
2026-09-14 12:47:45,039 | INFO | Market Health: fetching VIX...
2026-09-14 12:47:45,041 | INFO | VIX cache fresh (160 rows)
2026-09-14 12:47:45,041 | INFO | Market Health: updating breadth EMA cache...
2026-09-14 12:47:46,475 | INFO | Market Health [NIFTY 50]: Score=-39.0 | Weak Bear &#x1F534;
2026-09-14 12:47:46,494 | INFO | Market Health [Nifty Next 50]: Score=-32.2 | Weak Bear &#x1F534;
2026-09-14 12:47:46,571 | INFO | Signal log: appended 7 new signals. Total rows: 781
2026-09-14 12:47:46,571 | INFO | Signal log written/updated: /home/runner/work/nifty100-reporter/nifty100-reporter/data/nifty100_signal_log.csv
2026-09-14 12:47:47,789 | INFO | Signal tracker: updated 162 Active signal rows.
2026-09-14 12:47:47,804 | INFO | HTML report written: /home/runner/work/nifty100-reporter/nifty100-reporter/reports/nifty100_daily_report_20260914.html
2026-09-14 12:47:47,811 | INFO | Market Health Excel sheet written.
2026-09-14 12:47:49,140 | INFO | Excel report written: /home/runner/work/nifty100-reporter/nifty100-reporter/reports/nifty100_daily_report_20260914.xlsx
2026-09-14 12:47:49,140 | INFO | GitHub Actions detected — skipping Gmail API send (workflow handles email).
2026-09-14 12:47:49,140 | INFO | Run completed successfully.
2026-09-14 12:47:49,140 | INFO | Artifacts: /home/runner/work/nifty100-reporter/nifty100-reporter/reports/nifty100_daily_report_20260914.html | /home/runner/work/nifty100-reporter/nifty100-reporter/reports/nifty100_daily_report_20260914.xlsx | log: /home/runner/work/nifty100-reporter/nifty100-reporter/logs/run_20260914_181608.log
