2026-09-13 12:45:56,284 | INFO | Nifty 100 Daily EMA Cross Reporter | Version 3.3.8 | Released 2026-04-17
2026-09-13 12:45:56,285 | INFO | Base directory: /home/runner/work/nifty100-reporter/nifty100-reporter
2026-09-13 12:45:56,285 | INFO | Loaded config. Email enabled: True | Recipients: 1
2026-09-13 12:45:56,359 | WARNING | NSE session bootstrap HTTP 403 (attempt 1/5) — refreshing NSE session cookie …
2026-09-13 12:46:06,694 | INFO | NSE session bootstrap status: 200
2026-09-13 12:46:06,695 | INFO | Downloading Nifty 100 universe from https://www.niftyindices.com/IndexConstituent/ind_nifty100list.csv
2026-09-13 12:46:07,069 | INFO | Universe download status: 200
2026-09-13 12:46:07,073 | INFO | Universe rows loaded: 100
2026-09-13 12:46:07,170 | INFO | Loaded history rows: 135754
2026-09-13 12:46:07,176 | INFO | yfinance history update: 100 symbols | 2026-09-10 → 2026-09-14
2026-09-13 12:46:07,176 | INFO | yfinance batch download: 100 symbols | 2026-09-10 → 2026-09-14
2026-09-13 12:46:13,193 | INFO | yfinance raw shape: (2, 500)
2026-09-13 12:46:13,403 | INFO | yfinance parsed rows after date-filter: 200
2026-09-13 12:46:13,404 | INFO | New rows from yfinance: 200
2026-09-13 12:46:14,026 | INFO | Saved history rows: 135754 | file: /home/runner/work/nifty100-reporter/nifty100-reporter/data/nifty100_ohlcv_history.csv
2026-09-13 12:46:14,113 | INFO | Loaded history rows: 135754
2026-09-13 12:46:14,113 | INFO | Latest OHLCV data is from 2026-09-11
2026-09-13 12:46:14,136 | INFO | Latest Delivery data is from 2026-09-11
2026-09-13 12:46:14,175 | INFO | Delivery cache has 34 dates — skipping backfill.
2026-09-13 12:46:14,175 | INFO | Delivery fetch attempt [2/7] — URL: https://archives.nseindia.com/products/content/sec_bhavdata_full_11092026.csv
2026-09-13 12:46:15,457 | INFO | Delivery fetch SUCCESS — date: 2026-09-11 | size: 394927 bytes | URL: https://archives.nseindia.com/products/content/sec_bhavdata_full_11092026.csv
2026-09-13 12:46:15,770 | INFO | Delivery cache updated: 2636 symbols for 2026-09-11 (rows in cache: 86713)
2026-09-13 12:46:15,771 | INFO | Delivery data: 2636 symbols | fallback=False
2026-09-13 12:46:16,168 | INFO | Corporate actions bulk OK: 50 raw rows | 0 Nifty100 symbols with events
2026-09-13 12:46:44,660 | INFO | Corporate actions: 0/100 symbols have events (window 13-09-2026 to 13-10-2026) | Symbols: none
2026-09-13 12:46:44,660 | INFO | Index membership from cache: NIFTY 50 (50 symbols)
2026-09-13 12:46:44,660 | INFO | Index membership from cache: Nifty Next 50 (50 symbols)
2026-09-13 12:46:44,660 | INFO | Index membership ready: 100 symbols mapped
2026-09-13 12:46:45,507 | INFO | News RSS query for ADANIENT: https://news.google.com/rss/search?q=%22Adani+Enterprises+Ltd.%22+NSE+when:10d&hl=en-IN&gl=IN&ceid=IN:en
2026-09-13 12:46:45,804 | INFO | News RSS status for ADANIENT: 200
2026-09-13 12:46:45,861 | INFO | News RSS query for ADANIENT: https://news.google.com/rss/search?q=%22Adani+Enterprises+Ltd.%22+NSE+when:10d&hl=en-IN&gl=IN&ceid=IN:en
2026-09-13 12:46:45,873 | INFO | News RSS status for ADANIENT: 200
2026-09-13 12:46:45,929 | INFO | News RSS query for ADANIENT: https://news.google.com/rss/search?q=%22Adani+Enterprises+Ltd.%22+NSE+when:10d&hl=en-IN&gl=IN&ceid=IN:en
2026-09-13 12:46:45,941 | INFO | News RSS status for ADANIENT: 200
2026-09-13 12:46:47,545 | INFO | News RSS query for APOLLOHOSP: https://news.google.com/rss/search?q=%22Apollo+Hospitals+Enterprise+Ltd.%22+NSE+when:10d&hl=en-IN&gl=IN&ceid=IN:en
2026-09-13 12:46:47,786 | INFO | News RSS status for APOLLOHOSP: 200
2026-09-13 12:46:48,770 | INFO | News RSS query for BAJAJ-AUTO: https://news.google.com/rss/search?q=%22Bajaj+Auto+Ltd.%22+NSE+when:10d&hl=en-IN&gl=IN&ceid=IN:en
2026-09-13 12:46:49,005 | INFO | News RSS status for BAJAJ-AUTO: 200
2026-09-13 12:46:51,242 | INFO | News RSS query for BOSCHLTD: https://news.google.com/rss/search?q=%22Bosch+Ltd.%22+NSE+when:10d&hl=en-IN&gl=IN&ceid=IN:en
2026-09-13 12:46:51,490 | INFO | News RSS status for BOSCHLTD: 200
2026-09-13 12:46:52,781 | INFO | News RSS query for CGPOWER: https://news.google.com/rss/search?q=%22CG+Power+and+Industrial+Solutions+Ltd.%22+NSE+when:10d&hl=en-IN&gl=IN&ceid=IN:en
2026-09-13 12:46:52,987 | INFO | News RSS status for CGPOWER: 200
2026-09-13 12:46:54,587 | INFO | News RSS query for DIVISLAB: https://news.google.com/rss/search?q=%22Divi%27s+Laboratories+Ltd.%22+NSE+when:10d&hl=en-IN&gl=IN&ceid=IN:en
2026-09-13 12:46:54,786 | INFO | News RSS status for DIVISLAB: 200
2026-09-13 12:46:54,787 | INFO | News RSS query for DIVISLAB: https://news.google.com/rss/search?q=%22Divi%27s+Laboratories+Ltd.%22+stock+when:10d&hl=en-IN&gl=IN&ceid=IN:en
2026-09-13 12:46:55,011 | INFO | News RSS status for DIVISLAB: 200
2026-09-13 12:46:56,624 | INFO | News RSS query for ETERNAL: https://news.google.com/rss/search?q=%22Eternal+Ltd.%22+NSE+when:10d&hl=en-IN&gl=IN&ceid=IN:en
2026-09-13 12:46:56,856 | INFO | News RSS status for ETERNAL: 200
2026-09-13 12:46:57,222 | INFO | News RSS query for GAIL: https://news.google.com/rss/search?q=%22GAIL+%28India%29+Ltd.%22+NSE+when:10d&hl=en-IN&gl=IN&ceid=IN:en
2026-09-13 12:46:57,436 | INFO | News RSS status for GAIL: 200
2026-09-13 12:46:57,493 | INFO | News RSS query for GAIL: https://news.google.com/rss/search?q=%22GAIL+%28India%29+Ltd.%22+NSE+when:10d&hl=en-IN&gl=IN&ceid=IN:en
2026-09-13 12:46:57,505 | INFO | News RSS status for GAIL: 200
2026-09-13 12:46:58,181 | INFO | News RSS query for GRASIM: https://news.google.com/rss/search?q=%22Grasim+Industries+Ltd.%22+NSE+when:10d&hl=en-IN&gl=IN&ceid=IN:en
2026-09-13 12:46:58,431 | INFO | News RSS status for GRASIM: 200
2026-09-13 12:46:58,432 | INFO | News RSS query for GRASIM: https://news.google.com/rss/search?q=%22Grasim+Industries+Ltd.%22+stock+when:10d&hl=en-IN&gl=IN&ceid=IN:en
2026-09-13 12:46:58,655 | INFO | News RSS status for GRASIM: 200
2026-09-13 12:46:59,019 | INFO | News RSS query for HAL: https://news.google.com/rss/search?q=%22Hindustan+Aeronautics+Ltd.%22+NSE+when:10d&hl=en-IN&gl=IN&ceid=IN:en
2026-09-13 12:46:59,271 | INFO | News RSS status for HAL: 200
2026-09-13 12:47:01,504 | INFO | News RSS query for HINDZINC: https://news.google.com/rss/search?q=%22Hindustan+Zinc+Ltd.%22+NSE+when:10d&hl=en-IN&gl=IN&ceid=IN:en
2026-09-13 12:47:01,726 | INFO | News RSS status for HINDZINC: 200
2026-09-13 12:47:01,887 | INFO | News RSS query for HYUNDAI: https://news.google.com/rss/search?q=%22Hyundai+Motor+India+Ltd.%22+NSE+when:10d&hl=en-IN&gl=IN&ceid=IN:en
2026-09-13 12:47:02,124 | INFO | News RSS status for HYUNDAI: 200
2026-09-13 12:47:04,642 | INFO | News RSS query for JINDALSTEL: https://news.google.com/rss/search?q=%22Jindal+Steel+Ltd.%22+NSE+when:10d&hl=en-IN&gl=IN&ceid=IN:en
2026-09-13 12:47:04,850 | INFO | News RSS status for JINDALSTEL: 200
2026-09-13 12:47:05,689 | INFO | News RSS query for KOTAKBANK: https://news.google.com/rss/search?q=%22Kotak+Mahindra+Bank+Ltd.%22+NSE+when:10d&hl=en-IN&gl=IN&ceid=IN:en
2026-09-13 12:47:05,934 | INFO | News RSS status for KOTAKBANK: 200
2026-09-13 12:47:06,531 | WARNING | Skipping LTM — only 141 bars available (need 220). Extend history_backfill_days in config.json to include this symbol.
2026-09-13 12:47:08,150 | INFO | News RSS query for MOTHERSON: https://news.google.com/rss/search?q=%22Samvardhana+Motherson+International+Ltd.%22+NSE+when:10d&hl=en-IN&gl=IN&ceid=IN:en
2026-09-13 12:47:08,374 | INFO | News RSS status for MOTHERSON: 200
2026-09-13 12:47:08,429 | INFO | News RSS query for MOTHERSON: https://news.google.com/rss/search?q=%22Samvardhana+Motherson+International+Ltd.%22+NSE+when:10d&hl=en-IN&gl=IN&ceid=IN:en
2026-09-13 12:47:08,441 | INFO | News RSS status for MOTHERSON: 200
2026-09-13 12:47:10,668 | INFO | News RSS query for PNB: https://news.google.com/rss/search?q=%22Punjab+National+Bank%22+NSE+when:10d&hl=en-IN&gl=IN&ceid=IN:en
2026-09-13 12:47:10,942 | INFO | News RSS status for PNB: 200
2026-09-13 12:47:13,464 | INFO | News RSS query for SIEMENS: https://news.google.com/rss/search?q=%22Siemens+Ltd.%22+NSE+when:10d&hl=en-IN&gl=IN&ceid=IN:en
2026-09-13 12:47:13,692 | INFO | News RSS status for SIEMENS: 200
2026-09-13 12:47:14,055 | INFO | News RSS query for SOLARINDS: https://news.google.com/rss/search?q=%22Solar+Industries+India+Ltd.%22+NSE+when:10d&hl=en-IN&gl=IN&ceid=IN:en
2026-09-13 12:47:14,293 | INFO | News RSS status for SOLARINDS: 200
2026-09-13 12:47:14,716 | INFO | News RSS query for TATACAP: https://news.google.com/rss/search?q=%22Tata+Capital+Ltd.%22+NSE+when:10d&hl=en-IN&gl=IN&ceid=IN:en
2026-09-13 12:47:14,924 | INFO | News RSS status for TATACAP: 200
2026-09-13 12:47:16,833 | INFO | News RSS query for TITAN: https://news.google.com/rss/search?q=%22Titan+Company+Ltd.%22+NSE+when:10d&hl=en-IN&gl=IN&ceid=IN:en
2026-09-13 12:47:17,061 | INFO | News RSS status for TITAN: 200
2026-09-13 12:47:17,067 | WARNING | Skipping TMCV — only 209 bars available (need 220). Extend history_backfill_days in config.json to include this symbol.
2026-09-13 12:47:17,493 | INFO | News RSS query for TORNTPHARM: https://news.google.com/rss/search?q=%22Torrent+Pharmaceuticals+Ltd.%22+NSE+when:10d&hl=en-IN&gl=IN&ceid=IN:en
2026-09-13 12:47:17,715 | INFO | News RSS status for TORNTPHARM: 200
2026-09-13 12:47:17,717 | INFO | News RSS query for TORNTPHARM: https://news.google.com/rss/search?q=%22Torrent+Pharmaceuticals+Ltd.%22+stock+when:10d&hl=en-IN&gl=IN&ceid=IN:en
2026-09-13 12:47:17,947 | INFO | News RSS status for TORNTPHARM: 200
2026-09-13 12:47:18,001 | INFO | News RSS query for TORNTPHARM: https://news.google.com/rss/search?q=%22Torrent+Pharmaceuticals+Ltd.%22+NSE+when:10d&hl=en-IN&gl=IN&ceid=IN:en
2026-09-13 12:47:18,015 | INFO | News RSS status for TORNTPHARM: 200
2026-09-13 12:47:18,017 | INFO | News RSS query for TORNTPHARM: https://news.google.com/rss/search?q=%22Torrent+Pharmaceuticals+Ltd.%22+stock+when:10d&hl=en-IN&gl=IN&ceid=IN:en
2026-09-13 12:47:18,029 | INFO | News RSS status for TORNTPHARM: 200
2026-09-13 12:47:18,084 | INFO | News RSS query for TORNTPHARM: https://news.google.com/rss/search?q=%22Torrent+Pharmaceuticals+Ltd.%22+NSE+when:10d&hl=en-IN&gl=IN&ceid=IN:en
2026-09-13 12:47:18,095 | INFO | News RSS status for TORNTPHARM: 200
2026-09-13 12:47:18,097 | INFO | News RSS query for TORNTPHARM: https://news.google.com/rss/search?q=%22Torrent+Pharmaceuticals+Ltd.%22+stock+when:10d&hl=en-IN&gl=IN&ceid=IN:en
2026-09-13 12:47:18,108 | INFO | News RSS status for TORNTPHARM: 200
2026-09-13 12:47:19,471 | WARNING | Skipping VAML — only 6 bars available (need 220). Extend history_backfill_days in config.json to include this symbol.
2026-09-13 12:47:20,092 | WARNING | Skipping VEDPOWER — only 4 bars available (need 220). Extend history_backfill_days in config.json to include this symbol.
2026-09-13 12:47:20,093 | WARNING | Skipping VISL — only 4 bars available (need 220). Extend history_backfill_days in config.json to include this symbol.
2026-09-13 12:47:20,093 | WARNING | Skipping VOGL — only 7 bars available (need 220). Extend history_backfill_days in config.json to include this symbol.
2026-09-13 12:47:20,722 | INFO | Index membership from cache: NIFTY 50 (50 symbols)
2026-09-13 12:47:20,722 | INFO | Index membership from cache: Nifty Next 50 (50 symbols)
2026-09-13 12:47:20,722 | INFO | Index membership ready: 100 symbols mapped
2026-09-13 12:47:20,722 | INFO | Market Health: fetching index OHLCV...
2026-09-13 12:47:20,724 | INFO | Index OHLCV cache fresh for NIFTY 50 (1462 rows)
2026-09-13 12:47:20,726 | INFO | Index OHLCV cache fresh for NIFTY NEXT 50 (1457 rows)
2026-09-13 12:47:20,726 | INFO | Market Health: fetching VIX...
2026-09-13 12:47:20,728 | INFO | VIX cache fresh (160 rows)
2026-09-13 12:47:20,728 | INFO | Market Health: updating breadth EMA cache...
2026-09-13 12:47:21,844 | INFO | Market Health [NIFTY 50]: Score=-29.0 | Weak Bear &#x1F534;
2026-09-13 12:47:21,859 | INFO | Market Health [Nifty Next 50]: Score=-22.2 | Weak Bear &#x1F534;
2026-09-13 12:47:21,889 | INFO | Signal log: skipping new signal insertion — 2026-09-13 is a weekend.
2026-09-13 12:47:22,813 | INFO | Signal tracker: updated 155 Active signal rows.
2026-09-13 12:47:22,824 | INFO | HTML report written: /home/runner/work/nifty100-reporter/nifty100-reporter/reports/nifty100_daily_report_20260913.html
2026-09-13 12:47:22,831 | INFO | Market Health Excel sheet written.
2026-09-13 12:47:23,975 | INFO | Excel report written: /home/runner/work/nifty100-reporter/nifty100-reporter/reports/nifty100_daily_report_20260913.xlsx
2026-09-13 12:47:23,975 | INFO | GitHub Actions detected — skipping Gmail API send (workflow handles email).
2026-09-13 12:47:23,975 | INFO | Run completed successfully.
2026-09-13 12:47:23,976 | INFO | Artifacts: /home/runner/work/nifty100-reporter/nifty100-reporter/reports/nifty100_daily_report_20260913.html | /home/runner/work/nifty100-reporter/nifty100-reporter/reports/nifty100_daily_report_20260913.xlsx | log: /home/runner/work/nifty100-reporter/nifty100-reporter/logs/run_20260913_181556.log
