2026-08-07 12:45:44,708 | INFO | Nifty 100 Daily EMA Cross Reporter | Version 3.3.8 | Released 2026-04-17
2026-08-07 12:45:44,708 | INFO | Base directory: /home/runner/work/nifty100-reporter/nifty100-reporter
2026-08-07 12:45:44,708 | INFO | Loaded config. Email enabled: True | Recipients: 1
2026-08-07 12:45:44,855 | WARNING | NSE session bootstrap HTTP 403 (attempt 1/5) — refreshing NSE session cookie …
2026-08-07 12:45:55,359 | INFO | NSE session bootstrap status: 200
2026-08-07 12:45:55,360 | INFO | Downloading Nifty 100 universe from https://www.niftyindices.com/IndexConstituent/ind_nifty100list.csv
2026-08-07 12:45:55,703 | INFO | Universe download status: 200
2026-08-07 12:45:55,708 | INFO | Universe rows loaded: 100
2026-08-07 12:45:55,830 | INFO | Loaded history rows: 133154
2026-08-07 12:45:55,838 | INFO | yfinance history update: 100 symbols | 2026-08-05 → 2026-08-08
2026-08-07 12:45:55,838 | INFO | yfinance batch download: 100 symbols | 2026-08-05 → 2026-08-08
2026-08-07 12:45:55,840 | INFO | Failed to create TzCache, reason: Error creating TzCache folder: '/home/runner/.cache/py-yfinance' reason: [Errno 17] File exists: '/home/runner/.cache/py-yfinance'. TzCache will not be used. Tip: You can direct cache to use a different location with 'set_tz_cache_location(mylocation)'
2026-08-07 12:46:00,474 | INFO | yfinance raw shape: (3, 500)
2026-08-07 12:46:00,778 | INFO | yfinance parsed rows after date-filter: 300
2026-08-07 12:46:00,779 | INFO | New rows from yfinance: 300
2026-08-07 12:46:01,554 | INFO | Saved history rows: 133254 | file: /home/runner/work/nifty100-reporter/nifty100-reporter/data/nifty100_ohlcv_history.csv
2026-08-07 12:46:01,660 | INFO | Loaded history rows: 133254
2026-08-07 12:46:01,661 | INFO | Latest OHLCV data is from 2026-08-07
2026-08-07 12:46:01,686 | INFO | Latest Delivery data is from 2026-08-06
2026-08-07 12:46:01,731 | INFO | Delivery cache has 33 dates — skipping backfill.
2026-08-07 12:46:01,731 | INFO | Delivery fetch attempt [0/7] — URL: https://archives.nseindia.com/products/content/sec_bhavdata_full_07082026.csv
2026-08-07 12:46:02,339 | INFO | Delivery fetch SUCCESS — date: 2026-08-07 | size: 374452 bytes | URL: https://archives.nseindia.com/products/content/sec_bhavdata_full_07082026.csv
2026-08-07 12:46:02,706 | INFO | Delivery cache updated: 2416 symbols for 2026-08-07 (rows in cache: 79069)
2026-08-07 12:46:02,708 | INFO | Delivery data: 2416 symbols | fallback=False
2026-08-07 12:46:03,058 | INFO | Corporate actions bulk OK: 95 raw rows | 5 Nifty100 symbols with events
2026-08-07 12:46:33,014 | INFO | Corporate actions: 5/100 symbols have events (window 07-08-2026 to 06-09-2026) | Symbols: ABB, GRASIM, JIOFIN, LODHA, MARUTI
2026-08-07 12:46:33,014 | INFO | Index membership from cache: NIFTY 50 (50 symbols)
2026-08-07 12:46:33,014 | INFO | Index membership from cache: Nifty Next 50 (50 symbols)
2026-08-07 12:46:33,015 | INFO | Index membership ready: 100 symbols mapped
2026-08-07 12:46:33,485 | INFO | News RSS query for ABB: https://news.google.com/rss/search?q=%22ABB+India+Ltd.%22+NSE+when:10d&hl=en-IN&gl=IN&ceid=IN:en
2026-08-07 12:46:33,763 | INFO | News RSS status for ABB: 200
2026-08-07 12:46:34,030 | INFO | News RSS query for ADANIENSOL: https://news.google.com/rss/search?q=%22Adani+Energy+Solutions+Ltd.%22+NSE+when:10d&hl=en-IN&gl=IN&ceid=IN:en
2026-08-07 12:46:34,214 | INFO | News RSS status for ADANIENSOL: 200
2026-08-07 12:46:36,605 | INFO | News RSS query for APOLLOHOSP: https://news.google.com/rss/search?q=%22Apollo+Hospitals+Enterprise+Ltd.%22+NSE+when:10d&hl=en-IN&gl=IN&ceid=IN:en
2026-08-07 12:46:36,797 | INFO | News RSS status for APOLLOHOSP: 200
2026-08-07 12:46:36,859 | INFO | News RSS query for APOLLOHOSP: https://news.google.com/rss/search?q=%22Apollo+Hospitals+Enterprise+Ltd.%22+NSE+when:10d&hl=en-IN&gl=IN&ceid=IN:en
2026-08-07 12:46:36,867 | INFO | News RSS status for APOLLOHOSP: 200
2026-08-07 12:46:37,318 | INFO | News RSS query for ASIANPAINT: https://news.google.com/rss/search?q=%22Asian+Paints+Ltd.%22+NSE+when:10d&hl=en-IN&gl=IN&ceid=IN:en
2026-08-07 12:46:37,508 | INFO | News RSS status for ASIANPAINT: 200
2026-08-07 12:46:38,356 | INFO | News RSS query for BAJAJ-AUTO: https://news.google.com/rss/search?q=%22Bajaj+Auto+Ltd.%22+NSE+when:10d&hl=en-IN&gl=IN&ceid=IN:en
2026-08-07 12:46:38,639 | INFO | News RSS status for BAJAJ-AUTO: 200
2026-08-07 12:46:39,093 | INFO | News RSS query for BAJAJFINSV: https://news.google.com/rss/search?q=%22Bajaj+Finserv+Ltd.%22+NSE+when:10d&hl=en-IN&gl=IN&ceid=IN:en
2026-08-07 12:46:39,329 | INFO | News RSS status for BAJAJFINSV: 200
2026-08-07 12:46:39,390 | INFO | News RSS query for BAJAJFINSV: https://news.google.com/rss/search?q=%22Bajaj+Finserv+Ltd.%22+NSE+when:10d&hl=en-IN&gl=IN&ceid=IN:en
2026-08-07 12:46:39,399 | INFO | News RSS status for BAJAJFINSV: 200
2026-08-07 12:46:40,264 | INFO | News RSS query for BAJFINANCE: https://news.google.com/rss/search?q=%22Bajaj+Finance+Ltd.%22+NSE+when:10d&hl=en-IN&gl=IN&ceid=IN:en
2026-08-07 12:46:40,515 | INFO | News RSS status for BAJFINANCE: 200
2026-08-07 12:46:41,753 | INFO | News RSS query for BHARTIARTL: https://news.google.com/rss/search?q=%22Bharti+Airtel+Ltd.%22+NSE+when:10d&hl=en-IN&gl=IN&ceid=IN:en
2026-08-07 12:46:41,958 | INFO | News RSS status for BHARTIARTL: 200
2026-08-07 12:46:42,409 | INFO | News RSS query for BOSCHLTD: https://news.google.com/rss/search?q=%22Bosch+Ltd.%22+NSE+when:10d&hl=en-IN&gl=IN&ceid=IN:en
2026-08-07 12:46:42,620 | INFO | News RSS status for BOSCHLTD: 200
2026-08-07 12:46:44,656 | INFO | News RSS query for CHOLAFIN: https://news.google.com/rss/search?q=%22Cholamandalam+Investment+and+Finance+Company+Ltd.%22+NSE+when:10d&hl=en-IN&gl=IN&ceid=IN:en
2026-08-07 12:46:44,909 | INFO | News RSS status for CHOLAFIN: 200
2026-08-07 12:46:45,359 | INFO | News RSS query for CIPLA: https://news.google.com/rss/search?q=%22Cipla+Ltd.%22+NSE+when:10d&hl=en-IN&gl=IN&ceid=IN:en
2026-08-07 12:46:45,569 | INFO | News RSS status for CIPLA: 200
2026-08-07 12:46:45,631 | INFO | News RSS query for CIPLA: https://news.google.com/rss/search?q=%22Cipla+Ltd.%22+NSE+when:10d&hl=en-IN&gl=IN&ceid=IN:en
2026-08-07 12:46:45,640 | INFO | News RSS status for CIPLA: 200
2026-08-07 12:46:46,899 | INFO | News RSS query for DIVISLAB: https://news.google.com/rss/search?q=%22Divi%27s+Laboratories+Ltd.%22+NSE+when:10d&hl=en-IN&gl=IN&ceid=IN:en
2026-08-07 12:46:47,143 | INFO | News RSS status for DIVISLAB: 200
2026-08-07 12:46:47,144 | INFO | News RSS query for DIVISLAB: https://news.google.com/rss/search?q=%22Divi%27s+Laboratories+Ltd.%22+stock+when:10d&hl=en-IN&gl=IN&ceid=IN:en
2026-08-07 12:46:47,341 | INFO | News RSS status for DIVISLAB: 200
2026-08-07 12:46:48,988 | INFO | News RSS query for EICHERMOT: https://news.google.com/rss/search?q=%22Eicher+Motors+Ltd.%22+NSE+when:10d&hl=en-IN&gl=IN&ceid=IN:en
2026-08-07 12:46:49,181 | INFO | News RSS status for EICHERMOT: 200
2026-08-07 12:46:49,666 | INFO | News RSS query for ETERNAL: https://news.google.com/rss/search?q=%22Eternal+Ltd.%22+NSE+when:10d&hl=en-IN&gl=IN&ceid=IN:en
2026-08-07 12:46:49,925 | INFO | News RSS status for ETERNAL: 200
2026-08-07 12:46:50,375 | INFO | News RSS query for GAIL: https://news.google.com/rss/search?q=%22GAIL+%28India%29+Ltd.%22+NSE+when:10d&hl=en-IN&gl=IN&ceid=IN:en
2026-08-07 12:46:50,570 | INFO | News RSS status for GAIL: 200
2026-08-07 12:46:51,416 | INFO | News RSS query for GRASIM: https://news.google.com/rss/search?q=%22Grasim+Industries+Ltd.%22+NSE+when:10d&hl=en-IN&gl=IN&ceid=IN:en
2026-08-07 12:46:51,607 | INFO | News RSS status for GRASIM: 200
2026-08-07 12:46:52,056 | INFO | News RSS query for HAL: https://news.google.com/rss/search?q=%22Hindustan+Aeronautics+Ltd.%22+NSE+when:10d&hl=en-IN&gl=IN&ceid=IN:en
2026-08-07 12:46:52,306 | INFO | News RSS status for HAL: 200
2026-08-07 12:46:55,640 | INFO | News RSS query for ICICIBANK: https://news.google.com/rss/search?q=%22ICICI+Bank+Ltd.%22+NSE+when:10d&hl=en-IN&gl=IN&ceid=IN:en
2026-08-07 12:46:55,847 | INFO | News RSS status for ICICIBANK: 200
2026-08-07 12:46:56,299 | INFO | News RSS query for INDHOTEL: https://news.google.com/rss/search?q=%22Indian+Hotels+Co.+Ltd.%22+NSE+when:10d&hl=en-IN&gl=IN&ceid=IN:en
2026-08-07 12:46:56,511 | INFO | News RSS status for INDHOTEL: 200
2026-08-07 12:46:56,512 | INFO | News RSS query for INDHOTEL: https://news.google.com/rss/search?q=%22Indian+Hotels+Co.+Ltd.%22+stock+when:10d&hl=en-IN&gl=IN&ceid=IN:en
2026-08-07 12:46:56,682 | INFO | News RSS status for INDHOTEL: 200
2026-08-07 12:46:56,684 | INFO | News RSS query for INDHOTEL: https://news.google.com/rss/search?q=INDHOTEL+NSE+when:10d&hl=en-IN&gl=IN&ceid=IN:en
2026-08-07 12:46:56,844 | INFO | News RSS status for INDHOTEL: 200
2026-08-07 12:46:56,845 | INFO | News RSS query for INDHOTEL: https://news.google.com/rss/search?q=site%3Aeconomictimes.indiatimes.com+%22Indian+Hotels+Co.+Ltd.%22+when:10d&hl=en-IN&gl=IN&ceid=IN:en
2026-08-07 12:46:57,007 | INFO | News RSS status for INDHOTEL: 200
2026-08-07 12:46:57,452 | INFO | News RSS query for INDIGO: https://news.google.com/rss/search?q=%22InterGlobe+Aviation+Ltd.%22+NSE+when:10d&hl=en-IN&gl=IN&ceid=IN:en
2026-08-07 12:46:57,703 | INFO | News RSS status for INDIGO: 200
2026-08-07 12:47:00,319 | INFO | News RSS query for JSWSTEEL: https://news.google.com/rss/search?q=%22JSW+Steel+Ltd.%22+NSE+when:10d&hl=en-IN&gl=IN&ceid=IN:en
2026-08-07 12:47:00,571 | INFO | News RSS status for JSWSTEEL: 200
2026-08-07 12:47:01,382 | INFO | News RSS query for LODHA: https://news.google.com/rss/search?q=%22Lodha+Developers+Ltd.%22+NSE+when:10d&hl=en-IN&gl=IN&ceid=IN:en
2026-08-07 12:47:01,584 | INFO | News RSS status for LODHA: 200
2026-08-07 12:47:01,660 | INFO | News RSS query for LODHA: https://news.google.com/rss/search?q=%22Lodha+Developers+Ltd.%22+NSE+when:10d&hl=en-IN&gl=IN&ceid=IN:en
2026-08-07 12:47:01,670 | INFO | News RSS status for LODHA: 200
2026-08-07 12:47:02,070 | WARNING | Skipping LTM — only 116 bars available (need 220). Extend history_backfill_days in config.json to include this symbol.
2026-08-07 12:47:04,114 | INFO | News RSS query for MOTHERSON: https://news.google.com/rss/search?q=%22Samvardhana+Motherson+International+Ltd.%22+NSE+when:10d&hl=en-IN&gl=IN&ceid=IN:en
2026-08-07 12:47:04,366 | INFO | News RSS status for MOTHERSON: 200
2026-08-07 12:47:05,219 | INFO | News RSS query for NESTLEIND: https://news.google.com/rss/search?q=%22Nestle+India+Ltd.%22+NSE+when:10d&hl=en-IN&gl=IN&ceid=IN:en
2026-08-07 12:47:05,462 | INFO | News RSS status for NESTLEIND: 200
2026-08-07 12:47:07,105 | INFO | News RSS query for PIDILITIND: https://news.google.com/rss/search?q=%22Pidilite+Industries+Ltd.%22+NSE+when:10d&hl=en-IN&gl=IN&ceid=IN:en
2026-08-07 12:47:07,291 | INFO | News RSS status for PIDILITIND: 200
2026-08-07 12:47:07,293 | INFO | News RSS query for PIDILITIND: https://news.google.com/rss/search?q=%22Pidilite+Industries+Ltd.%22+stock+when:10d&hl=en-IN&gl=IN&ceid=IN:en
2026-08-07 12:47:07,542 | INFO | News RSS status for PIDILITIND: 200
2026-08-07 12:47:08,788 | INFO | News RSS query for RECLTD: https://news.google.com/rss/search?q=%22REC+Ltd.%22+NSE+when:10d&hl=en-IN&gl=IN&ceid=IN:en
2026-08-07 12:47:09,010 | INFO | News RSS status for RECLTD: 200
2026-08-07 12:47:10,258 | INFO | News RSS query for SBIN: https://news.google.com/rss/search?q=%22State+Bank+of+India%22+NSE+when:10d&hl=en-IN&gl=IN&ceid=IN:en
2026-08-07 12:47:10,540 | INFO | News RSS status for SBIN: 200
2026-08-07 12:47:11,377 | INFO | News RSS query for SHRIRAMFIN: https://news.google.com/rss/search?q=%22Shriram+Finance+Ltd.%22+NSE+when:10d&hl=en-IN&gl=IN&ceid=IN:en
2026-08-07 12:47:11,629 | INFO | News RSS status for SHRIRAMFIN: 200
2026-08-07 12:47:12,081 | INFO | News RSS query for SIEMENS: https://news.google.com/rss/search?q=%22Siemens+Ltd.%22+NSE+when:10d&hl=en-IN&gl=IN&ceid=IN:en
2026-08-07 12:47:12,264 | INFO | News RSS status for SIEMENS: 200
2026-08-07 12:47:12,267 | INFO | News RSS query for SIEMENS: https://news.google.com/rss/search?q=%22Siemens+Ltd.%22+stock+when:10d&hl=en-IN&gl=IN&ceid=IN:en
2026-08-07 12:47:12,495 | INFO | News RSS status for SIEMENS: 200
2026-08-07 12:47:12,945 | INFO | News RSS query for SOLARINDS: https://news.google.com/rss/search?q=%22Solar+Industries+India+Ltd.%22+NSE+when:10d&hl=en-IN&gl=IN&ceid=IN:en
2026-08-07 12:47:13,192 | INFO | News RSS status for SOLARINDS: 200
2026-08-07 12:47:13,254 | INFO | News RSS query for SOLARINDS: https://news.google.com/rss/search?q=%22Solar+Industries+India+Ltd.%22+NSE+when:10d&hl=en-IN&gl=IN&ceid=IN:en
2026-08-07 12:47:13,262 | INFO | News RSS status for SOLARINDS: 200
2026-08-07 12:47:13,715 | INFO | News RSS query for SUNPHARMA: https://news.google.com/rss/search?q=%22Sun+Pharmaceutical+Industries+Ltd.%22+NSE+when:10d&hl=en-IN&gl=IN&ceid=IN:en
2026-08-07 12:47:13,919 | INFO | News RSS status for SUNPHARMA: 200
2026-08-07 12:47:13,925 | WARNING | Skipping TATACAP — only 204 bars available (need 220). Extend history_backfill_days in config.json to include this symbol.
2026-08-07 12:47:15,936 | INFO | News RSS query for TECHM: https://news.google.com/rss/search?q=%22Tech+Mahindra+Ltd.%22+NSE+when:10d&hl=en-IN&gl=IN&ceid=IN:en
2026-08-07 12:47:16,138 | INFO | News RSS status for TECHM: 200
2026-08-07 12:47:16,588 | INFO | News RSS query for TITAN: https://news.google.com/rss/search?q=%22Titan+Company+Ltd.%22+NSE+when:10d&hl=en-IN&gl=IN&ceid=IN:en
2026-08-07 12:47:16,796 | INFO | News RSS status for TITAN: 200
2026-08-07 12:47:16,802 | WARNING | Skipping TMCV — only 184 bars available (need 220). Extend history_backfill_days in config.json to include this symbol.
2026-08-07 12:47:16,802 | WARNING | Skipping TMPV — only 201 bars available (need 220). Extend history_backfill_days in config.json to include this symbol.
2026-08-07 12:47:17,252 | INFO | News RSS query for TORNTPHARM: https://news.google.com/rss/search?q=%22Torrent+Pharmaceuticals+Ltd.%22+NSE+when:10d&hl=en-IN&gl=IN&ceid=IN:en
2026-08-07 12:47:17,504 | INFO | News RSS status for TORNTPHARM: 200
2026-08-07 12:47:17,506 | INFO | News RSS query for TORNTPHARM: https://news.google.com/rss/search?q=%22Torrent+Pharmaceuticals+Ltd.%22+stock+when:10d&hl=en-IN&gl=IN&ceid=IN:en
2026-08-07 12:47:17,718 | INFO | News RSS status for TORNTPHARM: 200
2026-08-07 12:47:18,555 | INFO | News RSS query for TVSMOTOR: https://news.google.com/rss/search?q=%22TVS+Motor+Company+Ltd.%22+NSE+when:10d&hl=en-IN&gl=IN&ceid=IN:en
2026-08-07 12:47:18,736 | INFO | News RSS status for TVSMOTOR: 200
2026-08-07 12:47:19,574 | INFO | News RSS query for UNIONBANK: https://news.google.com/rss/search?q=%22Union+Bank+of+India%22+NSE+when:10d&hl=en-IN&gl=IN&ceid=IN:en
2026-08-07 12:47:19,821 | INFO | News RSS status for UNIONBANK: 200
2026-08-07 12:47:20,037 | INFO | News RSS query for UNITDSPR: https://news.google.com/rss/search?q=%22United+Spirits+Ltd.%22+NSE+when:10d&hl=en-IN&gl=IN&ceid=IN:en
2026-08-07 12:47:20,216 | INFO | News RSS status for UNITDSPR: 200
2026-08-07 12:47:20,221 | WARNING | Skipping VAML — only 6 bars available (need 220). Extend history_backfill_days in config.json to include this symbol.
2026-08-07 12:47:21,008 | WARNING | Skipping VEDPOWER — only 4 bars available (need 220). Extend history_backfill_days in config.json to include this symbol.
2026-08-07 12:47:21,009 | WARNING | Skipping VISL — only 4 bars available (need 220). Extend history_backfill_days in config.json to include this symbol.
2026-08-07 12:47:21,009 | WARNING | Skipping VOGL — only 7 bars available (need 220). Extend history_backfill_days in config.json to include this symbol.
2026-08-07 12:47:21,862 | INFO | News RSS query for ZYDUSLIFE: https://news.google.com/rss/search?q=%22Zydus+Lifesciences+Ltd.%22+NSE+when:10d&hl=en-IN&gl=IN&ceid=IN:en
2026-08-07 12:47:22,070 | INFO | News RSS status for ZYDUSLIFE: 200
2026-08-07 12:47:22,073 | INFO | News RSS query for ZYDUSLIFE: https://news.google.com/rss/search?q=%22Zydus+Lifesciences+Ltd.%22+stock+when:10d&hl=en-IN&gl=IN&ceid=IN:en
2026-08-07 12:47:22,289 | INFO | News RSS status for ZYDUSLIFE: 200
2026-08-07 12:47:22,298 | INFO | Index membership from cache: NIFTY 50 (50 symbols)
2026-08-07 12:47:22,298 | INFO | Index membership from cache: Nifty Next 50 (50 symbols)
2026-08-07 12:47:22,298 | INFO | Index membership ready: 100 symbols mapped
2026-08-07 12:47:22,298 | INFO | Market Health: fetching index OHLCV...
2026-08-07 12:47:22,301 | INFO | Index OHLCV cache fresh for NIFTY 50 (1435 rows)
2026-08-07 12:47:22,303 | INFO | Index OHLCV cache fresh for NIFTY NEXT 50 (1435 rows)
2026-08-07 12:47:22,303 | INFO | Market Health: fetching VIX...
2026-08-07 12:47:22,305 | INFO | VIX cache fresh (133 rows)
2026-08-07 12:47:22,305 | INFO | Market Health: updating breadth EMA cache...
2026-08-07 12:47:24,078 | INFO | Breadth EMA cache: 133164 total rows (+100)
2026-08-07 12:47:24,099 | INFO | Market Health [NIFTY 50]: Score=50.5 | Weak Bull &#x1F7E1;
2026-08-07 12:47:24,116 | INFO | Market Health [Nifty Next 50]: Score=5.0 | Sideways &#x1F7E0;
2026-08-07 12:47:24,186 | INFO | Signal log: appended 6 new signals. Total rows: 605
2026-08-07 12:47:24,186 | INFO | Signal log written/updated: /home/runner/work/nifty100-reporter/nifty100-reporter/data/nifty100_signal_log.csv
2026-08-07 12:47:25,470 | INFO | Signal tracker: updated 194 Active signal rows.
2026-08-07 12:47:25,485 | INFO | HTML report written: /home/runner/work/nifty100-reporter/nifty100-reporter/reports/nifty100_daily_report_20260807.html
2026-08-07 12:47:25,493 | INFO | Market Health Excel sheet written.
2026-08-07 12:47:26,654 | INFO | Excel report written: /home/runner/work/nifty100-reporter/nifty100-reporter/reports/nifty100_daily_report_20260807.xlsx
2026-08-07 12:47:26,654 | INFO | GitHub Actions detected — skipping Gmail API send (workflow handles email).
2026-08-07 12:47:26,654 | INFO | Run completed successfully.
2026-08-07 12:47:26,654 | INFO | Artifacts: /home/runner/work/nifty100-reporter/nifty100-reporter/reports/nifty100_daily_report_20260807.html | /home/runner/work/nifty100-reporter/nifty100-reporter/reports/nifty100_daily_report_20260807.xlsx | log: /home/runner/work/nifty100-reporter/nifty100-reporter/logs/run_20260807_181544.log
