2026-06-30 12:46:00,090 | INFO | Nifty 100 Daily EMA Cross Reporter | Version 3.3.8 | Released 2026-04-17
2026-06-30 12:46:00,091 | INFO | Base directory: /home/runner/work/nifty100-reporter/nifty100-reporter
2026-06-30 12:46:00,091 | INFO | Loaded config. Email enabled: True | Recipients: 1
2026-06-30 12:46:00,252 | WARNING | NSE session bootstrap HTTP 403 (attempt 1/5) — refreshing NSE session cookie …
2026-06-30 12:46:11,114 | INFO | NSE session bootstrap status: 200
2026-06-30 12:46:11,115 | INFO | Downloading Nifty 100 universe from https://www.niftyindices.com/IndexConstituent/ind_nifty100list.csv
2026-06-30 12:46:11,574 | INFO | Universe download status: 200
2026-06-30 12:46:11,580 | INFO | Universe rows loaded: 100
2026-06-30 12:46:11,685 | INFO | Loaded history rows: 130354
2026-06-30 12:46:11,693 | INFO | yfinance history update: 100 symbols | 2026-06-28 → 2026-07-01
2026-06-30 12:46:11,693 | INFO | yfinance batch download: 100 symbols | 2026-06-28 → 2026-07-01
2026-06-30 12:46:11,695 | INFO | Failed to create TzCache, reason: Error creating TzCache folder: '/home/runner/.cache/py-yfinance' reason: [Errno 17] File exists: '/home/runner/.cache/py-yfinance'. TzCache will not be used. Tip: You can direct cache to use a different location with 'set_tz_cache_location(mylocation)'
2026-06-30 12:46:18,168 | INFO | yfinance raw shape: (2, 500)
2026-06-30 12:46:18,451 | INFO | yfinance parsed rows after date-filter: 200
2026-06-30 12:46:18,452 | INFO | New rows from yfinance: 200
2026-06-30 12:46:19,220 | INFO | Saved history rows: 130454 | file: /home/runner/work/nifty100-reporter/nifty100-reporter/data/nifty100_ohlcv_history.csv
2026-06-30 12:46:19,322 | INFO | Loaded history rows: 130454
2026-06-30 12:46:19,322 | INFO | Latest OHLCV data is from 2026-06-30
2026-06-30 12:46:19,346 | INFO | Latest Delivery data is from 2026-06-29
2026-06-30 12:46:19,390 | INFO | Delivery cache has 28 dates — skipping backfill.
2026-06-30 12:46:19,390 | INFO | Delivery fetch attempt [0/7] — URL: https://archives.nseindia.com/products/content/sec_bhavdata_full_30062026.csv
2026-06-30 12:46:19,786 | INFO | Delivery fetch FAILED for 2026-06-30 — HTTP 404 — URL: https://archives.nseindia.com/products/content/sec_bhavdata_full_30062026.csv
2026-06-30 12:46:19,786 | INFO | Delivery fetch attempt [1/7] — URL: https://archives.nseindia.com/products/content/sec_bhavdata_full_29062026.csv
2026-06-30 12:46:20,322 | INFO | Delivery fetch SUCCESS — date: 2026-06-29 | size: 374047 bytes | URL: https://archives.nseindia.com/products/content/sec_bhavdata_full_29062026.csv
2026-06-30 12:46:20,628 | INFO | Delivery cache updated: 2404 symbols for 2026-06-29 (rows in cache: 68189)
2026-06-30 12:46:20,629 | INFO | Delivery data: 2404 symbols | fallback=False
2026-06-30 12:46:21,008 | INFO | Corporate actions bulk OK: 111 raw rows | 19 Nifty100 symbols with events
2026-06-30 12:46:46,210 | INFO | Corporate actions: 19/100 symbols have events (window 30-06-2026 to 30-07-2026) | Symbols: AXISBANK, BAJAJFINSV, BAJAJHLDNG, BAJFINANCE, CHOLAFIN, CUMMINSIND, DIVISLAB, HINDALCO, JSWSTEEL, M&M, MAXHEALTH, MOTHERSON, NESTLEIND, SHRIRAMFIN, SUNPHARMA, TECHM, UNIONBANK, UNITDSPR, ZYDUSLIFE
2026-06-30 12:46:46,211 | INFO | Index membership from cache: NIFTY 50 (50 symbols)
2026-06-30 12:46:46,211 | INFO | Index membership from cache: Nifty Next 50 (50 symbols)
2026-06-30 12:46:46,211 | INFO | Index membership ready: 100 symbols mapped
2026-06-30 12:46:46,759 | INFO | News RSS query for ABB: https://news.google.com/rss/search?q=%22ABB+India+Ltd.%22+NSE+when:10d&hl=en-IN&gl=IN&ceid=IN:en
2026-06-30 12:46:47,065 | INFO | News RSS status for ABB: 200
2026-06-30 12:46:47,370 | INFO | News RSS query for ADANIENSOL: https://news.google.com/rss/search?q=%22Adani+Energy+Solutions+Ltd.%22+NSE+when:10d&hl=en-IN&gl=IN&ceid=IN:en
2026-06-30 12:46:47,561 | INFO | News RSS status for ADANIENSOL: 200
2026-06-30 12:46:48,094 | INFO | News RSS query for ADANIENT: https://news.google.com/rss/search?q=%22Adani+Enterprises+Ltd.%22+NSE+when:10d&hl=en-IN&gl=IN&ceid=IN:en
2026-06-30 12:46:48,355 | INFO | News RSS status for ADANIENT: 200
2026-06-30 12:46:48,418 | INFO | News RSS query for ADANIENT: https://news.google.com/rss/search?q=%22Adani+Enterprises+Ltd.%22+NSE+when:10d&hl=en-IN&gl=IN&ceid=IN:en
2026-06-30 12:46:48,431 | INFO | News RSS status for ADANIENT: 200
2026-06-30 12:46:48,970 | INFO | News RSS query for ADANIGREEN: https://news.google.com/rss/search?q=%22Adani+Green+Energy+Ltd.%22+NSE+when:10d&hl=en-IN&gl=IN&ceid=IN:en
2026-06-30 12:46:49,170 | INFO | News RSS status for ADANIGREEN: 200
2026-06-30 12:46:49,232 | INFO | News RSS query for ADANIGREEN: https://news.google.com/rss/search?q=%22Adani+Green+Energy+Ltd.%22+NSE+when:10d&hl=en-IN&gl=IN&ceid=IN:en
2026-06-30 12:46:49,244 | INFO | News RSS status for ADANIGREEN: 200
2026-06-30 12:46:49,777 | INFO | News RSS query for ADANIPORTS: https://news.google.com/rss/search?q=%22Adani+Ports+and+Special+Economic+Zone+Ltd.%22+NSE+when:10d&hl=en-IN&gl=IN&ceid=IN:en
2026-06-30 12:46:49,988 | INFO | News RSS status for ADANIPORTS: 200
2026-06-30 12:46:50,528 | INFO | News RSS query for ADANIPOWER: https://news.google.com/rss/search?q=%22Adani+Power+Ltd.%22+NSE+when:10d&hl=en-IN&gl=IN&ceid=IN:en
2026-06-30 12:46:50,768 | INFO | News RSS status for ADANIPOWER: 200
2026-06-30 12:46:51,785 | INFO | News RSS query for APOLLOHOSP: https://news.google.com/rss/search?q=%22Apollo+Hospitals+Enterprise+Ltd.%22+NSE+when:10d&hl=en-IN&gl=IN&ceid=IN:en
2026-06-30 12:46:52,031 | INFO | News RSS status for APOLLOHOSP: 200
2026-06-30 12:46:52,035 | INFO | News RSS query for APOLLOHOSP: https://news.google.com/rss/search?q=%22Apollo+Hospitals+Enterprise+Ltd.%22+stock+when:10d&hl=en-IN&gl=IN&ceid=IN:en
2026-06-30 12:46:52,310 | INFO | News RSS status for APOLLOHOSP: 200
2026-06-30 12:46:52,845 | INFO | News RSS query for ASIANPAINT: https://news.google.com/rss/search?q=%22Asian+Paints+Ltd.%22+NSE+when:10d&hl=en-IN&gl=IN&ceid=IN:en
2026-06-30 12:46:53,057 | INFO | News RSS status for ASIANPAINT: 200
2026-06-30 12:46:53,591 | INFO | News RSS query for AXISBANK: https://news.google.com/rss/search?q=%22Axis+Bank+Ltd.%22+NSE+when:10d&hl=en-IN&gl=IN&ceid=IN:en
2026-06-30 12:46:53,818 | INFO | News RSS status for AXISBANK: 200
2026-06-30 12:46:56,266 | INFO | News RSS query for BANKBARODA: https://news.google.com/rss/search?q=%22Bank+of+Baroda%22+NSE+when:10d&hl=en-IN&gl=IN&ceid=IN:en
2026-06-30 12:46:56,596 | INFO | News RSS status for BANKBARODA: 200
2026-06-30 12:46:58,098 | INFO | News RSS query for BOSCHLTD: https://news.google.com/rss/search?q=%22Bosch+Ltd.%22+NSE+when:10d&hl=en-IN&gl=IN&ceid=IN:en
2026-06-30 12:46:58,290 | INFO | News RSS status for BOSCHLTD: 200
2026-06-30 12:47:00,274 | INFO | News RSS query for CGPOWER: https://news.google.com/rss/search?q=%22CG+Power+and+Industrial+Solutions+Ltd.%22+NSE+when:10d&hl=en-IN&gl=IN&ceid=IN:en
2026-06-30 12:47:00,482 | INFO | News RSS status for CGPOWER: 200
2026-06-30 12:47:00,483 | INFO | News RSS query for CGPOWER: https://news.google.com/rss/search?q=%22CG+Power+and+Industrial+Solutions+Ltd.%22+stock+when:10d&hl=en-IN&gl=IN&ceid=IN:en
2026-06-30 12:47:00,720 | INFO | News RSS status for CGPOWER: 200
2026-06-30 12:47:00,781 | INFO | News RSS query for CGPOWER: https://news.google.com/rss/search?q=%22CG+Power+and+Industrial+Solutions+Ltd.%22+NSE+when:10d&hl=en-IN&gl=IN&ceid=IN:en
2026-06-30 12:47:00,794 | INFO | News RSS status for CGPOWER: 200
2026-06-30 12:47:00,795 | INFO | News RSS query for CGPOWER: https://news.google.com/rss/search?q=%22CG+Power+and+Industrial+Solutions+Ltd.%22+stock+when:10d&hl=en-IN&gl=IN&ceid=IN:en
2026-06-30 12:47:00,809 | INFO | News RSS status for CGPOWER: 200
2026-06-30 12:47:01,345 | INFO | News RSS query for CHOLAFIN: https://news.google.com/rss/search?q=%22Cholamandalam+Investment+and+Finance+Company+Ltd.%22+NSE+when:10d&hl=en-IN&gl=IN&ceid=IN:en
2026-06-30 12:47:01,518 | INFO | News RSS status for CHOLAFIN: 200
2026-06-30 12:47:01,518 | INFO | News RSS query for CHOLAFIN: https://news.google.com/rss/search?q=%22Cholamandalam+Investment+and+Finance+Company+Ltd.%22+stock+when:10d&hl=en-IN&gl=IN&ceid=IN:en
2026-06-30 12:47:01,697 | INFO | News RSS status for CHOLAFIN: 200
2026-06-30 12:47:01,698 | INFO | News RSS query for CHOLAFIN: https://news.google.com/rss/search?q=CHOLAFIN+NSE+when:10d&hl=en-IN&gl=IN&ceid=IN:en
2026-06-30 12:47:01,896 | INFO | News RSS status for CHOLAFIN: 200
2026-06-30 12:47:01,898 | INFO | News RSS query for CHOLAFIN: https://news.google.com/rss/search?q=site%3Aeconomictimes.indiatimes.com+%22Cholamandalam+Investment+and+Finance+Company+Ltd.%22+when:10d&hl=en-IN&gl=IN&ceid=IN:en
2026-06-30 12:47:02,071 | INFO | News RSS status for CHOLAFIN: 200
2026-06-30 12:47:02,071 | INFO | News RSS query for CHOLAFIN: https://news.google.com/rss/search?q=site%3Amoneycontrol.com+%22Cholamandalam+Investment+and+Finance+Company+Ltd.%22+when:10d&hl=en-IN&gl=IN&ceid=IN:en
2026-06-30 12:47:02,236 | INFO | News RSS status for CHOLAFIN: 200
2026-06-30 12:47:02,236 | INFO | News RSS query for CHOLAFIN: https://news.google.com/rss/search?q=site%3Abusinessstandard.com+%22Cholamandalam+Investment+and+Finance+Company+Ltd.%22+when:10d&hl=en-IN&gl=IN&ceid=IN:en
2026-06-30 12:47:02,425 | INFO | News RSS status for CHOLAFIN: 200
2026-06-30 12:47:03,925 | INFO | News RSS query for CUMMINSIND: https://news.google.com/rss/search?q=%22Cummins+India+Ltd.%22+NSE+when:10d&hl=en-IN&gl=IN&ceid=IN:en
2026-06-30 12:47:04,124 | INFO | News RSS status for CUMMINSIND: 200
2026-06-30 12:47:04,127 | INFO | News RSS query for CUMMINSIND: https://news.google.com/rss/search?q=%22Cummins+India+Ltd.%22+stock+when:10d&hl=en-IN&gl=IN&ceid=IN:en
2026-06-30 12:47:04,336 | INFO | News RSS status for CUMMINSIND: 200
2026-06-30 12:47:05,831 | INFO | News RSS query for DMART: https://news.google.com/rss/search?q=%22Avenue+Supermarts+Ltd.%22+NSE+when:10d&hl=en-IN&gl=IN&ceid=IN:en
2026-06-30 12:47:06,043 | INFO | News RSS status for DMART: 200
2026-06-30 12:47:06,046 | INFO | News RSS query for DMART: https://news.google.com/rss/search?q=%22Avenue+Supermarts+Ltd.%22+stock+when:10d&hl=en-IN&gl=IN&ceid=IN:en
2026-06-30 12:47:06,260 | INFO | News RSS status for DMART: 200
2026-06-30 12:47:06,830 | INFO | News RSS query for DRREDDY: https://news.google.com/rss/search?q=%22Dr.+Reddy%27s+Laboratories+Ltd.%22+NSE+when:10d&hl=en-IN&gl=IN&ceid=IN:en
2026-06-30 12:47:07,048 | INFO | News RSS status for DRREDDY: 200
2026-06-30 12:47:07,587 | INFO | News RSS query for EICHERMOT: https://news.google.com/rss/search?q=%22Eicher+Motors+Ltd.%22+NSE+when:10d&hl=en-IN&gl=IN&ceid=IN:en
2026-06-30 12:47:07,826 | INFO | News RSS status for EICHERMOT: 200
2026-06-30 12:47:07,980 | INFO | News RSS query for ENRIN: https://news.google.com/rss/search?q=%22Siemens+Energy+India+Ltd.%22+NSE+when:10d&hl=en-IN&gl=IN&ceid=IN:en
2026-06-30 12:47:08,157 | INFO | News RSS status for ENRIN: 200
2026-06-30 12:47:08,159 | INFO | News RSS query for ENRIN: https://news.google.com/rss/search?q=%22Siemens+Energy+India+Ltd.%22+stock+when:10d&hl=en-IN&gl=IN&ceid=IN:en
2026-06-30 12:47:08,343 | INFO | News RSS status for ENRIN: 200
2026-06-30 12:47:09,294 | INFO | News RSS query for GAIL: https://news.google.com/rss/search?q=%22GAIL+%28India%29+Ltd.%22+NSE+when:10d&hl=en-IN&gl=IN&ceid=IN:en
2026-06-30 12:47:09,521 | INFO | News RSS status for GAIL: 200
2026-06-30 12:47:10,540 | INFO | News RSS query for GRASIM: https://news.google.com/rss/search?q=%22Grasim+Industries+Ltd.%22+NSE+when:10d&hl=en-IN&gl=IN&ceid=IN:en
2026-06-30 12:47:10,735 | INFO | News RSS status for GRASIM: 200
2026-06-30 12:47:10,738 | INFO | News RSS query for GRASIM: https://news.google.com/rss/search?q=%22Grasim+Industries+Ltd.%22+stock+when:10d&hl=en-IN&gl=IN&ceid=IN:en
2026-06-30 12:47:10,941 | INFO | News RSS status for GRASIM: 200
2026-06-30 12:47:11,477 | INFO | News RSS query for HAL: https://news.google.com/rss/search?q=%22Hindustan+Aeronautics+Ltd.%22+NSE+when:10d&hl=en-IN&gl=IN&ceid=IN:en
2026-06-30 12:47:11,678 | INFO | News RSS status for HAL: 200
2026-06-30 12:47:12,693 | INFO | News RSS query for HDFCAMC: https://news.google.com/rss/search?q=%22HDFC+Asset+Management+Company+Ltd.%22+NSE+when:10d&hl=en-IN&gl=IN&ceid=IN:en
2026-06-30 12:47:12,943 | INFO | News RSS status for HDFCAMC: 200
2026-06-30 12:47:12,946 | INFO | News RSS query for HDFCAMC: https://news.google.com/rss/search?q=%22HDFC+Asset+Management+Company+Ltd.%22+stock+when:10d&hl=en-IN&gl=IN&ceid=IN:en
2026-06-30 12:47:13,192 | INFO | News RSS status for HDFCAMC: 200
2026-06-30 12:47:13,251 | INFO | News RSS query for HDFCAMC: https://news.google.com/rss/search?q=%22HDFC+Asset+Management+Company+Ltd.%22+NSE+when:10d&hl=en-IN&gl=IN&ceid=IN:en
2026-06-30 12:47:13,263 | INFO | News RSS status for HDFCAMC: 200
2026-06-30 12:47:13,266 | INFO | News RSS query for HDFCAMC: https://news.google.com/rss/search?q=%22HDFC+Asset+Management+Company+Ltd.%22+stock+when:10d&hl=en-IN&gl=IN&ceid=IN:en
2026-06-30 12:47:13,279 | INFO | News RSS status for HDFCAMC: 200
2026-06-30 12:47:13,336 | INFO | News RSS query for HDFCAMC: https://news.google.com/rss/search?q=%22HDFC+Asset+Management+Company+Ltd.%22+NSE+when:10d&hl=en-IN&gl=IN&ceid=IN:en
2026-06-30 12:47:13,349 | INFO | News RSS status for HDFCAMC: 200
2026-06-30 12:47:13,351 | INFO | News RSS query for HDFCAMC: https://news.google.com/rss/search?q=%22HDFC+Asset+Management+Company+Ltd.%22+stock+when:10d&hl=en-IN&gl=IN&ceid=IN:en
2026-06-30 12:47:13,363 | INFO | News RSS status for HDFCAMC: 200
2026-06-30 12:47:21,896 | INFO | News RSS query for LT: https://news.google.com/rss/search?q=%22Larsen+%26+Toubro+Ltd.%22+NSE+when:10d&hl=en-IN&gl=IN&ceid=IN:en
2026-06-30 12:47:22,124 | INFO | News RSS status for LT: 200
2026-06-30 12:47:22,130 | WARNING | Skipping LTM — only 88 bars available (need 220). Extend history_backfill_days in config.json to include this symbol.
2026-06-30 12:47:23,145 | INFO | News RSS query for MARUTI: https://news.google.com/rss/search?q=%22Maruti+Suzuki+India+Ltd.%22+NSE+when:10d&hl=en-IN&gl=IN&ceid=IN:en
2026-06-30 12:47:23,343 | INFO | News RSS status for MARUTI: 200
2026-06-30 12:47:24,365 | INFO | News RSS query for MAZDOCK: https://news.google.com/rss/search?q=%22Mazagoan+Dock+Shipbuilders+Ltd.%22+NSE+when:10d&hl=en-IN&gl=IN&ceid=IN:en
2026-06-30 12:47:24,518 | INFO | News RSS status for MAZDOCK: 200
2026-06-30 12:47:24,518 | INFO | News RSS query for MAZDOCK: https://news.google.com/rss/search?q=%22Mazagoan+Dock+Shipbuilders+Ltd.%22+stock+when:10d&hl=en-IN&gl=IN&ceid=IN:en
2026-06-30 12:47:24,713 | INFO | News RSS status for MAZDOCK: 200
2026-06-30 12:47:24,713 | INFO | News RSS query for MAZDOCK: https://news.google.com/rss/search?q=MAZDOCK+NSE+when:10d&hl=en-IN&gl=IN&ceid=IN:en
2026-06-30 12:47:24,887 | INFO | News RSS status for MAZDOCK: 200
2026-06-30 12:47:24,890 | INFO | News RSS query for MAZDOCK: https://news.google.com/rss/search?q=site%3Aeconomictimes.indiatimes.com+%22Mazagoan+Dock+Shipbuilders+Ltd.%22+when:10d&hl=en-IN&gl=IN&ceid=IN:en
2026-06-30 12:47:25,069 | INFO | News RSS status for MAZDOCK: 200
2026-06-30 12:47:25,069 | INFO | News RSS query for MAZDOCK: https://news.google.com/rss/search?q=site%3Amoneycontrol.com+%22Mazagoan+Dock+Shipbuilders+Ltd.%22+when:10d&hl=en-IN&gl=IN&ceid=IN:en
2026-06-30 12:47:25,242 | INFO | News RSS status for MAZDOCK: 200
2026-06-30 12:47:25,242 | INFO | News RSS query for MAZDOCK: https://news.google.com/rss/search?q=site%3Abusinessstandard.com+%22Mazagoan+Dock+Shipbuilders+Ltd.%22+when:10d&hl=en-IN&gl=IN&ceid=IN:en
2026-06-30 12:47:25,427 | INFO | News RSS status for MAZDOCK: 200
2026-06-30 12:47:25,966 | INFO | News RSS query for MOTHERSON: https://news.google.com/rss/search?q=%22Samvardhana+Motherson+International+Ltd.%22+NSE+when:10d&hl=en-IN&gl=IN&ceid=IN:en
2026-06-30 12:47:26,216 | INFO | News RSS status for MOTHERSON: 200
2026-06-30 12:47:29,200 | INFO | News RSS query for PIDILITIND: https://news.google.com/rss/search?q=%22Pidilite+Industries+Ltd.%22+NSE+when:10d&hl=en-IN&gl=IN&ceid=IN:en
2026-06-30 12:47:29,384 | INFO | News RSS status for PIDILITIND: 200
2026-06-30 12:47:29,384 | INFO | News RSS query for PIDILITIND: https://news.google.com/rss/search?q=%22Pidilite+Industries+Ltd.%22+stock+when:10d&hl=en-IN&gl=IN&ceid=IN:en
2026-06-30 12:47:29,576 | INFO | News RSS status for PIDILITIND: 200
2026-06-30 12:47:33,471 | INFO | News RSS query for SHRIRAMFIN: https://news.google.com/rss/search?q=%22Shriram+Finance+Ltd.%22+NSE+when:10d&hl=en-IN&gl=IN&ceid=IN:en
2026-06-30 12:47:33,683 | INFO | News RSS status for SHRIRAMFIN: 200
2026-06-30 12:47:34,710 | INFO | News RSS query for SOLARINDS: https://news.google.com/rss/search?q=%22Solar+Industries+India+Ltd.%22+NSE+when:10d&hl=en-IN&gl=IN&ceid=IN:en
2026-06-30 12:47:34,942 | INFO | News RSS status for SOLARINDS: 200
2026-06-30 12:47:35,003 | INFO | News RSS query for SOLARINDS: https://news.google.com/rss/search?q=%22Solar+Industries+India+Ltd.%22+NSE+when:10d&hl=en-IN&gl=IN&ceid=IN:en
2026-06-30 12:47:35,016 | INFO | News RSS status for SOLARINDS: 200
2026-06-30 12:47:35,556 | INFO | News RSS query for SUNPHARMA: https://news.google.com/rss/search?q=%22Sun+Pharmaceutical+Industries+Ltd.%22+NSE+when:10d&hl=en-IN&gl=IN&ceid=IN:en
2026-06-30 12:47:35,811 | INFO | News RSS status for SUNPHARMA: 200
2026-06-30 12:47:35,817 | WARNING | Skipping TATACAP — only 176 bars available (need 220). Extend history_backfill_days in config.json to include this symbol.
2026-06-30 12:47:38,747 | INFO | News RSS query for TITAN: https://news.google.com/rss/search?q=%22Titan+Company+Ltd.%22+NSE+when:10d&hl=en-IN&gl=IN&ceid=IN:en
2026-06-30 12:47:38,988 | INFO | News RSS status for TITAN: 200
2026-06-30 12:47:38,994 | WARNING | Skipping TMCV — only 156 bars available (need 220). Extend history_backfill_days in config.json to include this symbol.
2026-06-30 12:47:38,995 | WARNING | Skipping TMPV — only 173 bars available (need 220). Extend history_backfill_days in config.json to include this symbol.
2026-06-30 12:47:39,532 | INFO | News RSS query for TORNTPHARM: https://news.google.com/rss/search?q=%22Torrent+Pharmaceuticals+Ltd.%22+NSE+when:10d&hl=en-IN&gl=IN&ceid=IN:en
2026-06-30 12:47:39,726 | INFO | News RSS status for TORNTPHARM: 200
2026-06-30 12:47:39,729 | INFO | News RSS query for TORNTPHARM: https://news.google.com/rss/search?q=%22Torrent+Pharmaceuticals+Ltd.%22+stock+when:10d&hl=en-IN&gl=IN&ceid=IN:en
2026-06-30 12:47:39,939 | INFO | News RSS status for TORNTPHARM: 200
2026-06-30 12:47:41,909 | INFO | News RSS query for UNIONBANK: https://news.google.com/rss/search?q=%22Union+Bank+of+India%22+NSE+when:10d&hl=en-IN&gl=IN&ceid=IN:en
2026-06-30 12:47:42,196 | INFO | News RSS status for UNIONBANK: 200
2026-06-30 12:47:42,384 | WARNING | Skipping VAML — only 6 bars available (need 220). Extend history_backfill_days in config.json to include this symbol.
2026-06-30 12:47:43,344 | WARNING | Skipping VEDPOWER — only 4 bars available (need 220). Extend history_backfill_days in config.json to include this symbol.
2026-06-30 12:47:43,344 | WARNING | Skipping VISL — only 4 bars available (need 220). Extend history_backfill_days in config.json to include this symbol.
2026-06-30 12:47:43,345 | WARNING | Skipping VOGL — only 7 bars available (need 220). Extend history_backfill_days in config.json to include this symbol.
2026-06-30 12:47:44,358 | INFO | News RSS query for ZYDUSLIFE: https://news.google.com/rss/search?q=%22Zydus+Lifesciences+Ltd.%22+NSE+when:10d&hl=en-IN&gl=IN&ceid=IN:en
2026-06-30 12:47:44,549 | INFO | News RSS status for ZYDUSLIFE: 200
2026-06-30 12:47:44,550 | INFO | News RSS query for ZYDUSLIFE: https://news.google.com/rss/search?q=%22Zydus+Lifesciences+Ltd.%22+stock+when:10d&hl=en-IN&gl=IN&ceid=IN:en
2026-06-30 12:47:44,737 | INFO | News RSS status for ZYDUSLIFE: 200
2026-06-30 12:47:44,750 | INFO | Index membership from cache: NIFTY 50 (50 symbols)
2026-06-30 12:47:44,750 | INFO | Index membership from cache: Nifty Next 50 (50 symbols)
2026-06-30 12:47:44,751 | INFO | Index membership ready: 100 symbols mapped
2026-06-30 12:47:44,751 | INFO | Market Health: fetching index OHLCV...
2026-06-30 12:47:44,753 | INFO | Index OHLCV cache fresh for NIFTY 50 (1410 rows)
2026-06-30 12:47:44,756 | INFO | Index OHLCV cache fresh for NIFTY NEXT 50 (1410 rows)
2026-06-30 12:47:44,756 | INFO | Market Health: fetching VIX...
2026-06-30 12:47:44,758 | INFO | VIX cache fresh (108 rows)
2026-06-30 12:47:44,758 | INFO | Market Health: updating breadth EMA cache...
2026-06-30 12:47:46,491 | INFO | Breadth EMA cache: 130364 total rows (+100)
2026-06-30 12:47:46,512 | INFO | Market Health [NIFTY 50]: Score=18.5 | Sideways &#x1F7E0;
2026-06-30 12:47:46,529 | INFO | Market Health [Nifty Next 50]: Score=39.5 | Weak Bull &#x1F7E1;
2026-06-30 12:47:46,601 | INFO | Signal log: appended 8 new signals. Total rows: 368
2026-06-30 12:47:46,601 | INFO | Signal log written/updated: /home/runner/work/nifty100-reporter/nifty100-reporter/data/nifty100_signal_log.csv
2026-06-30 12:47:47,753 | INFO | Signal tracker: updated 181 Active signal rows.
2026-06-30 12:47:47,770 | INFO | HTML report written: /home/runner/work/nifty100-reporter/nifty100-reporter/reports/nifty100_daily_report_20260630.html
2026-06-30 12:47:47,778 | INFO | Market Health Excel sheet written.
2026-06-30 12:47:48,506 | INFO | Excel report written: /home/runner/work/nifty100-reporter/nifty100-reporter/reports/nifty100_daily_report_20260630.xlsx
2026-06-30 12:47:48,506 | INFO | GitHub Actions detected — skipping Gmail API send (workflow handles email).
2026-06-30 12:47:48,506 | INFO | Run completed successfully.
2026-06-30 12:47:48,506 | INFO | Artifacts: /home/runner/work/nifty100-reporter/nifty100-reporter/reports/nifty100_daily_report_20260630.html | /home/runner/work/nifty100-reporter/nifty100-reporter/reports/nifty100_daily_report_20260630.xlsx | log: /home/runner/work/nifty100-reporter/nifty100-reporter/logs/run_20260630_181600.log
