2026-07-21 12:45:48,058 | INFO | Nifty 100 Daily EMA Cross Reporter | Version 3.3.8 | Released 2026-04-17
2026-07-21 12:45:48,058 | INFO | Base directory: /home/runner/work/nifty100-reporter/nifty100-reporter
2026-07-21 12:45:48,059 | INFO | Loaded config. Email enabled: True | Recipients: 1
2026-07-21 12:45:48,121 | WARNING | NSE session bootstrap HTTP 403 (attempt 1/5) — refreshing NSE session cookie …
2026-07-21 12:45:58,419 | INFO | NSE session bootstrap status: 200
2026-07-21 12:45:58,419 | INFO | Downloading Nifty 100 universe from https://www.niftyindices.com/IndexConstituent/ind_nifty100list.csv
2026-07-21 12:45:58,596 | INFO | Universe download status: 200
2026-07-21 12:45:58,600 | INFO | Universe rows loaded: 100
2026-07-21 12:45:58,708 | INFO | Loaded history rows: 131854
2026-07-21 12:45:58,716 | INFO | yfinance history update: 100 symbols | 2026-07-19 → 2026-07-22
2026-07-21 12:45:58,716 | INFO | yfinance batch download: 100 symbols | 2026-07-19 → 2026-07-22
2026-07-21 12:46:03,270 | INFO | yfinance raw shape: (2, 500)
2026-07-21 12:46:03,600 | INFO | yfinance parsed rows after date-filter: 200
2026-07-21 12:46:03,600 | INFO | New rows from yfinance: 200
2026-07-21 12:46:04,349 | INFO | Saved history rows: 131954 | file: /home/runner/work/nifty100-reporter/nifty100-reporter/data/nifty100_ohlcv_history.csv
2026-07-21 12:46:04,462 | INFO | Loaded history rows: 131954
2026-07-21 12:46:04,463 | INFO | Latest OHLCV data is from 2026-07-21
2026-07-21 12:46:04,488 | INFO | Latest Delivery data is from 2026-07-20
2026-07-21 12:46:04,531 | INFO | Delivery cache has 31 dates — skipping backfill.
2026-07-21 12:46:04,531 | INFO | Delivery fetch attempt [0/7] — URL: https://archives.nseindia.com/products/content/sec_bhavdata_full_21072026.csv
2026-07-21 12:46:04,971 | INFO | Delivery fetch SUCCESS — date: 2026-07-21 | size: 369294 bytes | URL: https://archives.nseindia.com/products/content/sec_bhavdata_full_21072026.csv
2026-07-21 12:46:05,306 | INFO | Delivery cache updated: 2390 symbols for 2026-07-21 (rows in cache: 74521)
2026-07-21 12:46:05,307 | INFO | Delivery data: 2390 symbols | fallback=False
2026-07-21 12:46:05,820 | INFO | Corporate actions bulk OK: 146 raw rows | 14 Nifty100 symbols with events
2026-07-21 12:46:37,116 | INFO | Corporate actions: 14/100 symbols have events (window 21-07-2026 to 20-08-2026) | Symbols: BHARTIARTL, BOSCHLTD, BRITANNIA, CHOLAFIN, DIVISLAB, DLF, GRASIM, MARUTI, PFC, PIDILITIND, SOLARINDS, TATACAP, WIPRO, ZYDUSLIFE
2026-07-21 12:46:37,117 | INFO | Index membership from cache: NIFTY 50 (50 symbols)
2026-07-21 12:46:37,117 | INFO | Index membership from cache: Nifty Next 50 (50 symbols)
2026-07-21 12:46:37,117 | INFO | Index membership ready: 100 symbols mapped
2026-07-21 12:46:37,779 | INFO | News RSS query for ABB: https://news.google.com/rss/search?q=%22ABB+India+Ltd.%22+NSE+when:10d&hl=en-IN&gl=IN&ceid=IN:en
2026-07-21 12:46:38,029 | INFO | News RSS status for ABB: 200
2026-07-21 12:46:38,393 | INFO | News RSS query for ADANIENSOL: https://news.google.com/rss/search?q=%22Adani+Energy+Solutions+Ltd.%22+NSE+when:10d&hl=en-IN&gl=IN&ceid=IN:en
2026-07-21 12:46:38,688 | INFO | News RSS status for ADANIENSOL: 200
2026-07-21 12:46:39,332 | INFO | News RSS query for ADANIENT: https://news.google.com/rss/search?q=%22Adani+Enterprises+Ltd.%22+NSE+when:10d&hl=en-IN&gl=IN&ceid=IN:en
2026-07-21 12:46:39,553 | INFO | News RSS status for ADANIENT: 200
2026-07-21 12:46:40,206 | INFO | News RSS query for ADANIGREEN: https://news.google.com/rss/search?q=%22Adani+Green+Energy+Ltd.%22+NSE+when:10d&hl=en-IN&gl=IN&ceid=IN:en
2026-07-21 12:46:40,417 | INFO | News RSS status for ADANIGREEN: 200
2026-07-21 12:46:41,071 | INFO | News RSS query for ADANIPORTS: https://news.google.com/rss/search?q=%22Adani+Ports+and+Special+Economic+Zone+Ltd.%22+NSE+when:10d&hl=en-IN&gl=IN&ceid=IN:en
2026-07-21 12:46:41,269 | INFO | News RSS status for ADANIPORTS: 200
2026-07-21 12:46:43,057 | INFO | News RSS query for APOLLOHOSP: https://news.google.com/rss/search?q=%22Apollo+Hospitals+Enterprise+Ltd.%22+NSE+when:10d&hl=en-IN&gl=IN&ceid=IN:en
2026-07-21 12:46:43,237 | INFO | News RSS status for APOLLOHOSP: 200
2026-07-21 12:46:43,239 | INFO | News RSS query for APOLLOHOSP: https://news.google.com/rss/search?q=%22Apollo+Hospitals+Enterprise+Ltd.%22+stock+when:10d&hl=en-IN&gl=IN&ceid=IN:en
2026-07-21 12:46:43,426 | INFO | News RSS status for APOLLOHOSP: 200
2026-07-21 12:46:45,242 | INFO | News RSS query for BAJAJ-AUTO: https://news.google.com/rss/search?q=%22Bajaj+Auto+Ltd.%22+NSE+when:10d&hl=en-IN&gl=IN&ceid=IN:en
2026-07-21 12:46:45,496 | INFO | News RSS status for BAJAJ-AUTO: 200
2026-07-21 12:46:47,309 | INFO | News RSS query for BAJFINANCE: https://news.google.com/rss/search?q=%22Bajaj+Finance+Ltd.%22+NSE+when:10d&hl=en-IN&gl=IN&ceid=IN:en
2026-07-21 12:46:47,534 | INFO | News RSS status for BAJFINANCE: 200
2026-07-21 12:46:49,929 | INFO | News RSS query for BOSCHLTD: https://news.google.com/rss/search?q=%22Bosch+Ltd.%22+NSE+when:10d&hl=en-IN&gl=IN&ceid=IN:en
2026-07-21 12:46:50,129 | INFO | News RSS status for BOSCHLTD: 200
2026-07-21 12:46:50,195 | INFO | News RSS query for BOSCHLTD: https://news.google.com/rss/search?q=%22Bosch+Ltd.%22+NSE+when:10d&hl=en-IN&gl=IN&ceid=IN:en
2026-07-21 12:46:50,200 | INFO | News RSS status for BOSCHLTD: 200
2026-07-21 12:46:53,163 | INFO | News RSS query for CHOLAFIN: https://news.google.com/rss/search?q=%22Cholamandalam+Investment+and+Finance+Company+Ltd.%22+NSE+when:10d&hl=en-IN&gl=IN&ceid=IN:en
2026-07-21 12:46:53,355 | INFO | News RSS status for CHOLAFIN: 200
2026-07-21 12:46:54,004 | INFO | News RSS query for CIPLA: https://news.google.com/rss/search?q=%22Cipla+Ltd.%22+NSE+when:10d&hl=en-IN&gl=IN&ceid=IN:en
2026-07-21 12:46:54,204 | INFO | News RSS status for CIPLA: 200
2026-07-21 12:46:56,036 | INFO | News RSS query for DIVISLAB: https://news.google.com/rss/search?q=%22Divi%27s+Laboratories+Ltd.%22+NSE+when:10d&hl=en-IN&gl=IN&ceid=IN:en
2026-07-21 12:46:56,212 | INFO | News RSS status for DIVISLAB: 200
2026-07-21 12:46:58,601 | INFO | News RSS query for EICHERMOT: https://news.google.com/rss/search?q=%22Eicher+Motors+Ltd.%22+NSE+when:10d&hl=en-IN&gl=IN&ceid=IN:en
2026-07-21 12:46:58,787 | INFO | News RSS status for EICHERMOT: 200
2026-07-21 12:46:59,465 | INFO | News RSS query for ETERNAL: https://news.google.com/rss/search?q=%22Eternal+Ltd.%22+NSE+when:10d&hl=en-IN&gl=IN&ceid=IN:en
2026-07-21 12:46:59,663 | INFO | News RSS status for ETERNAL: 200
2026-07-21 12:46:59,665 | INFO | News RSS query for ETERNAL: https://news.google.com/rss/search?q=%22Eternal+Ltd.%22+stock+when:10d&hl=en-IN&gl=IN&ceid=IN:en
2026-07-21 12:46:59,860 | INFO | News RSS status for ETERNAL: 200
2026-07-21 12:47:00,504 | INFO | News RSS query for GAIL: https://news.google.com/rss/search?q=%22GAIL+%28India%29+Ltd.%22+NSE+when:10d&hl=en-IN&gl=IN&ceid=IN:en
2026-07-21 12:47:00,710 | INFO | News RSS status for GAIL: 200
2026-07-21 12:47:01,935 | INFO | News RSS query for GRASIM: https://news.google.com/rss/search?q=%22Grasim+Industries+Ltd.%22+NSE+when:10d&hl=en-IN&gl=IN&ceid=IN:en
2026-07-21 12:47:02,145 | INFO | News RSS status for GRASIM: 200
2026-07-21 12:47:02,211 | INFO | News RSS query for GRASIM: https://news.google.com/rss/search?q=%22Grasim+Industries+Ltd.%22+NSE+when:10d&hl=en-IN&gl=IN&ceid=IN:en
2026-07-21 12:47:02,216 | INFO | News RSS status for GRASIM: 200
2026-07-21 12:47:02,282 | INFO | News RSS query for GRASIM: https://news.google.com/rss/search?q=%22Grasim+Industries+Ltd.%22+NSE+when:10d&hl=en-IN&gl=IN&ceid=IN:en
2026-07-21 12:47:02,292 | INFO | News RSS status for GRASIM: 200
2026-07-21 12:47:02,940 | INFO | News RSS query for HAL: https://news.google.com/rss/search?q=%22Hindustan+Aeronautics+Ltd.%22+NSE+when:10d&hl=en-IN&gl=IN&ceid=IN:en
2026-07-21 12:47:03,122 | INFO | News RSS status for HAL: 200
2026-07-21 12:47:08,028 | INFO | News RSS query for ICICIBANK: https://news.google.com/rss/search?q=%22ICICI+Bank+Ltd.%22+NSE+when:10d&hl=en-IN&gl=IN&ceid=IN:en
2026-07-21 12:47:08,248 | INFO | News RSS status for ICICIBANK: 200
2026-07-21 12:47:08,892 | INFO | News RSS query for INDHOTEL: https://news.google.com/rss/search?q=%22Indian+Hotels+Co.+Ltd.%22+NSE+when:10d&hl=en-IN&gl=IN&ceid=IN:en
2026-07-21 12:47:09,120 | INFO | News RSS status for INDHOTEL: 200
2026-07-21 12:47:09,122 | INFO | News RSS query for INDHOTEL: https://news.google.com/rss/search?q=%22Indian+Hotels+Co.+Ltd.%22+stock+when:10d&hl=en-IN&gl=IN&ceid=IN:en
2026-07-21 12:47:09,325 | INFO | News RSS status for INDHOTEL: 200
2026-07-21 12:47:09,962 | INFO | News RSS query for INDIGO: https://news.google.com/rss/search?q=%22InterGlobe+Aviation+Ltd.%22+NSE+when:10d&hl=en-IN&gl=IN&ceid=IN:en
2026-07-21 12:47:10,163 | INFO | News RSS status for INDIGO: 200
2026-07-21 12:47:11,384 | INFO | News RSS query for IOC: https://news.google.com/rss/search?q=%22Indian+Oil+Corporation+Ltd.%22+NSE+when:10d&hl=en-IN&gl=IN&ceid=IN:en
2026-07-21 12:47:11,585 | INFO | News RSS status for IOC: 200
2026-07-21 12:47:15,892 | WARNING | Skipping LTM — only 103 bars available (need 220). Extend history_backfill_days in config.json to include this symbol.
2026-07-21 12:47:16,530 | INFO | News RSS query for M&M: https://news.google.com/rss/search?q=%22Mahindra+%26+Mahindra+Ltd.%22+NSE+when:10d&hl=en-IN&gl=IN&ceid=IN:en
2026-07-21 12:47:16,748 | INFO | News RSS status for M&M: 200
2026-07-21 12:47:17,985 | INFO | News RSS query for MAXHEALTH: https://news.google.com/rss/search?q=%22Max+Healthcare+Institute+Ltd.%22+NSE+when:10d&hl=en-IN&gl=IN&ceid=IN:en
2026-07-21 12:47:18,192 | INFO | News RSS status for MAXHEALTH: 200
2026-07-21 12:47:18,195 | INFO | News RSS query for MAXHEALTH: https://news.google.com/rss/search?q=%22Max+Healthcare+Institute+Ltd.%22+stock+when:10d&hl=en-IN&gl=IN&ceid=IN:en
2026-07-21 12:47:18,434 | INFO | News RSS status for MAXHEALTH: 200
2026-07-21 12:47:20,812 | INFO | News RSS query for NESTLEIND: https://news.google.com/rss/search?q=%22Nestle+India+Ltd.%22+NSE+when:10d&hl=en-IN&gl=IN&ceid=IN:en
2026-07-21 12:47:21,004 | INFO | News RSS status for NESTLEIND: 200
2026-07-21 12:47:22,235 | INFO | News RSS query for ONGC: https://news.google.com/rss/search?q=%22Oil+%26+Natural+Gas+Corporation+Ltd.%22+NSE+when:10d&hl=en-IN&gl=IN&ceid=IN:en
2026-07-21 12:47:22,434 | INFO | News RSS status for ONGC: 200
2026-07-21 12:47:22,437 | INFO | News RSS query for ONGC: https://news.google.com/rss/search?q=%22Oil+%26+Natural+Gas+Corporation+Ltd.%22+stock+when:10d&hl=en-IN&gl=IN&ceid=IN:en
2026-07-21 12:47:22,643 | INFO | News RSS status for ONGC: 200
2026-07-21 12:47:23,873 | INFO | News RSS query for PIDILITIND: https://news.google.com/rss/search?q=%22Pidilite+Industries+Ltd.%22+NSE+when:10d&hl=en-IN&gl=IN&ceid=IN:en
2026-07-21 12:47:24,066 | INFO | News RSS status for PIDILITIND: 200
2026-07-21 12:47:24,068 | INFO | News RSS query for PIDILITIND: https://news.google.com/rss/search?q=%22Pidilite+Industries+Ltd.%22+stock+when:10d&hl=en-IN&gl=IN&ceid=IN:en
2026-07-21 12:47:24,286 | INFO | News RSS status for PIDILITIND: 200
2026-07-21 12:47:24,351 | INFO | News RSS query for PIDILITIND: https://news.google.com/rss/search?q=%22Pidilite+Industries+Ltd.%22+NSE+when:10d&hl=en-IN&gl=IN&ceid=IN:en
2026-07-21 12:47:24,356 | INFO | News RSS status for PIDILITIND: 200
2026-07-21 12:47:24,357 | INFO | News RSS query for PIDILITIND: https://news.google.com/rss/search?q=%22Pidilite+Industries+Ltd.%22+stock+when:10d&hl=en-IN&gl=IN&ceid=IN:en
2026-07-21 12:47:24,362 | INFO | News RSS status for PIDILITIND: 200
2026-07-21 12:47:27,971 | INFO | News RSS query for SBIN: https://news.google.com/rss/search?q=%22State+Bank+of+India%22+NSE+when:10d&hl=en-IN&gl=IN&ceid=IN:en
2026-07-21 12:47:28,260 | INFO | News RSS status for SBIN: 200
2026-07-21 12:47:29,477 | INFO | News RSS query for SHRIRAMFIN: https://news.google.com/rss/search?q=%22Shriram+Finance+Ltd.%22+NSE+when:10d&hl=en-IN&gl=IN&ceid=IN:en
2026-07-21 12:47:29,659 | INFO | News RSS status for SHRIRAMFIN: 200
2026-07-21 12:47:30,309 | INFO | News RSS query for SIEMENS: https://news.google.com/rss/search?q=%22Siemens+Ltd.%22+NSE+when:10d&hl=en-IN&gl=IN&ceid=IN:en
2026-07-21 12:47:30,520 | INFO | News RSS status for SIEMENS: 200
2026-07-21 12:47:30,523 | INFO | News RSS query for SIEMENS: https://news.google.com/rss/search?q=%22Siemens+Ltd.%22+stock+when:10d&hl=en-IN&gl=IN&ceid=IN:en
2026-07-21 12:47:30,738 | INFO | News RSS status for SIEMENS: 200
2026-07-21 12:47:30,801 | INFO | News RSS query for SIEMENS: https://news.google.com/rss/search?q=%22Siemens+Ltd.%22+NSE+when:10d&hl=en-IN&gl=IN&ceid=IN:en
2026-07-21 12:47:30,806 | INFO | News RSS status for SIEMENS: 200
2026-07-21 12:47:30,809 | INFO | News RSS query for SIEMENS: https://news.google.com/rss/search?q=%22Siemens+Ltd.%22+stock+when:10d&hl=en-IN&gl=IN&ceid=IN:en
2026-07-21 12:47:30,814 | INFO | News RSS status for SIEMENS: 200
2026-07-21 12:47:31,476 | INFO | News RSS query for SOLARINDS: https://news.google.com/rss/search?q=%22Solar+Industries+India+Ltd.%22+NSE+when:10d&hl=en-IN&gl=IN&ceid=IN:en
2026-07-21 12:47:31,670 | INFO | News RSS status for SOLARINDS: 200
2026-07-21 12:47:32,319 | INFO | News RSS query for SUNPHARMA: https://news.google.com/rss/search?q=%22Sun+Pharmaceutical+Industries+Ltd.%22+NSE+when:10d&hl=en-IN&gl=IN&ceid=IN:en
2026-07-21 12:47:32,518 | INFO | News RSS status for SUNPHARMA: 200
2026-07-21 12:47:32,523 | WARNING | Skipping TATACAP — only 191 bars available (need 220). Extend history_backfill_days in config.json to include this symbol.
2026-07-21 12:47:36,074 | INFO | News RSS query for TITAN: https://news.google.com/rss/search?q=%22Titan+Company+Ltd.%22+NSE+when:10d&hl=en-IN&gl=IN&ceid=IN:en
2026-07-21 12:47:36,273 | INFO | News RSS status for TITAN: 200
2026-07-21 12:47:36,278 | WARNING | Skipping TMCV — only 171 bars available (need 220). Extend history_backfill_days in config.json to include this symbol.
2026-07-21 12:47:36,279 | WARNING | Skipping TMPV — only 188 bars available (need 220). Extend history_backfill_days in config.json to include this symbol.
2026-07-21 12:47:36,932 | INFO | News RSS query for TORNTPHARM: https://news.google.com/rss/search?q=%22Torrent+Pharmaceuticals+Ltd.%22+NSE+when:10d&hl=en-IN&gl=IN&ceid=IN:en
2026-07-21 12:47:37,138 | INFO | News RSS status for TORNTPHARM: 200
2026-07-21 12:47:38,378 | INFO | News RSS query for TVSMOTOR: https://news.google.com/rss/search?q=%22TVS+Motor+Company+Ltd.%22+NSE+when:10d&hl=en-IN&gl=IN&ceid=IN:en
2026-07-21 12:47:38,551 | INFO | News RSS status for TVSMOTOR: 200
2026-07-21 12:47:39,957 | WARNING | Skipping VAML — only 6 bars available (need 220). Extend history_backfill_days in config.json to include this symbol.
2026-07-21 12:47:41,130 | WARNING | Skipping VEDPOWER — only 4 bars available (need 220). Extend history_backfill_days in config.json to include this symbol.
2026-07-21 12:47:41,131 | WARNING | Skipping VISL — only 4 bars available (need 220). Extend history_backfill_days in config.json to include this symbol.
2026-07-21 12:47:41,131 | WARNING | Skipping VOGL — only 7 bars available (need 220). Extend history_backfill_days in config.json to include this symbol.
2026-07-21 12:47:42,361 | INFO | News RSS query for ZYDUSLIFE: https://news.google.com/rss/search?q=%22Zydus+Lifesciences+Ltd.%22+NSE+when:10d&hl=en-IN&gl=IN&ceid=IN:en
2026-07-21 12:47:42,547 | INFO | News RSS status for ZYDUSLIFE: 200
2026-07-21 12:47:42,548 | INFO | News RSS query for ZYDUSLIFE: https://news.google.com/rss/search?q=%22Zydus+Lifesciences+Ltd.%22+stock+when:10d&hl=en-IN&gl=IN&ceid=IN:en
2026-07-21 12:47:42,731 | INFO | News RSS status for ZYDUSLIFE: 200
2026-07-21 12:47:42,742 | INFO | Index membership from cache: NIFTY 50 (50 symbols)
2026-07-21 12:47:42,742 | INFO | Index membership from cache: Nifty Next 50 (50 symbols)
2026-07-21 12:47:42,742 | INFO | Index membership ready: 100 symbols mapped
2026-07-21 12:47:42,742 | INFO | Market Health: fetching index OHLCV...
2026-07-21 12:47:43,721 | WARNING | niftyindices failed NIFTY 50 2026-07-18-2026-07-21: Expecting value: line 1 column 2 (char 1)
2026-07-21 12:47:43,856 | INFO | Index OHLCV via yfinance (^NSEI) for NIFTY 50: 1426 rows
2026-07-21 12:47:44,509 | WARNING | niftyindices failed NIFTY NEXT 50 2026-07-18-2026-07-21: Expecting value: line 1 column 2 (char 1)
2026-07-21 12:47:44,661 | INFO | Index OHLCV via yfinance (JUNIORBEES.NS) for NIFTY NEXT 50: 1426 rows
2026-07-21 12:47:44,662 | INFO | Market Health: fetching VIX...
2026-07-21 12:47:45,230 | WARNING | niftyindices VIX failed 2026-07-18-2026-07-21: Expecting value: line 1 column 2 (char 1)
2026-07-21 12:47:45,344 | INFO | VIX via yfinance (^INDIAVIX): 124 rows
2026-07-21 12:47:45,345 | INFO | Market Health: updating breadth EMA cache...
2026-07-21 12:47:47,036 | INFO | Breadth EMA cache: 131864 total rows (+100)
2026-07-21 12:47:47,057 | INFO | Market Health [NIFTY 50]: Score=19.0 | Sideways &#x1F7E0;
2026-07-21 12:47:47,074 | INFO | Market Health [Nifty Next 50]: Score=-12.0 | Sideways &#x1F7E0;
2026-07-21 12:47:47,151 | INFO | Signal log: appended 8 new signals. Total rows: 495
2026-07-21 12:47:47,152 | INFO | Signal log written/updated: /home/runner/work/nifty100-reporter/nifty100-reporter/data/nifty100_signal_log.csv
2026-07-21 12:47:48,355 | INFO | Signal tracker: updated 191 Active signal rows.
2026-07-21 12:47:48,375 | INFO | HTML report written: /home/runner/work/nifty100-reporter/nifty100-reporter/reports/nifty100_daily_report_20260721.html
2026-07-21 12:47:48,384 | INFO | Market Health Excel sheet written.
2026-07-21 12:47:49,469 | INFO | Excel report written: /home/runner/work/nifty100-reporter/nifty100-reporter/reports/nifty100_daily_report_20260721.xlsx
2026-07-21 12:47:49,469 | INFO | GitHub Actions detected — skipping Gmail API send (workflow handles email).
2026-07-21 12:47:49,469 | INFO | Run completed successfully.
2026-07-21 12:47:49,469 | INFO | Artifacts: /home/runner/work/nifty100-reporter/nifty100-reporter/reports/nifty100_daily_report_20260721.html | /home/runner/work/nifty100-reporter/nifty100-reporter/reports/nifty100_daily_report_20260721.xlsx | log: /home/runner/work/nifty100-reporter/nifty100-reporter/logs/run_20260721_181548.log
