2026-07-22 12:45:47,088 | INFO | Nifty 100 Daily EMA Cross Reporter | Version 3.3.8 | Released 2026-04-17
2026-07-22 12:45:47,088 | INFO | Base directory: /home/runner/work/nifty100-reporter/nifty100-reporter
2026-07-22 12:45:47,089 | INFO | Loaded config. Email enabled: True | Recipients: 1
2026-07-22 12:45:47,231 | WARNING | NSE session bootstrap HTTP 403 (attempt 1/5) — refreshing NSE session cookie …
2026-07-22 12:45:57,428 | INFO | NSE session bootstrap status: 200
2026-07-22 12:45:57,428 | INFO | Downloading Nifty 100 universe from https://www.niftyindices.com/IndexConstituent/ind_nifty100list.csv
2026-07-22 12:45:58,211 | INFO | Universe download status: 200
2026-07-22 12:45:58,216 | INFO | Universe rows loaded: 100
2026-07-22 12:45:58,336 | INFO | Loaded history rows: 131954
2026-07-22 12:45:58,344 | INFO | yfinance history update: 100 symbols | 2026-07-20 → 2026-07-23
2026-07-22 12:45:58,344 | INFO | yfinance batch download: 100 symbols | 2026-07-20 → 2026-07-23
2026-07-22 12:46:03,376 | INFO | yfinance raw shape: (3, 500)
2026-07-22 12:46:03,734 | INFO | yfinance parsed rows after date-filter: 300
2026-07-22 12:46:03,735 | INFO | New rows from yfinance: 300
2026-07-22 12:46:04,503 | INFO | Saved history rows: 132054 | file: /home/runner/work/nifty100-reporter/nifty100-reporter/data/nifty100_ohlcv_history.csv
2026-07-22 12:46:04,614 | INFO | Loaded history rows: 132054
2026-07-22 12:46:04,614 | INFO | Latest OHLCV data is from 2026-07-22
2026-07-22 12:46:04,638 | INFO | Latest Delivery data is from 2026-07-21
2026-07-22 12:46:04,682 | INFO | Delivery cache has 31 dates — skipping backfill.
2026-07-22 12:46:04,683 | INFO | Delivery fetch attempt [0/7] — URL: https://archives.nseindia.com/products/content/sec_bhavdata_full_22072026.csv
2026-07-22 12:46:05,126 | INFO | Delivery fetch SUCCESS — date: 2026-07-22 | size: 369153 bytes | URL: https://archives.nseindia.com/products/content/sec_bhavdata_full_22072026.csv
2026-07-22 12:46:05,477 | INFO | Delivery cache updated: 2388 symbols for 2026-07-22 (rows in cache: 76909)
2026-07-22 12:46:05,477 | INFO | Delivery data: 2388 symbols | fallback=False
2026-07-22 12:46:05,874 | INFO | Corporate actions bulk OK: 149 raw rows | 15 Nifty100 symbols with events
2026-07-22 12:46:39,337 | INFO | Corporate actions: 15/100 symbols have events (window 22-07-2026 to 21-08-2026) | Symbols: BHARTIARTL, BOSCHLTD, BRITANNIA, DIVISLAB, DLF, EICHERMOT, GRASIM, MARUTI, PFC, PIDILITIND, SOLARINDS, TATACAP, ULTRACEMCO, WIPRO, ZYDUSLIFE
2026-07-22 12:46:39,337 | INFO | Index membership from cache: NIFTY 50 (50 symbols)
2026-07-22 12:46:39,337 | INFO | Index membership from cache: Nifty Next 50 (50 symbols)
2026-07-22 12:46:39,337 | INFO | Index membership ready: 100 symbols mapped
2026-07-22 12:46:39,999 | INFO | News RSS query for ABB: https://news.google.com/rss/search?q=%22ABB+India+Ltd.%22+NSE+when:10d&hl=en-IN&gl=IN&ceid=IN:en
2026-07-22 12:46:40,212 | INFO | News RSS status for ABB: 200
2026-07-22 12:46:40,582 | INFO | News RSS query for ADANIENSOL: https://news.google.com/rss/search?q=%22Adani+Energy+Solutions+Ltd.%22+NSE+when:10d&hl=en-IN&gl=IN&ceid=IN:en
2026-07-22 12:46:40,773 | INFO | News RSS status for ADANIENSOL: 200
2026-07-22 12:46:41,409 | INFO | News RSS query for ADANIENT: https://news.google.com/rss/search?q=%22Adani+Enterprises+Ltd.%22+NSE+when:10d&hl=en-IN&gl=IN&ceid=IN:en
2026-07-22 12:46:41,643 | INFO | News RSS status for ADANIENT: 200
2026-07-22 12:46:42,289 | INFO | News RSS query for ADANIGREEN: https://news.google.com/rss/search?q=%22Adani+Green+Energy+Ltd.%22+NSE+when:10d&hl=en-IN&gl=IN&ceid=IN:en
2026-07-22 12:46:42,485 | INFO | News RSS status for ADANIGREEN: 200
2026-07-22 12:46:43,127 | INFO | News RSS query for ADANIPORTS: https://news.google.com/rss/search?q=%22Adani+Ports+and+Special+Economic+Zone+Ltd.%22+NSE+when:10d&hl=en-IN&gl=IN&ceid=IN:en
2026-07-22 12:46:43,316 | INFO | News RSS status for ADANIPORTS: 200
2026-07-22 12:46:45,093 | INFO | News RSS query for APOLLOHOSP: https://news.google.com/rss/search?q=%22Apollo+Hospitals+Enterprise+Ltd.%22+NSE+when:10d&hl=en-IN&gl=IN&ceid=IN:en
2026-07-22 12:46:45,293 | INFO | News RSS status for APOLLOHOSP: 200
2026-07-22 12:46:45,296 | INFO | News RSS query for APOLLOHOSP: https://news.google.com/rss/search?q=%22Apollo+Hospitals+Enterprise+Ltd.%22+stock+when:10d&hl=en-IN&gl=IN&ceid=IN:en
2026-07-22 12:46:45,514 | INFO | News RSS status for APOLLOHOSP: 200
2026-07-22 12:46:46,140 | INFO | News RSS query for ASIANPAINT: https://news.google.com/rss/search?q=%22Asian+Paints+Ltd.%22+NSE+when:10d&hl=en-IN&gl=IN&ceid=IN:en
2026-07-22 12:46:46,335 | INFO | News RSS status for ASIANPAINT: 200
2026-07-22 12:46:46,338 | INFO | News RSS query for ASIANPAINT: https://news.google.com/rss/search?q=%22Asian+Paints+Ltd.%22+stock+when:10d&hl=en-IN&gl=IN&ceid=IN:en
2026-07-22 12:46:46,560 | INFO | News RSS status for ASIANPAINT: 200
2026-07-22 12:46:46,628 | INFO | News RSS query for ASIANPAINT: https://news.google.com/rss/search?q=%22Asian+Paints+Ltd.%22+NSE+when:10d&hl=en-IN&gl=IN&ceid=IN:en
2026-07-22 12:46:46,632 | INFO | News RSS status for ASIANPAINT: 200
2026-07-22 12:46:46,635 | INFO | News RSS query for ASIANPAINT: https://news.google.com/rss/search?q=%22Asian+Paints+Ltd.%22+stock+when:10d&hl=en-IN&gl=IN&ceid=IN:en
2026-07-22 12:46:46,640 | INFO | News RSS status for ASIANPAINT: 200
2026-07-22 12:46:46,704 | INFO | News RSS query for ASIANPAINT: https://news.google.com/rss/search?q=%22Asian+Paints+Ltd.%22+NSE+when:10d&hl=en-IN&gl=IN&ceid=IN:en
2026-07-22 12:46:46,709 | INFO | News RSS status for ASIANPAINT: 200
2026-07-22 12:46:46,711 | INFO | News RSS query for ASIANPAINT: https://news.google.com/rss/search?q=%22Asian+Paints+Ltd.%22+stock+when:10d&hl=en-IN&gl=IN&ceid=IN:en
2026-07-22 12:46:46,716 | INFO | News RSS status for ASIANPAINT: 200
2026-07-22 12:46:47,905 | INFO | News RSS query for BAJAJ-AUTO: https://news.google.com/rss/search?q=%22Bajaj+Auto+Ltd.%22+NSE+when:10d&hl=en-IN&gl=IN&ceid=IN:en
2026-07-22 12:46:48,107 | INFO | News RSS status for BAJAJ-AUTO: 200
2026-07-22 12:46:49,904 | INFO | News RSS query for BAJFINANCE: https://news.google.com/rss/search?q=%22Bajaj+Finance+Ltd.%22+NSE+when:10d&hl=en-IN&gl=IN&ceid=IN:en
2026-07-22 12:46:50,094 | INFO | News RSS status for BAJFINANCE: 200
2026-07-22 12:46:52,459 | INFO | News RSS query for BOSCHLTD: https://news.google.com/rss/search?q=%22Bosch+Ltd.%22+NSE+when:10d&hl=en-IN&gl=IN&ceid=IN:en
2026-07-22 12:46:52,670 | INFO | News RSS status for BOSCHLTD: 200
2026-07-22 12:46:52,740 | INFO | News RSS query for BOSCHLTD: https://news.google.com/rss/search?q=%22Bosch+Ltd.%22+NSE+when:10d&hl=en-IN&gl=IN&ceid=IN:en
2026-07-22 12:46:52,745 | INFO | News RSS status for BOSCHLTD: 200
2026-07-22 12:46:55,704 | INFO | News RSS query for CHOLAFIN: https://news.google.com/rss/search?q=%22Cholamandalam+Investment+and+Finance+Company+Ltd.%22+NSE+when:10d&hl=en-IN&gl=IN&ceid=IN:en
2026-07-22 12:46:55,902 | INFO | News RSS status for CHOLAFIN: 200
2026-07-22 12:46:56,540 | INFO | News RSS query for CIPLA: https://news.google.com/rss/search?q=%22Cipla+Ltd.%22+NSE+when:10d&hl=en-IN&gl=IN&ceid=IN:en
2026-07-22 12:46:56,725 | INFO | News RSS status for CIPLA: 200
2026-07-22 12:46:58,579 | INFO | News RSS query for DIVISLAB: https://news.google.com/rss/search?q=%22Divi%27s+Laboratories+Ltd.%22+NSE+when:10d&hl=en-IN&gl=IN&ceid=IN:en
2026-07-22 12:46:58,815 | INFO | News RSS status for DIVISLAB: 200
2026-07-22 12:47:01,166 | INFO | News RSS query for EICHERMOT: https://news.google.com/rss/search?q=%22Eicher+Motors+Ltd.%22+NSE+when:10d&hl=en-IN&gl=IN&ceid=IN:en
2026-07-22 12:47:01,424 | INFO | News RSS status for EICHERMOT: 200
2026-07-22 12:47:02,116 | INFO | News RSS query for ETERNAL: https://news.google.com/rss/search?q=%22Eternal+Ltd.%22+NSE+when:10d&hl=en-IN&gl=IN&ceid=IN:en
2026-07-22 12:47:02,300 | INFO | News RSS status for ETERNAL: 200
2026-07-22 12:47:02,950 | INFO | News RSS query for GAIL: https://news.google.com/rss/search?q=%22GAIL+%28India%29+Ltd.%22+NSE+when:10d&hl=en-IN&gl=IN&ceid=IN:en
2026-07-22 12:47:03,152 | INFO | News RSS status for GAIL: 200
2026-07-22 12:47:04,357 | INFO | News RSS query for GRASIM: https://news.google.com/rss/search?q=%22Grasim+Industries+Ltd.%22+NSE+when:10d&hl=en-IN&gl=IN&ceid=IN:en
2026-07-22 12:47:04,546 | INFO | News RSS status for GRASIM: 200
2026-07-22 12:47:05,188 | INFO | News RSS query for HAL: https://news.google.com/rss/search?q=%22Hindustan+Aeronautics+Ltd.%22+NSE+when:10d&hl=en-IN&gl=IN&ceid=IN:en
2026-07-22 12:47:05,426 | INFO | News RSS status for HAL: 200
2026-07-22 12:47:10,320 | INFO | News RSS query for ICICIBANK: https://news.google.com/rss/search?q=%22ICICI+Bank+Ltd.%22+NSE+when:10d&hl=en-IN&gl=IN&ceid=IN:en
2026-07-22 12:47:10,546 | INFO | News RSS status for ICICIBANK: 200
2026-07-22 12:47:11,198 | INFO | News RSS query for INDHOTEL: https://news.google.com/rss/search?q=%22Indian+Hotels+Co.+Ltd.%22+NSE+when:10d&hl=en-IN&gl=IN&ceid=IN:en
2026-07-22 12:47:11,398 | INFO | News RSS status for INDHOTEL: 200
2026-07-22 12:47:12,046 | INFO | News RSS query for INDIGO: https://news.google.com/rss/search?q=%22InterGlobe+Aviation+Ltd.%22+NSE+when:10d&hl=en-IN&gl=IN&ceid=IN:en
2026-07-22 12:47:12,235 | INFO | News RSS status for INDIGO: 200
2026-07-22 12:47:15,997 | INFO | News RSS query for JSWSTEEL: https://news.google.com/rss/search?q=%22JSW+Steel+Ltd.%22+NSE+when:10d&hl=en-IN&gl=IN&ceid=IN:en
2026-07-22 12:47:16,227 | INFO | News RSS status for JSWSTEEL: 200
2026-07-22 12:47:17,878 | WARNING | Skipping LTM — only 104 bars available (need 220). Extend history_backfill_days in config.json to include this symbol.
2026-07-22 12:47:19,667 | INFO | News RSS query for MAXHEALTH: https://news.google.com/rss/search?q=%22Max+Healthcare+Institute+Ltd.%22+NSE+when:10d&hl=en-IN&gl=IN&ceid=IN:en
2026-07-22 12:47:19,835 | INFO | News RSS status for MAXHEALTH: 200
2026-07-22 12:47:22,202 | INFO | News RSS query for NESTLEIND: https://news.google.com/rss/search?q=%22Nestle+India+Ltd.%22+NSE+when:10d&hl=en-IN&gl=IN&ceid=IN:en
2026-07-22 12:47:22,424 | INFO | News RSS status for NESTLEIND: 200
2026-07-22 12:47:24,826 | INFO | News RSS query for PIDILITIND: https://news.google.com/rss/search?q=%22Pidilite+Industries+Ltd.%22+NSE+when:10d&hl=en-IN&gl=IN&ceid=IN:en
2026-07-22 12:47:25,027 | INFO | News RSS status for PIDILITIND: 200
2026-07-22 12:47:25,030 | INFO | News RSS query for PIDILITIND: https://news.google.com/rss/search?q=%22Pidilite+Industries+Ltd.%22+stock+when:10d&hl=en-IN&gl=IN&ceid=IN:en
2026-07-22 12:47:25,233 | INFO | News RSS status for PIDILITIND: 200
2026-07-22 12:47:25,300 | INFO | News RSS query for PIDILITIND: https://news.google.com/rss/search?q=%22Pidilite+Industries+Ltd.%22+NSE+when:10d&hl=en-IN&gl=IN&ceid=IN:en
2026-07-22 12:47:25,304 | INFO | News RSS status for PIDILITIND: 200
2026-07-22 12:47:25,306 | INFO | News RSS query for PIDILITIND: https://news.google.com/rss/search?q=%22Pidilite+Industries+Ltd.%22+stock+when:10d&hl=en-IN&gl=IN&ceid=IN:en
2026-07-22 12:47:25,311 | INFO | News RSS status for PIDILITIND: 200
2026-07-22 12:47:28,803 | INFO | News RSS query for SBIN: https://news.google.com/rss/search?q=%22State+Bank+of+India%22+NSE+when:10d&hl=en-IN&gl=IN&ceid=IN:en
2026-07-22 12:47:29,157 | INFO | News RSS status for SBIN: 200
2026-07-22 12:47:30,379 | INFO | News RSS query for SHRIRAMFIN: https://news.google.com/rss/search?q=%22Shriram+Finance+Ltd.%22+NSE+when:10d&hl=en-IN&gl=IN&ceid=IN:en
2026-07-22 12:47:30,560 | INFO | News RSS status for SHRIRAMFIN: 200
2026-07-22 12:47:31,203 | INFO | News RSS query for SIEMENS: https://news.google.com/rss/search?q=%22Siemens+Ltd.%22+NSE+when:10d&hl=en-IN&gl=IN&ceid=IN:en
2026-07-22 12:47:31,401 | INFO | News RSS status for SIEMENS: 200
2026-07-22 12:47:32,050 | INFO | News RSS query for SOLARINDS: https://news.google.com/rss/search?q=%22Solar+Industries+India+Ltd.%22+NSE+when:10d&hl=en-IN&gl=IN&ceid=IN:en
2026-07-22 12:47:32,237 | INFO | News RSS status for SOLARINDS: 200
2026-07-22 12:47:32,883 | INFO | News RSS query for SUNPHARMA: https://news.google.com/rss/search?q=%22Sun+Pharmaceutical+Industries+Ltd.%22+NSE+when:10d&hl=en-IN&gl=IN&ceid=IN:en
2026-07-22 12:47:33,087 | INFO | News RSS status for SUNPHARMA: 200
2026-07-22 12:47:33,093 | WARNING | Skipping TATACAP — only 192 bars available (need 220). Extend history_backfill_days in config.json to include this symbol.
2026-07-22 12:47:36,587 | INFO | News RSS query for TITAN: https://news.google.com/rss/search?q=%22Titan+Company+Ltd.%22+NSE+when:10d&hl=en-IN&gl=IN&ceid=IN:en
2026-07-22 12:47:36,781 | INFO | News RSS status for TITAN: 200
2026-07-22 12:47:36,787 | WARNING | Skipping TMCV — only 172 bars available (need 220). Extend history_backfill_days in config.json to include this symbol.
2026-07-22 12:47:36,787 | WARNING | Skipping TMPV — only 189 bars available (need 220). Extend history_backfill_days in config.json to include this symbol.
2026-07-22 12:47:37,434 | INFO | News RSS query for TORNTPHARM: https://news.google.com/rss/search?q=%22Torrent+Pharmaceuticals+Ltd.%22+NSE+when:10d&hl=en-IN&gl=IN&ceid=IN:en
2026-07-22 12:47:37,651 | INFO | News RSS status for TORNTPHARM: 200
2026-07-22 12:47:38,859 | INFO | News RSS query for TVSMOTOR: https://news.google.com/rss/search?q=%22TVS+Motor+Company+Ltd.%22+NSE+when:10d&hl=en-IN&gl=IN&ceid=IN:en
2026-07-22 12:47:39,048 | INFO | News RSS status for TVSMOTOR: 200
2026-07-22 12:47:40,436 | WARNING | Skipping VAML — only 6 bars available (need 220). Extend history_backfill_days in config.json to include this symbol.
2026-07-22 12:47:41,588 | WARNING | Skipping VEDPOWER — only 4 bars available (need 220). Extend history_backfill_days in config.json to include this symbol.
2026-07-22 12:47:41,588 | WARNING | Skipping VISL — only 4 bars available (need 220). Extend history_backfill_days in config.json to include this symbol.
2026-07-22 12:47:41,589 | WARNING | Skipping VOGL — only 7 bars available (need 220). Extend history_backfill_days in config.json to include this symbol.
2026-07-22 12:47:42,814 | INFO | News RSS query for ZYDUSLIFE: https://news.google.com/rss/search?q=%22Zydus+Lifesciences+Ltd.%22+NSE+when:10d&hl=en-IN&gl=IN&ceid=IN:en
2026-07-22 12:47:43,068 | INFO | News RSS status for ZYDUSLIFE: 200
2026-07-22 12:47:43,070 | INFO | News RSS query for ZYDUSLIFE: https://news.google.com/rss/search?q=%22Zydus+Lifesciences+Ltd.%22+stock+when:10d&hl=en-IN&gl=IN&ceid=IN:en
2026-07-22 12:47:43,355 | INFO | News RSS status for ZYDUSLIFE: 200
2026-07-22 12:47:43,366 | INFO | Index membership from cache: NIFTY 50 (50 symbols)
2026-07-22 12:47:43,366 | INFO | Index membership from cache: Nifty Next 50 (50 symbols)
2026-07-22 12:47:43,366 | INFO | Index membership ready: 100 symbols mapped
2026-07-22 12:47:43,366 | INFO | Market Health: fetching index OHLCV...
2026-07-22 12:47:43,369 | INFO | Index OHLCV cache fresh for NIFTY 50 (1426 rows)
2026-07-22 12:47:43,372 | INFO | Index OHLCV cache fresh for NIFTY NEXT 50 (1426 rows)
2026-07-22 12:47:43,372 | INFO | Market Health: fetching VIX...
2026-07-22 12:47:43,374 | INFO | VIX cache fresh (124 rows)
2026-07-22 12:47:43,374 | INFO | Market Health: updating breadth EMA cache...
2026-07-22 12:47:45,081 | INFO | Breadth EMA cache: 131964 total rows (+100)
2026-07-22 12:47:45,103 | INFO | Market Health [NIFTY 50]: Score=4.0 | Sideways &#x1F7E0;
2026-07-22 12:47:45,121 | INFO | Market Health [Nifty Next 50]: Score=-17.0 | Sideways &#x1F7E0;
2026-07-22 12:47:45,179 | INFO | Signal log: appended 5 new signals. Total rows: 500
2026-07-22 12:47:45,179 | INFO | Signal log written/updated: /home/runner/work/nifty100-reporter/nifty100-reporter/data/nifty100_signal_log.csv
2026-07-22 12:47:46,352 | INFO | Signal tracker: updated 185 Active signal rows.
2026-07-22 12:47:46,371 | INFO | HTML report written: /home/runner/work/nifty100-reporter/nifty100-reporter/reports/nifty100_daily_report_20260722.html
2026-07-22 12:47:46,379 | INFO | Market Health Excel sheet written.
2026-07-22 12:47:47,481 | INFO | Excel report written: /home/runner/work/nifty100-reporter/nifty100-reporter/reports/nifty100_daily_report_20260722.xlsx
2026-07-22 12:47:47,481 | INFO | GitHub Actions detected — skipping Gmail API send (workflow handles email).
2026-07-22 12:47:47,481 | INFO | Run completed successfully.
2026-07-22 12:47:47,481 | INFO | Artifacts: /home/runner/work/nifty100-reporter/nifty100-reporter/reports/nifty100_daily_report_20260722.html | /home/runner/work/nifty100-reporter/nifty100-reporter/reports/nifty100_daily_report_20260722.xlsx | log: /home/runner/work/nifty100-reporter/nifty100-reporter/logs/run_20260722_181547.log
