2026-07-07 12:46:01,065 | INFO | Nifty 100 Daily EMA Cross Reporter | Version 3.3.8 | Released 2026-04-17
2026-07-07 12:46:01,065 | INFO | Base directory: /home/runner/work/nifty100-reporter/nifty100-reporter
2026-07-07 12:46:01,065 | INFO | Loaded config. Email enabled: True | Recipients: 1
2026-07-07 12:46:01,181 | WARNING | NSE session bootstrap HTTP 403 (attempt 1/5) — refreshing NSE session cookie …
2026-07-07 12:46:11,608 | INFO | NSE session bootstrap status: 200
2026-07-07 12:46:11,608 | INFO | Downloading Nifty 100 universe from https://www.niftyindices.com/IndexConstituent/ind_nifty100list.csv
2026-07-07 12:46:12,137 | INFO | Universe download status: 200
2026-07-07 12:46:12,143 | INFO | Universe rows loaded: 100
2026-07-07 12:46:12,259 | INFO | Loaded history rows: 130854
2026-07-07 12:46:12,267 | INFO | yfinance history update: 100 symbols | 2026-07-05 → 2026-07-08
2026-07-07 12:46:12,267 | INFO | yfinance batch download: 100 symbols | 2026-07-05 → 2026-07-08
2026-07-07 12:46:18,576 | INFO | yfinance raw shape: (2, 500)
2026-07-07 12:46:18,909 | INFO | yfinance parsed rows after date-filter: 200
2026-07-07 12:46:18,910 | INFO | New rows from yfinance: 200
2026-07-07 12:46:19,663 | INFO | Saved history rows: 130954 | file: /home/runner/work/nifty100-reporter/nifty100-reporter/data/nifty100_ohlcv_history.csv
2026-07-07 12:46:19,774 | INFO | Loaded history rows: 130954
2026-07-07 12:46:19,775 | INFO | Latest OHLCV data is from 2026-07-07
2026-07-07 12:46:19,798 | INFO | Latest Delivery data is from 2026-07-06
2026-07-07 12:46:19,839 | INFO | Delivery cache has 27 dates — skipping backfill.
2026-07-07 12:46:19,839 | INFO | Delivery fetch attempt [0/7] — URL: https://archives.nseindia.com/products/content/sec_bhavdata_full_07072026.csv
2026-07-07 12:46:20,896 | INFO | Delivery fetch SUCCESS — date: 2026-07-07 | size: 366710 bytes | URL: https://archives.nseindia.com/products/content/sec_bhavdata_full_07072026.csv
2026-07-07 12:46:21,202 | INFO | Delivery cache updated: 2382 symbols for 2026-07-07 (rows in cache: 65452)
2026-07-07 12:46:21,203 | INFO | Delivery data: 2382 symbols | fallback=False
2026-07-07 12:46:21,980 | INFO | Corporate actions bulk OK: 136 raw rows | 18 Nifty100 symbols with events
2026-07-07 12:46:48,770 | INFO | Corporate actions: 18/100 symbols have events (window 07-07-2026 to 06-08-2026) | Symbols: AXISBANK, BOSCHLTD, BRITANNIA, CHOLAFIN, CUMMINSIND, DIVISLAB, DRREDDY, HINDALCO, JSWSTEEL, MOTHERSON, NESTLEIND, PFC, PIDILITIND, SOLARINDS, SUNPHARMA, TITAN, UNITDSPR, ZYDUSLIFE
2026-07-07 12:46:48,771 | INFO | Index membership from cache: NIFTY 50 (50 symbols)
2026-07-07 12:46:48,771 | INFO | Index membership from cache: Nifty Next 50 (50 symbols)
2026-07-07 12:46:48,771 | INFO | Index membership ready: 100 symbols mapped
2026-07-07 12:46:49,734 | INFO | News RSS query for ADANIENSOL: https://news.google.com/rss/search?q=%22Adani+Energy+Solutions+Ltd.%22+NSE+when:10d&hl=en-IN&gl=IN&ceid=IN:en
2026-07-07 12:46:50,181 | INFO | News RSS status for ADANIENSOL: 200
2026-07-07 12:46:50,186 | INFO | News RSS query for ADANIENSOL: https://news.google.com/rss/search?q=%22Adani+Energy+Solutions+Ltd.%22+stock+when:10d&hl=en-IN&gl=IN&ceid=IN:en
2026-07-07 12:46:50,390 | INFO | News RSS status for ADANIENSOL: 200
2026-07-07 12:46:51,039 | INFO | News RSS query for ADANIENT: https://news.google.com/rss/search?q=%22Adani+Enterprises+Ltd.%22+NSE+when:10d&hl=en-IN&gl=IN&ceid=IN:en
2026-07-07 12:46:51,261 | INFO | News RSS status for ADANIENT: 200
2026-07-07 12:46:51,914 | INFO | News RSS query for ADANIGREEN: https://news.google.com/rss/search?q=%22Adani+Green+Energy+Ltd.%22+NSE+when:10d&hl=en-IN&gl=IN&ceid=IN:en
2026-07-07 12:46:52,154 | INFO | News RSS status for ADANIGREEN: 200
2026-07-07 12:46:52,215 | INFO | News RSS query for ADANIGREEN: https://news.google.com/rss/search?q=%22Adani+Green+Energy+Ltd.%22+NSE+when:10d&hl=en-IN&gl=IN&ceid=IN:en
2026-07-07 12:46:52,227 | INFO | News RSS status for ADANIGREEN: 200
2026-07-07 12:46:52,875 | INFO | News RSS query for ADANIPORTS: https://news.google.com/rss/search?q=%22Adani+Ports+and+Special+Economic+Zone+Ltd.%22+NSE+when:10d&hl=en-IN&gl=IN&ceid=IN:en
2026-07-07 12:46:53,104 | INFO | News RSS status for ADANIPORTS: 200
2026-07-07 12:46:54,930 | INFO | News RSS query for APOLLOHOSP: https://news.google.com/rss/search?q=%22Apollo+Hospitals+Enterprise+Ltd.%22+NSE+when:10d&hl=en-IN&gl=IN&ceid=IN:en
2026-07-07 12:46:55,129 | INFO | News RSS status for APOLLOHOSP: 200
2026-07-07 12:46:55,786 | INFO | News RSS query for ASIANPAINT: https://news.google.com/rss/search?q=%22Asian+Paints+Ltd.%22+NSE+when:10d&hl=en-IN&gl=IN&ceid=IN:en
2026-07-07 12:46:55,982 | INFO | News RSS status for ASIANPAINT: 200
2026-07-07 12:46:55,984 | INFO | News RSS query for ASIANPAINT: https://news.google.com/rss/search?q=%22Asian+Paints+Ltd.%22+stock+when:10d&hl=en-IN&gl=IN&ceid=IN:en
2026-07-07 12:46:56,195 | INFO | News RSS status for ASIANPAINT: 200
2026-07-07 12:46:56,850 | INFO | News RSS query for AXISBANK: https://news.google.com/rss/search?q=%22Axis+Bank+Ltd.%22+NSE+when:10d&hl=en-IN&gl=IN&ceid=IN:en
2026-07-07 12:46:57,077 | INFO | News RSS status for AXISBANK: 200
2026-07-07 12:46:59,526 | INFO | News RSS query for BAJFINANCE: https://news.google.com/rss/search?q=%22Bajaj+Finance+Ltd.%22+NSE+when:10d&hl=en-IN&gl=IN&ceid=IN:en
2026-07-07 12:46:59,940 | INFO | News RSS status for BAJFINANCE: 200
2026-07-07 12:47:02,399 | INFO | News RSS query for BOSCHLTD: https://news.google.com/rss/search?q=%22Bosch+Ltd.%22+NSE+when:10d&hl=en-IN&gl=IN&ceid=IN:en
2026-07-07 12:47:02,578 | INFO | News RSS status for BOSCHLTD: 200
2026-07-07 12:47:02,580 | INFO | News RSS query for BOSCHLTD: https://news.google.com/rss/search?q=%22Bosch+Ltd.%22+stock+when:10d&hl=en-IN&gl=IN&ceid=IN:en
2026-07-07 12:47:02,790 | INFO | News RSS status for BOSCHLTD: 200
2026-07-07 12:47:05,244 | INFO | News RSS query for CGPOWER: https://news.google.com/rss/search?q=%22CG+Power+and+Industrial+Solutions+Ltd.%22+NSE+when:10d&hl=en-IN&gl=IN&ceid=IN:en
2026-07-07 12:47:05,453 | INFO | News RSS status for CGPOWER: 200
2026-07-07 12:47:06,108 | INFO | News RSS query for CHOLAFIN: https://news.google.com/rss/search?q=%22Cholamandalam+Investment+and+Finance+Company+Ltd.%22+NSE+when:10d&hl=en-IN&gl=IN&ceid=IN:en
2026-07-07 12:47:06,319 | INFO | News RSS status for CHOLAFIN: 200
2026-07-07 12:47:06,321 | INFO | News RSS query for CHOLAFIN: https://news.google.com/rss/search?q=%22Cholamandalam+Investment+and+Finance+Company+Ltd.%22+stock+when:10d&hl=en-IN&gl=IN&ceid=IN:en
2026-07-07 12:47:06,549 | INFO | News RSS status for CHOLAFIN: 200
2026-07-07 12:47:09,008 | INFO | News RSS query for DIVISLAB: https://news.google.com/rss/search?q=%22Divi%27s+Laboratories+Ltd.%22+NSE+when:10d&hl=en-IN&gl=IN&ceid=IN:en
2026-07-07 12:47:09,219 | INFO | News RSS status for DIVISLAB: 200
2026-07-07 12:47:09,219 | INFO | News RSS query for DIVISLAB: https://news.google.com/rss/search?q=%22Divi%27s+Laboratories+Ltd.%22+stock+when:10d&hl=en-IN&gl=IN&ceid=IN:en
2026-07-07 12:47:09,423 | INFO | News RSS status for DIVISLAB: 200
2026-07-07 12:47:09,483 | INFO | News RSS query for DIVISLAB: https://news.google.com/rss/search?q=%22Divi%27s+Laboratories+Ltd.%22+NSE+when:10d&hl=en-IN&gl=IN&ceid=IN:en
2026-07-07 12:47:09,495 | INFO | News RSS status for DIVISLAB: 200
2026-07-07 12:47:09,495 | INFO | News RSS query for DIVISLAB: https://news.google.com/rss/search?q=%22Divi%27s+Laboratories+Ltd.%22+stock+when:10d&hl=en-IN&gl=IN&ceid=IN:en
2026-07-07 12:47:09,507 | INFO | News RSS status for DIVISLAB: 200
2026-07-07 12:47:11,339 | INFO | News RSS query for DRREDDY: https://news.google.com/rss/search?q=%22Dr.+Reddy%27s+Laboratories+Ltd.%22+NSE+when:10d&hl=en-IN&gl=IN&ceid=IN:en
2026-07-07 12:47:11,539 | INFO | News RSS status for DRREDDY: 200
2026-07-07 12:47:11,542 | INFO | News RSS query for DRREDDY: https://news.google.com/rss/search?q=%22Dr.+Reddy%27s+Laboratories+Ltd.%22+stock+when:10d&hl=en-IN&gl=IN&ceid=IN:en
2026-07-07 12:47:11,806 | INFO | News RSS status for DRREDDY: 200
2026-07-07 12:47:12,447 | INFO | News RSS query for EICHERMOT: https://news.google.com/rss/search?q=%22Eicher+Motors+Ltd.%22+NSE+when:10d&hl=en-IN&gl=IN&ceid=IN:en
2026-07-07 12:47:12,688 | INFO | News RSS status for EICHERMOT: 200
2026-07-07 12:47:14,008 | INFO | News RSS query for GAIL: https://news.google.com/rss/search?q=%22GAIL+%28India%29+Ltd.%22+NSE+when:10d&hl=en-IN&gl=IN&ceid=IN:en
2026-07-07 12:47:14,202 | INFO | News RSS status for GAIL: 200
2026-07-07 12:47:14,204 | INFO | News RSS query for GAIL: https://news.google.com/rss/search?q=%22GAIL+%28India%29+Ltd.%22+stock+when:10d&hl=en-IN&gl=IN&ceid=IN:en
2026-07-07 12:47:14,419 | INFO | News RSS status for GAIL: 200
2026-07-07 12:47:15,679 | INFO | News RSS query for GRASIM: https://news.google.com/rss/search?q=%22Grasim+Industries+Ltd.%22+NSE+when:10d&hl=en-IN&gl=IN&ceid=IN:en
2026-07-07 12:47:15,888 | INFO | News RSS status for GRASIM: 200
2026-07-07 12:47:15,890 | INFO | News RSS query for GRASIM: https://news.google.com/rss/search?q=%22Grasim+Industries+Ltd.%22+stock+when:10d&hl=en-IN&gl=IN&ceid=IN:en
2026-07-07 12:47:16,199 | INFO | News RSS status for GRASIM: 200
2026-07-07 12:47:16,835 | INFO | News RSS query for HAL: https://news.google.com/rss/search?q=%22Hindustan+Aeronautics+Ltd.%22+NSE+when:10d&hl=en-IN&gl=IN&ceid=IN:en
2026-07-07 12:47:17,066 | INFO | News RSS status for HAL: 200
2026-07-07 12:47:18,307 | INFO | News RSS query for HDFCAMC: https://news.google.com/rss/search?q=%22HDFC+Asset+Management+Company+Ltd.%22+NSE+when:10d&hl=en-IN&gl=IN&ceid=IN:en
2026-07-07 12:47:18,514 | INFO | News RSS status for HDFCAMC: 200
2026-07-07 12:47:29,224 | WARNING | Skipping LTM — only 93 bars available (need 220). Extend history_backfill_days in config.json to include this symbol.
2026-07-07 12:47:32,261 | INFO | News RSS query for MOTHERSON: https://news.google.com/rss/search?q=%22Samvardhana+Motherson+International+Ltd.%22+NSE+when:10d&hl=en-IN&gl=IN&ceid=IN:en
2026-07-07 12:47:32,453 | INFO | News RSS status for MOTHERSON: 200
2026-07-07 12:47:32,456 | INFO | News RSS query for MOTHERSON: https://news.google.com/rss/search?q=%22Samvardhana+Motherson+International+Ltd.%22+stock+when:10d&hl=en-IN&gl=IN&ceid=IN:en
2026-07-07 12:47:32,671 | INFO | News RSS status for MOTHERSON: 200
2026-07-07 12:47:33,932 | INFO | News RSS query for NESTLEIND: https://news.google.com/rss/search?q=%22Nestle+India+Ltd.%22+NSE+when:10d&hl=en-IN&gl=IN&ceid=IN:en
2026-07-07 12:47:34,130 | INFO | News RSS status for NESTLEIND: 200
2026-07-07 12:47:34,133 | INFO | News RSS query for NESTLEIND: https://news.google.com/rss/search?q=%22Nestle+India+Ltd.%22+stock+when:10d&hl=en-IN&gl=IN&ceid=IN:en
2026-07-07 12:47:34,357 | INFO | News RSS status for NESTLEIND: 200
2026-07-07 12:47:36,847 | INFO | News RSS query for PIDILITIND: https://news.google.com/rss/search?q=%22Pidilite+Industries+Ltd.%22+NSE+when:10d&hl=en-IN&gl=IN&ceid=IN:en
2026-07-07 12:47:37,042 | INFO | News RSS status for PIDILITIND: 200
2026-07-07 12:47:37,042 | INFO | News RSS query for PIDILITIND: https://news.google.com/rss/search?q=%22Pidilite+Industries+Ltd.%22+stock+when:10d&hl=en-IN&gl=IN&ceid=IN:en
2026-07-07 12:47:37,248 | INFO | News RSS status for PIDILITIND: 200
2026-07-07 12:47:37,308 | INFO | News RSS query for PIDILITIND: https://news.google.com/rss/search?q=%22Pidilite+Industries+Ltd.%22+NSE+when:10d&hl=en-IN&gl=IN&ceid=IN:en
2026-07-07 12:47:37,321 | INFO | News RSS status for PIDILITIND: 200
2026-07-07 12:47:37,321 | INFO | News RSS query for PIDILITIND: https://news.google.com/rss/search?q=%22Pidilite+Industries+Ltd.%22+stock+when:10d&hl=en-IN&gl=IN&ceid=IN:en
2026-07-07 12:47:37,333 | INFO | News RSS status for PIDILITIND: 200
2026-07-07 12:47:40,378 | INFO | News RSS query for SBILIFE: https://news.google.com/rss/search?q=%22SBI+Life+Insurance+Company+Ltd.%22+NSE+when:10d&hl=en-IN&gl=IN&ceid=IN:en
2026-07-07 12:47:40,611 | INFO | News RSS status for SBILIFE: 200
2026-07-07 12:47:40,614 | INFO | News RSS query for SBILIFE: https://news.google.com/rss/search?q=%22SBI+Life+Insurance+Company+Ltd.%22+stock+when:10d&hl=en-IN&gl=IN&ceid=IN:en
2026-07-07 12:47:40,858 | INFO | News RSS status for SBILIFE: 200
2026-07-07 12:47:41,506 | INFO | News RSS query for SBIN: https://news.google.com/rss/search?q=%22State+Bank+of+India%22+NSE+when:10d&hl=en-IN&gl=IN&ceid=IN:en
2026-07-07 12:47:41,828 | INFO | News RSS status for SBIN: 200
2026-07-07 12:47:43,058 | INFO | News RSS query for SHRIRAMFIN: https://news.google.com/rss/search?q=%22Shriram+Finance+Ltd.%22+NSE+when:10d&hl=en-IN&gl=IN&ceid=IN:en
2026-07-07 12:47:43,271 | INFO | News RSS status for SHRIRAMFIN: 200
2026-07-07 12:47:44,522 | INFO | News RSS query for SOLARINDS: https://news.google.com/rss/search?q=%22Solar+Industries+India+Ltd.%22+NSE+when:10d&hl=en-IN&gl=IN&ceid=IN:en
2026-07-07 12:47:44,720 | INFO | News RSS status for SOLARINDS: 200
2026-07-07 12:47:45,368 | INFO | News RSS query for SUNPHARMA: https://news.google.com/rss/search?q=%22Sun+Pharmaceutical+Industries+Ltd.%22+NSE+when:10d&hl=en-IN&gl=IN&ceid=IN:en
2026-07-07 12:47:45,592 | INFO | News RSS status for SUNPHARMA: 200
2026-07-07 12:47:45,598 | WARNING | Skipping TATACAP — only 181 bars available (need 220). Extend history_backfill_days in config.json to include this symbol.
2026-07-07 12:47:49,210 | INFO | News RSS query for TITAN: https://news.google.com/rss/search?q=%22Titan+Company+Ltd.%22+NSE+when:10d&hl=en-IN&gl=IN&ceid=IN:en
2026-07-07 12:47:49,442 | INFO | News RSS status for TITAN: 200
2026-07-07 12:47:49,448 | WARNING | Skipping TMCV — only 161 bars available (need 220). Extend history_backfill_days in config.json to include this symbol.
2026-07-07 12:47:49,448 | WARNING | Skipping TMPV — only 178 bars available (need 220). Extend history_backfill_days in config.json to include this symbol.
2026-07-07 12:47:50,110 | INFO | News RSS query for TORNTPHARM: https://news.google.com/rss/search?q=%22Torrent+Pharmaceuticals+Ltd.%22+NSE+when:10d&hl=en-IN&gl=IN&ceid=IN:en
2026-07-07 12:47:50,308 | INFO | News RSS status for TORNTPHARM: 200
2026-07-07 12:47:51,561 | INFO | News RSS query for TVSMOTOR: https://news.google.com/rss/search?q=%22TVS+Motor+Company+Ltd.%22+NSE+when:10d&hl=en-IN&gl=IN&ceid=IN:en
2026-07-07 12:47:51,772 | INFO | News RSS status for TVSMOTOR: 200
2026-07-07 12:47:53,212 | WARNING | Skipping VAML — only 6 bars available (need 220). Extend history_backfill_days in config.json to include this symbol.
2026-07-07 12:47:54,413 | WARNING | Skipping VEDPOWER — only 4 bars available (need 220). Extend history_backfill_days in config.json to include this symbol.
2026-07-07 12:47:54,414 | WARNING | Skipping VISL — only 4 bars available (need 220). Extend history_backfill_days in config.json to include this symbol.
2026-07-07 12:47:54,415 | WARNING | Skipping VOGL — only 7 bars available (need 220). Extend history_backfill_days in config.json to include this symbol.
2026-07-07 12:47:55,665 | INFO | News RSS query for ZYDUSLIFE: https://news.google.com/rss/search?q=%22Zydus+Lifesciences+Ltd.%22+NSE+when:10d&hl=en-IN&gl=IN&ceid=IN:en
2026-07-07 12:47:55,858 | INFO | News RSS status for ZYDUSLIFE: 200
2026-07-07 12:47:55,861 | INFO | News RSS query for ZYDUSLIFE: https://news.google.com/rss/search?q=%22Zydus+Lifesciences+Ltd.%22+stock+when:10d&hl=en-IN&gl=IN&ceid=IN:en
2026-07-07 12:47:56,066 | INFO | News RSS status for ZYDUSLIFE: 200
2026-07-07 12:47:56,078 | INFO | Index membership from cache: NIFTY 50 (50 symbols)
2026-07-07 12:47:56,078 | INFO | Index membership from cache: Nifty Next 50 (50 symbols)
2026-07-07 12:47:56,078 | INFO | Index membership ready: 100 symbols mapped
2026-07-07 12:47:56,078 | INFO | Market Health: fetching index OHLCV...
2026-07-07 12:47:57,818 | WARNING | niftyindices failed NIFTY 50 2026-07-04-2026-07-07: Expecting value: line 1 column 2 (char 1)
2026-07-07 12:47:58,021 | INFO | Index OHLCV via yfinance (^NSEI) for NIFTY 50: 1416 rows
2026-07-07 12:47:59,555 | WARNING | niftyindices failed NIFTY NEXT 50 2026-07-04-2026-07-07: Expecting value: line 1 column 2 (char 1)
2026-07-07 12:47:59,739 | INFO | Index OHLCV via yfinance (JUNIORBEES.NS) for NIFTY NEXT 50: 1416 rows
2026-07-07 12:47:59,740 | INFO | Market Health: fetching VIX...
2026-07-07 12:48:01,237 | WARNING | niftyindices VIX failed 2026-07-04-2026-07-07: Expecting value: line 1 column 2 (char 1)
2026-07-07 12:48:01,418 | INFO | VIX via yfinance (^INDIAVIX): 114 rows
2026-07-07 12:48:01,419 | INFO | Market Health: updating breadth EMA cache...
2026-07-07 12:48:03,122 | INFO | Breadth EMA cache: 130864 total rows (+100)
2026-07-07 12:48:03,143 | INFO | Market Health [NIFTY 50]: Score=42.0 | Weak Bull &#x1F7E1;
2026-07-07 12:48:03,160 | INFO | Market Health [Nifty Next 50]: Score=-17.0 | Sideways &#x1F7E0;
2026-07-07 12:48:03,212 | INFO | Signal log: appended 4 new signals. Total rows: 409
2026-07-07 12:48:03,212 | INFO | Signal log written/updated: /home/runner/work/nifty100-reporter/nifty100-reporter/data/nifty100_signal_log.csv
2026-07-07 12:48:04,271 | INFO | Signal tracker: updated 167 Active signal rows.
2026-07-07 12:48:04,288 | INFO | HTML report written: /home/runner/work/nifty100-reporter/nifty100-reporter/reports/nifty100_daily_report_20260707.html
2026-07-07 12:48:04,297 | INFO | Market Health Excel sheet written.
2026-07-07 12:48:05,215 | INFO | Excel report written: /home/runner/work/nifty100-reporter/nifty100-reporter/reports/nifty100_daily_report_20260707.xlsx
2026-07-07 12:48:05,215 | INFO | GitHub Actions detected — skipping Gmail API send (workflow handles email).
2026-07-07 12:48:05,215 | INFO | Run completed successfully.
2026-07-07 12:48:05,215 | INFO | Artifacts: /home/runner/work/nifty100-reporter/nifty100-reporter/reports/nifty100_daily_report_20260707.html | /home/runner/work/nifty100-reporter/nifty100-reporter/reports/nifty100_daily_report_20260707.xlsx | log: /home/runner/work/nifty100-reporter/nifty100-reporter/logs/run_20260707_181601.log
