2026-07-02 12:45:58,676 | INFO | Nifty 100 Daily EMA Cross Reporter | Version 3.3.8 | Released 2026-04-17
2026-07-02 12:45:58,676 | INFO | Base directory: /home/runner/work/nifty100-reporter/nifty100-reporter
2026-07-02 12:45:58,676 | INFO | Loaded config. Email enabled: True | Recipients: 1
2026-07-02 12:45:58,772 | WARNING | NSE session bootstrap HTTP 403 (attempt 1/5) — refreshing NSE session cookie …
2026-07-02 12:46:09,123 | INFO | NSE session bootstrap status: 200
2026-07-02 12:46:09,124 | INFO | Downloading Nifty 100 universe from https://www.niftyindices.com/IndexConstituent/ind_nifty100list.csv
2026-07-02 12:46:10,284 | INFO | Universe download status: 200
2026-07-02 12:46:10,289 | INFO | Universe rows loaded: 100
2026-07-02 12:46:10,395 | INFO | Loaded history rows: 130554
2026-07-02 12:46:10,402 | INFO | yfinance history update: 100 symbols | 2026-06-30 → 2026-07-03
2026-07-02 12:46:10,402 | INFO | yfinance batch download: 100 symbols | 2026-06-30 → 2026-07-03
2026-07-02 12:46:14,715 | INFO | yfinance raw shape: (3, 500)
2026-07-02 12:46:15,065 | INFO | yfinance parsed rows after date-filter: 300
2026-07-02 12:46:15,066 | INFO | New rows from yfinance: 300
2026-07-02 12:46:15,826 | INFO | Saved history rows: 130654 | file: /home/runner/work/nifty100-reporter/nifty100-reporter/data/nifty100_ohlcv_history.csv
2026-07-02 12:46:15,937 | INFO | Loaded history rows: 130654
2026-07-02 12:46:15,937 | INFO | Latest OHLCV data is from 2026-07-02
2026-07-02 12:46:15,962 | INFO | Latest Delivery data is from 2026-07-01
2026-07-02 12:46:16,004 | INFO | Delivery cache has 28 dates — skipping backfill.
2026-07-02 12:46:16,005 | INFO | Delivery fetch attempt [0/7] — URL: https://archives.nseindia.com/products/content/sec_bhavdata_full_02072026.csv
2026-07-02 12:46:17,183 | INFO | Delivery fetch SUCCESS — date: 2026-07-02 | size: 370960 bytes | URL: https://archives.nseindia.com/products/content/sec_bhavdata_full_02072026.csv
2026-07-02 12:46:17,511 | INFO | Delivery cache updated: 2396 symbols for 2026-07-02 (rows in cache: 70569)
2026-07-02 12:46:17,512 | INFO | Delivery data: 2396 symbols | fallback=False
2026-07-02 12:46:17,841 | INFO | Corporate actions bulk OK: 148 raw rows | 22 Nifty100 symbols with events
2026-07-02 12:46:39,848 | INFO | Corporate actions: 22/100 symbols have events (window 02-07-2026 to 01-08-2026) | Symbols: AXISBANK, BRITANNIA, CHOLAFIN, CUMMINSIND, DIVISLAB, DRREDDY, HINDALCO, JSWSTEEL, M&M, MAXHEALTH, MOTHERSON, NESTLEIND, PFC, PIDILITIND, SHRIRAMFIN, SOLARINDS, SUNPHARMA, TECHM, TITAN, UNIONBANK, UNITDSPR, ZYDUSLIFE
2026-07-02 12:46:39,848 | INFO | Index membership from cache: NIFTY 50 (50 symbols)
2026-07-02 12:46:39,848 | INFO | Index membership from cache: Nifty Next 50 (50 symbols)
2026-07-02 12:46:39,848 | INFO | Index membership ready: 100 symbols mapped
2026-07-02 12:46:40,523 | INFO | News RSS query for ABB: https://news.google.com/rss/search?q=%22ABB+India+Ltd.%22+NSE+when:10d&hl=en-IN&gl=IN&ceid=IN:en
2026-07-02 12:46:46,267 | INFO | News RSS status for ABB: 503
2026-07-02 12:46:46,267 | INFO | News RSS query for ABB: https://news.google.com/rss/search?q=%22ABB+India+Ltd.%22+stock+when:10d&hl=en-IN&gl=IN&ceid=IN:en
2026-07-02 12:46:55,998 | INFO | News RSS status for ABB: 503
2026-07-02 12:46:55,998 | INFO | News RSS query for ABB: https://news.google.com/rss/search?q=ABB+NSE+when:10d&hl=en-IN&gl=IN&ceid=IN:en
2026-07-02 12:47:05,125 | INFO | News RSS status for ABB: 503
2026-07-02 12:47:05,125 | INFO | News RSS query for ABB: https://news.google.com/rss/search?q=site%3Aeconomictimes.indiatimes.com+%22ABB+India+Ltd.%22+when:10d&hl=en-IN&gl=IN&ceid=IN:en
2026-07-02 12:47:10,216 | INFO | News RSS status for ABB: 503
2026-07-02 12:47:10,216 | INFO | News RSS query for ABB: https://news.google.com/rss/search?q=site%3Amoneycontrol.com+%22ABB+India+Ltd.%22+when:10d&hl=en-IN&gl=IN&ceid=IN:en
2026-07-02 12:47:17,577 | INFO | News RSS status for ABB: 503
2026-07-02 12:47:17,577 | INFO | News RSS query for ABB: https://news.google.com/rss/search?q=site%3Abusinessstandard.com+%22ABB+India+Ltd.%22+when:10d&hl=en-IN&gl=IN&ceid=IN:en
2026-07-02 12:47:26,320 | INFO | News RSS status for ABB: 503
2026-07-02 12:47:26,683 | INFO | News RSS query for ADANIENSOL: https://news.google.com/rss/search?q=%22Adani+Energy+Solutions+Ltd.%22+NSE+when:10d&hl=en-IN&gl=IN&ceid=IN:en
2026-07-02 12:47:31,982 | INFO | News RSS status for ADANIENSOL: 503
2026-07-02 12:47:31,982 | INFO | News RSS query for ADANIENSOL: https://news.google.com/rss/search?q=%22Adani+Energy+Solutions+Ltd.%22+stock+when:10d&hl=en-IN&gl=IN&ceid=IN:en
2026-07-02 12:47:41,015 | INFO | News RSS status for ADANIENSOL: 503
2026-07-02 12:47:41,016 | INFO | News RSS query for ADANIENSOL: https://news.google.com/rss/search?q=ADANIENSOL+NSE+when:10d&hl=en-IN&gl=IN&ceid=IN:en
2026-07-02 12:47:50,072 | INFO | News RSS status for ADANIENSOL: 503
2026-07-02 12:47:50,072 | INFO | News RSS query for ADANIENSOL: https://news.google.com/rss/search?q=site%3Aeconomictimes.indiatimes.com+%22Adani+Energy+Solutions+Ltd.%22+when:10d&hl=en-IN&gl=IN&ceid=IN:en
2026-07-02 12:47:57,389 | INFO | News RSS status for ADANIENSOL: 503
2026-07-02 12:47:57,389 | INFO | News RSS query for ADANIENSOL: https://news.google.com/rss/search?q=site%3Amoneycontrol.com+%22Adani+Energy+Solutions+Ltd.%22+when:10d&hl=en-IN&gl=IN&ceid=IN:en
2026-07-02 12:48:02,867 | INFO | News RSS status for ADANIENSOL: 503
2026-07-02 12:48:02,867 | INFO | News RSS query for ADANIENSOL: https://news.google.com/rss/search?q=site%3Abusinessstandard.com+%22Adani+Energy+Solutions+Ltd.%22+when:10d&hl=en-IN&gl=IN&ceid=IN:en
2026-07-02 12:48:10,951 | INFO | News RSS status for ADANIENSOL: 503
2026-07-02 12:48:11,590 | INFO | News RSS query for ADANIENT: https://news.google.com/rss/search?q=%22Adani+Enterprises+Ltd.%22+NSE+when:10d&hl=en-IN&gl=IN&ceid=IN:en
2026-07-02 12:48:20,796 | INFO | News RSS status for ADANIENT: 503
2026-07-02 12:48:20,797 | INFO | News RSS query for ADANIENT: https://news.google.com/rss/search?q=%22Adani+Enterprises+Ltd.%22+stock+when:10d&hl=en-IN&gl=IN&ceid=IN:en
2026-07-02 12:48:30,361 | INFO | News RSS status for ADANIENT: 503
2026-07-02 12:48:30,361 | INFO | News RSS query for ADANIENT: https://news.google.com/rss/search?q=ADANIENT+NSE+when:10d&hl=en-IN&gl=IN&ceid=IN:en
2026-07-02 12:48:37,859 | INFO | News RSS status for ADANIENT: 503
2026-07-02 12:48:37,859 | INFO | News RSS query for ADANIENT: https://news.google.com/rss/search?q=site%3Aeconomictimes.indiatimes.com+%22Adani+Enterprises+Ltd.%22+when:10d&hl=en-IN&gl=IN&ceid=IN:en
2026-07-02 12:48:46,181 | INFO | News RSS status for ADANIENT: 503
2026-07-02 12:48:46,181 | INFO | News RSS query for ADANIENT: https://news.google.com/rss/search?q=site%3Amoneycontrol.com+%22Adani+Enterprises+Ltd.%22+when:10d&hl=en-IN&gl=IN&ceid=IN:en
2026-07-02 12:48:56,140 | INFO | News RSS status for ADANIENT: 503
2026-07-02 12:48:56,140 | INFO | News RSS query for ADANIENT: https://news.google.com/rss/search?q=site%3Abusinessstandard.com+%22Adani+Enterprises+Ltd.%22+when:10d&hl=en-IN&gl=IN&ceid=IN:en
2026-07-02 12:49:01,998 | INFO | News RSS status for ADANIENT: 503
2026-07-02 12:49:02,640 | INFO | News RSS query for ADANIGREEN: https://news.google.com/rss/search?q=%22Adani+Green+Energy+Ltd.%22+NSE+when:10d&hl=en-IN&gl=IN&ceid=IN:en
2026-07-02 12:49:09,444 | INFO | News RSS status for ADANIGREEN: 503
2026-07-02 12:49:09,444 | INFO | News RSS query for ADANIGREEN: https://news.google.com/rss/search?q=%22Adani+Green+Energy+Ltd.%22+stock+when:10d&hl=en-IN&gl=IN&ceid=IN:en
2026-07-02 12:49:19,390 | INFO | News RSS status for ADANIGREEN: 503
2026-07-02 12:49:19,390 | INFO | News RSS query for ADANIGREEN: https://news.google.com/rss/search?q=ADANIGREEN+NSE+when:10d&hl=en-IN&gl=IN&ceid=IN:en
2026-07-02 12:49:25,277 | INFO | News RSS status for ADANIGREEN: 503
2026-07-02 12:49:25,277 | INFO | News RSS query for ADANIGREEN: https://news.google.com/rss/search?q=site%3Aeconomictimes.indiatimes.com+%22Adani+Green+Energy+Ltd.%22+when:10d&hl=en-IN&gl=IN&ceid=IN:en
2026-07-02 12:49:32,152 | INFO | News RSS status for ADANIGREEN: 503
2026-07-02 12:49:32,152 | INFO | News RSS query for ADANIGREEN: https://news.google.com/rss/search?q=site%3Amoneycontrol.com+%22Adani+Green+Energy+Ltd.%22+when:10d&hl=en-IN&gl=IN&ceid=IN:en
2026-07-02 12:49:37,578 | INFO | News RSS status for ADANIGREEN: 503
2026-07-02 12:49:37,579 | INFO | News RSS query for ADANIGREEN: https://news.google.com/rss/search?q=site%3Abusinessstandard.com+%22Adani+Green+Energy+Ltd.%22+when:10d&hl=en-IN&gl=IN&ceid=IN:en
2026-07-02 12:49:44,445 | INFO | News RSS status for ADANIGREEN: 503
2026-07-02 12:49:44,505 | INFO | News RSS query for ADANIGREEN: https://news.google.com/rss/search?q=%22Adani+Green+Energy+Ltd.%22+NSE+when:10d&hl=en-IN&gl=IN&ceid=IN:en
2026-07-02 12:49:54,048 | INFO | News RSS status for ADANIGREEN: 503
2026-07-02 12:49:54,048 | INFO | News RSS query for ADANIGREEN: https://news.google.com/rss/search?q=%22Adani+Green+Energy+Ltd.%22+stock+when:10d&hl=en-IN&gl=IN&ceid=IN:en
2026-07-02 12:49:59,155 | INFO | News RSS status for ADANIGREEN: 503
2026-07-02 12:49:59,155 | INFO | News RSS query for ADANIGREEN: https://news.google.com/rss/search?q=ADANIGREEN+NSE+when:10d&hl=en-IN&gl=IN&ceid=IN:en
2026-07-02 12:50:08,021 | INFO | News RSS status for ADANIGREEN: 503
2026-07-02 12:50:08,021 | INFO | News RSS query for ADANIGREEN: https://news.google.com/rss/search?q=site%3Aeconomictimes.indiatimes.com+%22Adani+Green+Energy+Ltd.%22+when:10d&hl=en-IN&gl=IN&ceid=IN:en
2026-07-02 12:50:16,998 | INFO | News RSS status for ADANIGREEN: 503
2026-07-02 12:50:16,998 | INFO | News RSS query for ADANIGREEN: https://news.google.com/rss/search?q=site%3Amoneycontrol.com+%22Adani+Green+Energy+Ltd.%22+when:10d&hl=en-IN&gl=IN&ceid=IN:en
2026-07-02 12:50:26,949 | INFO | News RSS status for ADANIGREEN: 503
2026-07-02 12:50:26,949 | INFO | News RSS query for ADANIGREEN: https://news.google.com/rss/search?q=site%3Abusinessstandard.com+%22Adani+Green+Energy+Ltd.%22+when:10d&hl=en-IN&gl=IN&ceid=IN:en
2026-07-02 12:50:33,389 | INFO | News RSS status for ADANIGREEN: 503
2026-07-02 12:50:34,040 | INFO | News RSS query for ADANIPORTS: https://news.google.com/rss/search?q=%22Adani+Ports+and+Special+Economic+Zone+Ltd.%22+NSE+when:10d&hl=en-IN&gl=IN&ceid=IN:en
2026-07-02 12:50:39,755 | INFO | News RSS status for ADANIPORTS: 503
2026-07-02 12:50:39,755 | INFO | News RSS query for ADANIPORTS: https://news.google.com/rss/search?q=%22Adani+Ports+and+Special+Economic+Zone+Ltd.%22+stock+when:10d&hl=en-IN&gl=IN&ceid=IN:en
2026-07-02 12:50:48,551 | INFO | News RSS status for ADANIPORTS: 503
2026-07-02 12:50:48,551 | INFO | News RSS query for ADANIPORTS: https://news.google.com/rss/search?q=ADANIPORTS+NSE+when:10d&hl=en-IN&gl=IN&ceid=IN:en
2026-07-02 12:50:55,369 | INFO | News RSS status for ADANIPORTS: 503
2026-07-02 12:50:55,369 | INFO | News RSS query for ADANIPORTS: https://news.google.com/rss/search?q=site%3Aeconomictimes.indiatimes.com+%22Adani+Ports+and+Special+Economic+Zone+Ltd.%22+when:10d&hl=en-IN&gl=IN&ceid=IN:en
2026-07-02 12:51:02,504 | INFO | News RSS status for ADANIPORTS: 503
2026-07-02 12:51:02,504 | INFO | News RSS query for ADANIPORTS: https://news.google.com/rss/search?q=site%3Amoneycontrol.com+%22Adani+Ports+and+Special+Economic+Zone+Ltd.%22+when:10d&hl=en-IN&gl=IN&ceid=IN:en
2026-07-02 12:51:09,514 | INFO | News RSS status for ADANIPORTS: 503
2026-07-02 12:51:09,514 | INFO | News RSS query for ADANIPORTS: https://news.google.com/rss/search?q=site%3Abusinessstandard.com+%22Adani+Ports+and+Special+Economic+Zone+Ltd.%22+when:10d&hl=en-IN&gl=IN&ceid=IN:en
2026-07-02 12:51:19,294 | INFO | News RSS status for ADANIPORTS: 503
2026-07-02 12:51:21,138 | INFO | News RSS query for APOLLOHOSP: https://news.google.com/rss/search?q=%22Apollo+Hospitals+Enterprise+Ltd.%22+NSE+when:10d&hl=en-IN&gl=IN&ceid=IN:en
2026-07-02 12:51:29,523 | INFO | News RSS status for APOLLOHOSP: 503
2026-07-02 12:51:29,523 | INFO | News RSS query for APOLLOHOSP: https://news.google.com/rss/search?q=%22Apollo+Hospitals+Enterprise+Ltd.%22+stock+when:10d&hl=en-IN&gl=IN&ceid=IN:en
2026-07-02 12:51:34,786 | INFO | News RSS status for APOLLOHOSP: 503
2026-07-02 12:51:34,786 | INFO | News RSS query for APOLLOHOSP: https://news.google.com/rss/search?q=APOLLOHOSP+NSE+when:10d&hl=en-IN&gl=IN&ceid=IN:en
2026-07-02 12:51:42,004 | INFO | News RSS status for APOLLOHOSP: 503
2026-07-02 12:51:42,004 | INFO | News RSS query for APOLLOHOSP: https://news.google.com/rss/search?q=site%3Aeconomictimes.indiatimes.com+%22Apollo+Hospitals+Enterprise+Ltd.%22+when:10d&hl=en-IN&gl=IN&ceid=IN:en
2026-07-02 12:51:48,352 | INFO | News RSS status for APOLLOHOSP: 503
2026-07-02 12:51:48,352 | INFO | News RSS query for APOLLOHOSP: https://news.google.com/rss/search?q=site%3Amoneycontrol.com+%22Apollo+Hospitals+Enterprise+Ltd.%22+when:10d&hl=en-IN&gl=IN&ceid=IN:en
2026-07-02 12:51:54,047 | INFO | News RSS status for APOLLOHOSP: 503
2026-07-02 12:51:54,047 | INFO | News RSS query for APOLLOHOSP: https://news.google.com/rss/search?q=site%3Abusinessstandard.com+%22Apollo+Hospitals+Enterprise+Ltd.%22+when:10d&hl=en-IN&gl=IN&ceid=IN:en
2026-07-02 12:52:03,237 | INFO | News RSS status for APOLLOHOSP: 503
2026-07-02 12:52:03,888 | INFO | News RSS query for ASIANPAINT: https://news.google.com/rss/search?q=%22Asian+Paints+Ltd.%22+NSE+when:10d&hl=en-IN&gl=IN&ceid=IN:en
2026-07-02 12:52:13,525 | INFO | News RSS status for ASIANPAINT: 503
2026-07-02 12:52:13,525 | INFO | News RSS query for ASIANPAINT: https://news.google.com/rss/search?q=%22Asian+Paints+Ltd.%22+stock+when:10d&hl=en-IN&gl=IN&ceid=IN:en
2026-07-02 12:52:21,901 | INFO | News RSS status for ASIANPAINT: 503
2026-07-02 12:52:21,901 | INFO | News RSS query for ASIANPAINT: https://news.google.com/rss/search?q=ASIANPAINT+NSE+when:10d&hl=en-IN&gl=IN&ceid=IN:en
2026-07-02 12:52:29,290 | INFO | News RSS status for ASIANPAINT: 503
2026-07-02 12:52:29,290 | INFO | News RSS query for ASIANPAINT: https://news.google.com/rss/search?q=site%3Aeconomictimes.indiatimes.com+%22Asian+Paints+Ltd.%22+when:10d&hl=en-IN&gl=IN&ceid=IN:en
2026-07-02 12:52:38,040 | INFO | News RSS status for ASIANPAINT: 503
2026-07-02 12:52:38,040 | INFO | News RSS query for ASIANPAINT: https://news.google.com/rss/search?q=site%3Amoneycontrol.com+%22Asian+Paints+Ltd.%22+when:10d&hl=en-IN&gl=IN&ceid=IN:en
2026-07-02 12:52:45,252 | INFO | News RSS status for ASIANPAINT: 503
2026-07-02 12:52:45,252 | INFO | News RSS query for ASIANPAINT: https://news.google.com/rss/search?q=site%3Abusinessstandard.com+%22Asian+Paints+Ltd.%22+when:10d&hl=en-IN&gl=IN&ceid=IN:en
2026-07-02 12:52:50,320 | INFO | News RSS status for ASIANPAINT: 503
2026-07-02 12:52:50,960 | INFO | News RSS query for AXISBANK: https://news.google.com/rss/search?q=%22Axis+Bank+Ltd.%22+NSE+when:10d&hl=en-IN&gl=IN&ceid=IN:en
2026-07-02 12:53:00,612 | INFO | News RSS status for AXISBANK: 503
2026-07-02 12:53:00,612 | INFO | News RSS query for AXISBANK: https://news.google.com/rss/search?q=%22Axis+Bank+Ltd.%22+stock+when:10d&hl=en-IN&gl=IN&ceid=IN:en
2026-07-02 12:53:05,963 | INFO | News RSS status for AXISBANK: 503
2026-07-02 12:53:05,963 | INFO | News RSS query for AXISBANK: https://news.google.com/rss/search?q=AXISBANK+NSE+when:10d&hl=en-IN&gl=IN&ceid=IN:en
2026-07-02 12:53:13,535 | INFO | News RSS status for AXISBANK: 503
2026-07-02 12:53:13,535 | INFO | News RSS query for AXISBANK: https://news.google.com/rss/search?q=site%3Aeconomictimes.indiatimes.com+%22Axis+Bank+Ltd.%22+when:10d&hl=en-IN&gl=IN&ceid=IN:en
2026-07-02 12:53:20,948 | INFO | News RSS status for AXISBANK: 503
2026-07-02 12:53:20,948 | INFO | News RSS query for AXISBANK: https://news.google.com/rss/search?q=site%3Amoneycontrol.com+%22Axis+Bank+Ltd.%22+when:10d&hl=en-IN&gl=IN&ceid=IN:en
2026-07-02 12:53:30,213 | INFO | News RSS status for AXISBANK: 503
2026-07-02 12:53:30,213 | INFO | News RSS query for AXISBANK: https://news.google.com/rss/search?q=site%3Abusinessstandard.com+%22Axis+Bank+Ltd.%22+when:10d&hl=en-IN&gl=IN&ceid=IN:en
2026-07-02 12:53:38,249 | INFO | News RSS status for AXISBANK: 503
2026-07-02 12:53:40,648 | INFO | News RSS query for BAJFINANCE: https://news.google.com/rss/search?q=%22Bajaj+Finance+Ltd.%22+NSE+when:10d&hl=en-IN&gl=IN&ceid=IN:en
2026-07-02 12:53:48,147 | INFO | News RSS status for BAJFINANCE: 503
2026-07-02 12:53:48,147 | INFO | News RSS query for BAJFINANCE: https://news.google.com/rss/search?q=%22Bajaj+Finance+Ltd.%22+stock+when:10d&hl=en-IN&gl=IN&ceid=IN:en
2026-07-02 12:53:56,639 | INFO | News RSS status for BAJFINANCE: 503
2026-07-02 12:53:56,639 | INFO | News RSS query for BAJFINANCE: https://news.google.com/rss/search?q=BAJFINANCE+NSE+when:10d&hl=en-IN&gl=IN&ceid=IN:en
2026-07-02 12:54:04,976 | INFO | News RSS status for BAJFINANCE: 503
2026-07-02 12:54:04,976 | INFO | News RSS query for BAJFINANCE: https://news.google.com/rss/search?q=site%3Aeconomictimes.indiatimes.com+%22Bajaj+Finance+Ltd.%22+when:10d&hl=en-IN&gl=IN&ceid=IN:en
2026-07-02 12:54:14,170 | INFO | News RSS status for BAJFINANCE: 503
2026-07-02 12:54:14,170 | INFO | News RSS query for BAJFINANCE: https://news.google.com/rss/search?q=site%3Amoneycontrol.com+%22Bajaj+Finance+Ltd.%22+when:10d&hl=en-IN&gl=IN&ceid=IN:en
2026-07-02 12:54:19,205 | INFO | News RSS status for BAJFINANCE: 503
2026-07-02 12:54:19,205 | INFO | News RSS query for BAJFINANCE: https://news.google.com/rss/search?q=site%3Abusinessstandard.com+%22Bajaj+Finance+Ltd.%22+when:10d&hl=en-IN&gl=IN&ceid=IN:en
2026-07-02 12:54:27,062 | INFO | News RSS status for BAJFINANCE: 503
2026-07-02 12:54:29,453 | INFO | News RSS query for BOSCHLTD: https://news.google.com/rss/search?q=%22Bosch+Ltd.%22+NSE+when:10d&hl=en-IN&gl=IN&ceid=IN:en
2026-07-02 12:54:38,882 | INFO | News RSS status for BOSCHLTD: 503
2026-07-02 12:54:38,883 | INFO | News RSS query for BOSCHLTD: https://news.google.com/rss/search?q=%22Bosch+Ltd.%22+stock+when:10d&hl=en-IN&gl=IN&ceid=IN:en
2026-07-02 12:54:48,632 | INFO | News RSS status for BOSCHLTD: 503
2026-07-02 12:54:48,632 | INFO | News RSS query for BOSCHLTD: https://news.google.com/rss/search?q=BOSCHLTD+NSE+when:10d&hl=en-IN&gl=IN&ceid=IN:en
2026-07-02 12:54:56,167 | INFO | News RSS status for BOSCHLTD: 503
2026-07-02 12:54:56,167 | INFO | News RSS query for BOSCHLTD: https://news.google.com/rss/search?q=site%3Aeconomictimes.indiatimes.com+%22Bosch+Ltd.%22+when:10d&hl=en-IN&gl=IN&ceid=IN:en
2026-07-02 12:55:05,693 | INFO | News RSS status for BOSCHLTD: 503
2026-07-02 12:55:05,694 | INFO | News RSS query for BOSCHLTD: https://news.google.com/rss/search?q=site%3Amoneycontrol.com+%22Bosch+Ltd.%22+when:10d&hl=en-IN&gl=IN&ceid=IN:en
2026-07-02 12:55:14,447 | INFO | News RSS status for BOSCHLTD: 503
2026-07-02 12:55:14,448 | INFO | News RSS query for BOSCHLTD: https://news.google.com/rss/search?q=site%3Abusinessstandard.com+%22Bosch+Ltd.%22+when:10d&hl=en-IN&gl=IN&ceid=IN:en
2026-07-02 12:55:20,387 | INFO | News RSS status for BOSCHLTD: 503
2026-07-02 12:55:21,627 | INFO | News RSS query for BRITANNIA: https://news.google.com/rss/search?q=%22Britannia+Industries+Ltd.%22+NSE+when:10d&hl=en-IN&gl=IN&ceid=IN:en
2026-07-02 12:55:29,990 | INFO | News RSS status for BRITANNIA: 503
2026-07-02 12:55:29,990 | INFO | News RSS query for BRITANNIA: https://news.google.com/rss/search?q=%22Britannia+Industries+Ltd.%22+stock+when:10d&hl=en-IN&gl=IN&ceid=IN:en
2026-07-02 12:55:39,288 | INFO | News RSS status for BRITANNIA: 503
2026-07-02 12:55:39,288 | INFO | News RSS query for BRITANNIA: https://news.google.com/rss/search?q=BRITANNIA+NSE+when:10d&hl=en-IN&gl=IN&ceid=IN:en
2026-07-02 12:55:48,003 | INFO | News RSS status for BRITANNIA: 503
2026-07-02 12:55:48,003 | INFO | News RSS query for BRITANNIA: https://news.google.com/rss/search?q=site%3Aeconomictimes.indiatimes.com+%22Britannia+Industries+Ltd.%22+when:10d&hl=en-IN&gl=IN&ceid=IN:en
2026-07-02 12:55:57,419 | INFO | News RSS status for BRITANNIA: 503
2026-07-02 12:55:57,419 | INFO | News RSS query for BRITANNIA: https://news.google.com/rss/search?q=site%3Amoneycontrol.com+%22Britannia+Industries+Ltd.%22+when:10d&hl=en-IN&gl=IN&ceid=IN:en
2026-07-02 12:56:04,300 | INFO | News RSS status for BRITANNIA: 503
2026-07-02 12:56:04,300 | INFO | News RSS query for BRITANNIA: https://news.google.com/rss/search?q=site%3Abusinessstandard.com+%22Britannia+Industries+Ltd.%22+when:10d&hl=en-IN&gl=IN&ceid=IN:en
2026-07-02 12:56:13,451 | INFO | News RSS status for BRITANNIA: 503
2026-07-02 12:56:14,658 | INFO | News RSS query for CGPOWER: https://news.google.com/rss/search?q=%22CG+Power+and+Industrial+Solutions+Ltd.%22+NSE+when:10d&hl=en-IN&gl=IN&ceid=IN:en
2026-07-02 12:56:21,565 | INFO | News RSS status for CGPOWER: 503
2026-07-02 12:56:21,565 | INFO | News RSS query for CGPOWER: https://news.google.com/rss/search?q=%22CG+Power+and+Industrial+Solutions+Ltd.%22+stock+when:10d&hl=en-IN&gl=IN&ceid=IN:en
2026-07-02 12:56:30,579 | INFO | News RSS status for CGPOWER: 503
2026-07-02 12:56:30,579 | INFO | News RSS query for CGPOWER: https://news.google.com/rss/search?q=CGPOWER+NSE+when:10d&hl=en-IN&gl=IN&ceid=IN:en
2026-07-02 12:56:37,538 | INFO | News RSS status for CGPOWER: 503
2026-07-02 12:56:37,538 | INFO | News RSS query for CGPOWER: https://news.google.com/rss/search?q=site%3Aeconomictimes.indiatimes.com+%22CG+Power+and+Industrial+Solutions+Ltd.%22+when:10d&hl=en-IN&gl=IN&ceid=IN:en
2026-07-02 12:56:44,272 | INFO | News RSS status for CGPOWER: 503
2026-07-02 12:56:44,272 | INFO | News RSS query for CGPOWER: https://news.google.com/rss/search?q=site%3Amoneycontrol.com+%22CG+Power+and+Industrial+Solutions+Ltd.%22+when:10d&hl=en-IN&gl=IN&ceid=IN:en
2026-07-02 12:56:50,665 | INFO | News RSS status for CGPOWER: 503
2026-07-02 12:56:50,666 | INFO | News RSS query for CGPOWER: https://news.google.com/rss/search?q=site%3Abusinessstandard.com+%22CG+Power+and+Industrial+Solutions+Ltd.%22+when:10d&hl=en-IN&gl=IN&ceid=IN:en
2026-07-02 12:56:59,108 | INFO | News RSS status for CGPOWER: 503
2026-07-02 12:56:59,166 | INFO | News RSS query for CGPOWER: https://news.google.com/rss/search?q=%22CG+Power+and+Industrial+Solutions+Ltd.%22+NSE+when:10d&hl=en-IN&gl=IN&ceid=IN:en
2026-07-02 12:57:06,651 | INFO | News RSS status for CGPOWER: 503
2026-07-02 12:57:06,651 | INFO | News RSS query for CGPOWER: https://news.google.com/rss/search?q=%22CG+Power+and+Industrial+Solutions+Ltd.%22+stock+when:10d&hl=en-IN&gl=IN&ceid=IN:en
2026-07-02 12:57:13,530 | INFO | News RSS status for CGPOWER: 503
2026-07-02 12:57:13,530 | INFO | News RSS query for CGPOWER: https://news.google.com/rss/search?q=CGPOWER+NSE+when:10d&hl=en-IN&gl=IN&ceid=IN:en
2026-07-02 12:57:22,017 | INFO | News RSS status for CGPOWER: 503
2026-07-02 12:57:22,017 | INFO | News RSS query for CGPOWER: https://news.google.com/rss/search?q=site%3Aeconomictimes.indiatimes.com+%22CG+Power+and+Industrial+Solutions+Ltd.%22+when:10d&hl=en-IN&gl=IN&ceid=IN:en
2026-07-02 12:57:27,979 | INFO | News RSS status for CGPOWER: 503
2026-07-02 12:57:27,980 | INFO | News RSS query for CGPOWER: https://news.google.com/rss/search?q=site%3Amoneycontrol.com+%22CG+Power+and+Industrial+Solutions+Ltd.%22+when:10d&hl=en-IN&gl=IN&ceid=IN:en
2026-07-02 12:57:36,172 | INFO | News RSS status for CGPOWER: 503
2026-07-02 12:57:36,173 | INFO | News RSS query for CGPOWER: https://news.google.com/rss/search?q=site%3Abusinessstandard.com+%22CG+Power+and+Industrial+Solutions+Ltd.%22+when:10d&hl=en-IN&gl=IN&ceid=IN:en
2026-07-02 12:57:43,648 | INFO | News RSS status for CGPOWER: 503
2026-07-02 12:57:44,295 | INFO | News RSS query for CHOLAFIN: https://news.google.com/rss/search?q=%22Cholamandalam+Investment+and+Finance+Company+Ltd.%22+NSE+when:10d&hl=en-IN&gl=IN&ceid=IN:en
2026-07-02 12:57:50,471 | INFO | News RSS status for CHOLAFIN: 503
2026-07-02 12:57:50,472 | INFO | News RSS query for CHOLAFIN: https://news.google.com/rss/search?q=%22Cholamandalam+Investment+and+Finance+Company+Ltd.%22+stock+when:10d&hl=en-IN&gl=IN&ceid=IN:en
2026-07-02 12:57:56,448 | INFO | News RSS status for CHOLAFIN: 503
2026-07-02 12:57:56,448 | INFO | News RSS query for CHOLAFIN: https://news.google.com/rss/search?q=CHOLAFIN+NSE+when:10d&hl=en-IN&gl=IN&ceid=IN:en
2026-07-02 12:58:03,283 | INFO | News RSS status for CHOLAFIN: 503
2026-07-02 12:58:03,283 | INFO | News RSS query for CHOLAFIN: https://news.google.com/rss/search?q=site%3Aeconomictimes.indiatimes.com+%22Cholamandalam+Investment+and+Finance+Company+Ltd.%22+when:10d&hl=en-IN&gl=IN&ceid=IN:en
2026-07-02 12:58:12,104 | INFO | News RSS status for CHOLAFIN: 503
2026-07-02 12:58:12,104 | INFO | News RSS query for CHOLAFIN: https://news.google.com/rss/search?q=site%3Amoneycontrol.com+%22Cholamandalam+Investment+and+Finance+Company+Ltd.%22+when:10d&hl=en-IN&gl=IN&ceid=IN:en
2026-07-02 12:58:17,998 | INFO | News RSS status for CHOLAFIN: 503
2026-07-02 12:58:17,998 | INFO | News RSS query for CHOLAFIN: https://news.google.com/rss/search?q=site%3Abusinessstandard.com+%22Cholamandalam+Investment+and+Finance+Company+Ltd.%22+when:10d&hl=en-IN&gl=IN&ceid=IN:en
2026-07-02 12:58:26,034 | INFO | News RSS status for CHOLAFIN: 503
2026-07-02 12:58:27,907 | INFO | News RSS query for CUMMINSIND: https://news.google.com/rss/search?q=%22Cummins+India+Ltd.%22+NSE+when:10d&hl=en-IN&gl=IN&ceid=IN:en
2026-07-02 12:58:37,560 | INFO | News RSS status for CUMMINSIND: 503
2026-07-02 12:58:37,561 | INFO | News RSS query for CUMMINSIND: https://news.google.com/rss/search?q=%22Cummins+India+Ltd.%22+stock+when:10d&hl=en-IN&gl=IN&ceid=IN:en
2026-07-02 12:58:42,723 | INFO | News RSS status for CUMMINSIND: 503
2026-07-02 12:58:42,723 | INFO | News RSS query for CUMMINSIND: https://news.google.com/rss/search?q=CUMMINSIND+NSE+when:10d&hl=en-IN&gl=IN&ceid=IN:en
2026-07-02 12:58:47,808 | INFO | News RSS status for CUMMINSIND: 503
2026-07-02 12:58:47,808 | INFO | News RSS query for CUMMINSIND: https://news.google.com/rss/search?q=site%3Aeconomictimes.indiatimes.com+%22Cummins+India+Ltd.%22+when:10d&hl=en-IN&gl=IN&ceid=IN:en
2026-07-02 12:58:57,111 | INFO | News RSS status for CUMMINSIND: 503
2026-07-02 12:58:57,111 | INFO | News RSS query for CUMMINSIND: https://news.google.com/rss/search?q=site%3Amoneycontrol.com+%22Cummins+India+Ltd.%22+when:10d&hl=en-IN&gl=IN&ceid=IN:en
2026-07-02 12:59:04,186 | INFO | News RSS status for CUMMINSIND: 503
2026-07-02 12:59:04,186 | INFO | News RSS query for CUMMINSIND: https://news.google.com/rss/search?q=site%3Abusinessstandard.com+%22Cummins+India+Ltd.%22+when:10d&hl=en-IN&gl=IN&ceid=IN:en
2026-07-02 12:59:09,913 | INFO | News RSS status for CUMMINSIND: 503
2026-07-02 12:59:11,731 | INFO | News RSS query for DMART: https://news.google.com/rss/search?q=%22Avenue+Supermarts+Ltd.%22+NSE+when:10d&hl=en-IN&gl=IN&ceid=IN:en
2026-07-02 12:59:17,671 | INFO | News RSS status for DMART: 503
2026-07-02 12:59:17,671 | INFO | News RSS query for DMART: https://news.google.com/rss/search?q=%22Avenue+Supermarts+Ltd.%22+stock+when:10d&hl=en-IN&gl=IN&ceid=IN:en
2026-07-02 12:59:24,219 | INFO | News RSS status for DMART: 503
2026-07-02 12:59:24,219 | INFO | News RSS query for DMART: https://news.google.com/rss/search?q=DMART+NSE+when:10d&hl=en-IN&gl=IN&ceid=IN:en
2026-07-02 12:59:29,637 | INFO | News RSS status for DMART: 503
2026-07-02 12:59:29,637 | INFO | News RSS query for DMART: https://news.google.com/rss/search?q=site%3Aeconomictimes.indiatimes.com+%22Avenue+Supermarts+Ltd.%22+when:10d&hl=en-IN&gl=IN&ceid=IN:en
2026-07-02 12:59:37,069 | INFO | News RSS status for DMART: 503
2026-07-02 12:59:37,069 | INFO | News RSS query for DMART: https://news.google.com/rss/search?q=site%3Amoneycontrol.com+%22Avenue+Supermarts+Ltd.%22+when:10d&hl=en-IN&gl=IN&ceid=IN:en
2026-07-02 12:59:44,763 | INFO | News RSS status for DMART: 503
2026-07-02 12:59:44,763 | INFO | News RSS query for DMART: https://news.google.com/rss/search?q=site%3Abusinessstandard.com+%22Avenue+Supermarts+Ltd.%22+when:10d&hl=en-IN&gl=IN&ceid=IN:en
2026-07-02 12:59:53,155 | INFO | News RSS status for DMART: 503
2026-07-02 12:59:53,798 | INFO | News RSS query for DRREDDY: https://news.google.com/rss/search?q=%22Dr.+Reddy%27s+Laboratories+Ltd.%22+NSE+when:10d&hl=en-IN&gl=IN&ceid=IN:en
2026-07-02 13:00:00,659 | INFO | News RSS status for DRREDDY: 503
2026-07-02 13:00:00,660 | INFO | News RSS query for DRREDDY: https://news.google.com/rss/search?q=%22Dr.+Reddy%27s+Laboratories+Ltd.%22+stock+when:10d&hl=en-IN&gl=IN&ceid=IN:en
2026-07-02 13:00:07,086 | INFO | News RSS status for DRREDDY: 503
2026-07-02 13:00:07,086 | INFO | News RSS query for DRREDDY: https://news.google.com/rss/search?q=DRREDDY+NSE+when:10d&hl=en-IN&gl=IN&ceid=IN:en
2026-07-02 13:00:12,521 | INFO | News RSS status for DRREDDY: 503
2026-07-02 13:00:12,521 | INFO | News RSS query for DRREDDY: https://news.google.com/rss/search?q=site%3Aeconomictimes.indiatimes.com+%22Dr.+Reddy%27s+Laboratories+Ltd.%22+when:10d&hl=en-IN&gl=IN&ceid=IN:en
2026-07-02 13:00:17,941 | INFO | News RSS status for DRREDDY: 503
2026-07-02 13:00:17,941 | INFO | News RSS query for DRREDDY: https://news.google.com/rss/search?q=site%3Amoneycontrol.com+%22Dr.+Reddy%27s+Laboratories+Ltd.%22+when:10d&hl=en-IN&gl=IN&ceid=IN:en
2026-07-02 13:00:26,028 | INFO | News RSS status for DRREDDY: 503
2026-07-02 13:00:26,028 | INFO | News RSS query for DRREDDY: https://news.google.com/rss/search?q=site%3Abusinessstandard.com+%22Dr.+Reddy%27s+Laboratories+Ltd.%22+when:10d&hl=en-IN&gl=IN&ceid=IN:en
2026-07-02 13:00:34,664 | INFO | News RSS status for DRREDDY: 503
2026-07-02 13:00:35,304 | INFO | News RSS query for EICHERMOT: https://news.google.com/rss/search?q=%22Eicher+Motors+Ltd.%22+NSE+when:10d&hl=en-IN&gl=IN&ceid=IN:en
2026-07-02 13:00:42,305 | INFO | News RSS status for EICHERMOT: 503
2026-07-02 13:00:42,305 | INFO | News RSS query for EICHERMOT: https://news.google.com/rss/search?q=%22Eicher+Motors+Ltd.%22+stock+when:10d&hl=en-IN&gl=IN&ceid=IN:en
2026-07-02 13:00:48,533 | INFO | News RSS status for EICHERMOT: 503
2026-07-02 13:00:48,533 | INFO | News RSS query for EICHERMOT: https://news.google.com/rss/search?q=EICHERMOT+NSE+when:10d&hl=en-IN&gl=IN&ceid=IN:en
2026-07-02 13:00:55,721 | INFO | News RSS status for EICHERMOT: 503
2026-07-02 13:00:55,722 | INFO | News RSS query for EICHERMOT: https://news.google.com/rss/search?q=site%3Aeconomictimes.indiatimes.com+%22Eicher+Motors+Ltd.%22+when:10d&hl=en-IN&gl=IN&ceid=IN:en
2026-07-02 13:01:04,948 | INFO | News RSS status for EICHERMOT: 503
2026-07-02 13:01:04,949 | INFO | News RSS query for EICHERMOT: https://news.google.com/rss/search?q=site%3Amoneycontrol.com+%22Eicher+Motors+Ltd.%22+when:10d&hl=en-IN&gl=IN&ceid=IN:en
2026-07-02 13:01:11,623 | INFO | News RSS status for EICHERMOT: 503
2026-07-02 13:01:11,624 | INFO | News RSS query for EICHERMOT: https://news.google.com/rss/search?q=site%3Abusinessstandard.com+%22Eicher+Motors+Ltd.%22+when:10d&hl=en-IN&gl=IN&ceid=IN:en
2026-07-02 13:01:18,778 | INFO | News RSS status for EICHERMOT: 503
2026-07-02 13:01:18,951 | INFO | News RSS query for ENRIN: https://news.google.com/rss/search?q=%22Siemens+Energy+India+Ltd.%22+NSE+when:10d&hl=en-IN&gl=IN&ceid=IN:en
2026-07-02 13:01:25,384 | INFO | News RSS status for ENRIN: 503
2026-07-02 13:01:25,384 | INFO | News RSS query for ENRIN: https://news.google.com/rss/search?q=%22Siemens+Energy+India+Ltd.%22+stock+when:10d&hl=en-IN&gl=IN&ceid=IN:en
2026-07-02 13:01:31,688 | INFO | News RSS status for ENRIN: 503
2026-07-02 13:01:31,689 | INFO | News RSS query for ENRIN: https://news.google.com/rss/search?q=ENRIN+NSE+when:10d&hl=en-IN&gl=IN&ceid=IN:en
2026-07-02 13:01:37,267 | INFO | News RSS status for ENRIN: 503
2026-07-02 13:01:37,267 | INFO | News RSS query for ENRIN: https://news.google.com/rss/search?q=site%3Aeconomictimes.indiatimes.com+%22Siemens+Energy+India+Ltd.%22+when:10d&hl=en-IN&gl=IN&ceid=IN:en
2026-07-02 13:01:43,606 | INFO | News RSS status for ENRIN: 503
2026-07-02 13:01:43,606 | INFO | News RSS query for ENRIN: https://news.google.com/rss/search?q=site%3Amoneycontrol.com+%22Siemens+Energy+India+Ltd.%22+when:10d&hl=en-IN&gl=IN&ceid=IN:en
2026-07-02 13:01:49,973 | INFO | News RSS status for ENRIN: 503
2026-07-02 13:01:49,973 | INFO | News RSS query for ENRIN: https://news.google.com/rss/search?q=site%3Abusinessstandard.com+%22Siemens+Energy+India+Ltd.%22+when:10d&hl=en-IN&gl=IN&ceid=IN:en
2026-07-02 13:01:58,939 | INFO | News RSS status for ENRIN: 503
2026-07-02 13:02:00,086 | INFO | News RSS query for GAIL: https://news.google.com/rss/search?q=%22GAIL+%28India%29+Ltd.%22+NSE+when:10d&hl=en-IN&gl=IN&ceid=IN:en
2026-07-02 13:02:08,803 | INFO | News RSS status for GAIL: 503
2026-07-02 13:02:08,803 | INFO | News RSS query for GAIL: https://news.google.com/rss/search?q=%22GAIL+%28India%29+Ltd.%22+stock+when:10d&hl=en-IN&gl=IN&ceid=IN:en
2026-07-02 13:02:15,386 | INFO | News RSS status for GAIL: 503
2026-07-02 13:02:15,386 | INFO | News RSS query for GAIL: https://news.google.com/rss/search?q=GAIL+NSE+when:10d&hl=en-IN&gl=IN&ceid=IN:en
2026-07-02 13:02:21,220 | INFO | News RSS status for GAIL: 503
2026-07-02 13:02:21,221 | INFO | News RSS query for GAIL: https://news.google.com/rss/search?q=site%3Aeconomictimes.indiatimes.com+%22GAIL+%28India%29+Ltd.%22+when:10d&hl=en-IN&gl=IN&ceid=IN:en
2026-07-02 13:02:26,269 | INFO | News RSS status for GAIL: 503
2026-07-02 13:02:26,269 | INFO | News RSS query for GAIL: https://news.google.com/rss/search?q=site%3Amoneycontrol.com+%22GAIL+%28India%29+Ltd.%22+when:10d&hl=en-IN&gl=IN&ceid=IN:en
2026-07-02 13:02:32,615 | INFO | News RSS status for GAIL: 503
2026-07-02 13:02:32,615 | INFO | News RSS query for GAIL: https://news.google.com/rss/search?q=site%3Abusinessstandard.com+%22GAIL+%28India%29+Ltd.%22+when:10d&hl=en-IN&gl=IN&ceid=IN:en
2026-07-02 13:02:39,565 | INFO | News RSS status for GAIL: 503
2026-07-02 13:02:40,798 | INFO | News RSS query for GRASIM: https://news.google.com/rss/search?q=%22Grasim+Industries+Ltd.%22+NSE+when:10d&hl=en-IN&gl=IN&ceid=IN:en
2026-07-02 13:02:48,916 | INFO | News RSS status for GRASIM: 503
2026-07-02 13:02:48,916 | INFO | News RSS query for GRASIM: https://news.google.com/rss/search?q=%22Grasim+Industries+Ltd.%22+stock+when:10d&hl=en-IN&gl=IN&ceid=IN:en
2026-07-02 13:02:57,384 | INFO | News RSS status for GRASIM: 503
2026-07-02 13:02:57,384 | INFO | News RSS query for GRASIM: https://news.google.com/rss/search?q=GRASIM+NSE+when:10d&hl=en-IN&gl=IN&ceid=IN:en
2026-07-02 13:03:03,422 | INFO | News RSS status for GRASIM: 503
2026-07-02 13:03:03,422 | INFO | News RSS query for GRASIM: https://news.google.com/rss/search?q=site%3Aeconomictimes.indiatimes.com+%22Grasim+Industries+Ltd.%22+when:10d&hl=en-IN&gl=IN&ceid=IN:en
2026-07-02 13:03:08,586 | INFO | News RSS status for GRASIM: 503
2026-07-02 13:03:08,586 | INFO | News RSS query for GRASIM: https://news.google.com/rss/search?q=site%3Amoneycontrol.com+%22Grasim+Industries+Ltd.%22+when:10d&hl=en-IN&gl=IN&ceid=IN:en
2026-07-02 13:03:17,887 | INFO | News RSS status for GRASIM: 503
2026-07-02 13:03:17,887 | INFO | News RSS query for GRASIM: https://news.google.com/rss/search?q=site%3Abusinessstandard.com+%22Grasim+Industries+Ltd.%22+when:10d&hl=en-IN&gl=IN&ceid=IN:en
2026-07-02 13:03:25,396 | INFO | News RSS status for GRASIM: 503
2026-07-02 13:03:26,040 | INFO | News RSS query for HAL: https://news.google.com/rss/search?q=%22Hindustan+Aeronautics+Ltd.%22+NSE+when:10d&hl=en-IN&gl=IN&ceid=IN:en
2026-07-02 13:03:32,731 | INFO | News RSS status for HAL: 503
2026-07-02 13:03:32,731 | INFO | News RSS query for HAL: https://news.google.com/rss/search?q=%22Hindustan+Aeronautics+Ltd.%22+stock+when:10d&hl=en-IN&gl=IN&ceid=IN:en
2026-07-02 13:03:40,685 | INFO | News RSS status for HAL: 503
2026-07-02 13:03:40,685 | INFO | News RSS query for HAL: https://news.google.com/rss/search?q=HAL+NSE+when:10d&hl=en-IN&gl=IN&ceid=IN:en
2026-07-02 13:03:48,262 | INFO | News RSS status for HAL: 503
2026-07-02 13:03:48,262 | INFO | News RSS query for HAL: https://news.google.com/rss/search?q=site%3Aeconomictimes.indiatimes.com+%22Hindustan+Aeronautics+Ltd.%22+when:10d&hl=en-IN&gl=IN&ceid=IN:en
2026-07-02 13:03:54,505 | INFO | News RSS status for HAL: 503
2026-07-02 13:03:54,505 | INFO | News RSS query for HAL: https://news.google.com/rss/search?q=site%3Amoneycontrol.com+%22Hindustan+Aeronautics+Ltd.%22+when:10d&hl=en-IN&gl=IN&ceid=IN:en
2026-07-02 13:04:00,979 | INFO | News RSS status for HAL: 503
2026-07-02 13:04:00,979 | INFO | News RSS query for HAL: https://news.google.com/rss/search?q=site%3Abusinessstandard.com+%22Hindustan+Aeronautics+Ltd.%22+when:10d&hl=en-IN&gl=IN&ceid=IN:en
2026-07-02 13:04:10,090 | INFO | News RSS status for HAL: 503
2026-07-02 13:04:11,321 | INFO | News RSS query for HDFCAMC: https://news.google.com/rss/search?q=%22HDFC+Asset+Management+Company+Ltd.%22+NSE+when:10d&hl=en-IN&gl=IN&ceid=IN:en
2026-07-02 13:04:19,749 | INFO | News RSS status for HDFCAMC: 503
2026-07-02 13:04:19,749 | INFO | News RSS query for HDFCAMC: https://news.google.com/rss/search?q=%22HDFC+Asset+Management+Company+Ltd.%22+stock+when:10d&hl=en-IN&gl=IN&ceid=IN:en
2026-07-02 13:04:27,120 | INFO | News RSS status for HDFCAMC: 503
2026-07-02 13:04:27,120 | INFO | News RSS query for HDFCAMC: https://news.google.com/rss/search?q=HDFCAMC+NSE+when:10d&hl=en-IN&gl=IN&ceid=IN:en
2026-07-02 13:04:32,458 | INFO | News RSS status for HDFCAMC: 503
2026-07-02 13:04:32,458 | INFO | News RSS query for HDFCAMC: https://news.google.com/rss/search?q=site%3Aeconomictimes.indiatimes.com+%22HDFC+Asset+Management+Company+Ltd.%22+when:10d&hl=en-IN&gl=IN&ceid=IN:en
2026-07-02 13:04:40,697 | INFO | News RSS status for HDFCAMC: 503
2026-07-02 13:04:40,697 | INFO | News RSS query for HDFCAMC: https://news.google.com/rss/search?q=site%3Amoneycontrol.com+%22HDFC+Asset+Management+Company+Ltd.%22+when:10d&hl=en-IN&gl=IN&ceid=IN:en
2026-07-02 13:04:49,378 | INFO | News RSS status for HDFCAMC: 503
2026-07-02 13:04:49,378 | INFO | News RSS query for HDFCAMC: https://news.google.com/rss/search?q=site%3Abusinessstandard.com+%22HDFC+Asset+Management+Company+Ltd.%22+when:10d&hl=en-IN&gl=IN&ceid=IN:en
2026-07-02 13:04:58,035 | INFO | News RSS status for HDFCAMC: 503
2026-07-02 13:05:00,438 | INFO | News RSS query for HINDUNILVR: https://news.google.com/rss/search?q=%22Hindustan+Unilever+Ltd.%22+NSE+when:10d&hl=en-IN&gl=IN&ceid=IN:en
2026-07-02 13:05:09,090 | INFO | News RSS status for HINDUNILVR: 503
2026-07-02 13:05:09,090 | INFO | News RSS query for HINDUNILVR: https://news.google.com/rss/search?q=%22Hindustan+Unilever+Ltd.%22+stock+when:10d&hl=en-IN&gl=IN&ceid=IN:en
2026-07-02 13:05:17,866 | INFO | News RSS status for HINDUNILVR: 503
2026-07-02 13:05:17,866 | INFO | News RSS query for HINDUNILVR: https://news.google.com/rss/search?q=HINDUNILVR+NSE+when:10d&hl=en-IN&gl=IN&ceid=IN:en
2026-07-02 13:05:23,953 | INFO | News RSS status for HINDUNILVR: 503
2026-07-02 13:05:23,953 | INFO | News RSS query for HINDUNILVR: https://news.google.com/rss/search?q=site%3Aeconomictimes.indiatimes.com+%22Hindustan+Unilever+Ltd.%22+when:10d&hl=en-IN&gl=IN&ceid=IN:en
2026-07-02 13:05:29,773 | INFO | News RSS status for HINDUNILVR: 503
2026-07-02 13:05:29,774 | INFO | News RSS query for HINDUNILVR: https://news.google.com/rss/search?q=site%3Amoneycontrol.com+%22Hindustan+Unilever+Ltd.%22+when:10d&hl=en-IN&gl=IN&ceid=IN:en
2026-07-02 13:05:39,318 | INFO | News RSS status for HINDUNILVR: 503
2026-07-02 13:05:39,318 | INFO | News RSS query for HINDUNILVR: https://news.google.com/rss/search?q=site%3Abusinessstandard.com+%22Hindustan+Unilever+Ltd.%22+when:10d&hl=en-IN&gl=IN&ceid=IN:en
2026-07-02 13:05:45,427 | INFO | News RSS status for HINDUNILVR: 503
2026-07-02 13:05:53,505 | INFO | News RSS query for LT: https://news.google.com/rss/search?q=%22Larsen+%26+Toubro+Ltd.%22+NSE+when:10d&hl=en-IN&gl=IN&ceid=IN:en
2026-07-02 13:05:58,588 | INFO | News RSS status for LT: 503
2026-07-02 13:05:58,588 | INFO | News RSS query for LT: https://news.google.com/rss/search?q=%22Larsen+%26+Toubro+Ltd.%22+stock+when:10d&hl=en-IN&gl=IN&ceid=IN:en
2026-07-02 13:06:08,587 | INFO | News RSS status for LT: 503
2026-07-02 13:06:08,588 | INFO | News RSS query for LT: https://news.google.com/rss/search?q=LT+NSE+when:10d&hl=en-IN&gl=IN&ceid=IN:en
2026-07-02 13:06:17,482 | INFO | News RSS status for LT: 503
2026-07-02 13:06:17,482 | INFO | News RSS query for LT: https://news.google.com/rss/search?q=site%3Aeconomictimes.indiatimes.com+%22Larsen+%26+Toubro+Ltd.%22+when:10d&hl=en-IN&gl=IN&ceid=IN:en
2026-07-02 13:06:27,474 | INFO | News RSS status for LT: 503
2026-07-02 13:06:27,474 | INFO | News RSS query for LT: https://news.google.com/rss/search?q=site%3Amoneycontrol.com+%22Larsen+%26+Toubro+Ltd.%22+when:10d&hl=en-IN&gl=IN&ceid=IN:en
2026-07-02 13:06:33,820 | INFO | News RSS status for LT: 503
2026-07-02 13:06:33,821 | INFO | News RSS query for LT: https://news.google.com/rss/search?q=site%3Abusinessstandard.com+%22Larsen+%26+Toubro+Ltd.%22+when:10d&hl=en-IN&gl=IN&ceid=IN:en
2026-07-02 13:06:39,343 | INFO | News RSS status for LT: 503
2026-07-02 13:06:39,346 | WARNING | Skipping LTM — only 90 bars available (need 220). Extend history_backfill_days in config.json to include this symbol.
2026-07-02 13:06:42,341 | INFO | News RSS query for MOTHERSON: https://news.google.com/rss/search?q=%22Samvardhana+Motherson+International+Ltd.%22+NSE+when:10d&hl=en-IN&gl=IN&ceid=IN:en
2026-07-02 13:06:47,532 | INFO | News RSS status for MOTHERSON: 503
2026-07-02 13:06:47,532 | INFO | News RSS query for MOTHERSON: https://news.google.com/rss/search?q=%22Samvardhana+Motherson+International+Ltd.%22+stock+when:10d&hl=en-IN&gl=IN&ceid=IN:en
2026-07-02 13:06:55,586 | INFO | News RSS status for MOTHERSON: 503
2026-07-02 13:06:55,586 | INFO | News RSS query for MOTHERSON: https://news.google.com/rss/search?q=MOTHERSON+NSE+when:10d&hl=en-IN&gl=IN&ceid=IN:en
2026-07-02 13:07:01,399 | INFO | News RSS status for MOTHERSON: 503
2026-07-02 13:07:01,399 | INFO | News RSS query for MOTHERSON: https://news.google.com/rss/search?q=site%3Aeconomictimes.indiatimes.com+%22Samvardhana+Motherson+International+Ltd.%22+when:10d&hl=en-IN&gl=IN&ceid=IN:en
2026-07-02 13:07:08,942 | INFO | News RSS status for MOTHERSON: 503
2026-07-02 13:07:08,942 | INFO | News RSS query for MOTHERSON: https://news.google.com/rss/search?q=site%3Amoneycontrol.com+%22Samvardhana+Motherson+International+Ltd.%22+when:10d&hl=en-IN&gl=IN&ceid=IN:en
2026-07-02 13:07:18,477 | INFO | News RSS status for MOTHERSON: 503
2026-07-02 13:07:18,477 | INFO | News RSS query for MOTHERSON: https://news.google.com/rss/search?q=site%3Abusinessstandard.com+%22Samvardhana+Motherson+International+Ltd.%22+when:10d&hl=en-IN&gl=IN&ceid=IN:en
2026-07-02 13:07:27,333 | INFO | News RSS status for MOTHERSON: 503
2026-07-02 13:07:28,555 | INFO | News RSS query for NESTLEIND: https://news.google.com/rss/search?q=%22Nestle+India+Ltd.%22+NSE+when:10d&hl=en-IN&gl=IN&ceid=IN:en
2026-07-02 13:07:33,870 | INFO | News RSS status for NESTLEIND: 503
2026-07-02 13:07:33,870 | INFO | News RSS query for NESTLEIND: https://news.google.com/rss/search?q=%22Nestle+India+Ltd.%22+stock+when:10d&hl=en-IN&gl=IN&ceid=IN:en
2026-07-02 13:07:41,027 | INFO | News RSS status for NESTLEIND: 503
2026-07-02 13:07:41,027 | INFO | News RSS query for NESTLEIND: https://news.google.com/rss/search?q=NESTLEIND+NSE+when:10d&hl=en-IN&gl=IN&ceid=IN:en
2026-07-02 13:07:46,771 | INFO | News RSS status for NESTLEIND: 503
2026-07-02 13:07:46,771 | INFO | News RSS query for NESTLEIND: https://news.google.com/rss/search?q=site%3Aeconomictimes.indiatimes.com+%22Nestle+India+Ltd.%22+when:10d&hl=en-IN&gl=IN&ceid=IN:en
2026-07-02 13:07:53,676 | INFO | News RSS status for NESTLEIND: 503
2026-07-02 13:07:53,676 | INFO | News RSS query for NESTLEIND: https://news.google.com/rss/search?q=site%3Amoneycontrol.com+%22Nestle+India+Ltd.%22+when:10d&hl=en-IN&gl=IN&ceid=IN:en
2026-07-02 13:08:03,245 | INFO | News RSS status for NESTLEIND: 503
2026-07-02 13:08:03,245 | INFO | News RSS query for NESTLEIND: https://news.google.com/rss/search?q=site%3Abusinessstandard.com+%22Nestle+India+Ltd.%22+when:10d&hl=en-IN&gl=IN&ceid=IN:en
2026-07-02 13:08:12,695 | INFO | News RSS status for NESTLEIND: 503
2026-07-02 13:08:15,123 | INFO | News RSS query for PIDILITIND: https://news.google.com/rss/search?q=%22Pidilite+Industries+Ltd.%22+NSE+when:10d&hl=en-IN&gl=IN&ceid=IN:en
2026-07-02 13:08:22,228 | INFO | News RSS status for PIDILITIND: 503
2026-07-02 13:08:22,228 | INFO | News RSS query for PIDILITIND: https://news.google.com/rss/search?q=%22Pidilite+Industries+Ltd.%22+stock+when:10d&hl=en-IN&gl=IN&ceid=IN:en
2026-07-02 13:08:31,810 | INFO | News RSS status for PIDILITIND: 503
2026-07-02 13:08:31,810 | INFO | News RSS query for PIDILITIND: https://news.google.com/rss/search?q=PIDILITIND+NSE+when:10d&hl=en-IN&gl=IN&ceid=IN:en
2026-07-02 13:08:39,063 | INFO | News RSS status for PIDILITIND: 503
2026-07-02 13:08:39,063 | INFO | News RSS query for PIDILITIND: https://news.google.com/rss/search?q=site%3Aeconomictimes.indiatimes.com+%22Pidilite+Industries+Ltd.%22+when:10d&hl=en-IN&gl=IN&ceid=IN:en
2026-07-02 13:08:47,784 | INFO | News RSS status for PIDILITIND: 503
2026-07-02 13:08:47,784 | INFO | News RSS query for PIDILITIND: https://news.google.com/rss/search?q=site%3Amoneycontrol.com+%22Pidilite+Industries+Ltd.%22+when:10d&hl=en-IN&gl=IN&ceid=IN:en
2026-07-02 13:08:55,323 | INFO | News RSS status for PIDILITIND: 503
2026-07-02 13:08:55,323 | INFO | News RSS query for PIDILITIND: https://news.google.com/rss/search?q=site%3Abusinessstandard.com+%22Pidilite+Industries+Ltd.%22+when:10d&hl=en-IN&gl=IN&ceid=IN:en
2026-07-02 13:09:04,091 | INFO | News RSS status for PIDILITIND: 503
2026-07-02 13:09:07,613 | INFO | News RSS query for SBIN: https://news.google.com/rss/search?q=%22State+Bank+of+India%22+NSE+when:10d&hl=en-IN&gl=IN&ceid=IN:en
2026-07-02 13:09:15,037 | INFO | News RSS status for SBIN: 503
2026-07-02 13:09:15,037 | INFO | News RSS query for SBIN: https://news.google.com/rss/search?q=%22State+Bank+of+India%22+stock+when:10d&hl=en-IN&gl=IN&ceid=IN:en
2026-07-02 13:09:21,806 | INFO | News RSS status for SBIN: 503
2026-07-02 13:09:21,806 | INFO | News RSS query for SBIN: https://news.google.com/rss/search?q=SBIN+NSE+when:10d&hl=en-IN&gl=IN&ceid=IN:en
2026-07-02 13:09:31,744 | INFO | News RSS status for SBIN: 503
2026-07-02 13:09:31,744 | INFO | News RSS query for SBIN: https://news.google.com/rss/search?q=site%3Aeconomictimes.indiatimes.com+%22State+Bank+of+India%22+when:10d&hl=en-IN&gl=IN&ceid=IN:en
2026-07-02 13:09:39,346 | INFO | News RSS status for SBIN: 503
2026-07-02 13:09:39,347 | INFO | News RSS query for SBIN: https://news.google.com/rss/search?q=site%3Amoneycontrol.com+%22State+Bank+of+India%22+when:10d&hl=en-IN&gl=IN&ceid=IN:en
2026-07-02 13:09:44,440 | INFO | News RSS status for SBIN: 503
2026-07-02 13:09:44,440 | INFO | News RSS query for SBIN: https://news.google.com/rss/search?q=site%3Abusinessstandard.com+%22State+Bank+of+India%22+when:10d&hl=en-IN&gl=IN&ceid=IN:en
2026-07-02 13:09:53,844 | INFO | News RSS status for SBIN: 503
2026-07-02 13:09:53,903 | INFO | News RSS query for SBIN: https://news.google.com/rss/search?q=%22State+Bank+of+India%22+NSE+when:10d&hl=en-IN&gl=IN&ceid=IN:en
2026-07-02 13:10:03,472 | INFO | News RSS status for SBIN: 503
2026-07-02 13:10:03,472 | INFO | News RSS query for SBIN: https://news.google.com/rss/search?q=%22State+Bank+of+India%22+stock+when:10d&hl=en-IN&gl=IN&ceid=IN:en
2026-07-02 13:10:08,685 | INFO | News RSS status for SBIN: 503
2026-07-02 13:10:08,685 | INFO | News RSS query for SBIN: https://news.google.com/rss/search?q=SBIN+NSE+when:10d&hl=en-IN&gl=IN&ceid=IN:en
2026-07-02 13:10:18,412 | INFO | News RSS status for SBIN: 503
2026-07-02 13:10:18,412 | INFO | News RSS query for SBIN: https://news.google.com/rss/search?q=site%3Aeconomictimes.indiatimes.com+%22State+Bank+of+India%22+when:10d&hl=en-IN&gl=IN&ceid=IN:en
2026-07-02 13:10:23,882 | INFO | News RSS status for SBIN: 503
2026-07-02 13:10:23,882 | INFO | News RSS query for SBIN: https://news.google.com/rss/search?q=site%3Amoneycontrol.com+%22State+Bank+of+India%22+when:10d&hl=en-IN&gl=IN&ceid=IN:en
2026-07-02 13:10:29,501 | INFO | News RSS status for SBIN: 503
2026-07-02 13:10:29,501 | INFO | News RSS query for SBIN: https://news.google.com/rss/search?q=site%3Abusinessstandard.com+%22State+Bank+of+India%22+when:10d&hl=en-IN&gl=IN&ceid=IN:en
2026-07-02 13:10:37,940 | INFO | News RSS status for SBIN: 503
2026-07-02 13:10:37,997 | INFO | News RSS query for SBIN: https://news.google.com/rss/search?q=%22State+Bank+of+India%22+NSE+when:10d&hl=en-IN&gl=IN&ceid=IN:en
2026-07-02 13:10:45,129 | INFO | News RSS status for SBIN: 503
2026-07-02 13:10:45,129 | INFO | News RSS query for SBIN: https://news.google.com/rss/search?q=%22State+Bank+of+India%22+stock+when:10d&hl=en-IN&gl=IN&ceid=IN:en
2026-07-02 13:10:53,725 | INFO | News RSS status for SBIN: 503
2026-07-02 13:10:53,725 | INFO | News RSS query for SBIN: https://news.google.com/rss/search?q=SBIN+NSE+when:10d&hl=en-IN&gl=IN&ceid=IN:en
2026-07-02 13:11:00,294 | INFO | News RSS status for SBIN: 503
2026-07-02 13:11:00,294 | INFO | News RSS query for SBIN: https://news.google.com/rss/search?q=site%3Aeconomictimes.indiatimes.com+%22State+Bank+of+India%22+when:10d&hl=en-IN&gl=IN&ceid=IN:en
2026-07-02 13:11:06,025 | INFO | News RSS status for SBIN: 503
2026-07-02 13:11:06,026 | INFO | News RSS query for SBIN: https://news.google.com/rss/search?q=site%3Amoneycontrol.com+%22State+Bank+of+India%22+when:10d&hl=en-IN&gl=IN&ceid=IN:en
2026-07-02 13:11:14,527 | INFO | News RSS status for SBIN: 503
2026-07-02 13:11:14,528 | INFO | News RSS query for SBIN: https://news.google.com/rss/search?q=site%3Abusinessstandard.com+%22State+Bank+of+India%22+when:10d&hl=en-IN&gl=IN&ceid=IN:en
2026-07-02 13:11:21,312 | INFO | News RSS status for SBIN: 503
2026-07-02 13:11:22,556 | INFO | News RSS query for SHRIRAMFIN: https://news.google.com/rss/search?q=%22Shriram+Finance+Ltd.%22+NSE+when:10d&hl=en-IN&gl=IN&ceid=IN:en
2026-07-02 13:11:29,297 | INFO | News RSS status for SHRIRAMFIN: 503
2026-07-02 13:11:29,297 | INFO | News RSS query for SHRIRAMFIN: https://news.google.com/rss/search?q=%22Shriram+Finance+Ltd.%22+stock+when:10d&hl=en-IN&gl=IN&ceid=IN:en
2026-07-02 13:11:38,495 | INFO | News RSS status for SHRIRAMFIN: 503
2026-07-02 13:11:38,495 | INFO | News RSS query for SHRIRAMFIN: https://news.google.com/rss/search?q=SHRIRAMFIN+NSE+when:10d&hl=en-IN&gl=IN&ceid=IN:en
2026-07-02 13:11:43,556 | INFO | News RSS status for SHRIRAMFIN: 503
2026-07-02 13:11:43,556 | INFO | News RSS query for SHRIRAMFIN: https://news.google.com/rss/search?q=site%3Aeconomictimes.indiatimes.com+%22Shriram+Finance+Ltd.%22+when:10d&hl=en-IN&gl=IN&ceid=IN:en
2026-07-02 13:11:52,245 | INFO | News RSS status for SHRIRAMFIN: 503
2026-07-02 13:11:52,245 | INFO | News RSS query for SHRIRAMFIN: https://news.google.com/rss/search?q=site%3Amoneycontrol.com+%22Shriram+Finance+Ltd.%22+when:10d&hl=en-IN&gl=IN&ceid=IN:en
2026-07-02 13:12:00,157 | INFO | News RSS status for SHRIRAMFIN: 503
2026-07-02 13:12:00,157 | INFO | News RSS query for SHRIRAMFIN: https://news.google.com/rss/search?q=site%3Abusinessstandard.com+%22Shriram+Finance+Ltd.%22+when:10d&hl=en-IN&gl=IN&ceid=IN:en
2026-07-02 13:12:06,248 | INFO | News RSS status for SHRIRAMFIN: 503
2026-07-02 13:12:07,490 | INFO | News RSS query for SOLARINDS: https://news.google.com/rss/search?q=%22Solar+Industries+India+Ltd.%22+NSE+when:10d&hl=en-IN&gl=IN&ceid=IN:en
2026-07-02 13:12:15,153 | INFO | News RSS status for SOLARINDS: 503
2026-07-02 13:12:15,153 | INFO | News RSS query for SOLARINDS: https://news.google.com/rss/search?q=%22Solar+Industries+India+Ltd.%22+stock+when:10d&hl=en-IN&gl=IN&ceid=IN:en
2026-07-02 13:12:25,052 | INFO | News RSS status for SOLARINDS: 503
2026-07-02 13:12:25,052 | INFO | News RSS query for SOLARINDS: https://news.google.com/rss/search?q=SOLARINDS+NSE+when:10d&hl=en-IN&gl=IN&ceid=IN:en
2026-07-02 13:12:31,160 | INFO | News RSS status for SOLARINDS: 503
2026-07-02 13:12:31,161 | INFO | News RSS query for SOLARINDS: https://news.google.com/rss/search?q=site%3Aeconomictimes.indiatimes.com+%22Solar+Industries+India+Ltd.%22+when:10d&hl=en-IN&gl=IN&ceid=IN:en
2026-07-02 13:12:38,414 | INFO | News RSS status for SOLARINDS: 503
2026-07-02 13:12:38,414 | INFO | News RSS query for SOLARINDS: https://news.google.com/rss/search?q=site%3Amoneycontrol.com+%22Solar+Industries+India+Ltd.%22+when:10d&hl=en-IN&gl=IN&ceid=IN:en
2026-07-02 13:12:48,381 | INFO | News RSS status for SOLARINDS: 503
2026-07-02 13:12:48,381 | INFO | News RSS query for SOLARINDS: https://news.google.com/rss/search?q=site%3Abusinessstandard.com+%22Solar+Industries+India+Ltd.%22+when:10d&hl=en-IN&gl=IN&ceid=IN:en
2026-07-02 13:12:53,796 | INFO | News RSS status for SOLARINDS: 503
2026-07-02 13:12:54,447 | INFO | News RSS query for SUNPHARMA: https://news.google.com/rss/search?q=%22Sun+Pharmaceutical+Industries+Ltd.%22+NSE+when:10d&hl=en-IN&gl=IN&ceid=IN:en
2026-07-02 13:13:01,223 | INFO | News RSS status for SUNPHARMA: 503
2026-07-02 13:13:01,223 | INFO | News RSS query for SUNPHARMA: https://news.google.com/rss/search?q=%22Sun+Pharmaceutical+Industries+Ltd.%22+stock+when:10d&hl=en-IN&gl=IN&ceid=IN:en
2026-07-02 13:13:08,640 | INFO | News RSS status for SUNPHARMA: 503
2026-07-02 13:13:08,640 | INFO | News RSS query for SUNPHARMA: https://news.google.com/rss/search?q=SUNPHARMA+NSE+when:10d&hl=en-IN&gl=IN&ceid=IN:en
2026-07-02 13:13:17,781 | INFO | News RSS status for SUNPHARMA: 503
2026-07-02 13:13:17,781 | INFO | News RSS query for SUNPHARMA: https://news.google.com/rss/search?q=site%3Aeconomictimes.indiatimes.com+%22Sun+Pharmaceutical+Industries+Ltd.%22+when:10d&hl=en-IN&gl=IN&ceid=IN:en
2026-07-02 13:13:26,325 | INFO | News RSS status for SUNPHARMA: 503
2026-07-02 13:13:26,326 | INFO | News RSS query for SUNPHARMA: https://news.google.com/rss/search?q=site%3Amoneycontrol.com+%22Sun+Pharmaceutical+Industries+Ltd.%22+when:10d&hl=en-IN&gl=IN&ceid=IN:en
2026-07-02 13:13:34,071 | INFO | News RSS status for SUNPHARMA: 503
2026-07-02 13:13:34,071 | INFO | News RSS query for SUNPHARMA: https://news.google.com/rss/search?q=site%3Abusinessstandard.com+%22Sun+Pharmaceutical+Industries+Ltd.%22+when:10d&hl=en-IN&gl=IN&ceid=IN:en
2026-07-02 13:13:42,983 | INFO | News RSS status for SUNPHARMA: 503
2026-07-02 13:13:42,985 | WARNING | Skipping TATACAP — only 178 bars available (need 220). Extend history_backfill_days in config.json to include this symbol.
2026-07-02 13:13:46,501 | INFO | News RSS query for TITAN: https://news.google.com/rss/search?q=%22Titan+Company+Ltd.%22+NSE+when:10d&hl=en-IN&gl=IN&ceid=IN:en
2026-07-02 13:13:52,439 | INFO | News RSS status for TITAN: 503
2026-07-02 13:13:52,439 | INFO | News RSS query for TITAN: https://news.google.com/rss/search?q=%22Titan+Company+Ltd.%22+stock+when:10d&hl=en-IN&gl=IN&ceid=IN:en
2026-07-02 13:13:58,273 | INFO | News RSS status for TITAN: 503
2026-07-02 13:13:58,273 | INFO | News RSS query for TITAN: https://news.google.com/rss/search?q=TITAN+NSE+when:10d&hl=en-IN&gl=IN&ceid=IN:en
2026-07-02 13:14:05,090 | INFO | News RSS status for TITAN: 503
2026-07-02 13:14:05,090 | INFO | News RSS query for TITAN: https://news.google.com/rss/search?q=site%3Aeconomictimes.indiatimes.com+%22Titan+Company+Ltd.%22+when:10d&hl=en-IN&gl=IN&ceid=IN:en
2026-07-02 13:14:10,502 | INFO | News RSS status for TITAN: 503
2026-07-02 13:14:10,503 | INFO | News RSS query for TITAN: https://news.google.com/rss/search?q=site%3Amoneycontrol.com+%22Titan+Company+Ltd.%22+when:10d&hl=en-IN&gl=IN&ceid=IN:en
2026-07-02 13:14:17,120 | INFO | News RSS status for TITAN: 503
2026-07-02 13:14:17,121 | INFO | News RSS query for TITAN: https://news.google.com/rss/search?q=site%3Abusinessstandard.com+%22Titan+Company+Ltd.%22+when:10d&hl=en-IN&gl=IN&ceid=IN:en
2026-07-02 13:14:24,123 | INFO | News RSS status for TITAN: 503
2026-07-02 13:14:24,126 | WARNING | Skipping TMCV — only 158 bars available (need 220). Extend history_backfill_days in config.json to include this symbol.
2026-07-02 13:14:24,127 | WARNING | Skipping TMPV — only 175 bars available (need 220). Extend history_backfill_days in config.json to include this symbol.
2026-07-02 13:14:24,772 | INFO | News RSS query for TORNTPHARM: https://news.google.com/rss/search?q=%22Torrent+Pharmaceuticals+Ltd.%22+NSE+when:10d&hl=en-IN&gl=IN&ceid=IN:en
2026-07-02 13:14:30,625 | INFO | News RSS status for TORNTPHARM: 503
2026-07-02 13:14:30,625 | INFO | News RSS query for TORNTPHARM: https://news.google.com/rss/search?q=%22Torrent+Pharmaceuticals+Ltd.%22+stock+when:10d&hl=en-IN&gl=IN&ceid=IN:en
2026-07-02 13:14:39,649 | INFO | News RSS status for TORNTPHARM: 503
2026-07-02 13:14:39,649 | INFO | News RSS query for TORNTPHARM: https://news.google.com/rss/search?q=TORNTPHARM+NSE+when:10d&hl=en-IN&gl=IN&ceid=IN:en
2026-07-02 13:14:46,703 | INFO | News RSS status for TORNTPHARM: 503
2026-07-02 13:14:46,703 | INFO | News RSS query for TORNTPHARM: https://news.google.com/rss/search?q=site%3Aeconomictimes.indiatimes.com+%22Torrent+Pharmaceuticals+Ltd.%22+when:10d&hl=en-IN&gl=IN&ceid=IN:en
2026-07-02 13:14:53,447 | INFO | News RSS status for TORNTPHARM: 503
2026-07-02 13:14:53,448 | INFO | News RSS query for TORNTPHARM: https://news.google.com/rss/search?q=site%3Amoneycontrol.com+%22Torrent+Pharmaceuticals+Ltd.%22+when:10d&hl=en-IN&gl=IN&ceid=IN:en
2026-07-02 13:15:01,944 | INFO | News RSS status for TORNTPHARM: 503
2026-07-02 13:15:01,944 | INFO | News RSS query for TORNTPHARM: https://news.google.com/rss/search?q=site%3Abusinessstandard.com+%22Torrent+Pharmaceuticals+Ltd.%22+when:10d&hl=en-IN&gl=IN&ceid=IN:en
2026-07-02 13:15:08,457 | INFO | News RSS status for TORNTPHARM: 503
2026-07-02 13:15:10,809 | INFO | News RSS query for UNIONBANK: https://news.google.com/rss/search?q=%22Union+Bank+of+India%22+NSE+when:10d&hl=en-IN&gl=IN&ceid=IN:en
2026-07-02 13:15:15,858 | INFO | News RSS status for UNIONBANK: 503
2026-07-02 13:15:15,859 | INFO | News RSS query for UNIONBANK: https://news.google.com/rss/search?q=%22Union+Bank+of+India%22+stock+when:10d&hl=en-IN&gl=IN&ceid=IN:en
2026-07-02 13:15:24,605 | INFO | News RSS status for UNIONBANK: 503
2026-07-02 13:15:24,605 | INFO | News RSS query for UNIONBANK: https://news.google.com/rss/search?q=UNIONBANK+NSE+when:10d&hl=en-IN&gl=IN&ceid=IN:en
2026-07-02 13:15:34,512 | INFO | News RSS status for UNIONBANK: 503
2026-07-02 13:15:34,512 | INFO | News RSS query for UNIONBANK: https://news.google.com/rss/search?q=site%3Aeconomictimes.indiatimes.com+%22Union+Bank+of+India%22+when:10d&hl=en-IN&gl=IN&ceid=IN:en
2026-07-02 13:15:41,720 | INFO | News RSS status for UNIONBANK: 503
2026-07-02 13:15:41,720 | INFO | News RSS query for UNIONBANK: https://news.google.com/rss/search?q=site%3Amoneycontrol.com+%22Union+Bank+of+India%22+when:10d&hl=en-IN&gl=IN&ceid=IN:en
2026-07-02 13:15:48,642 | INFO | News RSS status for UNIONBANK: 503
2026-07-02 13:15:48,642 | INFO | News RSS query for UNIONBANK: https://news.google.com/rss/search?q=site%3Abusinessstandard.com+%22Union+Bank+of+India%22+when:10d&hl=en-IN&gl=IN&ceid=IN:en
2026-07-02 13:15:57,263 | INFO | News RSS status for UNIONBANK: 503
2026-07-02 13:15:57,491 | WARNING | Skipping VAML — only 6 bars available (need 220). Extend history_backfill_days in config.json to include this symbol.
2026-07-02 13:15:58,644 | WARNING | Skipping VEDPOWER — only 4 bars available (need 220). Extend history_backfill_days in config.json to include this symbol.
2026-07-02 13:15:58,644 | WARNING | Skipping VISL — only 4 bars available (need 220). Extend history_backfill_days in config.json to include this symbol.
2026-07-02 13:15:58,645 | WARNING | Skipping VOGL — only 7 bars available (need 220). Extend history_backfill_days in config.json to include this symbol.
2026-07-02 13:15:59,855 | INFO | News RSS query for ZYDUSLIFE: https://news.google.com/rss/search?q=%22Zydus+Lifesciences+Ltd.%22+NSE+when:10d&hl=en-IN&gl=IN&ceid=IN:en
2026-07-02 13:16:09,667 | INFO | News RSS status for ZYDUSLIFE: 503
2026-07-02 13:16:09,667 | INFO | News RSS query for ZYDUSLIFE: https://news.google.com/rss/search?q=%22Zydus+Lifesciences+Ltd.%22+stock+when:10d&hl=en-IN&gl=IN&ceid=IN:en
2026-07-02 13:16:18,326 | INFO | News RSS status for ZYDUSLIFE: 503
2026-07-02 13:16:18,326 | INFO | News RSS query for ZYDUSLIFE: https://news.google.com/rss/search?q=ZYDUSLIFE+NSE+when:10d&hl=en-IN&gl=IN&ceid=IN:en
2026-07-02 13:16:24,175 | INFO | News RSS status for ZYDUSLIFE: 503
2026-07-02 13:16:24,175 | INFO | News RSS query for ZYDUSLIFE: https://news.google.com/rss/search?q=site%3Aeconomictimes.indiatimes.com+%22Zydus+Lifesciences+Ltd.%22+when:10d&hl=en-IN&gl=IN&ceid=IN:en
2026-07-02 13:16:32,946 | INFO | News RSS status for ZYDUSLIFE: 503
2026-07-02 13:16:32,946 | INFO | News RSS query for ZYDUSLIFE: https://news.google.com/rss/search?q=site%3Amoneycontrol.com+%22Zydus+Lifesciences+Ltd.%22+when:10d&hl=en-IN&gl=IN&ceid=IN:en
2026-07-02 13:16:38,538 | INFO | News RSS status for ZYDUSLIFE: 503
2026-07-02 13:16:38,538 | INFO | News RSS query for ZYDUSLIFE: https://news.google.com/rss/search?q=site%3Abusinessstandard.com+%22Zydus+Lifesciences+Ltd.%22+when:10d&hl=en-IN&gl=IN&ceid=IN:en
2026-07-02 13:16:46,450 | INFO | News RSS status for ZYDUSLIFE: 503
2026-07-02 13:16:46,509 | INFO | News RSS query for ZYDUSLIFE: https://news.google.com/rss/search?q=%22Zydus+Lifesciences+Ltd.%22+NSE+when:10d&hl=en-IN&gl=IN&ceid=IN:en
2026-07-02 13:16:54,105 | INFO | News RSS status for ZYDUSLIFE: 503
2026-07-02 13:16:54,106 | INFO | News RSS query for ZYDUSLIFE: https://news.google.com/rss/search?q=%22Zydus+Lifesciences+Ltd.%22+stock+when:10d&hl=en-IN&gl=IN&ceid=IN:en
2026-07-02 13:17:03,373 | INFO | News RSS status for ZYDUSLIFE: 503
2026-07-02 13:17:03,373 | INFO | News RSS query for ZYDUSLIFE: https://news.google.com/rss/search?q=ZYDUSLIFE+NSE+when:10d&hl=en-IN&gl=IN&ceid=IN:en
2026-07-02 13:17:11,519 | INFO | News RSS status for ZYDUSLIFE: 503
2026-07-02 13:17:11,519 | INFO | News RSS query for ZYDUSLIFE: https://news.google.com/rss/search?q=site%3Aeconomictimes.indiatimes.com+%22Zydus+Lifesciences+Ltd.%22+when:10d&hl=en-IN&gl=IN&ceid=IN:en
2026-07-02 13:17:21,196 | INFO | News RSS status for ZYDUSLIFE: 503
2026-07-02 13:17:21,196 | INFO | News RSS query for ZYDUSLIFE: https://news.google.com/rss/search?q=site%3Amoneycontrol.com+%22Zydus+Lifesciences+Ltd.%22+when:10d&hl=en-IN&gl=IN&ceid=IN:en
2026-07-02 13:17:28,572 | INFO | News RSS status for ZYDUSLIFE: 503
2026-07-02 13:17:28,572 | INFO | News RSS query for ZYDUSLIFE: https://news.google.com/rss/search?q=site%3Abusinessstandard.com+%22Zydus+Lifesciences+Ltd.%22+when:10d&hl=en-IN&gl=IN&ceid=IN:en
2026-07-02 13:17:37,011 | INFO | News RSS status for ZYDUSLIFE: 503
2026-07-02 13:17:37,020 | INFO | Index membership from cache: NIFTY 50 (50 symbols)
2026-07-02 13:17:37,020 | INFO | Index membership from cache: Nifty Next 50 (50 symbols)
2026-07-02 13:17:37,020 | INFO | Index membership ready: 100 symbols mapped
2026-07-02 13:17:37,020 | INFO | Market Health: fetching index OHLCV...
2026-07-02 13:17:37,023 | INFO | Index OHLCV cache fresh for NIFTY 50 (1410 rows)
2026-07-02 13:17:37,026 | INFO | Index OHLCV cache fresh for NIFTY NEXT 50 (1410 rows)
2026-07-02 13:17:37,026 | INFO | Market Health: fetching VIX...
2026-07-02 13:17:37,028 | INFO | VIX cache fresh (108 rows)
2026-07-02 13:17:37,028 | INFO | Market Health: updating breadth EMA cache...
2026-07-02 13:17:38,726 | INFO | Breadth EMA cache: 130564 total rows (+100)
2026-07-02 13:17:38,749 | INFO | Market Health [NIFTY 50]: Score=23.5 | Weak Bull &#x1F7E1;
2026-07-02 13:17:38,767 | INFO | Market Health [Nifty Next 50]: Score=44.5 | Weak Bull &#x1F7E1;
2026-07-02 13:17:38,835 | INFO | Signal log: appended 7 new signals. Total rows: 383
2026-07-02 13:17:38,835 | INFO | Signal log written/updated: /home/runner/work/nifty100-reporter/nifty100-reporter/data/nifty100_signal_log.csv
2026-07-02 13:17:39,988 | INFO | Signal tracker: updated 185 Active signal rows.
2026-07-02 13:17:40,009 | INFO | HTML report written: /home/runner/work/nifty100-reporter/nifty100-reporter/reports/nifty100_daily_report_20260702.html
2026-07-02 13:17:40,017 | INFO | Market Health Excel sheet written.
2026-07-02 13:17:40,879 | INFO | Excel report written: /home/runner/work/nifty100-reporter/nifty100-reporter/reports/nifty100_daily_report_20260702.xlsx
2026-07-02 13:17:40,879 | INFO | GitHub Actions detected — skipping Gmail API send (workflow handles email).
2026-07-02 13:17:40,879 | INFO | Run completed successfully.
2026-07-02 13:17:40,879 | INFO | Artifacts: /home/runner/work/nifty100-reporter/nifty100-reporter/reports/nifty100_daily_report_20260702.html | /home/runner/work/nifty100-reporter/nifty100-reporter/reports/nifty100_daily_report_20260702.xlsx | log: /home/runner/work/nifty100-reporter/nifty100-reporter/logs/run_20260702_181558.log
