2026-08-04 12:45:52,268 | INFO | Nifty 100 Daily EMA Cross Reporter | Version 3.3.8 | Released 2026-04-17
2026-08-04 12:45:52,268 | INFO | Base directory: /home/runner/work/nifty100-reporter/nifty100-reporter
2026-08-04 12:45:52,268 | INFO | Loaded config. Email enabled: True | Recipients: 1
2026-08-04 12:45:52,416 | WARNING | NSE session bootstrap HTTP 403 (attempt 1/5) — refreshing NSE session cookie …
2026-08-04 12:46:03,707 | INFO | NSE session bootstrap status: 200
2026-08-04 12:46:03,707 | INFO | Downloading Nifty 100 universe from https://www.niftyindices.com/IndexConstituent/ind_nifty100list.csv
2026-08-04 12:46:03,861 | INFO | Universe download status: 200
2026-08-04 12:46:03,866 | INFO | Universe rows loaded: 100
2026-08-04 12:46:03,975 | INFO | Loaded history rows: 132853
2026-08-04 12:46:03,984 | INFO | yfinance history update: 100 symbols | 2026-08-02 → 2026-08-05
2026-08-04 12:46:03,984 | INFO | yfinance batch download: 100 symbols | 2026-08-02 → 2026-08-05
2026-08-04 12:46:08,256 | INFO | yfinance raw shape: (2, 500)
2026-08-04 12:46:08,585 | INFO | yfinance parsed rows after date-filter: 189
2026-08-04 12:46:08,586 | INFO | New rows from yfinance: 189
2026-08-04 12:46:09,352 | INFO | Saved history rows: 132954 | file: /home/runner/work/nifty100-reporter/nifty100-reporter/data/nifty100_ohlcv_history.csv
2026-08-04 12:46:09,467 | INFO | Loaded history rows: 132954
2026-08-04 12:46:09,468 | INFO | Latest OHLCV data is from 2026-08-04
2026-08-04 12:46:09,491 | INFO | Latest Delivery data is from 2026-08-03
2026-08-04 12:46:09,533 | INFO | Delivery cache has 31 dates — skipping backfill.
2026-08-04 12:46:09,533 | INFO | Delivery fetch attempt [0/7] — URL: https://archives.nseindia.com/products/content/sec_bhavdata_full_04082026.csv
2026-08-04 12:46:10,141 | INFO | Delivery fetch SUCCESS — date: 2026-08-04 | size: 372428 bytes | URL: https://archives.nseindia.com/products/content/sec_bhavdata_full_04082026.csv
2026-08-04 12:46:10,482 | INFO | Delivery cache updated: 2412 symbols for 2026-08-04 (rows in cache: 74241)
2026-08-04 12:46:10,483 | INFO | Delivery data: 2412 symbols | fallback=False
2026-08-04 12:46:10,864 | INFO | Corporate actions bulk OK: 109 raw rows | 6 Nifty100 symbols with events
2026-08-04 12:46:47,941 | INFO | Corporate actions: 6/100 symbols have events (window 04-08-2026 to 03-09-2026) | Symbols: ABB, BOSCHLTD, GRASIM, HYUNDAI, LODHA, MARUTI
2026-08-04 12:46:47,941 | INFO | Index membership from cache: NIFTY 50 (50 symbols)
2026-08-04 12:46:47,941 | INFO | Index membership from cache: Nifty Next 50 (50 symbols)
2026-08-04 12:46:47,941 | INFO | Index membership ready: 100 symbols mapped
2026-08-04 12:46:48,611 | INFO | News RSS query for ABB: https://news.google.com/rss/search?q=%22ABB+India+Ltd.%22+NSE+when:10d&hl=en-IN&gl=IN&ceid=IN:en
2026-08-04 12:46:48,875 | INFO | News RSS status for ABB: 200
2026-08-04 12:46:49,253 | INFO | News RSS query for ADANIENSOL: https://news.google.com/rss/search?q=%22Adani+Energy+Solutions+Ltd.%22+NSE+when:10d&hl=en-IN&gl=IN&ceid=IN:en
2026-08-04 12:46:49,481 | INFO | News RSS status for ADANIENSOL: 200
2026-08-04 12:46:53,057 | INFO | News RSS query for APOLLOHOSP: https://news.google.com/rss/search?q=%22Apollo+Hospitals+Enterprise+Ltd.%22+NSE+when:10d&hl=en-IN&gl=IN&ceid=IN:en
2026-08-04 12:46:53,275 | INFO | News RSS status for APOLLOHOSP: 200
2026-08-04 12:46:53,922 | INFO | News RSS query for ASIANPAINT: https://news.google.com/rss/search?q=%22Asian+Paints+Ltd.%22+NSE+when:10d&hl=en-IN&gl=IN&ceid=IN:en
2026-08-04 12:46:54,130 | INFO | News RSS status for ASIANPAINT: 200
2026-08-04 12:46:54,192 | INFO | News RSS query for ASIANPAINT: https://news.google.com/rss/search?q=%22Asian+Paints+Ltd.%22+NSE+when:10d&hl=en-IN&gl=IN&ceid=IN:en
2026-08-04 12:46:54,197 | INFO | News RSS status for ASIANPAINT: 200
2026-08-04 12:46:55,421 | INFO | News RSS query for BAJAJ-AUTO: https://news.google.com/rss/search?q=%22Bajaj+Auto+Ltd.%22+NSE+when:10d&hl=en-IN&gl=IN&ceid=IN:en
2026-08-04 12:46:55,798 | INFO | News RSS status for BAJAJ-AUTO: 200
2026-08-04 12:46:57,634 | INFO | News RSS query for BAJFINANCE: https://news.google.com/rss/search?q=%22Bajaj+Finance+Ltd.%22+NSE+when:10d&hl=en-IN&gl=IN&ceid=IN:en
2026-08-04 12:46:57,934 | INFO | News RSS status for BAJFINANCE: 200
2026-08-04 12:46:59,778 | INFO | News RSS query for BHARTIARTL: https://news.google.com/rss/search?q=%22Bharti+Airtel+Ltd.%22+NSE+when:10d&hl=en-IN&gl=IN&ceid=IN:en
2026-08-04 12:47:00,025 | INFO | News RSS status for BHARTIARTL: 200
2026-08-04 12:47:00,674 | INFO | News RSS query for BOSCHLTD: https://news.google.com/rss/search?q=%22Bosch+Ltd.%22+NSE+when:10d&hl=en-IN&gl=IN&ceid=IN:en
2026-08-04 12:47:00,888 | INFO | News RSS status for BOSCHLTD: 200
2026-08-04 12:47:00,951 | INFO | News RSS query for BOSCHLTD: https://news.google.com/rss/search?q=%22Bosch+Ltd.%22+NSE+when:10d&hl=en-IN&gl=IN&ceid=IN:en
2026-08-04 12:47:00,955 | INFO | News RSS status for BOSCHLTD: 200
2026-08-04 12:47:03,963 | INFO | News RSS query for CHOLAFIN: https://news.google.com/rss/search?q=%22Cholamandalam+Investment+and+Finance+Company+Ltd.%22+NSE+when:10d&hl=en-IN&gl=IN&ceid=IN:en
2026-08-04 12:47:04,170 | INFO | News RSS status for CHOLAFIN: 200
2026-08-04 12:47:04,825 | INFO | News RSS query for CIPLA: https://news.google.com/rss/search?q=%22Cipla+Ltd.%22+NSE+when:10d&hl=en-IN&gl=IN&ceid=IN:en
2026-08-04 12:47:05,068 | INFO | News RSS status for CIPLA: 200
2026-08-04 12:47:05,071 | INFO | News RSS query for CIPLA: https://news.google.com/rss/search?q=%22Cipla+Ltd.%22+stock+when:10d&hl=en-IN&gl=IN&ceid=IN:en
2026-08-04 12:47:05,301 | INFO | News RSS status for CIPLA: 200
2026-08-04 12:47:07,147 | INFO | News RSS query for DIVISLAB: https://news.google.com/rss/search?q=%22Divi%27s+Laboratories+Ltd.%22+NSE+when:10d&hl=en-IN&gl=IN&ceid=IN:en
2026-08-04 12:47:07,360 | INFO | News RSS status for DIVISLAB: 200
2026-08-04 12:47:07,361 | INFO | News RSS query for DIVISLAB: https://news.google.com/rss/search?q=%22Divi%27s+Laboratories+Ltd.%22+stock+when:10d&hl=en-IN&gl=IN&ceid=IN:en
2026-08-04 12:47:07,599 | INFO | News RSS status for DIVISLAB: 200
2026-08-04 12:47:09,987 | INFO | News RSS query for EICHERMOT: https://news.google.com/rss/search?q=%22Eicher+Motors+Ltd.%22+NSE+when:10d&hl=en-IN&gl=IN&ceid=IN:en
2026-08-04 12:47:10,206 | INFO | News RSS status for EICHERMOT: 200
2026-08-04 12:47:10,897 | INFO | News RSS query for ETERNAL: https://news.google.com/rss/search?q=%22Eternal+Ltd.%22+NSE+when:10d&hl=en-IN&gl=IN&ceid=IN:en
2026-08-04 12:47:11,138 | INFO | News RSS status for ETERNAL: 200
2026-08-04 12:47:11,791 | INFO | News RSS query for GAIL: https://news.google.com/rss/search?q=%22GAIL+%28India%29+Ltd.%22+NSE+when:10d&hl=en-IN&gl=IN&ceid=IN:en
2026-08-04 12:47:12,051 | INFO | News RSS status for GAIL: 200
2026-08-04 12:47:13,273 | INFO | News RSS query for GRASIM: https://news.google.com/rss/search?q=%22Grasim+Industries+Ltd.%22+NSE+when:10d&hl=en-IN&gl=IN&ceid=IN:en
2026-08-04 12:47:13,495 | INFO | News RSS status for GRASIM: 200
2026-08-04 12:47:13,559 | INFO | News RSS query for GRASIM: https://news.google.com/rss/search?q=%22Grasim+Industries+Ltd.%22+NSE+when:10d&hl=en-IN&gl=IN&ceid=IN:en
2026-08-04 12:47:13,564 | INFO | News RSS status for GRASIM: 200
2026-08-04 12:47:14,199 | INFO | News RSS query for HAL: https://news.google.com/rss/search?q=%22Hindustan+Aeronautics+Ltd.%22+NSE+when:10d&hl=en-IN&gl=IN&ceid=IN:en
2026-08-04 12:47:14,421 | INFO | News RSS status for HAL: 200
2026-08-04 12:47:17,411 | INFO | News RSS query for HINDALCO: https://news.google.com/rss/search?q=%22Hindalco+Industries+Ltd.%22+NSE+when:10d&hl=en-IN&gl=IN&ceid=IN:en
2026-08-04 12:47:17,630 | INFO | News RSS status for HINDALCO: 200
2026-08-04 12:47:18,866 | INFO | News RSS query for HINDZINC: https://news.google.com/rss/search?q=%22Hindustan+Zinc+Ltd.%22+NSE+when:10d&hl=en-IN&gl=IN&ceid=IN:en
2026-08-04 12:47:19,093 | INFO | News RSS status for HINDZINC: 200
2026-08-04 12:47:19,938 | INFO | News RSS query for ICICIBANK: https://news.google.com/rss/search?q=%22ICICI+Bank+Ltd.%22+NSE+when:10d&hl=en-IN&gl=IN&ceid=IN:en
2026-08-04 12:47:20,143 | INFO | News RSS status for ICICIBANK: 200
2026-08-04 12:47:20,786 | INFO | News RSS query for INDHOTEL: https://news.google.com/rss/search?q=%22Indian+Hotels+Co.+Ltd.%22+NSE+when:10d&hl=en-IN&gl=IN&ceid=IN:en
2026-08-04 12:47:20,968 | INFO | News RSS status for INDHOTEL: 200
2026-08-04 12:47:20,970 | INFO | News RSS query for INDHOTEL: https://news.google.com/rss/search?q=%22Indian+Hotels+Co.+Ltd.%22+stock+when:10d&hl=en-IN&gl=IN&ceid=IN:en
2026-08-04 12:47:21,186 | INFO | News RSS status for INDHOTEL: 200
2026-08-04 12:47:21,246 | INFO | News RSS query for INDHOTEL: https://news.google.com/rss/search?q=%22Indian+Hotels+Co.+Ltd.%22+NSE+when:10d&hl=en-IN&gl=IN&ceid=IN:en
2026-08-04 12:47:21,251 | INFO | News RSS status for INDHOTEL: 200
2026-08-04 12:47:21,253 | INFO | News RSS query for INDHOTEL: https://news.google.com/rss/search?q=%22Indian+Hotels+Co.+Ltd.%22+stock+when:10d&hl=en-IN&gl=IN&ceid=IN:en
2026-08-04 12:47:21,257 | INFO | News RSS status for INDHOTEL: 200
2026-08-04 12:47:21,897 | INFO | News RSS query for INDIGO: https://news.google.com/rss/search?q=%22InterGlobe+Aviation+Ltd.%22+NSE+when:10d&hl=en-IN&gl=IN&ceid=IN:en
2026-08-04 12:47:22,128 | INFO | News RSS status for INDIGO: 200
2026-08-04 12:47:26,002 | INFO | News RSS query for JSWSTEEL: https://news.google.com/rss/search?q=%22JSW+Steel+Ltd.%22+NSE+when:10d&hl=en-IN&gl=IN&ceid=IN:en
2026-08-04 12:47:26,223 | INFO | News RSS status for JSWSTEEL: 200
2026-08-04 12:47:26,871 | INFO | News RSS query for KOTAKBANK: https://news.google.com/rss/search?q=%22Kotak+Mahindra+Bank+Ltd.%22+NSE+when:10d&hl=en-IN&gl=IN&ceid=IN:en
2026-08-04 12:47:27,099 | INFO | News RSS status for KOTAKBANK: 200
2026-08-04 12:47:27,700 | INFO | News RSS query for LODHA: https://news.google.com/rss/search?q=%22Lodha+Developers+Ltd.%22+NSE+when:10d&hl=en-IN&gl=IN&ceid=IN:en
2026-08-04 12:47:27,902 | INFO | News RSS status for LODHA: 200
2026-08-04 12:47:27,966 | INFO | News RSS query for LODHA: https://news.google.com/rss/search?q=%22Lodha+Developers+Ltd.%22+NSE+when:10d&hl=en-IN&gl=IN&ceid=IN:en
2026-08-04 12:47:27,972 | INFO | News RSS status for LODHA: 200
2026-08-04 12:47:28,627 | INFO | News RSS query for LT: https://news.google.com/rss/search?q=%22Larsen+%26+Toubro+Ltd.%22+NSE+when:10d&hl=en-IN&gl=IN&ceid=IN:en
2026-08-04 12:47:28,883 | INFO | News RSS status for LT: 200
2026-08-04 12:47:28,890 | WARNING | Skipping LTM — only 113 bars available (need 220). Extend history_backfill_days in config.json to include this symbol.
2026-08-04 12:47:30,715 | INFO | News RSS query for MAXHEALTH: https://news.google.com/rss/search?q=%22Max+Healthcare+Institute+Ltd.%22+NSE+when:10d&hl=en-IN&gl=IN&ceid=IN:en
2026-08-04 12:47:30,926 | INFO | News RSS status for MAXHEALTH: 200
2026-08-04 12:47:32,155 | INFO | News RSS query for MOTHERSON: https://news.google.com/rss/search?q=%22Samvardhana+Motherson+International+Ltd.%22+NSE+when:10d&hl=en-IN&gl=IN&ceid=IN:en
2026-08-04 12:47:32,414 | INFO | News RSS status for MOTHERSON: 200
2026-08-04 12:47:33,654 | INFO | News RSS query for NESTLEIND: https://news.google.com/rss/search?q=%22Nestle+India+Ltd.%22+NSE+when:10d&hl=en-IN&gl=IN&ceid=IN:en
2026-08-04 12:47:33,880 | INFO | News RSS status for NESTLEIND: 200
2026-08-04 12:47:36,294 | INFO | News RSS query for PIDILITIND: https://news.google.com/rss/search?q=%22Pidilite+Industries+Ltd.%22+NSE+when:10d&hl=en-IN&gl=IN&ceid=IN:en
2026-08-04 12:47:36,540 | INFO | News RSS status for PIDILITIND: 200
2026-08-04 12:47:36,542 | INFO | News RSS query for PIDILITIND: https://news.google.com/rss/search?q=%22Pidilite+Industries+Ltd.%22+stock+when:10d&hl=en-IN&gl=IN&ceid=IN:en
2026-08-04 12:47:36,751 | INFO | News RSS status for PIDILITIND: 200
2026-08-04 12:47:38,568 | INFO | News RSS query for RECLTD: https://news.google.com/rss/search?q=%22REC+Ltd.%22+NSE+when:10d&hl=en-IN&gl=IN&ceid=IN:en
2026-08-04 12:47:38,778 | INFO | News RSS status for RECLTD: 200
2026-08-04 12:47:40,593 | INFO | News RSS query for SBIN: https://news.google.com/rss/search?q=%22State+Bank+of+India%22+NSE+when:10d&hl=en-IN&gl=IN&ceid=IN:en
2026-08-04 12:47:40,884 | INFO | News RSS status for SBIN: 200
2026-08-04 12:47:42,108 | INFO | News RSS query for SHRIRAMFIN: https://news.google.com/rss/search?q=%22Shriram+Finance+Ltd.%22+NSE+when:10d&hl=en-IN&gl=IN&ceid=IN:en
2026-08-04 12:47:42,340 | INFO | News RSS status for SHRIRAMFIN: 200
2026-08-04 12:47:42,987 | INFO | News RSS query for SIEMENS: https://news.google.com/rss/search?q=%22Siemens+Ltd.%22+NSE+when:10d&hl=en-IN&gl=IN&ceid=IN:en
2026-08-04 12:47:43,162 | INFO | News RSS status for SIEMENS: 200
2026-08-04 12:47:43,165 | INFO | News RSS query for SIEMENS: https://news.google.com/rss/search?q=%22Siemens+Ltd.%22+stock+when:10d&hl=en-IN&gl=IN&ceid=IN:en
2026-08-04 12:47:43,371 | INFO | News RSS status for SIEMENS: 200
2026-08-04 12:47:44,012 | INFO | News RSS query for SOLARINDS: https://news.google.com/rss/search?q=%22Solar+Industries+India+Ltd.%22+NSE+when:10d&hl=en-IN&gl=IN&ceid=IN:en
2026-08-04 12:47:44,236 | INFO | News RSS status for SOLARINDS: 200
2026-08-04 12:47:44,893 | INFO | News RSS query for SUNPHARMA: https://news.google.com/rss/search?q=%22Sun+Pharmaceutical+Industries+Ltd.%22+NSE+when:10d&hl=en-IN&gl=IN&ceid=IN:en
2026-08-04 12:47:45,094 | INFO | News RSS status for SUNPHARMA: 200
2026-08-04 12:47:45,097 | INFO | News RSS query for SUNPHARMA: https://news.google.com/rss/search?q=%22Sun+Pharmaceutical+Industries+Ltd.%22+stock+when:10d&hl=en-IN&gl=IN&ceid=IN:en
2026-08-04 12:47:45,321 | INFO | News RSS status for SUNPHARMA: 200
2026-08-04 12:47:45,325 | WARNING | Skipping TATACAP — only 201 bars available (need 220). Extend history_backfill_days in config.json to include this symbol.
2026-08-04 12:47:48,308 | INFO | News RSS query for TECHM: https://news.google.com/rss/search?q=%22Tech+Mahindra+Ltd.%22+NSE+when:10d&hl=en-IN&gl=IN&ceid=IN:en
2026-08-04 12:47:48,543 | INFO | News RSS status for TECHM: 200
2026-08-04 12:47:49,193 | INFO | News RSS query for TITAN: https://news.google.com/rss/search?q=%22Titan+Company+Ltd.%22+NSE+when:10d&hl=en-IN&gl=IN&ceid=IN:en
2026-08-04 12:47:49,429 | INFO | News RSS status for TITAN: 200
2026-08-04 12:47:49,434 | WARNING | Skipping TMCV — only 181 bars available (need 220). Extend history_backfill_days in config.json to include this symbol.
2026-08-04 12:47:49,435 | WARNING | Skipping TMPV — only 198 bars available (need 220). Extend history_backfill_days in config.json to include this symbol.
2026-08-04 12:47:50,086 | INFO | News RSS query for TORNTPHARM: https://news.google.com/rss/search?q=%22Torrent+Pharmaceuticals+Ltd.%22+NSE+when:10d&hl=en-IN&gl=IN&ceid=IN:en
2026-08-04 12:47:50,313 | INFO | News RSS status for TORNTPHARM: 200
2026-08-04 12:47:50,960 | INFO | News RSS query for TRENT: https://news.google.com/rss/search?q=%22Trent+Ltd.%22+NSE+when:10d&hl=en-IN&gl=IN&ceid=IN:en
2026-08-04 12:47:51,168 | INFO | News RSS status for TRENT: 200
2026-08-04 12:47:51,170 | INFO | News RSS query for TRENT: https://news.google.com/rss/search?q=%22Trent+Ltd.%22+stock+when:10d&hl=en-IN&gl=IN&ceid=IN:en
2026-08-04 12:47:51,390 | INFO | News RSS status for TRENT: 200
2026-08-04 12:47:52,038 | INFO | News RSS query for TVSMOTOR: https://news.google.com/rss/search?q=%22TVS+Motor+Company+Ltd.%22+NSE+when:10d&hl=en-IN&gl=IN&ceid=IN:en
2026-08-04 12:47:52,230 | INFO | News RSS status for TVSMOTOR: 200
2026-08-04 12:47:53,463 | INFO | News RSS query for UNIONBANK: https://news.google.com/rss/search?q=%22Union+Bank+of+India%22+NSE+when:10d&hl=en-IN&gl=IN&ceid=IN:en
2026-08-04 12:47:53,739 | INFO | News RSS status for UNIONBANK: 200
2026-08-04 12:47:54,029 | INFO | News RSS query for UNITDSPR: https://news.google.com/rss/search?q=%22United+Spirits+Ltd.%22+NSE+when:10d&hl=en-IN&gl=IN&ceid=IN:en
2026-08-04 12:47:54,234 | INFO | News RSS status for UNITDSPR: 200
2026-08-04 12:47:54,239 | WARNING | Skipping VAML — only 6 bars available (need 220). Extend history_backfill_days in config.json to include this symbol.
2026-08-04 12:47:55,429 | WARNING | Skipping VEDPOWER — only 4 bars available (need 220). Extend history_backfill_days in config.json to include this symbol.
2026-08-04 12:47:55,429 | WARNING | Skipping VISL — only 4 bars available (need 220). Extend history_backfill_days in config.json to include this symbol.
2026-08-04 12:47:55,430 | WARNING | Skipping VOGL — only 7 bars available (need 220). Extend history_backfill_days in config.json to include this symbol.
2026-08-04 12:47:56,669 | INFO | News RSS query for ZYDUSLIFE: https://news.google.com/rss/search?q=%22Zydus+Lifesciences+Ltd.%22+NSE+when:10d&hl=en-IN&gl=IN&ceid=IN:en
2026-08-04 12:47:56,878 | INFO | News RSS status for ZYDUSLIFE: 200
2026-08-04 12:47:56,880 | INFO | News RSS query for ZYDUSLIFE: https://news.google.com/rss/search?q=%22Zydus+Lifesciences+Ltd.%22+stock+when:10d&hl=en-IN&gl=IN&ceid=IN:en
2026-08-04 12:47:57,121 | INFO | News RSS status for ZYDUSLIFE: 200
2026-08-04 12:47:57,180 | INFO | News RSS query for ZYDUSLIFE: https://news.google.com/rss/search?q=%22Zydus+Lifesciences+Ltd.%22+NSE+when:10d&hl=en-IN&gl=IN&ceid=IN:en
2026-08-04 12:47:57,185 | INFO | News RSS status for ZYDUSLIFE: 200
2026-08-04 12:47:57,187 | INFO | News RSS query for ZYDUSLIFE: https://news.google.com/rss/search?q=%22Zydus+Lifesciences+Ltd.%22+stock+when:10d&hl=en-IN&gl=IN&ceid=IN:en
2026-08-04 12:47:57,192 | INFO | News RSS status for ZYDUSLIFE: 200
2026-08-04 12:47:57,251 | INFO | News RSS query for ZYDUSLIFE: https://news.google.com/rss/search?q=%22Zydus+Lifesciences+Ltd.%22+NSE+when:10d&hl=en-IN&gl=IN&ceid=IN:en
2026-08-04 12:47:57,255 | INFO | News RSS status for ZYDUSLIFE: 200
2026-08-04 12:47:57,257 | INFO | News RSS query for ZYDUSLIFE: https://news.google.com/rss/search?q=%22Zydus+Lifesciences+Ltd.%22+stock+when:10d&hl=en-IN&gl=IN&ceid=IN:en
2026-08-04 12:47:57,261 | INFO | News RSS status for ZYDUSLIFE: 200
2026-08-04 12:47:57,273 | INFO | Index membership from cache: NIFTY 50 (50 symbols)
2026-08-04 12:47:57,273 | INFO | Index membership from cache: Nifty Next 50 (50 symbols)
2026-08-04 12:47:57,273 | INFO | Index membership ready: 100 symbols mapped
2026-08-04 12:47:57,274 | INFO | Market Health: fetching index OHLCV...
2026-08-04 12:47:58,550 | WARNING | niftyindices failed NIFTY 50 2026-08-01-2026-08-04: Expecting value: line 1 column 2 (char 1)
2026-08-04 12:47:58,699 | INFO | Index OHLCV via yfinance (^NSEI) for NIFTY 50: 1435 rows
2026-08-04 12:47:59,995 | WARNING | niftyindices failed NIFTY NEXT 50 2026-08-01-2026-08-04: Expecting value: line 1 column 2 (char 1)
2026-08-04 12:48:00,125 | INFO | Index OHLCV via yfinance (JUNIORBEES.NS) for NIFTY NEXT 50: 1435 rows
2026-08-04 12:48:00,126 | INFO | Market Health: fetching VIX...
2026-08-04 12:48:01,397 | WARNING | niftyindices VIX failed 2026-08-01-2026-08-04: Expecting value: line 1 column 2 (char 1)
2026-08-04 12:48:01,504 | INFO | VIX via yfinance (^INDIAVIX): 133 rows
2026-08-04 12:48:01,505 | INFO | Market Health: updating breadth EMA cache...
2026-08-04 12:48:03,256 | INFO | Breadth EMA cache: 132864 total rows (+101)
2026-08-04 12:48:03,278 | INFO | Market Health [NIFTY 50]: Score=50.5 | Weak Bull &#x1F7E1;
2026-08-04 12:48:03,294 | INFO | Market Health [Nifty Next 50]: Score=10.0 | Sideways &#x1F7E0;
2026-08-04 12:48:03,403 | INFO | Signal log: appended 12 new signals. Total rows: 584
2026-08-04 12:48:03,403 | INFO | Signal log written/updated: /home/runner/work/nifty100-reporter/nifty100-reporter/data/nifty100_signal_log.csv
2026-08-04 12:48:04,681 | INFO | Signal tracker: updated 195 Active signal rows.
2026-08-04 12:48:04,703 | INFO | HTML report written: /home/runner/work/nifty100-reporter/nifty100-reporter/reports/nifty100_daily_report_20260804.html
2026-08-04 12:48:04,711 | INFO | Market Health Excel sheet written.
2026-08-04 12:48:05,977 | INFO | Excel report written: /home/runner/work/nifty100-reporter/nifty100-reporter/reports/nifty100_daily_report_20260804.xlsx
2026-08-04 12:48:05,977 | INFO | GitHub Actions detected — skipping Gmail API send (workflow handles email).
2026-08-04 12:48:05,977 | INFO | Run completed successfully.
2026-08-04 12:48:05,977 | INFO | Artifacts: /home/runner/work/nifty100-reporter/nifty100-reporter/reports/nifty100_daily_report_20260804.html | /home/runner/work/nifty100-reporter/nifty100-reporter/reports/nifty100_daily_report_20260804.xlsx | log: /home/runner/work/nifty100-reporter/nifty100-reporter/logs/run_20260804_181552.log
