2026-09-25 12:45:54,843 | INFO | Nifty 100 Daily EMA Cross Reporter | Version 3.3.8 | Released 2026-04-17
2026-09-25 12:45:54,843 | INFO | Base directory: /home/runner/work/nifty100-reporter/nifty100-reporter
2026-09-25 12:45:54,843 | INFO | Loaded config. Email enabled: True | Recipients: 1
2026-09-25 12:45:54,918 | WARNING | NSE session bootstrap HTTP 403 (attempt 1/5) — refreshing NSE session cookie …
2026-09-25 12:46:05,430 | INFO | NSE session bootstrap status: 200
2026-09-25 12:46:05,430 | INFO | Downloading Nifty 100 universe from https://www.niftyindices.com/IndexConstituent/ind_nifty100list.csv
2026-09-25 12:46:05,758 | INFO | Universe download status: 200
2026-09-25 12:46:05,762 | INFO | Universe rows loaded: 100
2026-09-25 12:46:05,887 | INFO | Loaded history rows: 136644
2026-09-25 12:46:05,894 | INFO | yfinance history update: 100 symbols | 2026-09-23 → 2026-09-26
2026-09-25 12:46:05,894 | INFO | yfinance batch download: 100 symbols | 2026-09-23 → 2026-09-26
2026-09-25 12:46:09,897 | INFO | yfinance raw shape: (3, 500)
2026-09-25 12:46:10,255 | INFO | yfinance parsed rows after date-filter: 300
2026-09-25 12:46:10,256 | INFO | New rows from yfinance: 300
2026-09-25 12:46:11,059 | INFO | Saved history rows: 136744 | file: /home/runner/work/nifty100-reporter/nifty100-reporter/data/nifty100_ohlcv_history.csv
2026-09-25 12:46:11,179 | INFO | Loaded history rows: 136744
2026-09-25 12:46:11,180 | INFO | Latest OHLCV data is from 2026-09-25
2026-09-25 12:46:11,210 | INFO | Latest Delivery data is from 2026-09-24
2026-09-25 12:46:11,257 | INFO | Delivery cache has 33 dates — skipping backfill.
2026-09-25 12:46:11,258 | INFO | Delivery fetch attempt [0/7] — URL: https://archives.nseindia.com/products/content/sec_bhavdata_full_25092026.csv
2026-09-25 12:46:12,695 | INFO | Delivery fetch SUCCESS — date: 2026-09-25 | size: 396933 bytes | URL: https://archives.nseindia.com/products/content/sec_bhavdata_full_25092026.csv
2026-09-25 12:46:13,104 | INFO | Delivery cache updated: 2660 symbols for 2026-09-25 (rows in cache: 86477)
2026-09-25 12:46:13,105 | INFO | Delivery data: 2660 symbols | fallback=False
2026-09-25 12:46:13,478 | INFO | Corporate actions bulk OK: 5 raw rows | 0 Nifty100 symbols with events
2026-09-25 12:46:43,305 | INFO | Corporate actions: 0/100 symbols have events (window 25-09-2026 to 25-10-2026) | Symbols: none
2026-09-25 12:46:43,305 | INFO | Index membership from cache: NIFTY 50 (50 symbols)
2026-09-25 12:46:43,306 | INFO | Index membership from cache: Nifty Next 50 (50 symbols)
2026-09-25 12:46:43,306 | INFO | Index membership ready: 100 symbols mapped
2026-09-25 12:46:46,255 | INFO | News RSS query for ADANIPORTS: https://news.google.com/rss/search?q=%22Adani+Ports+and+Special+Economic+Zone+Ltd.%22+NSE+when:10d&hl=en-IN&gl=IN&ceid=IN:en
2026-09-25 12:46:46,515 | INFO | News RSS status for ADANIPORTS: 200
2026-09-25 12:46:48,451 | INFO | News RSS query for APOLLOHOSP: https://news.google.com/rss/search?q=%22Apollo+Hospitals+Enterprise+Ltd.%22+NSE+when:10d&hl=en-IN&gl=IN&ceid=IN:en
2026-09-25 12:46:48,737 | INFO | News RSS status for APOLLOHOSP: 200
2026-09-25 12:46:55,055 | INFO | News RSS query for BOSCHLTD: https://news.google.com/rss/search?q=%22Bosch+Ltd.%22+NSE+when:10d&hl=en-IN&gl=IN&ceid=IN:en
2026-09-25 12:46:55,295 | INFO | News RSS status for BOSCHLTD: 200
2026-09-25 12:47:00,937 | INFO | News RSS query for DIVISLAB: https://news.google.com/rss/search?q=%22Divi%27s+Laboratories+Ltd.%22+NSE+when:10d&hl=en-IN&gl=IN&ceid=IN:en
2026-09-25 12:47:01,196 | INFO | News RSS status for DIVISLAB: 200
2026-09-25 12:47:01,198 | INFO | News RSS query for DIVISLAB: https://news.google.com/rss/search?q=%22Divi%27s+Laboratories+Ltd.%22+stock+when:10d&hl=en-IN&gl=IN&ceid=IN:en
2026-09-25 12:47:01,509 | INFO | News RSS status for DIVISLAB: 200
2026-09-25 12:47:02,189 | INFO | News RSS query for DLF: https://news.google.com/rss/search?q=%22DLF+Ltd.%22+NSE+when:10d&hl=en-IN&gl=IN&ceid=IN:en
2026-09-25 12:47:02,407 | INFO | News RSS status for DLF: 200
2026-09-25 12:47:02,481 | INFO | News RSS query for DLF: https://news.google.com/rss/search?q=%22DLF+Ltd.%22+NSE+when:10d&hl=en-IN&gl=IN&ceid=IN:en
2026-09-25 12:47:02,486 | INFO | News RSS status for DLF: 200
2026-09-25 12:47:02,558 | INFO | News RSS query for DLF: https://news.google.com/rss/search?q=%22DLF+Ltd.%22+NSE+when:10d&hl=en-IN&gl=IN&ceid=IN:en
2026-09-25 12:47:02,562 | INFO | News RSS status for DLF: 200
2026-09-25 12:47:05,158 | INFO | News RSS query for ETERNAL: https://news.google.com/rss/search?q=%22Eternal+Ltd.%22+NSE+when:10d&hl=en-IN&gl=IN&ceid=IN:en
2026-09-25 12:47:05,417 | INFO | News RSS status for ETERNAL: 200
2026-09-25 12:47:07,987 | INFO | News RSS query for HAL: https://news.google.com/rss/search?q=%22Hindustan+Aeronautics+Ltd.%22+NSE+when:10d&hl=en-IN&gl=IN&ceid=IN:en
2026-09-25 12:47:08,244 | INFO | News RSS status for HAL: 200
2026-09-25 12:47:12,639 | INFO | News RSS query for HINDZINC: https://news.google.com/rss/search?q=%22Hindustan+Zinc+Ltd.%22+NSE+when:10d&hl=en-IN&gl=IN&ceid=IN:en
2026-09-25 12:47:12,875 | INFO | News RSS status for HINDZINC: 200
2026-09-25 12:47:14,449 | INFO | News RSS query for INDHOTEL: https://news.google.com/rss/search?q=%22Indian+Hotels+Co.+Ltd.%22+NSE+when:10d&hl=en-IN&gl=IN&ceid=IN:en
2026-09-25 12:47:14,664 | INFO | News RSS status for INDHOTEL: 200
2026-09-25 12:47:14,665 | INFO | News RSS query for INDHOTEL: https://news.google.com/rss/search?q=%22Indian+Hotels+Co.+Ltd.%22+stock+when:10d&hl=en-IN&gl=IN&ceid=IN:en
2026-09-25 12:47:14,927 | INFO | News RSS status for INDHOTEL: 200
2026-09-25 12:47:14,929 | INFO | News RSS query for INDHOTEL: https://news.google.com/rss/search?q=INDHOTEL+NSE+when:10d&hl=en-IN&gl=IN&ceid=IN:en
2026-09-25 12:47:15,222 | INFO | News RSS status for INDHOTEL: 200
2026-09-25 12:47:18,360 | INFO | News RSS query for ITC: https://news.google.com/rss/search?q=%22ITC+Ltd.%22+NSE+when:10d&hl=en-IN&gl=IN&ceid=IN:en
2026-09-25 12:47:18,594 | INFO | News RSS status for ITC: 200
2026-09-25 12:47:19,273 | INFO | News RSS query for JINDALSTEL: https://news.google.com/rss/search?q=%22Jindal+Steel+Ltd.%22+NSE+when:10d&hl=en-IN&gl=IN&ceid=IN:en
2026-09-25 12:47:19,512 | INFO | News RSS status for JINDALSTEL: 200
2026-09-25 12:47:22,248 | WARNING | Skipping LTM — only 151 bars available (need 220). Extend history_backfill_days in config.json to include this symbol.
2026-09-25 12:47:25,389 | INFO | News RSS query for MOTHERSON: https://news.google.com/rss/search?q=%22Samvardhana+Motherson+International+Ltd.%22+NSE+when:10d&hl=en-IN&gl=IN&ceid=IN:en
2026-09-25 12:47:25,653 | INFO | News RSS status for MOTHERSON: 200
2026-09-25 12:47:25,727 | INFO | News RSS query for MOTHERSON: https://news.google.com/rss/search?q=%22Samvardhana+Motherson+International+Ltd.%22+NSE+when:10d&hl=en-IN&gl=IN&ceid=IN:en
2026-09-25 12:47:25,731 | INFO | News RSS status for MOTHERSON: 200
2026-09-25 12:47:25,804 | INFO | News RSS query for MOTHERSON: https://news.google.com/rss/search?q=%22Samvardhana+Motherson+International+Ltd.%22+NSE+when:10d&hl=en-IN&gl=IN&ceid=IN:en
2026-09-25 12:47:25,809 | INFO | News RSS status for MOTHERSON: 200
2026-09-25 12:47:30,224 | INFO | News RSS query for PNB: https://news.google.com/rss/search?q=%22Punjab+National+Bank%22+NSE+when:10d&hl=en-IN&gl=IN&ceid=IN:en
2026-09-25 12:47:30,591 | INFO | News RSS status for PNB: 200
2026-09-25 12:47:30,664 | INFO | News RSS query for PNB: https://news.google.com/rss/search?q=%22Punjab+National+Bank%22+NSE+when:10d&hl=en-IN&gl=IN&ceid=IN:en
2026-09-25 12:47:30,669 | INFO | News RSS status for PNB: 200
2026-09-25 12:47:35,665 | INFO | News RSS query for SIEMENS: https://news.google.com/rss/search?q=%22Siemens+Ltd.%22+NSE+when:10d&hl=en-IN&gl=IN&ceid=IN:en
2026-09-25 12:47:35,866 | INFO | News RSS status for SIEMENS: 200
2026-09-25 12:47:40,968 | WARNING | Skipping TMCV — only 219 bars available (need 220). Extend history_backfill_days in config.json to include this symbol.
2026-09-25 12:47:41,807 | INFO | News RSS query for TORNTPHARM: https://news.google.com/rss/search?q=%22Torrent+Pharmaceuticals+Ltd.%22+NSE+when:10d&hl=en-IN&gl=IN&ceid=IN:en
2026-09-25 12:47:42,098 | INFO | News RSS status for TORNTPHARM: 200
2026-09-25 12:47:42,101 | INFO | News RSS query for TORNTPHARM: https://news.google.com/rss/search?q=%22Torrent+Pharmaceuticals+Ltd.%22+stock+when:10d&hl=en-IN&gl=IN&ceid=IN:en
2026-09-25 12:47:42,320 | INFO | News RSS status for TORNTPHARM: 200
2026-09-25 12:47:42,391 | INFO | News RSS query for TORNTPHARM: https://news.google.com/rss/search?q=%22Torrent+Pharmaceuticals+Ltd.%22+NSE+when:10d&hl=en-IN&gl=IN&ceid=IN:en
2026-09-25 12:47:42,396 | INFO | News RSS status for TORNTPHARM: 200
2026-09-25 12:47:42,398 | INFO | News RSS query for TORNTPHARM: https://news.google.com/rss/search?q=%22Torrent+Pharmaceuticals+Ltd.%22+stock+when:10d&hl=en-IN&gl=IN&ceid=IN:en
2026-09-25 12:47:42,402 | INFO | News RSS status for TORNTPHARM: 200
2026-09-25 12:47:42,475 | INFO | News RSS query for TORNTPHARM: https://news.google.com/rss/search?q=%22Torrent+Pharmaceuticals+Ltd.%22+NSE+when:10d&hl=en-IN&gl=IN&ceid=IN:en
2026-09-25 12:47:42,481 | INFO | News RSS status for TORNTPHARM: 200
2026-09-25 12:47:42,483 | INFO | News RSS query for TORNTPHARM: https://news.google.com/rss/search?q=%22Torrent+Pharmaceuticals+Ltd.%22+stock+when:10d&hl=en-IN&gl=IN&ceid=IN:en
2026-09-25 12:47:42,487 | INFO | News RSS status for TORNTPHARM: 200
2026-09-25 12:47:45,209 | WARNING | Skipping VAML — only 6 bars available (need 220). Extend history_backfill_days in config.json to include this symbol.
2026-09-25 12:47:46,443 | WARNING | Skipping VEDPOWER — only 4 bars available (need 220). Extend history_backfill_days in config.json to include this symbol.
2026-09-25 12:47:46,443 | WARNING | Skipping VISL — only 4 bars available (need 220). Extend history_backfill_days in config.json to include this symbol.
2026-09-25 12:47:46,444 | WARNING | Skipping VOGL — only 7 bars available (need 220). Extend history_backfill_days in config.json to include this symbol.
2026-09-25 12:47:47,737 | INFO | News RSS query for ZYDUSLIFE: https://news.google.com/rss/search?q=%22Zydus+Lifesciences+Ltd.%22+NSE+when:10d&hl=en-IN&gl=IN&ceid=IN:en
2026-09-25 12:47:47,939 | INFO | News RSS status for ZYDUSLIFE: 200
2026-09-25 12:47:47,953 | INFO | Index membership from cache: NIFTY 50 (50 symbols)
2026-09-25 12:47:47,953 | INFO | Index membership from cache: Nifty Next 50 (50 symbols)
2026-09-25 12:47:47,953 | INFO | Index membership ready: 100 symbols mapped
2026-09-25 12:47:47,953 | INFO | Market Health: fetching index OHLCV...
2026-09-25 12:47:47,957 | INFO | Index OHLCV cache fresh for NIFTY 50 (1468 rows)
2026-09-25 12:47:49,400 | WARNING | niftyindices failed NIFTY NEXT 50 2026-09-22-2026-09-25: Expecting value: line 1 column 2 (char 1)
2026-09-25 12:47:49,505 | INFO | Index OHLCV via yfinance (JUNIORBEES.NS) for NIFTY NEXT 50: 1467 rows
2026-09-25 12:47:49,506 | INFO | Market Health: fetching VIX...
2026-09-25 12:47:49,508 | INFO | VIX cache fresh (166 rows)
2026-09-25 12:47:49,508 | INFO | Market Health: updating breadth EMA cache...
2026-09-25 12:47:51,430 | INFO | Breadth EMA cache: 136564 total rows (+100)
2026-09-25 12:47:51,453 | INFO | Market Health [NIFTY 50]: Score=-30.0 | Weak Bear &#x1F534;
2026-09-25 12:47:51,472 | INFO | Market Health [Nifty Next 50]: Score=-17.0 | Sideways &#x1F7E0;
2026-09-25 12:47:51,568 | INFO | Signal log: appended 10 new signals. Total rows: 827
2026-09-25 12:47:51,568 | INFO | Signal log written/updated: /home/runner/work/nifty100-reporter/nifty100-reporter/data/nifty100_signal_log.csv
2026-09-25 12:47:52,697 | INFO | Signal tracker: updated 150 Active signal rows.
2026-09-25 12:47:52,714 | INFO | HTML report written: /home/runner/work/nifty100-reporter/nifty100-reporter/reports/nifty100_daily_report_20260925.html
2026-09-25 12:47:52,724 | INFO | Market Health Excel sheet written.
2026-09-25 12:47:54,503 | INFO | Excel report written: /home/runner/work/nifty100-reporter/nifty100-reporter/reports/nifty100_daily_report_20260925.xlsx
2026-09-25 12:47:54,503 | INFO | GitHub Actions detected — skipping Gmail API send (workflow handles email).
2026-09-25 12:47:54,503 | INFO | Run completed successfully.
2026-09-25 12:47:54,503 | INFO | Artifacts: /home/runner/work/nifty100-reporter/nifty100-reporter/reports/nifty100_daily_report_20260925.html | /home/runner/work/nifty100-reporter/nifty100-reporter/reports/nifty100_daily_report_20260925.xlsx | log: /home/runner/work/nifty100-reporter/nifty100-reporter/logs/run_20260925_181554.log
