2026-07-10 12:45:57,230 | INFO | Nifty 100 Daily EMA Cross Reporter | Version 3.3.8 | Released 2026-04-17
2026-07-10 12:45:57,230 | INFO | Base directory: /home/runner/work/nifty100-reporter/nifty100-reporter
2026-07-10 12:45:57,230 | INFO | Loaded config. Email enabled: True | Recipients: 1
2026-07-10 12:45:57,331 | WARNING | NSE session bootstrap HTTP 403 (attempt 1/5) — refreshing NSE session cookie …
2026-07-10 12:46:07,718 | INFO | NSE session bootstrap status: 200
2026-07-10 12:46:07,719 | INFO | Downloading Nifty 100 universe from https://www.niftyindices.com/IndexConstituent/ind_nifty100list.csv
2026-07-10 12:46:08,204 | INFO | Universe download status: 200
2026-07-10 12:46:08,209 | INFO | Universe rows loaded: 100
2026-07-10 12:46:08,316 | INFO | Loaded history rows: 131154
2026-07-10 12:46:08,323 | INFO | yfinance history update: 100 symbols | 2026-07-08 → 2026-07-11
2026-07-10 12:46:08,324 | INFO | yfinance batch download: 100 symbols | 2026-07-08 → 2026-07-11
2026-07-10 12:46:08,326 | INFO | Failed to create TzCache, reason: Error creating TzCache folder: '/home/runner/.cache/py-yfinance' reason: [Errno 17] File exists: '/home/runner/.cache/py-yfinance'. TzCache will not be used. Tip: You can direct cache to use a different location with 'set_tz_cache_location(mylocation)'
2026-07-10 12:46:14,751 | INFO | yfinance raw shape: (3, 500)
2026-07-10 12:46:15,065 | INFO | yfinance parsed rows after date-filter: 300
2026-07-10 12:46:15,066 | INFO | New rows from yfinance: 300
2026-07-10 12:46:15,853 | INFO | Saved history rows: 131254 | file: /home/runner/work/nifty100-reporter/nifty100-reporter/data/nifty100_ohlcv_history.csv
2026-07-10 12:46:15,953 | INFO | Loaded history rows: 131254
2026-07-10 12:46:15,954 | INFO | Latest OHLCV data is from 2026-07-10
2026-07-10 12:46:15,980 | INFO | Latest Delivery data is from 2026-07-09
2026-07-10 12:46:16,023 | INFO | Delivery cache has 29 dates — skipping backfill.
2026-07-10 12:46:16,023 | INFO | Delivery fetch attempt [0/7] — URL: https://archives.nseindia.com/products/content/sec_bhavdata_full_10072026.csv
2026-07-10 12:46:16,541 | INFO | Delivery fetch SUCCESS — date: 2026-07-10 | size: 369269 bytes | URL: https://archives.nseindia.com/products/content/sec_bhavdata_full_10072026.csv
2026-07-10 12:46:16,867 | INFO | Delivery cache updated: 2370 symbols for 2026-07-10 (rows in cache: 72574)
2026-07-10 12:46:16,867 | INFO | Delivery data: 2370 symbols | fallback=False
2026-07-10 12:46:17,335 | INFO | Corporate actions bulk OK: 179 raw rows | 18 Nifty100 symbols with events
2026-07-10 12:46:44,906 | INFO | Corporate actions: 18/100 symbols have events (window 10-07-2026 to 09-08-2026) | Symbols: AXISBANK, BOSCHLTD, BRITANNIA, CHOLAFIN, CUMMINSIND, DIVISLAB, DRREDDY, HINDALCO, KOTAKBANK, MARUTI, MOTHERSON, NESTLEIND, PFC, PIDILITIND, SHREECEM, SOLARINDS, TCS, ZYDUSLIFE
2026-07-10 12:46:44,906 | INFO | Index membership from cache: NIFTY 50 (50 symbols)
2026-07-10 12:46:44,907 | INFO | Index membership from cache: Nifty Next 50 (50 symbols)
2026-07-10 12:46:44,907 | INFO | Index membership ready: 100 symbols mapped
2026-07-10 12:46:45,720 | INFO | News RSS query for ADANIENSOL: https://news.google.com/rss/search?q=%22Adani+Energy+Solutions+Ltd.%22+NSE+when:10d&hl=en-IN&gl=IN&ceid=IN:en
2026-07-10 12:46:45,981 | INFO | News RSS status for ADANIENSOL: 200
2026-07-10 12:46:46,531 | INFO | News RSS query for ADANIENT: https://news.google.com/rss/search?q=%22Adani+Enterprises+Ltd.%22+NSE+when:10d&hl=en-IN&gl=IN&ceid=IN:en
2026-07-10 12:46:46,770 | INFO | News RSS status for ADANIENT: 200
2026-07-10 12:46:47,325 | INFO | News RSS query for ADANIGREEN: https://news.google.com/rss/search?q=%22Adani+Green+Energy+Ltd.%22+NSE+when:10d&hl=en-IN&gl=IN&ceid=IN:en
2026-07-10 12:46:47,546 | INFO | News RSS status for ADANIGREEN: 200
2026-07-10 12:46:47,609 | INFO | News RSS query for ADANIGREEN: https://news.google.com/rss/search?q=%22Adani+Green+Energy+Ltd.%22+NSE+when:10d&hl=en-IN&gl=IN&ceid=IN:en
2026-07-10 12:46:47,622 | INFO | News RSS status for ADANIGREEN: 200
2026-07-10 12:46:48,176 | INFO | News RSS query for ADANIPORTS: https://news.google.com/rss/search?q=%22Adani+Ports+and+Special+Economic+Zone+Ltd.%22+NSE+when:10d&hl=en-IN&gl=IN&ceid=IN:en
2026-07-10 12:46:48,371 | INFO | News RSS status for ADANIPORTS: 200
2026-07-10 12:46:49,917 | INFO | News RSS query for APOLLOHOSP: https://news.google.com/rss/search?q=%22Apollo+Hospitals+Enterprise+Ltd.%22+NSE+when:10d&hl=en-IN&gl=IN&ceid=IN:en
2026-07-10 12:46:50,118 | INFO | News RSS status for APOLLOHOSP: 200
2026-07-10 12:46:50,120 | INFO | News RSS query for APOLLOHOSP: https://news.google.com/rss/search?q=%22Apollo+Hospitals+Enterprise+Ltd.%22+stock+when:10d&hl=en-IN&gl=IN&ceid=IN:en
2026-07-10 12:46:50,345 | INFO | News RSS status for APOLLOHOSP: 200
2026-07-10 12:46:50,894 | INFO | News RSS query for ASIANPAINT: https://news.google.com/rss/search?q=%22Asian+Paints+Ltd.%22+NSE+when:10d&hl=en-IN&gl=IN&ceid=IN:en
2026-07-10 12:46:51,102 | INFO | News RSS status for ASIANPAINT: 200
2026-07-10 12:46:51,105 | INFO | News RSS query for ASIANPAINT: https://news.google.com/rss/search?q=%22Asian+Paints+Ltd.%22+stock+when:10d&hl=en-IN&gl=IN&ceid=IN:en
2026-07-10 12:46:51,318 | INFO | News RSS status for ASIANPAINT: 200
2026-07-10 12:46:51,380 | INFO | News RSS query for ASIANPAINT: https://news.google.com/rss/search?q=%22Asian+Paints+Ltd.%22+NSE+when:10d&hl=en-IN&gl=IN&ceid=IN:en
2026-07-10 12:46:51,393 | INFO | News RSS status for ASIANPAINT: 200
2026-07-10 12:46:51,395 | INFO | News RSS query for ASIANPAINT: https://news.google.com/rss/search?q=%22Asian+Paints+Ltd.%22+stock+when:10d&hl=en-IN&gl=IN&ceid=IN:en
2026-07-10 12:46:51,408 | INFO | News RSS status for ASIANPAINT: 200
2026-07-10 12:46:52,449 | INFO | News RSS query for BAJAJ-AUTO: https://news.google.com/rss/search?q=%22Bajaj+Auto+Ltd.%22+NSE+when:10d&hl=en-IN&gl=IN&ceid=IN:en
2026-07-10 12:46:52,648 | INFO | News RSS status for BAJAJ-AUTO: 200
2026-07-10 12:46:52,652 | INFO | News RSS query for BAJAJ-AUTO: https://news.google.com/rss/search?q=%22Bajaj+Auto+Ltd.%22+stock+when:10d&hl=en-IN&gl=IN&ceid=IN:en
2026-07-10 12:46:52,876 | INFO | News RSS status for BAJAJ-AUTO: 200
2026-07-10 12:46:52,937 | INFO | News RSS query for BAJAJ-AUTO: https://news.google.com/rss/search?q=%22Bajaj+Auto+Ltd.%22+NSE+when:10d&hl=en-IN&gl=IN&ceid=IN:en
2026-07-10 12:46:52,949 | INFO | News RSS status for BAJAJ-AUTO: 200
2026-07-10 12:46:52,951 | INFO | News RSS query for BAJAJ-AUTO: https://news.google.com/rss/search?q=%22Bajaj+Auto+Ltd.%22+stock+when:10d&hl=en-IN&gl=IN&ceid=IN:en
2026-07-10 12:46:52,964 | INFO | News RSS status for BAJAJ-AUTO: 200
2026-07-10 12:46:53,025 | INFO | News RSS query for BAJAJ-AUTO: https://news.google.com/rss/search?q=%22Bajaj+Auto+Ltd.%22+NSE+when:10d&hl=en-IN&gl=IN&ceid=IN:en
2026-07-10 12:46:53,037 | INFO | News RSS status for BAJAJ-AUTO: 200
2026-07-10 12:46:53,039 | INFO | News RSS query for BAJAJ-AUTO: https://news.google.com/rss/search?q=%22Bajaj+Auto+Ltd.%22+stock+when:10d&hl=en-IN&gl=IN&ceid=IN:en
2026-07-10 12:46:53,052 | INFO | News RSS status for BAJAJ-AUTO: 200
2026-07-10 12:46:53,112 | INFO | News RSS query for BAJAJ-AUTO: https://news.google.com/rss/search?q=%22Bajaj+Auto+Ltd.%22+NSE+when:10d&hl=en-IN&gl=IN&ceid=IN:en
2026-07-10 12:46:53,123 | INFO | News RSS status for BAJAJ-AUTO: 200
2026-07-10 12:46:53,126 | INFO | News RSS query for BAJAJ-AUTO: https://news.google.com/rss/search?q=%22Bajaj+Auto+Ltd.%22+stock+when:10d&hl=en-IN&gl=IN&ceid=IN:en
2026-07-10 12:46:53,139 | INFO | News RSS status for BAJAJ-AUTO: 200
2026-07-10 12:46:54,694 | INFO | News RSS query for BAJFINANCE: https://news.google.com/rss/search?q=%22Bajaj+Finance+Ltd.%22+NSE+when:10d&hl=en-IN&gl=IN&ceid=IN:en
2026-07-10 12:46:54,924 | INFO | News RSS status for BAJFINANCE: 200
2026-07-10 12:46:56,957 | INFO | News RSS query for BOSCHLTD: https://news.google.com/rss/search?q=%22Bosch+Ltd.%22+NSE+when:10d&hl=en-IN&gl=IN&ceid=IN:en
2026-07-10 12:46:57,140 | INFO | News RSS status for BOSCHLTD: 200
2026-07-10 12:46:57,143 | INFO | News RSS query for BOSCHLTD: https://news.google.com/rss/search?q=%22Bosch+Ltd.%22+stock+when:10d&hl=en-IN&gl=IN&ceid=IN:en
2026-07-10 12:46:57,335 | INFO | News RSS status for BOSCHLTD: 200
2026-07-10 12:46:59,863 | INFO | News RSS query for CHOLAFIN: https://news.google.com/rss/search?q=%22Cholamandalam+Investment+and+Finance+Company+Ltd.%22+NSE+when:10d&hl=en-IN&gl=IN&ceid=IN:en
2026-07-10 12:47:00,093 | INFO | News RSS status for CHOLAFIN: 200
2026-07-10 12:47:00,095 | INFO | News RSS query for CHOLAFIN: https://news.google.com/rss/search?q=%22Cholamandalam+Investment+and+Finance+Company+Ltd.%22+stock+when:10d&hl=en-IN&gl=IN&ceid=IN:en
2026-07-10 12:47:00,302 | INFO | News RSS status for CHOLAFIN: 200
2026-07-10 12:47:01,845 | INFO | News RSS query for CUMMINSIND: https://news.google.com/rss/search?q=%22Cummins+India+Ltd.%22+NSE+when:10d&hl=en-IN&gl=IN&ceid=IN:en
2026-07-10 12:47:02,059 | INFO | News RSS status for CUMMINSIND: 200
2026-07-10 12:47:02,611 | INFO | News RSS query for DIVISLAB: https://news.google.com/rss/search?q=%22Divi%27s+Laboratories+Ltd.%22+NSE+when:10d&hl=en-IN&gl=IN&ceid=IN:en
2026-07-10 12:47:02,781 | INFO | News RSS status for DIVISLAB: 200
2026-07-10 12:47:02,782 | INFO | News RSS query for DIVISLAB: https://news.google.com/rss/search?q=%22Divi%27s+Laboratories+Ltd.%22+stock+when:10d&hl=en-IN&gl=IN&ceid=IN:en
2026-07-10 12:47:02,966 | INFO | News RSS status for DIVISLAB: 200
2026-07-10 12:47:04,985 | INFO | News RSS query for EICHERMOT: https://news.google.com/rss/search?q=%22Eicher+Motors+Ltd.%22+NSE+when:10d&hl=en-IN&gl=IN&ceid=IN:en
2026-07-10 12:47:05,182 | INFO | News RSS status for EICHERMOT: 200
2026-07-10 12:47:06,292 | INFO | News RSS query for GAIL: https://news.google.com/rss/search?q=%22GAIL+%28India%29+Ltd.%22+NSE+when:10d&hl=en-IN&gl=IN&ceid=IN:en
2026-07-10 12:47:06,490 | INFO | News RSS status for GAIL: 200
2026-07-10 12:47:07,538 | INFO | News RSS query for GRASIM: https://news.google.com/rss/search?q=%22Grasim+Industries+Ltd.%22+NSE+when:10d&hl=en-IN&gl=IN&ceid=IN:en
2026-07-10 12:47:07,728 | INFO | News RSS status for GRASIM: 200
2026-07-10 12:47:07,731 | INFO | News RSS query for GRASIM: https://news.google.com/rss/search?q=%22Grasim+Industries+Ltd.%22+stock+when:10d&hl=en-IN&gl=IN&ceid=IN:en
2026-07-10 12:47:07,932 | INFO | News RSS status for GRASIM: 200
2026-07-10 12:47:07,993 | INFO | News RSS query for GRASIM: https://news.google.com/rss/search?q=%22Grasim+Industries+Ltd.%22+NSE+when:10d&hl=en-IN&gl=IN&ceid=IN:en
2026-07-10 12:47:08,005 | INFO | News RSS status for GRASIM: 200
2026-07-10 12:47:08,007 | INFO | News RSS query for GRASIM: https://news.google.com/rss/search?q=%22Grasim+Industries+Ltd.%22+stock+when:10d&hl=en-IN&gl=IN&ceid=IN:en
2026-07-10 12:47:08,021 | INFO | News RSS status for GRASIM: 200
2026-07-10 12:47:08,573 | INFO | News RSS query for HAL: https://news.google.com/rss/search?q=%22Hindustan+Aeronautics+Ltd.%22+NSE+when:10d&hl=en-IN&gl=IN&ceid=IN:en
2026-07-10 12:47:08,760 | INFO | News RSS status for HAL: 200
2026-07-10 12:47:08,824 | INFO | News RSS query for HAL: https://news.google.com/rss/search?q=%22Hindustan+Aeronautics+Ltd.%22+NSE+when:10d&hl=en-IN&gl=IN&ceid=IN:en
2026-07-10 12:47:08,837 | INFO | News RSS status for HAL: 200
2026-07-10 12:47:09,392 | INFO | News RSS query for HCLTECH: https://news.google.com/rss/search?q=%22HCL+Technologies+Ltd.%22+NSE+when:10d&hl=en-IN&gl=IN&ceid=IN:en
2026-07-10 12:47:09,605 | INFO | News RSS status for HCLTECH: 200
2026-07-10 12:47:10,157 | INFO | News RSS query for HDFCAMC: https://news.google.com/rss/search?q=%22HDFC+Asset+Management+Company+Ltd.%22+NSE+when:10d&hl=en-IN&gl=IN&ceid=IN:en
2026-07-10 12:47:10,353 | INFO | News RSS status for HDFCAMC: 200
2026-07-10 12:47:14,031 | INFO | News RSS query for INDHOTEL: https://news.google.com/rss/search?q=%22Indian+Hotels+Co.+Ltd.%22+NSE+when:10d&hl=en-IN&gl=IN&ceid=IN:en
2026-07-10 12:47:14,224 | INFO | News RSS status for INDHOTEL: 200
2026-07-10 12:47:14,226 | INFO | News RSS query for INDHOTEL: https://news.google.com/rss/search?q=%22Indian+Hotels+Co.+Ltd.%22+stock+when:10d&hl=en-IN&gl=IN&ceid=IN:en
2026-07-10 12:47:14,428 | INFO | News RSS status for INDHOTEL: 200
2026-07-10 12:47:14,488 | INFO | News RSS query for INDHOTEL: https://news.google.com/rss/search?q=%22Indian+Hotels+Co.+Ltd.%22+NSE+when:10d&hl=en-IN&gl=IN&ceid=IN:en
2026-07-10 12:47:14,500 | INFO | News RSS status for INDHOTEL: 200
2026-07-10 12:47:14,502 | INFO | News RSS query for INDHOTEL: https://news.google.com/rss/search?q=%22Indian+Hotels+Co.+Ltd.%22+stock+when:10d&hl=en-IN&gl=IN&ceid=IN:en
2026-07-10 12:47:14,514 | INFO | News RSS status for INDHOTEL: 200
2026-07-10 12:47:19,663 | WARNING | Skipping LTM — only 96 bars available (need 220). Extend history_backfill_days in config.json to include this symbol.
2026-07-10 12:47:21,211 | INFO | News RSS query for MAXHEALTH: https://news.google.com/rss/search?q=%22Max+Healthcare+Institute+Ltd.%22+NSE+when:10d&hl=en-IN&gl=IN&ceid=IN:en
2026-07-10 12:47:21,410 | INFO | News RSS status for MAXHEALTH: 200
2026-07-10 12:47:21,476 | INFO | News RSS query for MAXHEALTH: https://news.google.com/rss/search?q=%22Max+Healthcare+Institute+Ltd.%22+NSE+when:10d&hl=en-IN&gl=IN&ceid=IN:en
2026-07-10 12:47:21,488 | INFO | News RSS status for MAXHEALTH: 200
2026-07-10 12:47:22,533 | INFO | News RSS query for MOTHERSON: https://news.google.com/rss/search?q=%22Samvardhana+Motherson+International+Ltd.%22+NSE+when:10d&hl=en-IN&gl=IN&ceid=IN:en
2026-07-10 12:47:22,718 | INFO | News RSS status for MOTHERSON: 200
2026-07-10 12:47:22,720 | INFO | News RSS query for MOTHERSON: https://news.google.com/rss/search?q=%22Samvardhana+Motherson+International+Ltd.%22+stock+when:10d&hl=en-IN&gl=IN&ceid=IN:en
2026-07-10 12:47:22,941 | INFO | News RSS status for MOTHERSON: 200
2026-07-10 12:47:23,006 | INFO | News RSS query for MOTHERSON: https://news.google.com/rss/search?q=%22Samvardhana+Motherson+International+Ltd.%22+NSE+when:10d&hl=en-IN&gl=IN&ceid=IN:en
2026-07-10 12:47:23,019 | INFO | News RSS status for MOTHERSON: 200
2026-07-10 12:47:23,020 | INFO | News RSS query for MOTHERSON: https://news.google.com/rss/search?q=%22Samvardhana+Motherson+International+Ltd.%22+stock+when:10d&hl=en-IN&gl=IN&ceid=IN:en
2026-07-10 12:47:23,032 | INFO | News RSS status for MOTHERSON: 200
2026-07-10 12:47:24,082 | INFO | News RSS query for NESTLEIND: https://news.google.com/rss/search?q=%22Nestle+India+Ltd.%22+NSE+when:10d&hl=en-IN&gl=IN&ceid=IN:en
2026-07-10 12:47:24,288 | INFO | News RSS status for NESTLEIND: 200
2026-07-10 12:47:24,291 | INFO | News RSS query for NESTLEIND: https://news.google.com/rss/search?q=%22Nestle+India+Ltd.%22+stock+when:10d&hl=en-IN&gl=IN&ceid=IN:en
2026-07-10 12:47:24,551 | INFO | News RSS status for NESTLEIND: 200
2026-07-10 12:47:26,550 | INFO | News RSS query for PIDILITIND: https://news.google.com/rss/search?q=%22Pidilite+Industries+Ltd.%22+NSE+when:10d&hl=en-IN&gl=IN&ceid=IN:en
2026-07-10 12:47:26,732 | INFO | News RSS status for PIDILITIND: 200
2026-07-10 12:47:26,733 | INFO | News RSS query for PIDILITIND: https://news.google.com/rss/search?q=%22Pidilite+Industries+Ltd.%22+stock+when:10d&hl=en-IN&gl=IN&ceid=IN:en
2026-07-10 12:47:26,944 | INFO | News RSS status for PIDILITIND: 200
2026-07-10 12:47:27,007 | INFO | News RSS query for PIDILITIND: https://news.google.com/rss/search?q=%22Pidilite+Industries+Ltd.%22+NSE+when:10d&hl=en-IN&gl=IN&ceid=IN:en
2026-07-10 12:47:27,019 | INFO | News RSS status for PIDILITIND: 200
2026-07-10 12:47:27,021 | INFO | News RSS query for PIDILITIND: https://news.google.com/rss/search?q=%22Pidilite+Industries+Ltd.%22+stock+when:10d&hl=en-IN&gl=IN&ceid=IN:en
2026-07-10 12:47:27,034 | INFO | News RSS status for PIDILITIND: 200
2026-07-10 12:47:29,991 | INFO | News RSS query for SBIN: https://news.google.com/rss/search?q=%22State+Bank+of+India%22+NSE+when:10d&hl=en-IN&gl=IN&ceid=IN:en
2026-07-10 12:47:30,301 | INFO | News RSS status for SBIN: 200
2026-07-10 12:47:31,330 | INFO | News RSS query for SHRIRAMFIN: https://news.google.com/rss/search?q=%22Shriram+Finance+Ltd.%22+NSE+when:10d&hl=en-IN&gl=IN&ceid=IN:en
2026-07-10 12:47:31,536 | INFO | News RSS status for SHRIRAMFIN: 200
2026-07-10 12:47:32,560 | INFO | News RSS query for SOLARINDS: https://news.google.com/rss/search?q=%22Solar+Industries+India+Ltd.%22+NSE+when:10d&hl=en-IN&gl=IN&ceid=IN:en
2026-07-10 12:47:32,789 | INFO | News RSS status for SOLARINDS: 200
2026-07-10 12:47:33,339 | INFO | News RSS query for SUNPHARMA: https://news.google.com/rss/search?q=%22Sun+Pharmaceutical+Industries+Ltd.%22+NSE+when:10d&hl=en-IN&gl=IN&ceid=IN:en
2026-07-10 12:47:33,601 | INFO | News RSS status for SUNPHARMA: 200
2026-07-10 12:47:33,607 | WARNING | Skipping TATACAP — only 184 bars available (need 220). Extend history_backfill_days in config.json to include this symbol.
2026-07-10 12:47:36,572 | INFO | News RSS query for TITAN: https://news.google.com/rss/search?q=%22Titan+Company+Ltd.%22+NSE+when:10d&hl=en-IN&gl=IN&ceid=IN:en
2026-07-10 12:47:36,832 | INFO | News RSS status for TITAN: 200
2026-07-10 12:47:36,838 | WARNING | Skipping TMCV — only 164 bars available (need 220). Extend history_backfill_days in config.json to include this symbol.
2026-07-10 12:47:36,838 | WARNING | Skipping TMPV — only 181 bars available (need 220). Extend history_backfill_days in config.json to include this symbol.
2026-07-10 12:47:37,393 | INFO | News RSS query for TORNTPHARM: https://news.google.com/rss/search?q=%22Torrent+Pharmaceuticals+Ltd.%22+NSE+when:10d&hl=en-IN&gl=IN&ceid=IN:en
2026-07-10 12:47:37,588 | INFO | News RSS status for TORNTPHARM: 200
2026-07-10 12:47:38,618 | INFO | News RSS query for TVSMOTOR: https://news.google.com/rss/search?q=%22TVS+Motor+Company+Ltd.%22+NSE+when:10d&hl=en-IN&gl=IN&ceid=IN:en
2026-07-10 12:47:38,817 | INFO | News RSS status for TVSMOTOR: 200
2026-07-10 12:47:39,994 | WARNING | Skipping VAML — only 6 bars available (need 220). Extend history_backfill_days in config.json to include this symbol.
2026-07-10 12:47:40,971 | WARNING | Skipping VEDPOWER — only 4 bars available (need 220). Extend history_backfill_days in config.json to include this symbol.
2026-07-10 12:47:40,971 | WARNING | Skipping VISL — only 4 bars available (need 220). Extend history_backfill_days in config.json to include this symbol.
2026-07-10 12:47:40,972 | WARNING | Skipping VOGL — only 7 bars available (need 220). Extend history_backfill_days in config.json to include this symbol.
2026-07-10 12:47:42,007 | INFO | News RSS query for ZYDUSLIFE: https://news.google.com/rss/search?q=%22Zydus+Lifesciences+Ltd.%22+NSE+when:10d&hl=en-IN&gl=IN&ceid=IN:en
2026-07-10 12:47:42,212 | INFO | News RSS status for ZYDUSLIFE: 200
2026-07-10 12:47:42,214 | INFO | News RSS query for ZYDUSLIFE: https://news.google.com/rss/search?q=%22Zydus+Lifesciences+Ltd.%22+stock+when:10d&hl=en-IN&gl=IN&ceid=IN:en
2026-07-10 12:47:42,434 | INFO | News RSS status for ZYDUSLIFE: 200
2026-07-10 12:47:42,448 | INFO | Index membership from cache: NIFTY 50 (50 symbols)
2026-07-10 12:47:42,448 | INFO | Index membership from cache: Nifty Next 50 (50 symbols)
2026-07-10 12:47:42,448 | INFO | Index membership ready: 100 symbols mapped
2026-07-10 12:47:42,448 | INFO | Market Health: fetching index OHLCV...
2026-07-10 12:47:42,451 | INFO | Index OHLCV cache fresh for NIFTY 50 (1416 rows)
2026-07-10 12:47:42,454 | INFO | Index OHLCV cache fresh for NIFTY NEXT 50 (1416 rows)
2026-07-10 12:47:42,454 | INFO | Market Health: fetching VIX...
2026-07-10 12:47:42,456 | INFO | VIX cache fresh (114 rows)
2026-07-10 12:47:42,456 | INFO | Market Health: updating breadth EMA cache...
2026-07-10 12:47:44,276 | INFO | Breadth EMA cache: 131164 total rows (+100)
2026-07-10 12:47:44,300 | INFO | Market Health [NIFTY 50]: Score=37.0 | Weak Bull &#x1F7E1;
2026-07-10 12:47:44,318 | INFO | Market Health [Nifty Next 50]: Score=-17.0 | Sideways &#x1F7E0;
2026-07-10 12:47:44,425 | INFO | Signal log: appended 13 new signals. Total rows: 428
2026-07-10 12:47:44,425 | INFO | Signal log written/updated: /home/runner/work/nifty100-reporter/nifty100-reporter/data/nifty100_signal_log.csv
2026-07-10 12:47:45,485 | INFO | Signal tracker: updated 159 Active signal rows.
2026-07-10 12:47:45,504 | INFO | HTML report written: /home/runner/work/nifty100-reporter/nifty100-reporter/reports/nifty100_daily_report_20260710.html
2026-07-10 12:47:45,512 | INFO | Market Health Excel sheet written.
2026-07-10 12:47:46,363 | INFO | Excel report written: /home/runner/work/nifty100-reporter/nifty100-reporter/reports/nifty100_daily_report_20260710.xlsx
2026-07-10 12:47:46,363 | INFO | GitHub Actions detected — skipping Gmail API send (workflow handles email).
2026-07-10 12:47:46,363 | INFO | Run completed successfully.
2026-07-10 12:47:46,363 | INFO | Artifacts: /home/runner/work/nifty100-reporter/nifty100-reporter/reports/nifty100_daily_report_20260710.html | /home/runner/work/nifty100-reporter/nifty100-reporter/reports/nifty100_daily_report_20260710.xlsx | log: /home/runner/work/nifty100-reporter/nifty100-reporter/logs/run_20260710_181557.log
