2026-06-11 12:45:58,529 | INFO | Nifty 100 Daily EMA Cross Reporter | Version 3.3.8 | Released 2026-04-17
2026-06-11 12:45:58,529 | INFO | Base directory: /home/runner/work/nifty100-reporter/nifty100-reporter
2026-06-11 12:45:58,529 | INFO | Loaded config. Email enabled: True | Recipients: 1
2026-06-11 12:45:58,625 | WARNING | NSE session bootstrap HTTP 403 (attempt 1/5) — refreshing NSE session cookie …
2026-06-11 12:46:09,083 | INFO | NSE session bootstrap status: 200
2026-06-11 12:46:09,084 | INFO | Downloading Nifty 100 universe from https://www.niftyindices.com/IndexConstituent/ind_nifty100list.csv
2026-06-11 12:46:09,920 | INFO | Universe download status: 200
2026-06-11 12:46:09,925 | INFO | Universe rows loaded: 104
2026-06-11 12:46:10,043 | INFO | Loaded history rows: 129133
2026-06-11 12:46:10,051 | INFO | yfinance history update: 104 symbols | 2026-06-09 → 2026-06-12
2026-06-11 12:46:10,051 | INFO | yfinance batch download: 104 symbols | 2026-06-09 → 2026-06-12
2026-06-11 12:46:10,053 | INFO | Failed to create TzCache, reason: Error creating TzCache folder: '/home/runner/.cache/py-yfinance' reason: [Errno 17] File exists: '/home/runner/.cache/py-yfinance'. TzCache will not be used. Tip: You can direct cache to use a different location with 'set_tz_cache_location(mylocation)'
2026-06-11 12:46:11,178 | ERROR | HTTP Error 404: {"quoteSummary":{"result":null,"error":{"code":"Not Found","description":"Quote not found for symbol: DUMMYVEDL3.NS"}}}
2026-06-11 12:46:11,278 | ERROR | $DUMMYVEDL3.NS: possibly delisted; no timezone found
2026-06-11 12:46:11,669 | ERROR | HTTP Error 404: {"quoteSummary":{"result":null,"error":{"code":"Not Found","description":"Quote not found for symbol: DUMMYVEDL2.NS"}}}
2026-06-11 12:46:11,771 | ERROR | $DUMMYVEDL2.NS: possibly delisted; no timezone found
2026-06-11 12:46:12,902 | ERROR | $DUMMYVEDL1.NS: possibly delisted; no timezone found
2026-06-11 12:46:14,443 | ERROR | $DUMMYVEDL4.NS: possibly delisted; no timezone found
2026-06-11 12:46:15,021 | ERROR | 
4 Failed downloads:
2026-06-11 12:46:15,021 | ERROR | ['DUMMYVEDL3.NS', 'DUMMYVEDL2.NS', 'DUMMYVEDL1.NS', 'DUMMYVEDL4.NS']: possibly delisted; no timezone found
2026-06-11 12:46:15,037 | INFO | yfinance raw shape: (3, 524)
2026-06-11 12:46:15,374 | INFO | yfinance parsed rows after date-filter: 300
2026-06-11 12:46:15,375 | INFO | New rows from yfinance: 300
2026-06-11 12:46:16,154 | INFO | Saved history rows: 129233 | file: /home/runner/work/nifty100-reporter/nifty100-reporter/data/nifty100_ohlcv_history.csv
2026-06-11 12:46:16,255 | INFO | Loaded history rows: 129233
2026-06-11 12:46:16,255 | INFO | Latest OHLCV data is from 2026-06-11
2026-06-11 12:46:16,281 | INFO | Latest Delivery data is from 2026-06-10
2026-06-11 12:46:16,325 | INFO | Delivery cache has 29 dates — skipping backfill.
2026-06-11 12:46:16,326 | INFO | Delivery fetch attempt [0/7] — URL: https://archives.nseindia.com/products/content/sec_bhavdata_full_11062026.csv
2026-06-11 12:46:17,727 | INFO | Delivery fetch SUCCESS — date: 2026-06-11 | size: 365381 bytes | URL: https://archives.nseindia.com/products/content/sec_bhavdata_full_11062026.csv
2026-06-11 12:46:18,065 | INFO | Delivery cache updated: 2433 symbols for 2026-06-11 (rows in cache: 73559)
2026-06-11 12:46:18,066 | INFO | Delivery data: 2433 symbols | fallback=False
2026-06-11 12:46:18,443 | INFO | Corporate actions bulk OK: 89 raw rows | 22 Nifty100 symbols with events
2026-06-11 12:46:43,674 | INFO | Corporate actions: 22/104 symbols have events (window 11-06-2026 to 11-07-2026) | Symbols: ADANIENT, ADANIPORTS, AMBUJACEM, ASIANPAINT, AXISBANK, BAJAJFINSV, BAJAJHLDNG, BAJFINANCE, CANBK, HDFCBANK, HDFCLIFE, HINDUNILVR, INDHOTEL, NESTLEIND, PNB, SHRIRAMFIN, TATAPOWER, TATASTEEL, TECHM, TMCV, TMPV, TRENT
2026-06-11 12:46:43,674 | INFO | Index membership from cache: NIFTY 50 (50 symbols)
2026-06-11 12:46:43,674 | INFO | Index membership from cache: Nifty Next 50 (50 symbols)
2026-06-11 12:46:43,675 | INFO | Index membership ready: 100 symbols mapped
2026-06-11 12:46:44,129 | INFO | News RSS query for ABB: https://news.google.com/rss/search?q=%22ABB+India+Ltd.%22+NSE+when:10d&hl=en-IN&gl=IN&ceid=IN:en
2026-06-11 12:46:44,377 | INFO | News RSS status for ABB: 200
2026-06-11 12:46:44,634 | INFO | News RSS query for ADANIENSOL: https://news.google.com/rss/search?q=%22Adani+Energy+Solutions+Ltd.%22+NSE+when:10d&hl=en-IN&gl=IN&ceid=IN:en
2026-06-11 12:46:44,895 | INFO | News RSS status for ADANIENSOL: 200
2026-06-11 12:46:45,333 | INFO | News RSS query for ADANIENT: https://news.google.com/rss/search?q=%22Adani+Enterprises+Ltd.%22+NSE+when:10d&hl=en-IN&gl=IN&ceid=IN:en
2026-06-11 12:46:45,555 | INFO | News RSS status for ADANIENT: 200
2026-06-11 12:46:45,999 | INFO | News RSS query for ADANIGREEN: https://news.google.com/rss/search?q=%22Adani+Green+Energy+Ltd.%22+NSE+when:10d&hl=en-IN&gl=IN&ceid=IN:en
2026-06-11 12:46:46,247 | INFO | News RSS status for ADANIGREEN: 200
2026-06-11 12:46:46,688 | INFO | News RSS query for ADANIPORTS: https://news.google.com/rss/search?q=%22Adani+Ports+and+Special+Economic+Zone+Ltd.%22+NSE+when:10d&hl=en-IN&gl=IN&ceid=IN:en
2026-06-11 12:46:46,888 | INFO | News RSS status for ADANIPORTS: 200
2026-06-11 12:46:47,329 | INFO | News RSS query for ADANIPOWER: https://news.google.com/rss/search?q=%22Adani+Power+Ltd.%22+NSE+when:10d&hl=en-IN&gl=IN&ceid=IN:en
2026-06-11 12:46:47,558 | INFO | News RSS status for ADANIPOWER: 200
2026-06-11 12:46:48,379 | INFO | News RSS query for APOLLOHOSP: https://news.google.com/rss/search?q=%22Apollo+Hospitals+Enterprise+Ltd.%22+NSE+when:10d&hl=en-IN&gl=IN&ceid=IN:en
2026-06-11 12:46:48,647 | INFO | News RSS status for APOLLOHOSP: 200
2026-06-11 12:46:49,091 | INFO | News RSS query for ASIANPAINT: https://news.google.com/rss/search?q=%22Asian+Paints+Ltd.%22+NSE+when:10d&hl=en-IN&gl=IN&ceid=IN:en
2026-06-11 12:46:49,416 | INFO | News RSS status for ASIANPAINT: 200
2026-06-11 12:46:49,417 | INFO | News RSS query for ASIANPAINT: https://news.google.com/rss/search?q=%22Asian+Paints+Ltd.%22+stock+when:10d&hl=en-IN&gl=IN&ceid=IN:en
2026-06-11 12:46:49,650 | INFO | News RSS status for ASIANPAINT: 200
2026-06-11 12:46:49,651 | INFO | News RSS query for ASIANPAINT: https://news.google.com/rss/search?q=ASIANPAINT+NSE+when:10d&hl=en-IN&gl=IN&ceid=IN:en
2026-06-11 12:46:49,923 | INFO | News RSS status for ASIANPAINT: 200
2026-06-11 12:46:52,278 | INFO | News RSS query for BANKBARODA: https://news.google.com/rss/search?q=%22Bank+of+Baroda%22+NSE+when:10d&hl=en-IN&gl=IN&ceid=IN:en
2026-06-11 12:46:52,532 | INFO | News RSS status for BANKBARODA: 200
2026-06-11 12:46:53,732 | INFO | News RSS query for BOSCHLTD: https://news.google.com/rss/search?q=%22Bosch+Ltd.%22+NSE+when:10d&hl=en-IN&gl=IN&ceid=IN:en
2026-06-11 12:46:53,956 | INFO | News RSS status for BOSCHLTD: 200
2026-06-11 12:46:53,959 | INFO | News RSS query for BOSCHLTD: https://news.google.com/rss/search?q=%22Bosch+Ltd.%22+stock+when:10d&hl=en-IN&gl=IN&ceid=IN:en
2026-06-11 12:46:54,174 | INFO | News RSS status for BOSCHLTD: 200
2026-06-11 12:46:55,771 | INFO | News RSS query for CGPOWER: https://news.google.com/rss/search?q=%22CG+Power+and+Industrial+Solutions+Ltd.%22+NSE+when:10d&hl=en-IN&gl=IN&ceid=IN:en
2026-06-11 12:46:56,008 | INFO | News RSS status for CGPOWER: 200
2026-06-11 12:46:57,596 | INFO | News RSS query for CUMMINSIND: https://news.google.com/rss/search?q=%22Cummins+India+Ltd.%22+NSE+when:10d&hl=en-IN&gl=IN&ceid=IN:en
2026-06-11 12:46:57,831 | INFO | News RSS status for CUMMINSIND: 200
2026-06-11 12:46:57,833 | INFO | News RSS query for CUMMINSIND: https://news.google.com/rss/search?q=%22Cummins+India+Ltd.%22+stock+when:10d&hl=en-IN&gl=IN&ceid=IN:en
2026-06-11 12:46:58,096 | INFO | News RSS status for CUMMINSIND: 200
2026-06-11 12:46:58,158 | INFO | News RSS query for CUMMINSIND: https://news.google.com/rss/search?q=%22Cummins+India+Ltd.%22+NSE+when:10d&hl=en-IN&gl=IN&ceid=IN:en
2026-06-11 12:46:58,167 | INFO | News RSS status for CUMMINSIND: 200
2026-06-11 12:46:58,169 | INFO | News RSS query for CUMMINSIND: https://news.google.com/rss/search?q=%22Cummins+India+Ltd.%22+stock+when:10d&hl=en-IN&gl=IN&ceid=IN:en
2026-06-11 12:46:58,177 | INFO | News RSS status for CUMMINSIND: 200
2026-06-11 12:47:00,239 | INFO | News RSS query for ENRIN: https://news.google.com/rss/search?q=%22Siemens+Energy+India+Ltd.%22+NSE+when:10d&hl=en-IN&gl=IN&ceid=IN:en
2026-06-11 12:47:00,437 | INFO | News RSS status for ENRIN: 200
2026-06-11 12:47:00,440 | INFO | News RSS query for ENRIN: https://news.google.com/rss/search?q=%22Siemens+Energy+India+Ltd.%22+stock+when:10d&hl=en-IN&gl=IN&ceid=IN:en
2026-06-11 12:47:00,650 | INFO | News RSS status for ENRIN: 200
2026-06-11 12:47:02,172 | INFO | News RSS query for GRASIM: https://news.google.com/rss/search?q=%22Grasim+Industries+Ltd.%22+NSE+when:10d&hl=en-IN&gl=IN&ceid=IN:en
2026-06-11 12:47:02,377 | INFO | News RSS status for GRASIM: 200
2026-06-11 12:47:10,279 | WARNING | Skipping LTM — only 76 bars available (need 220). Extend history_backfill_days in config.json to include this symbol.
2026-06-11 12:47:12,248 | INFO | News RSS query for MOTHERSON: https://news.google.com/rss/search?q=%22Samvardhana+Motherson+International+Ltd.%22+NSE+when:10d&hl=en-IN&gl=IN&ceid=IN:en
2026-06-11 12:47:12,528 | INFO | News RSS status for MOTHERSON: 200
2026-06-11 12:47:12,529 | INFO | News RSS query for MOTHERSON: https://news.google.com/rss/search?q=%22Samvardhana+Motherson+International+Ltd.%22+stock+when:10d&hl=en-IN&gl=IN&ceid=IN:en
2026-06-11 12:47:12,780 | INFO | News RSS status for MOTHERSON: 200
2026-06-11 12:47:13,601 | INFO | News RSS query for NESTLEIND: https://news.google.com/rss/search?q=%22Nestle+India+Ltd.%22+NSE+when:10d&hl=en-IN&gl=IN&ceid=IN:en
2026-06-11 12:47:13,879 | INFO | News RSS status for NESTLEIND: 200
2026-06-11 12:47:19,296 | INFO | News RSS query for SOLARINDS: https://news.google.com/rss/search?q=%22Solar+Industries+India+Ltd.%22+NSE+when:10d&hl=en-IN&gl=IN&ceid=IN:en
2026-06-11 12:47:19,527 | INFO | News RSS status for SOLARINDS: 200
2026-06-11 12:47:19,528 | INFO | News RSS query for SOLARINDS: https://news.google.com/rss/search?q=%22Solar+Industries+India+Ltd.%22+stock+when:10d&hl=en-IN&gl=IN&ceid=IN:en
2026-06-11 12:47:19,761 | INFO | News RSS status for SOLARINDS: 200
2026-06-11 12:47:20,147 | WARNING | Skipping TATACAP — only 164 bars available (need 220). Extend history_backfill_days in config.json to include this symbol.
2026-06-11 12:47:22,424 | WARNING | Skipping TMCV — only 144 bars available (need 220). Extend history_backfill_days in config.json to include this symbol.
2026-06-11 12:47:22,424 | WARNING | Skipping TMPV — only 161 bars available (need 220). Extend history_backfill_days in config.json to include this symbol.
2026-06-11 12:47:22,864 | INFO | News RSS query for TORNTPHARM: https://news.google.com/rss/search?q=%22Torrent+Pharmaceuticals+Ltd.%22+NSE+when:10d&hl=en-IN&gl=IN&ceid=IN:en
2026-06-11 12:47:23,087 | INFO | News RSS status for TORNTPHARM: 200
2026-06-11 12:47:23,087 | INFO | News RSS query for TORNTPHARM: https://news.google.com/rss/search?q=%22Torrent+Pharmaceuticals+Ltd.%22+stock+when:10d&hl=en-IN&gl=IN&ceid=IN:en
2026-06-11 12:47:23,332 | INFO | News RSS status for TORNTPHARM: 200
2026-06-11 12:47:25,429 | INFO | News RSS query for VBL: https://news.google.com/rss/search?q=%22Varun+Beverages+Ltd.%22+NSE+when:10d&hl=en-IN&gl=IN&ceid=IN:en
2026-06-11 12:47:25,639 | INFO | News RSS status for VBL: 200
2026-06-11 12:47:25,640 | INFO | News RSS query for VBL: https://news.google.com/rss/search?q=%22Varun+Beverages+Ltd.%22+stock+when:10d&hl=en-IN&gl=IN&ceid=IN:en
2026-06-11 12:47:25,852 | INFO | News RSS status for VBL: 200
2026-06-11 12:47:27,054 | INFO | News RSS query for ZYDUSLIFE: https://news.google.com/rss/search?q=%22Zydus+Lifesciences+Ltd.%22+NSE+when:10d&hl=en-IN&gl=IN&ceid=IN:en
2026-06-11 12:47:27,262 | INFO | News RSS status for ZYDUSLIFE: 200
2026-06-11 12:47:27,264 | INFO | News RSS query for ZYDUSLIFE: https://news.google.com/rss/search?q=%22Zydus+Lifesciences+Ltd.%22+stock+when:10d&hl=en-IN&gl=IN&ceid=IN:en
2026-06-11 12:47:27,469 | INFO | News RSS status for ZYDUSLIFE: 200
2026-06-11 12:47:27,529 | INFO | News RSS query for ZYDUSLIFE: https://news.google.com/rss/search?q=%22Zydus+Lifesciences+Ltd.%22+NSE+when:10d&hl=en-IN&gl=IN&ceid=IN:en
2026-06-11 12:47:27,538 | INFO | News RSS status for ZYDUSLIFE: 200
2026-06-11 12:47:27,539 | INFO | News RSS query for ZYDUSLIFE: https://news.google.com/rss/search?q=%22Zydus+Lifesciences+Ltd.%22+stock+when:10d&hl=en-IN&gl=IN&ceid=IN:en
2026-06-11 12:47:27,547 | INFO | News RSS status for ZYDUSLIFE: 200
2026-06-11 12:47:27,556 | INFO | Index membership from cache: NIFTY 50 (50 symbols)
2026-06-11 12:47:27,556 | INFO | Index membership from cache: Nifty Next 50 (50 symbols)
2026-06-11 12:47:27,556 | INFO | Index membership ready: 100 symbols mapped
2026-06-11 12:47:27,556 | INFO | Market Health: fetching index OHLCV...
2026-06-11 12:47:27,559 | INFO | Index OHLCV cache fresh for NIFTY 50 (1397 rows)
2026-06-11 12:47:27,562 | INFO | Index OHLCV cache fresh for NIFTY NEXT 50 (1397 rows)
2026-06-11 12:47:27,562 | INFO | Market Health: fetching VIX...
2026-06-11 12:47:27,563 | INFO | VIX cache fresh (95 rows)
2026-06-11 12:47:27,563 | INFO | Market Health: updating breadth EMA cache...
2026-06-11 12:47:29,370 | INFO | Breadth EMA cache: 129164 total rows (+100)
2026-06-11 12:47:29,392 | INFO | Market Health [NIFTY 50]: Score=-27.0 | Weak Bear &#x1F534;
2026-06-11 12:47:29,409 | INFO | Market Health [Nifty Next 50]: Score=26.5 | Weak Bull &#x1F7E1;
2026-06-11 12:47:29,456 | INFO | Signal log: appended 4 new signals. Total rows: 207
2026-06-11 12:47:29,456 | INFO | Signal log written/updated: /home/runner/work/nifty100-reporter/nifty100-reporter/data/nifty100_signal_log.csv
2026-06-11 12:47:29,898 | INFO | Signal tracker: updated 64 Active signal rows.
2026-06-11 12:47:29,910 | INFO | HTML report written: /home/runner/work/nifty100-reporter/nifty100-reporter/reports/nifty100_daily_report_20260611.html
2026-06-11 12:47:29,918 | INFO | Market Health Excel sheet written.
2026-06-11 12:47:30,339 | INFO | Excel report written: /home/runner/work/nifty100-reporter/nifty100-reporter/reports/nifty100_daily_report_20260611.xlsx
2026-06-11 12:47:30,339 | INFO | GitHub Actions detected — skipping Gmail API send (workflow handles email).
2026-06-11 12:47:30,339 | INFO | Run completed successfully.
2026-06-11 12:47:30,339 | INFO | Artifacts: /home/runner/work/nifty100-reporter/nifty100-reporter/reports/nifty100_daily_report_20260611.html | /home/runner/work/nifty100-reporter/nifty100-reporter/reports/nifty100_daily_report_20260611.xlsx | log: /home/runner/work/nifty100-reporter/nifty100-reporter/logs/run_20260611_181558.log
