2026-07-19 12:45:58,529 | INFO | Nifty 100 Daily EMA Cross Reporter | Version 3.3.8 | Released 2026-04-17
2026-07-19 12:45:58,529 | INFO | Base directory: /home/runner/work/nifty100-reporter/nifty100-reporter
2026-07-19 12:45:58,529 | INFO | Loaded config. Email enabled: True | Recipients: 1
2026-07-19 12:45:58,633 | WARNING | NSE session bootstrap HTTP 403 (attempt 1/5) — refreshing NSE session cookie …
2026-07-19 12:46:08,746 | INFO | NSE session bootstrap status: 200
2026-07-19 12:46:08,746 | INFO | Downloading Nifty 100 universe from https://www.niftyindices.com/IndexConstituent/ind_nifty100list.csv
2026-07-19 12:46:08,862 | INFO | Universe download status: 200
2026-07-19 12:46:08,867 | INFO | Universe rows loaded: 100
2026-07-19 12:46:08,986 | INFO | Loaded history rows: 131754
2026-07-19 12:46:08,994 | INFO | yfinance history update: 100 symbols | 2026-07-16 → 2026-07-20
2026-07-19 12:46:08,994 | INFO | yfinance batch download: 100 symbols | 2026-07-16 → 2026-07-20
2026-07-19 12:46:08,996 | INFO | Failed to create TzCache, reason: Error creating TzCache folder: '/home/runner/.cache/py-yfinance' reason: [Errno 17] File exists: '/home/runner/.cache/py-yfinance'. TzCache will not be used. Tip: You can direct cache to use a different location with 'set_tz_cache_location(mylocation)'
2026-07-19 12:46:17,482 | INFO | yfinance raw shape: (2, 500)
2026-07-19 12:46:17,810 | INFO | yfinance parsed rows after date-filter: 200
2026-07-19 12:46:17,811 | INFO | New rows from yfinance: 200
2026-07-19 12:46:18,588 | INFO | Saved history rows: 131754 | file: /home/runner/work/nifty100-reporter/nifty100-reporter/data/nifty100_ohlcv_history.csv
2026-07-19 12:46:18,702 | INFO | Loaded history rows: 131754
2026-07-19 12:46:18,703 | INFO | Latest OHLCV data is from 2026-07-17
2026-07-19 12:46:18,729 | INFO | Latest Delivery data is from 2026-07-17
2026-07-19 12:46:18,774 | INFO | Delivery cache has 33 dates — skipping backfill.
2026-07-19 12:46:18,774 | INFO | Delivery fetch attempt [2/7] — URL: https://archives.nseindia.com/products/content/sec_bhavdata_full_17072026.csv
2026-07-19 12:46:20,419 | INFO | Delivery fetch FAILED for 2026-07-17 — HTTP 503 — URL: https://archives.nseindia.com/products/content/sec_bhavdata_full_17072026.csv
2026-07-19 12:46:20,419 | INFO | Delivery fetch attempt [3/7] — URL: https://archives.nseindia.com/products/content/sec_bhavdata_full_16072026.csv
2026-07-19 12:46:21,885 | INFO | Delivery fetch FAILED for 2026-07-16 — HTTP 503 — URL: https://archives.nseindia.com/products/content/sec_bhavdata_full_16072026.csv
2026-07-19 12:46:21,886 | INFO | Delivery fetch attempt [4/7] — URL: https://archives.nseindia.com/products/content/sec_bhavdata_full_15072026.csv
2026-07-19 12:46:23,379 | INFO | Delivery fetch FAILED for 2026-07-15 — HTTP 503 — URL: https://archives.nseindia.com/products/content/sec_bhavdata_full_15072026.csv
2026-07-19 12:46:23,379 | INFO | Delivery fetch attempt [5/7] — URL: https://archives.nseindia.com/products/content/sec_bhavdata_full_14072026.csv
2026-07-19 12:46:24,859 | INFO | Delivery fetch FAILED for 2026-07-14 — HTTP 503 — URL: https://archives.nseindia.com/products/content/sec_bhavdata_full_14072026.csv
2026-07-19 12:46:24,859 | INFO | Delivery fetch attempt [6/7] — URL: https://archives.nseindia.com/products/content/sec_bhavdata_full_13072026.csv
2026-07-19 12:46:26,413 | INFO | Delivery fetch FAILED for 2026-07-13 — HTTP 503 — URL: https://archives.nseindia.com/products/content/sec_bhavdata_full_13072026.csv
2026-07-19 12:46:26,413 | WARNING | No delivery file found in last 7 calendar days. Using fallback.
2026-07-19 12:46:26,413 | WARNING | Using delivery fallback: 5-day avg from cache.
2026-07-19 12:46:26,445 | INFO | Fallback delivery: 2391 symbols from 5 cached dates.
2026-07-19 12:46:26,446 | INFO | Delivery data: 2391 symbols | fallback=True
2026-07-19 12:46:46,457 | WARNING | NSE corp-actions bulk fetch failed (attempt 1/5): HTTPSConnectionPool(host='www.nseindia.com', port=443): Read timed out. (read timeout=20) — retrying in 5s …
2026-07-19 12:47:11,518 | WARNING | NSE corp-actions bulk fetch failed (attempt 2/5): HTTPSConnectionPool(host='www.nseindia.com', port=443): Read timed out. (read timeout=20) — retrying in 5s …
2026-07-19 12:47:36,612 | WARNING | NSE corp-actions bulk fetch failed (attempt 3/5): HTTPSConnectionPool(host='www.nseindia.com', port=443): Read timed out. (read timeout=20) — retrying in 5s …
2026-07-19 12:48:01,677 | WARNING | NSE corp-actions bulk fetch failed (attempt 4/5): HTTPSConnectionPool(host='www.nseindia.com', port=443): Read timed out. (read timeout=20) — retrying in 5s …
2026-07-19 12:48:26,751 | ERROR | NSE corp-actions bulk fetch failed after 5 attempts: HTTPSConnectionPool(host='www.nseindia.com', port=443): Read timed out. (read timeout=20)
2026-07-19 12:48:26,751 | WARNING | Corporate actions bulk fetch failed: HTTPSConnectionPool(host='www.nseindia.com', port=443): Read timed out. (read timeout=20)
2026-07-19 12:48:41,800 | WARNING | NSE corp-actions ABB fetch failed (attempt 1/3): HTTPSConnectionPool(host='www.nseindia.com', port=443): Read timed out. (read timeout=15) — retrying in 5s …
2026-07-19 12:49:02,094 | WARNING | NSE corp-actions ADANIENSOL fetch failed (attempt 1/3): HTTPSConnectionPool(host='www.nseindia.com', port=443): Read timed out. (read timeout=15) — retrying in 5s …
2026-07-19 12:49:22,380 | WARNING | NSE corp-actions ADANIENT fetch failed (attempt 1/3): HTTPSConnectionPool(host='www.nseindia.com', port=443): Read timed out. (read timeout=15) — retrying in 5s …
2026-07-19 12:49:42,703 | WARNING | NSE corp-actions ADANIGREEN fetch failed (attempt 1/3): HTTPSConnectionPool(host='www.nseindia.com', port=443): Read timed out. (read timeout=15) — retrying in 5s …
2026-07-19 12:50:02,745 | WARNING | NSE corp-actions ADANIGREEN fetch failed (attempt 2/3): HTTPSConnectionPool(host='www.nseindia.com', port=443): Read timed out. (read timeout=15) — retrying in 5s …
2026-07-19 12:50:22,783 | ERROR | NSE corp-actions ADANIGREEN fetch failed after 3 attempts: HTTPSConnectionPool(host='www.nseindia.com', port=443): Read timed out. (read timeout=15)
2026-07-19 12:50:37,841 | WARNING | NSE corp-actions ADANIPORTS fetch failed (attempt 1/3): HTTPSConnectionPool(host='www.nseindia.com', port=443): Read timed out. (read timeout=15) — retrying in 5s …
2026-07-19 12:50:58,138 | WARNING | NSE corp-actions ADANIPOWER fetch failed (attempt 1/3): HTTPSConnectionPool(host='www.nseindia.com', port=443): Read timed out. (read timeout=15) — retrying in 5s …
2026-07-19 12:51:18,434 | WARNING | NSE corp-actions AMBUJACEM fetch failed (attempt 1/3): HTTPSConnectionPool(host='www.nseindia.com', port=443): Read timed out. (read timeout=15) — retrying in 5s …
2026-07-19 12:51:38,747 | WARNING | NSE corp-actions APOLLOHOSP fetch failed (attempt 1/3): HTTPSConnectionPool(host='www.nseindia.com', port=443): Read timed out. (read timeout=15) — retrying in 5s …
2026-07-19 12:51:58,833 | WARNING | NSE corp-actions APOLLOHOSP fetch failed (attempt 2/3): HTTPSConnectionPool(host='www.nseindia.com', port=443): Read timed out. (read timeout=15) — retrying in 5s …
2026-07-19 12:52:19,072 | WARNING | NSE corp-actions ASIANPAINT fetch failed (attempt 1/3): HTTPSConnectionPool(host='www.nseindia.com', port=443): Read timed out. (read timeout=15) — retrying in 5s …
2026-07-19 12:52:39,117 | WARNING | NSE corp-actions ASIANPAINT fetch failed (attempt 2/3): HTTPSConnectionPool(host='www.nseindia.com', port=443): Read timed out. (read timeout=15) — retrying in 5s …
2026-07-19 12:52:59,466 | WARNING | NSE corp-actions AXISBANK fetch failed (attempt 1/3): HTTPSConnectionPool(host='www.nseindia.com', port=443): Read timed out. (read timeout=15) — retrying in 5s …
2026-07-19 12:53:19,731 | WARNING | NSE corp-actions BAJAJ-AUTO fetch failed (attempt 1/3): HTTPSConnectionPool(host='www.nseindia.com', port=443): Read timed out. (read timeout=15) — retrying in 5s …
2026-07-19 12:53:40,024 | WARNING | NSE corp-actions BAJAJFINSV fetch failed (attempt 1/3): HTTPSConnectionPool(host='www.nseindia.com', port=443): Read timed out. (read timeout=15) — retrying in 5s …
2026-07-19 12:54:00,307 | WARNING | NSE corp-actions BAJAJHLDNG fetch failed (attempt 1/3): HTTPSConnectionPool(host='www.nseindia.com', port=443): Read timed out. (read timeout=15) — retrying in 5s …
2026-07-19 12:54:20,591 | WARNING | NSE corp-actions BAJFINANCE fetch failed (attempt 1/3): HTTPSConnectionPool(host='www.nseindia.com', port=443): Read timed out. (read timeout=15) — retrying in 5s …
2026-07-19 12:54:40,900 | WARNING | NSE corp-actions BANKBARODA fetch failed (attempt 1/3): HTTPSConnectionPool(host='www.nseindia.com', port=443): Read timed out. (read timeout=15) — retrying in 5s …
2026-07-19 12:55:01,180 | WARNING | NSE corp-actions BEL fetch failed (attempt 1/3): HTTPSConnectionPool(host='www.nseindia.com', port=443): Read timed out. (read timeout=15) — retrying in 5s …
2026-07-19 12:55:21,437 | WARNING | NSE corp-actions BHARTIARTL fetch failed (attempt 1/3): HTTPSConnectionPool(host='www.nseindia.com', port=443): Read timed out. (read timeout=15) — retrying in 5s …
2026-07-19 12:55:41,747 | WARNING | NSE corp-actions BOSCHLTD fetch failed (attempt 1/3): HTTPSConnectionPool(host='www.nseindia.com', port=443): Read timed out. (read timeout=15) — retrying in 5s …
2026-07-19 12:56:02,057 | WARNING | NSE corp-actions BPCL fetch failed (attempt 1/3): HTTPSConnectionPool(host='www.nseindia.com', port=443): Read timed out. (read timeout=15) — retrying in 5s …
2026-07-19 12:56:22,396 | WARNING | NSE corp-actions BRITANNIA fetch failed (attempt 1/3): HTTPSConnectionPool(host='www.nseindia.com', port=443): Read timed out. (read timeout=15) — retrying in 5s …
2026-07-19 12:56:42,671 | WARNING | NSE corp-actions CANBK fetch failed (attempt 1/3): HTTPSConnectionPool(host='www.nseindia.com', port=443): Read timed out. (read timeout=15) — retrying in 5s …
2026-07-19 12:57:02,963 | WARNING | NSE corp-actions CGPOWER fetch failed (attempt 1/3): HTTPSConnectionPool(host='www.nseindia.com', port=443): Read timed out. (read timeout=15) — retrying in 5s …
2026-07-19 12:57:23,009 | WARNING | NSE corp-actions CGPOWER fetch failed (attempt 2/3): HTTPSConnectionPool(host='www.nseindia.com', port=443): Read timed out. (read timeout=15) — retrying in 5s …
2026-07-19 12:57:43,317 | WARNING | NSE corp-actions CHOLAFIN fetch failed (attempt 1/3): HTTPSConnectionPool(host='www.nseindia.com', port=443): Read timed out. (read timeout=15) — retrying in 5s …
2026-07-19 12:58:03,405 | WARNING | NSE corp-actions CHOLAFIN fetch failed (attempt 2/3): HTTPSConnectionPool(host='www.nseindia.com', port=443): Read timed out. (read timeout=15) — retrying in 5s …
2026-07-19 12:58:23,459 | ERROR | NSE corp-actions CHOLAFIN fetch failed after 3 attempts: HTTPSConnectionPool(host='www.nseindia.com', port=443): Read timed out. (read timeout=15)
2026-07-19 12:58:38,503 | WARNING | NSE corp-actions CIPLA fetch failed (attempt 1/3): HTTPSConnectionPool(host='www.nseindia.com', port=443): Read timed out. (read timeout=15) — retrying in 5s …
2026-07-19 12:58:58,776 | WARNING | NSE corp-actions COALINDIA fetch failed (attempt 1/3): HTTPSConnectionPool(host='www.nseindia.com', port=443): Read timed out. (read timeout=15) — retrying in 5s …
2026-07-19 12:59:19,037 | WARNING | NSE corp-actions CUMMINSIND fetch failed (attempt 1/3): HTTPSConnectionPool(host='www.nseindia.com', port=443): Read timed out. (read timeout=15) — retrying in 5s …
2026-07-19 12:59:39,093 | WARNING | NSE corp-actions CUMMINSIND fetch failed (attempt 2/3): HTTPSConnectionPool(host='www.nseindia.com', port=443): Read timed out. (read timeout=15) — retrying in 5s …
2026-07-19 12:59:59,138 | ERROR | NSE corp-actions CUMMINSIND fetch failed after 3 attempts: HTTPSConnectionPool(host='www.nseindia.com', port=443): Read timed out. (read timeout=15)
2026-07-19 13:00:14,171 | WARNING | NSE corp-actions DIVISLAB fetch failed (attempt 1/3): HTTPSConnectionPool(host='www.nseindia.com', port=443): Read timed out. (read timeout=15) — retrying in 5s …
2026-07-19 13:00:34,217 | WARNING | NSE corp-actions DIVISLAB fetch failed (attempt 2/3): HTTPSConnectionPool(host='www.nseindia.com', port=443): Read timed out. (read timeout=15) — retrying in 5s …
2026-07-19 13:00:54,358 | ERROR | NSE corp-actions DIVISLAB fetch failed after 3 attempts: HTTPSConnectionPool(host='www.nseindia.com', port=443): Read timed out. (read timeout=15)
2026-07-19 13:01:09,413 | WARNING | NSE corp-actions DLF fetch failed (attempt 1/3): HTTPSConnectionPool(host='www.nseindia.com', port=443): Read timed out. (read timeout=15) — retrying in 5s …
2026-07-19 13:01:29,658 | WARNING | NSE corp-actions DMART fetch failed (attempt 1/3): HTTPSConnectionPool(host='www.nseindia.com', port=443): Read timed out. (read timeout=15) — retrying in 5s …
2026-07-19 13:01:49,765 | WARNING | NSE corp-actions DMART fetch failed (attempt 2/3): HTTPSConnectionPool(host='www.nseindia.com', port=443): Read timed out. (read timeout=15) — retrying in 5s …
2026-07-19 13:02:10,043 | WARNING | NSE corp-actions DRREDDY fetch failed (attempt 1/3): HTTPSConnectionPool(host='www.nseindia.com', port=443): Read timed out. (read timeout=15) — retrying in 5s …
2026-07-19 13:02:30,109 | WARNING | NSE corp-actions DRREDDY fetch failed (attempt 2/3): HTTPSConnectionPool(host='www.nseindia.com', port=443): Read timed out. (read timeout=15) — retrying in 5s …
2026-07-19 13:02:50,355 | WARNING | NSE corp-actions EICHERMOT fetch failed (attempt 1/3): HTTPSConnectionPool(host='www.nseindia.com', port=443): Read timed out. (read timeout=15) — retrying in 5s …
2026-07-19 13:03:10,440 | WARNING | NSE corp-actions EICHERMOT fetch failed (attempt 2/3): HTTPSConnectionPool(host='www.nseindia.com', port=443): Read timed out. (read timeout=15) — retrying in 5s …
2026-07-19 13:03:30,592 | WARNING | NSE corp-actions ENRIN fetch failed (attempt 1/3): HTTPSConnectionPool(host='www.nseindia.com', port=443): Read timed out. (read timeout=15) — retrying in 5s …
2026-07-19 13:03:50,679 | WARNING | NSE corp-actions ENRIN fetch failed (attempt 2/3): HTTPSConnectionPool(host='www.nseindia.com', port=443): Read timed out. (read timeout=15) — retrying in 5s …
2026-07-19 13:04:10,980 | WARNING | NSE corp-actions ETERNAL fetch failed (attempt 1/3): HTTPSConnectionPool(host='www.nseindia.com', port=443): Read timed out. (read timeout=15) — retrying in 5s …
2026-07-19 13:04:31,279 | WARNING | NSE corp-actions GAIL fetch failed (attempt 1/3): HTTPSConnectionPool(host='www.nseindia.com', port=443): Read timed out. (read timeout=15) — retrying in 5s …
2026-07-19 13:04:51,619 | WARNING | NSE corp-actions GODREJCP fetch failed (attempt 1/3): HTTPSConnectionPool(host='www.nseindia.com', port=443): Read timed out. (read timeout=15) — retrying in 5s …
2026-07-19 13:05:11,924 | WARNING | NSE corp-actions GRASIM fetch failed (attempt 1/3): HTTPSConnectionPool(host='www.nseindia.com', port=443): Read timed out. (read timeout=15) — retrying in 5s …
2026-07-19 13:05:32,260 | WARNING | NSE corp-actions HAL fetch failed (attempt 1/3): HTTPSConnectionPool(host='www.nseindia.com', port=443): Read timed out. (read timeout=15) — retrying in 5s …
2026-07-19 13:05:52,535 | WARNING | NSE corp-actions HCLTECH fetch failed (attempt 1/3): HTTPSConnectionPool(host='www.nseindia.com', port=443): Read timed out. (read timeout=15) — retrying in 5s …
2026-07-19 13:06:12,825 | WARNING | NSE corp-actions HDFCAMC fetch failed (attempt 1/3): HTTPSConnectionPool(host='www.nseindia.com', port=443): Read timed out. (read timeout=15) — retrying in 5s …
2026-07-19 13:06:33,133 | WARNING | NSE corp-actions HDFCBANK fetch failed (attempt 1/3): HTTPSConnectionPool(host='www.nseindia.com', port=443): Read timed out. (read timeout=15) — retrying in 5s …
2026-07-19 13:06:53,427 | WARNING | NSE corp-actions HDFCLIFE fetch failed (attempt 1/3): HTTPSConnectionPool(host='www.nseindia.com', port=443): Read timed out. (read timeout=15) — retrying in 5s …
2026-07-19 13:07:13,678 | WARNING | NSE corp-actions HINDALCO fetch failed (attempt 1/3): HTTPSConnectionPool(host='www.nseindia.com', port=443): Read timed out. (read timeout=15) — retrying in 5s …
2026-07-19 13:07:33,939 | WARNING | NSE corp-actions HINDUNILVR fetch failed (attempt 1/3): HTTPSConnectionPool(host='www.nseindia.com', port=443): Read timed out. (read timeout=15) — retrying in 5s …
2026-07-19 13:07:54,234 | WARNING | NSE corp-actions HINDZINC fetch failed (attempt 1/3): HTTPSConnectionPool(host='www.nseindia.com', port=443): Read timed out. (read timeout=15) — retrying in 5s …
2026-07-19 13:08:14,599 | WARNING | NSE corp-actions HYUNDAI fetch failed (attempt 1/3): HTTPSConnectionPool(host='www.nseindia.com', port=443): Read timed out. (read timeout=15) — retrying in 5s …
2026-07-19 13:08:34,782 | WARNING | NSE corp-actions HYUNDAI fetch failed (attempt 2/3): HTTPSConnectionPool(host='www.nseindia.com', port=443): Read timed out. (read timeout=15) — retrying in 5s …
2026-07-19 13:08:55,044 | WARNING | NSE corp-actions ICICIBANK fetch failed (attempt 1/3): HTTPSConnectionPool(host='www.nseindia.com', port=443): Read timed out. (read timeout=15) — retrying in 5s …
2026-07-19 13:09:15,402 | WARNING | NSE corp-actions INDHOTEL fetch failed (attempt 1/3): HTTPSConnectionPool(host='www.nseindia.com', port=443): Read timed out. (read timeout=15) — retrying in 5s …
2026-07-19 13:09:35,683 | WARNING | NSE corp-actions INDIGO fetch failed (attempt 1/3): HTTPSConnectionPool(host='www.nseindia.com', port=443): Read timed out. (read timeout=15) — retrying in 5s …
2026-07-19 13:09:55,925 | WARNING | NSE corp-actions INFY fetch failed (attempt 1/3): HTTPSConnectionPool(host='www.nseindia.com', port=443): Read timed out. (read timeout=15) — retrying in 5s …
2026-07-19 13:10:16,243 | WARNING | NSE corp-actions IOC fetch failed (attempt 1/3): HTTPSConnectionPool(host='www.nseindia.com', port=443): Read timed out. (read timeout=15) — retrying in 5s …
2026-07-19 13:10:36,529 | WARNING | NSE corp-actions IRFC fetch failed (attempt 1/3): HTTPSConnectionPool(host='www.nseindia.com', port=443): Read timed out. (read timeout=15) — retrying in 5s …
2026-07-19 13:10:56,811 | WARNING | NSE corp-actions ITC fetch failed (attempt 1/3): HTTPSConnectionPool(host='www.nseindia.com', port=443): Read timed out. (read timeout=15) — retrying in 5s …
2026-07-19 13:11:17,109 | WARNING | NSE corp-actions JINDALSTEL fetch failed (attempt 1/3): HTTPSConnectionPool(host='www.nseindia.com', port=443): Read timed out. (read timeout=15) — retrying in 5s …
2026-07-19 13:11:37,445 | WARNING | NSE corp-actions JIOFIN fetch failed (attempt 1/3): HTTPSConnectionPool(host='www.nseindia.com', port=443): Read timed out. (read timeout=15) — retrying in 5s …
2026-07-19 13:11:57,749 | WARNING | NSE corp-actions JSWSTEEL fetch failed (attempt 1/3): HTTPSConnectionPool(host='www.nseindia.com', port=443): Read timed out. (read timeout=15) — retrying in 5s …
2026-07-19 13:12:18,058 | WARNING | NSE corp-actions KOTAKBANK fetch failed (attempt 1/3): HTTPSConnectionPool(host='www.nseindia.com', port=443): Read timed out. (read timeout=15) — retrying in 5s …
2026-07-19 13:12:38,311 | WARNING | NSE corp-actions LODHA fetch failed (attempt 1/3): HTTPSConnectionPool(host='www.nseindia.com', port=443): Read timed out. (read timeout=15) — retrying in 5s …
2026-07-19 13:12:58,605 | WARNING | NSE corp-actions LT fetch failed (attempt 1/3): HTTPSConnectionPool(host='www.nseindia.com', port=443): Read timed out. (read timeout=15) — retrying in 5s …
2026-07-19 13:13:18,875 | WARNING | NSE corp-actions LTM fetch failed (attempt 1/3): HTTPSConnectionPool(host='www.nseindia.com', port=443): Read timed out. (read timeout=15) — retrying in 5s …
2026-07-19 13:13:39,155 | WARNING | NSE corp-actions M&M fetch failed (attempt 1/3): HTTPSConnectionPool(host='www.nseindia.com', port=443): Read timed out. (read timeout=15) — retrying in 5s …
2026-07-19 13:13:59,458 | WARNING | NSE corp-actions MARUTI fetch failed (attempt 1/3): HTTPSConnectionPool(host='www.nseindia.com', port=443): Read timed out. (read timeout=15) — retrying in 5s …
2026-07-19 13:14:19,503 | WARNING | NSE corp-actions MARUTI fetch failed (attempt 2/3): HTTPSConnectionPool(host='www.nseindia.com', port=443): Read timed out. (read timeout=15) — retrying in 5s …
2026-07-19 13:14:39,558 | ERROR | NSE corp-actions MARUTI fetch failed after 3 attempts: HTTPSConnectionPool(host='www.nseindia.com', port=443): Read timed out. (read timeout=15)
2026-07-19 13:14:54,603 | WARNING | NSE corp-actions MAXHEALTH fetch failed (attempt 1/3): HTTPSConnectionPool(host='www.nseindia.com', port=443): Read timed out. (read timeout=15) — retrying in 5s …
2026-07-19 13:15:14,850 | WARNING | NSE corp-actions MAZDOCK fetch failed (attempt 1/3): HTTPSConnectionPool(host='www.nseindia.com', port=443): Read timed out. (read timeout=15) — retrying in 5s …
2026-07-19 13:15:35,137 | WARNING | NSE corp-actions MOTHERSON fetch failed (attempt 1/3): HTTPSConnectionPool(host='www.nseindia.com', port=443): Read timed out. (read timeout=15) — retrying in 5s …
2026-07-19 13:15:55,386 | WARNING | NSE corp-actions MUTHOOTFIN fetch failed (attempt 1/3): HTTPSConnectionPool(host='www.nseindia.com', port=443): Read timed out. (read timeout=15) — retrying in 5s …
2026-07-19 13:16:15,645 | WARNING | NSE corp-actions NESTLEIND fetch failed (attempt 1/3): HTTPSConnectionPool(host='www.nseindia.com', port=443): Read timed out. (read timeout=15) — retrying in 5s …
2026-07-19 13:16:35,891 | WARNING | NSE corp-actions NTPC fetch failed (attempt 1/3): HTTPSConnectionPool(host='www.nseindia.com', port=443): Read timed out. (read timeout=15) — retrying in 5s …
2026-07-19 13:16:55,990 | WARNING | NSE corp-actions ONGC fetch failed (attempt 1/3): HTTPSConnectionPool(host='www.nseindia.com', port=443): Read timed out. (read timeout=15) — retrying in 5s …
2026-07-19 13:17:16,284 | WARNING | NSE corp-actions PFC fetch failed (attempt 1/3): HTTPSConnectionPool(host='www.nseindia.com', port=443): Read timed out. (read timeout=15) — retrying in 5s …
2026-07-19 13:17:36,681 | WARNING | NSE corp-actions PIDILITIND fetch failed (attempt 1/3): HTTPSConnectionPool(host='www.nseindia.com', port=443): Read timed out. (read timeout=15) — retrying in 5s …
2026-07-19 13:17:56,787 | WARNING | NSE corp-actions PIDILITIND fetch failed (attempt 2/3): HTTPSConnectionPool(host='www.nseindia.com', port=443): Read timed out. (read timeout=15) — retrying in 5s …
2026-07-19 13:18:16,874 | ERROR | NSE corp-actions PIDILITIND fetch failed after 3 attempts: HTTPSConnectionPool(host='www.nseindia.com', port=443): Read timed out. (read timeout=15)
2026-07-19 13:18:31,959 | WARNING | NSE corp-actions PNB fetch failed (attempt 1/3): HTTPSConnectionPool(host='www.nseindia.com', port=443): Read timed out. (read timeout=15) — retrying in 5s …
2026-07-19 13:18:52,257 | WARNING | NSE corp-actions POWERGRID fetch failed (attempt 1/3): HTTPSConnectionPool(host='www.nseindia.com', port=443): Read timed out. (read timeout=15) — retrying in 5s …
2026-07-19 13:19:12,543 | WARNING | NSE corp-actions RECLTD fetch failed (attempt 1/3): HTTPSConnectionPool(host='www.nseindia.com', port=443): Read timed out. (read timeout=15) — retrying in 5s …
2026-07-19 13:19:32,855 | WARNING | NSE corp-actions RELIANCE fetch failed (attempt 1/3): HTTPSConnectionPool(host='www.nseindia.com', port=443): Read timed out. (read timeout=15) — retrying in 5s …
2026-07-19 13:19:53,138 | WARNING | NSE corp-actions SBILIFE fetch failed (attempt 1/3): HTTPSConnectionPool(host='www.nseindia.com', port=443): Read timed out. (read timeout=15) — retrying in 5s …
2026-07-19 13:20:13,388 | WARNING | NSE corp-actions SBIN fetch failed (attempt 1/3): HTTPSConnectionPool(host='www.nseindia.com', port=443): Read timed out. (read timeout=15) — retrying in 5s …
2026-07-19 13:20:33,694 | WARNING | NSE corp-actions SHREECEM fetch failed (attempt 1/3): HTTPSConnectionPool(host='www.nseindia.com', port=443): Read timed out. (read timeout=15) — retrying in 5s …
2026-07-19 13:20:53,939 | WARNING | NSE corp-actions SHRIRAMFIN fetch failed (attempt 1/3): HTTPSConnectionPool(host='www.nseindia.com', port=443): Read timed out. (read timeout=15) — retrying in 5s …
2026-07-19 13:21:14,275 | WARNING | NSE corp-actions SIEMENS fetch failed (attempt 1/3): HTTPSConnectionPool(host='www.nseindia.com', port=443): Read timed out. (read timeout=15) — retrying in 5s …
2026-07-19 13:21:34,596 | WARNING | NSE corp-actions SOLARINDS fetch failed (attempt 1/3): HTTPSConnectionPool(host='www.nseindia.com', port=443): Read timed out. (read timeout=15) — retrying in 5s …
2026-07-19 13:21:54,845 | WARNING | NSE corp-actions SUNPHARMA fetch failed (attempt 1/3): HTTPSConnectionPool(host='www.nseindia.com', port=443): Read timed out. (read timeout=15) — retrying in 5s …
2026-07-19 13:22:15,196 | WARNING | NSE corp-actions TATACAP fetch failed (attempt 1/3): HTTPSConnectionPool(host='www.nseindia.com', port=443): Read timed out. (read timeout=15) — retrying in 5s …
2026-07-19 13:22:35,495 | WARNING | NSE corp-actions TATACONSUM fetch failed (attempt 1/3): HTTPSConnectionPool(host='www.nseindia.com', port=443): Read timed out. (read timeout=15) — retrying in 5s …
2026-07-19 13:22:55,890 | WARNING | NSE corp-actions TATAPOWER fetch failed (attempt 1/3): HTTPSConnectionPool(host='www.nseindia.com', port=443): Read timed out. (read timeout=15) — retrying in 5s …
2026-07-19 13:23:16,151 | WARNING | NSE corp-actions TATASTEEL fetch failed (attempt 1/3): HTTPSConnectionPool(host='www.nseindia.com', port=443): Read timed out. (read timeout=15) — retrying in 5s …
2026-07-19 13:23:36,456 | WARNING | NSE corp-actions TCS fetch failed (attempt 1/3): HTTPSConnectionPool(host='www.nseindia.com', port=443): Read timed out. (read timeout=15) — retrying in 5s …
2026-07-19 13:23:56,760 | WARNING | NSE corp-actions TECHM fetch failed (attempt 1/3): HTTPSConnectionPool(host='www.nseindia.com', port=443): Read timed out. (read timeout=15) — retrying in 5s …
2026-07-19 13:24:17,003 | WARNING | NSE corp-actions TITAN fetch failed (attempt 1/3): HTTPSConnectionPool(host='www.nseindia.com', port=443): Read timed out. (read timeout=15) — retrying in 5s …
2026-07-19 13:24:37,296 | WARNING | NSE corp-actions TMCV fetch failed (attempt 1/3): HTTPSConnectionPool(host='www.nseindia.com', port=443): Read timed out. (read timeout=15) — retrying in 5s …
2026-07-19 13:24:57,331 | WARNING | NSE corp-actions TMCV fetch failed (attempt 2/3): HTTPSConnectionPool(host='www.nseindia.com', port=443): Read timed out. (read timeout=15) — retrying in 5s …
2026-07-19 13:25:17,438 | WARNING | NSE corp-actions TMPV fetch failed (attempt 1/3): HTTPSConnectionPool(host='www.nseindia.com', port=443): Read timed out. (read timeout=15) — retrying in 5s …
2026-07-19 13:25:37,523 | WARNING | NSE corp-actions TMPV fetch failed (attempt 2/3): HTTPSConnectionPool(host='www.nseindia.com', port=443): Read timed out. (read timeout=15) — retrying in 5s …
2026-07-19 13:25:57,839 | WARNING | NSE corp-actions TORNTPHARM fetch failed (attempt 1/3): HTTPSConnectionPool(host='www.nseindia.com', port=443): Read timed out. (read timeout=15) — retrying in 5s …
2026-07-19 13:26:18,157 | WARNING | NSE corp-actions TRENT fetch failed (attempt 1/3): HTTPSConnectionPool(host='www.nseindia.com', port=443): Read timed out. (read timeout=15) — retrying in 5s …
2026-07-19 13:26:38,419 | WARNING | NSE corp-actions TVSMOTOR fetch failed (attempt 1/3): HTTPSConnectionPool(host='www.nseindia.com', port=443): Read timed out. (read timeout=15) — retrying in 5s …
2026-07-19 13:26:58,675 | WARNING | NSE corp-actions ULTRACEMCO fetch failed (attempt 1/3): HTTPSConnectionPool(host='www.nseindia.com', port=443): Read timed out. (read timeout=15) — retrying in 5s …
2026-07-19 13:27:18,983 | WARNING | NSE corp-actions UNIONBANK fetch failed (attempt 1/3): HTTPSConnectionPool(host='www.nseindia.com', port=443): Read timed out. (read timeout=15) — retrying in 5s …
2026-07-19 13:27:39,251 | WARNING | NSE corp-actions UNITDSPR fetch failed (attempt 1/3): HTTPSConnectionPool(host='www.nseindia.com', port=443): Read timed out. (read timeout=15) — retrying in 5s …
2026-07-19 13:27:59,617 | WARNING | NSE corp-actions VBL fetch failed (attempt 1/3): HTTPSConnectionPool(host='www.nseindia.com', port=443): Read timed out. (read timeout=15) — retrying in 5s …
2026-07-19 13:28:19,673 | WARNING | NSE corp-actions VBL fetch failed (attempt 2/3): HTTPSConnectionPool(host='www.nseindia.com', port=443): Read timed out. (read timeout=15) — retrying in 5s …
2026-07-19 13:28:39,959 | WARNING | NSE corp-actions VEDL fetch failed (attempt 1/3): HTTPSConnectionPool(host='www.nseindia.com', port=443): Read timed out. (read timeout=15) — retrying in 5s …
2026-07-19 13:29:00,279 | WARNING | NSE corp-actions WIPRO fetch failed (attempt 1/3): HTTPSConnectionPool(host='www.nseindia.com', port=443): Read timed out. (read timeout=15) — retrying in 5s …
2026-07-19 13:29:20,570 | WARNING | NSE corp-actions ZYDUSLIFE fetch failed (attempt 1/3): HTTPSConnectionPool(host='www.nseindia.com', port=443): Read timed out. (read timeout=15) — retrying in 5s …
2026-07-19 13:29:40,660 | WARNING | NSE corp-actions ZYDUSLIFE fetch failed (attempt 2/3): HTTPSConnectionPool(host='www.nseindia.com', port=443): Read timed out. (read timeout=15) — retrying in 5s …
2026-07-19 13:30:00,707 | ERROR | NSE corp-actions ZYDUSLIFE fetch failed after 3 attempts: HTTPSConnectionPool(host='www.nseindia.com', port=443): Read timed out. (read timeout=15)
2026-07-19 13:30:00,707 | INFO | Corporate actions: 0/100 symbols have events (window 19-07-2026 to 18-08-2026) | Symbols: none
2026-07-19 13:30:00,707 | INFO | Index membership from cache: NIFTY 50 (50 symbols)
2026-07-19 13:30:00,708 | INFO | Index membership from cache: Nifty Next 50 (50 symbols)
2026-07-19 13:30:00,708 | INFO | Index membership ready: 100 symbols mapped
2026-07-19 13:30:01,364 | INFO | News RSS query for ABB: https://news.google.com/rss/search?q=%22ABB+India+Ltd.%22+NSE+when:10d&hl=en-IN&gl=IN&ceid=IN:en
2026-07-19 13:30:01,587 | INFO | News RSS status for ABB: 200
2026-07-19 13:30:01,961 | INFO | News RSS query for ADANIENSOL: https://news.google.com/rss/search?q=%22Adani+Energy+Solutions+Ltd.%22+NSE+when:10d&hl=en-IN&gl=IN&ceid=IN:en
2026-07-19 13:30:02,142 | INFO | News RSS status for ADANIENSOL: 200
2026-07-19 13:30:02,780 | INFO | News RSS query for ADANIENT: https://news.google.com/rss/search?q=%22Adani+Enterprises+Ltd.%22+NSE+when:10d&hl=en-IN&gl=IN&ceid=IN:en
2026-07-19 13:30:02,961 | INFO | News RSS status for ADANIENT: 200
2026-07-19 13:30:03,614 | INFO | News RSS query for ADANIGREEN: https://news.google.com/rss/search?q=%22Adani+Green+Energy+Ltd.%22+NSE+when:10d&hl=en-IN&gl=IN&ceid=IN:en
2026-07-19 13:30:03,809 | INFO | News RSS status for ADANIGREEN: 200
2026-07-19 13:30:03,876 | INFO | News RSS query for ADANIGREEN: https://news.google.com/rss/search?q=%22Adani+Green+Energy+Ltd.%22+NSE+when:10d&hl=en-IN&gl=IN&ceid=IN:en
2026-07-19 13:30:03,880 | INFO | News RSS status for ADANIGREEN: 200
2026-07-19 13:30:04,525 | INFO | News RSS query for ADANIPORTS: https://news.google.com/rss/search?q=%22Adani+Ports+and+Special+Economic+Zone+Ltd.%22+NSE+when:10d&hl=en-IN&gl=IN&ceid=IN:en
2026-07-19 13:30:04,725 | INFO | News RSS status for ADANIPORTS: 200
2026-07-19 13:30:06,558 | INFO | News RSS query for APOLLOHOSP: https://news.google.com/rss/search?q=%22Apollo+Hospitals+Enterprise+Ltd.%22+NSE+when:10d&hl=en-IN&gl=IN&ceid=IN:en
2026-07-19 13:30:06,740 | INFO | News RSS status for APOLLOHOSP: 200
2026-07-19 13:30:08,570 | INFO | News RSS query for BAJAJ-AUTO: https://news.google.com/rss/search?q=%22Bajaj+Auto+Ltd.%22+NSE+when:10d&hl=en-IN&gl=IN&ceid=IN:en
2026-07-19 13:30:08,760 | INFO | News RSS status for BAJAJ-AUTO: 200
2026-07-19 13:30:10,605 | INFO | News RSS query for BAJFINANCE: https://news.google.com/rss/search?q=%22Bajaj+Finance+Ltd.%22+NSE+when:10d&hl=en-IN&gl=IN&ceid=IN:en
2026-07-19 13:30:10,847 | INFO | News RSS status for BAJFINANCE: 200
2026-07-19 13:30:13,246 | INFO | News RSS query for BOSCHLTD: https://news.google.com/rss/search?q=%22Bosch+Ltd.%22+NSE+when:10d&hl=en-IN&gl=IN&ceid=IN:en
2026-07-19 13:30:13,417 | INFO | News RSS status for BOSCHLTD: 200
2026-07-19 13:30:13,483 | INFO | News RSS query for BOSCHLTD: https://news.google.com/rss/search?q=%22Bosch+Ltd.%22+NSE+when:10d&hl=en-IN&gl=IN&ceid=IN:en
2026-07-19 13:30:13,487 | INFO | News RSS status for BOSCHLTD: 200
2026-07-19 13:30:16,476 | INFO | News RSS query for CHOLAFIN: https://news.google.com/rss/search?q=%22Cholamandalam+Investment+and+Finance+Company+Ltd.%22+NSE+when:10d&hl=en-IN&gl=IN&ceid=IN:en
2026-07-19 13:30:16,675 | INFO | News RSS status for CHOLAFIN: 200
2026-07-19 13:30:17,325 | INFO | News RSS query for CIPLA: https://news.google.com/rss/search?q=%22Cipla+Ltd.%22+NSE+when:10d&hl=en-IN&gl=IN&ceid=IN:en
2026-07-19 13:30:17,530 | INFO | News RSS status for CIPLA: 200
2026-07-19 13:30:17,594 | INFO | News RSS query for CIPLA: https://news.google.com/rss/search?q=%22Cipla+Ltd.%22+NSE+when:10d&hl=en-IN&gl=IN&ceid=IN:en
2026-07-19 13:30:17,598 | INFO | News RSS status for CIPLA: 200
2026-07-19 13:30:19,428 | INFO | News RSS query for DIVISLAB: https://news.google.com/rss/search?q=%22Divi%27s+Laboratories+Ltd.%22+NSE+when:10d&hl=en-IN&gl=IN&ceid=IN:en
2026-07-19 13:30:19,608 | INFO | News RSS status for DIVISLAB: 200
2026-07-19 13:30:22,004 | INFO | News RSS query for EICHERMOT: https://news.google.com/rss/search?q=%22Eicher+Motors+Ltd.%22+NSE+when:10d&hl=en-IN&gl=IN&ceid=IN:en
2026-07-19 13:30:22,195 | INFO | News RSS status for EICHERMOT: 200
2026-07-19 13:30:23,478 | INFO | News RSS query for GAIL: https://news.google.com/rss/search?q=%22GAIL+%28India%29+Ltd.%22+NSE+when:10d&hl=en-IN&gl=IN&ceid=IN:en
2026-07-19 13:30:23,649 | INFO | News RSS status for GAIL: 200
2026-07-19 13:30:23,715 | INFO | News RSS query for GAIL: https://news.google.com/rss/search?q=%22GAIL+%28India%29+Ltd.%22+NSE+when:10d&hl=en-IN&gl=IN&ceid=IN:en
2026-07-19 13:30:23,719 | INFO | News RSS status for GAIL: 200
2026-07-19 13:30:25,538 | INFO | News RSS query for HAL: https://news.google.com/rss/search?q=%22Hindustan+Aeronautics+Ltd.%22+NSE+when:10d&hl=en-IN&gl=IN&ceid=IN:en
2026-07-19 13:30:25,718 | INFO | News RSS status for HAL: 200
2026-07-19 13:30:26,946 | INFO | News RSS query for HDFCAMC: https://news.google.com/rss/search?q=%22HDFC+Asset+Management+Company+Ltd.%22+NSE+when:10d&hl=en-IN&gl=IN&ceid=IN:en
2026-07-19 13:30:27,127 | INFO | News RSS status for HDFCAMC: 200
2026-07-19 13:30:30,921 | INFO | News RSS query for ICICIBANK: https://news.google.com/rss/search?q=%22ICICI+Bank+Ltd.%22+NSE+when:10d&hl=en-IN&gl=IN&ceid=IN:en
2026-07-19 13:30:31,160 | INFO | News RSS status for ICICIBANK: 200
2026-07-19 13:30:31,827 | INFO | News RSS query for INDHOTEL: https://news.google.com/rss/search?q=%22Indian+Hotels+Co.+Ltd.%22+NSE+when:10d&hl=en-IN&gl=IN&ceid=IN:en
2026-07-19 13:30:31,997 | INFO | News RSS status for INDHOTEL: 200
2026-07-19 13:30:32,000 | INFO | News RSS query for INDHOTEL: https://news.google.com/rss/search?q=%22Indian+Hotels+Co.+Ltd.%22+stock+when:10d&hl=en-IN&gl=IN&ceid=IN:en
2026-07-19 13:30:32,192 | INFO | News RSS status for INDHOTEL: 200
2026-07-19 13:30:32,849 | INFO | News RSS query for INDIGO: https://news.google.com/rss/search?q=%22InterGlobe+Aviation+Ltd.%22+NSE+when:10d&hl=en-IN&gl=IN&ceid=IN:en
2026-07-19 13:30:33,044 | INFO | News RSS status for INDIGO: 200
2026-07-19 13:30:33,047 | INFO | News RSS query for INDIGO: https://news.google.com/rss/search?q=%22InterGlobe+Aviation+Ltd.%22+stock+when:10d&hl=en-IN&gl=IN&ceid=IN:en
2026-07-19 13:30:33,237 | INFO | News RSS status for INDIGO: 200
2026-07-19 13:30:36,511 | INFO | News RSS query for JIOFIN: https://news.google.com/rss/search?q=%22Jio+Financial+Services+Ltd.%22+NSE+when:10d&hl=en-IN&gl=IN&ceid=IN:en
2026-07-19 13:30:36,689 | INFO | News RSS status for JIOFIN: 200
2026-07-19 13:30:39,021 | WARNING | Skipping LTM — only 101 bars available (need 220). Extend history_backfill_days in config.json to include this symbol.
2026-07-19 13:30:40,842 | INFO | News RSS query for MAXHEALTH: https://news.google.com/rss/search?q=%22Max+Healthcare+Institute+Ltd.%22+NSE+when:10d&hl=en-IN&gl=IN&ceid=IN:en
2026-07-19 13:30:41,023 | INFO | News RSS status for MAXHEALTH: 200
2026-07-19 13:30:41,026 | INFO | News RSS query for MAXHEALTH: https://news.google.com/rss/search?q=%22Max+Healthcare+Institute+Ltd.%22+stock+when:10d&hl=en-IN&gl=IN&ceid=IN:en
2026-07-19 13:30:41,221 | INFO | News RSS status for MAXHEALTH: 200
2026-07-19 13:30:43,618 | INFO | News RSS query for NESTLEIND: https://news.google.com/rss/search?q=%22Nestle+India+Ltd.%22+NSE+when:10d&hl=en-IN&gl=IN&ceid=IN:en
2026-07-19 13:30:43,810 | INFO | News RSS status for NESTLEIND: 200
2026-07-19 13:30:46,214 | INFO | News RSS query for PIDILITIND: https://news.google.com/rss/search?q=%22Pidilite+Industries+Ltd.%22+NSE+when:10d&hl=en-IN&gl=IN&ceid=IN:en
2026-07-19 13:30:46,387 | INFO | News RSS status for PIDILITIND: 200
2026-07-19 13:30:46,388 | INFO | News RSS query for PIDILITIND: https://news.google.com/rss/search?q=%22Pidilite+Industries+Ltd.%22+stock+when:10d&hl=en-IN&gl=IN&ceid=IN:en
2026-07-19 13:30:46,588 | INFO | News RSS status for PIDILITIND: 200
2026-07-19 13:30:46,655 | INFO | News RSS query for PIDILITIND: https://news.google.com/rss/search?q=%22Pidilite+Industries+Ltd.%22+NSE+when:10d&hl=en-IN&gl=IN&ceid=IN:en
2026-07-19 13:30:46,658 | INFO | News RSS status for PIDILITIND: 200
2026-07-19 13:30:46,659 | INFO | News RSS query for PIDILITIND: https://news.google.com/rss/search?q=%22Pidilite+Industries+Ltd.%22+stock+when:10d&hl=en-IN&gl=IN&ceid=IN:en
2026-07-19 13:30:46,662 | INFO | News RSS status for PIDILITIND: 200
2026-07-19 13:30:50,202 | INFO | News RSS query for SBIN: https://news.google.com/rss/search?q=%22State+Bank+of+India%22+NSE+when:10d&hl=en-IN&gl=IN&ceid=IN:en
2026-07-19 13:30:50,524 | INFO | News RSS status for SBIN: 200
2026-07-19 13:30:51,763 | INFO | News RSS query for SHRIRAMFIN: https://news.google.com/rss/search?q=%22Shriram+Finance+Ltd.%22+NSE+when:10d&hl=en-IN&gl=IN&ceid=IN:en
2026-07-19 13:30:51,956 | INFO | News RSS status for SHRIRAMFIN: 200
2026-07-19 13:30:53,183 | INFO | News RSS query for SOLARINDS: https://news.google.com/rss/search?q=%22Solar+Industries+India+Ltd.%22+NSE+when:10d&hl=en-IN&gl=IN&ceid=IN:en
2026-07-19 13:30:53,359 | INFO | News RSS status for SOLARINDS: 200
2026-07-19 13:30:54,014 | INFO | News RSS query for SUNPHARMA: https://news.google.com/rss/search?q=%22Sun+Pharmaceutical+Industries+Ltd.%22+NSE+when:10d&hl=en-IN&gl=IN&ceid=IN:en
2026-07-19 13:30:54,227 | INFO | News RSS status for SUNPHARMA: 200
2026-07-19 13:30:54,233 | WARNING | Skipping TATACAP — only 189 bars available (need 220). Extend history_backfill_days in config.json to include this symbol.
2026-07-19 13:30:57,844 | INFO | News RSS query for TITAN: https://news.google.com/rss/search?q=%22Titan+Company+Ltd.%22+NSE+when:10d&hl=en-IN&gl=IN&ceid=IN:en
2026-07-19 13:30:58,050 | INFO | News RSS status for TITAN: 200
2026-07-19 13:30:58,056 | WARNING | Skipping TMCV — only 169 bars available (need 220). Extend history_backfill_days in config.json to include this symbol.
2026-07-19 13:30:58,056 | WARNING | Skipping TMPV — only 186 bars available (need 220). Extend history_backfill_days in config.json to include this symbol.
2026-07-19 13:30:58,715 | INFO | News RSS query for TORNTPHARM: https://news.google.com/rss/search?q=%22Torrent+Pharmaceuticals+Ltd.%22+NSE+when:10d&hl=en-IN&gl=IN&ceid=IN:en
2026-07-19 13:30:58,905 | INFO | News RSS status for TORNTPHARM: 200
2026-07-19 13:31:00,123 | INFO | News RSS query for TVSMOTOR: https://news.google.com/rss/search?q=%22TVS+Motor+Company+Ltd.%22+NSE+when:10d&hl=en-IN&gl=IN&ceid=IN:en
2026-07-19 13:31:00,327 | INFO | News RSS status for TVSMOTOR: 200
2026-07-19 13:31:01,735 | WARNING | Skipping VAML — only 6 bars available (need 220). Extend history_backfill_days in config.json to include this symbol.
2026-07-19 13:31:02,895 | WARNING | Skipping VEDPOWER — only 4 bars available (need 220). Extend history_backfill_days in config.json to include this symbol.
2026-07-19 13:31:02,896 | WARNING | Skipping VISL — only 4 bars available (need 220). Extend history_backfill_days in config.json to include this symbol.
2026-07-19 13:31:02,897 | WARNING | Skipping VOGL — only 7 bars available (need 220). Extend history_backfill_days in config.json to include this symbol.
2026-07-19 13:31:04,131 | INFO | News RSS query for ZYDUSLIFE: https://news.google.com/rss/search?q=%22Zydus+Lifesciences+Ltd.%22+NSE+when:10d&hl=en-IN&gl=IN&ceid=IN:en
2026-07-19 13:31:04,292 | INFO | News RSS status for ZYDUSLIFE: 200
2026-07-19 13:31:04,305 | INFO | Index membership from cache: NIFTY 50 (50 symbols)
2026-07-19 13:31:04,305 | INFO | Index membership from cache: Nifty Next 50 (50 symbols)
2026-07-19 13:31:04,305 | INFO | Index membership ready: 100 symbols mapped
2026-07-19 13:31:04,305 | INFO | Market Health: fetching index OHLCV...
2026-07-19 13:31:04,308 | INFO | Index OHLCV cache fresh for NIFTY 50 (1424 rows)
2026-07-19 13:31:04,311 | INFO | Index OHLCV cache fresh for NIFTY NEXT 50 (1424 rows)
2026-07-19 13:31:04,311 | INFO | Market Health: fetching VIX...
2026-07-19 13:31:04,313 | INFO | VIX cache fresh (122 rows)
2026-07-19 13:31:04,313 | INFO | Market Health: updating breadth EMA cache...
2026-07-19 13:31:05,470 | INFO | Market Health [NIFTY 50]: Score=16.0 | Sideways &#x1F7E0;
2026-07-19 13:31:05,489 | INFO | Market Health [Nifty Next 50]: Score=-22.0 | Weak Bear &#x1F534;
2026-07-19 13:31:05,528 | INFO | Signal log: skipping new signal insertion — 2026-07-19 is a weekend.
2026-07-19 13:31:06,641 | INFO | Signal tracker: updated 176 Active signal rows.
2026-07-19 13:31:06,660 | INFO | HTML report written: /home/runner/work/nifty100-reporter/nifty100-reporter/reports/nifty100_daily_report_20260719.html
2026-07-19 13:31:06,669 | INFO | Market Health Excel sheet written.
2026-07-19 13:31:07,730 | INFO | Excel report written: /home/runner/work/nifty100-reporter/nifty100-reporter/reports/nifty100_daily_report_20260719.xlsx
2026-07-19 13:31:07,731 | INFO | GitHub Actions detected — skipping Gmail API send (workflow handles email).
2026-07-19 13:31:07,731 | INFO | Run completed successfully.
2026-07-19 13:31:07,731 | INFO | Artifacts: /home/runner/work/nifty100-reporter/nifty100-reporter/reports/nifty100_daily_report_20260719.html | /home/runner/work/nifty100-reporter/nifty100-reporter/reports/nifty100_daily_report_20260719.xlsx | log: /home/runner/work/nifty100-reporter/nifty100-reporter/logs/run_20260719_181558.log
