2026-08-16 12:45:49,779 | INFO | Nifty 100 Daily EMA Cross Reporter | Version 3.3.8 | Released 2026-04-17
2026-08-16 12:45:49,780 | INFO | Base directory: /home/runner/work/nifty100-reporter/nifty100-reporter
2026-08-16 12:45:49,780 | INFO | Loaded config. Email enabled: True | Recipients: 1
2026-08-16 12:45:49,861 | WARNING | NSE session bootstrap HTTP 403 (attempt 1/5) — refreshing NSE session cookie …
2026-08-16 12:46:00,441 | INFO | NSE session bootstrap status: 200
2026-08-16 12:46:00,442 | INFO | Downloading Nifty 100 universe from https://www.niftyindices.com/IndexConstituent/ind_nifty100list.csv
2026-08-16 12:46:00,798 | INFO | Universe download status: 200
2026-08-16 12:46:00,802 | INFO | Universe rows loaded: 100
2026-08-16 12:46:00,914 | INFO | Loaded history rows: 133754
2026-08-16 12:46:00,922 | INFO | yfinance history update: 100 symbols | 2026-08-13 → 2026-08-17
2026-08-16 12:46:00,922 | INFO | yfinance batch download: 100 symbols | 2026-08-13 → 2026-08-17
2026-08-16 12:46:05,456 | INFO | yfinance raw shape: (2, 500)
2026-08-16 12:46:05,781 | INFO | yfinance parsed rows after date-filter: 198
2026-08-16 12:46:05,781 | INFO | New rows from yfinance: 198
2026-08-16 12:46:06,556 | INFO | Saved history rows: 133754 | file: /home/runner/work/nifty100-reporter/nifty100-reporter/data/nifty100_ohlcv_history.csv
2026-08-16 12:46:06,671 | INFO | Loaded history rows: 133754
2026-08-16 12:46:06,672 | INFO | Latest OHLCV data is from 2026-08-14
2026-08-16 12:46:06,698 | INFO | Latest Delivery data is from 2026-08-14
2026-08-16 12:46:06,742 | INFO | Delivery cache has 33 dates — skipping backfill.
2026-08-16 12:46:06,742 | INFO | Delivery fetch attempt [2/7] — URL: https://archives.nseindia.com/products/content/sec_bhavdata_full_14082026.csv
2026-08-16 12:46:07,344 | INFO | Delivery fetch SUCCESS — date: 2026-08-14 | size: 374122 bytes | URL: https://archives.nseindia.com/products/content/sec_bhavdata_full_14082026.csv
2026-08-16 12:46:07,714 | INFO | Delivery cache updated: 2463 symbols for 2026-08-14 (rows in cache: 79307)
2026-08-16 12:46:07,715 | INFO | Delivery data: 2463 symbols | fallback=False
2026-08-16 12:46:08,099 | INFO | Corporate actions bulk OK: 44 raw rows | 0 Nifty100 symbols with events
2026-08-16 12:46:39,171 | INFO | Corporate actions: 0/100 symbols have events (window 16-08-2026 to 15-09-2026) | Symbols: none
2026-08-16 12:46:39,171 | INFO | Index membership from cache: NIFTY 50 (50 symbols)
2026-08-16 12:46:39,171 | INFO | Index membership from cache: Nifty Next 50 (50 symbols)
2026-08-16 12:46:39,171 | INFO | Index membership ready: 100 symbols mapped
2026-08-16 12:46:39,850 | INFO | News RSS query for ABB: https://news.google.com/rss/search?q=%22ABB+India+Ltd.%22+NSE+when:10d&hl=en-IN&gl=IN&ceid=IN:en
2026-08-16 12:46:40,064 | INFO | News RSS status for ABB: 200
2026-08-16 12:46:40,067 | INFO | News RSS query for ABB: https://news.google.com/rss/search?q=%22ABB+India+Ltd.%22+stock+when:10d&hl=en-IN&gl=IN&ceid=IN:en
2026-08-16 12:46:40,253 | INFO | News RSS status for ABB: 200
2026-08-16 12:46:44,817 | INFO | News RSS query for ASIANPAINT: https://news.google.com/rss/search?q=%22Asian+Paints+Ltd.%22+NSE+when:10d&hl=en-IN&gl=IN&ceid=IN:en
2026-08-16 12:46:45,009 | INFO | News RSS status for ASIANPAINT: 200
2026-08-16 12:46:45,012 | INFO | News RSS query for ASIANPAINT: https://news.google.com/rss/search?q=%22Asian+Paints+Ltd.%22+stock+when:10d&hl=en-IN&gl=IN&ceid=IN:en
2026-08-16 12:46:45,235 | INFO | News RSS status for ASIANPAINT: 200
2026-08-16 12:46:46,494 | INFO | News RSS query for BAJAJ-AUTO: https://news.google.com/rss/search?q=%22Bajaj+Auto+Ltd.%22+NSE+when:10d&hl=en-IN&gl=IN&ceid=IN:en
2026-08-16 12:46:46,695 | INFO | News RSS status for BAJAJ-AUTO: 200
2026-08-16 12:46:47,361 | INFO | News RSS query for BAJAJFINSV: https://news.google.com/rss/search?q=%22Bajaj+Finserv+Ltd.%22+NSE+when:10d&hl=en-IN&gl=IN&ceid=IN:en
2026-08-16 12:46:47,570 | INFO | News RSS status for BAJAJFINSV: 200
2026-08-16 12:46:48,824 | INFO | News RSS query for BAJFINANCE: https://news.google.com/rss/search?q=%22Bajaj+Finance+Ltd.%22+NSE+when:10d&hl=en-IN&gl=IN&ceid=IN:en
2026-08-16 12:46:49,066 | INFO | News RSS status for BAJFINANCE: 200
2026-08-16 12:46:50,930 | INFO | News RSS query for BHARTIARTL: https://news.google.com/rss/search?q=%22Bharti+Airtel+Ltd.%22+NSE+when:10d&hl=en-IN&gl=IN&ceid=IN:en
2026-08-16 12:46:51,131 | INFO | News RSS status for BHARTIARTL: 200
2026-08-16 12:46:51,790 | INFO | News RSS query for BOSCHLTD: https://news.google.com/rss/search?q=%22Bosch+Ltd.%22+NSE+when:10d&hl=en-IN&gl=IN&ceid=IN:en
2026-08-16 12:46:51,962 | INFO | News RSS status for BOSCHLTD: 200
2026-08-16 12:46:55,034 | INFO | News RSS query for CHOLAFIN: https://news.google.com/rss/search?q=%22Cholamandalam+Investment+and+Finance+Company+Ltd.%22+NSE+when:10d&hl=en-IN&gl=IN&ceid=IN:en
2026-08-16 12:46:55,269 | INFO | News RSS status for CHOLAFIN: 200
2026-08-16 12:46:55,272 | INFO | News RSS query for CHOLAFIN: https://news.google.com/rss/search?q=%22Cholamandalam+Investment+and+Finance+Company+Ltd.%22+stock+when:10d&hl=en-IN&gl=IN&ceid=IN:en
2026-08-16 12:46:55,491 | INFO | News RSS status for CHOLAFIN: 200
2026-08-16 12:46:56,142 | INFO | News RSS query for CIPLA: https://news.google.com/rss/search?q=%22Cipla+Ltd.%22+NSE+when:10d&hl=en-IN&gl=IN&ceid=IN:en
2026-08-16 12:46:56,357 | INFO | News RSS status for CIPLA: 200
2026-08-16 12:46:56,359 | INFO | News RSS query for CIPLA: https://news.google.com/rss/search?q=%22Cipla+Ltd.%22+stock+when:10d&hl=en-IN&gl=IN&ceid=IN:en
2026-08-16 12:46:56,549 | INFO | News RSS status for CIPLA: 200
2026-08-16 12:46:56,549 | INFO | News RSS query for CIPLA: https://news.google.com/rss/search?q=CIPLA+NSE+when:10d&hl=en-IN&gl=IN&ceid=IN:en
2026-08-16 12:46:56,827 | INFO | News RSS status for CIPLA: 200
2026-08-16 12:46:56,894 | INFO | News RSS query for CIPLA: https://news.google.com/rss/search?q=%22Cipla+Ltd.%22+NSE+when:10d&hl=en-IN&gl=IN&ceid=IN:en
2026-08-16 12:46:56,900 | INFO | News RSS status for CIPLA: 200
2026-08-16 12:46:56,901 | INFO | News RSS query for CIPLA: https://news.google.com/rss/search?q=%22Cipla+Ltd.%22+stock+when:10d&hl=en-IN&gl=IN&ceid=IN:en
2026-08-16 12:46:56,906 | INFO | News RSS status for CIPLA: 200
2026-08-16 12:46:56,907 | INFO | News RSS query for CIPLA: https://news.google.com/rss/search?q=CIPLA+NSE+when:10d&hl=en-IN&gl=IN&ceid=IN:en
2026-08-16 12:46:56,912 | INFO | News RSS status for CIPLA: 200
2026-08-16 12:46:58,747 | INFO | News RSS query for DIVISLAB: https://news.google.com/rss/search?q=%22Divi%27s+Laboratories+Ltd.%22+NSE+when:10d&hl=en-IN&gl=IN&ceid=IN:en
2026-08-16 12:46:58,967 | INFO | News RSS status for DIVISLAB: 200
2026-08-16 12:47:01,458 | INFO | News RSS query for EICHERMOT: https://news.google.com/rss/search?q=%22Eicher+Motors+Ltd.%22+NSE+when:10d&hl=en-IN&gl=IN&ceid=IN:en
2026-08-16 12:47:01,641 | INFO | News RSS status for EICHERMOT: 200
2026-08-16 12:47:01,644 | INFO | News RSS query for EICHERMOT: https://news.google.com/rss/search?q=%22Eicher+Motors+Ltd.%22+stock+when:10d&hl=en-IN&gl=IN&ceid=IN:en
2026-08-16 12:47:01,841 | INFO | News RSS status for EICHERMOT: 200
2026-08-16 12:47:02,034 | INFO | News RSS query for ENRIN: https://news.google.com/rss/search?q=%22Siemens+Energy+India+Ltd.%22+NSE+when:10d&hl=en-IN&gl=IN&ceid=IN:en
2026-08-16 12:47:02,255 | INFO | News RSS status for ENRIN: 200
2026-08-16 12:47:02,839 | INFO | News RSS query for ETERNAL: https://news.google.com/rss/search?q=%22Eternal+Ltd.%22+NSE+when:10d&hl=en-IN&gl=IN&ceid=IN:en
2026-08-16 12:47:03,035 | INFO | News RSS status for ETERNAL: 200
2026-08-16 12:47:03,702 | INFO | News RSS query for GAIL: https://news.google.com/rss/search?q=%22GAIL+%28India%29+Ltd.%22+NSE+when:10d&hl=en-IN&gl=IN&ceid=IN:en
2026-08-16 12:47:03,932 | INFO | News RSS status for GAIL: 200
2026-08-16 12:47:05,219 | INFO | News RSS query for GRASIM: https://news.google.com/rss/search?q=%22Grasim+Industries+Ltd.%22+NSE+when:10d&hl=en-IN&gl=IN&ceid=IN:en
2026-08-16 12:47:05,418 | INFO | News RSS status for GRASIM: 200
2026-08-16 12:47:06,088 | INFO | News RSS query for HAL: https://news.google.com/rss/search?q=%22Hindustan+Aeronautics+Ltd.%22+NSE+when:10d&hl=en-IN&gl=IN&ceid=IN:en
2026-08-16 12:47:06,267 | INFO | News RSS status for HAL: 200
2026-08-16 12:47:09,330 | INFO | News RSS query for HINDALCO: https://news.google.com/rss/search?q=%22Hindalco+Industries+Ltd.%22+NSE+when:10d&hl=en-IN&gl=IN&ceid=IN:en
2026-08-16 12:47:09,537 | INFO | News RSS status for HINDALCO: 200
2026-08-16 12:47:10,800 | INFO | News RSS query for HINDZINC: https://news.google.com/rss/search?q=%22Hindustan+Zinc+Ltd.%22+NSE+when:10d&hl=en-IN&gl=IN&ceid=IN:en
2026-08-16 12:47:10,975 | INFO | News RSS status for HINDZINC: 200
2026-08-16 12:47:10,977 | INFO | News RSS query for HINDZINC: https://news.google.com/rss/search?q=%22Hindustan+Zinc+Ltd.%22+stock+when:10d&hl=en-IN&gl=IN&ceid=IN:en
2026-08-16 12:47:11,175 | INFO | News RSS status for HINDZINC: 200
2026-08-16 12:47:11,437 | INFO | News RSS query for HYUNDAI: https://news.google.com/rss/search?q=%22Hyundai+Motor+India+Ltd.%22+NSE+when:10d&hl=en-IN&gl=IN&ceid=IN:en
2026-08-16 12:47:11,651 | INFO | News RSS status for HYUNDAI: 200
2026-08-16 12:47:11,717 | INFO | News RSS query for HYUNDAI: https://news.google.com/rss/search?q=%22Hyundai+Motor+India+Ltd.%22+NSE+when:10d&hl=en-IN&gl=IN&ceid=IN:en
2026-08-16 12:47:11,722 | INFO | News RSS status for HYUNDAI: 200
2026-08-16 12:47:12,386 | INFO | News RSS query for ICICIBANK: https://news.google.com/rss/search?q=%22ICICI+Bank+Ltd.%22+NSE+when:10d&hl=en-IN&gl=IN&ceid=IN:en
2026-08-16 12:47:12,589 | INFO | News RSS status for ICICIBANK: 200
2026-08-16 12:47:12,656 | INFO | News RSS query for ICICIBANK: https://news.google.com/rss/search?q=%22ICICI+Bank+Ltd.%22+NSE+when:10d&hl=en-IN&gl=IN&ceid=IN:en
2026-08-16 12:47:12,661 | INFO | News RSS status for ICICIBANK: 200
2026-08-16 12:47:13,940 | INFO | News RSS query for INDIGO: https://news.google.com/rss/search?q=%22InterGlobe+Aviation+Ltd.%22+NSE+when:10d&hl=en-IN&gl=IN&ceid=IN:en
2026-08-16 12:47:14,121 | INFO | News RSS status for INDIGO: 200
2026-08-16 12:47:14,122 | INFO | News RSS query for INDIGO: https://news.google.com/rss/search?q=%22InterGlobe+Aviation+Ltd.%22+stock+when:10d&hl=en-IN&gl=IN&ceid=IN:en
2026-08-16 12:47:14,295 | INFO | News RSS status for INDIGO: 200
2026-08-16 12:47:18,253 | INFO | News RSS query for JSWSTEEL: https://news.google.com/rss/search?q=%22JSW+Steel+Ltd.%22+NSE+when:10d&hl=en-IN&gl=IN&ceid=IN:en
2026-08-16 12:47:18,446 | INFO | News RSS status for JSWSTEEL: 200
2026-08-16 12:47:18,449 | INFO | News RSS query for JSWSTEEL: https://news.google.com/rss/search?q=%22JSW+Steel+Ltd.%22+stock+when:10d&hl=en-IN&gl=IN&ceid=IN:en
2026-08-16 12:47:18,666 | INFO | News RSS status for JSWSTEEL: 200
2026-08-16 12:47:19,848 | INFO | News RSS query for LODHA: https://news.google.com/rss/search?q=%22Lodha+Developers+Ltd.%22+NSE+when:10d&hl=en-IN&gl=IN&ceid=IN:en
2026-08-16 12:47:20,022 | INFO | News RSS status for LODHA: 200
2026-08-16 12:47:20,025 | INFO | News RSS query for LODHA: https://news.google.com/rss/search?q=%22Lodha+Developers+Ltd.%22+stock+when:10d&hl=en-IN&gl=IN&ceid=IN:en
2026-08-16 12:47:20,196 | INFO | News RSS status for LODHA: 200
2026-08-16 12:47:20,846 | INFO | News RSS query for LT: https://news.google.com/rss/search?q=%22Larsen+%26+Toubro+Ltd.%22+NSE+when:10d&hl=en-IN&gl=IN&ceid=IN:en
2026-08-16 12:47:21,062 | INFO | News RSS status for LT: 200
2026-08-16 12:47:21,068 | WARNING | Skipping LTM — only 121 bars available (need 220). Extend history_backfill_days in config.json to include this symbol.
2026-08-16 12:47:21,723 | INFO | News RSS query for M&M: https://news.google.com/rss/search?q=%22Mahindra+%26+Mahindra+Ltd.%22+NSE+when:10d&hl=en-IN&gl=IN&ceid=IN:en
2026-08-16 12:47:21,911 | INFO | News RSS status for M&M: 200
2026-08-16 12:47:21,977 | INFO | News RSS query for M&M: https://news.google.com/rss/search?q=%22Mahindra+%26+Mahindra+Ltd.%22+NSE+when:10d&hl=en-IN&gl=IN&ceid=IN:en
2026-08-16 12:47:21,982 | INFO | News RSS status for M&M: 200
2026-08-16 12:47:24,429 | INFO | News RSS query for MOTHERSON: https://news.google.com/rss/search?q=%22Samvardhana+Motherson+International+Ltd.%22+NSE+when:10d&hl=en-IN&gl=IN&ceid=IN:en
2026-08-16 12:47:24,672 | INFO | News RSS status for MOTHERSON: 200
2026-08-16 12:47:25,931 | INFO | News RSS query for NESTLEIND: https://news.google.com/rss/search?q=%22Nestle+India+Ltd.%22+NSE+when:10d&hl=en-IN&gl=IN&ceid=IN:en
2026-08-16 12:47:26,112 | INFO | News RSS status for NESTLEIND: 200
2026-08-16 12:47:28,582 | INFO | News RSS query for PIDILITIND: https://news.google.com/rss/search?q=%22Pidilite+Industries+Ltd.%22+NSE+when:10d&hl=en-IN&gl=IN&ceid=IN:en
2026-08-16 12:47:28,813 | INFO | News RSS status for PIDILITIND: 200
2026-08-16 12:47:28,815 | INFO | News RSS query for PIDILITIND: https://news.google.com/rss/search?q=%22Pidilite+Industries+Ltd.%22+stock+when:10d&hl=en-IN&gl=IN&ceid=IN:en
2026-08-16 12:47:28,989 | INFO | News RSS status for PIDILITIND: 200
2026-08-16 12:47:28,991 | INFO | News RSS query for PIDILITIND: https://news.google.com/rss/search?q=PIDILITIND+NSE+when:10d&hl=en-IN&gl=IN&ceid=IN:en
2026-08-16 12:47:29,204 | INFO | News RSS status for PIDILITIND: 200
2026-08-16 12:47:29,205 | INFO | News RSS query for PIDILITIND: https://news.google.com/rss/search?q=site%3Aeconomictimes.indiatimes.com+%22Pidilite+Industries+Ltd.%22+when:10d&hl=en-IN&gl=IN&ceid=IN:en
2026-08-16 12:47:29,390 | INFO | News RSS status for PIDILITIND: 200
2026-08-16 12:47:33,002 | INFO | News RSS query for SBIN: https://news.google.com/rss/search?q=%22State+Bank+of+India%22+NSE+when:10d&hl=en-IN&gl=IN&ceid=IN:en
2026-08-16 12:47:33,381 | INFO | News RSS status for SBIN: 200
2026-08-16 12:47:34,612 | INFO | News RSS query for SHRIRAMFIN: https://news.google.com/rss/search?q=%22Shriram+Finance+Ltd.%22+NSE+when:10d&hl=en-IN&gl=IN&ceid=IN:en
2026-08-16 12:47:34,797 | INFO | News RSS status for SHRIRAMFIN: 200
2026-08-16 12:47:35,448 | INFO | News RSS query for SIEMENS: https://news.google.com/rss/search?q=%22Siemens+Ltd.%22+NSE+when:10d&hl=en-IN&gl=IN&ceid=IN:en
2026-08-16 12:47:35,643 | INFO | News RSS status for SIEMENS: 200
2026-08-16 12:47:36,304 | INFO | News RSS query for SOLARINDS: https://news.google.com/rss/search?q=%22Solar+Industries+India+Ltd.%22+NSE+when:10d&hl=en-IN&gl=IN&ceid=IN:en
2026-08-16 12:47:36,553 | INFO | News RSS status for SOLARINDS: 200
2026-08-16 12:47:37,213 | INFO | News RSS query for SUNPHARMA: https://news.google.com/rss/search?q=%22Sun+Pharmaceutical+Industries+Ltd.%22+NSE+when:10d&hl=en-IN&gl=IN&ceid=IN:en
2026-08-16 12:47:37,411 | INFO | News RSS status for SUNPHARMA: 200
2026-08-16 12:47:37,417 | WARNING | Skipping TATACAP — only 209 bars available (need 220). Extend history_backfill_days in config.json to include this symbol.
2026-08-16 12:47:38,661 | INFO | News RSS query for TATAPOWER: https://news.google.com/rss/search?q=%22Tata+Power+Co.+Ltd.%22+NSE+when:10d&hl=en-IN&gl=IN&ceid=IN:en
2026-08-16 12:47:38,814 | INFO | News RSS status for TATAPOWER: 200
2026-08-16 12:47:38,815 | INFO | News RSS query for TATAPOWER: https://news.google.com/rss/search?q=%22Tata+Power+Co.+Ltd.%22+stock+when:10d&hl=en-IN&gl=IN&ceid=IN:en
2026-08-16 12:47:39,001 | INFO | News RSS status for TATAPOWER: 200
2026-08-16 12:47:40,841 | INFO | News RSS query for TECHM: https://news.google.com/rss/search?q=%22Tech+Mahindra+Ltd.%22+NSE+when:10d&hl=en-IN&gl=IN&ceid=IN:en
2026-08-16 12:47:41,066 | INFO | News RSS status for TECHM: 200
2026-08-16 12:47:41,723 | INFO | News RSS query for TITAN: https://news.google.com/rss/search?q=%22Titan+Company+Ltd.%22+NSE+when:10d&hl=en-IN&gl=IN&ceid=IN:en
2026-08-16 12:47:41,922 | INFO | News RSS status for TITAN: 200
2026-08-16 12:47:41,928 | WARNING | Skipping TMCV — only 189 bars available (need 220). Extend history_backfill_days in config.json to include this symbol.
2026-08-16 12:47:41,929 | WARNING | Skipping TMPV — only 206 bars available (need 220). Extend history_backfill_days in config.json to include this symbol.
2026-08-16 12:47:43,804 | INFO | News RSS query for TVSMOTOR: https://news.google.com/rss/search?q=%22TVS+Motor+Company+Ltd.%22+NSE+when:10d&hl=en-IN&gl=IN&ceid=IN:en
2026-08-16 12:47:44,043 | INFO | News RSS status for TVSMOTOR: 200
2026-08-16 12:47:45,278 | INFO | News RSS query for UNIONBANK: https://news.google.com/rss/search?q=%22Union+Bank+of+India%22+NSE+when:10d&hl=en-IN&gl=IN&ceid=IN:en
2026-08-16 12:47:45,524 | INFO | News RSS status for UNIONBANK: 200
2026-08-16 12:47:45,819 | INFO | News RSS query for UNITDSPR: https://news.google.com/rss/search?q=%22United+Spirits+Ltd.%22+NSE+when:10d&hl=en-IN&gl=IN&ceid=IN:en
2026-08-16 12:47:46,053 | INFO | News RSS status for UNITDSPR: 200
2026-08-16 12:47:46,060 | WARNING | Skipping VAML — only 6 bars available (need 220). Extend history_backfill_days in config.json to include this symbol.
2026-08-16 12:47:47,235 | WARNING | Skipping VEDPOWER — only 4 bars available (need 220). Extend history_backfill_days in config.json to include this symbol.
2026-08-16 12:47:47,236 | WARNING | Skipping VISL — only 4 bars available (need 220). Extend history_backfill_days in config.json to include this symbol.
2026-08-16 12:47:47,237 | WARNING | Skipping VOGL — only 7 bars available (need 220). Extend history_backfill_days in config.json to include this symbol.
2026-08-16 12:47:48,480 | INFO | News RSS query for ZYDUSLIFE: https://news.google.com/rss/search?q=%22Zydus+Lifesciences+Ltd.%22+NSE+when:10d&hl=en-IN&gl=IN&ceid=IN:en
2026-08-16 12:47:48,675 | INFO | News RSS status for ZYDUSLIFE: 200
2026-08-16 12:47:48,741 | INFO | News RSS query for ZYDUSLIFE: https://news.google.com/rss/search?q=%22Zydus+Lifesciences+Ltd.%22+NSE+when:10d&hl=en-IN&gl=IN&ceid=IN:en
2026-08-16 12:47:48,747 | INFO | News RSS status for ZYDUSLIFE: 200
2026-08-16 12:47:48,758 | INFO | Index membership from cache: NIFTY 50 (50 symbols)
2026-08-16 12:47:48,758 | INFO | Index membership from cache: Nifty Next 50 (50 symbols)
2026-08-16 12:47:48,758 | INFO | Index membership ready: 100 symbols mapped
2026-08-16 12:47:48,758 | INFO | Market Health: fetching index OHLCV...
2026-08-16 12:47:48,761 | INFO | Index OHLCV cache fresh for NIFTY 50 (1443 rows)
2026-08-16 12:47:48,764 | INFO | Index OHLCV cache fresh for NIFTY NEXT 50 (1442 rows)
2026-08-16 12:47:48,764 | INFO | Market Health: fetching VIX...
2026-08-16 12:47:48,765 | INFO | VIX cache fresh (141 rows)
2026-08-16 12:47:48,765 | INFO | Market Health: updating breadth EMA cache...
2026-08-16 12:47:49,979 | INFO | Market Health [NIFTY 50]: Score=35.5 | Weak Bull &#x1F7E1;
2026-08-16 12:47:49,996 | INFO | Market Health [Nifty Next 50]: Score=13.0 | Sideways &#x1F7E0;
2026-08-16 12:47:50,036 | INFO | Signal log: skipping new signal insertion — 2026-08-16 is a weekend.
2026-08-16 12:47:51,211 | INFO | Signal tracker: updated 176 Active signal rows.
2026-08-16 12:47:51,231 | INFO | HTML report written: /home/runner/work/nifty100-reporter/nifty100-reporter/reports/nifty100_daily_report_20260816.html
2026-08-16 12:47:51,240 | INFO | Market Health Excel sheet written.
2026-08-16 12:47:52,566 | INFO | Excel report written: /home/runner/work/nifty100-reporter/nifty100-reporter/reports/nifty100_daily_report_20260816.xlsx
2026-08-16 12:47:52,567 | INFO | GitHub Actions detected — skipping Gmail API send (workflow handles email).
2026-08-16 12:47:52,567 | INFO | Run completed successfully.
2026-08-16 12:47:52,567 | INFO | Artifacts: /home/runner/work/nifty100-reporter/nifty100-reporter/reports/nifty100_daily_report_20260816.html | /home/runner/work/nifty100-reporter/nifty100-reporter/reports/nifty100_daily_report_20260816.xlsx | log: /home/runner/work/nifty100-reporter/nifty100-reporter/logs/run_20260816_181549.log
