2026-06-29 12:45:59,506 | INFO | Nifty 100 Daily EMA Cross Reporter | Version 3.3.8 | Released 2026-04-17
2026-06-29 12:45:59,506 | INFO | Base directory: /home/runner/work/nifty100-reporter/nifty100-reporter
2026-06-29 12:45:59,506 | INFO | Loaded config. Email enabled: True | Recipients: 1
2026-06-29 12:45:59,611 | WARNING | NSE session bootstrap HTTP 403 (attempt 1/5) — refreshing NSE session cookie …
2026-06-29 12:46:09,828 | INFO | NSE session bootstrap status: 200
2026-06-29 12:46:09,829 | INFO | Downloading Nifty 100 universe from https://www.niftyindices.com/IndexConstituent/ind_nifty100list.csv
2026-06-29 12:46:10,230 | INFO | Universe download status: 200
2026-06-29 12:46:10,235 | INFO | Universe rows loaded: 100
2026-06-29 12:46:10,340 | INFO | Loaded history rows: 130254
2026-06-29 12:46:10,348 | INFO | yfinance history update: 100 symbols | 2026-06-24 → 2026-06-30
2026-06-29 12:46:10,348 | INFO | yfinance batch download: 100 symbols | 2026-06-24 → 2026-06-30
2026-06-29 12:46:10,349 | INFO | Failed to create TzCache, reason: Error creating TzCache folder: '/home/runner/.cache/py-yfinance' reason: [Errno 17] File exists: '/home/runner/.cache/py-yfinance'. TzCache will not be used. Tip: You can direct cache to use a different location with 'set_tz_cache_location(mylocation)'
2026-06-29 12:46:16,632 | INFO | yfinance raw shape: (3, 500)
2026-06-29 12:46:16,940 | INFO | yfinance parsed rows after date-filter: 300
2026-06-29 12:46:16,941 | INFO | New rows from yfinance: 300
2026-06-29 12:46:17,719 | INFO | Saved history rows: 130354 | file: /home/runner/work/nifty100-reporter/nifty100-reporter/data/nifty100_ohlcv_history.csv
2026-06-29 12:46:17,821 | INFO | Loaded history rows: 130354
2026-06-29 12:46:17,822 | INFO | Latest OHLCV data is from 2026-06-29
2026-06-29 12:46:17,848 | INFO | Latest Delivery data is from 2026-06-26
2026-06-29 12:46:17,892 | INFO | Delivery cache has 30 dates — skipping backfill.
2026-06-29 12:46:17,892 | INFO | Delivery fetch attempt [0/7] — URL: https://archives.nseindia.com/products/content/sec_bhavdata_full_29062026.csv
2026-06-29 12:46:19,556 | INFO | Delivery fetch SUCCESS — date: 2026-06-29 | size: 374047 bytes | URL: https://archives.nseindia.com/products/content/sec_bhavdata_full_29062026.csv
2026-06-29 12:46:19,890 | INFO | Delivery cache updated: 2404 symbols for 2026-06-29 (rows in cache: 68189)
2026-06-29 12:46:19,891 | INFO | Delivery data: 2404 symbols | fallback=False
2026-06-29 12:46:20,269 | INFO | Corporate actions bulk OK: 115 raw rows | 19 Nifty100 symbols with events
2026-06-29 12:46:45,396 | INFO | Corporate actions: 19/100 symbols have events (window 29-06-2026 to 29-07-2026) | Symbols: AXISBANK, BAJAJFINSV, BAJAJHLDNG, BAJFINANCE, CHOLAFIN, CUMMINSIND, DIVISLAB, HINDALCO, JSWSTEEL, M&M, MAXHEALTH, MOTHERSON, NESTLEIND, SHRIRAMFIN, SUNPHARMA, TECHM, UNIONBANK, UNITDSPR, ZYDUSLIFE
2026-06-29 12:46:45,396 | INFO | Index membership from cache: NIFTY 50 (50 symbols)
2026-06-29 12:46:45,396 | INFO | Index membership from cache: Nifty Next 50 (50 symbols)
2026-06-29 12:46:45,396 | INFO | Index membership ready: 100 symbols mapped
2026-06-29 12:46:45,956 | INFO | News RSS query for ABB: https://news.google.com/rss/search?q=%22ABB+India+Ltd.%22+NSE+when:10d&hl=en-IN&gl=IN&ceid=IN:en
2026-06-29 12:46:46,293 | INFO | News RSS status for ABB: 200
2026-06-29 12:46:46,605 | INFO | News RSS query for ADANIENSOL: https://news.google.com/rss/search?q=%22Adani+Energy+Solutions+Ltd.%22+NSE+when:10d&hl=en-IN&gl=IN&ceid=IN:en
2026-06-29 12:46:46,814 | INFO | News RSS status for ADANIENSOL: 200
2026-06-29 12:46:47,355 | INFO | News RSS query for ADANIENT: https://news.google.com/rss/search?q=%22Adani+Enterprises+Ltd.%22+NSE+when:10d&hl=en-IN&gl=IN&ceid=IN:en
2026-06-29 12:46:47,579 | INFO | News RSS status for ADANIENT: 200
2026-06-29 12:46:48,129 | INFO | News RSS query for ADANIGREEN: https://news.google.com/rss/search?q=%22Adani+Green+Energy+Ltd.%22+NSE+when:10d&hl=en-IN&gl=IN&ceid=IN:en
2026-06-29 12:46:48,343 | INFO | News RSS status for ADANIGREEN: 200
2026-06-29 12:46:48,406 | INFO | News RSS query for ADANIGREEN: https://news.google.com/rss/search?q=%22Adani+Green+Energy+Ltd.%22+NSE+when:10d&hl=en-IN&gl=IN&ceid=IN:en
2026-06-29 12:46:48,418 | INFO | News RSS status for ADANIGREEN: 200
2026-06-29 12:46:48,481 | INFO | News RSS query for ADANIGREEN: https://news.google.com/rss/search?q=%22Adani+Green+Energy+Ltd.%22+NSE+when:10d&hl=en-IN&gl=IN&ceid=IN:en
2026-06-29 12:46:48,493 | INFO | News RSS status for ADANIGREEN: 200
2026-06-29 12:46:49,034 | INFO | News RSS query for ADANIPORTS: https://news.google.com/rss/search?q=%22Adani+Ports+and+Special+Economic+Zone+Ltd.%22+NSE+when:10d&hl=en-IN&gl=IN&ceid=IN:en
2026-06-29 12:46:49,286 | INFO | News RSS status for ADANIPORTS: 200
2026-06-29 12:46:49,834 | INFO | News RSS query for ADANIPOWER: https://news.google.com/rss/search?q=%22Adani+Power+Ltd.%22+NSE+when:10d&hl=en-IN&gl=IN&ceid=IN:en
2026-06-29 12:46:50,071 | INFO | News RSS status for ADANIPOWER: 200
2026-06-29 12:46:50,074 | INFO | News RSS query for ADANIPOWER: https://news.google.com/rss/search?q=%22Adani+Power+Ltd.%22+stock+when:10d&hl=en-IN&gl=IN&ceid=IN:en
2026-06-29 12:46:50,278 | INFO | News RSS status for ADANIPOWER: 200
2026-06-29 12:46:51,315 | INFO | News RSS query for APOLLOHOSP: https://news.google.com/rss/search?q=%22Apollo+Hospitals+Enterprise+Ltd.%22+NSE+when:10d&hl=en-IN&gl=IN&ceid=IN:en
2026-06-29 12:46:51,510 | INFO | News RSS status for APOLLOHOSP: 200
2026-06-29 12:46:51,512 | INFO | News RSS query for APOLLOHOSP: https://news.google.com/rss/search?q=%22Apollo+Hospitals+Enterprise+Ltd.%22+stock+when:10d&hl=en-IN&gl=IN&ceid=IN:en
2026-06-29 12:46:51,725 | INFO | News RSS status for APOLLOHOSP: 200
2026-06-29 12:46:52,270 | INFO | News RSS query for ASIANPAINT: https://news.google.com/rss/search?q=%22Asian+Paints+Ltd.%22+NSE+when:10d&hl=en-IN&gl=IN&ceid=IN:en
2026-06-29 12:46:52,471 | INFO | News RSS status for ASIANPAINT: 200
2026-06-29 12:46:53,020 | INFO | News RSS query for AXISBANK: https://news.google.com/rss/search?q=%22Axis+Bank+Ltd.%22+NSE+when:10d&hl=en-IN&gl=IN&ceid=IN:en
2026-06-29 12:46:53,284 | INFO | News RSS status for AXISBANK: 200
2026-06-29 12:46:55,779 | INFO | News RSS query for BANKBARODA: https://news.google.com/rss/search?q=%22Bank+of+Baroda%22+NSE+when:10d&hl=en-IN&gl=IN&ceid=IN:en
2026-06-29 12:46:56,049 | INFO | News RSS status for BANKBARODA: 200
2026-06-29 12:46:57,565 | INFO | News RSS query for BOSCHLTD: https://news.google.com/rss/search?q=%22Bosch+Ltd.%22+NSE+when:10d&hl=en-IN&gl=IN&ceid=IN:en
2026-06-29 12:46:57,762 | INFO | News RSS status for BOSCHLTD: 200
2026-06-29 12:46:59,772 | INFO | News RSS query for CGPOWER: https://news.google.com/rss/search?q=%22CG+Power+and+Industrial+Solutions+Ltd.%22+NSE+when:10d&hl=en-IN&gl=IN&ceid=IN:en
2026-06-29 12:46:59,959 | INFO | News RSS status for CGPOWER: 200
2026-06-29 12:46:59,960 | INFO | News RSS query for CGPOWER: https://news.google.com/rss/search?q=%22CG+Power+and+Industrial+Solutions+Ltd.%22+stock+when:10d&hl=en-IN&gl=IN&ceid=IN:en
2026-06-29 12:47:00,161 | INFO | News RSS status for CGPOWER: 200
2026-06-29 12:47:00,165 | INFO | News RSS query for CGPOWER: https://news.google.com/rss/search?q=CGPOWER+NSE+when:10d&hl=en-IN&gl=IN&ceid=IN:en
2026-06-29 12:47:00,415 | INFO | News RSS status for CGPOWER: 200
2026-06-29 12:47:00,477 | INFO | News RSS query for CGPOWER: https://news.google.com/rss/search?q=%22CG+Power+and+Industrial+Solutions+Ltd.%22+NSE+when:10d&hl=en-IN&gl=IN&ceid=IN:en
2026-06-29 12:47:00,489 | INFO | News RSS status for CGPOWER: 200
2026-06-29 12:47:00,489 | INFO | News RSS query for CGPOWER: https://news.google.com/rss/search?q=%22CG+Power+and+Industrial+Solutions+Ltd.%22+stock+when:10d&hl=en-IN&gl=IN&ceid=IN:en
2026-06-29 12:47:00,503 | INFO | News RSS status for CGPOWER: 200
2026-06-29 12:47:00,506 | INFO | News RSS query for CGPOWER: https://news.google.com/rss/search?q=CGPOWER+NSE+when:10d&hl=en-IN&gl=IN&ceid=IN:en
2026-06-29 12:47:00,518 | INFO | News RSS status for CGPOWER: 200
2026-06-29 12:47:01,095 | INFO | News RSS query for CHOLAFIN: https://news.google.com/rss/search?q=%22Cholamandalam+Investment+and+Finance+Company+Ltd.%22+NSE+when:10d&hl=en-IN&gl=IN&ceid=IN:en
2026-06-29 12:47:01,292 | INFO | News RSS status for CHOLAFIN: 200
2026-06-29 12:47:01,292 | INFO | News RSS query for CHOLAFIN: https://news.google.com/rss/search?q=%22Cholamandalam+Investment+and+Finance+Company+Ltd.%22+stock+when:10d&hl=en-IN&gl=IN&ceid=IN:en
2026-06-29 12:47:01,530 | INFO | News RSS status for CHOLAFIN: 200
2026-06-29 12:47:01,531 | INFO | News RSS query for CHOLAFIN: https://news.google.com/rss/search?q=CHOLAFIN+NSE+when:10d&hl=en-IN&gl=IN&ceid=IN:en
2026-06-29 12:47:01,777 | INFO | News RSS status for CHOLAFIN: 200
2026-06-29 12:47:01,778 | INFO | News RSS query for CHOLAFIN: https://news.google.com/rss/search?q=site%3Aeconomictimes.indiatimes.com+%22Cholamandalam+Investment+and+Finance+Company+Ltd.%22+when:10d&hl=en-IN&gl=IN&ceid=IN:en
2026-06-29 12:47:01,971 | INFO | News RSS status for CHOLAFIN: 200
2026-06-29 12:47:01,973 | INFO | News RSS query for CHOLAFIN: https://news.google.com/rss/search?q=site%3Amoneycontrol.com+%22Cholamandalam+Investment+and+Finance+Company+Ltd.%22+when:10d&hl=en-IN&gl=IN&ceid=IN:en
2026-06-29 12:47:02,173 | INFO | News RSS status for CHOLAFIN: 200
2026-06-29 12:47:02,175 | INFO | News RSS query for CHOLAFIN: https://news.google.com/rss/search?q=site%3Abusinessstandard.com+%22Cholamandalam+Investment+and+Finance+Company+Ltd.%22+when:10d&hl=en-IN&gl=IN&ceid=IN:en
2026-06-29 12:47:02,376 | INFO | News RSS status for CHOLAFIN: 200
2026-06-29 12:47:03,902 | INFO | News RSS query for CUMMINSIND: https://news.google.com/rss/search?q=%22Cummins+India+Ltd.%22+NSE+when:10d&hl=en-IN&gl=IN&ceid=IN:en
2026-06-29 12:47:04,089 | INFO | News RSS status for CUMMINSIND: 200
2026-06-29 12:47:04,092 | INFO | News RSS query for CUMMINSIND: https://news.google.com/rss/search?q=%22Cummins+India+Ltd.%22+stock+when:10d&hl=en-IN&gl=IN&ceid=IN:en
2026-06-29 12:47:04,336 | INFO | News RSS status for CUMMINSIND: 200
2026-06-29 12:47:04,885 | INFO | News RSS query for DIVISLAB: https://news.google.com/rss/search?q=%22Divi%27s+Laboratories+Ltd.%22+NSE+when:10d&hl=en-IN&gl=IN&ceid=IN:en
2026-06-29 12:47:05,130 | INFO | News RSS status for DIVISLAB: 200
2026-06-29 12:47:05,132 | INFO | News RSS query for DIVISLAB: https://news.google.com/rss/search?q=%22Divi%27s+Laboratories+Ltd.%22+stock+when:10d&hl=en-IN&gl=IN&ceid=IN:en
2026-06-29 12:47:05,343 | INFO | News RSS status for DIVISLAB: 200
2026-06-29 12:47:05,343 | INFO | News RSS query for DIVISLAB: https://news.google.com/rss/search?q=DIVISLAB+NSE+when:10d&hl=en-IN&gl=IN&ceid=IN:en
2026-06-29 12:47:05,547 | INFO | News RSS status for DIVISLAB: 200
2026-06-29 12:47:05,549 | INFO | News RSS query for DIVISLAB: https://news.google.com/rss/search?q=site%3Aeconomictimes.indiatimes.com+%22Divi%27s+Laboratories+Ltd.%22+when:10d&hl=en-IN&gl=IN&ceid=IN:en
2026-06-29 12:47:05,728 | INFO | News RSS status for DIVISLAB: 200
2026-06-29 12:47:05,729 | INFO | News RSS query for DIVISLAB: https://news.google.com/rss/search?q=site%3Amoneycontrol.com+%22Divi%27s+Laboratories+Ltd.%22+when:10d&hl=en-IN&gl=IN&ceid=IN:en
2026-06-29 12:47:05,911 | INFO | News RSS status for DIVISLAB: 200
2026-06-29 12:47:05,911 | INFO | News RSS query for DIVISLAB: https://news.google.com/rss/search?q=site%3Abusinessstandard.com+%22Divi%27s+Laboratories+Ltd.%22+when:10d&hl=en-IN&gl=IN&ceid=IN:en
2026-06-29 12:47:06,070 | INFO | News RSS status for DIVISLAB: 200
2026-06-29 12:47:07,108 | INFO | News RSS query for DMART: https://news.google.com/rss/search?q=%22Avenue+Supermarts+Ltd.%22+NSE+when:10d&hl=en-IN&gl=IN&ceid=IN:en
2026-06-29 12:47:07,336 | INFO | News RSS status for DMART: 200
2026-06-29 12:47:07,339 | INFO | News RSS query for DMART: https://news.google.com/rss/search?q=%22Avenue+Supermarts+Ltd.%22+stock+when:10d&hl=en-IN&gl=IN&ceid=IN:en
2026-06-29 12:47:07,546 | INFO | News RSS status for DMART: 200
2026-06-29 12:47:08,091 | INFO | News RSS query for DRREDDY: https://news.google.com/rss/search?q=%22Dr.+Reddy%27s+Laboratories+Ltd.%22+NSE+when:10d&hl=en-IN&gl=IN&ceid=IN:en
2026-06-29 12:47:08,297 | INFO | News RSS status for DRREDDY: 200
2026-06-29 12:47:08,847 | INFO | News RSS query for EICHERMOT: https://news.google.com/rss/search?q=%22Eicher+Motors+Ltd.%22+NSE+when:10d&hl=en-IN&gl=IN&ceid=IN:en
2026-06-29 12:47:09,094 | INFO | News RSS status for EICHERMOT: 200
2026-06-29 12:47:09,252 | INFO | News RSS query for ENRIN: https://news.google.com/rss/search?q=%22Siemens+Energy+India+Ltd.%22+NSE+when:10d&hl=en-IN&gl=IN&ceid=IN:en
2026-06-29 12:47:09,445 | INFO | News RSS status for ENRIN: 200
2026-06-29 12:47:09,448 | INFO | News RSS query for ENRIN: https://news.google.com/rss/search?q=%22Siemens+Energy+India+Ltd.%22+stock+when:10d&hl=en-IN&gl=IN&ceid=IN:en
2026-06-29 12:47:09,657 | INFO | News RSS status for ENRIN: 200
2026-06-29 12:47:10,622 | INFO | News RSS query for GAIL: https://news.google.com/rss/search?q=%22GAIL+%28India%29+Ltd.%22+NSE+when:10d&hl=en-IN&gl=IN&ceid=IN:en
2026-06-29 12:47:10,816 | INFO | News RSS status for GAIL: 200
2026-06-29 12:47:11,847 | INFO | News RSS query for GRASIM: https://news.google.com/rss/search?q=%22Grasim+Industries+Ltd.%22+NSE+when:10d&hl=en-IN&gl=IN&ceid=IN:en
2026-06-29 12:47:12,108 | INFO | News RSS status for GRASIM: 200
2026-06-29 12:47:12,112 | INFO | News RSS query for GRASIM: https://news.google.com/rss/search?q=%22Grasim+Industries+Ltd.%22+stock+when:10d&hl=en-IN&gl=IN&ceid=IN:en
2026-06-29 12:47:12,371 | INFO | News RSS status for GRASIM: 200
2026-06-29 12:47:12,911 | INFO | News RSS query for HAL: https://news.google.com/rss/search?q=%22Hindustan+Aeronautics+Ltd.%22+NSE+when:10d&hl=en-IN&gl=IN&ceid=IN:en
2026-06-29 12:47:13,133 | INFO | News RSS status for HAL: 200
2026-06-29 12:47:22,775 | INFO | News RSS query for LT: https://news.google.com/rss/search?q=%22Larsen+%26+Toubro+Ltd.%22+NSE+when:10d&hl=en-IN&gl=IN&ceid=IN:en
2026-06-29 12:47:22,980 | INFO | News RSS status for LT: 200
2026-06-29 12:47:22,987 | WARNING | Skipping LTM — only 87 bars available (need 220). Extend history_backfill_days in config.json to include this symbol.
2026-06-29 12:47:25,473 | INFO | News RSS query for MOTHERSON: https://news.google.com/rss/search?q=%22Samvardhana+Motherson+International+Ltd.%22+NSE+when:10d&hl=en-IN&gl=IN&ceid=IN:en
2026-06-29 12:47:25,726 | INFO | News RSS status for MOTHERSON: 200
2026-06-29 12:47:28,729 | INFO | News RSS query for PIDILITIND: https://news.google.com/rss/search?q=%22Pidilite+Industries+Ltd.%22+NSE+when:10d&hl=en-IN&gl=IN&ceid=IN:en
2026-06-29 12:47:28,929 | INFO | News RSS status for PIDILITIND: 200
2026-06-29 12:47:28,931 | INFO | News RSS query for PIDILITIND: https://news.google.com/rss/search?q=%22Pidilite+Industries+Ltd.%22+stock+when:10d&hl=en-IN&gl=IN&ceid=IN:en
2026-06-29 12:47:29,135 | INFO | News RSS status for PIDILITIND: 200
2026-06-29 12:47:33,077 | INFO | News RSS query for SHRIRAMFIN: https://news.google.com/rss/search?q=%22Shriram+Finance+Ltd.%22+NSE+when:10d&hl=en-IN&gl=IN&ceid=IN:en
2026-06-29 12:47:33,270 | INFO | News RSS status for SHRIRAMFIN: 200
2026-06-29 12:47:34,277 | INFO | News RSS query for SOLARINDS: https://news.google.com/rss/search?q=%22Solar+Industries+India+Ltd.%22+NSE+when:10d&hl=en-IN&gl=IN&ceid=IN:en
2026-06-29 12:47:34,510 | INFO | News RSS status for SOLARINDS: 200
2026-06-29 12:47:34,513 | INFO | News RSS query for SOLARINDS: https://news.google.com/rss/search?q=%22Solar+Industries+India+Ltd.%22+stock+when:10d&hl=en-IN&gl=IN&ceid=IN:en
2026-06-29 12:47:34,710 | INFO | News RSS status for SOLARINDS: 200
2026-06-29 12:47:34,772 | INFO | News RSS query for SOLARINDS: https://news.google.com/rss/search?q=%22Solar+Industries+India+Ltd.%22+NSE+when:10d&hl=en-IN&gl=IN&ceid=IN:en
2026-06-29 12:47:34,784 | INFO | News RSS status for SOLARINDS: 200
2026-06-29 12:47:34,786 | INFO | News RSS query for SOLARINDS: https://news.google.com/rss/search?q=%22Solar+Industries+India+Ltd.%22+stock+when:10d&hl=en-IN&gl=IN&ceid=IN:en
2026-06-29 12:47:34,799 | INFO | News RSS status for SOLARINDS: 200
2026-06-29 12:47:35,338 | INFO | News RSS query for SUNPHARMA: https://news.google.com/rss/search?q=%22Sun+Pharmaceutical+Industries+Ltd.%22+NSE+when:10d&hl=en-IN&gl=IN&ceid=IN:en
2026-06-29 12:47:35,599 | INFO | News RSS status for SUNPHARMA: 200
2026-06-29 12:47:35,605 | WARNING | Skipping TATACAP — only 175 bars available (need 220). Extend history_backfill_days in config.json to include this symbol.
2026-06-29 12:47:38,525 | INFO | News RSS query for TITAN: https://news.google.com/rss/search?q=%22Titan+Company+Ltd.%22+NSE+when:10d&hl=en-IN&gl=IN&ceid=IN:en
2026-06-29 12:47:38,767 | INFO | News RSS status for TITAN: 200
2026-06-29 12:47:38,773 | WARNING | Skipping TMCV — only 155 bars available (need 220). Extend history_backfill_days in config.json to include this symbol.
2026-06-29 12:47:38,773 | WARNING | Skipping TMPV — only 172 bars available (need 220). Extend history_backfill_days in config.json to include this symbol.
2026-06-29 12:47:39,309 | INFO | News RSS query for TORNTPHARM: https://news.google.com/rss/search?q=%22Torrent+Pharmaceuticals+Ltd.%22+NSE+when:10d&hl=en-IN&gl=IN&ceid=IN:en
2026-06-29 12:47:39,516 | INFO | News RSS status for TORNTPHARM: 200
2026-06-29 12:47:41,495 | INFO | News RSS query for UNIONBANK: https://news.google.com/rss/search?q=%22Union+Bank+of+India%22+NSE+when:10d&hl=en-IN&gl=IN&ceid=IN:en
2026-06-29 12:47:41,802 | INFO | News RSS status for UNIONBANK: 200
2026-06-29 12:47:41,989 | WARNING | Skipping VAML — only 6 bars available (need 220). Extend history_backfill_days in config.json to include this symbol.
2026-06-29 12:47:42,946 | WARNING | Skipping VEDPOWER — only 4 bars available (need 220). Extend history_backfill_days in config.json to include this symbol.
2026-06-29 12:47:42,946 | WARNING | Skipping VISL — only 4 bars available (need 220). Extend history_backfill_days in config.json to include this symbol.
2026-06-29 12:47:42,947 | WARNING | Skipping VOGL — only 7 bars available (need 220). Extend history_backfill_days in config.json to include this symbol.
2026-06-29 12:47:43,958 | INFO | News RSS query for ZYDUSLIFE: https://news.google.com/rss/search?q=%22Zydus+Lifesciences+Ltd.%22+NSE+when:10d&hl=en-IN&gl=IN&ceid=IN:en
2026-06-29 12:47:44,188 | INFO | News RSS status for ZYDUSLIFE: 200
2026-06-29 12:47:44,191 | INFO | News RSS query for ZYDUSLIFE: https://news.google.com/rss/search?q=%22Zydus+Lifesciences+Ltd.%22+stock+when:10d&hl=en-IN&gl=IN&ceid=IN:en
2026-06-29 12:47:44,401 | INFO | News RSS status for ZYDUSLIFE: 200
2026-06-29 12:47:44,410 | INFO | Index membership from cache: NIFTY 50 (50 symbols)
2026-06-29 12:47:44,410 | INFO | Index membership from cache: Nifty Next 50 (50 symbols)
2026-06-29 12:47:44,410 | INFO | Index membership ready: 100 symbols mapped
2026-06-29 12:47:44,410 | INFO | Market Health: fetching index OHLCV...
2026-06-29 12:47:45,237 | INFO | Index OHLCV via niftyindices for NIFTY 50: 1410 rows (+1)
2026-06-29 12:47:45,931 | INFO | Index OHLCV via niftyindices for NIFTY NEXT 50: 1410 rows (+1)
2026-06-29 12:47:45,932 | INFO | Market Health: fetching VIX...
2026-06-29 12:47:46,610 | INFO | VIX via niftyindices: 108 rows (+1)
2026-06-29 12:47:46,611 | INFO | Market Health: updating breadth EMA cache...
2026-06-29 12:47:48,390 | INFO | Breadth EMA cache: 130264 total rows (+100)
2026-06-29 12:47:48,413 | INFO | Market Health [NIFTY 50]: Score=18.5 | Sideways &#x1F7E0;
2026-06-29 12:47:48,430 | INFO | Market Health [Nifty Next 50]: Score=29.5 | Weak Bull &#x1F7E1;
2026-06-29 12:47:48,474 | INFO | Signal log: appended 4 new signals. Total rows: 360
2026-06-29 12:47:48,474 | INFO | Signal log written/updated: /home/runner/work/nifty100-reporter/nifty100-reporter/data/nifty100_signal_log.csv
2026-06-29 12:47:49,677 | INFO | Signal tracker: updated 185 Active signal rows.
2026-06-29 12:47:49,691 | INFO | HTML report written: /home/runner/work/nifty100-reporter/nifty100-reporter/reports/nifty100_daily_report_20260629.html
2026-06-29 12:47:49,699 | INFO | Market Health Excel sheet written.
2026-06-29 12:47:50,407 | INFO | Excel report written: /home/runner/work/nifty100-reporter/nifty100-reporter/reports/nifty100_daily_report_20260629.xlsx
2026-06-29 12:47:50,407 | INFO | GitHub Actions detected — skipping Gmail API send (workflow handles email).
2026-06-29 12:47:50,407 | INFO | Run completed successfully.
2026-06-29 12:47:50,407 | INFO | Artifacts: /home/runner/work/nifty100-reporter/nifty100-reporter/reports/nifty100_daily_report_20260629.html | /home/runner/work/nifty100-reporter/nifty100-reporter/reports/nifty100_daily_report_20260629.xlsx | log: /home/runner/work/nifty100-reporter/nifty100-reporter/logs/run_20260629_181559.log
