2026-06-23 12:46:10,105 | INFO | Nifty 100 Daily EMA Cross Reporter | Version 3.3.8 | Released 2026-04-17
2026-06-23 12:46:10,105 | INFO | Base directory: /home/runner/work/nifty100-reporter/nifty100-reporter
2026-06-23 12:46:10,105 | INFO | Loaded config. Email enabled: True | Recipients: 1
2026-06-23 12:46:10,165 | WARNING | NSE session bootstrap HTTP 403 (attempt 1/5) — refreshing NSE session cookie …
2026-06-23 12:46:20,640 | INFO | NSE session bootstrap status: 200
2026-06-23 12:46:20,640 | INFO | Downloading Nifty 100 universe from https://www.niftyindices.com/IndexConstituent/ind_nifty100list.csv
2026-06-23 12:46:21,003 | INFO | Universe download status: 200
2026-06-23 12:46:21,008 | INFO | Universe rows loaded: 101
2026-06-23 12:46:21,119 | INFO | Loaded history rows: 129953
2026-06-23 12:46:21,127 | INFO | yfinance history update: 101 symbols | 2026-06-21 → 2026-06-24
2026-06-23 12:46:21,127 | INFO | yfinance batch download: 101 symbols | 2026-06-21 → 2026-06-24
2026-06-23 12:46:25,667 | INFO | yfinance raw shape: (2, 505)
2026-06-23 12:46:25,989 | INFO | yfinance parsed rows after date-filter: 202
2026-06-23 12:46:25,990 | INFO | New rows from yfinance: 202
2026-06-23 12:46:26,760 | INFO | Saved history rows: 130054 | file: /home/runner/work/nifty100-reporter/nifty100-reporter/data/nifty100_ohlcv_history.csv
2026-06-23 12:46:26,866 | INFO | Loaded history rows: 130054
2026-06-23 12:46:26,867 | INFO | Latest OHLCV data is from 2026-06-23
2026-06-23 12:46:26,890 | INFO | Latest Delivery data is from 2026-06-22
2026-06-23 12:46:26,932 | INFO | Delivery cache has 28 dates — skipping backfill.
2026-06-23 12:46:26,932 | INFO | Delivery fetch attempt [0/7] — URL: https://archives.nseindia.com/products/content/sec_bhavdata_full_23062026.csv
2026-06-23 12:46:27,778 | INFO | Delivery fetch SUCCESS — date: 2026-06-23 | size: 370426 bytes | URL: https://archives.nseindia.com/products/content/sec_bhavdata_full_23062026.csv
2026-06-23 12:46:28,098 | INFO | Delivery cache updated: 2411 symbols for 2026-06-23 (rows in cache: 68327)
2026-06-23 12:46:28,099 | INFO | Delivery data: 2411 symbols | fallback=False
2026-06-23 12:46:28,532 | INFO | Corporate actions bulk OK: 115 raw rows | 21 Nifty100 symbols with events
2026-06-23 12:46:58,866 | INFO | Corporate actions: 21/101 symbols have events (window 23-06-2026 to 23-07-2026) | Symbols: ASIANPAINT, AXISBANK, BAJAJ-AUTO, BAJAJFINSV, BAJAJHLDNG, BAJFINANCE, CHOLAFIN, HINDALCO, HINDUNILVR, INDHOTEL, JSWSTEEL, M&M, MAXHEALTH, MOTHERSON, NESTLEIND, SHRIRAMFIN, SUNPHARMA, TATAPOWER, TECHM, UNIONBANK, UNITDSPR
2026-06-23 12:46:58,866 | INFO | Index membership from cache: NIFTY 50 (50 symbols)
2026-06-23 12:46:58,866 | INFO | Index membership from cache: Nifty Next 50 (50 symbols)
2026-06-23 12:46:58,867 | INFO | Index membership ready: 100 symbols mapped
2026-06-23 12:46:59,510 | INFO | News RSS query for ABB: https://news.google.com/rss/search?q=%22ABB+India+Ltd.%22+NSE+when:10d&hl=en-IN&gl=IN&ceid=IN:en
2026-06-23 12:46:59,747 | INFO | News RSS status for ABB: 200
2026-06-23 12:47:00,098 | INFO | News RSS query for ADANIENSOL: https://news.google.com/rss/search?q=%22Adani+Energy+Solutions+Ltd.%22+NSE+when:10d&hl=en-IN&gl=IN&ceid=IN:en
2026-06-23 12:47:00,287 | INFO | News RSS status for ADANIENSOL: 200
2026-06-23 12:47:00,920 | INFO | News RSS query for ADANIENT: https://news.google.com/rss/search?q=%22Adani+Enterprises+Ltd.%22+NSE+when:10d&hl=en-IN&gl=IN&ceid=IN:en
2026-06-23 12:47:01,151 | INFO | News RSS status for ADANIENT: 200
2026-06-23 12:47:01,784 | INFO | News RSS query for ADANIGREEN: https://news.google.com/rss/search?q=%22Adani+Green+Energy+Ltd.%22+NSE+when:10d&hl=en-IN&gl=IN&ceid=IN:en
2026-06-23 12:47:01,998 | INFO | News RSS status for ADANIGREEN: 200
2026-06-23 12:47:02,059 | INFO | News RSS query for ADANIGREEN: https://news.google.com/rss/search?q=%22Adani+Green+Energy+Ltd.%22+NSE+when:10d&hl=en-IN&gl=IN&ceid=IN:en
2026-06-23 12:47:02,065 | INFO | News RSS status for ADANIGREEN: 200
2026-06-23 12:47:02,687 | INFO | News RSS query for ADANIPORTS: https://news.google.com/rss/search?q=%22Adani+Ports+and+Special+Economic+Zone+Ltd.%22+NSE+when:10d&hl=en-IN&gl=IN&ceid=IN:en
2026-06-23 12:47:02,933 | INFO | News RSS status for ADANIPORTS: 200
2026-06-23 12:47:03,566 | INFO | News RSS query for ADANIPOWER: https://news.google.com/rss/search?q=%22Adani+Power+Ltd.%22+NSE+when:10d&hl=en-IN&gl=IN&ceid=IN:en
2026-06-23 12:47:03,750 | INFO | News RSS status for ADANIPOWER: 200
2026-06-23 12:47:04,952 | INFO | News RSS query for APOLLOHOSP: https://news.google.com/rss/search?q=%22Apollo+Hospitals+Enterprise+Ltd.%22+NSE+when:10d&hl=en-IN&gl=IN&ceid=IN:en
2026-06-23 12:47:05,173 | INFO | News RSS status for APOLLOHOSP: 200
2026-06-23 12:47:05,812 | INFO | News RSS query for ASIANPAINT: https://news.google.com/rss/search?q=%22Asian+Paints+Ltd.%22+NSE+when:10d&hl=en-IN&gl=IN&ceid=IN:en
2026-06-23 12:47:06,028 | INFO | News RSS status for ASIANPAINT: 200
2026-06-23 12:47:06,667 | INFO | News RSS query for AXISBANK: https://news.google.com/rss/search?q=%22Axis+Bank+Ltd.%22+NSE+when:10d&hl=en-IN&gl=IN&ceid=IN:en
2026-06-23 12:47:06,878 | INFO | News RSS status for AXISBANK: 200
2026-06-23 12:47:09,810 | INFO | News RSS query for BANKBARODA: https://news.google.com/rss/search?q=%22Bank+of+Baroda%22+NSE+when:10d&hl=en-IN&gl=IN&ceid=IN:en
2026-06-23 12:47:10,146 | INFO | News RSS status for BANKBARODA: 200
2026-06-23 12:47:11,332 | INFO | News RSS query for BHARTIARTL: https://news.google.com/rss/search?q=%22Bharti+Airtel+Ltd.%22+NSE+when:10d&hl=en-IN&gl=IN&ceid=IN:en
2026-06-23 12:47:11,536 | INFO | News RSS status for BHARTIARTL: 200
2026-06-23 12:47:12,171 | INFO | News RSS query for BOSCHLTD: https://news.google.com/rss/search?q=%22Bosch+Ltd.%22+NSE+when:10d&hl=en-IN&gl=IN&ceid=IN:en
2026-06-23 12:47:12,358 | INFO | News RSS status for BOSCHLTD: 200
2026-06-23 12:47:14,703 | INFO | News RSS query for CGPOWER: https://news.google.com/rss/search?q=%22CG+Power+and+Industrial+Solutions+Ltd.%22+NSE+when:10d&hl=en-IN&gl=IN&ceid=IN:en
2026-06-23 12:47:14,907 | INFO | News RSS status for CGPOWER: 200
2026-06-23 12:47:14,908 | INFO | News RSS query for CGPOWER: https://news.google.com/rss/search?q=%22CG+Power+and+Industrial+Solutions+Ltd.%22+stock+when:10d&hl=en-IN&gl=IN&ceid=IN:en
2026-06-23 12:47:15,107 | INFO | News RSS status for CGPOWER: 200
2026-06-23 12:47:15,109 | INFO | News RSS query for CGPOWER: https://news.google.com/rss/search?q=CGPOWER+NSE+when:10d&hl=en-IN&gl=IN&ceid=IN:en
2026-06-23 12:47:15,326 | INFO | News RSS status for CGPOWER: 200
2026-06-23 12:47:15,326 | INFO | News RSS query for CGPOWER: https://news.google.com/rss/search?q=site%3Aeconomictimes.indiatimes.com+%22CG+Power+and+Industrial+Solutions+Ltd.%22+when:10d&hl=en-IN&gl=IN&ceid=IN:en
2026-06-23 12:47:15,553 | INFO | News RSS status for CGPOWER: 200
2026-06-23 12:47:15,612 | INFO | News RSS query for CGPOWER: https://news.google.com/rss/search?q=%22CG+Power+and+Industrial+Solutions+Ltd.%22+NSE+when:10d&hl=en-IN&gl=IN&ceid=IN:en
2026-06-23 12:47:15,616 | INFO | News RSS status for CGPOWER: 200
2026-06-23 12:47:15,617 | INFO | News RSS query for CGPOWER: https://news.google.com/rss/search?q=%22CG+Power+and+Industrial+Solutions+Ltd.%22+stock+when:10d&hl=en-IN&gl=IN&ceid=IN:en
2026-06-23 12:47:15,622 | INFO | News RSS status for CGPOWER: 200
2026-06-23 12:47:15,624 | INFO | News RSS query for CGPOWER: https://news.google.com/rss/search?q=CGPOWER+NSE+when:10d&hl=en-IN&gl=IN&ceid=IN:en
2026-06-23 12:47:15,629 | INFO | News RSS status for CGPOWER: 200
2026-06-23 12:47:15,629 | INFO | News RSS query for CGPOWER: https://news.google.com/rss/search?q=site%3Aeconomictimes.indiatimes.com+%22CG+Power+and+Industrial+Solutions+Ltd.%22+when:10d&hl=en-IN&gl=IN&ceid=IN:en
2026-06-23 12:47:15,634 | INFO | News RSS status for CGPOWER: 200
2026-06-23 12:47:18,006 | INFO | News RSS query for CUMMINSIND: https://news.google.com/rss/search?q=%22Cummins+India+Ltd.%22+NSE+when:10d&hl=en-IN&gl=IN&ceid=IN:en
2026-06-23 12:47:18,226 | INFO | News RSS status for CUMMINSIND: 200
2026-06-23 12:47:18,289 | INFO | News RSS query for CUMMINSIND: https://news.google.com/rss/search?q=%22Cummins+India+Ltd.%22+NSE+when:10d&hl=en-IN&gl=IN&ceid=IN:en
2026-06-23 12:47:18,294 | INFO | News RSS status for CUMMINSIND: 200
2026-06-23 12:47:18,923 | INFO | News RSS query for DIVISLAB: https://news.google.com/rss/search?q=%22Divi%27s+Laboratories+Ltd.%22+NSE+when:10d&hl=en-IN&gl=IN&ceid=IN:en
2026-06-23 12:47:19,120 | INFO | News RSS status for DIVISLAB: 200
2026-06-23 12:47:19,123 | INFO | News RSS query for DIVISLAB: https://news.google.com/rss/search?q=%22Divi%27s+Laboratories+Ltd.%22+stock+when:10d&hl=en-IN&gl=IN&ceid=IN:en
2026-06-23 12:47:19,306 | INFO | News RSS status for DIVISLAB: 200
2026-06-23 12:47:19,307 | INFO | News RSS query for DIVISLAB: https://news.google.com/rss/search?q=DIVISLAB+NSE+when:10d&hl=en-IN&gl=IN&ceid=IN:en
2026-06-23 12:47:19,483 | INFO | News RSS status for DIVISLAB: 200
2026-06-23 12:47:20,668 | INFO | News RSS query for DMART: https://news.google.com/rss/search?q=%22Avenue+Supermarts+Ltd.%22+NSE+when:10d&hl=en-IN&gl=IN&ceid=IN:en
2026-06-23 12:47:20,839 | INFO | News RSS status for DMART: 200
2026-06-23 12:47:20,842 | INFO | News RSS query for DMART: https://news.google.com/rss/search?q=%22Avenue+Supermarts+Ltd.%22+stock+when:10d&hl=en-IN&gl=IN&ceid=IN:en
2026-06-23 12:47:21,054 | INFO | News RSS status for DMART: 200
2026-06-23 12:47:21,114 | INFO | News RSS query for DMART: https://news.google.com/rss/search?q=%22Avenue+Supermarts+Ltd.%22+NSE+when:10d&hl=en-IN&gl=IN&ceid=IN:en
2026-06-23 12:47:21,119 | INFO | News RSS status for DMART: 200
2026-06-23 12:47:21,121 | INFO | News RSS query for DMART: https://news.google.com/rss/search?q=%22Avenue+Supermarts+Ltd.%22+stock+when:10d&hl=en-IN&gl=IN&ceid=IN:en
2026-06-23 12:47:21,126 | INFO | News RSS status for DMART: 200
2026-06-23 12:47:21,184 | INFO | News RSS query for DMART: https://news.google.com/rss/search?q=%22Avenue+Supermarts+Ltd.%22+NSE+when:10d&hl=en-IN&gl=IN&ceid=IN:en
2026-06-23 12:47:21,188 | INFO | News RSS status for DMART: 200
2026-06-23 12:47:21,191 | INFO | News RSS query for DMART: https://news.google.com/rss/search?q=%22Avenue+Supermarts+Ltd.%22+stock+when:10d&hl=en-IN&gl=IN&ceid=IN:en
2026-06-23 12:47:21,194 | INFO | News RSS status for DMART: 200
2026-06-23 12:47:21,820 | INFO | News RSS query for DRREDDY: https://news.google.com/rss/search?q=%22Dr.+Reddy%27s+Laboratories+Ltd.%22+NSE+when:10d&hl=en-IN&gl=IN&ceid=IN:en
2026-06-23 12:47:22,058 | INFO | News RSS status for DRREDDY: 200
2026-06-23 12:47:22,700 | INFO | News RSS query for EICHERMOT: https://news.google.com/rss/search?q=%22Eicher+Motors+Ltd.%22+NSE+when:10d&hl=en-IN&gl=IN&ceid=IN:en
2026-06-23 12:47:22,915 | INFO | News RSS status for EICHERMOT: 200
2026-06-23 12:47:23,086 | INFO | News RSS query for ENRIN: https://news.google.com/rss/search?q=%22Siemens+Energy+India+Ltd.%22+NSE+when:10d&hl=en-IN&gl=IN&ceid=IN:en
2026-06-23 12:47:23,289 | INFO | News RSS status for ENRIN: 200
2026-06-23 12:47:23,350 | INFO | News RSS query for ENRIN: https://news.google.com/rss/search?q=%22Siemens+Energy+India+Ltd.%22+NSE+when:10d&hl=en-IN&gl=IN&ceid=IN:en
2026-06-23 12:47:23,356 | INFO | News RSS status for ENRIN: 200
2026-06-23 12:47:24,462 | INFO | News RSS query for GAIL: https://news.google.com/rss/search?q=%22GAIL+%28India%29+Ltd.%22+NSE+when:10d&hl=en-IN&gl=IN&ceid=IN:en
2026-06-23 12:47:24,683 | INFO | News RSS status for GAIL: 200
2026-06-23 12:47:25,886 | INFO | News RSS query for GRASIM: https://news.google.com/rss/search?q=%22Grasim+Industries+Ltd.%22+NSE+when:10d&hl=en-IN&gl=IN&ceid=IN:en
2026-06-23 12:47:26,075 | INFO | News RSS status for GRASIM: 200
2026-06-23 12:47:26,137 | INFO | News RSS query for GRASIM: https://news.google.com/rss/search?q=%22Grasim+Industries+Ltd.%22+NSE+when:10d&hl=en-IN&gl=IN&ceid=IN:en
2026-06-23 12:47:26,141 | INFO | News RSS status for GRASIM: 200
2026-06-23 12:47:26,747 | INFO | News RSS query for HAL: https://news.google.com/rss/search?q=%22Hindustan+Aeronautics+Ltd.%22+NSE+when:10d&hl=en-IN&gl=IN&ceid=IN:en
2026-06-23 12:47:26,950 | INFO | News RSS status for HAL: 200
2026-06-23 12:47:27,011 | INFO | News RSS query for HAL: https://news.google.com/rss/search?q=%22Hindustan+Aeronautics+Ltd.%22+NSE+when:10d&hl=en-IN&gl=IN&ceid=IN:en
2026-06-23 12:47:27,016 | INFO | News RSS status for HAL: 200
2026-06-23 12:47:29,366 | INFO | News RSS query for HDFCLIFE: https://news.google.com/rss/search?q=%22HDFC+Life+Insurance+Company+Ltd.%22+NSE+when:10d&hl=en-IN&gl=IN&ceid=IN:en
2026-06-23 12:47:29,555 | INFO | News RSS status for HDFCLIFE: 200
2026-06-23 12:47:38,562 | INFO | News RSS query for LT: https://news.google.com/rss/search?q=%22Larsen+%26+Toubro+Ltd.%22+NSE+when:10d&hl=en-IN&gl=IN&ceid=IN:en
2026-06-23 12:47:38,802 | INFO | News RSS status for LT: 200
2026-06-23 12:47:38,804 | INFO | News RSS query for LT: https://news.google.com/rss/search?q=%22Larsen+%26+Toubro+Ltd.%22+stock+when:10d&hl=en-IN&gl=IN&ceid=IN:en
2026-06-23 12:47:39,033 | INFO | News RSS status for LT: 200
2026-06-23 12:47:39,037 | WARNING | Skipping LTM — only 84 bars available (need 220). Extend history_backfill_days in config.json to include this symbol.
2026-06-23 12:47:41,377 | INFO | News RSS query for MAZDOCK: https://news.google.com/rss/search?q=%22Mazagoan+Dock+Shipbuilders+Ltd.%22+NSE+when:10d&hl=en-IN&gl=IN&ceid=IN:en
2026-06-23 12:47:41,525 | INFO | News RSS status for MAZDOCK: 200
2026-06-23 12:47:41,525 | INFO | News RSS query for MAZDOCK: https://news.google.com/rss/search?q=%22Mazagoan+Dock+Shipbuilders+Ltd.%22+stock+when:10d&hl=en-IN&gl=IN&ceid=IN:en
2026-06-23 12:47:41,712 | INFO | News RSS status for MAZDOCK: 200
2026-06-23 12:47:41,713 | INFO | News RSS query for MAZDOCK: https://news.google.com/rss/search?q=MAZDOCK+NSE+when:10d&hl=en-IN&gl=IN&ceid=IN:en
2026-06-23 12:47:41,913 | INFO | News RSS status for MAZDOCK: 200
2026-06-23 12:47:41,916 | INFO | News RSS query for MAZDOCK: https://news.google.com/rss/search?q=site%3Aeconomictimes.indiatimes.com+%22Mazagoan+Dock+Shipbuilders+Ltd.%22+when:10d&hl=en-IN&gl=IN&ceid=IN:en
2026-06-23 12:47:42,060 | INFO | News RSS status for MAZDOCK: 200
2026-06-23 12:47:42,060 | INFO | News RSS query for MAZDOCK: https://news.google.com/rss/search?q=site%3Amoneycontrol.com+%22Mazagoan+Dock+Shipbuilders+Ltd.%22+when:10d&hl=en-IN&gl=IN&ceid=IN:en
2026-06-23 12:47:42,202 | INFO | News RSS status for MAZDOCK: 200
2026-06-23 12:47:42,202 | INFO | News RSS query for MAZDOCK: https://news.google.com/rss/search?q=site%3Abusinessstandard.com+%22Mazagoan+Dock+Shipbuilders+Ltd.%22+when:10d&hl=en-IN&gl=IN&ceid=IN:en
2026-06-23 12:47:42,373 | INFO | News RSS status for MAZDOCK: 200
2026-06-23 12:47:42,999 | INFO | News RSS query for MOTHERSON: https://news.google.com/rss/search?q=%22Samvardhana+Motherson+International+Ltd.%22+NSE+when:10d&hl=en-IN&gl=IN&ceid=IN:en
2026-06-23 12:47:43,196 | INFO | News RSS status for MOTHERSON: 200
2026-06-23 12:47:43,198 | INFO | News RSS query for MOTHERSON: https://news.google.com/rss/search?q=%22Samvardhana+Motherson+International+Ltd.%22+stock+when:10d&hl=en-IN&gl=IN&ceid=IN:en
2026-06-23 12:47:43,407 | INFO | News RSS status for MOTHERSON: 200
2026-06-23 12:47:43,466 | INFO | News RSS query for MOTHERSON: https://news.google.com/rss/search?q=%22Samvardhana+Motherson+International+Ltd.%22+NSE+when:10d&hl=en-IN&gl=IN&ceid=IN:en
2026-06-23 12:47:43,471 | INFO | News RSS status for MOTHERSON: 200
2026-06-23 12:47:43,473 | INFO | News RSS query for MOTHERSON: https://news.google.com/rss/search?q=%22Samvardhana+Motherson+International+Ltd.%22+stock+when:10d&hl=en-IN&gl=IN&ceid=IN:en
2026-06-23 12:47:43,478 | INFO | News RSS status for MOTHERSON: 200
2026-06-23 12:47:46,376 | INFO | News RSS query for PFC: https://news.google.com/rss/search?q=%22Power+Finance+Corporation+Ltd.%22+NSE+when:10d&hl=en-IN&gl=IN&ceid=IN:en
2026-06-23 12:47:46,589 | INFO | News RSS status for PFC: 200
2026-06-23 12:47:46,650 | INFO | News RSS query for PFC: https://news.google.com/rss/search?q=%22Power+Finance+Corporation+Ltd.%22+NSE+when:10d&hl=en-IN&gl=IN&ceid=IN:en
2026-06-23 12:47:46,656 | INFO | News RSS status for PFC: 200
2026-06-23 12:47:47,277 | INFO | News RSS query for PIDILITIND: https://news.google.com/rss/search?q=%22Pidilite+Industries+Ltd.%22+NSE+when:10d&hl=en-IN&gl=IN&ceid=IN:en
2026-06-23 12:47:47,468 | INFO | News RSS status for PIDILITIND: 200
2026-06-23 12:47:47,471 | INFO | News RSS query for PIDILITIND: https://news.google.com/rss/search?q=%22Pidilite+Industries+Ltd.%22+stock+when:10d&hl=en-IN&gl=IN&ceid=IN:en
2026-06-23 12:47:47,697 | INFO | News RSS status for PIDILITIND: 200
2026-06-23 12:47:52,272 | INFO | News RSS query for SHRIRAMFIN: https://news.google.com/rss/search?q=%22Shriram+Finance+Ltd.%22+NSE+when:10d&hl=en-IN&gl=IN&ceid=IN:en
2026-06-23 12:47:52,453 | INFO | News RSS status for SHRIRAMFIN: 200
2026-06-23 12:47:52,514 | INFO | News RSS query for SHRIRAMFIN: https://news.google.com/rss/search?q=%22Shriram+Finance+Ltd.%22+NSE+when:10d&hl=en-IN&gl=IN&ceid=IN:en
2026-06-23 12:47:52,518 | INFO | News RSS status for SHRIRAMFIN: 200
2026-06-23 12:47:53,143 | INFO | News RSS query for SIEMENS: https://news.google.com/rss/search?q=%22Siemens+Ltd.%22+NSE+when:10d&hl=en-IN&gl=IN&ceid=IN:en
2026-06-23 12:47:53,331 | INFO | News RSS status for SIEMENS: 200
2026-06-23 12:47:53,952 | INFO | News RSS query for SOLARINDS: https://news.google.com/rss/search?q=%22Solar+Industries+India+Ltd.%22+NSE+when:10d&hl=en-IN&gl=IN&ceid=IN:en
2026-06-23 12:47:54,178 | INFO | News RSS status for SOLARINDS: 200
2026-06-23 12:47:54,812 | INFO | News RSS query for SUNPHARMA: https://news.google.com/rss/search?q=%22Sun+Pharmaceutical+Industries+Ltd.%22+NSE+when:10d&hl=en-IN&gl=IN&ceid=IN:en
2026-06-23 12:47:55,038 | INFO | News RSS status for SUNPHARMA: 200
2026-06-23 12:47:55,044 | WARNING | Skipping TATACAP — only 172 bars available (need 220). Extend history_backfill_days in config.json to include this symbol.
2026-06-23 12:47:58,465 | INFO | News RSS query for TITAN: https://news.google.com/rss/search?q=%22Titan+Company+Ltd.%22+NSE+when:10d&hl=en-IN&gl=IN&ceid=IN:en
2026-06-23 12:47:58,662 | INFO | News RSS status for TITAN: 200
2026-06-23 12:47:58,668 | WARNING | Skipping TMCV — only 152 bars available (need 220). Extend history_backfill_days in config.json to include this symbol.
2026-06-23 12:47:58,669 | WARNING | Skipping TMPV — only 169 bars available (need 220). Extend history_backfill_days in config.json to include this symbol.
2026-06-23 12:47:59,304 | INFO | News RSS query for TORNTPHARM: https://news.google.com/rss/search?q=%22Torrent+Pharmaceuticals+Ltd.%22+NSE+when:10d&hl=en-IN&gl=IN&ceid=IN:en
2026-06-23 12:47:59,511 | INFO | News RSS status for TORNTPHARM: 200
2026-06-23 12:48:02,005 | WARNING | Skipping VAML — only 6 bars available (need 220). Extend history_backfill_days in config.json to include this symbol.
2026-06-23 12:48:02,630 | INFO | News RSS query for VBL: https://news.google.com/rss/search?q=%22Varun+Beverages+Ltd.%22+NSE+when:10d&hl=en-IN&gl=IN&ceid=IN:en
2026-06-23 12:48:02,853 | INFO | News RSS status for VBL: 200
2026-06-23 12:48:03,431 | WARNING | Skipping VEDPOWER — only 4 bars available (need 220). Extend history_backfill_days in config.json to include this symbol.
2026-06-23 12:48:03,432 | WARNING | Skipping VISL — only 4 bars available (need 220). Extend history_backfill_days in config.json to include this symbol.
2026-06-23 12:48:03,432 | WARNING | Skipping VOGL — only 7 bars available (need 220). Extend history_backfill_days in config.json to include this symbol.
2026-06-23 12:48:04,615 | INFO | News RSS query for ZYDUSLIFE: https://news.google.com/rss/search?q=%22Zydus+Lifesciences+Ltd.%22+NSE+when:10d&hl=en-IN&gl=IN&ceid=IN:en
2026-06-23 12:48:04,803 | INFO | News RSS status for ZYDUSLIFE: 200
2026-06-23 12:48:04,806 | INFO | News RSS query for ZYDUSLIFE: https://news.google.com/rss/search?q=%22Zydus+Lifesciences+Ltd.%22+stock+when:10d&hl=en-IN&gl=IN&ceid=IN:en
2026-06-23 12:48:05,039 | INFO | News RSS status for ZYDUSLIFE: 200
2026-06-23 12:48:05,098 | INFO | News RSS query for ZYDUSLIFE: https://news.google.com/rss/search?q=%22Zydus+Lifesciences+Ltd.%22+NSE+when:10d&hl=en-IN&gl=IN&ceid=IN:en
2026-06-23 12:48:05,103 | INFO | News RSS status for ZYDUSLIFE: 200
2026-06-23 12:48:05,105 | INFO | News RSS query for ZYDUSLIFE: https://news.google.com/rss/search?q=%22Zydus+Lifesciences+Ltd.%22+stock+when:10d&hl=en-IN&gl=IN&ceid=IN:en
2026-06-23 12:48:05,110 | INFO | News RSS status for ZYDUSLIFE: 200
2026-06-23 12:48:05,120 | INFO | Index membership from cache: NIFTY 50 (50 symbols)
2026-06-23 12:48:05,120 | INFO | Index membership from cache: Nifty Next 50 (50 symbols)
2026-06-23 12:48:05,120 | INFO | Index membership ready: 100 symbols mapped
2026-06-23 12:48:05,120 | INFO | Market Health: fetching index OHLCV...
2026-06-23 12:48:05,843 | INFO | Index OHLCV via niftyindices for NIFTY 50: 1407 rows (+2)
2026-06-23 12:48:06,454 | INFO | Index OHLCV via niftyindices for NIFTY NEXT 50: 1407 rows (+2)
2026-06-23 12:48:06,455 | INFO | Market Health: fetching VIX...
2026-06-23 12:48:07,705 | INFO | VIX via niftyindices: 105 rows (+2)
2026-06-23 12:48:07,706 | INFO | Market Health: updating breadth EMA cache...
2026-06-23 12:48:09,468 | INFO | Breadth EMA cache: 129964 total rows (+100)
2026-06-23 12:48:09,490 | INFO | Market Health [NIFTY 50]: Score=23.5 | Weak Bull &#x1F7E1;
2026-06-23 12:48:09,508 | INFO | Market Health [Nifty Next 50]: Score=64.5 | Strong Bull &#x1F7E2;
2026-06-23 12:48:09,635 | INFO | Signal log: appended 17 new signals. Total rows: 327
2026-06-23 12:48:09,635 | INFO | Signal log written/updated: /home/runner/work/nifty100-reporter/nifty100-reporter/data/nifty100_signal_log.csv
2026-06-23 12:48:10,688 | INFO | Signal tracker: updated 162 Active signal rows.
2026-06-23 12:48:10,708 | INFO | HTML report written: /home/runner/work/nifty100-reporter/nifty100-reporter/reports/nifty100_daily_report_20260623.html
2026-06-23 12:48:10,717 | INFO | Market Health Excel sheet written.
2026-06-23 12:48:11,496 | INFO | Excel report written: /home/runner/work/nifty100-reporter/nifty100-reporter/reports/nifty100_daily_report_20260623.xlsx
2026-06-23 12:48:11,497 | INFO | GitHub Actions detected — skipping Gmail API send (workflow handles email).
2026-06-23 12:48:11,497 | INFO | Run completed successfully.
2026-06-23 12:48:11,497 | INFO | Artifacts: /home/runner/work/nifty100-reporter/nifty100-reporter/reports/nifty100_daily_report_20260623.html | /home/runner/work/nifty100-reporter/nifty100-reporter/reports/nifty100_daily_report_20260623.xlsx | log: /home/runner/work/nifty100-reporter/nifty100-reporter/logs/run_20260623_181610.log
