2026-06-26 12:46:04,691 | INFO | Nifty 100 Daily EMA Cross Reporter | Version 3.3.8 | Released 2026-04-17
2026-06-26 12:46:04,691 | INFO | Base directory: /home/runner/work/nifty100-reporter/nifty100-reporter
2026-06-26 12:46:04,692 | INFO | Loaded config. Email enabled: True | Recipients: 1
2026-06-26 12:46:04,800 | WARNING | NSE session bootstrap HTTP 403 (attempt 1/5) — refreshing NSE session cookie …
2026-06-26 12:46:15,848 | INFO | NSE session bootstrap status: 200
2026-06-26 12:46:15,848 | INFO | Downloading Nifty 100 universe from https://www.niftyindices.com/IndexConstituent/ind_nifty100list.csv
2026-06-26 12:46:17,096 | INFO | Universe download status: 200
2026-06-26 12:46:17,101 | INFO | Universe rows loaded: 100
2026-06-26 12:46:17,220 | INFO | Loaded history rows: 130254
2026-06-26 12:46:17,228 | INFO | yfinance history update: 100 symbols | 2026-06-24 → 2026-06-27
2026-06-26 12:46:17,228 | INFO | yfinance batch download: 100 symbols | 2026-06-24 → 2026-06-27
2026-06-26 12:46:17,230 | INFO | Failed to create TzCache, reason: Error creating TzCache folder: '/home/runner/.cache/py-yfinance' reason: [Errno 17] File exists: '/home/runner/.cache/py-yfinance'. TzCache will not be used. Tip: You can direct cache to use a different location with 'set_tz_cache_location(mylocation)'
2026-06-26 12:46:21,825 | INFO | yfinance raw shape: (2, 500)
2026-06-26 12:46:22,098 | INFO | yfinance parsed rows after date-filter: 200
2026-06-26 12:46:22,099 | INFO | New rows from yfinance: 200
2026-06-26 12:46:22,858 | INFO | Saved history rows: 130254 | file: /home/runner/work/nifty100-reporter/nifty100-reporter/data/nifty100_ohlcv_history.csv
2026-06-26 12:46:22,964 | INFO | Loaded history rows: 130254
2026-06-26 12:46:22,964 | INFO | Latest OHLCV data is from 2026-06-25
2026-06-26 12:46:22,988 | INFO | Latest Delivery data is from 2026-06-25
2026-06-26 12:46:23,031 | INFO | Delivery cache has 30 dates — skipping backfill.
2026-06-26 12:46:23,031 | INFO | Delivery fetch attempt [0/7] — URL: https://archives.nseindia.com/products/content/sec_bhavdata_full_26062026.csv
2026-06-26 12:46:23,890 | INFO | Delivery fetch SUCCESS — date: 2026-06-26 | size: 370291 bytes | URL: https://archives.nseindia.com/products/content/sec_bhavdata_full_26062026.csv
2026-06-26 12:46:24,215 | INFO | Delivery cache updated: 2406 symbols for 2026-06-26 (rows in cache: 73095)
2026-06-26 12:46:24,216 | INFO | Delivery data: 2406 symbols | fallback=False
2026-06-26 12:46:26,101 | INFO | Corporate actions bulk OK: 112 raw rows | 19 Nifty100 symbols with events
2026-06-26 12:46:58,218 | INFO | Corporate actions: 19/100 symbols have events (window 26-06-2026 to 26-07-2026) | Symbols: AXISBANK, BAJAJFINSV, BAJAJHLDNG, BAJFINANCE, CHOLAFIN, CUMMINSIND, DIVISLAB, HINDALCO, JSWSTEEL, M&M, MAXHEALTH, MOTHERSON, NESTLEIND, SHRIRAMFIN, SUNPHARMA, TECHM, UNIONBANK, UNITDSPR, ZYDUSLIFE
2026-06-26 12:46:58,218 | INFO | Index membership from cache: NIFTY 50 (50 symbols)
2026-06-26 12:46:58,219 | INFO | Index membership from cache: Nifty Next 50 (50 symbols)
2026-06-26 12:46:58,219 | INFO | Index membership ready: 100 symbols mapped
2026-06-26 12:46:58,674 | INFO | News RSS query for ABB: https://news.google.com/rss/search?q=%22ABB+India+Ltd.%22+NSE+when:10d&hl=en-IN&gl=IN&ceid=IN:en
2026-06-26 12:46:58,913 | INFO | News RSS status for ABB: 200
2026-06-26 12:46:59,172 | INFO | News RSS query for ADANIENSOL: https://news.google.com/rss/search?q=%22Adani+Energy+Solutions+Ltd.%22+NSE+when:10d&hl=en-IN&gl=IN&ceid=IN:en
2026-06-26 12:46:59,385 | INFO | News RSS status for ADANIENSOL: 200
2026-06-26 12:46:59,827 | INFO | News RSS query for ADANIENT: https://news.google.com/rss/search?q=%22Adani+Enterprises+Ltd.%22+NSE+when:10d&hl=en-IN&gl=IN&ceid=IN:en
2026-06-26 12:47:00,034 | INFO | News RSS status for ADANIENT: 200
2026-06-26 12:47:00,477 | INFO | News RSS query for ADANIGREEN: https://news.google.com/rss/search?q=%22Adani+Green+Energy+Ltd.%22+NSE+when:10d&hl=en-IN&gl=IN&ceid=IN:en
2026-06-26 12:47:00,733 | INFO | News RSS status for ADANIGREEN: 200
2026-06-26 12:47:00,792 | INFO | News RSS query for ADANIGREEN: https://news.google.com/rss/search?q=%22Adani+Green+Energy+Ltd.%22+NSE+when:10d&hl=en-IN&gl=IN&ceid=IN:en
2026-06-26 12:47:00,807 | INFO | News RSS status for ADANIGREEN: 200
2026-06-26 12:47:01,247 | INFO | News RSS query for ADANIPORTS: https://news.google.com/rss/search?q=%22Adani+Ports+and+Special+Economic+Zone+Ltd.%22+NSE+when:10d&hl=en-IN&gl=IN&ceid=IN:en
2026-06-26 12:47:01,425 | INFO | News RSS status for ADANIPORTS: 200
2026-06-26 12:47:01,862 | INFO | News RSS query for ADANIPOWER: https://news.google.com/rss/search?q=%22Adani+Power+Ltd.%22+NSE+when:10d&hl=en-IN&gl=IN&ceid=IN:en
2026-06-26 12:47:02,055 | INFO | News RSS status for ADANIPOWER: 200
2026-06-26 12:47:02,881 | INFO | News RSS query for APOLLOHOSP: https://news.google.com/rss/search?q=%22Apollo+Hospitals+Enterprise+Ltd.%22+NSE+when:10d&hl=en-IN&gl=IN&ceid=IN:en
2026-06-26 12:47:03,117 | INFO | News RSS status for APOLLOHOSP: 200
2026-06-26 12:47:03,555 | INFO | News RSS query for ASIANPAINT: https://news.google.com/rss/search?q=%22Asian+Paints+Ltd.%22+NSE+when:10d&hl=en-IN&gl=IN&ceid=IN:en
2026-06-26 12:47:03,762 | INFO | News RSS status for ASIANPAINT: 200
2026-06-26 12:47:04,201 | INFO | News RSS query for AXISBANK: https://news.google.com/rss/search?q=%22Axis+Bank+Ltd.%22+NSE+when:10d&hl=en-IN&gl=IN&ceid=IN:en
2026-06-26 12:47:04,446 | INFO | News RSS status for AXISBANK: 200
2026-06-26 12:47:06,410 | INFO | News RSS query for BANKBARODA: https://news.google.com/rss/search?q=%22Bank+of+Baroda%22+NSE+when:10d&hl=en-IN&gl=IN&ceid=IN:en
2026-06-26 12:47:06,700 | INFO | News RSS status for BANKBARODA: 200
2026-06-26 12:47:07,899 | INFO | News RSS query for BOSCHLTD: https://news.google.com/rss/search?q=%22Bosch+Ltd.%22+NSE+when:10d&hl=en-IN&gl=IN&ceid=IN:en
2026-06-26 12:47:08,130 | INFO | News RSS status for BOSCHLTD: 200
2026-06-26 12:47:09,718 | INFO | News RSS query for CGPOWER: https://news.google.com/rss/search?q=%22CG+Power+and+Industrial+Solutions+Ltd.%22+NSE+when:10d&hl=en-IN&gl=IN&ceid=IN:en
2026-06-26 12:47:09,971 | INFO | News RSS status for CGPOWER: 200
2026-06-26 12:47:09,972 | INFO | News RSS query for CGPOWER: https://news.google.com/rss/search?q=%22CG+Power+and+Industrial+Solutions+Ltd.%22+stock+when:10d&hl=en-IN&gl=IN&ceid=IN:en
2026-06-26 12:47:10,167 | INFO | News RSS status for CGPOWER: 200
2026-06-26 12:47:10,169 | INFO | News RSS query for CGPOWER: https://news.google.com/rss/search?q=CGPOWER+NSE+when:10d&hl=en-IN&gl=IN&ceid=IN:en
2026-06-26 12:47:10,389 | INFO | News RSS status for CGPOWER: 200
2026-06-26 12:47:10,452 | INFO | News RSS query for CGPOWER: https://news.google.com/rss/search?q=%22CG+Power+and+Industrial+Solutions+Ltd.%22+NSE+when:10d&hl=en-IN&gl=IN&ceid=IN:en
2026-06-26 12:47:10,482 | INFO | News RSS status for CGPOWER: 200
2026-06-26 12:47:10,483 | INFO | News RSS query for CGPOWER: https://news.google.com/rss/search?q=%22CG+Power+and+Industrial+Solutions+Ltd.%22+stock+when:10d&hl=en-IN&gl=IN&ceid=IN:en
2026-06-26 12:47:10,492 | INFO | News RSS status for CGPOWER: 200
2026-06-26 12:47:10,493 | INFO | News RSS query for CGPOWER: https://news.google.com/rss/search?q=CGPOWER+NSE+when:10d&hl=en-IN&gl=IN&ceid=IN:en
2026-06-26 12:47:10,505 | INFO | News RSS status for CGPOWER: 200
2026-06-26 12:47:10,567 | INFO | News RSS query for CGPOWER: https://news.google.com/rss/search?q=%22CG+Power+and+Industrial+Solutions+Ltd.%22+NSE+when:10d&hl=en-IN&gl=IN&ceid=IN:en
2026-06-26 12:47:10,575 | INFO | News RSS status for CGPOWER: 200
2026-06-26 12:47:10,576 | INFO | News RSS query for CGPOWER: https://news.google.com/rss/search?q=%22CG+Power+and+Industrial+Solutions+Ltd.%22+stock+when:10d&hl=en-IN&gl=IN&ceid=IN:en
2026-06-26 12:47:10,584 | INFO | News RSS status for CGPOWER: 200
2026-06-26 12:47:10,585 | INFO | News RSS query for CGPOWER: https://news.google.com/rss/search?q=CGPOWER+NSE+when:10d&hl=en-IN&gl=IN&ceid=IN:en
2026-06-26 12:47:10,593 | INFO | News RSS status for CGPOWER: 200
2026-06-26 12:47:11,034 | INFO | News RSS query for CHOLAFIN: https://news.google.com/rss/search?q=%22Cholamandalam+Investment+and+Finance+Company+Ltd.%22+NSE+when:10d&hl=en-IN&gl=IN&ceid=IN:en
2026-06-26 12:47:11,213 | INFO | News RSS status for CHOLAFIN: 200
2026-06-26 12:47:11,214 | INFO | News RSS query for CHOLAFIN: https://news.google.com/rss/search?q=%22Cholamandalam+Investment+and+Finance+Company+Ltd.%22+stock+when:10d&hl=en-IN&gl=IN&ceid=IN:en
2026-06-26 12:47:11,424 | INFO | News RSS status for CHOLAFIN: 200
2026-06-26 12:47:11,426 | INFO | News RSS query for CHOLAFIN: https://news.google.com/rss/search?q=CHOLAFIN+NSE+when:10d&hl=en-IN&gl=IN&ceid=IN:en
2026-06-26 12:47:11,601 | INFO | News RSS status for CHOLAFIN: 200
2026-06-26 12:47:11,601 | INFO | News RSS query for CHOLAFIN: https://news.google.com/rss/search?q=site%3Aeconomictimes.indiatimes.com+%22Cholamandalam+Investment+and+Finance+Company+Ltd.%22+when:10d&hl=en-IN&gl=IN&ceid=IN:en
2026-06-26 12:47:11,795 | INFO | News RSS status for CHOLAFIN: 200
2026-06-26 12:47:11,796 | INFO | News RSS query for CHOLAFIN: https://news.google.com/rss/search?q=site%3Amoneycontrol.com+%22Cholamandalam+Investment+and+Finance+Company+Ltd.%22+when:10d&hl=en-IN&gl=IN&ceid=IN:en
2026-06-26 12:47:11,967 | INFO | News RSS status for CHOLAFIN: 200
2026-06-26 12:47:11,968 | INFO | News RSS query for CHOLAFIN: https://news.google.com/rss/search?q=site%3Abusinessstandard.com+%22Cholamandalam+Investment+and+Finance+Company+Ltd.%22+when:10d&hl=en-IN&gl=IN&ceid=IN:en
2026-06-26 12:47:12,138 | INFO | News RSS status for CHOLAFIN: 200
2026-06-26 12:47:12,198 | INFO | News RSS query for CHOLAFIN: https://news.google.com/rss/search?q=%22Cholamandalam+Investment+and+Finance+Company+Ltd.%22+NSE+when:10d&hl=en-IN&gl=IN&ceid=IN:en
2026-06-26 12:47:12,208 | INFO | News RSS status for CHOLAFIN: 200
2026-06-26 12:47:12,209 | INFO | News RSS query for CHOLAFIN: https://news.google.com/rss/search?q=%22Cholamandalam+Investment+and+Finance+Company+Ltd.%22+stock+when:10d&hl=en-IN&gl=IN&ceid=IN:en
2026-06-26 12:47:12,218 | INFO | News RSS status for CHOLAFIN: 200
2026-06-26 12:47:12,220 | INFO | News RSS query for CHOLAFIN: https://news.google.com/rss/search?q=CHOLAFIN+NSE+when:10d&hl=en-IN&gl=IN&ceid=IN:en
2026-06-26 12:47:12,228 | INFO | News RSS status for CHOLAFIN: 200
2026-06-26 12:47:12,228 | INFO | News RSS query for CHOLAFIN: https://news.google.com/rss/search?q=site%3Aeconomictimes.indiatimes.com+%22Cholamandalam+Investment+and+Finance+Company+Ltd.%22+when:10d&hl=en-IN&gl=IN&ceid=IN:en
2026-06-26 12:47:12,237 | INFO | News RSS status for CHOLAFIN: 200
2026-06-26 12:47:12,238 | INFO | News RSS query for CHOLAFIN: https://news.google.com/rss/search?q=site%3Amoneycontrol.com+%22Cholamandalam+Investment+and+Finance+Company+Ltd.%22+when:10d&hl=en-IN&gl=IN&ceid=IN:en
2026-06-26 12:47:12,246 | INFO | News RSS status for CHOLAFIN: 200
2026-06-26 12:47:12,247 | INFO | News RSS query for CHOLAFIN: https://news.google.com/rss/search?q=site%3Abusinessstandard.com+%22Cholamandalam+Investment+and+Finance+Company+Ltd.%22+when:10d&hl=en-IN&gl=IN&ceid=IN:en
2026-06-26 12:47:12,255 | INFO | News RSS status for CHOLAFIN: 200
2026-06-26 12:47:13,483 | INFO | News RSS query for CUMMINSIND: https://news.google.com/rss/search?q=%22Cummins+India+Ltd.%22+NSE+when:10d&hl=en-IN&gl=IN&ceid=IN:en
2026-06-26 12:47:13,694 | INFO | News RSS status for CUMMINSIND: 200
2026-06-26 12:47:14,139 | INFO | News RSS query for DIVISLAB: https://news.google.com/rss/search?q=%22Divi%27s+Laboratories+Ltd.%22+NSE+when:10d&hl=en-IN&gl=IN&ceid=IN:en
2026-06-26 12:47:14,315 | INFO | News RSS status for DIVISLAB: 200
2026-06-26 12:47:14,317 | INFO | News RSS query for DIVISLAB: https://news.google.com/rss/search?q=%22Divi%27s+Laboratories+Ltd.%22+stock+when:10d&hl=en-IN&gl=IN&ceid=IN:en
2026-06-26 12:47:14,490 | INFO | News RSS status for DIVISLAB: 200
2026-06-26 12:47:14,492 | INFO | News RSS query for DIVISLAB: https://news.google.com/rss/search?q=DIVISLAB+NSE+when:10d&hl=en-IN&gl=IN&ceid=IN:en
2026-06-26 12:47:14,673 | INFO | News RSS status for DIVISLAB: 200
2026-06-26 12:47:15,501 | INFO | News RSS query for DMART: https://news.google.com/rss/search?q=%22Avenue+Supermarts+Ltd.%22+NSE+when:10d&hl=en-IN&gl=IN&ceid=IN:en
2026-06-26 12:47:15,670 | INFO | News RSS status for DMART: 200
2026-06-26 12:47:15,672 | INFO | News RSS query for DMART: https://news.google.com/rss/search?q=%22Avenue+Supermarts+Ltd.%22+stock+when:10d&hl=en-IN&gl=IN&ceid=IN:en
2026-06-26 12:47:15,849 | INFO | News RSS status for DMART: 200
2026-06-26 12:47:16,287 | INFO | News RSS query for DRREDDY: https://news.google.com/rss/search?q=%22Dr.+Reddy%27s+Laboratories+Ltd.%22+NSE+when:10d&hl=en-IN&gl=IN&ceid=IN:en
2026-06-26 12:47:16,488 | INFO | News RSS status for DRREDDY: 200
2026-06-26 12:47:16,931 | INFO | News RSS query for EICHERMOT: https://news.google.com/rss/search?q=%22Eicher+Motors+Ltd.%22+NSE+when:10d&hl=en-IN&gl=IN&ceid=IN:en
2026-06-26 12:47:17,144 | INFO | News RSS status for EICHERMOT: 200
2026-06-26 12:47:17,284 | INFO | News RSS query for ENRIN: https://news.google.com/rss/search?q=%22Siemens+Energy+India+Ltd.%22+NSE+when:10d&hl=en-IN&gl=IN&ceid=IN:en
2026-06-26 12:47:17,509 | INFO | News RSS status for ENRIN: 200
2026-06-26 12:47:17,572 | INFO | News RSS query for ENRIN: https://news.google.com/rss/search?q=%22Siemens+Energy+India+Ltd.%22+NSE+when:10d&hl=en-IN&gl=IN&ceid=IN:en
2026-06-26 12:47:17,605 | INFO | News RSS status for ENRIN: 200
2026-06-26 12:47:18,374 | INFO | News RSS query for GAIL: https://news.google.com/rss/search?q=%22GAIL+%28India%29+Ltd.%22+NSE+when:10d&hl=en-IN&gl=IN&ceid=IN:en
2026-06-26 12:47:18,580 | INFO | News RSS status for GAIL: 200
2026-06-26 12:47:19,410 | INFO | News RSS query for GRASIM: https://news.google.com/rss/search?q=%22Grasim+Industries+Ltd.%22+NSE+when:10d&hl=en-IN&gl=IN&ceid=IN:en
2026-06-26 12:47:19,642 | INFO | News RSS status for GRASIM: 200
2026-06-26 12:47:19,645 | INFO | News RSS query for GRASIM: https://news.google.com/rss/search?q=%22Grasim+Industries+Ltd.%22+stock+when:10d&hl=en-IN&gl=IN&ceid=IN:en
2026-06-26 12:47:19,927 | INFO | News RSS status for GRASIM: 200
2026-06-26 12:47:20,365 | INFO | News RSS query for HAL: https://news.google.com/rss/search?q=%22Hindustan+Aeronautics+Ltd.%22+NSE+when:10d&hl=en-IN&gl=IN&ceid=IN:en
2026-06-26 12:47:20,555 | INFO | News RSS status for HAL: 200
2026-06-26 12:47:21,378 | INFO | News RSS query for HDFCAMC: https://news.google.com/rss/search?q=%22HDFC+Asset+Management+Company+Ltd.%22+NSE+when:10d&hl=en-IN&gl=IN&ceid=IN:en
2026-06-26 12:47:21,582 | INFO | News RSS status for HDFCAMC: 200
2026-06-26 12:47:21,647 | INFO | News RSS query for HDFCAMC: https://news.google.com/rss/search?q=%22HDFC+Asset+Management+Company+Ltd.%22+NSE+when:10d&hl=en-IN&gl=IN&ceid=IN:en
2026-06-26 12:47:21,656 | INFO | News RSS status for HDFCAMC: 200
2026-06-26 12:47:21,718 | INFO | News RSS query for HDFCAMC: https://news.google.com/rss/search?q=%22HDFC+Asset+Management+Company+Ltd.%22+NSE+when:10d&hl=en-IN&gl=IN&ceid=IN:en
2026-06-26 12:47:21,727 | INFO | News RSS status for HDFCAMC: 200
2026-06-26 12:47:28,557 | INFO | News RSS query for LT: https://news.google.com/rss/search?q=%22Larsen+%26+Toubro+Ltd.%22+NSE+when:10d&hl=en-IN&gl=IN&ceid=IN:en
2026-06-26 12:47:28,780 | INFO | News RSS status for LT: 200
2026-06-26 12:47:28,786 | WARNING | Skipping LTM — only 86 bars available (need 220). Extend history_backfill_days in config.json to include this symbol.
2026-06-26 12:47:29,223 | INFO | News RSS query for M&M: https://news.google.com/rss/search?q=%22Mahindra+%26+Mahindra+Ltd.%22+NSE+when:10d&hl=en-IN&gl=IN&ceid=IN:en
2026-06-26 12:47:29,433 | INFO | News RSS status for M&M: 200
2026-06-26 12:47:31,021 | INFO | News RSS query for MOTHERSON: https://news.google.com/rss/search?q=%22Samvardhana+Motherson+International+Ltd.%22+NSE+when:10d&hl=en-IN&gl=IN&ceid=IN:en
2026-06-26 12:47:31,198 | INFO | News RSS status for MOTHERSON: 200
2026-06-26 12:47:33,170 | INFO | News RSS query for PFC: https://news.google.com/rss/search?q=%22Power+Finance+Corporation+Ltd.%22+NSE+when:10d&hl=en-IN&gl=IN&ceid=IN:en
2026-06-26 12:47:33,418 | INFO | News RSS status for PFC: 200
2026-06-26 12:47:33,865 | INFO | News RSS query for PIDILITIND: https://news.google.com/rss/search?q=%22Pidilite+Industries+Ltd.%22+NSE+when:10d&hl=en-IN&gl=IN&ceid=IN:en
2026-06-26 12:47:34,047 | INFO | News RSS status for PIDILITIND: 200
2026-06-26 12:47:34,049 | INFO | News RSS query for PIDILITIND: https://news.google.com/rss/search?q=%22Pidilite+Industries+Ltd.%22+stock+when:10d&hl=en-IN&gl=IN&ceid=IN:en
2026-06-26 12:47:34,262 | INFO | News RSS status for PIDILITIND: 200
2026-06-26 12:47:37,370 | INFO | News RSS query for SHRIRAMFIN: https://news.google.com/rss/search?q=%22Shriram+Finance+Ltd.%22+NSE+when:10d&hl=en-IN&gl=IN&ceid=IN:en
2026-06-26 12:47:37,561 | INFO | News RSS status for SHRIRAMFIN: 200
2026-06-26 12:47:38,389 | INFO | News RSS query for SOLARINDS: https://news.google.com/rss/search?q=%22Solar+Industries+India+Ltd.%22+NSE+when:10d&hl=en-IN&gl=IN&ceid=IN:en
2026-06-26 12:47:38,617 | INFO | News RSS status for SOLARINDS: 200
2026-06-26 12:47:39,061 | INFO | News RSS query for SUNPHARMA: https://news.google.com/rss/search?q=%22Sun+Pharmaceutical+Industries+Ltd.%22+NSE+when:10d&hl=en-IN&gl=IN&ceid=IN:en
2026-06-26 12:47:39,298 | INFO | News RSS status for SUNPHARMA: 200
2026-06-26 12:47:39,304 | WARNING | Skipping TATACAP — only 174 bars available (need 220). Extend history_backfill_days in config.json to include this symbol.
2026-06-26 12:47:41,652 | INFO | News RSS query for TITAN: https://news.google.com/rss/search?q=%22Titan+Company+Ltd.%22+NSE+when:10d&hl=en-IN&gl=IN&ceid=IN:en
2026-06-26 12:47:41,883 | INFO | News RSS status for TITAN: 200
2026-06-26 12:47:41,888 | WARNING | Skipping TMCV — only 154 bars available (need 220). Extend history_backfill_days in config.json to include this symbol.
2026-06-26 12:47:41,889 | WARNING | Skipping TMPV — only 171 bars available (need 220). Extend history_backfill_days in config.json to include this symbol.
2026-06-26 12:47:42,331 | INFO | News RSS query for TORNTPHARM: https://news.google.com/rss/search?q=%22Torrent+Pharmaceuticals+Ltd.%22+NSE+when:10d&hl=en-IN&gl=IN&ceid=IN:en
2026-06-26 12:47:42,545 | INFO | News RSS status for TORNTPHARM: 200
2026-06-26 12:47:44,128 | INFO | News RSS query for UNIONBANK: https://news.google.com/rss/search?q=%22Union+Bank+of+India%22+NSE+when:10d&hl=en-IN&gl=IN&ceid=IN:en
2026-06-26 12:47:44,402 | INFO | News RSS status for UNIONBANK: 200
2026-06-26 12:47:44,554 | WARNING | Skipping VAML — only 6 bars available (need 220). Extend history_backfill_days in config.json to include this symbol.
2026-06-26 12:47:45,314 | WARNING | Skipping VEDPOWER — only 4 bars available (need 220). Extend history_backfill_days in config.json to include this symbol.
2026-06-26 12:47:45,315 | WARNING | Skipping VISL — only 4 bars available (need 220). Extend history_backfill_days in config.json to include this symbol.
2026-06-26 12:47:45,315 | WARNING | Skipping VOGL — only 7 bars available (need 220). Extend history_backfill_days in config.json to include this symbol.
2026-06-26 12:47:46,135 | INFO | News RSS query for ZYDUSLIFE: https://news.google.com/rss/search?q=%22Zydus+Lifesciences+Ltd.%22+NSE+when:10d&hl=en-IN&gl=IN&ceid=IN:en
2026-06-26 12:47:46,286 | INFO | News RSS status for ZYDUSLIFE: 200
2026-06-26 12:47:46,286 | INFO | News RSS query for ZYDUSLIFE: https://news.google.com/rss/search?q=%22Zydus+Lifesciences+Ltd.%22+stock+when:10d&hl=en-IN&gl=IN&ceid=IN:en
2026-06-26 12:47:46,487 | INFO | News RSS status for ZYDUSLIFE: 200
2026-06-26 12:47:46,500 | INFO | Index membership from cache: NIFTY 50 (50 symbols)
2026-06-26 12:47:46,500 | INFO | Index membership from cache: Nifty Next 50 (50 symbols)
2026-06-26 12:47:46,500 | INFO | Index membership ready: 100 symbols mapped
2026-06-26 12:47:46,500 | INFO | Market Health: fetching index OHLCV...
2026-06-26 12:47:46,503 | INFO | Index OHLCV cache fresh for NIFTY 50 (1407 rows)
2026-06-26 12:47:46,506 | INFO | Index OHLCV cache fresh for NIFTY NEXT 50 (1407 rows)
2026-06-26 12:47:46,506 | INFO | Market Health: fetching VIX...
2026-06-26 12:47:46,507 | INFO | VIX cache fresh (105 rows)
2026-06-26 12:47:46,507 | INFO | Market Health: updating breadth EMA cache...
2026-06-26 12:47:47,697 | INFO | Market Health [NIFTY 50]: Score=23.5 | Weak Bull &#x1F7E1;
2026-06-26 12:47:47,714 | INFO | Market Health [Nifty Next 50]: Score=59.5 | Weak Bull &#x1F7E1;
2026-06-26 12:47:47,781 | INFO | Signal log: appended 8 new signals. Total rows: 356
2026-06-26 12:47:47,781 | INFO | Signal log written/updated: /home/runner/work/nifty100-reporter/nifty100-reporter/data/nifty100_signal_log.csv
2026-06-26 12:47:48,945 | INFO | Signal tracker: updated 181 Active signal rows.
2026-06-26 12:47:48,963 | INFO | HTML report written: /home/runner/work/nifty100-reporter/nifty100-reporter/reports/nifty100_daily_report_20260626.html
2026-06-26 12:47:48,971 | INFO | Market Health Excel sheet written.
2026-06-26 12:47:49,701 | INFO | Excel report written: /home/runner/work/nifty100-reporter/nifty100-reporter/reports/nifty100_daily_report_20260626.xlsx
2026-06-26 12:47:49,701 | INFO | GitHub Actions detected — skipping Gmail API send (workflow handles email).
2026-06-26 12:47:49,701 | INFO | Run completed successfully.
2026-06-26 12:47:49,701 | INFO | Artifacts: /home/runner/work/nifty100-reporter/nifty100-reporter/reports/nifty100_daily_report_20260626.html | /home/runner/work/nifty100-reporter/nifty100-reporter/reports/nifty100_daily_report_20260626.xlsx | log: /home/runner/work/nifty100-reporter/nifty100-reporter/logs/run_20260626_181604.log
