2026-06-19 12:46:16,859 | INFO | Nifty 100 Daily EMA Cross Reporter | Version 3.3.8 | Released 2026-04-17
2026-06-19 12:46:16,859 | INFO | Base directory: /home/runner/work/nifty100-reporter/nifty100-reporter
2026-06-19 12:46:16,859 | INFO | Loaded config. Email enabled: True | Recipients: 1
2026-06-19 12:46:16,969 | WARNING | NSE session bootstrap HTTP 403 (attempt 1/5) — refreshing NSE session cookie …
2026-06-19 12:46:27,172 | INFO | NSE session bootstrap status: 200
2026-06-19 12:46:27,172 | INFO | Downloading Nifty 100 universe from https://www.niftyindices.com/IndexConstituent/ind_nifty100list.csv
2026-06-19 12:46:27,514 | INFO | Universe download status: 200
2026-06-19 12:46:27,519 | INFO | Universe rows loaded: 102
2026-06-19 12:46:27,626 | INFO | Loaded history rows: 129749
2026-06-19 12:46:27,634 | INFO | yfinance history update: 102 symbols | 2026-06-17 → 2026-06-20
2026-06-19 12:46:27,634 | INFO | yfinance batch download: 102 symbols | 2026-06-17 → 2026-06-20
2026-06-19 12:46:32,013 | INFO | yfinance raw shape: (3, 510)
2026-06-19 12:46:32,388 | INFO | yfinance parsed rows after date-filter: 306
2026-06-19 12:46:32,389 | INFO | New rows from yfinance: 306
2026-06-19 12:46:33,156 | INFO | Saved history rows: 129851 | file: /home/runner/work/nifty100-reporter/nifty100-reporter/data/nifty100_ohlcv_history.csv
2026-06-19 12:46:33,269 | INFO | Loaded history rows: 129851
2026-06-19 12:46:33,270 | INFO | Latest OHLCV data is from 2026-06-19
2026-06-19 12:46:33,294 | INFO | Latest Delivery data is from 2026-06-18
2026-06-19 12:46:33,336 | INFO | Delivery cache has 30 dates — skipping backfill.
2026-06-19 12:46:33,336 | INFO | Delivery fetch attempt [0/7] — URL: https://archives.nseindia.com/products/content/sec_bhavdata_full_19062026.csv
2026-06-19 12:46:34,075 | INFO | Delivery fetch SUCCESS — date: 2026-06-19 | size: 369337 bytes | URL: https://archives.nseindia.com/products/content/sec_bhavdata_full_19062026.csv
2026-06-19 12:46:34,416 | INFO | Delivery cache updated: 2415 symbols for 2026-06-19 (rows in cache: 73305)
2026-06-19 12:46:34,418 | INFO | Delivery data: 2415 symbols | fallback=False
2026-06-19 12:46:34,730 | INFO | Corporate actions bulk OK: 90 raw rows | 16 Nifty100 symbols with events
2026-06-19 12:46:58,359 | INFO | Corporate actions: 16/102 symbols have events (window 19-06-2026 to 19-07-2026) | Symbols: ASIANPAINT, AXISBANK, BAJAJ-AUTO, BAJAJFINSV, BAJAJHLDNG, BAJFINANCE, HDFCBANK, HDFCLIFE, HINDUNILVR, INDHOTEL, MOTHERSON, NESTLEIND, SHRIRAMFIN, TATAPOWER, TECHM, TMPV
2026-06-19 12:46:58,360 | INFO | Index membership from cache: NIFTY 50 (50 symbols)
2026-06-19 12:46:58,360 | INFO | Index membership from cache: Nifty Next 50 (50 symbols)
2026-06-19 12:46:58,360 | INFO | Index membership ready: 100 symbols mapped
2026-06-19 12:46:59,009 | INFO | News RSS query for ABB: https://news.google.com/rss/search?q=%22ABB+India+Ltd.%22+NSE+when:10d&hl=en-IN&gl=IN&ceid=IN:en
2026-06-19 12:46:59,238 | INFO | News RSS status for ABB: 200
2026-06-19 12:46:59,594 | INFO | News RSS query for ADANIENSOL: https://news.google.com/rss/search?q=%22Adani+Energy+Solutions+Ltd.%22+NSE+when:10d&hl=en-IN&gl=IN&ceid=IN:en
2026-06-19 12:46:59,767 | INFO | News RSS status for ADANIENSOL: 200
2026-06-19 12:46:59,829 | INFO | News RSS query for ADANIENSOL: https://news.google.com/rss/search?q=%22Adani+Energy+Solutions+Ltd.%22+NSE+when:10d&hl=en-IN&gl=IN&ceid=IN:en
2026-06-19 12:46:59,833 | INFO | News RSS status for ADANIENSOL: 200
2026-06-19 12:47:00,464 | INFO | News RSS query for ADANIENT: https://news.google.com/rss/search?q=%22Adani+Enterprises+Ltd.%22+NSE+when:10d&hl=en-IN&gl=IN&ceid=IN:en
2026-06-19 12:47:00,667 | INFO | News RSS status for ADANIENT: 200
2026-06-19 12:47:01,317 | INFO | News RSS query for ADANIGREEN: https://news.google.com/rss/search?q=%22Adani+Green+Energy+Ltd.%22+NSE+when:10d&hl=en-IN&gl=IN&ceid=IN:en
2026-06-19 12:47:01,498 | INFO | News RSS status for ADANIGREEN: 200
2026-06-19 12:47:01,564 | INFO | News RSS query for ADANIGREEN: https://news.google.com/rss/search?q=%22Adani+Green+Energy+Ltd.%22+NSE+when:10d&hl=en-IN&gl=IN&ceid=IN:en
2026-06-19 12:47:01,568 | INFO | News RSS status for ADANIGREEN: 200
2026-06-19 12:47:02,211 | INFO | News RSS query for ADANIPORTS: https://news.google.com/rss/search?q=%22Adani+Ports+and+Special+Economic+Zone+Ltd.%22+NSE+when:10d&hl=en-IN&gl=IN&ceid=IN:en
2026-06-19 12:47:02,402 | INFO | News RSS status for ADANIPORTS: 200
2026-06-19 12:47:03,045 | INFO | News RSS query for ADANIPOWER: https://news.google.com/rss/search?q=%22Adani+Power+Ltd.%22+NSE+when:10d&hl=en-IN&gl=IN&ceid=IN:en
2026-06-19 12:47:03,235 | INFO | News RSS status for ADANIPOWER: 200
2026-06-19 12:47:03,301 | INFO | News RSS query for ADANIPOWER: https://news.google.com/rss/search?q=%22Adani+Power+Ltd.%22+NSE+when:10d&hl=en-IN&gl=IN&ceid=IN:en
2026-06-19 12:47:03,305 | INFO | News RSS status for ADANIPOWER: 200
2026-06-19 12:47:03,369 | INFO | News RSS query for ADANIPOWER: https://news.google.com/rss/search?q=%22Adani+Power+Ltd.%22+NSE+when:10d&hl=en-IN&gl=IN&ceid=IN:en
2026-06-19 12:47:03,373 | INFO | News RSS status for ADANIPOWER: 200
2026-06-19 12:47:04,572 | INFO | News RSS query for APOLLOHOSP: https://news.google.com/rss/search?q=%22Apollo+Hospitals+Enterprise+Ltd.%22+NSE+when:10d&hl=en-IN&gl=IN&ceid=IN:en
2026-06-19 12:47:04,750 | INFO | News RSS status for APOLLOHOSP: 200
2026-06-19 12:47:04,817 | INFO | News RSS query for APOLLOHOSP: https://news.google.com/rss/search?q=%22Apollo+Hospitals+Enterprise+Ltd.%22+NSE+when:10d&hl=en-IN&gl=IN&ceid=IN:en
2026-06-19 12:47:04,820 | INFO | News RSS status for APOLLOHOSP: 200
2026-06-19 12:47:05,453 | INFO | News RSS query for ASIANPAINT: https://news.google.com/rss/search?q=%22Asian+Paints+Ltd.%22+NSE+when:10d&hl=en-IN&gl=IN&ceid=IN:en
2026-06-19 12:47:05,642 | INFO | News RSS status for ASIANPAINT: 200
2026-06-19 12:47:05,645 | INFO | News RSS query for ASIANPAINT: https://news.google.com/rss/search?q=%22Asian+Paints+Ltd.%22+stock+when:10d&hl=en-IN&gl=IN&ceid=IN:en
2026-06-19 12:47:05,843 | INFO | News RSS status for ASIANPAINT: 200
2026-06-19 12:47:05,909 | INFO | News RSS query for ASIANPAINT: https://news.google.com/rss/search?q=%22Asian+Paints+Ltd.%22+NSE+when:10d&hl=en-IN&gl=IN&ceid=IN:en
2026-06-19 12:47:05,913 | INFO | News RSS status for ASIANPAINT: 200
2026-06-19 12:47:05,915 | INFO | News RSS query for ASIANPAINT: https://news.google.com/rss/search?q=%22Asian+Paints+Ltd.%22+stock+when:10d&hl=en-IN&gl=IN&ceid=IN:en
2026-06-19 12:47:05,920 | INFO | News RSS status for ASIANPAINT: 200
2026-06-19 12:47:06,560 | INFO | News RSS query for AXISBANK: https://news.google.com/rss/search?q=%22Axis+Bank+Ltd.%22+NSE+when:10d&hl=en-IN&gl=IN&ceid=IN:en
2026-06-19 12:47:06,757 | INFO | News RSS status for AXISBANK: 200
2026-06-19 12:47:07,980 | INFO | News RSS query for BAJAJFINSV: https://news.google.com/rss/search?q=%22Bajaj+Finserv+Ltd.%22+NSE+when:10d&hl=en-IN&gl=IN&ceid=IN:en
2026-06-19 12:47:08,170 | INFO | News RSS status for BAJAJFINSV: 200
2026-06-19 12:47:09,966 | INFO | News RSS query for BANKBARODA: https://news.google.com/rss/search?q=%22Bank+of+Baroda%22+NSE+when:10d&hl=en-IN&gl=IN&ceid=IN:en
2026-06-19 12:47:10,280 | INFO | News RSS status for BANKBARODA: 200
2026-06-19 12:47:10,348 | INFO | News RSS query for BANKBARODA: https://news.google.com/rss/search?q=%22Bank+of+Baroda%22+NSE+when:10d&hl=en-IN&gl=IN&ceid=IN:en
2026-06-19 12:47:10,352 | INFO | News RSS status for BANKBARODA: 200
2026-06-19 12:47:10,416 | INFO | News RSS query for BANKBARODA: https://news.google.com/rss/search?q=%22Bank+of+Baroda%22+NSE+when:10d&hl=en-IN&gl=IN&ceid=IN:en
2026-06-19 12:47:10,420 | INFO | News RSS status for BANKBARODA: 200
2026-06-19 12:47:11,080 | INFO | News RSS query for BEL: https://news.google.com/rss/search?q=%22Bharat+Electronics+Ltd.%22+NSE+when:10d&hl=en-IN&gl=IN&ceid=IN:en
2026-06-19 12:47:11,275 | INFO | News RSS status for BEL: 200
2026-06-19 12:47:12,514 | INFO | News RSS query for BOSCHLTD: https://news.google.com/rss/search?q=%22Bosch+Ltd.%22+NSE+when:10d&hl=en-IN&gl=IN&ceid=IN:en
2026-06-19 12:47:12,680 | INFO | News RSS status for BOSCHLTD: 200
2026-06-19 12:47:15,061 | INFO | News RSS query for CGPOWER: https://news.google.com/rss/search?q=%22CG+Power+and+Industrial+Solutions+Ltd.%22+NSE+when:10d&hl=en-IN&gl=IN&ceid=IN:en
2026-06-19 12:47:15,234 | INFO | News RSS status for CGPOWER: 200
2026-06-19 12:47:15,236 | INFO | News RSS query for CGPOWER: https://news.google.com/rss/search?q=%22CG+Power+and+Industrial+Solutions+Ltd.%22+stock+when:10d&hl=en-IN&gl=IN&ceid=IN:en
2026-06-19 12:47:15,404 | INFO | News RSS status for CGPOWER: 200
2026-06-19 12:47:15,405 | INFO | News RSS query for CGPOWER: https://news.google.com/rss/search?q=CGPOWER+NSE+when:10d&hl=en-IN&gl=IN&ceid=IN:en
2026-06-19 12:47:15,601 | INFO | News RSS status for CGPOWER: 200
2026-06-19 12:47:15,602 | INFO | News RSS query for CGPOWER: https://news.google.com/rss/search?q=site%3Aeconomictimes.indiatimes.com+%22CG+Power+and+Industrial+Solutions+Ltd.%22+when:10d&hl=en-IN&gl=IN&ceid=IN:en
2026-06-19 12:47:15,775 | INFO | News RSS status for CGPOWER: 200
2026-06-19 12:47:15,776 | INFO | News RSS query for CGPOWER: https://news.google.com/rss/search?q=site%3Amoneycontrol.com+%22CG+Power+and+Industrial+Solutions+Ltd.%22+when:10d&hl=en-IN&gl=IN&ceid=IN:en
2026-06-19 12:47:15,917 | INFO | News RSS status for CGPOWER: 200
2026-06-19 12:47:15,918 | INFO | News RSS query for CGPOWER: https://news.google.com/rss/search?q=site%3Abusinessstandard.com+%22CG+Power+and+Industrial+Solutions+Ltd.%22+when:10d&hl=en-IN&gl=IN&ceid=IN:en
2026-06-19 12:47:16,072 | INFO | News RSS status for CGPOWER: 200
2026-06-19 12:47:18,478 | INFO | News RSS query for CUMMINSIND: https://news.google.com/rss/search?q=%22Cummins+India+Ltd.%22+NSE+when:10d&hl=en-IN&gl=IN&ceid=IN:en
2026-06-19 12:47:18,660 | INFO | News RSS status for CUMMINSIND: 200
2026-06-19 12:47:18,730 | INFO | News RSS query for CUMMINSIND: https://news.google.com/rss/search?q=%22Cummins+India+Ltd.%22+NSE+when:10d&hl=en-IN&gl=IN&ceid=IN:en
2026-06-19 12:47:18,734 | INFO | News RSS status for CUMMINSIND: 200
2026-06-19 12:47:19,384 | INFO | News RSS query for DIVISLAB: https://news.google.com/rss/search?q=%22Divi%27s+Laboratories+Ltd.%22+NSE+when:10d&hl=en-IN&gl=IN&ceid=IN:en
2026-06-19 12:47:19,549 | INFO | News RSS status for DIVISLAB: 200
2026-06-19 12:47:19,550 | INFO | News RSS query for DIVISLAB: https://news.google.com/rss/search?q=%22Divi%27s+Laboratories+Ltd.%22+stock+when:10d&hl=en-IN&gl=IN&ceid=IN:en
2026-06-19 12:47:19,715 | INFO | News RSS status for DIVISLAB: 200
2026-06-19 12:47:19,717 | INFO | News RSS query for DIVISLAB: https://news.google.com/rss/search?q=DIVISLAB+NSE+when:10d&hl=en-IN&gl=IN&ceid=IN:en
2026-06-19 12:47:19,882 | INFO | News RSS status for DIVISLAB: 200
2026-06-19 12:47:22,271 | INFO | News RSS query for EICHERMOT: https://news.google.com/rss/search?q=%22Eicher+Motors+Ltd.%22+NSE+when:10d&hl=en-IN&gl=IN&ceid=IN:en
2026-06-19 12:47:22,452 | INFO | News RSS status for EICHERMOT: 200
2026-06-19 12:47:22,454 | INFO | News RSS query for EICHERMOT: https://news.google.com/rss/search?q=%22Eicher+Motors+Ltd.%22+stock+when:10d&hl=en-IN&gl=IN&ceid=IN:en
2026-06-19 12:47:22,639 | INFO | News RSS status for EICHERMOT: 200
2026-06-19 12:47:22,822 | INFO | News RSS query for ENRIN: https://news.google.com/rss/search?q=%22Siemens+Energy+India+Ltd.%22+NSE+when:10d&hl=en-IN&gl=IN&ceid=IN:en
2026-06-19 12:47:22,994 | INFO | News RSS status for ENRIN: 200
2026-06-19 12:47:25,314 | INFO | News RSS query for GRASIM: https://news.google.com/rss/search?q=%22Grasim+Industries+Ltd.%22+NSE+when:10d&hl=en-IN&gl=IN&ceid=IN:en
2026-06-19 12:47:25,529 | INFO | News RSS status for GRASIM: 200
2026-06-19 12:47:25,600 | INFO | News RSS query for GRASIM: https://news.google.com/rss/search?q=%22Grasim+Industries+Ltd.%22+NSE+when:10d&hl=en-IN&gl=IN&ceid=IN:en
2026-06-19 12:47:25,604 | INFO | News RSS status for GRASIM: 200
2026-06-19 12:47:26,266 | INFO | News RSS query for HAL: https://news.google.com/rss/search?q=%22Hindustan+Aeronautics+Ltd.%22+NSE+when:10d&hl=en-IN&gl=IN&ceid=IN:en
2026-06-19 12:47:26,443 | INFO | News RSS status for HAL: 200
2026-06-19 12:47:34,323 | INFO | News RSS query for IRFC: https://news.google.com/rss/search?q=%22Indian+Railway+Finance+Corporation+Ltd.%22+NSE+when:10d&hl=en-IN&gl=IN&ceid=IN:en
2026-06-19 12:47:34,518 | INFO | News RSS status for IRFC: 200
2026-06-19 12:47:36,644 | INFO | News RSS query for JSWSTEEL: https://news.google.com/rss/search?q=%22JSW+Steel+Ltd.%22+NSE+when:10d&hl=en-IN&gl=IN&ceid=IN:en
2026-06-19 12:47:36,835 | INFO | News RSS status for JSWSTEEL: 200
2026-06-19 12:47:38,606 | INFO | News RSS query for LT: https://news.google.com/rss/search?q=%22Larsen+%26+Toubro+Ltd.%22+NSE+when:10d&hl=en-IN&gl=IN&ceid=IN:en
2026-06-19 12:47:38,816 | INFO | News RSS status for LT: 200
2026-06-19 12:47:38,822 | WARNING | Skipping LTM — only 82 bars available (need 220). Extend history_backfill_days in config.json to include this symbol.
2026-06-19 12:47:41,820 | INFO | News RSS query for MOTHERSON: https://news.google.com/rss/search?q=%22Samvardhana+Motherson+International+Ltd.%22+NSE+when:10d&hl=en-IN&gl=IN&ceid=IN:en
2026-06-19 12:47:41,997 | INFO | News RSS status for MOTHERSON: 200
2026-06-19 12:47:41,999 | INFO | News RSS query for MOTHERSON: https://news.google.com/rss/search?q=%22Samvardhana+Motherson+International+Ltd.%22+stock+when:10d&hl=en-IN&gl=IN&ceid=IN:en
2026-06-19 12:47:42,196 | INFO | News RSS status for MOTHERSON: 200
2026-06-19 12:47:42,265 | INFO | News RSS query for MOTHERSON: https://news.google.com/rss/search?q=%22Samvardhana+Motherson+International+Ltd.%22+NSE+when:10d&hl=en-IN&gl=IN&ceid=IN:en
2026-06-19 12:47:42,272 | INFO | News RSS status for MOTHERSON: 200
2026-06-19 12:47:42,274 | INFO | News RSS query for MOTHERSON: https://news.google.com/rss/search?q=%22Samvardhana+Motherson+International+Ltd.%22+stock+when:10d&hl=en-IN&gl=IN&ceid=IN:en
2026-06-19 12:47:42,278 | INFO | News RSS status for MOTHERSON: 200
2026-06-19 12:47:45,840 | INFO | News RSS query for PIDILITIND: https://news.google.com/rss/search?q=%22Pidilite+Industries+Ltd.%22+NSE+when:10d&hl=en-IN&gl=IN&ceid=IN:en
2026-06-19 12:47:46,014 | INFO | News RSS status for PIDILITIND: 200
2026-06-19 12:47:46,016 | INFO | News RSS query for PIDILITIND: https://news.google.com/rss/search?q=%22Pidilite+Industries+Ltd.%22+stock+when:10d&hl=en-IN&gl=IN&ceid=IN:en
2026-06-19 12:47:46,198 | INFO | News RSS status for PIDILITIND: 200
2026-06-19 12:47:51,455 | INFO | News RSS query for SIEMENS: https://news.google.com/rss/search?q=%22Siemens+Ltd.%22+NSE+when:10d&hl=en-IN&gl=IN&ceid=IN:en
2026-06-19 12:47:51,647 | INFO | News RSS status for SIEMENS: 200
2026-06-19 12:47:51,714 | INFO | News RSS query for SIEMENS: https://news.google.com/rss/search?q=%22Siemens+Ltd.%22+NSE+when:10d&hl=en-IN&gl=IN&ceid=IN:en
2026-06-19 12:47:51,719 | INFO | News RSS status for SIEMENS: 200
2026-06-19 12:47:51,787 | INFO | News RSS query for SIEMENS: https://news.google.com/rss/search?q=%22Siemens+Ltd.%22+NSE+when:10d&hl=en-IN&gl=IN&ceid=IN:en
2026-06-19 12:47:51,790 | INFO | News RSS status for SIEMENS: 200
2026-06-19 12:47:52,439 | INFO | News RSS query for SOLARINDS: https://news.google.com/rss/search?q=%22Solar+Industries+India+Ltd.%22+NSE+when:10d&hl=en-IN&gl=IN&ceid=IN:en
2026-06-19 12:47:52,625 | INFO | News RSS status for SOLARINDS: 200
2026-06-19 12:47:52,694 | INFO | News RSS query for SOLARINDS: https://news.google.com/rss/search?q=%22Solar+Industries+India+Ltd.%22+NSE+when:10d&hl=en-IN&gl=IN&ceid=IN:en
2026-06-19 12:47:52,697 | INFO | News RSS status for SOLARINDS: 200
2026-06-19 12:47:52,766 | INFO | News RSS query for SOLARINDS: https://news.google.com/rss/search?q=%22Solar+Industries+India+Ltd.%22+NSE+when:10d&hl=en-IN&gl=IN&ceid=IN:en
2026-06-19 12:47:52,770 | INFO | News RSS status for SOLARINDS: 200
2026-06-19 12:47:53,417 | INFO | News RSS query for SUNPHARMA: https://news.google.com/rss/search?q=%22Sun+Pharmaceutical+Industries+Ltd.%22+NSE+when:10d&hl=en-IN&gl=IN&ceid=IN:en
2026-06-19 12:47:53,633 | INFO | News RSS status for SUNPHARMA: 200
2026-06-19 12:47:53,705 | INFO | News RSS query for SUNPHARMA: https://news.google.com/rss/search?q=%22Sun+Pharmaceutical+Industries+Ltd.%22+NSE+when:10d&hl=en-IN&gl=IN&ceid=IN:en
2026-06-19 12:47:53,709 | INFO | News RSS status for SUNPHARMA: 200
2026-06-19 12:47:53,777 | INFO | News RSS query for SUNPHARMA: https://news.google.com/rss/search?q=%22Sun+Pharmaceutical+Industries+Ltd.%22+NSE+when:10d&hl=en-IN&gl=IN&ceid=IN:en
2026-06-19 12:47:53,781 | INFO | News RSS status for SUNPHARMA: 200
2026-06-19 12:47:53,787 | WARNING | Skipping TATACAP — only 170 bars available (need 220). Extend history_backfill_days in config.json to include this symbol.
2026-06-19 12:47:57,321 | INFO | News RSS query for TITAN: https://news.google.com/rss/search?q=%22Titan+Company+Ltd.%22+NSE+when:10d&hl=en-IN&gl=IN&ceid=IN:en
2026-06-19 12:47:57,502 | INFO | News RSS status for TITAN: 200
2026-06-19 12:47:57,507 | WARNING | Skipping TMCV — only 150 bars available (need 220). Extend history_backfill_days in config.json to include this symbol.
2026-06-19 12:47:57,508 | WARNING | Skipping TMPV — only 167 bars available (need 220). Extend history_backfill_days in config.json to include this symbol.
2026-06-19 12:47:58,157 | INFO | News RSS query for TORNTPHARM: https://news.google.com/rss/search?q=%22Torrent+Pharmaceuticals+Ltd.%22+NSE+when:10d&hl=en-IN&gl=IN&ceid=IN:en
2026-06-19 12:47:58,343 | INFO | News RSS status for TORNTPHARM: 200
2026-06-19 12:48:00,889 | WARNING | Skipping VAML — only 5 bars available (need 220). Extend history_backfill_days in config.json to include this symbol.
2026-06-19 12:48:01,536 | INFO | News RSS query for VBL: https://news.google.com/rss/search?q=%22Varun+Beverages+Ltd.%22+NSE+when:10d&hl=en-IN&gl=IN&ceid=IN:en
2026-06-19 12:48:01,715 | INFO | News RSS status for VBL: 200
2026-06-19 12:48:02,301 | WARNING | Skipping VEDPOWER — only 4 bars available (need 220). Extend history_backfill_days in config.json to include this symbol.
2026-06-19 12:48:02,301 | WARNING | Skipping VISL — only 4 bars available (need 220). Extend history_backfill_days in config.json to include this symbol.
2026-06-19 12:48:02,302 | WARNING | Skipping VOGL — only 5 bars available (need 220). Extend history_backfill_days in config.json to include this symbol.
2026-06-19 12:48:03,524 | INFO | News RSS query for ZYDUSLIFE: https://news.google.com/rss/search?q=%22Zydus+Lifesciences+Ltd.%22+NSE+when:10d&hl=en-IN&gl=IN&ceid=IN:en
2026-06-19 12:48:03,736 | INFO | News RSS status for ZYDUSLIFE: 200
2026-06-19 12:48:03,739 | INFO | News RSS query for ZYDUSLIFE: https://news.google.com/rss/search?q=%22Zydus+Lifesciences+Ltd.%22+stock+when:10d&hl=en-IN&gl=IN&ceid=IN:en
2026-06-19 12:48:03,923 | INFO | News RSS status for ZYDUSLIFE: 200
2026-06-19 12:48:03,991 | INFO | News RSS query for ZYDUSLIFE: https://news.google.com/rss/search?q=%22Zydus+Lifesciences+Ltd.%22+NSE+when:10d&hl=en-IN&gl=IN&ceid=IN:en
2026-06-19 12:48:03,995 | INFO | News RSS status for ZYDUSLIFE: 200
2026-06-19 12:48:03,997 | INFO | News RSS query for ZYDUSLIFE: https://news.google.com/rss/search?q=%22Zydus+Lifesciences+Ltd.%22+stock+when:10d&hl=en-IN&gl=IN&ceid=IN:en
2026-06-19 12:48:04,001 | INFO | News RSS status for ZYDUSLIFE: 200
2026-06-19 12:48:04,011 | INFO | Index membership from cache: NIFTY 50 (50 symbols)
2026-06-19 12:48:04,011 | INFO | Index membership from cache: Nifty Next 50 (50 symbols)
2026-06-19 12:48:04,011 | INFO | Index membership ready: 100 symbols mapped
2026-06-19 12:48:04,012 | INFO | Market Health: fetching index OHLCV...
2026-06-19 12:48:04,014 | INFO | Index OHLCV cache fresh for NIFTY 50 (1402 rows)
2026-06-19 12:48:04,017 | INFO | Index OHLCV cache fresh for NIFTY NEXT 50 (1402 rows)
2026-06-19 12:48:04,017 | INFO | Market Health: fetching VIX...
2026-06-19 12:48:04,019 | INFO | VIX cache fresh (100 rows)
2026-06-19 12:48:04,019 | INFO | Market Health: updating breadth EMA cache...
2026-06-19 12:48:05,780 | INFO | Breadth EMA cache: 129764 total rows (+100)
2026-06-19 12:48:05,802 | INFO | Market Health [NIFTY 50]: Score=27.0 | Weak Bull &#x1F7E1;
2026-06-19 12:48:05,820 | INFO | Market Health [Nifty Next 50]: Score=64.5 | Strong Bull &#x1F7E2;
2026-06-19 12:48:05,964 | INFO | Signal log: appended 22 new signals. Total rows: 302
2026-06-19 12:48:05,964 | INFO | Signal log written/updated: /home/runner/work/nifty100-reporter/nifty100-reporter/data/nifty100_signal_log.csv
2026-06-19 12:48:06,903 | INFO | Signal tracker: updated 142 Active signal rows.
2026-06-19 12:48:06,925 | INFO | HTML report written: /home/runner/work/nifty100-reporter/nifty100-reporter/reports/nifty100_daily_report_20260619.html
2026-06-19 12:48:06,934 | INFO | Market Health Excel sheet written.
2026-06-19 12:48:07,676 | INFO | Excel report written: /home/runner/work/nifty100-reporter/nifty100-reporter/reports/nifty100_daily_report_20260619.xlsx
2026-06-19 12:48:07,676 | INFO | GitHub Actions detected — skipping Gmail API send (workflow handles email).
2026-06-19 12:48:07,676 | INFO | Run completed successfully.
2026-06-19 12:48:07,676 | INFO | Artifacts: /home/runner/work/nifty100-reporter/nifty100-reporter/reports/nifty100_daily_report_20260619.html | /home/runner/work/nifty100-reporter/nifty100-reporter/reports/nifty100_daily_report_20260619.xlsx | log: /home/runner/work/nifty100-reporter/nifty100-reporter/logs/run_20260619_181616.log
