2026-07-29 12:46:01,286 | INFO | Nifty 100 Daily EMA Cross Reporter | Version 3.3.8 | Released 2026-04-17
2026-07-29 12:46:01,286 | INFO | Base directory: /home/runner/work/nifty100-reporter/nifty100-reporter
2026-07-29 12:46:01,286 | INFO | Loaded config. Email enabled: True | Recipients: 1
2026-07-29 12:46:01,377 | WARNING | NSE session bootstrap HTTP 403 (attempt 1/5) — refreshing NSE session cookie …
2026-07-29 12:46:11,492 | INFO | NSE session bootstrap status: 200
2026-07-29 12:46:11,493 | INFO | Downloading Nifty 100 universe from https://www.niftyindices.com/IndexConstituent/ind_nifty100list.csv
2026-07-29 12:46:11,991 | INFO | Universe download status: 200
2026-07-29 12:46:11,995 | INFO | Universe rows loaded: 100
2026-07-29 12:46:12,106 | INFO | Loaded history rows: 132454
2026-07-29 12:46:12,114 | INFO | yfinance history update: 100 symbols | 2026-07-27 → 2026-07-30
2026-07-29 12:46:12,114 | INFO | yfinance batch download: 100 symbols | 2026-07-27 → 2026-07-30
2026-07-29 12:46:16,450 | INFO | yfinance raw shape: (3, 500)
2026-07-29 12:46:16,803 | INFO | yfinance parsed rows after date-filter: 300
2026-07-29 12:46:16,804 | INFO | New rows from yfinance: 300
2026-07-29 12:46:17,562 | INFO | Saved history rows: 132554 | file: /home/runner/work/nifty100-reporter/nifty100-reporter/data/nifty100_ohlcv_history.csv
2026-07-29 12:46:17,668 | INFO | Loaded history rows: 132554
2026-07-29 12:46:17,669 | INFO | Latest OHLCV data is from 2026-07-29
2026-07-29 12:46:17,693 | INFO | Latest Delivery data is from 2026-07-28
2026-07-29 12:46:17,736 | INFO | Delivery cache has 31 dates — skipping backfill.
2026-07-29 12:46:17,736 | INFO | Delivery fetch attempt [0/7] — URL: https://archives.nseindia.com/products/content/sec_bhavdata_full_29072026.csv
2026-07-29 12:46:18,550 | INFO | Delivery fetch SUCCESS — date: 2026-07-29 | size: 370895 bytes | URL: https://archives.nseindia.com/products/content/sec_bhavdata_full_29072026.csv
2026-07-29 12:46:18,895 | INFO | Delivery cache updated: 2407 symbols for 2026-07-29 (rows in cache: 76717)
2026-07-29 12:46:18,896 | INFO | Delivery data: 2407 symbols | fallback=False
2026-07-29 12:46:19,280 | INFO | Corporate actions bulk OK: 151 raw rows | 12 Nifty100 symbols with events
2026-07-29 12:46:45,221 | INFO | Corporate actions: 12/100 symbols have events (window 29-07-2026 to 28-08-2026) | Symbols: BOSCHLTD, BRITANNIA, COALINDIA, EICHERMOT, GRASIM, ICICIBANK, MARUTI, PFC, RECLTD, SIEMENS, ULTRACEMCO, VBL
2026-07-29 12:46:45,221 | INFO | Index membership from cache: NIFTY 50 (50 symbols)
2026-07-29 12:46:45,222 | INFO | Index membership from cache: Nifty Next 50 (50 symbols)
2026-07-29 12:46:45,222 | INFO | Index membership ready: 100 symbols mapped
2026-07-29 12:46:45,875 | INFO | News RSS query for ABB: https://news.google.com/rss/search?q=%22ABB+India+Ltd.%22+NSE+when:10d&hl=en-IN&gl=IN&ceid=IN:en
2026-07-29 12:46:46,119 | INFO | News RSS status for ABB: 200
2026-07-29 12:46:46,484 | INFO | News RSS query for ADANIENSOL: https://news.google.com/rss/search?q=%22Adani+Energy+Solutions+Ltd.%22+NSE+when:10d&hl=en-IN&gl=IN&ceid=IN:en
2026-07-29 12:46:46,654 | INFO | News RSS status for ADANIENSOL: 200
2026-07-29 12:46:49,543 | INFO | News RSS query for AMBUJACEM: https://news.google.com/rss/search?q=%22Ambuja+Cements+Ltd.%22+NSE+when:10d&hl=en-IN&gl=IN&ceid=IN:en
2026-07-29 12:46:49,741 | INFO | News RSS status for AMBUJACEM: 200
2026-07-29 12:46:50,375 | INFO | News RSS query for APOLLOHOSP: https://news.google.com/rss/search?q=%22Apollo+Hospitals+Enterprise+Ltd.%22+NSE+when:10d&hl=en-IN&gl=IN&ceid=IN:en
2026-07-29 12:46:50,556 | INFO | News RSS status for APOLLOHOSP: 200
2026-07-29 12:46:50,623 | INFO | News RSS query for APOLLOHOSP: https://news.google.com/rss/search?q=%22Apollo+Hospitals+Enterprise+Ltd.%22+NSE+when:10d&hl=en-IN&gl=IN&ceid=IN:en
2026-07-29 12:46:50,627 | INFO | News RSS status for APOLLOHOSP: 200
2026-07-29 12:46:51,256 | INFO | News RSS query for ASIANPAINT: https://news.google.com/rss/search?q=%22Asian+Paints+Ltd.%22+NSE+when:10d&hl=en-IN&gl=IN&ceid=IN:en
2026-07-29 12:46:51,427 | INFO | News RSS status for ASIANPAINT: 200
2026-07-29 12:46:51,430 | INFO | News RSS query for ASIANPAINT: https://news.google.com/rss/search?q=%22Asian+Paints+Ltd.%22+stock+when:10d&hl=en-IN&gl=IN&ceid=IN:en
2026-07-29 12:46:51,611 | INFO | News RSS status for ASIANPAINT: 200
2026-07-29 12:46:51,677 | INFO | News RSS query for ASIANPAINT: https://news.google.com/rss/search?q=%22Asian+Paints+Ltd.%22+NSE+when:10d&hl=en-IN&gl=IN&ceid=IN:en
2026-07-29 12:46:51,681 | INFO | News RSS status for ASIANPAINT: 200
2026-07-29 12:46:51,683 | INFO | News RSS query for ASIANPAINT: https://news.google.com/rss/search?q=%22Asian+Paints+Ltd.%22+stock+when:10d&hl=en-IN&gl=IN&ceid=IN:en
2026-07-29 12:46:51,687 | INFO | News RSS status for ASIANPAINT: 200
2026-07-29 12:46:52,879 | INFO | News RSS query for BAJAJ-AUTO: https://news.google.com/rss/search?q=%22Bajaj+Auto+Ltd.%22+NSE+when:10d&hl=en-IN&gl=IN&ceid=IN:en
2026-07-29 12:46:53,107 | INFO | News RSS status for BAJAJ-AUTO: 200
2026-07-29 12:46:54,856 | INFO | News RSS query for BAJFINANCE: https://news.google.com/rss/search?q=%22Bajaj+Finance+Ltd.%22+NSE+when:10d&hl=en-IN&gl=IN&ceid=IN:en
2026-07-29 12:46:55,087 | INFO | News RSS status for BAJFINANCE: 200
2026-07-29 12:46:57,376 | INFO | News RSS query for BOSCHLTD: https://news.google.com/rss/search?q=%22Bosch+Ltd.%22+NSE+when:10d&hl=en-IN&gl=IN&ceid=IN:en
2026-07-29 12:46:57,572 | INFO | News RSS status for BOSCHLTD: 200
2026-07-29 12:46:57,640 | INFO | News RSS query for BOSCHLTD: https://news.google.com/rss/search?q=%22Bosch+Ltd.%22+NSE+when:10d&hl=en-IN&gl=IN&ceid=IN:en
2026-07-29 12:46:57,645 | INFO | News RSS status for BOSCHLTD: 200
2026-07-29 12:47:00,547 | INFO | News RSS query for CHOLAFIN: https://news.google.com/rss/search?q=%22Cholamandalam+Investment+and+Finance+Company+Ltd.%22+NSE+when:10d&hl=en-IN&gl=IN&ceid=IN:en
2026-07-29 12:47:00,756 | INFO | News RSS status for CHOLAFIN: 200
2026-07-29 12:47:01,383 | INFO | News RSS query for CIPLA: https://news.google.com/rss/search?q=%22Cipla+Ltd.%22+NSE+when:10d&hl=en-IN&gl=IN&ceid=IN:en
2026-07-29 12:47:01,591 | INFO | News RSS status for CIPLA: 200
2026-07-29 12:47:01,658 | INFO | News RSS query for CIPLA: https://news.google.com/rss/search?q=%22Cipla+Ltd.%22+NSE+when:10d&hl=en-IN&gl=IN&ceid=IN:en
2026-07-29 12:47:01,662 | INFO | News RSS status for CIPLA: 200
2026-07-29 12:47:01,726 | INFO | News RSS query for CIPLA: https://news.google.com/rss/search?q=%22Cipla+Ltd.%22+NSE+when:10d&hl=en-IN&gl=IN&ceid=IN:en
2026-07-29 12:47:01,729 | INFO | News RSS status for CIPLA: 200
2026-07-29 12:47:03,531 | INFO | News RSS query for DIVISLAB: https://news.google.com/rss/search?q=%22Divi%27s+Laboratories+Ltd.%22+NSE+when:10d&hl=en-IN&gl=IN&ceid=IN:en
2026-07-29 12:47:03,698 | INFO | News RSS status for DIVISLAB: 200
2026-07-29 12:47:03,700 | INFO | News RSS query for DIVISLAB: https://news.google.com/rss/search?q=%22Divi%27s+Laboratories+Ltd.%22+stock+when:10d&hl=en-IN&gl=IN&ceid=IN:en
2026-07-29 12:47:03,886 | INFO | News RSS status for DIVISLAB: 200
2026-07-29 12:47:06,217 | INFO | News RSS query for EICHERMOT: https://news.google.com/rss/search?q=%22Eicher+Motors+Ltd.%22+NSE+when:10d&hl=en-IN&gl=IN&ceid=IN:en
2026-07-29 12:47:06,411 | INFO | News RSS status for EICHERMOT: 200
2026-07-29 12:47:07,089 | INFO | News RSS query for ETERNAL: https://news.google.com/rss/search?q=%22Eternal+Ltd.%22+NSE+when:10d&hl=en-IN&gl=IN&ceid=IN:en
2026-07-29 12:47:07,302 | INFO | News RSS status for ETERNAL: 200
2026-07-29 12:47:07,934 | INFO | News RSS query for GAIL: https://news.google.com/rss/search?q=%22GAIL+%28India%29+Ltd.%22+NSE+when:10d&hl=en-IN&gl=IN&ceid=IN:en
2026-07-29 12:47:08,115 | INFO | News RSS status for GAIL: 200
2026-07-29 12:47:09,869 | INFO | News RSS query for HAL: https://news.google.com/rss/search?q=%22Hindustan+Aeronautics+Ltd.%22+NSE+when:10d&hl=en-IN&gl=IN&ceid=IN:en
2026-07-29 12:47:10,042 | INFO | News RSS status for HAL: 200
2026-07-29 12:47:10,109 | INFO | News RSS query for HAL: https://news.google.com/rss/search?q=%22Hindustan+Aeronautics+Ltd.%22+NSE+when:10d&hl=en-IN&gl=IN&ceid=IN:en
2026-07-29 12:47:10,113 | INFO | News RSS status for HAL: 200
2026-07-29 12:47:14,825 | INFO | News RSS query for ICICIBANK: https://news.google.com/rss/search?q=%22ICICI+Bank+Ltd.%22+NSE+when:10d&hl=en-IN&gl=IN&ceid=IN:en
2026-07-29 12:47:15,036 | INFO | News RSS status for ICICIBANK: 200
2026-07-29 12:47:15,666 | INFO | News RSS query for INDHOTEL: https://news.google.com/rss/search?q=%22Indian+Hotels+Co.+Ltd.%22+NSE+when:10d&hl=en-IN&gl=IN&ceid=IN:en
2026-07-29 12:47:15,845 | INFO | News RSS status for INDHOTEL: 200
2026-07-29 12:47:16,479 | INFO | News RSS query for INDIGO: https://news.google.com/rss/search?q=%22InterGlobe+Aviation+Ltd.%22+NSE+when:10d&hl=en-IN&gl=IN&ceid=IN:en
2026-07-29 12:47:16,684 | INFO | News RSS status for INDIGO: 200
2026-07-29 12:47:17,316 | INFO | News RSS query for INFY: https://news.google.com/rss/search?q=%22Infosys+Ltd.%22+NSE+when:10d&hl=en-IN&gl=IN&ceid=IN:en
2026-07-29 12:47:17,522 | INFO | News RSS status for INFY: 200
2026-07-29 12:47:20,102 | INFO | News RSS query for JIOFIN: https://news.google.com/rss/search?q=%22Jio+Financial+Services+Ltd.%22+NSE+when:10d&hl=en-IN&gl=IN&ceid=IN:en
2026-07-29 12:47:20,288 | INFO | News RSS status for JIOFIN: 200
2026-07-29 12:47:20,912 | INFO | News RSS query for JSWSTEEL: https://news.google.com/rss/search?q=%22JSW+Steel+Ltd.%22+NSE+when:10d&hl=en-IN&gl=IN&ceid=IN:en
2026-07-29 12:47:21,093 | INFO | News RSS status for JSWSTEEL: 200
2026-07-29 12:47:22,237 | INFO | News RSS query for LODHA: https://news.google.com/rss/search?q=%22Lodha+Developers+Ltd.%22+NSE+when:10d&hl=en-IN&gl=IN&ceid=IN:en
2026-07-29 12:47:22,419 | INFO | News RSS status for LODHA: 200
2026-07-29 12:47:22,991 | WARNING | Skipping LTM — only 109 bars available (need 220). Extend history_backfill_days in config.json to include this symbol.
2026-07-29 12:47:24,201 | INFO | News RSS query for MARUTI: https://news.google.com/rss/search?q=%22Maruti+Suzuki+India+Ltd.%22+NSE+when:10d&hl=en-IN&gl=IN&ceid=IN:en
2026-07-29 12:47:24,417 | INFO | News RSS status for MARUTI: 200
2026-07-29 12:47:25,058 | INFO | News RSS query for MAXHEALTH: https://news.google.com/rss/search?q=%22Max+Healthcare+Institute+Ltd.%22+NSE+when:10d&hl=en-IN&gl=IN&ceid=IN:en
2026-07-29 12:47:25,244 | INFO | News RSS status for MAXHEALTH: 200
2026-07-29 12:47:26,445 | INFO | News RSS query for MOTHERSON: https://news.google.com/rss/search?q=%22Samvardhana+Motherson+International+Ltd.%22+NSE+when:10d&hl=en-IN&gl=IN&ceid=IN:en
2026-07-29 12:47:26,632 | INFO | News RSS status for MOTHERSON: 200
2026-07-29 12:47:26,635 | INFO | News RSS query for MOTHERSON: https://news.google.com/rss/search?q=%22Samvardhana+Motherson+International+Ltd.%22+stock+when:10d&hl=en-IN&gl=IN&ceid=IN:en
2026-07-29 12:47:26,805 | INFO | News RSS status for MOTHERSON: 200
2026-07-29 12:47:28,005 | INFO | News RSS query for NESTLEIND: https://news.google.com/rss/search?q=%22Nestle+India+Ltd.%22+NSE+when:10d&hl=en-IN&gl=IN&ceid=IN:en
2026-07-29 12:47:28,218 | INFO | News RSS status for NESTLEIND: 200
2026-07-29 12:47:30,009 | INFO | News RSS query for PFC: https://news.google.com/rss/search?q=%22Power+Finance+Corporation+Ltd.%22+NSE+when:10d&hl=en-IN&gl=IN&ceid=IN:en
2026-07-29 12:47:30,184 | INFO | News RSS status for PFC: 200
2026-07-29 12:47:30,826 | INFO | News RSS query for PIDILITIND: https://news.google.com/rss/search?q=%22Pidilite+Industries+Ltd.%22+NSE+when:10d&hl=en-IN&gl=IN&ceid=IN:en
2026-07-29 12:47:30,972 | INFO | News RSS status for PIDILITIND: 200
2026-07-29 12:47:30,972 | INFO | News RSS query for PIDILITIND: https://news.google.com/rss/search?q=%22Pidilite+Industries+Ltd.%22+stock+when:10d&hl=en-IN&gl=IN&ceid=IN:en
2026-07-29 12:47:31,207 | INFO | News RSS status for PIDILITIND: 200
2026-07-29 12:47:35,819 | INFO | News RSS query for SHRIRAMFIN: https://news.google.com/rss/search?q=%22Shriram+Finance+Ltd.%22+NSE+when:10d&hl=en-IN&gl=IN&ceid=IN:en
2026-07-29 12:47:36,000 | INFO | News RSS status for SHRIRAMFIN: 200
2026-07-29 12:47:36,002 | INFO | News RSS query for SHRIRAMFIN: https://news.google.com/rss/search?q=%22Shriram+Finance+Ltd.%22+stock+when:10d&hl=en-IN&gl=IN&ceid=IN:en
2026-07-29 12:47:36,208 | INFO | News RSS status for SHRIRAMFIN: 200
2026-07-29 12:47:36,829 | INFO | News RSS query for SIEMENS: https://news.google.com/rss/search?q=%22Siemens+Ltd.%22+NSE+when:10d&hl=en-IN&gl=IN&ceid=IN:en
2026-07-29 12:47:37,024 | INFO | News RSS status for SIEMENS: 200
2026-07-29 12:47:37,024 | INFO | News RSS query for SIEMENS: https://news.google.com/rss/search?q=%22Siemens+Ltd.%22+stock+when:10d&hl=en-IN&gl=IN&ceid=IN:en
2026-07-29 12:47:37,191 | INFO | News RSS status for SIEMENS: 200
2026-07-29 12:47:37,829 | INFO | News RSS query for SOLARINDS: https://news.google.com/rss/search?q=%22Solar+Industries+India+Ltd.%22+NSE+when:10d&hl=en-IN&gl=IN&ceid=IN:en
2026-07-29 12:47:38,018 | INFO | News RSS status for SOLARINDS: 200
2026-07-29 12:47:38,646 | INFO | News RSS query for SUNPHARMA: https://news.google.com/rss/search?q=%22Sun+Pharmaceutical+Industries+Ltd.%22+NSE+when:10d&hl=en-IN&gl=IN&ceid=IN:en
2026-07-29 12:47:38,820 | INFO | News RSS status for SUNPHARMA: 200
2026-07-29 12:47:38,826 | WARNING | Skipping TATACAP — only 197 bars available (need 220). Extend history_backfill_days in config.json to include this symbol.
2026-07-29 12:47:41,720 | INFO | News RSS query for TECHM: https://news.google.com/rss/search?q=%22Tech+Mahindra+Ltd.%22+NSE+when:10d&hl=en-IN&gl=IN&ceid=IN:en
2026-07-29 12:47:41,926 | INFO | News RSS status for TECHM: 200
2026-07-29 12:47:42,547 | INFO | News RSS query for TITAN: https://news.google.com/rss/search?q=%22Titan+Company+Ltd.%22+NSE+when:10d&hl=en-IN&gl=IN&ceid=IN:en
2026-07-29 12:47:42,731 | INFO | News RSS status for TITAN: 200
2026-07-29 12:47:42,736 | WARNING | Skipping TMCV — only 177 bars available (need 220). Extend history_backfill_days in config.json to include this symbol.
2026-07-29 12:47:42,736 | WARNING | Skipping TMPV — only 194 bars available (need 220). Extend history_backfill_days in config.json to include this symbol.
2026-07-29 12:47:43,365 | INFO | News RSS query for TORNTPHARM: https://news.google.com/rss/search?q=%22Torrent+Pharmaceuticals+Ltd.%22+NSE+when:10d&hl=en-IN&gl=IN&ceid=IN:en
2026-07-29 12:47:43,542 | INFO | News RSS status for TORNTPHARM: 200
2026-07-29 12:47:44,744 | INFO | News RSS query for TVSMOTOR: https://news.google.com/rss/search?q=%22TVS+Motor+Company+Ltd.%22+NSE+when:10d&hl=en-IN&gl=IN&ceid=IN:en
2026-07-29 12:47:44,950 | INFO | News RSS status for TVSMOTOR: 200
2026-07-29 12:47:46,370 | INFO | News RSS query for UNITDSPR: https://news.google.com/rss/search?q=%22United+Spirits+Ltd.%22+NSE+when:10d&hl=en-IN&gl=IN&ceid=IN:en
2026-07-29 12:47:46,547 | INFO | News RSS status for UNITDSPR: 200
2026-07-29 12:47:46,553 | WARNING | Skipping VAML — only 6 bars available (need 220). Extend history_backfill_days in config.json to include this symbol.
2026-07-29 12:47:47,661 | WARNING | Skipping VEDPOWER — only 4 bars available (need 220). Extend history_backfill_days in config.json to include this symbol.
2026-07-29 12:47:47,662 | WARNING | Skipping VISL — only 4 bars available (need 220). Extend history_backfill_days in config.json to include this symbol.
2026-07-29 12:47:47,662 | WARNING | Skipping VOGL — only 7 bars available (need 220). Extend history_backfill_days in config.json to include this symbol.
2026-07-29 12:47:48,278 | INFO | News RSS query for WIPRO: https://news.google.com/rss/search?q=%22Wipro+Ltd.%22+NSE+when:10d&hl=en-IN&gl=IN&ceid=IN:en
2026-07-29 12:47:48,452 | INFO | News RSS status for WIPRO: 200
2026-07-29 12:47:49,029 | INFO | Index membership from cache: NIFTY 50 (50 symbols)
2026-07-29 12:47:49,029 | INFO | Index membership from cache: Nifty Next 50 (50 symbols)
2026-07-29 12:47:49,029 | INFO | Index membership ready: 100 symbols mapped
2026-07-29 12:47:49,029 | INFO | Market Health: fetching index OHLCV...
2026-07-29 12:47:49,033 | INFO | Index OHLCV cache fresh for NIFTY 50 (1429 rows)
2026-07-29 12:47:49,035 | INFO | Index OHLCV cache fresh for NIFTY NEXT 50 (1431 rows)
2026-07-29 12:47:49,035 | INFO | Market Health: fetching VIX...
2026-07-29 12:47:49,037 | INFO | VIX cache fresh (127 rows)
2026-07-29 12:47:49,037 | INFO | Market Health: updating breadth EMA cache...
2026-07-29 12:47:50,775 | INFO | Breadth EMA cache: 132464 total rows (+100)
2026-07-29 12:47:50,796 | INFO | Market Health [NIFTY 50]: Score=8.0 | Sideways &#x1F7E0;
2026-07-29 12:47:50,814 | INFO | Market Health [Nifty Next 50]: Score=-10.0 | Sideways &#x1F7E0;
2026-07-29 12:47:50,924 | INFO | Signal log: appended 13 new signals. Total rows: 547
2026-07-29 12:47:50,924 | INFO | Signal log written/updated: /home/runner/work/nifty100-reporter/nifty100-reporter/data/nifty100_signal_log.csv
2026-07-29 12:47:52,199 | INFO | Signal tracker: updated 198 Active signal rows.
2026-07-29 12:47:52,218 | INFO | HTML report written: /home/runner/work/nifty100-reporter/nifty100-reporter/reports/nifty100_daily_report_20260729.html
2026-07-29 12:47:52,227 | INFO | Market Health Excel sheet written.
2026-07-29 12:47:53,400 | INFO | Excel report written: /home/runner/work/nifty100-reporter/nifty100-reporter/reports/nifty100_daily_report_20260729.xlsx
2026-07-29 12:47:53,400 | INFO | GitHub Actions detected — skipping Gmail API send (workflow handles email).
2026-07-29 12:47:53,400 | INFO | Run completed successfully.
2026-07-29 12:47:53,400 | INFO | Artifacts: /home/runner/work/nifty100-reporter/nifty100-reporter/reports/nifty100_daily_report_20260729.html | /home/runner/work/nifty100-reporter/nifty100-reporter/reports/nifty100_daily_report_20260729.xlsx | log: /home/runner/work/nifty100-reporter/nifty100-reporter/logs/run_20260729_181601.log
