2026-10-10 12:45:48,924 | INFO | Nifty 100 Daily EMA Cross Reporter | Version 3.3.8 | Released 2026-04-17
2026-10-10 12:45:48,924 | INFO | Base directory: /home/runner/work/nifty100-reporter/nifty100-reporter
2026-10-10 12:45:48,925 | INFO | Loaded config. Email enabled: True | Recipients: 1
2026-10-10 12:45:49,173 | WARNING | NSE session bootstrap HTTP 403 (attempt 1/5) — refreshing NSE session cookie …
2026-10-10 12:45:59,546 | INFO | NSE session bootstrap status: 200
2026-10-10 12:45:59,546 | INFO | Downloading Nifty 100 universe from https://www.niftyindices.com/IndexConstituent/ind_nifty100list.csv
2026-10-10 12:46:00,083 | INFO | Universe download status: 200
2026-10-10 12:46:00,085 | INFO | Universe rows loaded: 100
2026-10-10 12:46:00,150 | INFO | Loaded history rows: 137654
2026-10-10 12:46:00,153 | INFO | yfinance history update: 100 symbols | 2026-10-08 → 2026-10-11
2026-10-10 12:46:00,153 | INFO | yfinance batch download: 100 symbols | 2026-10-08 → 2026-10-11
2026-10-10 12:46:08,147 | INFO | yfinance raw shape: (2, 500)
2026-10-10 12:46:08,286 | INFO | yfinance parsed rows after date-filter: 200
2026-10-10 12:46:08,286 | INFO | New rows from yfinance: 200
2026-10-10 12:46:08,701 | INFO | Saved history rows: 137654 | file: /home/runner/work/nifty100-reporter/nifty100-reporter/data/nifty100_ohlcv_history.csv
2026-10-10 12:46:08,761 | INFO | Loaded history rows: 137654
2026-10-10 12:46:08,762 | INFO | Latest OHLCV data is from 2026-10-09
2026-10-10 12:46:08,777 | INFO | Latest Delivery data is from 2026-10-09
2026-10-10 12:46:08,801 | INFO | Delivery cache has 33 dates — skipping backfill.
2026-10-10 12:46:08,801 | INFO | Delivery fetch attempt [1/7] — URL: https://archives.nseindia.com/products/content/sec_bhavdata_full_09102026.csv
2026-10-10 12:46:09,590 | INFO | Delivery fetch SUCCESS — date: 2026-10-09 | size: 397318 bytes | URL: https://archives.nseindia.com/products/content/sec_bhavdata_full_09102026.csv
2026-10-10 12:46:09,799 | INFO | Delivery cache updated: 2675 symbols for 2026-10-09 (rows in cache: 87576)
2026-10-10 12:46:09,800 | INFO | Delivery data: 2675 symbols | fallback=False
2026-10-10 12:46:10,161 | INFO | Corporate actions bulk OK: 4 raw rows | 2 Nifty100 symbols with events
2026-10-10 12:46:42,540 | INFO | Corporate actions: 2/100 symbols have events (window 10-10-2026 to 09-11-2026) | Symbols: TCS, VEDL
2026-10-10 12:46:42,540 | INFO | Index membership from cache: NIFTY 50 (50 symbols)
2026-10-10 12:46:42,540 | INFO | Index membership from cache: Nifty Next 50 (50 symbols)
2026-10-10 12:46:42,540 | INFO | Index membership ready: 100 symbols mapped
2026-10-10 12:46:43,698 | INFO | News RSS query for ADANIPORTS: https://news.google.com/rss/search?q=%22Adani+Ports+and+Special+Economic+Zone+Ltd.%22+NSE+when:10d&hl=en-IN&gl=IN&ceid=IN:en
2026-10-10 12:46:43,974 | INFO | News RSS status for ADANIPORTS: 200
2026-10-10 12:46:45,222 | INFO | News RSS query for AXISBANK: https://news.google.com/rss/search?q=%22Axis+Bank+Ltd.%22+NSE+when:10d&hl=en-IN&gl=IN&ceid=IN:en
2026-10-10 12:46:45,462 | INFO | News RSS status for AXISBANK: 200
2026-10-10 12:46:47,826 | WARNING | Skipping BSE — only 9 bars available (need 220). Extend history_backfill_days in config.json to include this symbol.
2026-10-10 12:46:49,604 | INFO | News RSS query for DIVISLAB: https://news.google.com/rss/search?q=%22Divi%27s+Laboratories+Ltd.%22+NSE+when:10d&hl=en-IN&gl=IN&ceid=IN:en
2026-10-10 12:46:49,819 | INFO | News RSS status for DIVISLAB: 200
2026-10-10 12:46:49,820 | INFO | News RSS query for DIVISLAB: https://news.google.com/rss/search?q=%22Divi%27s+Laboratories+Ltd.%22+stock+when:10d&hl=en-IN&gl=IN&ceid=IN:en
2026-10-10 12:46:50,053 | INFO | News RSS status for DIVISLAB: 200
2026-10-10 12:46:54,248 | WARNING | Skipping IDEA — only 9 bars available (need 220). Extend history_backfill_days in config.json to include this symbol.
2026-10-10 12:46:56,545 | INFO | News RSS query for KOTAKBANK: https://news.google.com/rss/search?q=%22Kotak+Mahindra+Bank+Ltd.%22+NSE+when:10d&hl=en-IN&gl=IN&ceid=IN:en
2026-10-10 12:46:56,760 | INFO | News RSS status for KOTAKBANK: 200
2026-10-10 12:46:57,218 | WARNING | Skipping LTM — only 160 bars available (need 220). Extend history_backfill_days in config.json to include this symbol.
2026-10-10 12:47:00,137 | WARNING | Skipping POLYCAB — only 9 bars available (need 220). Extend history_backfill_days in config.json to include this symbol.
2026-10-10 12:47:00,382 | WARNING | Skipping POWERINDIA — only 9 bars available (need 220). Extend history_backfill_days in config.json to include this symbol.
2026-10-10 12:47:04,711 | INFO | News RSS query for TRENT: https://news.google.com/rss/search?q=%22Trent+Ltd.%22+NSE+when:10d&hl=en-IN&gl=IN&ceid=IN:en
2026-10-10 12:47:04,999 | INFO | News RSS status for TRENT: 200
2026-10-10 12:47:05,792 | WARNING | Skipping VAML — only 15 bars available (need 220). Extend history_backfill_days in config.json to include this symbol.
2026-10-10 12:47:06,260 | WARNING | Skipping VEDPOWER — only 4 bars available (need 220). Extend history_backfill_days in config.json to include this symbol.
2026-10-10 12:47:06,260 | WARNING | Skipping VISL — only 4 bars available (need 220). Extend history_backfill_days in config.json to include this symbol.
2026-10-10 12:47:06,260 | WARNING | Skipping VOGL — only 7 bars available (need 220). Extend history_backfill_days in config.json to include this symbol.
2026-10-10 12:47:06,733 | INFO | Index membership from cache: NIFTY 50 (50 symbols)
2026-10-10 12:47:06,734 | INFO | Index membership from cache: Nifty Next 50 (50 symbols)
2026-10-10 12:47:06,734 | INFO | Index membership ready: 100 symbols mapped
2026-10-10 12:47:06,734 | INFO | Market Health: fetching index OHLCV...
2026-10-10 12:47:06,735 | INFO | Index OHLCV cache fresh for NIFTY 50 (1480 rows)
2026-10-10 12:47:08,150 | WARNING | niftyindices failed NIFTY NEXT 50 2026-10-07-2026-10-10: Expecting value: line 1 column 2 (char 1)
2026-10-10 12:47:08,459 | INFO | Index OHLCV via yfinance (JUNIORBEES.NS) for NIFTY NEXT 50: 1474 rows
2026-10-10 12:47:08,460 | INFO | Market Health: fetching VIX...
2026-10-10 12:47:08,461 | INFO | VIX cache fresh (178 rows)
2026-10-10 12:47:08,461 | INFO | Market Health: updating breadth EMA cache...
2026-10-10 12:47:09,074 | INFO | Market Health [NIFTY 50]: Score=-35.0 | Weak Bear &#x1F534;
2026-10-10 12:47:09,084 | INFO | Market Health [Nifty Next 50]: Score=-27.0 | Weak Bear &#x1F534;
2026-10-10 12:47:09,091 | INFO | Signal log: skipping new signal insertion — 2026-10-10 is a weekend.
2026-10-10 12:47:09,392 | INFO | Signal tracker: updated 88 Active signal rows.
2026-10-10 12:47:09,396 | INFO | HTML report written: /home/runner/work/nifty100-reporter/nifty100-reporter/reports/nifty100_daily_report_20261010.html
2026-10-10 12:47:09,400 | INFO | Market Health Excel sheet written.
2026-10-10 12:47:10,204 | INFO | Excel report written: /home/runner/work/nifty100-reporter/nifty100-reporter/reports/nifty100_daily_report_20261010.xlsx
2026-10-10 12:47:10,204 | INFO | GitHub Actions detected — skipping Gmail API send (workflow handles email).
2026-10-10 12:47:10,204 | INFO | Run completed successfully.
2026-10-10 12:47:10,204 | INFO | Artifacts: /home/runner/work/nifty100-reporter/nifty100-reporter/reports/nifty100_daily_report_20261010.html | /home/runner/work/nifty100-reporter/nifty100-reporter/reports/nifty100_daily_report_20261010.xlsx | log: /home/runner/work/nifty100-reporter/nifty100-reporter/logs/run_20261010_181548.log
