2026-08-13 12:45:50,115 | INFO | Nifty 100 Daily EMA Cross Reporter | Version 3.3.8 | Released 2026-04-17
2026-08-13 12:45:50,115 | INFO | Base directory: /home/runner/work/nifty100-reporter/nifty100-reporter
2026-08-13 12:45:50,115 | INFO | Loaded config. Email enabled: True | Recipients: 1
2026-08-13 12:45:50,185 | WARNING | NSE session bootstrap HTTP 403 (attempt 1/5) — refreshing NSE session cookie …
2026-08-13 12:46:00,907 | INFO | NSE session bootstrap status: 200
2026-08-13 12:46:00,908 | INFO | Downloading Nifty 100 universe from https://www.niftyindices.com/IndexConstituent/ind_nifty100list.csv
2026-08-13 12:46:01,349 | INFO | Universe download status: 200
2026-08-13 12:46:01,353 | INFO | Universe rows loaded: 100
2026-08-13 12:46:01,463 | INFO | Loaded history rows: 133554
2026-08-13 12:46:01,470 | INFO | yfinance history update: 100 symbols | 2026-08-11 → 2026-08-14
2026-08-13 12:46:01,471 | INFO | yfinance batch download: 100 symbols | 2026-08-11 → 2026-08-14
2026-08-13 12:46:01,472 | INFO | Failed to create TzCache, reason: Error creating TzCache folder: '/home/runner/.cache/py-yfinance' reason: [Errno 17] File exists: '/home/runner/.cache/py-yfinance'. TzCache will not be used. Tip: You can direct cache to use a different location with 'set_tz_cache_location(mylocation)'
2026-08-13 12:46:07,849 | INFO | yfinance raw shape: (3, 500)
2026-08-13 12:46:08,169 | INFO | yfinance parsed rows after date-filter: 300
2026-08-13 12:46:08,170 | INFO | New rows from yfinance: 300
2026-08-13 12:46:08,968 | INFO | Saved history rows: 133654 | file: /home/runner/work/nifty100-reporter/nifty100-reporter/data/nifty100_ohlcv_history.csv
2026-08-13 12:46:09,075 | INFO | Loaded history rows: 133654
2026-08-13 12:46:09,076 | INFO | Latest OHLCV data is from 2026-08-13
2026-08-13 12:46:09,104 | INFO | Latest Delivery data is from 2026-08-12
2026-08-13 12:46:09,151 | INFO | Delivery cache has 32 dates — skipping backfill.
2026-08-13 12:46:09,151 | INFO | Delivery fetch attempt [0/7] — URL: https://archives.nseindia.com/products/content/sec_bhavdata_full_13082026.csv
2026-08-13 12:46:09,647 | INFO | Delivery fetch SUCCESS — date: 2026-08-13 | size: 375688 bytes | URL: https://archives.nseindia.com/products/content/sec_bhavdata_full_13082026.csv
2026-08-13 12:46:10,006 | INFO | Delivery cache updated: 2463 symbols for 2026-08-13 (rows in cache: 79248)
2026-08-13 12:46:10,007 | INFO | Delivery data: 2463 symbols | fallback=False
2026-08-13 12:46:10,367 | INFO | Corporate actions bulk OK: 84 raw rows | 7 Nifty100 symbols with events
2026-08-13 12:46:39,443 | INFO | Corporate actions: 7/100 symbols have events (window 13-08-2026 to 12-09-2026) | Symbols: APOLLOHOSP, BEL, GODREJCP, HAL, IOC, POWERGRID, RECLTD
2026-08-13 12:46:39,444 | INFO | Index membership from cache: NIFTY 50 (50 symbols)
2026-08-13 12:46:39,444 | INFO | Index membership from cache: Nifty Next 50 (50 symbols)
2026-08-13 12:46:39,444 | INFO | Index membership ready: 100 symbols mapped
2026-08-13 12:46:40,044 | INFO | News RSS query for ABB: https://news.google.com/rss/search?q=%22ABB+India+Ltd.%22+NSE+when:10d&hl=en-IN&gl=IN&ceid=IN:en
2026-08-13 12:46:40,309 | INFO | News RSS status for ABB: 200
2026-08-13 12:46:44,122 | INFO | News RSS query for ASIANPAINT: https://news.google.com/rss/search?q=%22Asian+Paints+Ltd.%22+NSE+when:10d&hl=en-IN&gl=IN&ceid=IN:en
2026-08-13 12:46:44,343 | INFO | News RSS status for ASIANPAINT: 200
2026-08-13 12:46:44,345 | INFO | News RSS query for ASIANPAINT: https://news.google.com/rss/search?q=%22Asian+Paints+Ltd.%22+stock+when:10d&hl=en-IN&gl=IN&ceid=IN:en
2026-08-13 12:46:44,555 | INFO | News RSS status for ASIANPAINT: 200
2026-08-13 12:46:45,624 | INFO | News RSS query for BAJAJ-AUTO: https://news.google.com/rss/search?q=%22Bajaj+Auto+Ltd.%22+NSE+when:10d&hl=en-IN&gl=IN&ceid=IN:en
2026-08-13 12:46:45,842 | INFO | News RSS status for BAJAJ-AUTO: 200
2026-08-13 12:46:46,410 | INFO | News RSS query for BAJAJFINSV: https://news.google.com/rss/search?q=%22Bajaj+Finserv+Ltd.%22+NSE+when:10d&hl=en-IN&gl=IN&ceid=IN:en
2026-08-13 12:46:46,635 | INFO | News RSS status for BAJAJFINSV: 200
2026-08-13 12:46:47,710 | INFO | News RSS query for BAJFINANCE: https://news.google.com/rss/search?q=%22Bajaj+Finance+Ltd.%22+NSE+when:10d&hl=en-IN&gl=IN&ceid=IN:en
2026-08-13 12:46:47,916 | INFO | News RSS status for BAJFINANCE: 200
2026-08-13 12:46:48,983 | INFO | News RSS query for BEL: https://news.google.com/rss/search?q=%22Bharat+Electronics+Ltd.%22+NSE+when:10d&hl=en-IN&gl=IN&ceid=IN:en
2026-08-13 12:46:49,220 | INFO | News RSS status for BEL: 200
2026-08-13 12:46:49,788 | INFO | News RSS query for BHARTIARTL: https://news.google.com/rss/search?q=%22Bharti+Airtel+Ltd.%22+NSE+when:10d&hl=en-IN&gl=IN&ceid=IN:en
2026-08-13 12:46:50,003 | INFO | News RSS status for BHARTIARTL: 200
2026-08-13 12:46:50,585 | INFO | News RSS query for BOSCHLTD: https://news.google.com/rss/search?q=%22Bosch+Ltd.%22+NSE+when:10d&hl=en-IN&gl=IN&ceid=IN:en
2026-08-13 12:46:50,814 | INFO | News RSS status for BOSCHLTD: 200
2026-08-13 12:46:53,418 | INFO | News RSS query for CHOLAFIN: https://news.google.com/rss/search?q=%22Cholamandalam+Investment+and+Finance+Company+Ltd.%22+NSE+when:10d&hl=en-IN&gl=IN&ceid=IN:en
2026-08-13 12:46:53,629 | INFO | News RSS status for CHOLAFIN: 200
2026-08-13 12:46:54,201 | INFO | News RSS query for CIPLA: https://news.google.com/rss/search?q=%22Cipla+Ltd.%22+NSE+when:10d&hl=en-IN&gl=IN&ceid=IN:en
2026-08-13 12:46:54,432 | INFO | News RSS status for CIPLA: 200
2026-08-13 12:46:54,498 | INFO | News RSS query for CIPLA: https://news.google.com/rss/search?q=%22Cipla+Ltd.%22+NSE+when:10d&hl=en-IN&gl=IN&ceid=IN:en
2026-08-13 12:46:54,510 | INFO | News RSS status for CIPLA: 200
2026-08-13 12:46:56,088 | INFO | News RSS query for DIVISLAB: https://news.google.com/rss/search?q=%22Divi%27s+Laboratories+Ltd.%22+NSE+when:10d&hl=en-IN&gl=IN&ceid=IN:en
2026-08-13 12:46:56,327 | INFO | News RSS status for DIVISLAB: 200
2026-08-13 12:46:57,431 | INFO | News RSS query for DMART: https://news.google.com/rss/search?q=%22Avenue+Supermarts+Ltd.%22+NSE+when:10d&hl=en-IN&gl=IN&ceid=IN:en
2026-08-13 12:46:57,653 | INFO | News RSS status for DMART: 200
2026-08-13 12:46:57,656 | INFO | News RSS query for DMART: https://news.google.com/rss/search?q=%22Avenue+Supermarts+Ltd.%22+stock+when:10d&hl=en-IN&gl=IN&ceid=IN:en
2026-08-13 12:46:57,891 | INFO | News RSS status for DMART: 200
2026-08-13 12:46:58,956 | INFO | News RSS query for EICHERMOT: https://news.google.com/rss/search?q=%22Eicher+Motors+Ltd.%22+NSE+when:10d&hl=en-IN&gl=IN&ceid=IN:en
2026-08-13 12:46:59,158 | INFO | News RSS status for EICHERMOT: 200
2026-08-13 12:46:59,344 | INFO | News RSS query for ENRIN: https://news.google.com/rss/search?q=%22Siemens+Energy+India+Ltd.%22+NSE+when:10d&hl=en-IN&gl=IN&ceid=IN:en
2026-08-13 12:46:59,547 | INFO | News RSS status for ENRIN: 200
2026-08-13 12:47:00,080 | INFO | News RSS query for ETERNAL: https://news.google.com/rss/search?q=%22Eternal+Ltd.%22+NSE+when:10d&hl=en-IN&gl=IN&ceid=IN:en
2026-08-13 12:47:00,264 | INFO | News RSS status for ETERNAL: 200
2026-08-13 12:47:00,839 | INFO | News RSS query for GAIL: https://news.google.com/rss/search?q=%22GAIL+%28India%29+Ltd.%22+NSE+when:10d&hl=en-IN&gl=IN&ceid=IN:en
2026-08-13 12:47:01,041 | INFO | News RSS status for GAIL: 200
2026-08-13 12:47:02,110 | INFO | News RSS query for GRASIM: https://news.google.com/rss/search?q=%22Grasim+Industries+Ltd.%22+NSE+when:10d&hl=en-IN&gl=IN&ceid=IN:en
2026-08-13 12:47:02,330 | INFO | News RSS status for GRASIM: 200
2026-08-13 12:47:02,891 | INFO | News RSS query for HAL: https://news.google.com/rss/search?q=%22Hindustan+Aeronautics+Ltd.%22+NSE+when:10d&hl=en-IN&gl=IN&ceid=IN:en
2026-08-13 12:47:03,106 | INFO | News RSS status for HAL: 200
2026-08-13 12:47:05,677 | INFO | News RSS query for HINDALCO: https://news.google.com/rss/search?q=%22Hindalco+Industries+Ltd.%22+NSE+when:10d&hl=en-IN&gl=IN&ceid=IN:en
2026-08-13 12:47:05,929 | INFO | News RSS status for HINDALCO: 200
2026-08-13 12:47:06,995 | INFO | News RSS query for HINDZINC: https://news.google.com/rss/search?q=%22Hindustan+Zinc+Ltd.%22+NSE+when:10d&hl=en-IN&gl=IN&ceid=IN:en
2026-08-13 12:47:07,205 | INFO | News RSS status for HINDZINC: 200
2026-08-13 12:47:07,959 | INFO | News RSS query for ICICIBANK: https://news.google.com/rss/search?q=%22ICICI+Bank+Ltd.%22+NSE+when:10d&hl=en-IN&gl=IN&ceid=IN:en
2026-08-13 12:47:08,189 | INFO | News RSS status for ICICIBANK: 200
2026-08-13 12:47:09,276 | INFO | News RSS query for INDIGO: https://news.google.com/rss/search?q=%22InterGlobe+Aviation+Ltd.%22+NSE+when:10d&hl=en-IN&gl=IN&ceid=IN:en
2026-08-13 12:47:09,467 | INFO | News RSS status for INDIGO: 200
2026-08-13 12:47:09,470 | INFO | News RSS query for INDIGO: https://news.google.com/rss/search?q=%22InterGlobe+Aviation+Ltd.%22+stock+when:10d&hl=en-IN&gl=IN&ceid=IN:en
2026-08-13 12:47:09,669 | INFO | News RSS status for INDIGO: 200
2026-08-13 12:47:12,956 | INFO | News RSS query for JSWSTEEL: https://news.google.com/rss/search?q=%22JSW+Steel+Ltd.%22+NSE+when:10d&hl=en-IN&gl=IN&ceid=IN:en
2026-08-13 12:47:13,150 | INFO | News RSS status for JSWSTEEL: 200
2026-08-13 12:47:13,152 | INFO | News RSS query for JSWSTEEL: https://news.google.com/rss/search?q=%22JSW+Steel+Ltd.%22+stock+when:10d&hl=en-IN&gl=IN&ceid=IN:en
2026-08-13 12:47:13,354 | INFO | News RSS status for JSWSTEEL: 200
2026-08-13 12:47:14,368 | INFO | News RSS query for LODHA: https://news.google.com/rss/search?q=%22Lodha+Developers+Ltd.%22+NSE+when:10d&hl=en-IN&gl=IN&ceid=IN:en
2026-08-13 12:47:14,562 | INFO | News RSS status for LODHA: 200
2026-08-13 12:47:15,122 | INFO | News RSS query for LT: https://news.google.com/rss/search?q=%22Larsen+%26+Toubro+Ltd.%22+NSE+when:10d&hl=en-IN&gl=IN&ceid=IN:en
2026-08-13 12:47:15,356 | INFO | News RSS status for LT: 200
2026-08-13 12:47:15,362 | WARNING | Skipping LTM — only 120 bars available (need 220). Extend history_backfill_days in config.json to include this symbol.
2026-08-13 12:47:17,895 | INFO | News RSS query for MOTHERSON: https://news.google.com/rss/search?q=%22Samvardhana+Motherson+International+Ltd.%22+NSE+when:10d&hl=en-IN&gl=IN&ceid=IN:en
2026-08-13 12:47:18,138 | INFO | News RSS status for MOTHERSON: 200
2026-08-13 12:47:19,214 | INFO | News RSS query for NESTLEIND: https://news.google.com/rss/search?q=%22Nestle+India+Ltd.%22+NSE+when:10d&hl=en-IN&gl=IN&ceid=IN:en
2026-08-13 12:47:19,455 | INFO | News RSS status for NESTLEIND: 200
2026-08-13 12:47:21,520 | INFO | News RSS query for PIDILITIND: https://news.google.com/rss/search?q=%22Pidilite+Industries+Ltd.%22+NSE+when:10d&hl=en-IN&gl=IN&ceid=IN:en
2026-08-13 12:47:21,711 | INFO | News RSS status for PIDILITIND: 200
2026-08-13 12:47:24,784 | INFO | News RSS query for SBIN: https://news.google.com/rss/search?q=%22State+Bank+of+India%22+NSE+when:10d&hl=en-IN&gl=IN&ceid=IN:en
2026-08-13 12:47:25,084 | INFO | News RSS status for SBIN: 200
2026-08-13 12:47:26,137 | INFO | News RSS query for SHRIRAMFIN: https://news.google.com/rss/search?q=%22Shriram+Finance+Ltd.%22+NSE+when:10d&hl=en-IN&gl=IN&ceid=IN:en
2026-08-13 12:47:26,363 | INFO | News RSS status for SHRIRAMFIN: 200
2026-08-13 12:47:26,931 | INFO | News RSS query for SIEMENS: https://news.google.com/rss/search?q=%22Siemens+Ltd.%22+NSE+when:10d&hl=en-IN&gl=IN&ceid=IN:en
2026-08-13 12:47:27,121 | INFO | News RSS status for SIEMENS: 200
2026-08-13 12:47:27,124 | INFO | News RSS query for SIEMENS: https://news.google.com/rss/search?q=%22Siemens+Ltd.%22+stock+when:10d&hl=en-IN&gl=IN&ceid=IN:en
2026-08-13 12:47:27,323 | INFO | News RSS status for SIEMENS: 200
2026-08-13 12:47:27,902 | INFO | News RSS query for SOLARINDS: https://news.google.com/rss/search?q=%22Solar+Industries+India+Ltd.%22+NSE+when:10d&hl=en-IN&gl=IN&ceid=IN:en
2026-08-13 12:47:28,103 | INFO | News RSS status for SOLARINDS: 200
2026-08-13 12:47:28,173 | INFO | News RSS query for SOLARINDS: https://news.google.com/rss/search?q=%22Solar+Industries+India+Ltd.%22+NSE+when:10d&hl=en-IN&gl=IN&ceid=IN:en
2026-08-13 12:47:28,185 | INFO | News RSS status for SOLARINDS: 200
2026-08-13 12:47:28,762 | INFO | News RSS query for SUNPHARMA: https://news.google.com/rss/search?q=%22Sun+Pharmaceutical+Industries+Ltd.%22+NSE+when:10d&hl=en-IN&gl=IN&ceid=IN:en
2026-08-13 12:47:28,971 | INFO | News RSS status for SUNPHARMA: 200
2026-08-13 12:47:28,978 | WARNING | Skipping TATACAP — only 208 bars available (need 220). Extend history_backfill_days in config.json to include this symbol.
2026-08-13 12:47:31,575 | INFO | News RSS query for TECHM: https://news.google.com/rss/search?q=%22Tech+Mahindra+Ltd.%22+NSE+when:10d&hl=en-IN&gl=IN&ceid=IN:en
2026-08-13 12:47:31,801 | INFO | News RSS status for TECHM: 200
2026-08-13 12:47:32,363 | INFO | News RSS query for TITAN: https://news.google.com/rss/search?q=%22Titan+Company+Ltd.%22+NSE+when:10d&hl=en-IN&gl=IN&ceid=IN:en
2026-08-13 12:47:32,584 | INFO | News RSS status for TITAN: 200
2026-08-13 12:47:32,590 | WARNING | Skipping TMCV — only 188 bars available (need 220). Extend history_backfill_days in config.json to include this symbol.
2026-08-13 12:47:32,591 | WARNING | Skipping TMPV — only 205 bars available (need 220). Extend history_backfill_days in config.json to include this symbol.
2026-08-13 12:47:33,159 | INFO | News RSS query for TORNTPHARM: https://news.google.com/rss/search?q=%22Torrent+Pharmaceuticals+Ltd.%22+NSE+when:10d&hl=en-IN&gl=IN&ceid=IN:en
2026-08-13 12:47:33,355 | INFO | News RSS status for TORNTPHARM: 200
2026-08-13 12:47:34,426 | INFO | News RSS query for TVSMOTOR: https://news.google.com/rss/search?q=%22TVS+Motor+Company+Ltd.%22+NSE+when:10d&hl=en-IN&gl=IN&ceid=IN:en
2026-08-13 12:47:34,637 | INFO | News RSS status for TVSMOTOR: 200
2026-08-13 12:47:35,717 | INFO | News RSS query for UNIONBANK: https://news.google.com/rss/search?q=%22Union+Bank+of+India%22+NSE+when:10d&hl=en-IN&gl=IN&ceid=IN:en
2026-08-13 12:47:35,977 | INFO | News RSS status for UNIONBANK: 200
2026-08-13 12:47:36,256 | INFO | News RSS query for UNITDSPR: https://news.google.com/rss/search?q=%22United+Spirits+Ltd.%22+NSE+when:10d&hl=en-IN&gl=IN&ceid=IN:en
2026-08-13 12:47:36,507 | INFO | News RSS status for UNITDSPR: 200
2026-08-13 12:47:36,513 | WARNING | Skipping VAML — only 6 bars available (need 220). Extend history_backfill_days in config.json to include this symbol.
2026-08-13 12:47:37,511 | WARNING | Skipping VEDPOWER — only 4 bars available (need 220). Extend history_backfill_days in config.json to include this symbol.
2026-08-13 12:47:37,511 | WARNING | Skipping VISL — only 4 bars available (need 220). Extend history_backfill_days in config.json to include this symbol.
2026-08-13 12:47:37,512 | WARNING | Skipping VOGL — only 7 bars available (need 220). Extend history_backfill_days in config.json to include this symbol.
2026-08-13 12:47:38,568 | INFO | News RSS query for ZYDUSLIFE: https://news.google.com/rss/search?q=%22Zydus+Lifesciences+Ltd.%22+NSE+when:10d&hl=en-IN&gl=IN&ceid=IN:en
2026-08-13 12:47:38,813 | INFO | News RSS status for ZYDUSLIFE: 200
2026-08-13 12:47:38,825 | INFO | Index membership from cache: NIFTY 50 (50 symbols)
2026-08-13 12:47:38,825 | INFO | Index membership from cache: Nifty Next 50 (50 symbols)
2026-08-13 12:47:38,825 | INFO | Index membership ready: 100 symbols mapped
2026-08-13 12:47:38,825 | INFO | Market Health: fetching index OHLCV...
2026-08-13 12:47:38,828 | INFO | Index OHLCV cache fresh for NIFTY 50 (1440 rows)
2026-08-13 12:47:38,831 | INFO | Index OHLCV cache fresh for NIFTY NEXT 50 (1440 rows)
2026-08-13 12:47:38,831 | INFO | Market Health: fetching VIX...
2026-08-13 12:47:38,833 | INFO | VIX cache fresh (138 rows)
2026-08-13 12:47:38,833 | INFO | Market Health: updating breadth EMA cache...
2026-08-13 12:47:40,680 | INFO | Breadth EMA cache: 133564 total rows (+100)
2026-08-13 12:47:40,702 | INFO | Market Health [NIFTY 50]: Score=54.5 | Weak Bull &#x1F7E1;
2026-08-13 12:47:40,720 | INFO | Market Health [Nifty Next 50]: Score=18.0 | Sideways &#x1F7E0;
2026-08-13 12:47:40,779 | INFO | Signal log: appended 4 new signals. Total rows: 637
2026-08-13 12:47:40,779 | INFO | Signal log written/updated: /home/runner/work/nifty100-reporter/nifty100-reporter/data/nifty100_signal_log.csv
2026-08-13 12:47:42,057 | INFO | Signal tracker: updated 185 Active signal rows.
2026-08-13 12:47:42,073 | INFO | HTML report written: /home/runner/work/nifty100-reporter/nifty100-reporter/reports/nifty100_daily_report_20260813.html
2026-08-13 12:47:42,081 | INFO | Market Health Excel sheet written.
2026-08-13 12:47:43,256 | INFO | Excel report written: /home/runner/work/nifty100-reporter/nifty100-reporter/reports/nifty100_daily_report_20260813.xlsx
2026-08-13 12:47:43,256 | INFO | GitHub Actions detected — skipping Gmail API send (workflow handles email).
2026-08-13 12:47:43,256 | INFO | Run completed successfully.
2026-08-13 12:47:43,256 | INFO | Artifacts: /home/runner/work/nifty100-reporter/nifty100-reporter/reports/nifty100_daily_report_20260813.html | /home/runner/work/nifty100-reporter/nifty100-reporter/reports/nifty100_daily_report_20260813.xlsx | log: /home/runner/work/nifty100-reporter/nifty100-reporter/logs/run_20260813_181550.log
