2026-06-02 12:45:54,787 | INFO | Nifty 100 Daily EMA Cross Reporter | Version 3.3.8 | Released 2026-04-17
2026-06-02 12:45:54,788 | INFO | Base directory: /home/runner/work/nifty100-reporter/nifty100-reporter
2026-06-02 12:45:54,788 | INFO | Loaded config. Email enabled: True | Recipients: 1
2026-06-02 12:45:54,917 | WARNING | NSE session bootstrap HTTP 403 (attempt 1/5) — refreshing NSE session cookie …
2026-06-02 12:46:05,470 | INFO | NSE session bootstrap status: 200
2026-06-02 12:46:05,470 | INFO | Downloading Nifty 100 universe from https://www.niftyindices.com/IndexConstituent/ind_nifty100list.csv
2026-06-02 12:46:06,053 | INFO | Universe download status: 200
2026-06-02 12:46:06,057 | INFO | Universe rows loaded: 104
2026-06-02 12:46:06,140 | INFO | Loaded history rows: 128433
2026-06-02 12:46:06,146 | INFO | yfinance history update: 104 symbols | 2026-05-31 → 2026-06-03
2026-06-02 12:46:06,146 | INFO | yfinance batch download: 104 symbols | 2026-05-31 → 2026-06-03
2026-06-02 12:46:06,147 | INFO | Failed to create TzCache, reason: Error creating TzCache folder: '/home/runner/.cache/py-yfinance' reason: [Errno 17] File exists: '/home/runner/.cache/py-yfinance'. TzCache will not be used. Tip: You can direct cache to use a different location with 'set_tz_cache_location(mylocation)'
2026-06-02 12:46:07,277 | ERROR | HTTP Error 404: {"quoteSummary":{"result":null,"error":{"code":"Not Found","description":"Quote not found for symbol: DUMMYVEDL4.NS"}}}
2026-06-02 12:46:07,436 | ERROR | $DUMMYVEDL4.NS: possibly delisted; no timezone found
2026-06-02 12:46:11,105 | ERROR | HTTP Error 404: {"quoteSummary":{"result":null,"error":{"code":"Not Found","description":"Quote not found for symbol: DUMMYVEDL2.NS"}}}
2026-06-02 12:46:11,289 | ERROR | $DUMMYVEDL2.NS: possibly delisted; no timezone found
2026-06-02 12:46:11,789 | ERROR | $DUMMYVEDL1.NS: possibly delisted; no timezone found
2026-06-02 12:46:14,475 | ERROR | $DUMMYVEDL3.NS: possibly delisted; no timezone found
2026-06-02 12:46:15,957 | ERROR | 
4 Failed downloads:
2026-06-02 12:46:15,957 | ERROR | ['DUMMYVEDL4.NS', 'DUMMYVEDL2.NS', 'DUMMYVEDL1.NS', 'DUMMYVEDL3.NS']: possibly delisted; no timezone found
2026-06-02 12:46:15,969 | INFO | yfinance raw shape: (2, 524)
2026-06-02 12:46:16,190 | INFO | yfinance parsed rows after date-filter: 200
2026-06-02 12:46:16,191 | INFO | New rows from yfinance: 200
2026-06-02 12:46:16,816 | INFO | Saved history rows: 128533 | file: /home/runner/work/nifty100-reporter/nifty100-reporter/data/nifty100_ohlcv_history.csv
2026-06-02 12:46:16,896 | INFO | Loaded history rows: 128533
2026-06-02 12:46:16,896 | INFO | Latest OHLCV data is from 2026-06-02
2026-06-02 12:46:16,914 | INFO | Latest Delivery data is from 2026-06-01
2026-06-02 12:46:16,948 | INFO | Delivery cache has 28 dates — skipping backfill.
2026-06-02 12:46:16,948 | INFO | Delivery fetch attempt [0/7] — URL: https://archives.nseindia.com/products/content/sec_bhavdata_full_02062026.csv
2026-06-02 12:46:18,187 | INFO | Delivery fetch SUCCESS — date: 2026-06-02 | size: 371003 bytes | URL: https://archives.nseindia.com/products/content/sec_bhavdata_full_02062026.csv
2026-06-02 12:46:18,410 | INFO | Delivery cache updated: 2458 symbols for 2026-06-02 (rows in cache: 68939)
2026-06-02 12:46:18,411 | INFO | Delivery data: 2458 symbols | fallback=False
2026-06-02 12:46:18,860 | INFO | Corporate actions bulk OK: 80 raw rows | 20 Nifty100 symbols with events
2026-06-02 12:46:49,299 | INFO | Corporate actions: 20/104 symbols have events (window 02-06-2026 to 02-07-2026) | Symbols: ADANIENT, ADANIPORTS, AMBUJACEM, BAJAJFINSV, BAJAJHLDNG, BAJFINANCE, BANKBARODA, CANBK, CIPLA, HDFCAMC, HDFCBANK, HDFCLIFE, HINDUNILVR, INFY, PNB, RELIANCE, TATASTEEL, TMCV, TRENT, WIPRO
2026-06-02 12:46:49,300 | INFO | Index membership from cache: NIFTY 50 (50 symbols)
2026-06-02 12:46:49,300 | INFO | Index membership from cache: Nifty Next 50 (50 symbols)
2026-06-02 12:46:49,300 | INFO | Index membership ready: 100 symbols mapped
2026-06-02 12:46:49,644 | INFO | News RSS query for ABB: https://news.google.com/rss/search?q=%22ABB+India+Ltd.%22+NSE+when:10d&hl=en-IN&gl=IN&ceid=IN:en
2026-06-02 12:46:49,947 | INFO | News RSS status for ABB: 200
2026-06-02 12:46:50,143 | INFO | News RSS query for ADANIENSOL: https://news.google.com/rss/search?q=%22Adani+Energy+Solutions+Ltd.%22+NSE+when:10d&hl=en-IN&gl=IN&ceid=IN:en
2026-06-02 12:46:50,341 | INFO | News RSS status for ADANIENSOL: 200
2026-06-02 12:46:50,678 | INFO | News RSS query for ADANIENT: https://news.google.com/rss/search?q=%22Adani+Enterprises+Ltd.%22+NSE+when:10d&hl=en-IN&gl=IN&ceid=IN:en
2026-06-02 12:46:50,934 | INFO | News RSS status for ADANIENT: 200
2026-06-02 12:46:51,272 | INFO | News RSS query for ADANIGREEN: https://news.google.com/rss/search?q=%22Adani+Green+Energy+Ltd.%22+NSE+when:10d&hl=en-IN&gl=IN&ceid=IN:en
2026-06-02 12:46:51,531 | INFO | News RSS status for ADANIGREEN: 200
2026-06-02 12:46:51,579 | INFO | News RSS query for ADANIGREEN: https://news.google.com/rss/search?q=%22Adani+Green+Energy+Ltd.%22+NSE+when:10d&hl=en-IN&gl=IN&ceid=IN:en
2026-06-02 12:46:51,593 | INFO | News RSS status for ADANIGREEN: 200
2026-06-02 12:46:51,928 | INFO | News RSS query for ADANIPORTS: https://news.google.com/rss/search?q=%22Adani+Ports+and+Special+Economic+Zone+Ltd.%22+NSE+when:10d&hl=en-IN&gl=IN&ceid=IN:en
2026-06-02 12:46:52,126 | INFO | News RSS status for ADANIPORTS: 200
2026-06-02 12:46:52,128 | INFO | News RSS query for ADANIPORTS: https://news.google.com/rss/search?q=%22Adani+Ports+and+Special+Economic+Zone+Ltd.%22+stock+when:10d&hl=en-IN&gl=IN&ceid=IN:en
2026-06-02 12:46:52,362 | INFO | News RSS status for ADANIPORTS: 200
2026-06-02 12:46:52,696 | INFO | News RSS query for ADANIPOWER: https://news.google.com/rss/search?q=%22Adani+Power+Ltd.%22+NSE+when:10d&hl=en-IN&gl=IN&ceid=IN:en
2026-06-02 12:46:52,930 | INFO | News RSS status for ADANIPOWER: 200
2026-06-02 12:46:52,980 | INFO | News RSS query for ADANIPOWER: https://news.google.com/rss/search?q=%22Adani+Power+Ltd.%22+NSE+when:10d&hl=en-IN&gl=IN&ceid=IN:en
2026-06-02 12:46:52,993 | INFO | News RSS status for ADANIPOWER: 200
2026-06-02 12:46:53,618 | INFO | News RSS query for APOLLOHOSP: https://news.google.com/rss/search?q=%22Apollo+Hospitals+Enterprise+Ltd.%22+NSE+when:10d&hl=en-IN&gl=IN&ceid=IN:en
2026-06-02 12:46:53,879 | INFO | News RSS status for APOLLOHOSP: 200
2026-06-02 12:46:54,215 | INFO | News RSS query for ASIANPAINT: https://news.google.com/rss/search?q=%22Asian+Paints+Ltd.%22+NSE+when:10d&hl=en-IN&gl=IN&ceid=IN:en
2026-06-02 12:46:54,474 | INFO | News RSS status for ASIANPAINT: 200
2026-06-02 12:46:54,476 | INFO | News RSS query for ASIANPAINT: https://news.google.com/rss/search?q=%22Asian+Paints+Ltd.%22+stock+when:10d&hl=en-IN&gl=IN&ceid=IN:en
2026-06-02 12:46:54,740 | INFO | News RSS status for ASIANPAINT: 200
2026-06-02 12:46:55,360 | INFO | News RSS query for BAJAJ-AUTO: https://news.google.com/rss/search?q=%22Bajaj+Auto+Ltd.%22+NSE+when:10d&hl=en-IN&gl=IN&ceid=IN:en
2026-06-02 12:46:55,664 | INFO | News RSS status for BAJAJ-AUTO: 200
2026-06-02 12:46:57,729 | INFO | News RSS query for BOSCHLTD: https://news.google.com/rss/search?q=%22Bosch+Ltd.%22+NSE+when:10d&hl=en-IN&gl=IN&ceid=IN:en
2026-06-02 12:46:57,940 | INFO | News RSS status for BOSCHLTD: 200
2026-06-02 12:46:57,940 | INFO | News RSS query for BOSCHLTD: https://news.google.com/rss/search?q=%22Bosch+Ltd.%22+stock+when:10d&hl=en-IN&gl=IN&ceid=IN:en
2026-06-02 12:46:58,179 | INFO | News RSS status for BOSCHLTD: 200
2026-06-02 12:46:58,258 | INFO | News RSS query for BOSCHLTD: https://news.google.com/rss/search?q=%22Bosch+Ltd.%22+NSE+when:10d&hl=en-IN&gl=IN&ceid=IN:en
2026-06-02 12:46:58,271 | INFO | News RSS status for BOSCHLTD: 200
2026-06-02 12:46:58,272 | INFO | News RSS query for BOSCHLTD: https://news.google.com/rss/search?q=%22Bosch+Ltd.%22+stock+when:10d&hl=en-IN&gl=IN&ceid=IN:en
2026-06-02 12:46:58,285 | INFO | News RSS status for BOSCHLTD: 200
2026-06-02 12:46:58,333 | INFO | News RSS query for BOSCHLTD: https://news.google.com/rss/search?q=%22Bosch+Ltd.%22+NSE+when:10d&hl=en-IN&gl=IN&ceid=IN:en
2026-06-02 12:46:58,346 | INFO | News RSS status for BOSCHLTD: 200
2026-06-02 12:46:58,346 | INFO | News RSS query for BOSCHLTD: https://news.google.com/rss/search?q=%22Bosch+Ltd.%22+stock+when:10d&hl=en-IN&gl=IN&ceid=IN:en
2026-06-02 12:46:58,359 | INFO | News RSS status for BOSCHLTD: 200
2026-06-02 12:46:59,567 | INFO | News RSS query for CGPOWER: https://news.google.com/rss/search?q=%22CG+Power+and+Industrial+Solutions+Ltd.%22+NSE+when:10d&hl=en-IN&gl=IN&ceid=IN:en
2026-06-02 12:46:59,800 | INFO | News RSS status for CGPOWER: 200
2026-06-02 12:46:59,802 | INFO | News RSS query for CGPOWER: https://news.google.com/rss/search?q=%22CG+Power+and+Industrial+Solutions+Ltd.%22+stock+when:10d&hl=en-IN&gl=IN&ceid=IN:en
2026-06-02 12:47:00,043 | INFO | News RSS status for CGPOWER: 200
2026-06-02 12:47:00,045 | INFO | News RSS query for CGPOWER: https://news.google.com/rss/search?q=CGPOWER+NSE+when:10d&hl=en-IN&gl=IN&ceid=IN:en
2026-06-02 12:47:00,292 | INFO | News RSS status for CGPOWER: 200
2026-06-02 12:47:01,206 | INFO | News RSS query for COALINDIA: https://news.google.com/rss/search?q=%22Coal+India+Ltd.%22+NSE+when:10d&hl=en-IN&gl=IN&ceid=IN:en
2026-06-02 12:47:02,336 | INFO | News RSS status for COALINDIA: 200
2026-06-02 12:47:02,336 | INFO | News RSS query for COALINDIA: https://news.google.com/rss/search?q=%22Coal+India+Ltd.%22+stock+when:10d&hl=en-IN&gl=IN&ceid=IN:en
2026-06-02 12:47:02,669 | INFO | News RSS status for COALINDIA: 200
2026-06-02 12:47:03,006 | INFO | News RSS query for CUMMINSIND: https://news.google.com/rss/search?q=%22Cummins+India+Ltd.%22+NSE+when:10d&hl=en-IN&gl=IN&ceid=IN:en
2026-06-02 12:47:03,278 | INFO | News RSS status for CUMMINSIND: 200
2026-06-02 12:47:03,617 | INFO | News RSS query for DIVISLAB: https://news.google.com/rss/search?q=%22Divi%27s+Laboratories+Ltd.%22+NSE+when:10d&hl=en-IN&gl=IN&ceid=IN:en
2026-06-02 12:47:03,830 | INFO | News RSS status for DIVISLAB: 200
2026-06-02 12:47:03,831 | INFO | News RSS query for DIVISLAB: https://news.google.com/rss/search?q=%22Divi%27s+Laboratories+Ltd.%22+stock+when:10d&hl=en-IN&gl=IN&ceid=IN:en
2026-06-02 12:47:04,064 | INFO | News RSS status for DIVISLAB: 200
2026-06-02 12:47:04,066 | INFO | News RSS query for DIVISLAB: https://news.google.com/rss/search?q=DIVISLAB+NSE+when:10d&hl=en-IN&gl=IN&ceid=IN:en
2026-06-02 12:47:04,304 | INFO | News RSS status for DIVISLAB: 200
2026-06-02 12:47:04,305 | INFO | News RSS query for DIVISLAB: https://news.google.com/rss/search?q=site%3Aeconomictimes.indiatimes.com+%22Divi%27s+Laboratories+Ltd.%22+when:10d&hl=en-IN&gl=IN&ceid=IN:en
2026-06-02 12:47:04,525 | INFO | News RSS status for DIVISLAB: 200
2026-06-02 12:47:05,437 | INFO | News RSS query for DRREDDY: https://news.google.com/rss/search?q=%22Dr.+Reddy%27s+Laboratories+Ltd.%22+NSE+when:10d&hl=en-IN&gl=IN&ceid=IN:en
2026-06-02 12:47:05,672 | INFO | News RSS status for DRREDDY: 200
2026-06-02 12:47:06,064 | INFO | News RSS query for ENRIN: https://news.google.com/rss/search?q=%22Siemens+Energy+India+Ltd.%22+NSE+when:10d&hl=en-IN&gl=IN&ceid=IN:en
2026-06-02 12:47:06,264 | INFO | News RSS status for ENRIN: 200
2026-06-02 12:47:06,265 | INFO | News RSS query for ENRIN: https://news.google.com/rss/search?q=%22Siemens+Energy+India+Ltd.%22+stock+when:10d&hl=en-IN&gl=IN&ceid=IN:en
2026-06-02 12:47:06,506 | INFO | News RSS status for ENRIN: 200
2026-06-02 12:47:06,507 | INFO | News RSS query for ENRIN: https://news.google.com/rss/search?q=ENRIN+NSE+when:10d&hl=en-IN&gl=IN&ceid=IN:en
2026-06-02 12:47:06,669 | INFO | News RSS status for ENRIN: 200
2026-06-02 12:47:06,669 | INFO | News RSS query for ENRIN: https://news.google.com/rss/search?q=site%3Aeconomictimes.indiatimes.com+%22Siemens+Energy+India+Ltd.%22+when:10d&hl=en-IN&gl=IN&ceid=IN:en
2026-06-02 12:47:06,858 | INFO | News RSS status for ENRIN: 200
2026-06-02 12:47:06,861 | INFO | News RSS query for ENRIN: https://news.google.com/rss/search?q=site%3Amoneycontrol.com+%22Siemens+Energy+India+Ltd.%22+when:10d&hl=en-IN&gl=IN&ceid=IN:en
2026-06-02 12:47:07,093 | INFO | News RSS status for ENRIN: 200
2026-06-02 12:47:07,094 | INFO | News RSS query for ENRIN: https://news.google.com/rss/search?q=site%3Abusinessstandard.com+%22Siemens+Energy+India+Ltd.%22+when:10d&hl=en-IN&gl=IN&ceid=IN:en
2026-06-02 12:47:07,310 | INFO | News RSS status for ENRIN: 200
2026-06-02 12:47:08,470 | INFO | News RSS query for GRASIM: https://news.google.com/rss/search?q=%22Grasim+Industries+Ltd.%22+NSE+when:10d&hl=en-IN&gl=IN&ceid=IN:en
2026-06-02 12:47:08,713 | INFO | News RSS status for GRASIM: 200
2026-06-02 12:47:08,715 | INFO | News RSS query for GRASIM: https://news.google.com/rss/search?q=%22Grasim+Industries+Ltd.%22+stock+when:10d&hl=en-IN&gl=IN&ceid=IN:en
2026-06-02 12:47:08,971 | INFO | News RSS status for GRASIM: 200
2026-06-02 12:47:10,756 | INFO | News RSS query for HINDALCO: https://news.google.com/rss/search?q=%22Hindalco+Industries+Ltd.%22+NSE+when:10d&hl=en-IN&gl=IN&ceid=IN:en
2026-06-02 12:47:11,048 | INFO | News RSS status for HINDALCO: 200
2026-06-02 12:47:11,672 | INFO | News RSS query for HINDZINC: https://news.google.com/rss/search?q=%22Hindustan+Zinc+Ltd.%22+NSE+when:10d&hl=en-IN&gl=IN&ceid=IN:en
2026-06-02 12:47:11,867 | INFO | News RSS status for HINDZINC: 200
2026-06-02 12:47:13,170 | INFO | News RSS query for INFY: https://news.google.com/rss/search?q=%22Infosys+Ltd.%22+NSE+when:10d&hl=en-IN&gl=IN&ceid=IN:en
2026-06-02 12:47:13,431 | INFO | News RSS status for INFY: 200
2026-06-02 12:47:15,056 | INFO | News RSS query for JSWSTEEL: https://news.google.com/rss/search?q=%22JSW+Steel+Ltd.%22+NSE+when:10d&hl=en-IN&gl=IN&ceid=IN:en
2026-06-02 12:47:15,323 | INFO | News RSS status for JSWSTEEL: 200
2026-06-02 12:47:15,325 | INFO | News RSS query for JSWSTEEL: https://news.google.com/rss/search?q=%22JSW+Steel+Ltd.%22+stock+when:10d&hl=en-IN&gl=IN&ceid=IN:en
2026-06-02 12:47:15,567 | INFO | News RSS status for JSWSTEEL: 200
2026-06-02 12:47:16,453 | INFO | News RSS query for LT: https://news.google.com/rss/search?q=%22Larsen+%26+Toubro+Ltd.%22+NSE+when:10d&hl=en-IN&gl=IN&ceid=IN:en
2026-06-02 12:47:16,678 | INFO | News RSS status for LT: 200
2026-06-02 12:47:16,682 | WARNING | Skipping LTM — only 69 bars available (need 220). Extend history_backfill_days in config.json to include this symbol.
2026-06-02 12:47:18,176 | INFO | News RSS query for MOTHERSON: https://news.google.com/rss/search?q=%22Samvardhana+Motherson+International+Ltd.%22+NSE+when:10d&hl=en-IN&gl=IN&ceid=IN:en
2026-06-02 12:47:18,452 | INFO | News RSS status for MOTHERSON: 200
2026-06-02 12:47:18,453 | INFO | News RSS query for MOTHERSON: https://news.google.com/rss/search?q=%22Samvardhana+Motherson+International+Ltd.%22+stock+when:10d&hl=en-IN&gl=IN&ceid=IN:en
2026-06-02 12:47:18,679 | INFO | News RSS status for MOTHERSON: 200
2026-06-02 12:47:23,071 | INFO | News RSS query for SIEMENS: https://news.google.com/rss/search?q=%22Siemens+Ltd.%22+NSE+when:10d&hl=en-IN&gl=IN&ceid=IN:en
2026-06-02 12:47:23,308 | INFO | News RSS status for SIEMENS: 200
2026-06-02 12:47:23,647 | INFO | News RSS query for SOLARINDS: https://news.google.com/rss/search?q=%22Solar+Industries+India+Ltd.%22+NSE+when:10d&hl=en-IN&gl=IN&ceid=IN:en
2026-06-02 12:47:23,870 | INFO | News RSS status for SOLARINDS: 200
2026-06-02 12:47:24,209 | INFO | News RSS query for SUNPHARMA: https://news.google.com/rss/search?q=%22Sun+Pharmaceutical+Industries+Ltd.%22+NSE+when:10d&hl=en-IN&gl=IN&ceid=IN:en
2026-06-02 12:47:24,457 | INFO | News RSS status for SUNPHARMA: 200
2026-06-02 12:47:24,462 | WARNING | Skipping TATACAP — only 157 bars available (need 220). Extend history_backfill_days in config.json to include this symbol.
2026-06-02 12:47:25,378 | INFO | News RSS query for TATASTEEL: https://news.google.com/rss/search?q=%22Tata+Steel+Ltd.%22+NSE+when:10d&hl=en-IN&gl=IN&ceid=IN:en
2026-06-02 12:47:25,648 | INFO | News RSS status for TATASTEEL: 200
2026-06-02 12:47:26,512 | WARNING | Skipping TMCV — only 137 bars available (need 220). Extend history_backfill_days in config.json to include this symbol.
2026-06-02 12:47:26,513 | WARNING | Skipping TMPV — only 154 bars available (need 220). Extend history_backfill_days in config.json to include this symbol.
2026-06-02 12:47:26,850 | INFO | News RSS query for TORNTPHARM: https://news.google.com/rss/search?q=%22Torrent+Pharmaceuticals+Ltd.%22+NSE+when:10d&hl=en-IN&gl=IN&ceid=IN:en
2026-06-02 12:47:27,089 | INFO | News RSS status for TORNTPHARM: 200
2026-06-02 12:47:28,697 | INFO | News RSS query for VBL: https://news.google.com/rss/search?q=%22Varun+Beverages+Ltd.%22+NSE+when:10d&hl=en-IN&gl=IN&ceid=IN:en
2026-06-02 12:47:28,937 | INFO | News RSS status for VBL: 200
2026-06-02 12:47:29,854 | INFO | News RSS query for ZYDUSLIFE: https://news.google.com/rss/search?q=%22Zydus+Lifesciences+Ltd.%22+NSE+when:10d&hl=en-IN&gl=IN&ceid=IN:en
2026-06-02 12:47:30,090 | INFO | News RSS status for ZYDUSLIFE: 200
2026-06-02 12:47:30,100 | INFO | Index membership from cache: NIFTY 50 (50 symbols)
2026-06-02 12:47:30,100 | INFO | Index membership from cache: Nifty Next 50 (50 symbols)
2026-06-02 12:47:30,100 | INFO | Index membership ready: 100 symbols mapped
2026-06-02 12:47:30,100 | INFO | Market Health: fetching index OHLCV...
2026-06-02 12:47:50,864 | WARNING | niftyindices failed NIFTY 50 2026-05-30-2026-06-02: HTTPSConnectionPool(host='www.niftyindices.com', port=443): Read timed out. (read timeout=20)
2026-06-02 12:47:51,166 | INFO | Index OHLCV via yfinance (^NSEI) for NIFTY 50: 1392 rows
2026-06-02 12:48:22,513 | WARNING | niftyindices failed NIFTY NEXT 50 2026-05-30-2026-06-02: HTTPSConnectionPool(host='www.niftyindices.com', port=443): Read timed out. (read timeout=20)
2026-06-02 12:48:22,827 | INFO | Index OHLCV via yfinance (JUNIORBEES.NS) for NIFTY NEXT 50: 1392 rows
2026-06-02 12:48:22,827 | INFO | Market Health: fetching VIX...
2026-06-02 12:48:24,560 | INFO | VIX via niftyindices: 90 rows (+2)
2026-06-02 12:48:24,561 | INFO | Market Health: updating breadth EMA cache...
2026-06-02 12:48:25,945 | INFO | Breadth EMA cache: 128464 total rows (+100)
2026-06-02 12:48:25,962 | INFO | Market Health [NIFTY 50]: Score=-43.0 | Weak Bear &#x1F534;
2026-06-02 12:48:25,975 | INFO | Market Health [Nifty Next 50]: Score=-37.0 | Weak Bear &#x1F534;
2026-06-02 12:48:26,018 | INFO | Signal log: appended 6 new signals. Total rows: 173
2026-06-02 12:48:26,018 | INFO | Signal log written/updated: /home/runner/work/nifty100-reporter/nifty100-reporter/data/nifty100_signal_log.csv
2026-06-02 12:48:26,314 | INFO | Signal tracker: updated 53 Active signal rows.
2026-06-02 12:48:26,325 | INFO | HTML report written: /home/runner/work/nifty100-reporter/nifty100-reporter/reports/nifty100_daily_report_20260602.html
2026-06-02 12:48:26,331 | INFO | Market Health Excel sheet written.
2026-06-02 12:48:26,614 | INFO | Excel report written: /home/runner/work/nifty100-reporter/nifty100-reporter/reports/nifty100_daily_report_20260602.xlsx
2026-06-02 12:48:26,614 | INFO | GitHub Actions detected — skipping Gmail API send (workflow handles email).
2026-06-02 12:48:26,614 | INFO | Run completed successfully.
2026-06-02 12:48:26,614 | INFO | Artifacts: /home/runner/work/nifty100-reporter/nifty100-reporter/reports/nifty100_daily_report_20260602.html | /home/runner/work/nifty100-reporter/nifty100-reporter/reports/nifty100_daily_report_20260602.xlsx | log: /home/runner/work/nifty100-reporter/nifty100-reporter/logs/run_20260602_181554.log
