2026-08-22 12:45:47,782 | INFO | Nifty 100 Daily EMA Cross Reporter | Version 3.3.8 | Released 2026-04-17
2026-08-22 12:45:47,782 | INFO | Base directory: /home/runner/work/nifty100-reporter/nifty100-reporter
2026-08-22 12:45:47,782 | INFO | Loaded config. Email enabled: True | Recipients: 1
2026-08-22 12:45:47,937 | WARNING | NSE session bootstrap HTTP 403 (attempt 1/5) — refreshing NSE session cookie …
2026-08-22 12:45:58,875 | INFO | NSE session bootstrap status: 200
2026-08-22 12:45:58,876 | INFO | Downloading Nifty 100 universe from https://www.niftyindices.com/IndexConstituent/ind_nifty100list.csv
2026-08-22 12:46:13,291 | INFO | Universe download status: 200
2026-08-22 12:46:13,295 | INFO | Universe rows loaded: 100
2026-08-22 12:46:13,409 | INFO | Loaded history rows: 134253
2026-08-22 12:46:13,416 | INFO | yfinance history update: 100 symbols | 2026-08-20 → 2026-08-23
2026-08-22 12:46:13,417 | INFO | yfinance batch download: 100 symbols | 2026-08-20 → 2026-08-23
2026-08-22 12:46:13,419 | INFO | Failed to create TzCache, reason: Error creating TzCache folder: '/home/runner/.cache/py-yfinance' reason: [Errno 17] File exists: '/home/runner/.cache/py-yfinance'. TzCache will not be used. Tip: You can direct cache to use a different location with 'set_tz_cache_location(mylocation)'
2026-08-22 12:46:17,846 | INFO | yfinance raw shape: (2, 500)
2026-08-22 12:46:18,124 | INFO | yfinance parsed rows after date-filter: 180
2026-08-22 12:46:18,125 | INFO | New rows from yfinance: 180
2026-08-22 12:46:18,971 | INFO | Saved history rows: 134254 | file: /home/runner/work/nifty100-reporter/nifty100-reporter/data/nifty100_ohlcv_history.csv
2026-08-22 12:46:19,080 | INFO | Loaded history rows: 134254
2026-08-22 12:46:19,081 | INFO | Latest OHLCV data is from 2026-08-21
2026-08-22 12:46:19,111 | INFO | Latest Delivery data is from 2026-08-21
2026-08-22 12:46:19,159 | INFO | Delivery cache has 34 dates — skipping backfill.
2026-08-22 12:46:19,159 | INFO | Delivery fetch attempt [1/7] — URL: https://archives.nseindia.com/products/content/sec_bhavdata_full_21082026.csv
2026-08-22 12:46:21,889 | INFO | Delivery fetch SUCCESS — date: 2026-08-21 | size: 394318 bytes | URL: https://archives.nseindia.com/products/content/sec_bhavdata_full_21082026.csv
2026-08-22 12:46:22,276 | INFO | Delivery cache updated: 2633 symbols for 2026-08-21 (rows in cache: 82882)
2026-08-22 12:46:22,277 | INFO | Delivery data: 2633 symbols | fallback=False
2026-08-22 12:46:22,661 | INFO | Corporate actions bulk OK: 49 raw rows | 2 Nifty100 symbols with events
2026-08-22 12:47:01,168 | INFO | Corporate actions: 2/100 symbols have events (window 22-08-2026 to 21-09-2026) | Symbols: COALINDIA, PFC
2026-08-22 12:47:01,168 | INFO | Index membership from cache: NIFTY 50 (50 symbols)
2026-08-22 12:47:01,168 | INFO | Index membership from cache: Nifty Next 50 (50 symbols)
2026-08-22 12:47:01,168 | INFO | Index membership ready: 100 symbols mapped
2026-08-22 12:47:01,645 | INFO | News RSS query for ABB: https://news.google.com/rss/search?q=%22ABB+India+Ltd.%22+NSE+when:10d&hl=en-IN&gl=IN&ceid=IN:en
2026-08-22 12:47:01,900 | INFO | News RSS status for ABB: 200
2026-08-22 12:47:01,904 | INFO | News RSS query for ABB: https://news.google.com/rss/search?q=%22ABB+India+Ltd.%22+stock+when:10d&hl=en-IN&gl=IN&ceid=IN:en
2026-08-22 12:47:02,125 | INFO | News RSS status for ABB: 200
2026-08-22 12:47:05,902 | INFO | News RSS query for BAJAJ-AUTO: https://news.google.com/rss/search?q=%22Bajaj+Auto+Ltd.%22+NSE+when:10d&hl=en-IN&gl=IN&ceid=IN:en
2026-08-22 12:47:06,107 | INFO | News RSS status for BAJAJ-AUTO: 200
2026-08-22 12:47:06,566 | INFO | News RSS query for BAJAJFINSV: https://news.google.com/rss/search?q=%22Bajaj+Finserv+Ltd.%22+NSE+when:10d&hl=en-IN&gl=IN&ceid=IN:en
2026-08-22 12:47:06,778 | INFO | News RSS status for BAJAJFINSV: 200
2026-08-22 12:47:06,851 | INFO | News RSS query for BAJAJFINSV: https://news.google.com/rss/search?q=%22Bajaj+Finserv+Ltd.%22+NSE+when:10d&hl=en-IN&gl=IN&ceid=IN:en
2026-08-22 12:47:06,857 | INFO | News RSS status for BAJAJFINSV: 200
2026-08-22 12:47:07,323 | INFO | News RSS query for BAJAJHLDNG: https://news.google.com/rss/search?q=%22Bajaj+Holdings+%26+Investment+Ltd.%22+NSE+when:10d&hl=en-IN&gl=IN&ceid=IN:en
2026-08-22 12:47:07,507 | INFO | News RSS status for BAJAJHLDNG: 200
2026-08-22 12:47:07,970 | INFO | News RSS query for BAJFINANCE: https://news.google.com/rss/search?q=%22Bajaj+Finance+Ltd.%22+NSE+when:10d&hl=en-IN&gl=IN&ceid=IN:en
2026-08-22 12:47:08,167 | INFO | News RSS status for BAJFINANCE: 200
2026-08-22 12:47:08,170 | INFO | News RSS query for BAJFINANCE: https://news.google.com/rss/search?q=%22Bajaj+Finance+Ltd.%22+stock+when:10d&hl=en-IN&gl=IN&ceid=IN:en
2026-08-22 12:47:08,442 | INFO | News RSS status for BAJFINANCE: 200
2026-08-22 12:47:08,511 | INFO | News RSS query for BAJFINANCE: https://news.google.com/rss/search?q=%22Bajaj+Finance+Ltd.%22+NSE+when:10d&hl=en-IN&gl=IN&ceid=IN:en
2026-08-22 12:47:08,517 | INFO | News RSS status for BAJFINANCE: 200
2026-08-22 12:47:08,520 | INFO | News RSS query for BAJFINANCE: https://news.google.com/rss/search?q=%22Bajaj+Finance+Ltd.%22+stock+when:10d&hl=en-IN&gl=IN&ceid=IN:en
2026-08-22 12:47:08,525 | INFO | News RSS status for BAJFINANCE: 200
2026-08-22 12:47:09,767 | INFO | News RSS query for BHARTIARTL: https://news.google.com/rss/search?q=%22Bharti+Airtel+Ltd.%22+NSE+when:10d&hl=en-IN&gl=IN&ceid=IN:en
2026-08-22 12:47:10,007 | INFO | News RSS status for BHARTIARTL: 200
2026-08-22 12:47:10,511 | INFO | News RSS query for BOSCHLTD: https://news.google.com/rss/search?q=%22Bosch+Ltd.%22+NSE+when:10d&hl=en-IN&gl=IN&ceid=IN:en
2026-08-22 12:47:10,693 | INFO | News RSS status for BOSCHLTD: 200
2026-08-22 12:47:12,721 | INFO | News RSS query for CHOLAFIN: https://news.google.com/rss/search?q=%22Cholamandalam+Investment+and+Finance+Company+Ltd.%22+NSE+when:10d&hl=en-IN&gl=IN&ceid=IN:en
2026-08-22 12:47:12,912 | INFO | News RSS status for CHOLAFIN: 200
2026-08-22 12:47:12,983 | INFO | News RSS query for CHOLAFIN: https://news.google.com/rss/search?q=%22Cholamandalam+Investment+and+Finance+Company+Ltd.%22+NSE+when:10d&hl=en-IN&gl=IN&ceid=IN:en
2026-08-22 12:47:12,990 | INFO | News RSS status for CHOLAFIN: 200
2026-08-22 12:47:14,616 | INFO | News RSS query for DIVISLAB: https://news.google.com/rss/search?q=%22Divi%27s+Laboratories+Ltd.%22+NSE+when:10d&hl=en-IN&gl=IN&ceid=IN:en
2026-08-22 12:47:14,834 | INFO | News RSS status for DIVISLAB: 200
2026-08-22 12:47:14,836 | INFO | News RSS query for DIVISLAB: https://news.google.com/rss/search?q=%22Divi%27s+Laboratories+Ltd.%22+stock+when:10d&hl=en-IN&gl=IN&ceid=IN:en
2026-08-22 12:47:15,057 | INFO | News RSS status for DIVISLAB: 200
2026-08-22 12:47:16,697 | INFO | News RSS query for EICHERMOT: https://news.google.com/rss/search?q=%22Eicher+Motors+Ltd.%22+NSE+when:10d&hl=en-IN&gl=IN&ceid=IN:en
2026-08-22 12:47:16,907 | INFO | News RSS status for EICHERMOT: 200
2026-08-22 12:47:16,910 | INFO | News RSS query for EICHERMOT: https://news.google.com/rss/search?q=%22Eicher+Motors+Ltd.%22+stock+when:10d&hl=en-IN&gl=IN&ceid=IN:en
2026-08-22 12:47:17,107 | INFO | News RSS status for EICHERMOT: 200
2026-08-22 12:47:17,264 | INFO | News RSS query for ENRIN: https://news.google.com/rss/search?q=%22Siemens+Energy+India+Ltd.%22+NSE+when:10d&hl=en-IN&gl=IN&ceid=IN:en
2026-08-22 12:47:17,440 | INFO | News RSS status for ENRIN: 200
2026-08-22 12:47:17,852 | INFO | News RSS query for ETERNAL: https://news.google.com/rss/search?q=%22Eternal+Ltd.%22+NSE+when:10d&hl=en-IN&gl=IN&ceid=IN:en
2026-08-22 12:47:18,056 | INFO | News RSS status for ETERNAL: 200
2026-08-22 12:47:19,310 | INFO | News RSS query for GRASIM: https://news.google.com/rss/search?q=%22Grasim+Industries+Ltd.%22+NSE+when:10d&hl=en-IN&gl=IN&ceid=IN:en
2026-08-22 12:47:19,503 | INFO | News RSS status for GRASIM: 200
2026-08-22 12:47:19,962 | INFO | News RSS query for HAL: https://news.google.com/rss/search?q=%22Hindustan+Aeronautics+Ltd.%22+NSE+when:10d&hl=en-IN&gl=IN&ceid=IN:en
2026-08-22 12:47:20,150 | INFO | News RSS status for HAL: 200
2026-08-22 12:47:22,210 | INFO | News RSS query for HINDALCO: https://news.google.com/rss/search?q=%22Hindalco+Industries+Ltd.%22+NSE+when:10d&hl=en-IN&gl=IN&ceid=IN:en
2026-08-22 12:47:22,397 | INFO | News RSS status for HINDALCO: 200
2026-08-22 12:47:23,262 | INFO | News RSS query for HINDZINC: https://news.google.com/rss/search?q=%22Hindustan+Zinc+Ltd.%22+NSE+when:10d&hl=en-IN&gl=IN&ceid=IN:en
2026-08-22 12:47:23,509 | INFO | News RSS status for HINDZINC: 200
2026-08-22 12:47:23,713 | INFO | News RSS query for HYUNDAI: https://news.google.com/rss/search?q=%22Hyundai+Motor+India+Ltd.%22+NSE+when:10d&hl=en-IN&gl=IN&ceid=IN:en
2026-08-22 12:47:23,925 | INFO | News RSS status for HYUNDAI: 200
2026-08-22 12:47:27,720 | INFO | News RSS query for JSWSTEEL: https://news.google.com/rss/search?q=%22JSW+Steel+Ltd.%22+NSE+when:10d&hl=en-IN&gl=IN&ceid=IN:en
2026-08-22 12:47:27,941 | INFO | News RSS status for JSWSTEEL: 200
2026-08-22 12:47:27,944 | INFO | News RSS query for JSWSTEEL: https://news.google.com/rss/search?q=%22JSW+Steel+Ltd.%22+stock+when:10d&hl=en-IN&gl=IN&ceid=IN:en
2026-08-22 12:47:28,136 | INFO | News RSS status for JSWSTEEL: 200
2026-08-22 12:47:28,952 | INFO | News RSS query for LODHA: https://news.google.com/rss/search?q=%22Lodha+Developers+Ltd.%22+NSE+when:10d&hl=en-IN&gl=IN&ceid=IN:en
2026-08-22 12:47:29,119 | INFO | News RSS status for LODHA: 200
2026-08-22 12:47:29,119 | INFO | News RSS query for LODHA: https://news.google.com/rss/search?q=%22Lodha+Developers+Ltd.%22+stock+when:10d&hl=en-IN&gl=IN&ceid=IN:en
2026-08-22 12:47:29,344 | INFO | News RSS status for LODHA: 200
2026-08-22 12:47:29,802 | INFO | News RSS query for LT: https://news.google.com/rss/search?q=%22Larsen+%26+Toubro+Ltd.%22+NSE+when:10d&hl=en-IN&gl=IN&ceid=IN:en
2026-08-22 12:47:30,008 | INFO | News RSS status for LT: 200
2026-08-22 12:47:30,014 | WARNING | Skipping LTM — only 126 bars available (need 220). Extend history_backfill_days in config.json to include this symbol.
2026-08-22 12:47:30,468 | INFO | News RSS query for M&M: https://news.google.com/rss/search?q=%22Mahindra+%26+Mahindra+Ltd.%22+NSE+when:10d&hl=en-IN&gl=IN&ceid=IN:en
2026-08-22 12:47:30,654 | INFO | News RSS status for M&M: 200
2026-08-22 12:47:32,293 | INFO | News RSS query for MOTHERSON: https://news.google.com/rss/search?q=%22Samvardhana+Motherson+International+Ltd.%22+NSE+when:10d&hl=en-IN&gl=IN&ceid=IN:en
2026-08-22 12:47:32,557 | INFO | News RSS status for MOTHERSON: 200
2026-08-22 12:47:35,006 | INFO | News RSS query for PIDILITIND: https://news.google.com/rss/search?q=%22Pidilite+Industries+Ltd.%22+NSE+when:10d&hl=en-IN&gl=IN&ceid=IN:en
2026-08-22 12:47:35,309 | INFO | News RSS status for PIDILITIND: 200
2026-08-22 12:47:35,311 | INFO | News RSS query for PIDILITIND: https://news.google.com/rss/search?q=%22Pidilite+Industries+Ltd.%22+stock+when:10d&hl=en-IN&gl=IN&ceid=IN:en
2026-08-22 12:47:35,506 | INFO | News RSS status for PIDILITIND: 200
2026-08-22 12:47:35,958 | INFO | News RSS query for PNB: https://news.google.com/rss/search?q=%22Punjab+National+Bank%22+NSE+when:10d&hl=en-IN&gl=IN&ceid=IN:en
2026-08-22 12:47:36,213 | INFO | News RSS status for PNB: 200
2026-08-22 12:47:38,239 | INFO | News RSS query for SBIN: https://news.google.com/rss/search?q=%22State+Bank+of+India%22+NSE+when:10d&hl=en-IN&gl=IN&ceid=IN:en
2026-08-22 12:47:38,503 | INFO | News RSS status for SBIN: 200
2026-08-22 12:47:39,351 | INFO | News RSS query for SHRIRAMFIN: https://news.google.com/rss/search?q=%22Shriram+Finance+Ltd.%22+NSE+when:10d&hl=en-IN&gl=IN&ceid=IN:en
2026-08-22 12:47:39,534 | INFO | News RSS status for SHRIRAMFIN: 200
2026-08-22 12:47:39,991 | INFO | News RSS query for SIEMENS: https://news.google.com/rss/search?q=%22Siemens+Ltd.%22+NSE+when:10d&hl=en-IN&gl=IN&ceid=IN:en
2026-08-22 12:47:40,187 | INFO | News RSS status for SIEMENS: 200
2026-08-22 12:47:40,663 | INFO | News RSS query for SOLARINDS: https://news.google.com/rss/search?q=%22Solar+Industries+India+Ltd.%22+NSE+when:10d&hl=en-IN&gl=IN&ceid=IN:en
2026-08-22 12:47:40,889 | INFO | News RSS status for SOLARINDS: 200
2026-08-22 12:47:41,289 | WARNING | Skipping TATACAP — only 214 bars available (need 220). Extend history_backfill_days in config.json to include this symbol.
2026-08-22 12:47:43,317 | INFO | News RSS query for TECHM: https://news.google.com/rss/search?q=%22Tech+Mahindra+Ltd.%22+NSE+when:10d&hl=en-IN&gl=IN&ceid=IN:en
2026-08-22 12:47:43,547 | INFO | News RSS status for TECHM: 200
2026-08-22 12:47:44,007 | INFO | News RSS query for TITAN: https://news.google.com/rss/search?q=%22Titan+Company+Ltd.%22+NSE+when:10d&hl=en-IN&gl=IN&ceid=IN:en
2026-08-22 12:47:44,201 | INFO | News RSS status for TITAN: 200
2026-08-22 12:47:44,207 | WARNING | Skipping TMCV — only 194 bars available (need 220). Extend history_backfill_days in config.json to include this symbol.
2026-08-22 12:47:44,207 | WARNING | Skipping TMPV — only 211 bars available (need 220). Extend history_backfill_days in config.json to include this symbol.
2026-08-22 12:47:44,669 | INFO | News RSS query for TORNTPHARM: https://news.google.com/rss/search?q=%22Torrent+Pharmaceuticals+Ltd.%22+NSE+when:10d&hl=en-IN&gl=IN&ceid=IN:en
2026-08-22 12:47:44,904 | INFO | News RSS status for TORNTPHARM: 200
2026-08-22 12:47:45,759 | INFO | News RSS query for TVSMOTOR: https://news.google.com/rss/search?q=%22TVS+Motor+Company+Ltd.%22+NSE+when:10d&hl=en-IN&gl=IN&ceid=IN:en
2026-08-22 12:47:45,955 | INFO | News RSS status for TVSMOTOR: 200
2026-08-22 12:47:46,039 | INFO | News RSS query for TVSMOTOR: https://news.google.com/rss/search?q=%22TVS+Motor+Company+Ltd.%22+NSE+when:10d&hl=en-IN&gl=IN&ceid=IN:en
2026-08-22 12:47:46,044 | INFO | News RSS status for TVSMOTOR: 200
2026-08-22 12:47:46,895 | INFO | News RSS query for UNIONBANK: https://news.google.com/rss/search?q=%22Union+Bank+of+India%22+NSE+when:10d&hl=en-IN&gl=IN&ceid=IN:en
2026-08-22 12:47:47,139 | INFO | News RSS status for UNIONBANK: 200
2026-08-22 12:47:47,382 | INFO | News RSS query for UNITDSPR: https://news.google.com/rss/search?q=%22United+Spirits+Ltd.%22+NSE+when:10d&hl=en-IN&gl=IN&ceid=IN:en
2026-08-22 12:47:47,614 | INFO | News RSS status for UNITDSPR: 200
2026-08-22 12:47:47,619 | WARNING | Skipping VAML — only 6 bars available (need 220). Extend history_backfill_days in config.json to include this symbol.
2026-08-22 12:47:48,400 | WARNING | Skipping VEDPOWER — only 4 bars available (need 220). Extend history_backfill_days in config.json to include this symbol.
2026-08-22 12:47:48,401 | WARNING | Skipping VISL — only 4 bars available (need 220). Extend history_backfill_days in config.json to include this symbol.
2026-08-22 12:47:48,401 | WARNING | Skipping VOGL — only 7 bars available (need 220). Extend history_backfill_days in config.json to include this symbol.
2026-08-22 12:47:49,248 | INFO | News RSS query for ZYDUSLIFE: https://news.google.com/rss/search?q=%22Zydus+Lifesciences+Ltd.%22+NSE+when:10d&hl=en-IN&gl=IN&ceid=IN:en
2026-08-22 12:47:49,439 | INFO | News RSS status for ZYDUSLIFE: 200
2026-08-22 12:47:49,449 | INFO | Index membership from cache: NIFTY 50 (50 symbols)
2026-08-22 12:47:49,449 | INFO | Index membership from cache: Nifty Next 50 (50 symbols)
2026-08-22 12:47:49,449 | INFO | Index membership ready: 100 symbols mapped
2026-08-22 12:47:49,449 | INFO | Market Health: fetching index OHLCV...
2026-08-22 12:48:10,006 | WARNING | niftyindices failed NIFTY 50 2026-08-19-2026-08-22: Expecting value: line 1 column 2 (char 1)
2026-08-22 12:48:10,156 | INFO | Index OHLCV via yfinance (^NSEI) for NIFTY 50: 1447 rows
2026-08-22 12:48:10,161 | INFO | Index OHLCV cache fresh for NIFTY NEXT 50 (1447 rows)
2026-08-22 12:48:10,161 | INFO | Market Health: fetching VIX...
2026-08-22 12:48:12,208 | WARNING | niftyindices VIX failed 2026-08-19-2026-08-22: Expecting value: line 1 column 2 (char 1)
2026-08-22 12:48:12,347 | INFO | VIX via yfinance (^INDIAVIX): 145 rows
2026-08-22 12:48:12,348 | INFO | Market Health: updating breadth EMA cache...
2026-08-22 12:48:14,256 | INFO | Breadth EMA cache: 134164 total rows (+1)
2026-08-22 12:48:14,278 | INFO | Market Health [NIFTY 50]: Score=1.5 | Sideways &#x1F7E0;
2026-08-22 12:48:14,297 | INFO | Market Health [Nifty Next 50]: Score=-2.0 | Sideways &#x1F7E0;
2026-08-22 12:48:14,334 | INFO | Signal log: skipping new signal insertion — 2026-08-22 is a weekend.
2026-08-22 12:48:15,510 | INFO | Signal tracker: updated 153 Active signal rows.
2026-08-22 12:48:15,524 | INFO | HTML report written: /home/runner/work/nifty100-reporter/nifty100-reporter/reports/nifty100_daily_report_20260822.html
2026-08-22 12:48:15,533 | INFO | Market Health Excel sheet written.
2026-08-22 12:48:16,816 | INFO | Excel report written: /home/runner/work/nifty100-reporter/nifty100-reporter/reports/nifty100_daily_report_20260822.xlsx
2026-08-22 12:48:16,817 | INFO | GitHub Actions detected — skipping Gmail API send (workflow handles email).
2026-08-22 12:48:16,817 | INFO | Run completed successfully.
2026-08-22 12:48:16,817 | INFO | Artifacts: /home/runner/work/nifty100-reporter/nifty100-reporter/reports/nifty100_daily_report_20260822.html | /home/runner/work/nifty100-reporter/nifty100-reporter/reports/nifty100_daily_report_20260822.xlsx | log: /home/runner/work/nifty100-reporter/nifty100-reporter/logs/run_20260822_181547.log
