2026-08-15 12:45:49,666 | INFO | Nifty 100 Daily EMA Cross Reporter | Version 3.3.8 | Released 2026-04-17
2026-08-15 12:45:49,666 | INFO | Base directory: /home/runner/work/nifty100-reporter/nifty100-reporter
2026-08-15 12:45:49,666 | INFO | Loaded config. Email enabled: True | Recipients: 1
2026-08-15 12:45:49,809 | WARNING | NSE session bootstrap HTTP 403 (attempt 1/5) — refreshing NSE session cookie …
2026-08-15 12:46:01,002 | INFO | NSE session bootstrap status: 200
2026-08-15 12:46:01,002 | INFO | Downloading Nifty 100 universe from https://www.niftyindices.com/IndexConstituent/ind_nifty100list.csv
2026-08-15 12:46:01,497 | INFO | Universe download status: 200
2026-08-15 12:46:01,501 | INFO | Universe rows loaded: 100
2026-08-15 12:46:01,615 | INFO | Loaded history rows: 133754
2026-08-15 12:46:01,624 | INFO | yfinance history update: 100 symbols | 2026-08-13 → 2026-08-16
2026-08-15 12:46:01,624 | INFO | yfinance batch download: 100 symbols | 2026-08-13 → 2026-08-16
2026-08-15 12:46:07,954 | INFO | yfinance raw shape: (2, 500)
2026-08-15 12:46:08,229 | INFO | yfinance parsed rows after date-filter: 192
2026-08-15 12:46:08,230 | INFO | New rows from yfinance: 192
2026-08-15 12:46:09,047 | INFO | Saved history rows: 133754 | file: /home/runner/work/nifty100-reporter/nifty100-reporter/data/nifty100_ohlcv_history.csv
2026-08-15 12:46:09,159 | INFO | Loaded history rows: 133754
2026-08-15 12:46:09,159 | INFO | Latest OHLCV data is from 2026-08-14
2026-08-15 12:46:09,185 | INFO | Latest Delivery data is from 2026-08-14
2026-08-15 12:46:09,230 | INFO | Delivery cache has 33 dates — skipping backfill.
2026-08-15 12:46:09,230 | INFO | Delivery fetch attempt [1/7] — URL: https://archives.nseindia.com/products/content/sec_bhavdata_full_14082026.csv
2026-08-15 12:46:12,105 | INFO | Delivery fetch SUCCESS — date: 2026-08-14 | size: 374122 bytes | URL: https://archives.nseindia.com/products/content/sec_bhavdata_full_14082026.csv
2026-08-15 12:46:12,465 | INFO | Delivery cache updated: 2463 symbols for 2026-08-14 (rows in cache: 79307)
2026-08-15 12:46:12,466 | INFO | Delivery data: 2463 symbols | fallback=False
2026-08-15 12:46:12,996 | INFO | Corporate actions bulk OK: 44 raw rows | 0 Nifty100 symbols with events
2026-08-15 12:46:52,400 | INFO | Corporate actions: 0/100 symbols have events (window 15-08-2026 to 14-09-2026) | Symbols: none
2026-08-15 12:46:52,400 | INFO | Index membership from cache: NIFTY 50 (50 symbols)
2026-08-15 12:46:52,400 | INFO | Index membership from cache: Nifty Next 50 (50 symbols)
2026-08-15 12:46:52,400 | INFO | Index membership ready: 100 symbols mapped
2026-08-15 12:46:52,873 | INFO | News RSS query for ABB: https://news.google.com/rss/search?q=%22ABB+India+Ltd.%22+NSE+when:10d&hl=en-IN&gl=IN&ceid=IN:en
2026-08-15 12:46:53,198 | INFO | News RSS status for ABB: 200
2026-08-15 12:46:53,201 | INFO | News RSS query for ABB: https://news.google.com/rss/search?q=%22ABB+India+Ltd.%22+stock+when:10d&hl=en-IN&gl=IN&ceid=IN:en
2026-08-15 12:46:53,414 | INFO | News RSS status for ABB: 200
2026-08-15 12:46:56,450 | INFO | News RSS query for ASIANPAINT: https://news.google.com/rss/search?q=%22Asian+Paints+Ltd.%22+NSE+when:10d&hl=en-IN&gl=IN&ceid=IN:en
2026-08-15 12:46:56,656 | INFO | News RSS status for ASIANPAINT: 200
2026-08-15 12:46:57,500 | INFO | News RSS query for BAJAJ-AUTO: https://news.google.com/rss/search?q=%22Bajaj+Auto+Ltd.%22+NSE+when:10d&hl=en-IN&gl=IN&ceid=IN:en
2026-08-15 12:46:57,723 | INFO | News RSS status for BAJAJ-AUTO: 200
2026-08-15 12:46:58,177 | INFO | News RSS query for BAJAJFINSV: https://news.google.com/rss/search?q=%22Bajaj+Finserv+Ltd.%22+NSE+when:10d&hl=en-IN&gl=IN&ceid=IN:en
2026-08-15 12:46:58,423 | INFO | News RSS status for BAJAJFINSV: 200
2026-08-15 12:46:59,295 | INFO | News RSS query for BAJFINANCE: https://news.google.com/rss/search?q=%22Bajaj+Finance+Ltd.%22+NSE+when:10d&hl=en-IN&gl=IN&ceid=IN:en
2026-08-15 12:46:59,489 | INFO | News RSS status for BAJFINANCE: 200
2026-08-15 12:47:00,735 | INFO | News RSS query for BHARTIARTL: https://news.google.com/rss/search?q=%22Bharti+Airtel+Ltd.%22+NSE+when:10d&hl=en-IN&gl=IN&ceid=IN:en
2026-08-15 12:47:00,929 | INFO | News RSS status for BHARTIARTL: 200
2026-08-15 12:47:01,387 | INFO | News RSS query for BOSCHLTD: https://news.google.com/rss/search?q=%22Bosch+Ltd.%22+NSE+when:10d&hl=en-IN&gl=IN&ceid=IN:en
2026-08-15 12:47:01,634 | INFO | News RSS status for BOSCHLTD: 200
2026-08-15 12:47:03,712 | INFO | News RSS query for CHOLAFIN: https://news.google.com/rss/search?q=%22Cholamandalam+Investment+and+Finance+Company+Ltd.%22+NSE+when:10d&hl=en-IN&gl=IN&ceid=IN:en
2026-08-15 12:47:03,946 | INFO | News RSS status for CHOLAFIN: 200
2026-08-15 12:47:03,948 | INFO | News RSS query for CHOLAFIN: https://news.google.com/rss/search?q=%22Cholamandalam+Investment+and+Finance+Company+Ltd.%22+stock+when:10d&hl=en-IN&gl=IN&ceid=IN:en
2026-08-15 12:47:04,201 | INFO | News RSS status for CHOLAFIN: 200
2026-08-15 12:47:04,654 | INFO | News RSS query for CIPLA: https://news.google.com/rss/search?q=%22Cipla+Ltd.%22+NSE+when:10d&hl=en-IN&gl=IN&ceid=IN:en
2026-08-15 12:47:04,852 | INFO | News RSS status for CIPLA: 200
2026-08-15 12:47:04,853 | INFO | News RSS query for CIPLA: https://news.google.com/rss/search?q=%22Cipla+Ltd.%22+stock+when:10d&hl=en-IN&gl=IN&ceid=IN:en
2026-08-15 12:47:05,043 | INFO | News RSS status for CIPLA: 200
2026-08-15 12:47:05,044 | INFO | News RSS query for CIPLA: https://news.google.com/rss/search?q=CIPLA+NSE+when:10d&hl=en-IN&gl=IN&ceid=IN:en
2026-08-15 12:47:05,299 | INFO | News RSS status for CIPLA: 200
2026-08-15 12:47:05,364 | INFO | News RSS query for CIPLA: https://news.google.com/rss/search?q=%22Cipla+Ltd.%22+NSE+when:10d&hl=en-IN&gl=IN&ceid=IN:en
2026-08-15 12:47:05,390 | INFO | News RSS status for CIPLA: 200
2026-08-15 12:47:05,391 | INFO | News RSS query for CIPLA: https://news.google.com/rss/search?q=%22Cipla+Ltd.%22+stock+when:10d&hl=en-IN&gl=IN&ceid=IN:en
2026-08-15 12:47:05,417 | INFO | News RSS status for CIPLA: 200
2026-08-15 12:47:05,418 | INFO | News RSS query for CIPLA: https://news.google.com/rss/search?q=CIPLA+NSE+when:10d&hl=en-IN&gl=IN&ceid=IN:en
2026-08-15 12:47:05,445 | INFO | News RSS status for CIPLA: 200
2026-08-15 12:47:06,676 | INFO | News RSS query for DIVISLAB: https://news.google.com/rss/search?q=%22Divi%27s+Laboratories+Ltd.%22+NSE+when:10d&hl=en-IN&gl=IN&ceid=IN:en
2026-08-15 12:47:06,867 | INFO | News RSS status for DIVISLAB: 200
2026-08-15 12:47:08,496 | INFO | News RSS query for EICHERMOT: https://news.google.com/rss/search?q=%22Eicher+Motors+Ltd.%22+NSE+when:10d&hl=en-IN&gl=IN&ceid=IN:en
2026-08-15 12:47:08,688 | INFO | News RSS status for EICHERMOT: 200
2026-08-15 12:47:08,691 | INFO | News RSS query for EICHERMOT: https://news.google.com/rss/search?q=%22Eicher+Motors+Ltd.%22+stock+when:10d&hl=en-IN&gl=IN&ceid=IN:en
2026-08-15 12:47:08,927 | INFO | News RSS status for EICHERMOT: 200
2026-08-15 12:47:09,076 | INFO | News RSS query for ENRIN: https://news.google.com/rss/search?q=%22Siemens+Energy+India+Ltd.%22+NSE+when:10d&hl=en-IN&gl=IN&ceid=IN:en
2026-08-15 12:47:09,273 | INFO | News RSS status for ENRIN: 200
2026-08-15 12:47:09,671 | INFO | News RSS query for ETERNAL: https://news.google.com/rss/search?q=%22Eternal+Ltd.%22+NSE+when:10d&hl=en-IN&gl=IN&ceid=IN:en
2026-08-15 12:47:09,918 | INFO | News RSS status for ETERNAL: 200
2026-08-15 12:47:10,374 | INFO | News RSS query for GAIL: https://news.google.com/rss/search?q=%22GAIL+%28India%29+Ltd.%22+NSE+when:10d&hl=en-IN&gl=IN&ceid=IN:en
2026-08-15 12:47:10,655 | INFO | News RSS status for GAIL: 200
2026-08-15 12:47:10,658 | INFO | News RSS query for GAIL: https://news.google.com/rss/search?q=%22GAIL+%28India%29+Ltd.%22+stock+when:10d&hl=en-IN&gl=IN&ceid=IN:en
2026-08-15 12:47:10,878 | INFO | News RSS status for GAIL: 200
2026-08-15 12:47:11,717 | INFO | News RSS query for GRASIM: https://news.google.com/rss/search?q=%22Grasim+Industries+Ltd.%22+NSE+when:10d&hl=en-IN&gl=IN&ceid=IN:en
2026-08-15 12:47:11,932 | INFO | News RSS status for GRASIM: 200
2026-08-15 12:47:12,386 | INFO | News RSS query for HAL: https://news.google.com/rss/search?q=%22Hindustan+Aeronautics+Ltd.%22+NSE+when:10d&hl=en-IN&gl=IN&ceid=IN:en
2026-08-15 12:47:12,602 | INFO | News RSS status for HAL: 200
2026-08-15 12:47:14,623 | INFO | News RSS query for HINDALCO: https://news.google.com/rss/search?q=%22Hindalco+Industries+Ltd.%22+NSE+when:10d&hl=en-IN&gl=IN&ceid=IN:en
2026-08-15 12:47:14,837 | INFO | News RSS status for HINDALCO: 200
2026-08-15 12:47:15,684 | INFO | News RSS query for HINDZINC: https://news.google.com/rss/search?q=%22Hindustan+Zinc+Ltd.%22+NSE+when:10d&hl=en-IN&gl=IN&ceid=IN:en
2026-08-15 12:47:15,864 | INFO | News RSS status for HINDZINC: 200
2026-08-15 12:47:15,866 | INFO | News RSS query for HINDZINC: https://news.google.com/rss/search?q=%22Hindustan+Zinc+Ltd.%22+stock+when:10d&hl=en-IN&gl=IN&ceid=IN:en
2026-08-15 12:47:16,069 | INFO | News RSS status for HINDZINC: 200
2026-08-15 12:47:16,266 | INFO | News RSS query for HYUNDAI: https://news.google.com/rss/search?q=%22Hyundai+Motor+India+Ltd.%22+NSE+when:10d&hl=en-IN&gl=IN&ceid=IN:en
2026-08-15 12:47:16,475 | INFO | News RSS status for HYUNDAI: 200
2026-08-15 12:47:16,540 | INFO | News RSS query for HYUNDAI: https://news.google.com/rss/search?q=%22Hyundai+Motor+India+Ltd.%22+NSE+when:10d&hl=en-IN&gl=IN&ceid=IN:en
2026-08-15 12:47:16,567 | INFO | News RSS status for HYUNDAI: 200
2026-08-15 12:47:17,027 | INFO | News RSS query for ICICIBANK: https://news.google.com/rss/search?q=%22ICICI+Bank+Ltd.%22+NSE+when:10d&hl=en-IN&gl=IN&ceid=IN:en
2026-08-15 12:47:17,241 | INFO | News RSS status for ICICIBANK: 200
2026-08-15 12:47:17,308 | INFO | News RSS query for ICICIBANK: https://news.google.com/rss/search?q=%22ICICI+Bank+Ltd.%22+NSE+when:10d&hl=en-IN&gl=IN&ceid=IN:en
2026-08-15 12:47:17,335 | INFO | News RSS status for ICICIBANK: 200
2026-08-15 12:47:18,191 | INFO | News RSS query for INDIGO: https://news.google.com/rss/search?q=%22InterGlobe+Aviation+Ltd.%22+NSE+when:10d&hl=en-IN&gl=IN&ceid=IN:en
2026-08-15 12:47:18,426 | INFO | News RSS status for INDIGO: 200
2026-08-15 12:47:18,428 | INFO | News RSS query for INDIGO: https://news.google.com/rss/search?q=%22InterGlobe+Aviation+Ltd.%22+stock+when:10d&hl=en-IN&gl=IN&ceid=IN:en
2026-08-15 12:47:18,650 | INFO | News RSS status for INDIGO: 200
2026-08-15 12:47:21,274 | INFO | News RSS query for JSWSTEEL: https://news.google.com/rss/search?q=%22JSW+Steel+Ltd.%22+NSE+when:10d&hl=en-IN&gl=IN&ceid=IN:en
2026-08-15 12:47:21,468 | INFO | News RSS status for JSWSTEEL: 200
2026-08-15 12:47:21,470 | INFO | News RSS query for JSWSTEEL: https://news.google.com/rss/search?q=%22JSW+Steel+Ltd.%22+stock+when:10d&hl=en-IN&gl=IN&ceid=IN:en
2026-08-15 12:47:21,710 | INFO | News RSS status for JSWSTEEL: 200
2026-08-15 12:47:22,519 | INFO | News RSS query for LODHA: https://news.google.com/rss/search?q=%22Lodha+Developers+Ltd.%22+NSE+when:10d&hl=en-IN&gl=IN&ceid=IN:en
2026-08-15 12:47:22,725 | INFO | News RSS status for LODHA: 200
2026-08-15 12:47:22,727 | INFO | News RSS query for LODHA: https://news.google.com/rss/search?q=%22Lodha+Developers+Ltd.%22+stock+when:10d&hl=en-IN&gl=IN&ceid=IN:en
2026-08-15 12:47:22,923 | INFO | News RSS status for LODHA: 200
2026-08-15 12:47:23,379 | INFO | News RSS query for LT: https://news.google.com/rss/search?q=%22Larsen+%26+Toubro+Ltd.%22+NSE+when:10d&hl=en-IN&gl=IN&ceid=IN:en
2026-08-15 12:47:23,609 | INFO | News RSS status for LT: 200
2026-08-15 12:47:23,614 | WARNING | Skipping LTM — only 121 bars available (need 220). Extend history_backfill_days in config.json to include this symbol.
2026-08-15 12:47:24,083 | INFO | News RSS query for M&M: https://news.google.com/rss/search?q=%22Mahindra+%26+Mahindra+Ltd.%22+NSE+when:10d&hl=en-IN&gl=IN&ceid=IN:en
2026-08-15 12:47:24,327 | INFO | News RSS status for M&M: 200
2026-08-15 12:47:24,392 | INFO | News RSS query for M&M: https://news.google.com/rss/search?q=%22Mahindra+%26+Mahindra+Ltd.%22+NSE+when:10d&hl=en-IN&gl=IN&ceid=IN:en
2026-08-15 12:47:24,420 | INFO | News RSS status for M&M: 200
2026-08-15 12:47:26,058 | INFO | News RSS query for MOTHERSON: https://news.google.com/rss/search?q=%22Samvardhana+Motherson+International+Ltd.%22+NSE+when:10d&hl=en-IN&gl=IN&ceid=IN:en
2026-08-15 12:47:26,289 | INFO | News RSS status for MOTHERSON: 200
2026-08-15 12:47:27,151 | INFO | News RSS query for NESTLEIND: https://news.google.com/rss/search?q=%22Nestle+India+Ltd.%22+NSE+when:10d&hl=en-IN&gl=IN&ceid=IN:en
2026-08-15 12:47:27,362 | INFO | News RSS status for NESTLEIND: 200
2026-08-15 12:47:28,997 | INFO | News RSS query for PIDILITIND: https://news.google.com/rss/search?q=%22Pidilite+Industries+Ltd.%22+NSE+when:10d&hl=en-IN&gl=IN&ceid=IN:en
2026-08-15 12:47:29,176 | INFO | News RSS status for PIDILITIND: 200
2026-08-15 12:47:29,177 | INFO | News RSS query for PIDILITIND: https://news.google.com/rss/search?q=%22Pidilite+Industries+Ltd.%22+stock+when:10d&hl=en-IN&gl=IN&ceid=IN:en
2026-08-15 12:47:29,404 | INFO | News RSS status for PIDILITIND: 200
2026-08-15 12:47:31,817 | INFO | News RSS query for SBIN: https://news.google.com/rss/search?q=%22State+Bank+of+India%22+NSE+when:10d&hl=en-IN&gl=IN&ceid=IN:en
2026-08-15 12:47:32,145 | INFO | News RSS status for SBIN: 200
2026-08-15 12:47:32,987 | INFO | News RSS query for SHRIRAMFIN: https://news.google.com/rss/search?q=%22Shriram+Finance+Ltd.%22+NSE+when:10d&hl=en-IN&gl=IN&ceid=IN:en
2026-08-15 12:47:33,344 | INFO | News RSS status for SHRIRAMFIN: 200
2026-08-15 12:47:33,798 | INFO | News RSS query for SIEMENS: https://news.google.com/rss/search?q=%22Siemens+Ltd.%22+NSE+when:10d&hl=en-IN&gl=IN&ceid=IN:en
2026-08-15 12:47:34,020 | INFO | News RSS status for SIEMENS: 200
2026-08-15 12:47:34,478 | INFO | News RSS query for SOLARINDS: https://news.google.com/rss/search?q=%22Solar+Industries+India+Ltd.%22+NSE+when:10d&hl=en-IN&gl=IN&ceid=IN:en
2026-08-15 12:47:34,766 | INFO | News RSS status for SOLARINDS: 200
2026-08-15 12:47:35,221 | INFO | News RSS query for SUNPHARMA: https://news.google.com/rss/search?q=%22Sun+Pharmaceutical+Industries+Ltd.%22+NSE+when:10d&hl=en-IN&gl=IN&ceid=IN:en
2026-08-15 12:47:35,451 | INFO | News RSS status for SUNPHARMA: 200
2026-08-15 12:47:35,457 | WARNING | Skipping TATACAP — only 209 bars available (need 220). Extend history_backfill_days in config.json to include this symbol.
2026-08-15 12:47:36,296 | INFO | News RSS query for TATAPOWER: https://news.google.com/rss/search?q=%22Tata+Power+Co.+Ltd.%22+NSE+when:10d&hl=en-IN&gl=IN&ceid=IN:en
2026-08-15 12:47:36,488 | INFO | News RSS status for TATAPOWER: 200
2026-08-15 12:47:36,489 | INFO | News RSS query for TATAPOWER: https://news.google.com/rss/search?q=%22Tata+Power+Co.+Ltd.%22+stock+when:10d&hl=en-IN&gl=IN&ceid=IN:en
2026-08-15 12:47:36,671 | INFO | News RSS status for TATAPOWER: 200
2026-08-15 12:47:37,916 | INFO | News RSS query for TECHM: https://news.google.com/rss/search?q=%22Tech+Mahindra+Ltd.%22+NSE+when:10d&hl=en-IN&gl=IN&ceid=IN:en
2026-08-15 12:47:38,137 | INFO | News RSS status for TECHM: 200
2026-08-15 12:47:38,592 | INFO | News RSS query for TITAN: https://news.google.com/rss/search?q=%22Titan+Company+Ltd.%22+NSE+when:10d&hl=en-IN&gl=IN&ceid=IN:en
2026-08-15 12:47:38,803 | INFO | News RSS status for TITAN: 200
2026-08-15 12:47:38,809 | WARNING | Skipping TMCV — only 189 bars available (need 220). Extend history_backfill_days in config.json to include this symbol.
2026-08-15 12:47:38,809 | WARNING | Skipping TMPV — only 206 bars available (need 220). Extend history_backfill_days in config.json to include this symbol.
2026-08-15 12:47:40,045 | INFO | News RSS query for TVSMOTOR: https://news.google.com/rss/search?q=%22TVS+Motor+Company+Ltd.%22+NSE+when:10d&hl=en-IN&gl=IN&ceid=IN:en
2026-08-15 12:47:40,255 | INFO | News RSS status for TVSMOTOR: 200
2026-08-15 12:47:41,102 | INFO | News RSS query for UNIONBANK: https://news.google.com/rss/search?q=%22Union+Bank+of+India%22+NSE+when:10d&hl=en-IN&gl=IN&ceid=IN:en
2026-08-15 12:47:41,398 | INFO | News RSS status for UNIONBANK: 200
2026-08-15 12:47:41,622 | INFO | News RSS query for UNITDSPR: https://news.google.com/rss/search?q=%22United+Spirits+Ltd.%22+NSE+when:10d&hl=en-IN&gl=IN&ceid=IN:en
2026-08-15 12:47:41,814 | INFO | News RSS status for UNITDSPR: 200
2026-08-15 12:47:41,820 | WARNING | Skipping VAML — only 6 bars available (need 220). Extend history_backfill_days in config.json to include this symbol.
2026-08-15 12:47:42,603 | WARNING | Skipping VEDPOWER — only 4 bars available (need 220). Extend history_backfill_days in config.json to include this symbol.
2026-08-15 12:47:42,604 | WARNING | Skipping VISL — only 4 bars available (need 220). Extend history_backfill_days in config.json to include this symbol.
2026-08-15 12:47:42,604 | WARNING | Skipping VOGL — only 7 bars available (need 220). Extend history_backfill_days in config.json to include this symbol.
2026-08-15 12:47:43,468 | INFO | News RSS query for ZYDUSLIFE: https://news.google.com/rss/search?q=%22Zydus+Lifesciences+Ltd.%22+NSE+when:10d&hl=en-IN&gl=IN&ceid=IN:en
2026-08-15 12:47:43,704 | INFO | News RSS status for ZYDUSLIFE: 200
2026-08-15 12:47:43,773 | INFO | News RSS query for ZYDUSLIFE: https://news.google.com/rss/search?q=%22Zydus+Lifesciences+Ltd.%22+NSE+when:10d&hl=en-IN&gl=IN&ceid=IN:en
2026-08-15 12:47:43,801 | INFO | News RSS status for ZYDUSLIFE: 200
2026-08-15 12:47:43,811 | INFO | Index membership from cache: NIFTY 50 (50 symbols)
2026-08-15 12:47:43,811 | INFO | Index membership from cache: Nifty Next 50 (50 symbols)
2026-08-15 12:47:43,811 | INFO | Index membership ready: 100 symbols mapped
2026-08-15 12:47:43,811 | INFO | Market Health: fetching index OHLCV...
2026-08-15 12:47:46,359 | WARNING | niftyindices failed NIFTY 50 2026-08-12-2026-08-15: Expecting value: line 1 column 2 (char 1)
2026-08-15 12:47:46,704 | INFO | Index OHLCV via yfinance (^NSEI) for NIFTY 50: 1443 rows
2026-08-15 12:47:48,060 | WARNING | niftyindices failed NIFTY NEXT 50 2026-08-12-2026-08-15: Expecting value: line 1 column 2 (char 1)
2026-08-15 12:47:48,366 | INFO | Index OHLCV via yfinance (JUNIORBEES.NS) for NIFTY NEXT 50: 1442 rows
2026-08-15 12:47:48,367 | INFO | Market Health: fetching VIX...
2026-08-15 12:47:49,587 | WARNING | niftyindices VIX failed 2026-08-12-2026-08-15: Expecting value: line 1 column 2 (char 1)
2026-08-15 12:47:49,860 | INFO | VIX via yfinance (^INDIAVIX): 141 rows
2026-08-15 12:47:49,862 | INFO | Market Health: updating breadth EMA cache...
2026-08-15 12:47:51,128 | INFO | Market Health [NIFTY 50]: Score=35.5 | Weak Bull &#x1F7E1;
2026-08-15 12:47:51,145 | INFO | Market Health [Nifty Next 50]: Score=13.0 | Sideways &#x1F7E0;
2026-08-15 12:47:51,186 | INFO | Signal log: skipping new signal insertion — 2026-08-15 is a weekend.
2026-08-15 12:47:52,388 | INFO | Signal tracker: updated 176 Active signal rows.
2026-08-15 12:47:52,405 | INFO | HTML report written: /home/runner/work/nifty100-reporter/nifty100-reporter/reports/nifty100_daily_report_20260815.html
2026-08-15 12:47:52,413 | INFO | Market Health Excel sheet written.
2026-08-15 12:47:53,599 | INFO | Excel report written: /home/runner/work/nifty100-reporter/nifty100-reporter/reports/nifty100_daily_report_20260815.xlsx
2026-08-15 12:47:53,599 | INFO | GitHub Actions detected — skipping Gmail API send (workflow handles email).
2026-08-15 12:47:53,599 | INFO | Run completed successfully.
2026-08-15 12:47:53,599 | INFO | Artifacts: /home/runner/work/nifty100-reporter/nifty100-reporter/reports/nifty100_daily_report_20260815.html | /home/runner/work/nifty100-reporter/nifty100-reporter/reports/nifty100_daily_report_20260815.xlsx | log: /home/runner/work/nifty100-reporter/nifty100-reporter/logs/run_20260815_181549.log
