2026-07-05 12:45:59,096 | INFO | Nifty 100 Daily EMA Cross Reporter | Version 3.3.8 | Released 2026-04-17
2026-07-05 12:45:59,096 | INFO | Base directory: /home/runner/work/nifty100-reporter/nifty100-reporter
2026-07-05 12:45:59,096 | INFO | Loaded config. Email enabled: True | Recipients: 1
2026-07-05 12:45:59,169 | WARNING | NSE session bootstrap HTTP 403 (attempt 1/5) — refreshing NSE session cookie …
2026-07-05 12:46:09,507 | INFO | NSE session bootstrap status: 200
2026-07-05 12:46:09,507 | INFO | Downloading Nifty 100 universe from https://www.niftyindices.com/IndexConstituent/ind_nifty100list.csv
2026-07-05 12:46:09,902 | INFO | Universe download status: 200
2026-07-05 12:46:09,908 | INFO | Universe rows loaded: 100
2026-07-05 12:46:10,025 | INFO | Loaded history rows: 130754
2026-07-05 12:46:10,032 | INFO | yfinance history update: 100 symbols | 2026-07-02 → 2026-07-06
2026-07-05 12:46:10,033 | INFO | yfinance batch download: 100 symbols | 2026-07-02 → 2026-07-06
2026-07-05 12:46:14,219 | INFO | yfinance raw shape: (2, 500)
2026-07-05 12:46:14,556 | INFO | yfinance parsed rows after date-filter: 200
2026-07-05 12:46:14,557 | INFO | New rows from yfinance: 200
2026-07-05 12:46:15,334 | INFO | Saved history rows: 130754 | file: /home/runner/work/nifty100-reporter/nifty100-reporter/data/nifty100_ohlcv_history.csv
2026-07-05 12:46:15,436 | INFO | Loaded history rows: 130754
2026-07-05 12:46:15,436 | INFO | Latest OHLCV data is from 2026-07-03
2026-07-05 12:46:15,461 | INFO | Latest Delivery data is from 2026-07-03
2026-07-05 12:46:15,504 | INFO | Delivery cache has 29 dates — skipping backfill.
2026-07-05 12:46:15,504 | INFO | Delivery fetch attempt [2/7] — URL: https://archives.nseindia.com/products/content/sec_bhavdata_full_03072026.csv
2026-07-05 12:46:18,331 | INFO | Delivery fetch SUCCESS — date: 2026-07-03 | size: 372651 bytes | URL: https://archives.nseindia.com/products/content/sec_bhavdata_full_03072026.csv
2026-07-05 12:46:18,658 | INFO | Delivery cache updated: 2384 symbols for 2026-07-03 (rows in cache: 70532)
2026-07-05 12:46:18,659 | INFO | Delivery data: 2384 symbols | fallback=False
2026-07-05 12:46:19,050 | INFO | Corporate actions bulk OK: 116 raw rows | 18 Nifty100 symbols with events
2026-07-05 12:46:41,653 | INFO | Corporate actions: 18/100 symbols have events (window 05-07-2026 to 04-08-2026) | Symbols: AXISBANK, BOSCHLTD, BRITANNIA, CHOLAFIN, CUMMINSIND, DIVISLAB, DRREDDY, HINDALCO, JSWSTEEL, MOTHERSON, NESTLEIND, PFC, PIDILITIND, SOLARINDS, SUNPHARMA, TITAN, UNITDSPR, ZYDUSLIFE
2026-07-05 12:46:41,653 | INFO | Index membership from cache: NIFTY 50 (50 symbols)
2026-07-05 12:46:41,653 | INFO | Index membership from cache: Nifty Next 50 (50 symbols)
2026-07-05 12:46:41,653 | INFO | Index membership ready: 100 symbols mapped
2026-07-05 12:46:42,601 | INFO | News RSS query for ADANIENSOL: https://news.google.com/rss/search?q=%22Adani+Energy+Solutions+Ltd.%22+NSE+when:10d&hl=en-IN&gl=IN&ceid=IN:en
2026-07-05 12:46:42,847 | INFO | News RSS status for ADANIENSOL: 200
2026-07-05 12:46:42,912 | INFO | News RSS query for ADANIENSOL: https://news.google.com/rss/search?q=%22Adani+Energy+Solutions+Ltd.%22+NSE+when:10d&hl=en-IN&gl=IN&ceid=IN:en
2026-07-05 12:46:42,916 | INFO | News RSS status for ADANIENSOL: 200
2026-07-05 12:46:43,561 | INFO | News RSS query for ADANIENT: https://news.google.com/rss/search?q=%22Adani+Enterprises+Ltd.%22+NSE+when:10d&hl=en-IN&gl=IN&ceid=IN:en
2026-07-05 12:46:43,791 | INFO | News RSS status for ADANIENT: 200
2026-07-05 12:46:43,857 | INFO | News RSS query for ADANIENT: https://news.google.com/rss/search?q=%22Adani+Enterprises+Ltd.%22+NSE+when:10d&hl=en-IN&gl=IN&ceid=IN:en
2026-07-05 12:46:43,860 | INFO | News RSS status for ADANIENT: 200
2026-07-05 12:46:44,497 | INFO | News RSS query for ADANIGREEN: https://news.google.com/rss/search?q=%22Adani+Green+Energy+Ltd.%22+NSE+when:10d&hl=en-IN&gl=IN&ceid=IN:en
2026-07-05 12:46:44,717 | INFO | News RSS status for ADANIGREEN: 200
2026-07-05 12:46:44,783 | INFO | News RSS query for ADANIGREEN: https://news.google.com/rss/search?q=%22Adani+Green+Energy+Ltd.%22+NSE+when:10d&hl=en-IN&gl=IN&ceid=IN:en
2026-07-05 12:46:44,786 | INFO | News RSS status for ADANIGREEN: 200
2026-07-05 12:46:45,419 | INFO | News RSS query for ADANIPORTS: https://news.google.com/rss/search?q=%22Adani+Ports+and+Special+Economic+Zone+Ltd.%22+NSE+when:10d&hl=en-IN&gl=IN&ceid=IN:en
2026-07-05 12:46:45,612 | INFO | News RSS status for ADANIPORTS: 200
2026-07-05 12:46:46,832 | INFO | News RSS query for AMBUJACEM: https://news.google.com/rss/search?q=%22Ambuja+Cements+Ltd.%22+NSE+when:10d&hl=en-IN&gl=IN&ceid=IN:en
2026-07-05 12:46:47,003 | INFO | News RSS status for AMBUJACEM: 200
2026-07-05 12:46:47,004 | INFO | News RSS query for AMBUJACEM: https://news.google.com/rss/search?q=%22Ambuja+Cements+Ltd.%22+stock+when:10d&hl=en-IN&gl=IN&ceid=IN:en
2026-07-05 12:46:47,166 | INFO | News RSS status for AMBUJACEM: 200
2026-07-05 12:46:47,803 | INFO | News RSS query for APOLLOHOSP: https://news.google.com/rss/search?q=%22Apollo+Hospitals+Enterprise+Ltd.%22+NSE+when:10d&hl=en-IN&gl=IN&ceid=IN:en
2026-07-05 12:46:47,974 | INFO | News RSS status for APOLLOHOSP: 200
2026-07-05 12:46:47,977 | INFO | News RSS query for APOLLOHOSP: https://news.google.com/rss/search?q=%22Apollo+Hospitals+Enterprise+Ltd.%22+stock+when:10d&hl=en-IN&gl=IN&ceid=IN:en
2026-07-05 12:46:48,169 | INFO | News RSS status for APOLLOHOSP: 200
2026-07-05 12:46:48,232 | INFO | News RSS query for APOLLOHOSP: https://news.google.com/rss/search?q=%22Apollo+Hospitals+Enterprise+Ltd.%22+NSE+when:10d&hl=en-IN&gl=IN&ceid=IN:en
2026-07-05 12:46:48,236 | INFO | News RSS status for APOLLOHOSP: 200
2026-07-05 12:46:48,239 | INFO | News RSS query for APOLLOHOSP: https://news.google.com/rss/search?q=%22Apollo+Hospitals+Enterprise+Ltd.%22+stock+when:10d&hl=en-IN&gl=IN&ceid=IN:en
2026-07-05 12:46:48,242 | INFO | News RSS status for APOLLOHOSP: 200
2026-07-05 12:46:48,869 | INFO | News RSS query for ASIANPAINT: https://news.google.com/rss/search?q=%22Asian+Paints+Ltd.%22+NSE+when:10d&hl=en-IN&gl=IN&ceid=IN:en
2026-07-05 12:46:49,086 | INFO | News RSS status for ASIANPAINT: 200
2026-07-05 12:46:49,089 | INFO | News RSS query for ASIANPAINT: https://news.google.com/rss/search?q=%22Asian+Paints+Ltd.%22+stock+when:10d&hl=en-IN&gl=IN&ceid=IN:en
2026-07-05 12:46:49,267 | INFO | News RSS status for ASIANPAINT: 200
2026-07-05 12:46:49,918 | INFO | News RSS query for AXISBANK: https://news.google.com/rss/search?q=%22Axis+Bank+Ltd.%22+NSE+when:10d&hl=en-IN&gl=IN&ceid=IN:en
2026-07-05 12:46:50,156 | INFO | News RSS status for AXISBANK: 200
2026-07-05 12:46:51,382 | INFO | News RSS query for BAJAJFINSV: https://news.google.com/rss/search?q=%22Bajaj+Finserv+Ltd.%22+NSE+when:10d&hl=en-IN&gl=IN&ceid=IN:en
2026-07-05 12:46:51,562 | INFO | News RSS status for BAJAJFINSV: 200
2026-07-05 12:46:52,777 | INFO | News RSS query for BAJFINANCE: https://news.google.com/rss/search?q=%22Bajaj+Finance+Ltd.%22+NSE+when:10d&hl=en-IN&gl=IN&ceid=IN:en
2026-07-05 12:46:52,970 | INFO | News RSS status for BAJFINANCE: 200
2026-07-05 12:46:55,366 | INFO | News RSS query for BOSCHLTD: https://news.google.com/rss/search?q=%22Bosch+Ltd.%22+NSE+when:10d&hl=en-IN&gl=IN&ceid=IN:en
2026-07-05 12:46:55,539 | INFO | News RSS status for BOSCHLTD: 200
2026-07-05 12:46:55,541 | INFO | News RSS query for BOSCHLTD: https://news.google.com/rss/search?q=%22Bosch+Ltd.%22+stock+when:10d&hl=en-IN&gl=IN&ceid=IN:en
2026-07-05 12:46:55,741 | INFO | News RSS status for BOSCHLTD: 200
2026-07-05 12:46:56,383 | INFO | News RSS query for BPCL: https://news.google.com/rss/search?q=%22Bharat+Petroleum+Corporation+Ltd.%22+NSE+when:10d&hl=en-IN&gl=IN&ceid=IN:en
2026-07-05 12:46:56,586 | INFO | News RSS status for BPCL: 200
2026-07-05 12:46:58,409 | INFO | News RSS query for CGPOWER: https://news.google.com/rss/search?q=%22CG+Power+and+Industrial+Solutions+Ltd.%22+NSE+when:10d&hl=en-IN&gl=IN&ceid=IN:en
2026-07-05 12:46:58,586 | INFO | News RSS status for CGPOWER: 200
2026-07-05 12:46:59,233 | INFO | News RSS query for CHOLAFIN: https://news.google.com/rss/search?q=%22Cholamandalam+Investment+and+Finance+Company+Ltd.%22+NSE+when:10d&hl=en-IN&gl=IN&ceid=IN:en
2026-07-05 12:46:59,419 | INFO | News RSS status for CHOLAFIN: 200
2026-07-05 12:46:59,419 | INFO | News RSS query for CHOLAFIN: https://news.google.com/rss/search?q=%22Cholamandalam+Investment+and+Finance+Company+Ltd.%22+stock+when:10d&hl=en-IN&gl=IN&ceid=IN:en
2026-07-05 12:46:59,654 | INFO | News RSS status for CHOLAFIN: 200
2026-07-05 12:46:59,657 | INFO | News RSS query for CHOLAFIN: https://news.google.com/rss/search?q=CHOLAFIN+NSE+when:10d&hl=en-IN&gl=IN&ceid=IN:en
2026-07-05 12:46:59,815 | INFO | News RSS status for CHOLAFIN: 200
2026-07-05 12:47:03,317 | INFO | News RSS query for DMART: https://news.google.com/rss/search?q=%22Avenue+Supermarts+Ltd.%22+NSE+when:10d&hl=en-IN&gl=IN&ceid=IN:en
2026-07-05 12:47:03,491 | INFO | News RSS status for DMART: 200
2026-07-05 12:47:03,494 | INFO | News RSS query for DMART: https://news.google.com/rss/search?q=%22Avenue+Supermarts+Ltd.%22+stock+when:10d&hl=en-IN&gl=IN&ceid=IN:en
2026-07-05 12:47:03,788 | INFO | News RSS status for DMART: 200
2026-07-05 12:47:04,414 | INFO | News RSS query for DRREDDY: https://news.google.com/rss/search?q=%22Dr.+Reddy%27s+Laboratories+Ltd.%22+NSE+when:10d&hl=en-IN&gl=IN&ceid=IN:en
2026-07-05 12:47:04,648 | INFO | News RSS status for DRREDDY: 200
2026-07-05 12:47:05,287 | INFO | News RSS query for EICHERMOT: https://news.google.com/rss/search?q=%22Eicher+Motors+Ltd.%22+NSE+when:10d&hl=en-IN&gl=IN&ceid=IN:en
2026-07-05 12:47:05,477 | INFO | News RSS status for EICHERMOT: 200
2026-07-05 12:47:05,479 | INFO | News RSS query for EICHERMOT: https://news.google.com/rss/search?q=%22Eicher+Motors+Ltd.%22+stock+when:10d&hl=en-IN&gl=IN&ceid=IN:en
2026-07-05 12:47:05,672 | INFO | News RSS status for EICHERMOT: 200
2026-07-05 12:47:06,892 | INFO | News RSS query for GAIL: https://news.google.com/rss/search?q=%22GAIL+%28India%29+Ltd.%22+NSE+when:10d&hl=en-IN&gl=IN&ceid=IN:en
2026-07-05 12:47:07,103 | INFO | News RSS status for GAIL: 200
2026-07-05 12:47:07,105 | INFO | News RSS query for GAIL: https://news.google.com/rss/search?q=%22GAIL+%28India%29+Ltd.%22+stock+when:10d&hl=en-IN&gl=IN&ceid=IN:en
2026-07-05 12:47:07,271 | INFO | News RSS status for GAIL: 200
2026-07-05 12:47:08,468 | INFO | News RSS query for GRASIM: https://news.google.com/rss/search?q=%22Grasim+Industries+Ltd.%22+NSE+when:10d&hl=en-IN&gl=IN&ceid=IN:en
2026-07-05 12:47:08,704 | INFO | News RSS status for GRASIM: 200
2026-07-05 12:47:08,707 | INFO | News RSS query for GRASIM: https://news.google.com/rss/search?q=%22Grasim+Industries+Ltd.%22+stock+when:10d&hl=en-IN&gl=IN&ceid=IN:en
2026-07-05 12:47:08,879 | INFO | News RSS status for GRASIM: 200
2026-07-05 12:47:09,506 | INFO | News RSS query for HAL: https://news.google.com/rss/search?q=%22Hindustan+Aeronautics+Ltd.%22+NSE+when:10d&hl=en-IN&gl=IN&ceid=IN:en
2026-07-05 12:47:09,681 | INFO | News RSS status for HAL: 200
2026-07-05 12:47:10,882 | INFO | News RSS query for HDFCAMC: https://news.google.com/rss/search?q=%22HDFC+Asset+Management+Company+Ltd.%22+NSE+when:10d&hl=en-IN&gl=IN&ceid=IN:en
2026-07-05 12:47:11,064 | INFO | News RSS status for HDFCAMC: 200
2026-07-05 12:47:11,067 | INFO | News RSS query for HDFCAMC: https://news.google.com/rss/search?q=%22HDFC+Asset+Management+Company+Ltd.%22+stock+when:10d&hl=en-IN&gl=IN&ceid=IN:en
2026-07-05 12:47:11,290 | INFO | News RSS status for HDFCAMC: 200
2026-07-05 12:47:21,616 | INFO | News RSS query for LT: https://news.google.com/rss/search?q=%22Larsen+%26+Toubro+Ltd.%22+NSE+when:10d&hl=en-IN&gl=IN&ceid=IN:en
2026-07-05 12:47:21,796 | INFO | News RSS status for LT: 200
2026-07-05 12:47:21,802 | WARNING | Skipping LTM — only 91 bars available (need 220). Extend history_backfill_days in config.json to include this symbol.
2026-07-05 12:47:24,742 | INFO | News RSS query for MOTHERSON: https://news.google.com/rss/search?q=%22Samvardhana+Motherson+International+Ltd.%22+NSE+when:10d&hl=en-IN&gl=IN&ceid=IN:en
2026-07-05 12:47:24,923 | INFO | News RSS status for MOTHERSON: 200
2026-07-05 12:47:24,926 | INFO | News RSS query for MOTHERSON: https://news.google.com/rss/search?q=%22Samvardhana+Motherson+International+Ltd.%22+stock+when:10d&hl=en-IN&gl=IN&ceid=IN:en
2026-07-05 12:47:25,098 | INFO | News RSS status for MOTHERSON: 200
2026-07-05 12:47:26,315 | INFO | News RSS query for NESTLEIND: https://news.google.com/rss/search?q=%22Nestle+India+Ltd.%22+NSE+when:10d&hl=en-IN&gl=IN&ceid=IN:en
2026-07-05 12:47:26,539 | INFO | News RSS status for NESTLEIND: 200
2026-07-05 12:47:26,541 | INFO | News RSS query for NESTLEIND: https://news.google.com/rss/search?q=%22Nestle+India+Ltd.%22+stock+when:10d&hl=en-IN&gl=IN&ceid=IN:en
2026-07-05 12:47:26,747 | INFO | News RSS status for NESTLEIND: 200
2026-07-05 12:47:29,118 | INFO | News RSS query for PIDILITIND: https://news.google.com/rss/search?q=%22Pidilite+Industries+Ltd.%22+NSE+when:10d&hl=en-IN&gl=IN&ceid=IN:en
2026-07-05 12:47:29,261 | INFO | News RSS status for PIDILITIND: 200
2026-07-05 12:47:29,261 | INFO | News RSS query for PIDILITIND: https://news.google.com/rss/search?q=%22Pidilite+Industries+Ltd.%22+stock+when:10d&hl=en-IN&gl=IN&ceid=IN:en
2026-07-05 12:47:29,479 | INFO | News RSS status for PIDILITIND: 200
2026-07-05 12:47:29,544 | INFO | News RSS query for PIDILITIND: https://news.google.com/rss/search?q=%22Pidilite+Industries+Ltd.%22+NSE+when:10d&hl=en-IN&gl=IN&ceid=IN:en
2026-07-05 12:47:29,547 | INFO | News RSS status for PIDILITIND: 200
2026-07-05 12:47:29,547 | INFO | News RSS query for PIDILITIND: https://news.google.com/rss/search?q=%22Pidilite+Industries+Ltd.%22+stock+when:10d&hl=en-IN&gl=IN&ceid=IN:en
2026-07-05 12:47:29,550 | INFO | News RSS status for PIDILITIND: 200
2026-07-05 12:47:33,078 | INFO | News RSS query for SBIN: https://news.google.com/rss/search?q=%22State+Bank+of+India%22+NSE+when:10d&hl=en-IN&gl=IN&ceid=IN:en
2026-07-05 12:47:33,378 | INFO | News RSS status for SBIN: 200
2026-07-05 12:47:34,583 | INFO | News RSS query for SHRIRAMFIN: https://news.google.com/rss/search?q=%22Shriram+Finance+Ltd.%22+NSE+when:10d&hl=en-IN&gl=IN&ceid=IN:en
2026-07-05 12:47:34,782 | INFO | News RSS status for SHRIRAMFIN: 200
2026-07-05 12:47:35,976 | INFO | News RSS query for SOLARINDS: https://news.google.com/rss/search?q=%22Solar+Industries+India+Ltd.%22+NSE+when:10d&hl=en-IN&gl=IN&ceid=IN:en
2026-07-05 12:47:36,144 | INFO | News RSS status for SOLARINDS: 200
2026-07-05 12:47:36,789 | INFO | News RSS query for SUNPHARMA: https://news.google.com/rss/search?q=%22Sun+Pharmaceutical+Industries+Ltd.%22+NSE+when:10d&hl=en-IN&gl=IN&ceid=IN:en
2026-07-05 12:47:37,004 | INFO | News RSS status for SUNPHARMA: 200
2026-07-05 12:47:37,009 | WARNING | Skipping TATACAP — only 179 bars available (need 220). Extend history_backfill_days in config.json to include this symbol.
2026-07-05 12:47:40,501 | INFO | News RSS query for TITAN: https://news.google.com/rss/search?q=%22Titan+Company+Ltd.%22+NSE+when:10d&hl=en-IN&gl=IN&ceid=IN:en
2026-07-05 12:47:40,691 | INFO | News RSS status for TITAN: 200
2026-07-05 12:47:40,697 | WARNING | Skipping TMCV — only 159 bars available (need 220). Extend history_backfill_days in config.json to include this symbol.
2026-07-05 12:47:40,698 | WARNING | Skipping TMPV — only 176 bars available (need 220). Extend history_backfill_days in config.json to include this symbol.
2026-07-05 12:47:41,340 | INFO | News RSS query for TORNTPHARM: https://news.google.com/rss/search?q=%22Torrent+Pharmaceuticals+Ltd.%22+NSE+when:10d&hl=en-IN&gl=IN&ceid=IN:en
2026-07-05 12:47:41,559 | INFO | News RSS status for TORNTPHARM: 200
2026-07-05 12:47:44,107 | WARNING | Skipping VAML — only 6 bars available (need 220). Extend history_backfill_days in config.json to include this symbol.
2026-07-05 12:47:44,755 | INFO | News RSS query for VBL: https://news.google.com/rss/search?q=%22Varun+Beverages+Ltd.%22+NSE+when:10d&hl=en-IN&gl=IN&ceid=IN:en
2026-07-05 12:47:44,982 | INFO | News RSS status for VBL: 200
2026-07-05 12:47:44,984 | INFO | News RSS query for VBL: https://news.google.com/rss/search?q=%22Varun+Beverages+Ltd.%22+stock+when:10d&hl=en-IN&gl=IN&ceid=IN:en
2026-07-05 12:47:45,166 | INFO | News RSS status for VBL: 200
2026-07-05 12:47:45,740 | WARNING | Skipping VEDPOWER — only 4 bars available (need 220). Extend history_backfill_days in config.json to include this symbol.
2026-07-05 12:47:45,741 | WARNING | Skipping VISL — only 4 bars available (need 220). Extend history_backfill_days in config.json to include this symbol.
2026-07-05 12:47:45,741 | WARNING | Skipping VOGL — only 7 bars available (need 220). Extend history_backfill_days in config.json to include this symbol.
2026-07-05 12:47:46,925 | INFO | News RSS query for ZYDUSLIFE: https://news.google.com/rss/search?q=%22Zydus+Lifesciences+Ltd.%22+NSE+when:10d&hl=en-IN&gl=IN&ceid=IN:en
2026-07-05 12:47:47,098 | INFO | News RSS status for ZYDUSLIFE: 200
2026-07-05 12:47:47,101 | INFO | News RSS query for ZYDUSLIFE: https://news.google.com/rss/search?q=%22Zydus+Lifesciences+Ltd.%22+stock+when:10d&hl=en-IN&gl=IN&ceid=IN:en
2026-07-05 12:47:47,338 | INFO | News RSS status for ZYDUSLIFE: 200
2026-07-05 12:47:47,400 | INFO | News RSS query for ZYDUSLIFE: https://news.google.com/rss/search?q=%22Zydus+Lifesciences+Ltd.%22+NSE+when:10d&hl=en-IN&gl=IN&ceid=IN:en
2026-07-05 12:47:47,403 | INFO | News RSS status for ZYDUSLIFE: 200
2026-07-05 12:47:47,406 | INFO | News RSS query for ZYDUSLIFE: https://news.google.com/rss/search?q=%22Zydus+Lifesciences+Ltd.%22+stock+when:10d&hl=en-IN&gl=IN&ceid=IN:en
2026-07-05 12:47:47,408 | INFO | News RSS status for ZYDUSLIFE: 200
2026-07-05 12:47:47,419 | INFO | Index membership from cache: NIFTY 50 (50 symbols)
2026-07-05 12:47:47,419 | INFO | Index membership from cache: Nifty Next 50 (50 symbols)
2026-07-05 12:47:47,419 | INFO | Index membership ready: 100 symbols mapped
2026-07-05 12:47:47,419 | INFO | Market Health: fetching index OHLCV...
2026-07-05 12:47:47,422 | INFO | Index OHLCV cache fresh for NIFTY 50 (1414 rows)
2026-07-05 12:47:47,425 | INFO | Index OHLCV cache fresh for NIFTY NEXT 50 (1414 rows)
2026-07-05 12:47:47,425 | INFO | Market Health: fetching VIX...
2026-07-05 12:47:47,427 | INFO | VIX cache fresh (112 rows)
2026-07-05 12:47:47,427 | INFO | Market Health: updating breadth EMA cache...
2026-07-05 12:47:48,577 | INFO | Market Health [NIFTY 50]: Score=32.0 | Weak Bull &#x1F7E1;
2026-07-05 12:47:48,594 | INFO | Market Health [Nifty Next 50]: Score=-19.0 | Sideways &#x1F7E0;
2026-07-05 12:47:48,653 | INFO | Signal log: skipping new signal insertion — 2026-07-05 is a weekend.
2026-07-05 12:47:49,671 | INFO | Signal tracker: updated 162 Active signal rows.
2026-07-05 12:47:49,690 | INFO | HTML report written: /home/runner/work/nifty100-reporter/nifty100-reporter/reports/nifty100_daily_report_20260705.html
2026-07-05 12:47:49,699 | INFO | Market Health Excel sheet written.
2026-07-05 12:47:50,592 | INFO | Excel report written: /home/runner/work/nifty100-reporter/nifty100-reporter/reports/nifty100_daily_report_20260705.xlsx
2026-07-05 12:47:50,592 | INFO | GitHub Actions detected — skipping Gmail API send (workflow handles email).
2026-07-05 12:47:50,592 | INFO | Run completed successfully.
2026-07-05 12:47:50,592 | INFO | Artifacts: /home/runner/work/nifty100-reporter/nifty100-reporter/reports/nifty100_daily_report_20260705.html | /home/runner/work/nifty100-reporter/nifty100-reporter/reports/nifty100_daily_report_20260705.xlsx | log: /home/runner/work/nifty100-reporter/nifty100-reporter/logs/run_20260705_181559.log
