2026-06-20 12:45:59,425 | INFO | Nifty 100 Daily EMA Cross Reporter | Version 3.3.8 | Released 2026-04-17
2026-06-20 12:45:59,425 | INFO | Base directory: /home/runner/work/nifty100-reporter/nifty100-reporter
2026-06-20 12:45:59,425 | INFO | Loaded config. Email enabled: True | Recipients: 1
2026-06-20 12:45:59,518 | WARNING | NSE session bootstrap HTTP 403 (attempt 1/5) — refreshing NSE session cookie …
2026-06-20 12:46:09,884 | INFO | NSE session bootstrap status: 200
2026-06-20 12:46:09,885 | INFO | Downloading Nifty 100 universe from https://www.niftyindices.com/IndexConstituent/ind_nifty100list.csv
2026-06-20 12:46:10,219 | INFO | Universe download status: 200
2026-06-20 12:46:10,224 | INFO | Universe rows loaded: 102
2026-06-20 12:46:10,343 | INFO | Loaded history rows: 129851
2026-06-20 12:46:10,351 | INFO | yfinance history update: 102 symbols | 2026-06-18 → 2026-06-21
2026-06-20 12:46:10,351 | INFO | yfinance batch download: 102 symbols | 2026-06-18 → 2026-06-21
2026-06-20 12:46:14,361 | INFO | yfinance raw shape: (2, 510)
2026-06-20 12:46:14,638 | INFO | yfinance parsed rows after date-filter: 204
2026-06-20 12:46:14,639 | INFO | New rows from yfinance: 204
2026-06-20 12:46:15,421 | INFO | Saved history rows: 129851 | file: /home/runner/work/nifty100-reporter/nifty100-reporter/data/nifty100_ohlcv_history.csv
2026-06-20 12:46:15,530 | INFO | Loaded history rows: 129851
2026-06-20 12:46:15,531 | INFO | Latest OHLCV data is from 2026-06-19
2026-06-20 12:46:15,555 | INFO | Latest Delivery data is from 2026-06-19
2026-06-20 12:46:15,600 | INFO | Delivery cache has 30 dates — skipping backfill.
2026-06-20 12:46:15,600 | INFO | Delivery fetch attempt [1/7] — URL: https://archives.nseindia.com/products/content/sec_bhavdata_full_19062026.csv
2026-06-20 12:46:17,872 | INFO | Delivery fetch SUCCESS — date: 2026-06-19 | size: 369337 bytes | URL: https://archives.nseindia.com/products/content/sec_bhavdata_full_19062026.csv
2026-06-20 12:46:18,221 | INFO | Delivery cache updated: 2415 symbols for 2026-06-19 (rows in cache: 73305)
2026-06-20 12:46:18,222 | INFO | Delivery data: 2415 symbols | fallback=False
2026-06-20 12:46:18,564 | INFO | Corporate actions bulk OK: 78 raw rows | 13 Nifty100 symbols with events
2026-06-20 12:46:46,092 | INFO | Corporate actions: 13/102 symbols have events (window 20-06-2026 to 20-07-2026) | Symbols: ASIANPAINT, AXISBANK, BAJAJ-AUTO, BAJAJFINSV, BAJAJHLDNG, BAJFINANCE, HINDUNILVR, INDHOTEL, MOTHERSON, NESTLEIND, SHRIRAMFIN, TATAPOWER, TECHM
2026-06-20 12:46:46,092 | INFO | Index membership from cache: NIFTY 50 (50 symbols)
2026-06-20 12:46:46,092 | INFO | Index membership from cache: Nifty Next 50 (50 symbols)
2026-06-20 12:46:46,093 | INFO | Index membership ready: 100 symbols mapped
2026-06-20 12:46:46,552 | INFO | News RSS query for ABB: https://news.google.com/rss/search?q=%22ABB+India+Ltd.%22+NSE+when:10d&hl=en-IN&gl=IN&ceid=IN:en
2026-06-20 12:46:46,781 | INFO | News RSS status for ABB: 200
2026-06-20 12:46:47,044 | INFO | News RSS query for ADANIENSOL: https://news.google.com/rss/search?q=%22Adani+Energy+Solutions+Ltd.%22+NSE+when:10d&hl=en-IN&gl=IN&ceid=IN:en
2026-06-20 12:46:47,267 | INFO | News RSS status for ADANIENSOL: 200
2026-06-20 12:46:47,332 | INFO | News RSS query for ADANIENSOL: https://news.google.com/rss/search?q=%22Adani+Energy+Solutions+Ltd.%22+NSE+when:10d&hl=en-IN&gl=IN&ceid=IN:en
2026-06-20 12:46:47,337 | INFO | News RSS status for ADANIENSOL: 200
2026-06-20 12:46:47,780 | INFO | News RSS query for ADANIENT: https://news.google.com/rss/search?q=%22Adani+Enterprises+Ltd.%22+NSE+when:10d&hl=en-IN&gl=IN&ceid=IN:en
2026-06-20 12:46:48,029 | INFO | News RSS status for ADANIENT: 200
2026-06-20 12:46:48,473 | INFO | News RSS query for ADANIGREEN: https://news.google.com/rss/search?q=%22Adani+Green+Energy+Ltd.%22+NSE+when:10d&hl=en-IN&gl=IN&ceid=IN:en
2026-06-20 12:46:48,715 | INFO | News RSS status for ADANIGREEN: 200
2026-06-20 12:46:48,777 | INFO | News RSS query for ADANIGREEN: https://news.google.com/rss/search?q=%22Adani+Green+Energy+Ltd.%22+NSE+when:10d&hl=en-IN&gl=IN&ceid=IN:en
2026-06-20 12:46:48,782 | INFO | News RSS status for ADANIGREEN: 200
2026-06-20 12:46:49,229 | INFO | News RSS query for ADANIPORTS: https://news.google.com/rss/search?q=%22Adani+Ports+and+Special+Economic+Zone+Ltd.%22+NSE+when:10d&hl=en-IN&gl=IN&ceid=IN:en
2026-06-20 12:46:49,448 | INFO | News RSS status for ADANIPORTS: 200
2026-06-20 12:46:49,898 | INFO | News RSS query for ADANIPOWER: https://news.google.com/rss/search?q=%22Adani+Power+Ltd.%22+NSE+when:10d&hl=en-IN&gl=IN&ceid=IN:en
2026-06-20 12:46:50,142 | INFO | News RSS status for ADANIPOWER: 200
2026-06-20 12:46:50,209 | INFO | News RSS query for ADANIPOWER: https://news.google.com/rss/search?q=%22Adani+Power+Ltd.%22+NSE+when:10d&hl=en-IN&gl=IN&ceid=IN:en
2026-06-20 12:46:50,214 | INFO | News RSS status for ADANIPOWER: 200
2026-06-20 12:46:50,280 | INFO | News RSS query for ADANIPOWER: https://news.google.com/rss/search?q=%22Adani+Power+Ltd.%22+NSE+when:10d&hl=en-IN&gl=IN&ceid=IN:en
2026-06-20 12:46:50,285 | INFO | News RSS status for ADANIPOWER: 200
2026-06-20 12:46:51,115 | INFO | News RSS query for APOLLOHOSP: https://news.google.com/rss/search?q=%22Apollo+Hospitals+Enterprise+Ltd.%22+NSE+when:10d&hl=en-IN&gl=IN&ceid=IN:en
2026-06-20 12:46:51,352 | INFO | News RSS status for APOLLOHOSP: 200
2026-06-20 12:46:51,419 | INFO | News RSS query for APOLLOHOSP: https://news.google.com/rss/search?q=%22Apollo+Hospitals+Enterprise+Ltd.%22+NSE+when:10d&hl=en-IN&gl=IN&ceid=IN:en
2026-06-20 12:46:51,424 | INFO | News RSS status for APOLLOHOSP: 200
2026-06-20 12:46:51,871 | INFO | News RSS query for ASIANPAINT: https://news.google.com/rss/search?q=%22Asian+Paints+Ltd.%22+NSE+when:10d&hl=en-IN&gl=IN&ceid=IN:en
2026-06-20 12:46:52,086 | INFO | News RSS status for ASIANPAINT: 200
2026-06-20 12:46:52,088 | INFO | News RSS query for ASIANPAINT: https://news.google.com/rss/search?q=%22Asian+Paints+Ltd.%22+stock+when:10d&hl=en-IN&gl=IN&ceid=IN:en
2026-06-20 12:46:52,306 | INFO | News RSS status for ASIANPAINT: 200
2026-06-20 12:46:52,372 | INFO | News RSS query for ASIANPAINT: https://news.google.com/rss/search?q=%22Asian+Paints+Ltd.%22+NSE+when:10d&hl=en-IN&gl=IN&ceid=IN:en
2026-06-20 12:46:52,377 | INFO | News RSS status for ASIANPAINT: 200
2026-06-20 12:46:52,379 | INFO | News RSS query for ASIANPAINT: https://news.google.com/rss/search?q=%22Asian+Paints+Ltd.%22+stock+when:10d&hl=en-IN&gl=IN&ceid=IN:en
2026-06-20 12:46:52,384 | INFO | News RSS status for ASIANPAINT: 200
2026-06-20 12:46:52,829 | INFO | News RSS query for AXISBANK: https://news.google.com/rss/search?q=%22Axis+Bank+Ltd.%22+NSE+when:10d&hl=en-IN&gl=IN&ceid=IN:en
2026-06-20 12:46:53,076 | INFO | News RSS status for AXISBANK: 200
2026-06-20 12:46:53,906 | INFO | News RSS query for BAJAJFINSV: https://news.google.com/rss/search?q=%22Bajaj+Finserv+Ltd.%22+NSE+when:10d&hl=en-IN&gl=IN&ceid=IN:en
2026-06-20 12:46:54,151 | INFO | News RSS status for BAJAJFINSV: 200
2026-06-20 12:46:55,412 | INFO | News RSS query for BANKBARODA: https://news.google.com/rss/search?q=%22Bank+of+Baroda%22+NSE+when:10d&hl=en-IN&gl=IN&ceid=IN:en
2026-06-20 12:46:55,786 | INFO | News RSS status for BANKBARODA: 200
2026-06-20 12:46:55,853 | INFO | News RSS query for BANKBARODA: https://news.google.com/rss/search?q=%22Bank+of+Baroda%22+NSE+when:10d&hl=en-IN&gl=IN&ceid=IN:en
2026-06-20 12:46:55,858 | INFO | News RSS status for BANKBARODA: 200
2026-06-20 12:46:55,922 | INFO | News RSS query for BANKBARODA: https://news.google.com/rss/search?q=%22Bank+of+Baroda%22+NSE+when:10d&hl=en-IN&gl=IN&ceid=IN:en
2026-06-20 12:46:55,928 | INFO | News RSS status for BANKBARODA: 200
2026-06-20 12:46:56,372 | INFO | News RSS query for BEL: https://news.google.com/rss/search?q=%22Bharat+Electronics+Ltd.%22+NSE+when:10d&hl=en-IN&gl=IN&ceid=IN:en
2026-06-20 12:46:56,576 | INFO | News RSS status for BEL: 200
2026-06-20 12:46:57,408 | INFO | News RSS query for BOSCHLTD: https://news.google.com/rss/search?q=%22Bosch+Ltd.%22+NSE+when:10d&hl=en-IN&gl=IN&ceid=IN:en
2026-06-20 12:46:57,607 | INFO | News RSS status for BOSCHLTD: 200
2026-06-20 12:46:57,609 | INFO | News RSS query for BOSCHLTD: https://news.google.com/rss/search?q=%22Bosch+Ltd.%22+stock+when:10d&hl=en-IN&gl=IN&ceid=IN:en
2026-06-20 12:46:57,822 | INFO | News RSS status for BOSCHLTD: 200
2026-06-20 12:46:59,416 | INFO | News RSS query for CGPOWER: https://news.google.com/rss/search?q=%22CG+Power+and+Industrial+Solutions+Ltd.%22+NSE+when:10d&hl=en-IN&gl=IN&ceid=IN:en
2026-06-20 12:46:59,629 | INFO | News RSS status for CGPOWER: 200
2026-06-20 12:46:59,630 | INFO | News RSS query for CGPOWER: https://news.google.com/rss/search?q=%22CG+Power+and+Industrial+Solutions+Ltd.%22+stock+when:10d&hl=en-IN&gl=IN&ceid=IN:en
2026-06-20 12:46:59,862 | INFO | News RSS status for CGPOWER: 200
2026-06-20 12:46:59,864 | INFO | News RSS query for CGPOWER: https://news.google.com/rss/search?q=CGPOWER+NSE+when:10d&hl=en-IN&gl=IN&ceid=IN:en
2026-06-20 12:47:00,093 | INFO | News RSS status for CGPOWER: 200
2026-06-20 12:47:00,093 | INFO | News RSS query for CGPOWER: https://news.google.com/rss/search?q=site%3Aeconomictimes.indiatimes.com+%22CG+Power+and+Industrial+Solutions+Ltd.%22+when:10d&hl=en-IN&gl=IN&ceid=IN:en
2026-06-20 12:47:00,315 | INFO | News RSS status for CGPOWER: 200
2026-06-20 12:47:00,317 | INFO | News RSS query for CGPOWER: https://news.google.com/rss/search?q=site%3Amoneycontrol.com+%22CG+Power+and+Industrial+Solutions+Ltd.%22+when:10d&hl=en-IN&gl=IN&ceid=IN:en
2026-06-20 12:47:00,513 | INFO | News RSS status for CGPOWER: 200
2026-06-20 12:47:00,513 | INFO | News RSS query for CGPOWER: https://news.google.com/rss/search?q=site%3Abusinessstandard.com+%22CG+Power+and+Industrial+Solutions+Ltd.%22+when:10d&hl=en-IN&gl=IN&ceid=IN:en
2026-06-20 12:47:00,708 | INFO | News RSS status for CGPOWER: 200
2026-06-20 12:47:02,303 | INFO | News RSS query for CUMMINSIND: https://news.google.com/rss/search?q=%22Cummins+India+Ltd.%22+NSE+when:10d&hl=en-IN&gl=IN&ceid=IN:en
2026-06-20 12:47:02,529 | INFO | News RSS status for CUMMINSIND: 200
2026-06-20 12:47:02,595 | INFO | News RSS query for CUMMINSIND: https://news.google.com/rss/search?q=%22Cummins+India+Ltd.%22+NSE+when:10d&hl=en-IN&gl=IN&ceid=IN:en
2026-06-20 12:47:02,601 | INFO | News RSS status for CUMMINSIND: 200
2026-06-20 12:47:03,049 | INFO | News RSS query for DIVISLAB: https://news.google.com/rss/search?q=%22Divi%27s+Laboratories+Ltd.%22+NSE+when:10d&hl=en-IN&gl=IN&ceid=IN:en
2026-06-20 12:47:03,270 | INFO | News RSS status for DIVISLAB: 200
2026-06-20 12:47:03,271 | INFO | News RSS query for DIVISLAB: https://news.google.com/rss/search?q=%22Divi%27s+Laboratories+Ltd.%22+stock+when:10d&hl=en-IN&gl=IN&ceid=IN:en
2026-06-20 12:47:03,477 | INFO | News RSS status for DIVISLAB: 200
2026-06-20 12:47:03,478 | INFO | News RSS query for DIVISLAB: https://news.google.com/rss/search?q=DIVISLAB+NSE+when:10d&hl=en-IN&gl=IN&ceid=IN:en
2026-06-20 12:47:03,704 | INFO | News RSS status for DIVISLAB: 200
2026-06-20 12:47:05,293 | INFO | News RSS query for EICHERMOT: https://news.google.com/rss/search?q=%22Eicher+Motors+Ltd.%22+NSE+when:10d&hl=en-IN&gl=IN&ceid=IN:en
2026-06-20 12:47:05,544 | INFO | News RSS status for EICHERMOT: 200
2026-06-20 12:47:05,546 | INFO | News RSS query for EICHERMOT: https://news.google.com/rss/search?q=%22Eicher+Motors+Ltd.%22+stock+when:10d&hl=en-IN&gl=IN&ceid=IN:en
2026-06-20 12:47:05,791 | INFO | News RSS status for EICHERMOT: 200
2026-06-20 12:47:05,928 | INFO | News RSS query for ENRIN: https://news.google.com/rss/search?q=%22Siemens+Energy+India+Ltd.%22+NSE+when:10d&hl=en-IN&gl=IN&ceid=IN:en
2026-06-20 12:47:06,154 | INFO | News RSS status for ENRIN: 200
2026-06-20 12:47:07,695 | INFO | News RSS query for GRASIM: https://news.google.com/rss/search?q=%22Grasim+Industries+Ltd.%22+NSE+when:10d&hl=en-IN&gl=IN&ceid=IN:en
2026-06-20 12:47:07,935 | INFO | News RSS status for GRASIM: 200
2026-06-20 12:47:07,938 | INFO | News RSS query for GRASIM: https://news.google.com/rss/search?q=%22Grasim+Industries+Ltd.%22+stock+when:10d&hl=en-IN&gl=IN&ceid=IN:en
2026-06-20 12:47:08,148 | INFO | News RSS status for GRASIM: 200
2026-06-20 12:47:08,212 | INFO | News RSS query for GRASIM: https://news.google.com/rss/search?q=%22Grasim+Industries+Ltd.%22+NSE+when:10d&hl=en-IN&gl=IN&ceid=IN:en
2026-06-20 12:47:08,217 | INFO | News RSS status for GRASIM: 200
2026-06-20 12:47:08,220 | INFO | News RSS query for GRASIM: https://news.google.com/rss/search?q=%22Grasim+Industries+Ltd.%22+stock+when:10d&hl=en-IN&gl=IN&ceid=IN:en
2026-06-20 12:47:08,225 | INFO | News RSS status for GRASIM: 200
2026-06-20 12:47:08,666 | INFO | News RSS query for HAL: https://news.google.com/rss/search?q=%22Hindustan+Aeronautics+Ltd.%22+NSE+when:10d&hl=en-IN&gl=IN&ceid=IN:en
2026-06-20 12:47:08,913 | INFO | News RSS status for HAL: 200
2026-06-20 12:47:14,055 | INFO | News RSS query for IRFC: https://news.google.com/rss/search?q=%22Indian+Railway+Finance+Corporation+Ltd.%22+NSE+when:10d&hl=en-IN&gl=IN&ceid=IN:en
2026-06-20 12:47:14,295 | INFO | News RSS status for IRFC: 200
2026-06-20 12:47:15,704 | INFO | News RSS query for JSWSTEEL: https://news.google.com/rss/search?q=%22JSW+Steel+Ltd.%22+NSE+when:10d&hl=en-IN&gl=IN&ceid=IN:en
2026-06-20 12:47:15,983 | INFO | News RSS status for JSWSTEEL: 200
2026-06-20 12:47:17,163 | INFO | News RSS query for LT: https://news.google.com/rss/search?q=%22Larsen+%26+Toubro+Ltd.%22+NSE+when:10d&hl=en-IN&gl=IN&ceid=IN:en
2026-06-20 12:47:17,393 | INFO | News RSS status for LT: 200
2026-06-20 12:47:17,399 | WARNING | Skipping LTM — only 82 bars available (need 220). Extend history_backfill_days in config.json to include this symbol.
2026-06-20 12:47:19,381 | INFO | News RSS query for MOTHERSON: https://news.google.com/rss/search?q=%22Samvardhana+Motherson+International+Ltd.%22+NSE+when:10d&hl=en-IN&gl=IN&ceid=IN:en
2026-06-20 12:47:19,625 | INFO | News RSS status for MOTHERSON: 200
2026-06-20 12:47:19,627 | INFO | News RSS query for MOTHERSON: https://news.google.com/rss/search?q=%22Samvardhana+Motherson+International+Ltd.%22+stock+when:10d&hl=en-IN&gl=IN&ceid=IN:en
2026-06-20 12:47:19,856 | INFO | News RSS status for MOTHERSON: 200
2026-06-20 12:47:19,922 | INFO | News RSS query for MOTHERSON: https://news.google.com/rss/search?q=%22Samvardhana+Motherson+International+Ltd.%22+NSE+when:10d&hl=en-IN&gl=IN&ceid=IN:en
2026-06-20 12:47:19,928 | INFO | News RSS status for MOTHERSON: 200
2026-06-20 12:47:19,930 | INFO | News RSS query for MOTHERSON: https://news.google.com/rss/search?q=%22Samvardhana+Motherson+International+Ltd.%22+stock+when:10d&hl=en-IN&gl=IN&ceid=IN:en
2026-06-20 12:47:19,935 | INFO | News RSS status for MOTHERSON: 200
2026-06-20 12:47:22,295 | INFO | News RSS query for PIDILITIND: https://news.google.com/rss/search?q=%22Pidilite+Industries+Ltd.%22+NSE+when:10d&hl=en-IN&gl=IN&ceid=IN:en
2026-06-20 12:47:22,507 | INFO | News RSS status for PIDILITIND: 200
2026-06-20 12:47:22,509 | INFO | News RSS query for PIDILITIND: https://news.google.com/rss/search?q=%22Pidilite+Industries+Ltd.%22+stock+when:10d&hl=en-IN&gl=IN&ceid=IN:en
2026-06-20 12:47:22,741 | INFO | News RSS status for PIDILITIND: 200
2026-06-20 12:47:26,242 | INFO | News RSS query for SIEMENS: https://news.google.com/rss/search?q=%22Siemens+Ltd.%22+NSE+when:10d&hl=en-IN&gl=IN&ceid=IN:en
2026-06-20 12:47:26,509 | INFO | News RSS status for SIEMENS: 200
2026-06-20 12:47:26,575 | INFO | News RSS query for SIEMENS: https://news.google.com/rss/search?q=%22Siemens+Ltd.%22+NSE+when:10d&hl=en-IN&gl=IN&ceid=IN:en
2026-06-20 12:47:26,580 | INFO | News RSS status for SIEMENS: 200
2026-06-20 12:47:26,646 | INFO | News RSS query for SIEMENS: https://news.google.com/rss/search?q=%22Siemens+Ltd.%22+NSE+when:10d&hl=en-IN&gl=IN&ceid=IN:en
2026-06-20 12:47:26,651 | INFO | News RSS status for SIEMENS: 200
2026-06-20 12:47:27,100 | INFO | News RSS query for SOLARINDS: https://news.google.com/rss/search?q=%22Solar+Industries+India+Ltd.%22+NSE+when:10d&hl=en-IN&gl=IN&ceid=IN:en
2026-06-20 12:47:27,353 | INFO | News RSS status for SOLARINDS: 200
2026-06-20 12:47:27,419 | INFO | News RSS query for SOLARINDS: https://news.google.com/rss/search?q=%22Solar+Industries+India+Ltd.%22+NSE+when:10d&hl=en-IN&gl=IN&ceid=IN:en
2026-06-20 12:47:27,425 | INFO | News RSS status for SOLARINDS: 200
2026-06-20 12:47:27,490 | INFO | News RSS query for SOLARINDS: https://news.google.com/rss/search?q=%22Solar+Industries+India+Ltd.%22+NSE+when:10d&hl=en-IN&gl=IN&ceid=IN:en
2026-06-20 12:47:27,495 | INFO | News RSS status for SOLARINDS: 200
2026-06-20 12:47:27,940 | INFO | News RSS query for SUNPHARMA: https://news.google.com/rss/search?q=%22Sun+Pharmaceutical+Industries+Ltd.%22+NSE+when:10d&hl=en-IN&gl=IN&ceid=IN:en
2026-06-20 12:47:28,200 | INFO | News RSS status for SUNPHARMA: 200
2026-06-20 12:47:28,266 | INFO | News RSS query for SUNPHARMA: https://news.google.com/rss/search?q=%22Sun+Pharmaceutical+Industries+Ltd.%22+NSE+when:10d&hl=en-IN&gl=IN&ceid=IN:en
2026-06-20 12:47:28,271 | INFO | News RSS status for SUNPHARMA: 200
2026-06-20 12:47:28,336 | INFO | News RSS query for SUNPHARMA: https://news.google.com/rss/search?q=%22Sun+Pharmaceutical+Industries+Ltd.%22+NSE+when:10d&hl=en-IN&gl=IN&ceid=IN:en
2026-06-20 12:47:28,341 | INFO | News RSS status for SUNPHARMA: 200
2026-06-20 12:47:28,346 | WARNING | Skipping TATACAP — only 170 bars available (need 220). Extend history_backfill_days in config.json to include this symbol.
2026-06-20 12:47:30,704 | INFO | News RSS query for TITAN: https://news.google.com/rss/search?q=%22Titan+Company+Ltd.%22+NSE+when:10d&hl=en-IN&gl=IN&ceid=IN:en
2026-06-20 12:47:30,961 | INFO | News RSS status for TITAN: 200
2026-06-20 12:47:30,967 | WARNING | Skipping TMCV — only 150 bars available (need 220). Extend history_backfill_days in config.json to include this symbol.
2026-06-20 12:47:30,967 | WARNING | Skipping TMPV — only 167 bars available (need 220). Extend history_backfill_days in config.json to include this symbol.
2026-06-20 12:47:31,414 | INFO | News RSS query for TORNTPHARM: https://news.google.com/rss/search?q=%22Torrent+Pharmaceuticals+Ltd.%22+NSE+when:10d&hl=en-IN&gl=IN&ceid=IN:en
2026-06-20 12:47:31,664 | INFO | News RSS status for TORNTPHARM: 200
2026-06-20 12:47:33,344 | WARNING | Skipping VAML — only 5 bars available (need 220). Extend history_backfill_days in config.json to include this symbol.
2026-06-20 12:47:33,786 | INFO | News RSS query for VBL: https://news.google.com/rss/search?q=%22Varun+Beverages+Ltd.%22+NSE+when:10d&hl=en-IN&gl=IN&ceid=IN:en
2026-06-20 12:47:34,056 | INFO | News RSS status for VBL: 200
2026-06-20 12:47:34,442 | WARNING | Skipping VEDPOWER — only 4 bars available (need 220). Extend history_backfill_days in config.json to include this symbol.
2026-06-20 12:47:34,443 | WARNING | Skipping VISL — only 4 bars available (need 220). Extend history_backfill_days in config.json to include this symbol.
2026-06-20 12:47:34,443 | WARNING | Skipping VOGL — only 5 bars available (need 220). Extend history_backfill_days in config.json to include this symbol.
2026-06-20 12:47:35,270 | INFO | News RSS query for ZYDUSLIFE: https://news.google.com/rss/search?q=%22Zydus+Lifesciences+Ltd.%22+NSE+when:10d&hl=en-IN&gl=IN&ceid=IN:en
2026-06-20 12:47:35,458 | INFO | News RSS status for ZYDUSLIFE: 200
2026-06-20 12:47:35,461 | INFO | News RSS query for ZYDUSLIFE: https://news.google.com/rss/search?q=%22Zydus+Lifesciences+Ltd.%22+stock+when:10d&hl=en-IN&gl=IN&ceid=IN:en
2026-06-20 12:47:35,718 | INFO | News RSS status for ZYDUSLIFE: 200
2026-06-20 12:47:35,782 | INFO | News RSS query for ZYDUSLIFE: https://news.google.com/rss/search?q=%22Zydus+Lifesciences+Ltd.%22+NSE+when:10d&hl=en-IN&gl=IN&ceid=IN:en
2026-06-20 12:47:35,787 | INFO | News RSS status for ZYDUSLIFE: 200
2026-06-20 12:47:35,789 | INFO | News RSS query for ZYDUSLIFE: https://news.google.com/rss/search?q=%22Zydus+Lifesciences+Ltd.%22+stock+when:10d&hl=en-IN&gl=IN&ceid=IN:en
2026-06-20 12:47:35,794 | INFO | News RSS status for ZYDUSLIFE: 200
2026-06-20 12:47:35,803 | INFO | Index membership from cache: NIFTY 50 (50 symbols)
2026-06-20 12:47:35,803 | INFO | Index membership from cache: Nifty Next 50 (50 symbols)
2026-06-20 12:47:35,803 | INFO | Index membership ready: 100 symbols mapped
2026-06-20 12:47:35,803 | INFO | Market Health: fetching index OHLCV...
2026-06-20 12:47:36,572 | INFO | Index OHLCV via niftyindices for NIFTY 50: 1405 rows (+3)
2026-06-20 12:47:37,099 | INFO | Index OHLCV via niftyindices for NIFTY NEXT 50: 1405 rows (+3)
2026-06-20 12:47:37,100 | INFO | Market Health: fetching VIX...
2026-06-20 12:47:37,594 | INFO | VIX via niftyindices: 103 rows (+3)
2026-06-20 12:47:37,595 | INFO | Market Health: updating breadth EMA cache...
2026-06-20 12:47:38,845 | INFO | Market Health [NIFTY 50]: Score=30.5 | Weak Bull &#x1F7E1;
2026-06-20 12:47:38,863 | INFO | Market Health [Nifty Next 50]: Score=64.5 | Strong Bull &#x1F7E2;
2026-06-20 12:47:38,968 | INFO | Signal log: skipping new signal insertion — 2026-06-20 is a weekend.
2026-06-20 12:47:39,921 | INFO | Signal tracker: updated 141 Active signal rows.
2026-06-20 12:47:39,939 | INFO | HTML report written: /home/runner/work/nifty100-reporter/nifty100-reporter/reports/nifty100_daily_report_20260620.html
2026-06-20 12:47:39,947 | INFO | Market Health Excel sheet written.
2026-06-20 12:47:40,588 | INFO | Excel report written: /home/runner/work/nifty100-reporter/nifty100-reporter/reports/nifty100_daily_report_20260620.xlsx
2026-06-20 12:47:40,588 | INFO | GitHub Actions detected — skipping Gmail API send (workflow handles email).
2026-06-20 12:47:40,588 | INFO | Run completed successfully.
2026-06-20 12:47:40,588 | INFO | Artifacts: /home/runner/work/nifty100-reporter/nifty100-reporter/reports/nifty100_daily_report_20260620.html | /home/runner/work/nifty100-reporter/nifty100-reporter/reports/nifty100_daily_report_20260620.xlsx | log: /home/runner/work/nifty100-reporter/nifty100-reporter/logs/run_20260620_181559.log
