2026-06-21 12:46:06,903 | INFO | Nifty 100 Daily EMA Cross Reporter | Version 3.3.8 | Released 2026-04-17
2026-06-21 12:46:06,903 | INFO | Base directory: /home/runner/work/nifty100-reporter/nifty100-reporter
2026-06-21 12:46:06,904 | INFO | Loaded config. Email enabled: True | Recipients: 1
2026-06-21 12:46:07,149 | WARNING | NSE session bootstrap HTTP 403 (attempt 1/5) — refreshing NSE session cookie …
2026-06-21 12:46:17,865 | INFO | NSE session bootstrap status: 200
2026-06-21 12:46:17,865 | INFO | Downloading Nifty 100 universe from https://www.niftyindices.com/IndexConstituent/ind_nifty100list.csv
2026-06-21 12:46:18,341 | INFO | Universe download status: 200
2026-06-21 12:46:18,346 | INFO | Universe rows loaded: 102
2026-06-21 12:46:18,458 | INFO | Loaded history rows: 129851
2026-06-21 12:46:18,467 | INFO | yfinance history update: 102 symbols | 2026-06-18 → 2026-06-22
2026-06-21 12:46:18,467 | INFO | yfinance batch download: 102 symbols | 2026-06-18 → 2026-06-22
2026-06-21 12:46:27,710 | INFO | yfinance raw shape: (2, 510)
2026-06-21 12:46:27,996 | INFO | yfinance parsed rows after date-filter: 204
2026-06-21 12:46:27,998 | INFO | New rows from yfinance: 204
2026-06-21 12:46:28,790 | INFO | Saved history rows: 129851 | file: /home/runner/work/nifty100-reporter/nifty100-reporter/data/nifty100_ohlcv_history.csv
2026-06-21 12:46:28,893 | INFO | Loaded history rows: 129851
2026-06-21 12:46:28,894 | INFO | Latest OHLCV data is from 2026-06-19
2026-06-21 12:46:28,919 | INFO | Latest Delivery data is from 2026-06-19
2026-06-21 12:46:28,964 | INFO | Delivery cache has 30 dates — skipping backfill.
2026-06-21 12:46:28,964 | INFO | Delivery fetch attempt [2/7] — URL: https://archives.nseindia.com/products/content/sec_bhavdata_full_19062026.csv
2026-06-21 12:46:29,697 | INFO | Delivery fetch SUCCESS — date: 2026-06-19 | size: 369337 bytes | URL: https://archives.nseindia.com/products/content/sec_bhavdata_full_19062026.csv
2026-06-21 12:46:30,048 | INFO | Delivery cache updated: 2415 symbols for 2026-06-19 (rows in cache: 73305)
2026-06-21 12:46:30,049 | INFO | Delivery data: 2415 symbols | fallback=False
2026-06-21 12:46:30,417 | INFO | Corporate actions bulk OK: 79 raw rows | 14 Nifty100 symbols with events
2026-06-21 12:46:59,590 | INFO | Corporate actions: 14/102 symbols have events (window 21-06-2026 to 21-07-2026) | Symbols: ASIANPAINT, AXISBANK, BAJAJ-AUTO, BAJAJFINSV, BAJAJHLDNG, BAJFINANCE, CHOLAFIN, HINDUNILVR, INDHOTEL, MOTHERSON, NESTLEIND, SHRIRAMFIN, TATAPOWER, TECHM
2026-06-21 12:46:59,590 | INFO | Index membership from cache: NIFTY 50 (50 symbols)
2026-06-21 12:46:59,590 | INFO | Index membership from cache: Nifty Next 50 (50 symbols)
2026-06-21 12:46:59,590 | INFO | Index membership ready: 100 symbols mapped
2026-06-21 12:47:00,051 | INFO | News RSS query for ABB: https://news.google.com/rss/search?q=%22ABB+India+Ltd.%22+NSE+when:10d&hl=en-IN&gl=IN&ceid=IN:en
2026-06-21 12:47:00,441 | INFO | News RSS status for ABB: 200
2026-06-21 12:47:00,701 | INFO | News RSS query for ADANIENSOL: https://news.google.com/rss/search?q=%22Adani+Energy+Solutions+Ltd.%22+NSE+when:10d&hl=en-IN&gl=IN&ceid=IN:en
2026-06-21 12:47:00,919 | INFO | News RSS status for ADANIENSOL: 200
2026-06-21 12:47:00,984 | INFO | News RSS query for ADANIENSOL: https://news.google.com/rss/search?q=%22Adani+Energy+Solutions+Ltd.%22+NSE+when:10d&hl=en-IN&gl=IN&ceid=IN:en
2026-06-21 12:47:00,998 | INFO | News RSS status for ADANIENSOL: 200
2026-06-21 12:47:01,441 | INFO | News RSS query for ADANIENT: https://news.google.com/rss/search?q=%22Adani+Enterprises+Ltd.%22+NSE+when:10d&hl=en-IN&gl=IN&ceid=IN:en
2026-06-21 12:47:01,681 | INFO | News RSS status for ADANIENT: 200
2026-06-21 12:47:02,125 | INFO | News RSS query for ADANIGREEN: https://news.google.com/rss/search?q=%22Adani+Green+Energy+Ltd.%22+NSE+when:10d&hl=en-IN&gl=IN&ceid=IN:en
2026-06-21 12:47:02,344 | INFO | News RSS status for ADANIGREEN: 200
2026-06-21 12:47:02,409 | INFO | News RSS query for ADANIGREEN: https://news.google.com/rss/search?q=%22Adani+Green+Energy+Ltd.%22+NSE+when:10d&hl=en-IN&gl=IN&ceid=IN:en
2026-06-21 12:47:02,423 | INFO | News RSS status for ADANIGREEN: 200
2026-06-21 12:47:02,864 | INFO | News RSS query for ADANIPORTS: https://news.google.com/rss/search?q=%22Adani+Ports+and+Special+Economic+Zone+Ltd.%22+NSE+when:10d&hl=en-IN&gl=IN&ceid=IN:en
2026-06-21 12:47:03,145 | INFO | News RSS status for ADANIPORTS: 200
2026-06-21 12:47:03,587 | INFO | News RSS query for ADANIPOWER: https://news.google.com/rss/search?q=%22Adani+Power+Ltd.%22+NSE+when:10d&hl=en-IN&gl=IN&ceid=IN:en
2026-06-21 12:47:03,841 | INFO | News RSS status for ADANIPOWER: 200
2026-06-21 12:47:03,906 | INFO | News RSS query for ADANIPOWER: https://news.google.com/rss/search?q=%22Adani+Power+Ltd.%22+NSE+when:10d&hl=en-IN&gl=IN&ceid=IN:en
2026-06-21 12:47:03,920 | INFO | News RSS status for ADANIPOWER: 200
2026-06-21 12:47:03,983 | INFO | News RSS query for ADANIPOWER: https://news.google.com/rss/search?q=%22Adani+Power+Ltd.%22+NSE+when:10d&hl=en-IN&gl=IN&ceid=IN:en
2026-06-21 12:47:03,996 | INFO | News RSS status for ADANIPOWER: 200
2026-06-21 12:47:04,820 | INFO | News RSS query for APOLLOHOSP: https://news.google.com/rss/search?q=%22Apollo+Hospitals+Enterprise+Ltd.%22+NSE+when:10d&hl=en-IN&gl=IN&ceid=IN:en
2026-06-21 12:47:05,023 | INFO | News RSS status for APOLLOHOSP: 200
2026-06-21 12:47:05,085 | INFO | News RSS query for APOLLOHOSP: https://news.google.com/rss/search?q=%22Apollo+Hospitals+Enterprise+Ltd.%22+NSE+when:10d&hl=en-IN&gl=IN&ceid=IN:en
2026-06-21 12:47:05,099 | INFO | News RSS status for APOLLOHOSP: 200
2026-06-21 12:47:05,538 | INFO | News RSS query for ASIANPAINT: https://news.google.com/rss/search?q=%22Asian+Paints+Ltd.%22+NSE+when:10d&hl=en-IN&gl=IN&ceid=IN:en
2026-06-21 12:47:05,753 | INFO | News RSS status for ASIANPAINT: 200
2026-06-21 12:47:05,815 | INFO | News RSS query for ASIANPAINT: https://news.google.com/rss/search?q=%22Asian+Paints+Ltd.%22+NSE+when:10d&hl=en-IN&gl=IN&ceid=IN:en
2026-06-21 12:47:05,829 | INFO | News RSS status for ASIANPAINT: 200
2026-06-21 12:47:06,272 | INFO | News RSS query for AXISBANK: https://news.google.com/rss/search?q=%22Axis+Bank+Ltd.%22+NSE+when:10d&hl=en-IN&gl=IN&ceid=IN:en
2026-06-21 12:47:06,533 | INFO | News RSS status for AXISBANK: 200
2026-06-21 12:47:07,357 | INFO | News RSS query for BAJAJFINSV: https://news.google.com/rss/search?q=%22Bajaj+Finserv+Ltd.%22+NSE+when:10d&hl=en-IN&gl=IN&ceid=IN:en
2026-06-21 12:47:07,580 | INFO | News RSS status for BAJAJFINSV: 200
2026-06-21 12:47:08,788 | INFO | News RSS query for BANKBARODA: https://news.google.com/rss/search?q=%22Bank+of+Baroda%22+NSE+when:10d&hl=en-IN&gl=IN&ceid=IN:en
2026-06-21 12:47:09,075 | INFO | News RSS status for BANKBARODA: 200
2026-06-21 12:47:09,137 | INFO | News RSS query for BANKBARODA: https://news.google.com/rss/search?q=%22Bank+of+Baroda%22+NSE+when:10d&hl=en-IN&gl=IN&ceid=IN:en
2026-06-21 12:47:09,154 | INFO | News RSS status for BANKBARODA: 200
2026-06-21 12:47:09,263 | INFO | News RSS query for BANKBARODA: https://news.google.com/rss/search?q=%22Bank+of+Baroda%22+NSE+when:10d&hl=en-IN&gl=IN&ceid=IN:en
2026-06-21 12:47:09,281 | INFO | News RSS status for BANKBARODA: 200
2026-06-21 12:47:09,720 | INFO | News RSS query for BEL: https://news.google.com/rss/search?q=%22Bharat+Electronics+Ltd.%22+NSE+when:10d&hl=en-IN&gl=IN&ceid=IN:en
2026-06-21 12:47:09,957 | INFO | News RSS status for BEL: 200
2026-06-21 12:47:10,782 | INFO | News RSS query for BOSCHLTD: https://news.google.com/rss/search?q=%22Bosch+Ltd.%22+NSE+when:10d&hl=en-IN&gl=IN&ceid=IN:en
2026-06-21 12:47:10,951 | INFO | News RSS status for BOSCHLTD: 200
2026-06-21 12:47:10,951 | INFO | News RSS query for BOSCHLTD: https://news.google.com/rss/search?q=%22Bosch+Ltd.%22+stock+when:10d&hl=en-IN&gl=IN&ceid=IN:en
2026-06-21 12:47:11,183 | INFO | News RSS status for BOSCHLTD: 200
2026-06-21 12:47:12,778 | INFO | News RSS query for CGPOWER: https://news.google.com/rss/search?q=%22CG+Power+and+Industrial+Solutions+Ltd.%22+NSE+when:10d&hl=en-IN&gl=IN&ceid=IN:en
2026-06-21 12:47:13,046 | INFO | News RSS status for CGPOWER: 200
2026-06-21 12:47:13,047 | INFO | News RSS query for CGPOWER: https://news.google.com/rss/search?q=%22CG+Power+and+Industrial+Solutions+Ltd.%22+stock+when:10d&hl=en-IN&gl=IN&ceid=IN:en
2026-06-21 12:47:13,282 | INFO | News RSS status for CGPOWER: 200
2026-06-21 12:47:13,283 | INFO | News RSS query for CGPOWER: https://news.google.com/rss/search?q=CGPOWER+NSE+when:10d&hl=en-IN&gl=IN&ceid=IN:en
2026-06-21 12:47:13,492 | INFO | News RSS status for CGPOWER: 200
2026-06-21 12:47:13,492 | INFO | News RSS query for CGPOWER: https://news.google.com/rss/search?q=site%3Aeconomictimes.indiatimes.com+%22CG+Power+and+Industrial+Solutions+Ltd.%22+when:10d&hl=en-IN&gl=IN&ceid=IN:en
2026-06-21 12:47:13,736 | INFO | News RSS status for CGPOWER: 200
2026-06-21 12:47:13,738 | INFO | News RSS query for CGPOWER: https://news.google.com/rss/search?q=site%3Amoneycontrol.com+%22CG+Power+and+Industrial+Solutions+Ltd.%22+when:10d&hl=en-IN&gl=IN&ceid=IN:en
2026-06-21 12:47:13,944 | INFO | News RSS status for CGPOWER: 200
2026-06-21 12:47:13,944 | INFO | News RSS query for CGPOWER: https://news.google.com/rss/search?q=site%3Abusinessstandard.com+%22CG+Power+and+Industrial+Solutions+Ltd.%22+when:10d&hl=en-IN&gl=IN&ceid=IN:en
2026-06-21 12:47:14,120 | INFO | News RSS status for CGPOWER: 200
2026-06-21 12:47:15,707 | INFO | News RSS query for CUMMINSIND: https://news.google.com/rss/search?q=%22Cummins+India+Ltd.%22+NSE+when:10d&hl=en-IN&gl=IN&ceid=IN:en
2026-06-21 12:47:15,932 | INFO | News RSS status for CUMMINSIND: 200
2026-06-21 12:47:15,997 | INFO | News RSS query for CUMMINSIND: https://news.google.com/rss/search?q=%22Cummins+India+Ltd.%22+NSE+when:10d&hl=en-IN&gl=IN&ceid=IN:en
2026-06-21 12:47:16,011 | INFO | News RSS status for CUMMINSIND: 200
2026-06-21 12:47:16,459 | INFO | News RSS query for DIVISLAB: https://news.google.com/rss/search?q=%22Divi%27s+Laboratories+Ltd.%22+NSE+when:10d&hl=en-IN&gl=IN&ceid=IN:en
2026-06-21 12:47:16,642 | INFO | News RSS status for DIVISLAB: 200
2026-06-21 12:47:16,644 | INFO | News RSS query for DIVISLAB: https://news.google.com/rss/search?q=%22Divi%27s+Laboratories+Ltd.%22+stock+when:10d&hl=en-IN&gl=IN&ceid=IN:en
2026-06-21 12:47:16,839 | INFO | News RSS status for DIVISLAB: 200
2026-06-21 12:47:16,839 | INFO | News RSS query for DIVISLAB: https://news.google.com/rss/search?q=DIVISLAB+NSE+when:10d&hl=en-IN&gl=IN&ceid=IN:en
2026-06-21 12:47:17,109 | INFO | News RSS status for DIVISLAB: 200
2026-06-21 12:47:17,110 | INFO | News RSS query for DIVISLAB: https://news.google.com/rss/search?q=site%3Aeconomictimes.indiatimes.com+%22Divi%27s+Laboratories+Ltd.%22+when:10d&hl=en-IN&gl=IN&ceid=IN:en
2026-06-21 12:47:17,335 | INFO | News RSS status for DIVISLAB: 200
2026-06-21 12:47:17,336 | INFO | News RSS query for DIVISLAB: https://news.google.com/rss/search?q=site%3Amoneycontrol.com+%22Divi%27s+Laboratories+Ltd.%22+when:10d&hl=en-IN&gl=IN&ceid=IN:en
2026-06-21 12:47:17,485 | INFO | News RSS status for DIVISLAB: 200
2026-06-21 12:47:17,485 | INFO | News RSS query for DIVISLAB: https://news.google.com/rss/search?q=site%3Abusinessstandard.com+%22Divi%27s+Laboratories+Ltd.%22+when:10d&hl=en-IN&gl=IN&ceid=IN:en
2026-06-21 12:47:17,678 | INFO | News RSS status for DIVISLAB: 200
2026-06-21 12:47:19,257 | INFO | News RSS query for EICHERMOT: https://news.google.com/rss/search?q=%22Eicher+Motors+Ltd.%22+NSE+when:10d&hl=en-IN&gl=IN&ceid=IN:en
2026-06-21 12:47:19,491 | INFO | News RSS status for EICHERMOT: 200
2026-06-21 12:47:19,494 | INFO | News RSS query for EICHERMOT: https://news.google.com/rss/search?q=%22Eicher+Motors+Ltd.%22+stock+when:10d&hl=en-IN&gl=IN&ceid=IN:en
2026-06-21 12:47:19,767 | INFO | News RSS status for EICHERMOT: 200
2026-06-21 12:47:19,905 | INFO | News RSS query for ENRIN: https://news.google.com/rss/search?q=%22Siemens+Energy+India+Ltd.%22+NSE+when:10d&hl=en-IN&gl=IN&ceid=IN:en
2026-06-21 12:47:20,128 | INFO | News RSS status for ENRIN: 200
2026-06-21 12:47:21,654 | INFO | News RSS query for GRASIM: https://news.google.com/rss/search?q=%22Grasim+Industries+Ltd.%22+NSE+when:10d&hl=en-IN&gl=IN&ceid=IN:en
2026-06-21 12:47:21,918 | INFO | News RSS status for GRASIM: 200
2026-06-21 12:47:21,921 | INFO | News RSS query for GRASIM: https://news.google.com/rss/search?q=%22Grasim+Industries+Ltd.%22+stock+when:10d&hl=en-IN&gl=IN&ceid=IN:en
2026-06-21 12:47:22,153 | INFO | News RSS status for GRASIM: 200
2026-06-21 12:47:22,218 | INFO | News RSS query for GRASIM: https://news.google.com/rss/search?q=%22Grasim+Industries+Ltd.%22+NSE+when:10d&hl=en-IN&gl=IN&ceid=IN:en
2026-06-21 12:47:22,231 | INFO | News RSS status for GRASIM: 200
2026-06-21 12:47:22,233 | INFO | News RSS query for GRASIM: https://news.google.com/rss/search?q=%22Grasim+Industries+Ltd.%22+stock+when:10d&hl=en-IN&gl=IN&ceid=IN:en
2026-06-21 12:47:22,247 | INFO | News RSS status for GRASIM: 200
2026-06-21 12:47:22,685 | INFO | News RSS query for HAL: https://news.google.com/rss/search?q=%22Hindustan+Aeronautics+Ltd.%22+NSE+when:10d&hl=en-IN&gl=IN&ceid=IN:en
2026-06-21 12:47:22,951 | INFO | News RSS status for HAL: 200
2026-06-21 12:47:28,079 | INFO | News RSS query for IRFC: https://news.google.com/rss/search?q=%22Indian+Railway+Finance+Corporation+Ltd.%22+NSE+when:10d&hl=en-IN&gl=IN&ceid=IN:en
2026-06-21 12:47:28,307 | INFO | News RSS status for IRFC: 200
2026-06-21 12:47:29,713 | INFO | News RSS query for JSWSTEEL: https://news.google.com/rss/search?q=%22JSW+Steel+Ltd.%22+NSE+when:10d&hl=en-IN&gl=IN&ceid=IN:en
2026-06-21 12:47:29,915 | INFO | News RSS status for JSWSTEEL: 200
2026-06-21 12:47:31,094 | INFO | News RSS query for LT: https://news.google.com/rss/search?q=%22Larsen+%26+Toubro+Ltd.%22+NSE+when:10d&hl=en-IN&gl=IN&ceid=IN:en
2026-06-21 12:47:31,288 | INFO | News RSS status for LT: 200
2026-06-21 12:47:31,288 | INFO | News RSS query for LT: https://news.google.com/rss/search?q=%22Larsen+%26+Toubro+Ltd.%22+stock+when:10d&hl=en-IN&gl=IN&ceid=IN:en
2026-06-21 12:47:31,517 | INFO | News RSS status for LT: 200
2026-06-21 12:47:31,523 | WARNING | Skipping LTM — only 82 bars available (need 220). Extend history_backfill_days in config.json to include this symbol.
2026-06-21 12:47:33,504 | INFO | News RSS query for MOTHERSON: https://news.google.com/rss/search?q=%22Samvardhana+Motherson+International+Ltd.%22+NSE+when:10d&hl=en-IN&gl=IN&ceid=IN:en
2026-06-21 12:47:33,751 | INFO | News RSS status for MOTHERSON: 200
2026-06-21 12:47:33,753 | INFO | News RSS query for MOTHERSON: https://news.google.com/rss/search?q=%22Samvardhana+Motherson+International+Ltd.%22+stock+when:10d&hl=en-IN&gl=IN&ceid=IN:en
2026-06-21 12:47:33,991 | INFO | News RSS status for MOTHERSON: 200
2026-06-21 12:47:34,056 | INFO | News RSS query for MOTHERSON: https://news.google.com/rss/search?q=%22Samvardhana+Motherson+International+Ltd.%22+NSE+when:10d&hl=en-IN&gl=IN&ceid=IN:en
2026-06-21 12:47:34,069 | INFO | News RSS status for MOTHERSON: 200
2026-06-21 12:47:34,071 | INFO | News RSS query for MOTHERSON: https://news.google.com/rss/search?q=%22Samvardhana+Motherson+International+Ltd.%22+stock+when:10d&hl=en-IN&gl=IN&ceid=IN:en
2026-06-21 12:47:34,085 | INFO | News RSS status for MOTHERSON: 200
2026-06-21 12:47:36,441 | INFO | News RSS query for PIDILITIND: https://news.google.com/rss/search?q=%22Pidilite+Industries+Ltd.%22+NSE+when:10d&hl=en-IN&gl=IN&ceid=IN:en
2026-06-21 12:47:36,660 | INFO | News RSS status for PIDILITIND: 200
2026-06-21 12:47:36,663 | INFO | News RSS query for PIDILITIND: https://news.google.com/rss/search?q=%22Pidilite+Industries+Ltd.%22+stock+when:10d&hl=en-IN&gl=IN&ceid=IN:en
2026-06-21 12:47:36,892 | INFO | News RSS status for PIDILITIND: 200
2026-06-21 12:47:40,379 | INFO | News RSS query for SIEMENS: https://news.google.com/rss/search?q=%22Siemens+Ltd.%22+NSE+when:10d&hl=en-IN&gl=IN&ceid=IN:en
2026-06-21 12:47:40,585 | INFO | News RSS status for SIEMENS: 200
2026-06-21 12:47:40,651 | INFO | News RSS query for SIEMENS: https://news.google.com/rss/search?q=%22Siemens+Ltd.%22+NSE+when:10d&hl=en-IN&gl=IN&ceid=IN:en
2026-06-21 12:47:40,665 | INFO | News RSS status for SIEMENS: 200
2026-06-21 12:47:40,730 | INFO | News RSS query for SIEMENS: https://news.google.com/rss/search?q=%22Siemens+Ltd.%22+NSE+when:10d&hl=en-IN&gl=IN&ceid=IN:en
2026-06-21 12:47:40,744 | INFO | News RSS status for SIEMENS: 200
2026-06-21 12:47:41,195 | INFO | News RSS query for SOLARINDS: https://news.google.com/rss/search?q=%22Solar+Industries+India+Ltd.%22+NSE+when:10d&hl=en-IN&gl=IN&ceid=IN:en
2026-06-21 12:47:41,422 | INFO | News RSS status for SOLARINDS: 200
2026-06-21 12:47:41,488 | INFO | News RSS query for SOLARINDS: https://news.google.com/rss/search?q=%22Solar+Industries+India+Ltd.%22+NSE+when:10d&hl=en-IN&gl=IN&ceid=IN:en
2026-06-21 12:47:41,501 | INFO | News RSS status for SOLARINDS: 200
2026-06-21 12:47:41,566 | INFO | News RSS query for SOLARINDS: https://news.google.com/rss/search?q=%22Solar+Industries+India+Ltd.%22+NSE+when:10d&hl=en-IN&gl=IN&ceid=IN:en
2026-06-21 12:47:41,579 | INFO | News RSS status for SOLARINDS: 200
2026-06-21 12:47:42,024 | INFO | News RSS query for SUNPHARMA: https://news.google.com/rss/search?q=%22Sun+Pharmaceutical+Industries+Ltd.%22+NSE+when:10d&hl=en-IN&gl=IN&ceid=IN:en
2026-06-21 12:47:42,296 | INFO | News RSS status for SUNPHARMA: 200
2026-06-21 12:47:42,363 | INFO | News RSS query for SUNPHARMA: https://news.google.com/rss/search?q=%22Sun+Pharmaceutical+Industries+Ltd.%22+NSE+when:10d&hl=en-IN&gl=IN&ceid=IN:en
2026-06-21 12:47:42,376 | INFO | News RSS status for SUNPHARMA: 200
2026-06-21 12:47:42,442 | INFO | News RSS query for SUNPHARMA: https://news.google.com/rss/search?q=%22Sun+Pharmaceutical+Industries+Ltd.%22+NSE+when:10d&hl=en-IN&gl=IN&ceid=IN:en
2026-06-21 12:47:42,456 | INFO | News RSS status for SUNPHARMA: 200
2026-06-21 12:47:42,461 | WARNING | Skipping TATACAP — only 170 bars available (need 220). Extend history_backfill_days in config.json to include this symbol.
2026-06-21 12:47:44,821 | INFO | News RSS query for TITAN: https://news.google.com/rss/search?q=%22Titan+Company+Ltd.%22+NSE+when:10d&hl=en-IN&gl=IN&ceid=IN:en
2026-06-21 12:47:45,081 | INFO | News RSS status for TITAN: 200
2026-06-21 12:47:45,086 | WARNING | Skipping TMCV — only 150 bars available (need 220). Extend history_backfill_days in config.json to include this symbol.
2026-06-21 12:47:45,087 | WARNING | Skipping TMPV — only 167 bars available (need 220). Extend history_backfill_days in config.json to include this symbol.
2026-06-21 12:47:45,535 | INFO | News RSS query for TORNTPHARM: https://news.google.com/rss/search?q=%22Torrent+Pharmaceuticals+Ltd.%22+NSE+when:10d&hl=en-IN&gl=IN&ceid=IN:en
2026-06-21 12:47:45,793 | INFO | News RSS status for TORNTPHARM: 200
2026-06-21 12:47:47,476 | WARNING | Skipping VAML — only 5 bars available (need 220). Extend history_backfill_days in config.json to include this symbol.
2026-06-21 12:47:47,929 | INFO | News RSS query for VBL: https://news.google.com/rss/search?q=%22Varun+Beverages+Ltd.%22+NSE+when:10d&hl=en-IN&gl=IN&ceid=IN:en
2026-06-21 12:47:48,192 | INFO | News RSS status for VBL: 200
2026-06-21 12:47:48,576 | WARNING | Skipping VEDPOWER — only 4 bars available (need 220). Extend history_backfill_days in config.json to include this symbol.
2026-06-21 12:47:48,577 | WARNING | Skipping VISL — only 4 bars available (need 220). Extend history_backfill_days in config.json to include this symbol.
2026-06-21 12:47:48,577 | WARNING | Skipping VOGL — only 5 bars available (need 220). Extend history_backfill_days in config.json to include this symbol.
2026-06-21 12:47:49,402 | INFO | News RSS query for ZYDUSLIFE: https://news.google.com/rss/search?q=%22Zydus+Lifesciences+Ltd.%22+NSE+when:10d&hl=en-IN&gl=IN&ceid=IN:en
2026-06-21 12:47:49,628 | INFO | News RSS status for ZYDUSLIFE: 200
2026-06-21 12:47:49,631 | INFO | News RSS query for ZYDUSLIFE: https://news.google.com/rss/search?q=%22Zydus+Lifesciences+Ltd.%22+stock+when:10d&hl=en-IN&gl=IN&ceid=IN:en
2026-06-21 12:47:49,873 | INFO | News RSS status for ZYDUSLIFE: 200
2026-06-21 12:47:49,939 | INFO | News RSS query for ZYDUSLIFE: https://news.google.com/rss/search?q=%22Zydus+Lifesciences+Ltd.%22+NSE+when:10d&hl=en-IN&gl=IN&ceid=IN:en
2026-06-21 12:47:49,953 | INFO | News RSS status for ZYDUSLIFE: 200
2026-06-21 12:47:49,955 | INFO | News RSS query for ZYDUSLIFE: https://news.google.com/rss/search?q=%22Zydus+Lifesciences+Ltd.%22+stock+when:10d&hl=en-IN&gl=IN&ceid=IN:en
2026-06-21 12:47:49,969 | INFO | News RSS status for ZYDUSLIFE: 200
2026-06-21 12:47:49,979 | INFO | Index membership from cache: NIFTY 50 (50 symbols)
2026-06-21 12:47:49,979 | INFO | Index membership from cache: Nifty Next 50 (50 symbols)
2026-06-21 12:47:49,979 | INFO | Index membership ready: 100 symbols mapped
2026-06-21 12:47:49,979 | INFO | Market Health: fetching index OHLCV...
2026-06-21 12:47:49,983 | INFO | Index OHLCV cache fresh for NIFTY 50 (1405 rows)
2026-06-21 12:47:49,986 | INFO | Index OHLCV cache fresh for NIFTY NEXT 50 (1405 rows)
2026-06-21 12:47:49,986 | INFO | Market Health: fetching VIX...
2026-06-21 12:47:49,988 | INFO | VIX cache fresh (103 rows)
2026-06-21 12:47:49,988 | INFO | Market Health: updating breadth EMA cache...
2026-06-21 12:47:51,281 | INFO | Market Health [NIFTY 50]: Score=30.5 | Weak Bull &#x1F7E1;
2026-06-21 12:47:51,300 | INFO | Market Health [Nifty Next 50]: Score=64.5 | Strong Bull &#x1F7E2;
2026-06-21 12:47:51,407 | INFO | Signal log: skipping new signal insertion — 2026-06-21 is a weekend.
2026-06-21 12:47:52,392 | INFO | Signal tracker: updated 141 Active signal rows.
2026-06-21 12:47:52,411 | INFO | HTML report written: /home/runner/work/nifty100-reporter/nifty100-reporter/reports/nifty100_daily_report_20260621.html
2026-06-21 12:47:52,420 | INFO | Market Health Excel sheet written.
2026-06-21 12:47:53,096 | INFO | Excel report written: /home/runner/work/nifty100-reporter/nifty100-reporter/reports/nifty100_daily_report_20260621.xlsx
2026-06-21 12:47:53,096 | INFO | GitHub Actions detected — skipping Gmail API send (workflow handles email).
2026-06-21 12:47:53,097 | INFO | Run completed successfully.
2026-06-21 12:47:53,097 | INFO | Artifacts: /home/runner/work/nifty100-reporter/nifty100-reporter/reports/nifty100_daily_report_20260621.html | /home/runner/work/nifty100-reporter/nifty100-reporter/reports/nifty100_daily_report_20260621.xlsx | log: /home/runner/work/nifty100-reporter/nifty100-reporter/logs/run_20260621_181606.log
