2026-06-13 12:45:57,664 | INFO | Nifty 100 Daily EMA Cross Reporter | Version 3.3.8 | Released 2026-04-17
2026-06-13 12:45:57,664 | INFO | Base directory: /home/runner/work/nifty100-reporter/nifty100-reporter
2026-06-13 12:45:57,664 | INFO | Loaded config. Email enabled: True | Recipients: 1
2026-06-13 12:45:57,760 | WARNING | NSE session bootstrap HTTP 403 (attempt 1/5) — refreshing NSE session cookie …
2026-06-13 12:46:08,273 | INFO | NSE session bootstrap status: 200
2026-06-13 12:46:08,274 | INFO | Downloading Nifty 100 universe from https://www.niftyindices.com/IndexConstituent/ind_nifty100list.csv
2026-06-13 12:46:08,771 | INFO | Universe download status: 200
2026-06-13 12:46:08,776 | INFO | Universe rows loaded: 104
2026-06-13 12:46:08,882 | INFO | Loaded history rows: 129333
2026-06-13 12:46:08,890 | INFO | yfinance history update: 104 symbols | 2026-06-11 → 2026-06-14
2026-06-13 12:46:08,890 | INFO | yfinance batch download: 104 symbols | 2026-06-11 → 2026-06-14
2026-06-13 12:46:08,892 | INFO | Failed to create TzCache, reason: Error creating TzCache folder: '/home/runner/.cache/py-yfinance' reason: [Errno 17] File exists: '/home/runner/.cache/py-yfinance'. TzCache will not be used. Tip: You can direct cache to use a different location with 'set_tz_cache_location(mylocation)'
2026-06-13 12:46:14,875 | ERROR | $VOGL.NS: possibly delisted; no timezone found
2026-06-13 12:46:14,888 | ERROR | $VAML.NS: possibly delisted; no timezone found
2026-06-13 12:46:15,174 | ERROR | $VEDPOWER.NS: possibly delisted; no timezone found
2026-06-13 12:46:16,450 | ERROR | $VISL.NS: possibly delisted; no timezone found
2026-06-13 12:46:18,607 | ERROR | 
4 Failed downloads:
2026-06-13 12:46:18,608 | ERROR | ['VOGL.NS', 'VAML.NS', 'VEDPOWER.NS', 'VISL.NS']: possibly delisted; no timezone found
2026-06-13 12:46:18,624 | INFO | yfinance raw shape: (2, 524)
2026-06-13 12:46:18,962 | INFO | yfinance parsed rows after date-filter: 200
2026-06-13 12:46:18,963 | INFO | New rows from yfinance: 200
2026-06-13 12:46:19,717 | INFO | Saved history rows: 129333 | file: /home/runner/work/nifty100-reporter/nifty100-reporter/data/nifty100_ohlcv_history.csv
2026-06-13 12:46:19,826 | INFO | Loaded history rows: 129333
2026-06-13 12:46:19,827 | INFO | Latest OHLCV data is from 2026-06-12
2026-06-13 12:46:19,852 | INFO | Latest Delivery data is from 2026-06-12
2026-06-13 12:46:19,903 | INFO | Delivery cache has 30 dates — skipping backfill.
2026-06-13 12:46:19,903 | INFO | Delivery fetch attempt [1/7] — URL: https://archives.nseindia.com/products/content/sec_bhavdata_full_12062026.csv
2026-06-13 12:46:21,884 | INFO | Delivery fetch SUCCESS — date: 2026-06-12 | size: 368301 bytes | URL: https://archives.nseindia.com/products/content/sec_bhavdata_full_12062026.csv
2026-06-13 12:46:22,222 | INFO | Delivery cache updated: 2430 symbols for 2026-06-12 (rows in cache: 73506)
2026-06-13 12:46:22,222 | INFO | Delivery data: 2430 symbols | fallback=False
2026-06-13 12:46:22,799 | INFO | Corporate actions bulk OK: 62 raw rows | 14 Nifty100 symbols with events
2026-06-13 12:46:53,203 | INFO | Corporate actions: 14/104 symbols have events (window 13-06-2026 to 13-07-2026) | Symbols: ASIANPAINT, AXISBANK, BAJAJFINSV, BAJAJHLDNG, BAJFINANCE, HDFCBANK, HDFCLIFE, HINDUNILVR, INDHOTEL, NESTLEIND, SHRIRAMFIN, TATAPOWER, TECHM, TMPV
2026-06-13 12:46:53,203 | INFO | Index membership from cache: NIFTY 50 (50 symbols)
2026-06-13 12:46:53,203 | INFO | Index membership from cache: Nifty Next 50 (50 symbols)
2026-06-13 12:46:53,203 | INFO | Index membership ready: 100 symbols mapped
2026-06-13 12:46:54,130 | INFO | News RSS query for ADANIENSOL: https://news.google.com/rss/search?q=%22Adani+Energy+Solutions+Ltd.%22+NSE+when:10d&hl=en-IN&gl=IN&ceid=IN:en
2026-06-13 12:46:54,458 | INFO | News RSS status for ADANIENSOL: 200
2026-06-13 12:46:55,086 | INFO | News RSS query for ADANIENT: https://news.google.com/rss/search?q=%22Adani+Enterprises+Ltd.%22+NSE+when:10d&hl=en-IN&gl=IN&ceid=IN:en
2026-06-13 12:46:55,326 | INFO | News RSS status for ADANIENT: 200
2026-06-13 12:46:55,953 | INFO | News RSS query for ADANIGREEN: https://news.google.com/rss/search?q=%22Adani+Green+Energy+Ltd.%22+NSE+when:10d&hl=en-IN&gl=IN&ceid=IN:en
2026-06-13 12:46:56,186 | INFO | News RSS status for ADANIGREEN: 200
2026-06-13 12:46:56,809 | INFO | News RSS query for ADANIPORTS: https://news.google.com/rss/search?q=%22Adani+Ports+and+Special+Economic+Zone+Ltd.%22+NSE+when:10d&hl=en-IN&gl=IN&ceid=IN:en
2026-06-13 12:46:57,057 | INFO | News RSS status for ADANIPORTS: 200
2026-06-13 12:46:58,790 | INFO | News RSS query for APOLLOHOSP: https://news.google.com/rss/search?q=%22Apollo+Hospitals+Enterprise+Ltd.%22+NSE+when:10d&hl=en-IN&gl=IN&ceid=IN:en
2026-06-13 12:46:58,997 | INFO | News RSS status for APOLLOHOSP: 200
2026-06-13 12:46:58,999 | INFO | News RSS query for APOLLOHOSP: https://news.google.com/rss/search?q=%22Apollo+Hospitals+Enterprise+Ltd.%22+stock+when:10d&hl=en-IN&gl=IN&ceid=IN:en
2026-06-13 12:46:59,244 | INFO | News RSS status for APOLLOHOSP: 200
2026-06-13 12:46:59,874 | INFO | News RSS query for ASIANPAINT: https://news.google.com/rss/search?q=%22Asian+Paints+Ltd.%22+NSE+when:10d&hl=en-IN&gl=IN&ceid=IN:en
2026-06-13 12:47:00,096 | INFO | News RSS status for ASIANPAINT: 200
2026-06-13 12:47:00,097 | INFO | News RSS query for ASIANPAINT: https://news.google.com/rss/search?q=%22Asian+Paints+Ltd.%22+stock+when:10d&hl=en-IN&gl=IN&ceid=IN:en
2026-06-13 12:47:00,309 | INFO | News RSS status for ASIANPAINT: 200
2026-06-13 12:47:00,927 | INFO | News RSS query for AXISBANK: https://news.google.com/rss/search?q=%22Axis+Bank+Ltd.%22+NSE+when:10d&hl=en-IN&gl=IN&ceid=IN:en
2026-06-13 12:47:01,156 | INFO | News RSS status for AXISBANK: 200
2026-06-13 12:47:01,223 | INFO | News RSS query for AXISBANK: https://news.google.com/rss/search?q=%22Axis+Bank+Ltd.%22+NSE+when:10d&hl=en-IN&gl=IN&ceid=IN:en
2026-06-13 12:47:01,253 | INFO | News RSS status for AXISBANK: 200
2026-06-13 12:47:01,318 | INFO | News RSS query for AXISBANK: https://news.google.com/rss/search?q=%22Axis+Bank+Ltd.%22+NSE+when:10d&hl=en-IN&gl=IN&ceid=IN:en
2026-06-13 12:47:01,348 | INFO | News RSS status for AXISBANK: 200
2026-06-13 12:47:05,857 | INFO | News RSS query for BOSCHLTD: https://news.google.com/rss/search?q=%22Bosch+Ltd.%22+NSE+when:10d&hl=en-IN&gl=IN&ceid=IN:en
2026-06-13 12:47:06,132 | INFO | News RSS status for BOSCHLTD: 200
2026-06-13 12:47:06,135 | INFO | News RSS query for BOSCHLTD: https://news.google.com/rss/search?q=%22Bosch+Ltd.%22+stock+when:10d&hl=en-IN&gl=IN&ceid=IN:en
2026-06-13 12:47:06,363 | INFO | News RSS status for BOSCHLTD: 200
2026-06-13 12:47:08,658 | INFO | News RSS query for CGPOWER: https://news.google.com/rss/search?q=%22CG+Power+and+Industrial+Solutions+Ltd.%22+NSE+when:10d&hl=en-IN&gl=IN&ceid=IN:en
2026-06-13 12:47:08,882 | INFO | News RSS status for CGPOWER: 200
2026-06-13 12:47:08,884 | INFO | News RSS query for CGPOWER: https://news.google.com/rss/search?q=%22CG+Power+and+Industrial+Solutions+Ltd.%22+stock+when:10d&hl=en-IN&gl=IN&ceid=IN:en
2026-06-13 12:47:09,169 | INFO | News RSS status for CGPOWER: 200
2026-06-13 12:47:11,463 | INFO | News RSS query for CUMMINSIND: https://news.google.com/rss/search?q=%22Cummins+India+Ltd.%22+NSE+when:10d&hl=en-IN&gl=IN&ceid=IN:en
2026-06-13 12:47:11,691 | INFO | News RSS status for CUMMINSIND: 200
2026-06-13 12:47:11,759 | INFO | News RSS query for CUMMINSIND: https://news.google.com/rss/search?q=%22Cummins+India+Ltd.%22+NSE+when:10d&hl=en-IN&gl=IN&ceid=IN:en
2026-06-13 12:47:11,789 | INFO | News RSS status for CUMMINSIND: 200
2026-06-13 12:47:14,704 | INFO | News RSS query for EICHERMOT: https://news.google.com/rss/search?q=%22Eicher+Motors+Ltd.%22+NSE+when:10d&hl=en-IN&gl=IN&ceid=IN:en
2026-06-13 12:47:14,917 | INFO | News RSS status for EICHERMOT: 200
2026-06-13 12:47:14,920 | INFO | News RSS query for EICHERMOT: https://news.google.com/rss/search?q=%22Eicher+Motors+Ltd.%22+stock+when:10d&hl=en-IN&gl=IN&ceid=IN:en
2026-06-13 12:47:15,117 | INFO | News RSS status for EICHERMOT: 200
2026-06-13 12:47:15,183 | INFO | News RSS query for EICHERMOT: https://news.google.com/rss/search?q=%22Eicher+Motors+Ltd.%22+NSE+when:10d&hl=en-IN&gl=IN&ceid=IN:en
2026-06-13 12:47:15,211 | INFO | News RSS status for EICHERMOT: 200
2026-06-13 12:47:15,214 | INFO | News RSS query for EICHERMOT: https://news.google.com/rss/search?q=%22Eicher+Motors+Ltd.%22+stock+when:10d&hl=en-IN&gl=IN&ceid=IN:en
2026-06-13 12:47:15,243 | INFO | News RSS status for EICHERMOT: 200
2026-06-13 12:47:15,307 | INFO | News RSS query for EICHERMOT: https://news.google.com/rss/search?q=%22Eicher+Motors+Ltd.%22+NSE+when:10d&hl=en-IN&gl=IN&ceid=IN:en
2026-06-13 12:47:15,335 | INFO | News RSS status for EICHERMOT: 200
2026-06-13 12:47:15,337 | INFO | News RSS query for EICHERMOT: https://news.google.com/rss/search?q=%22Eicher+Motors+Ltd.%22+stock+when:10d&hl=en-IN&gl=IN&ceid=IN:en
2026-06-13 12:47:15,367 | INFO | News RSS status for EICHERMOT: 200
2026-06-13 12:47:15,536 | INFO | News RSS query for ENRIN: https://news.google.com/rss/search?q=%22Siemens+Energy+India+Ltd.%22+NSE+when:10d&hl=en-IN&gl=IN&ceid=IN:en
2026-06-13 12:47:15,803 | INFO | News RSS status for ENRIN: 200
2026-06-13 12:47:15,805 | INFO | News RSS query for ENRIN: https://news.google.com/rss/search?q=%22Siemens+Energy+India+Ltd.%22+stock+when:10d&hl=en-IN&gl=IN&ceid=IN:en
2026-06-13 12:47:15,991 | INFO | News RSS status for ENRIN: 200
2026-06-13 12:47:15,992 | INFO | News RSS query for ENRIN: https://news.google.com/rss/search?q=ENRIN+NSE+when:10d&hl=en-IN&gl=IN&ceid=IN:en
2026-06-13 12:47:16,260 | INFO | News RSS status for ENRIN: 200
2026-06-13 12:47:16,261 | INFO | News RSS query for ENRIN: https://news.google.com/rss/search?q=site%3Aeconomictimes.indiatimes.com+%22Siemens+Energy+India+Ltd.%22+when:10d&hl=en-IN&gl=IN&ceid=IN:en
2026-06-13 12:47:16,470 | INFO | News RSS status for ENRIN: 200
2026-06-13 12:47:18,655 | INFO | News RSS query for GRASIM: https://news.google.com/rss/search?q=%22Grasim+Industries+Ltd.%22+NSE+when:10d&hl=en-IN&gl=IN&ceid=IN:en
2026-06-13 12:47:18,949 | INFO | News RSS status for GRASIM: 200
2026-06-13 12:47:25,261 | INFO | News RSS query for INDIGO: https://news.google.com/rss/search?q=%22InterGlobe+Aviation+Ltd.%22+NSE+when:10d&hl=en-IN&gl=IN&ceid=IN:en
2026-06-13 12:47:25,469 | INFO | News RSS status for INDIGO: 200
2026-06-13 12:47:29,108 | INFO | News RSS query for JSWSTEEL: https://news.google.com/rss/search?q=%22JSW+Steel+Ltd.%22+NSE+when:10d&hl=en-IN&gl=IN&ceid=IN:en
2026-06-13 12:47:29,328 | INFO | News RSS status for JSWSTEEL: 200
2026-06-13 12:47:29,331 | INFO | News RSS query for JSWSTEEL: https://news.google.com/rss/search?q=%22JSW+Steel+Ltd.%22+stock+when:10d&hl=en-IN&gl=IN&ceid=IN:en
2026-06-13 12:47:29,552 | INFO | News RSS status for JSWSTEEL: 200
2026-06-13 12:47:29,615 | INFO | News RSS query for JSWSTEEL: https://news.google.com/rss/search?q=%22JSW+Steel+Ltd.%22+NSE+when:10d&hl=en-IN&gl=IN&ceid=IN:en
2026-06-13 12:47:29,645 | INFO | News RSS status for JSWSTEEL: 200
2026-06-13 12:47:29,648 | INFO | News RSS query for JSWSTEEL: https://news.google.com/rss/search?q=%22JSW+Steel+Ltd.%22+stock+when:10d&hl=en-IN&gl=IN&ceid=IN:en
2026-06-13 12:47:29,678 | INFO | News RSS status for JSWSTEEL: 200
2026-06-13 12:47:29,741 | INFO | News RSS query for JSWSTEEL: https://news.google.com/rss/search?q=%22JSW+Steel+Ltd.%22+NSE+when:10d&hl=en-IN&gl=IN&ceid=IN:en
2026-06-13 12:47:29,771 | INFO | News RSS status for JSWSTEEL: 200
2026-06-13 12:47:29,774 | INFO | News RSS query for JSWSTEEL: https://news.google.com/rss/search?q=%22JSW+Steel+Ltd.%22+stock+when:10d&hl=en-IN&gl=IN&ceid=IN:en
2026-06-13 12:47:29,803 | INFO | News RSS status for JSWSTEEL: 200
2026-06-13 12:47:30,427 | INFO | News RSS query for KOTAKBANK: https://news.google.com/rss/search?q=%22Kotak+Mahindra+Bank+Ltd.%22+NSE+when:10d&hl=en-IN&gl=IN&ceid=IN:en
2026-06-13 12:47:30,673 | INFO | News RSS status for KOTAKBANK: 200
2026-06-13 12:47:31,754 | WARNING | Skipping LTM — only 77 bars available (need 220). Extend history_backfill_days in config.json to include this symbol.
2026-06-13 12:47:34,584 | INFO | News RSS query for MOTHERSON: https://news.google.com/rss/search?q=%22Samvardhana+Motherson+International+Ltd.%22+NSE+when:10d&hl=en-IN&gl=IN&ceid=IN:en
2026-06-13 12:47:34,796 | INFO | News RSS status for MOTHERSON: 200
2026-06-13 12:47:34,797 | INFO | News RSS query for MOTHERSON: https://news.google.com/rss/search?q=%22Samvardhana+Motherson+International+Ltd.%22+stock+when:10d&hl=en-IN&gl=IN&ceid=IN:en
2026-06-13 12:47:35,032 | INFO | News RSS status for MOTHERSON: 200
2026-06-13 12:47:40,086 | INFO | News RSS query for RECLTD: https://news.google.com/rss/search?q=%22REC+Ltd.%22+NSE+when:10d&hl=en-IN&gl=IN&ceid=IN:en
2026-06-13 12:47:40,386 | INFO | News RSS status for RECLTD: 200
2026-06-13 12:47:42,127 | INFO | News RSS query for SBIN: https://news.google.com/rss/search?q=%22State+Bank+of+India%22+NSE+when:10d&hl=en-IN&gl=IN&ceid=IN:en
2026-06-13 12:47:42,502 | INFO | News RSS status for SBIN: 200
2026-06-13 12:47:44,752 | INFO | News RSS query for SOLARINDS: https://news.google.com/rss/search?q=%22Solar+Industries+India+Ltd.%22+NSE+when:10d&hl=en-IN&gl=IN&ceid=IN:en
2026-06-13 12:47:44,969 | INFO | News RSS status for SOLARINDS: 200
2026-06-13 12:47:44,970 | INFO | News RSS query for SOLARINDS: https://news.google.com/rss/search?q=%22Solar+Industries+India+Ltd.%22+stock+when:10d&hl=en-IN&gl=IN&ceid=IN:en
2026-06-13 12:47:45,173 | INFO | News RSS status for SOLARINDS: 200
2026-06-13 12:47:45,725 | WARNING | Skipping TATACAP — only 165 bars available (need 220). Extend history_backfill_days in config.json to include this symbol.
2026-06-13 12:47:49,004 | WARNING | Skipping TMCV — only 145 bars available (need 220). Extend history_backfill_days in config.json to include this symbol.
2026-06-13 12:47:49,004 | WARNING | Skipping TMPV — only 162 bars available (need 220). Extend history_backfill_days in config.json to include this symbol.
2026-06-13 12:47:49,614 | INFO | News RSS query for TORNTPHARM: https://news.google.com/rss/search?q=%22Torrent+Pharmaceuticals+Ltd.%22+NSE+when:10d&hl=en-IN&gl=IN&ceid=IN:en
2026-06-13 12:47:49,831 | INFO | News RSS status for TORNTPHARM: 200
2026-06-13 12:47:49,831 | INFO | News RSS query for TORNTPHARM: https://news.google.com/rss/search?q=%22Torrent+Pharmaceuticals+Ltd.%22+stock+when:10d&hl=en-IN&gl=IN&ceid=IN:en
2026-06-13 12:47:50,059 | INFO | News RSS status for TORNTPHARM: 200
2026-06-13 12:47:52,302 | INFO | News RSS query for UNIONBANK: https://news.google.com/rss/search?q=%22Union+Bank+of+India%22+NSE+when:10d&hl=en-IN&gl=IN&ceid=IN:en
2026-06-13 12:47:52,572 | INFO | News RSS status for UNIONBANK: 200
2026-06-13 12:47:53,397 | INFO | News RSS query for VBL: https://news.google.com/rss/search?q=%22Varun+Beverages+Ltd.%22+NSE+when:10d&hl=en-IN&gl=IN&ceid=IN:en
2026-06-13 12:47:53,593 | INFO | News RSS status for VBL: 200
2026-06-13 12:47:53,594 | INFO | News RSS query for VBL: https://news.google.com/rss/search?q=%22Varun+Beverages+Ltd.%22+stock+when:10d&hl=en-IN&gl=IN&ceid=IN:en
2026-06-13 12:47:53,816 | INFO | News RSS status for VBL: 200
2026-06-13 12:47:53,882 | INFO | News RSS query for VBL: https://news.google.com/rss/search?q=%22Varun+Beverages+Ltd.%22+NSE+when:10d&hl=en-IN&gl=IN&ceid=IN:en
2026-06-13 12:47:53,910 | INFO | News RSS status for VBL: 200
2026-06-13 12:47:53,911 | INFO | News RSS query for VBL: https://news.google.com/rss/search?q=%22Varun+Beverages+Ltd.%22+stock+when:10d&hl=en-IN&gl=IN&ceid=IN:en
2026-06-13 12:47:53,941 | INFO | News RSS status for VBL: 200
2026-06-13 12:47:55,649 | INFO | News RSS query for ZYDUSLIFE: https://news.google.com/rss/search?q=%22Zydus+Lifesciences+Ltd.%22+NSE+when:10d&hl=en-IN&gl=IN&ceid=IN:en
2026-06-13 12:47:55,823 | INFO | News RSS status for ZYDUSLIFE: 200
2026-06-13 12:47:55,824 | INFO | News RSS query for ZYDUSLIFE: https://news.google.com/rss/search?q=%22Zydus+Lifesciences+Ltd.%22+stock+when:10d&hl=en-IN&gl=IN&ceid=IN:en
2026-06-13 12:47:56,087 | INFO | News RSS status for ZYDUSLIFE: 200
2026-06-13 12:47:56,153 | INFO | News RSS query for ZYDUSLIFE: https://news.google.com/rss/search?q=%22Zydus+Lifesciences+Ltd.%22+NSE+when:10d&hl=en-IN&gl=IN&ceid=IN:en
2026-06-13 12:47:56,182 | INFO | News RSS status for ZYDUSLIFE: 200
2026-06-13 12:47:56,182 | INFO | News RSS query for ZYDUSLIFE: https://news.google.com/rss/search?q=%22Zydus+Lifesciences+Ltd.%22+stock+when:10d&hl=en-IN&gl=IN&ceid=IN:en
2026-06-13 12:47:56,211 | INFO | News RSS status for ZYDUSLIFE: 200
2026-06-13 12:47:56,224 | INFO | Index membership from cache: NIFTY 50 (50 symbols)
2026-06-13 12:47:56,224 | INFO | Index membership from cache: Nifty Next 50 (50 symbols)
2026-06-13 12:47:56,224 | INFO | Index membership ready: 100 symbols mapped
2026-06-13 12:47:56,224 | INFO | Market Health: fetching index OHLCV...
2026-06-13 12:47:57,038 | INFO | Index OHLCV via niftyindices for NIFTY 50: 1400 rows (+3)
2026-06-13 12:47:57,755 | INFO | Index OHLCV via niftyindices for NIFTY NEXT 50: 1400 rows (+3)
2026-06-13 12:47:57,756 | INFO | Market Health: fetching VIX...
2026-06-13 12:47:58,546 | INFO | VIX via niftyindices: 98 rows (+3)
2026-06-13 12:47:58,546 | INFO | Market Health: updating breadth EMA cache...
2026-06-13 12:47:59,746 | INFO | Market Health [NIFTY 50]: Score=0.0 | Sideways &#x1F7E0;
2026-06-13 12:47:59,762 | INFO | Market Health [Nifty Next 50]: Score=44.5 | Weak Bull &#x1F7E1;
2026-06-13 12:47:59,830 | INFO | Signal log: skipping new signal insertion — 2026-06-13 is a weekend.
2026-06-13 12:48:00,301 | INFO | Signal tracker: updated 70 Active signal rows.
2026-06-13 12:48:00,321 | INFO | HTML report written: /home/runner/work/nifty100-reporter/nifty100-reporter/reports/nifty100_daily_report_20260613.html
2026-06-13 12:48:00,329 | INFO | Market Health Excel sheet written.
2026-06-13 12:48:00,878 | INFO | Excel report written: /home/runner/work/nifty100-reporter/nifty100-reporter/reports/nifty100_daily_report_20260613.xlsx
2026-06-13 12:48:00,878 | INFO | GitHub Actions detected — skipping Gmail API send (workflow handles email).
2026-06-13 12:48:00,878 | INFO | Run completed successfully.
2026-06-13 12:48:00,878 | INFO | Artifacts: /home/runner/work/nifty100-reporter/nifty100-reporter/reports/nifty100_daily_report_20260613.html | /home/runner/work/nifty100-reporter/nifty100-reporter/reports/nifty100_daily_report_20260613.xlsx | log: /home/runner/work/nifty100-reporter/nifty100-reporter/logs/run_20260613_181557.log
