2026-09-20 12:45:56,829 | INFO | Nifty 100 Daily EMA Cross Reporter | Version 3.3.8 | Released 2026-04-17
2026-09-20 12:45:56,829 | INFO | Base directory: /home/runner/work/nifty100-reporter/nifty100-reporter
2026-09-20 12:45:56,829 | INFO | Loaded config. Email enabled: True | Recipients: 1
2026-09-20 12:45:56,986 | WARNING | NSE session bootstrap HTTP 403 (attempt 1/5) — refreshing NSE session cookie …
2026-09-20 12:46:08,085 | INFO | NSE session bootstrap status: 200
2026-09-20 12:46:08,085 | INFO | Downloading Nifty 100 universe from https://www.niftyindices.com/IndexConstituent/ind_nifty100list.csv
2026-09-20 12:46:08,628 | INFO | Universe download status: 200
2026-09-20 12:46:08,633 | INFO | Universe rows loaded: 100
2026-09-20 12:46:08,754 | INFO | Loaded history rows: 136244
2026-09-20 12:46:08,761 | INFO | yfinance history update: 100 symbols | 2026-09-17 → 2026-09-21
2026-09-20 12:46:08,761 | INFO | yfinance batch download: 100 symbols | 2026-09-17 → 2026-09-21
2026-09-20 12:46:08,763 | INFO | Failed to create TzCache, reason: Error creating TzCache folder: '/home/runner/.cache/py-yfinance' reason: [Errno 17] File exists: '/home/runner/.cache/py-yfinance'. TzCache will not be used. Tip: You can direct cache to use a different location with 'set_tz_cache_location(mylocation)'
2026-09-20 12:46:16,791 | INFO | yfinance raw shape: (2, 500)
2026-09-20 12:46:17,122 | INFO | yfinance parsed rows after date-filter: 175
2026-09-20 12:46:17,123 | INFO | New rows from yfinance: 175
2026-09-20 12:46:17,927 | INFO | Saved history rows: 136244 | file: /home/runner/work/nifty100-reporter/nifty100-reporter/data/nifty100_ohlcv_history.csv
2026-09-20 12:46:18,046 | INFO | Loaded history rows: 136244
2026-09-20 12:46:18,046 | INFO | Latest OHLCV data is from 2026-09-18
2026-09-20 12:46:18,075 | INFO | Latest Delivery data is from 2026-09-18
2026-09-20 12:46:18,120 | INFO | Delivery cache has 33 dates — skipping backfill.
2026-09-20 12:46:18,120 | INFO | Delivery fetch attempt [2/7] — URL: https://archives.nseindia.com/products/content/sec_bhavdata_full_18092026.csv
2026-09-20 12:46:19,546 | INFO | Delivery fetch SUCCESS — date: 2026-09-18 | size: 397444 bytes | URL: https://archives.nseindia.com/products/content/sec_bhavdata_full_18092026.csv
2026-09-20 12:46:19,929 | INFO | Delivery cache updated: 2647 symbols for 2026-09-18 (rows in cache: 85245)
2026-09-20 12:46:19,930 | INFO | Delivery data: 2647 symbols | fallback=False
2026-09-20 12:46:20,266 | INFO | Corporate actions bulk OK: 42 raw rows | 1 Nifty100 symbols with events
2026-09-20 12:46:57,754 | INFO | Corporate actions: 1/100 symbols have events (window 20-09-2026 to 20-10-2026) | Symbols: BAJAJHLDNG
2026-09-20 12:46:57,754 | INFO | Index membership from cache: NIFTY 50 (50 symbols)
2026-09-20 12:46:57,754 | INFO | Index membership from cache: Nifty Next 50 (50 symbols)
2026-09-20 12:46:57,755 | INFO | Index membership ready: 100 symbols mapped
2026-09-20 12:47:00,696 | INFO | News RSS query for ADANIPORTS: https://news.google.com/rss/search?q=%22Adani+Ports+and+Special+Economic+Zone+Ltd.%22+NSE+when:10d&hl=en-IN&gl=IN&ceid=IN:en
2026-09-20 12:47:01,021 | INFO | News RSS status for ADANIPORTS: 200
2026-09-20 12:47:01,094 | INFO | News RSS query for ADANIPORTS: https://news.google.com/rss/search?q=%22Adani+Ports+and+Special+Economic+Zone+Ltd.%22+NSE+when:10d&hl=en-IN&gl=IN&ceid=IN:en
2026-09-20 12:47:01,108 | INFO | News RSS status for ADANIPORTS: 200
2026-09-20 12:47:01,180 | INFO | News RSS query for ADANIPORTS: https://news.google.com/rss/search?q=%22Adani+Ports+and+Special+Economic+Zone+Ltd.%22+NSE+when:10d&hl=en-IN&gl=IN&ceid=IN:en
2026-09-20 12:47:01,195 | INFO | News RSS status for ADANIPORTS: 200
2026-09-20 12:47:03,161 | INFO | News RSS query for APOLLOHOSP: https://news.google.com/rss/search?q=%22Apollo+Hospitals+Enterprise+Ltd.%22+NSE+when:10d&hl=en-IN&gl=IN&ceid=IN:en
2026-09-20 12:47:03,393 | INFO | News RSS status for APOLLOHOSP: 200
2026-09-20 12:47:03,463 | INFO | News RSS query for APOLLOHOSP: https://news.google.com/rss/search?q=%22Apollo+Hospitals+Enterprise+Ltd.%22+NSE+when:10d&hl=en-IN&gl=IN&ceid=IN:en
2026-09-20 12:47:03,477 | INFO | News RSS status for APOLLOHOSP: 200
2026-09-20 12:47:03,546 | INFO | News RSS query for APOLLOHOSP: https://news.google.com/rss/search?q=%22Apollo+Hospitals+Enterprise+Ltd.%22+NSE+when:10d&hl=en-IN&gl=IN&ceid=IN:en
2026-09-20 12:47:03,560 | INFO | News RSS status for APOLLOHOSP: 200
2026-09-20 12:47:09,950 | INFO | News RSS query for BOSCHLTD: https://news.google.com/rss/search?q=%22Bosch+Ltd.%22+NSE+when:10d&hl=en-IN&gl=IN&ceid=IN:en
2026-09-20 12:47:10,210 | INFO | News RSS status for BOSCHLTD: 200
2026-09-20 12:47:15,947 | INFO | News RSS query for DIVISLAB: https://news.google.com/rss/search?q=%22Divi%27s+Laboratories+Ltd.%22+NSE+when:10d&hl=en-IN&gl=IN&ceid=IN:en
2026-09-20 12:47:16,195 | INFO | News RSS status for DIVISLAB: 200
2026-09-20 12:47:16,196 | INFO | News RSS query for DIVISLAB: https://news.google.com/rss/search?q=%22Divi%27s+Laboratories+Ltd.%22+stock+when:10d&hl=en-IN&gl=IN&ceid=IN:en
2026-09-20 12:47:16,406 | INFO | News RSS status for DIVISLAB: 200
2026-09-20 12:47:19,698 | INFO | News RSS query for ETERNAL: https://news.google.com/rss/search?q=%22Eternal+Ltd.%22+NSE+when:10d&hl=en-IN&gl=IN&ceid=IN:en
2026-09-20 12:47:19,939 | INFO | News RSS status for ETERNAL: 200
2026-09-20 12:47:33,838 | INFO | News RSS query for KOTAKBANK: https://news.google.com/rss/search?q=%22Kotak+Mahindra+Bank+Ltd.%22+NSE+when:10d&hl=en-IN&gl=IN&ceid=IN:en
2026-09-20 12:47:34,070 | INFO | News RSS status for KOTAKBANK: 200
2026-09-20 12:47:35,295 | WARNING | Skipping LTM — only 146 bars available (need 220). Extend history_backfill_days in config.json to include this symbol.
2026-09-20 12:47:43,051 | INFO | News RSS query for PNB: https://news.google.com/rss/search?q=%22Punjab+National+Bank%22+NSE+when:10d&hl=en-IN&gl=IN&ceid=IN:en
2026-09-20 12:47:43,404 | INFO | News RSS status for PNB: 200
2026-09-20 12:47:53,676 | WARNING | Skipping TMCV — only 214 bars available (need 220). Extend history_backfill_days in config.json to include this symbol.
2026-09-20 12:47:55,755 | INFO | News RSS query for TVSMOTOR: https://news.google.com/rss/search?q=%22TVS+Motor+Company+Ltd.%22+NSE+when:10d&hl=en-IN&gl=IN&ceid=IN:en
2026-09-20 12:47:55,991 | INFO | News RSS status for TVSMOTOR: 200
2026-09-20 12:47:55,993 | INFO | News RSS query for TVSMOTOR: https://news.google.com/rss/search?q=%22TVS+Motor+Company+Ltd.%22+stock+when:10d&hl=en-IN&gl=IN&ceid=IN:en
2026-09-20 12:47:56,218 | INFO | News RSS status for TVSMOTOR: 200
2026-09-20 12:47:57,744 | WARNING | Skipping VAML — only 6 bars available (need 220). Extend history_backfill_days in config.json to include this symbol.
2026-09-20 12:47:59,011 | WARNING | Skipping VEDPOWER — only 4 bars available (need 220). Extend history_backfill_days in config.json to include this symbol.
2026-09-20 12:47:59,012 | WARNING | Skipping VISL — only 4 bars available (need 220). Extend history_backfill_days in config.json to include this symbol.
2026-09-20 12:47:59,012 | WARNING | Skipping VOGL — only 7 bars available (need 220). Extend history_backfill_days in config.json to include this symbol.
2026-09-20 12:48:00,293 | INFO | Index membership from cache: NIFTY 50 (50 symbols)
2026-09-20 12:48:00,293 | INFO | Index membership from cache: Nifty Next 50 (50 symbols)
2026-09-20 12:48:00,293 | INFO | Index membership ready: 100 symbols mapped
2026-09-20 12:48:00,293 | INFO | Market Health: fetching index OHLCV...
2026-09-20 12:48:00,296 | INFO | Index OHLCV cache fresh for NIFTY 50 (1466 rows)
2026-09-20 12:48:00,299 | INFO | Index OHLCV cache fresh for NIFTY NEXT 50 (1462 rows)
2026-09-20 12:48:00,299 | INFO | Market Health: fetching VIX...
2026-09-20 12:48:00,301 | INFO | VIX cache fresh (164 rows)
2026-09-20 12:48:00,301 | INFO | Market Health: updating breadth EMA cache...
2026-09-20 12:48:01,611 | INFO | Market Health [NIFTY 50]: Score=-35.2 | Weak Bear &#x1F534;
2026-09-20 12:48:01,629 | INFO | Market Health [Nifty Next 50]: Score=-27.2 | Weak Bear &#x1F534;
2026-09-20 12:48:01,654 | INFO | Signal log: skipping new signal insertion — 2026-09-20 is a weekend.
2026-09-20 12:48:02,584 | INFO | Signal tracker: updated 126 Active signal rows.
2026-09-20 12:48:02,599 | INFO | HTML report written: /home/runner/work/nifty100-reporter/nifty100-reporter/reports/nifty100_daily_report_20260920.html
2026-09-20 12:48:02,608 | INFO | Market Health Excel sheet written.
2026-09-20 12:48:04,280 | INFO | Excel report written: /home/runner/work/nifty100-reporter/nifty100-reporter/reports/nifty100_daily_report_20260920.xlsx
2026-09-20 12:48:04,280 | INFO | GitHub Actions detected — skipping Gmail API send (workflow handles email).
2026-09-20 12:48:04,280 | INFO | Run completed successfully.
2026-09-20 12:48:04,280 | INFO | Artifacts: /home/runner/work/nifty100-reporter/nifty100-reporter/reports/nifty100_daily_report_20260920.html | /home/runner/work/nifty100-reporter/nifty100-reporter/reports/nifty100_daily_report_20260920.xlsx | log: /home/runner/work/nifty100-reporter/nifty100-reporter/logs/run_20260920_181556.log
