2026-08-25 12:45:41,758 | INFO | Nifty 100 Daily EMA Cross Reporter | Version 3.3.8 | Released 2026-04-17
2026-08-25 12:45:41,758 | INFO | Base directory: /home/runner/work/nifty100-reporter/nifty100-reporter
2026-08-25 12:45:41,759 | INFO | Loaded config. Email enabled: True | Recipients: 1
2026-08-25 12:45:41,886 | WARNING | NSE session bootstrap HTTP 403 (attempt 1/5) — refreshing NSE session cookie …
2026-08-25 12:45:52,620 | INFO | NSE session bootstrap status: 200
2026-08-25 12:45:52,620 | INFO | Downloading Nifty 100 universe from https://www.niftyindices.com/IndexConstituent/ind_nifty100list.csv
2026-08-25 12:45:52,961 | INFO | Universe download status: 200
2026-08-25 12:45:52,965 | INFO | Universe rows loaded: 100
2026-08-25 12:45:53,052 | INFO | Loaded history rows: 134354
2026-08-25 12:45:53,059 | INFO | yfinance history update: 100 symbols | 2026-08-23 → 2026-08-26
2026-08-25 12:45:53,059 | INFO | yfinance batch download: 100 symbols | 2026-08-23 → 2026-08-26
2026-08-25 12:45:53,060 | INFO | Failed to create TzCache, reason: Error creating TzCache folder: '/home/runner/.cache/py-yfinance' reason: [Errno 17] File exists: '/home/runner/.cache/py-yfinance'. TzCache will not be used. Tip: You can direct cache to use a different location with 'set_tz_cache_location(mylocation)'
2026-08-25 12:45:57,561 | INFO | yfinance raw shape: (2, 500)
2026-08-25 12:45:57,776 | INFO | yfinance parsed rows after date-filter: 170
2026-08-25 12:45:57,777 | INFO | New rows from yfinance: 170
2026-08-25 12:45:58,444 | INFO | Saved history rows: 134454 | file: /home/runner/work/nifty100-reporter/nifty100-reporter/data/nifty100_ohlcv_history.csv
2026-08-25 12:45:58,528 | INFO | Loaded history rows: 134454
2026-08-25 12:45:58,529 | INFO | Latest OHLCV data is from 2026-08-25
2026-08-25 12:45:58,548 | INFO | Latest Delivery data is from 2026-08-24
2026-08-25 12:45:58,583 | INFO | Delivery cache has 32 dates — skipping backfill.
2026-08-25 12:45:58,583 | INFO | Delivery fetch attempt [0/7] — URL: https://archives.nseindia.com/products/content/sec_bhavdata_full_25082026.csv
2026-08-25 12:45:58,978 | INFO | Delivery fetch SUCCESS — date: 2026-08-25 | size: 393192 bytes | URL: https://archives.nseindia.com/products/content/sec_bhavdata_full_25082026.csv
2026-08-25 12:45:59,254 | INFO | Delivery cache updated: 2636 symbols for 2026-08-25 (rows in cache: 78653)
2026-08-25 12:45:59,255 | INFO | Delivery data: 2636 symbols | fallback=False
2026-08-25 12:45:59,648 | INFO | Corporate actions bulk OK: 65 raw rows | 2 Nifty100 symbols with events
2026-08-25 12:46:32,051 | INFO | Corporate actions: 2/100 symbols have events (window 25-08-2026 to 24-09-2026) | Symbols: COALINDIA, PFC
2026-08-25 12:46:32,052 | INFO | Index membership from cache: NIFTY 50 (50 symbols)
2026-08-25 12:46:32,052 | INFO | Index membership from cache: Nifty Next 50 (50 symbols)
2026-08-25 12:46:32,052 | INFO | Index membership ready: 100 symbols mapped
2026-08-25 12:46:32,419 | INFO | News RSS query for ABB: https://news.google.com/rss/search?q=%22ABB+India+Ltd.%22+NSE+when:10d&hl=en-IN&gl=IN&ceid=IN:en
2026-08-25 12:46:32,649 | INFO | News RSS status for ABB: 200
2026-08-25 12:46:32,863 | INFO | News RSS query for ADANIENSOL: https://news.google.com/rss/search?q=%22Adani+Energy+Solutions+Ltd.%22+NSE+when:10d&hl=en-IN&gl=IN&ceid=IN:en
2026-08-25 12:46:33,056 | INFO | News RSS status for ADANIENSOL: 200
2026-08-25 12:46:35,833 | INFO | News RSS query for BAJAJ-AUTO: https://news.google.com/rss/search?q=%22Bajaj+Auto+Ltd.%22+NSE+when:10d&hl=en-IN&gl=IN&ceid=IN:en
2026-08-25 12:46:36,058 | INFO | News RSS status for BAJAJ-AUTO: 200
2026-08-25 12:46:36,411 | INFO | News RSS query for BAJAJFINSV: https://news.google.com/rss/search?q=%22Bajaj+Finserv+Ltd.%22+NSE+when:10d&hl=en-IN&gl=IN&ceid=IN:en
2026-08-25 12:46:36,671 | INFO | News RSS status for BAJAJFINSV: 200
2026-08-25 12:46:36,725 | INFO | News RSS query for BAJAJFINSV: https://news.google.com/rss/search?q=%22Bajaj+Finserv+Ltd.%22+NSE+when:10d&hl=en-IN&gl=IN&ceid=IN:en
2026-08-25 12:46:36,730 | INFO | News RSS status for BAJAJFINSV: 200
2026-08-25 12:46:37,086 | INFO | News RSS query for BAJAJHLDNG: https://news.google.com/rss/search?q=%22Bajaj+Holdings+%26+Investment+Ltd.%22+NSE+when:10d&hl=en-IN&gl=IN&ceid=IN:en
2026-08-25 12:46:37,316 | INFO | News RSS status for BAJAJHLDNG: 200
2026-08-25 12:46:37,671 | INFO | News RSS query for BAJFINANCE: https://news.google.com/rss/search?q=%22Bajaj+Finance+Ltd.%22+NSE+when:10d&hl=en-IN&gl=IN&ceid=IN:en
2026-08-25 12:46:37,899 | INFO | News RSS status for BAJFINANCE: 200
2026-08-25 12:46:37,950 | INFO | News RSS query for BAJFINANCE: https://news.google.com/rss/search?q=%22Bajaj+Finance+Ltd.%22+NSE+when:10d&hl=en-IN&gl=IN&ceid=IN:en
2026-08-25 12:46:37,956 | INFO | News RSS status for BAJFINANCE: 200
2026-08-25 12:46:38,915 | INFO | News RSS query for BHARTIARTL: https://news.google.com/rss/search?q=%22Bharti+Airtel+Ltd.%22+NSE+when:10d&hl=en-IN&gl=IN&ceid=IN:en
2026-08-25 12:46:39,115 | INFO | News RSS status for BHARTIARTL: 200
2026-08-25 12:46:39,471 | INFO | News RSS query for BOSCHLTD: https://news.google.com/rss/search?q=%22Bosch+Ltd.%22+NSE+when:10d&hl=en-IN&gl=IN&ceid=IN:en
2026-08-25 12:46:39,698 | INFO | News RSS status for BOSCHLTD: 200
2026-08-25 12:46:41,268 | INFO | News RSS query for CHOLAFIN: https://news.google.com/rss/search?q=%22Cholamandalam+Investment+and+Finance+Company+Ltd.%22+NSE+when:10d&hl=en-IN&gl=IN&ceid=IN:en
2026-08-25 12:46:41,469 | INFO | News RSS status for CHOLAFIN: 200
2026-08-25 12:46:41,521 | INFO | News RSS query for CHOLAFIN: https://news.google.com/rss/search?q=%22Cholamandalam+Investment+and+Finance+Company+Ltd.%22+NSE+when:10d&hl=en-IN&gl=IN&ceid=IN:en
2026-08-25 12:46:41,526 | INFO | News RSS status for CHOLAFIN: 200
2026-08-25 12:46:42,821 | INFO | News RSS query for DIVISLAB: https://news.google.com/rss/search?q=%22Divi%27s+Laboratories+Ltd.%22+NSE+when:10d&hl=en-IN&gl=IN&ceid=IN:en
2026-08-25 12:46:43,009 | INFO | News RSS status for DIVISLAB: 200
2026-08-25 12:46:43,011 | INFO | News RSS query for DIVISLAB: https://news.google.com/rss/search?q=%22Divi%27s+Laboratories+Ltd.%22+stock+when:10d&hl=en-IN&gl=IN&ceid=IN:en
2026-08-25 12:46:43,273 | INFO | News RSS status for DIVISLAB: 200
2026-08-25 12:46:43,629 | INFO | News RSS query for DLF: https://news.google.com/rss/search?q=%22DLF+Ltd.%22+NSE+when:10d&hl=en-IN&gl=IN&ceid=IN:en
2026-08-25 12:46:43,856 | INFO | News RSS status for DLF: 200
2026-08-25 12:46:43,859 | INFO | News RSS query for DLF: https://news.google.com/rss/search?q=%22DLF+Ltd.%22+stock+when:10d&hl=en-IN&gl=IN&ceid=IN:en
2026-08-25 12:46:44,040 | INFO | News RSS status for DLF: 200
2026-08-25 12:46:45,012 | INFO | News RSS query for EICHERMOT: https://news.google.com/rss/search?q=%22Eicher+Motors+Ltd.%22+NSE+when:10d&hl=en-IN&gl=IN&ceid=IN:en
2026-08-25 12:46:45,285 | INFO | News RSS status for EICHERMOT: 200
2026-08-25 12:46:45,407 | INFO | News RSS query for ENRIN: https://news.google.com/rss/search?q=%22Siemens+Energy+India+Ltd.%22+NSE+when:10d&hl=en-IN&gl=IN&ceid=IN:en
2026-08-25 12:46:45,606 | INFO | News RSS status for ENRIN: 200
2026-08-25 12:46:45,921 | INFO | News RSS query for ETERNAL: https://news.google.com/rss/search?q=%22Eternal+Ltd.%22+NSE+when:10d&hl=en-IN&gl=IN&ceid=IN:en
2026-08-25 12:46:46,113 | INFO | News RSS status for ETERNAL: 200
2026-08-25 12:46:47,078 | INFO | News RSS query for GRASIM: https://news.google.com/rss/search?q=%22Grasim+Industries+Ltd.%22+NSE+when:10d&hl=en-IN&gl=IN&ceid=IN:en
2026-08-25 12:46:47,311 | INFO | News RSS status for GRASIM: 200
2026-08-25 12:46:47,667 | INFO | News RSS query for HAL: https://news.google.com/rss/search?q=%22Hindustan+Aeronautics+Ltd.%22+NSE+when:10d&hl=en-IN&gl=IN&ceid=IN:en
2026-08-25 12:46:47,910 | INFO | News RSS status for HAL: 200
2026-08-25 12:46:49,487 | INFO | News RSS query for HINDALCO: https://news.google.com/rss/search?q=%22Hindalco+Industries+Ltd.%22+NSE+when:10d&hl=en-IN&gl=IN&ceid=IN:en
2026-08-25 12:46:49,700 | INFO | News RSS status for HINDALCO: 200
2026-08-25 12:46:50,358 | INFO | News RSS query for HINDZINC: https://news.google.com/rss/search?q=%22Hindustan+Zinc+Ltd.%22+NSE+when:10d&hl=en-IN&gl=IN&ceid=IN:en
2026-08-25 12:46:50,578 | INFO | News RSS status for HINDZINC: 200
2026-08-25 12:46:50,734 | INFO | News RSS query for HYUNDAI: https://news.google.com/rss/search?q=%22Hyundai+Motor+India+Ltd.%22+NSE+when:10d&hl=en-IN&gl=IN&ceid=IN:en
2026-08-25 12:46:50,992 | INFO | News RSS status for HYUNDAI: 200
2026-08-25 12:46:51,045 | INFO | News RSS query for HYUNDAI: https://news.google.com/rss/search?q=%22Hyundai+Motor+India+Ltd.%22+NSE+when:10d&hl=en-IN&gl=IN&ceid=IN:en
2026-08-25 12:46:51,050 | INFO | News RSS status for HYUNDAI: 200
2026-08-25 12:46:53,536 | INFO | News RSS query for JINDALSTEL: https://news.google.com/rss/search?q=%22Jindal+Steel+Ltd.%22+NSE+when:10d&hl=en-IN&gl=IN&ceid=IN:en
2026-08-25 12:46:53,779 | INFO | News RSS status for JINDALSTEL: 200
2026-08-25 12:46:54,297 | INFO | News RSS query for JSWSTEEL: https://news.google.com/rss/search?q=%22JSW+Steel+Ltd.%22+NSE+when:10d&hl=en-IN&gl=IN&ceid=IN:en
2026-08-25 12:46:54,504 | INFO | News RSS status for JSWSTEEL: 200
2026-08-25 12:46:54,506 | INFO | News RSS query for JSWSTEEL: https://news.google.com/rss/search?q=%22JSW+Steel+Ltd.%22+stock+when:10d&hl=en-IN&gl=IN&ceid=IN:en
2026-08-25 12:46:54,767 | INFO | News RSS status for JSWSTEEL: 200
2026-08-25 12:46:55,404 | INFO | News RSS query for LODHA: https://news.google.com/rss/search?q=%22Lodha+Developers+Ltd.%22+NSE+when:10d&hl=en-IN&gl=IN&ceid=IN:en
2026-08-25 12:46:55,553 | INFO | News RSS status for LODHA: 200
2026-08-25 12:46:55,554 | INFO | News RSS query for LODHA: https://news.google.com/rss/search?q=%22Lodha+Developers+Ltd.%22+stock+when:10d&hl=en-IN&gl=IN&ceid=IN:en
2026-08-25 12:46:55,793 | INFO | News RSS status for LODHA: 200
2026-08-25 12:46:55,845 | INFO | News RSS query for LODHA: https://news.google.com/rss/search?q=%22Lodha+Developers+Ltd.%22+NSE+when:10d&hl=en-IN&gl=IN&ceid=IN:en
2026-08-25 12:46:55,851 | INFO | News RSS status for LODHA: 200
2026-08-25 12:46:55,851 | INFO | News RSS query for LODHA: https://news.google.com/rss/search?q=%22Lodha+Developers+Ltd.%22+stock+when:10d&hl=en-IN&gl=IN&ceid=IN:en
2026-08-25 12:46:55,856 | INFO | News RSS status for LODHA: 200
2026-08-25 12:46:56,212 | INFO | News RSS query for LT: https://news.google.com/rss/search?q=%22Larsen+%26+Toubro+Ltd.%22+NSE+when:10d&hl=en-IN&gl=IN&ceid=IN:en
2026-08-25 12:46:56,398 | INFO | News RSS status for LT: 200
2026-08-25 12:46:56,403 | WARNING | Skipping LTM — only 128 bars available (need 220). Extend history_backfill_days in config.json to include this symbol.
2026-08-25 12:46:56,760 | INFO | News RSS query for M&M: https://news.google.com/rss/search?q=%22Mahindra+%26+Mahindra+Ltd.%22+NSE+when:10d&hl=en-IN&gl=IN&ceid=IN:en
2026-08-25 12:46:57,031 | INFO | News RSS status for M&M: 200
2026-08-25 12:46:58,310 | INFO | News RSS query for MOTHERSON: https://news.google.com/rss/search?q=%22Samvardhana+Motherson+International+Ltd.%22+NSE+when:10d&hl=en-IN&gl=IN&ceid=IN:en
2026-08-25 12:46:58,568 | INFO | News RSS status for MOTHERSON: 200
2026-08-25 12:47:00,454 | INFO | News RSS query for PIDILITIND: https://news.google.com/rss/search?q=%22Pidilite+Industries+Ltd.%22+NSE+when:10d&hl=en-IN&gl=IN&ceid=IN:en
2026-08-25 12:47:00,643 | INFO | News RSS status for PIDILITIND: 200
2026-08-25 12:47:00,645 | INFO | News RSS query for PIDILITIND: https://news.google.com/rss/search?q=%22Pidilite+Industries+Ltd.%22+stock+when:10d&hl=en-IN&gl=IN&ceid=IN:en
2026-08-25 12:47:00,918 | INFO | News RSS status for PIDILITIND: 200
2026-08-25 12:47:01,270 | INFO | News RSS query for PNB: https://news.google.com/rss/search?q=%22Punjab+National+Bank%22+NSE+when:10d&hl=en-IN&gl=IN&ceid=IN:en
2026-08-25 12:47:01,540 | INFO | News RSS status for PNB: 200
2026-08-25 12:47:03,109 | INFO | News RSS query for SBIN: https://news.google.com/rss/search?q=%22State+Bank+of+India%22+NSE+when:10d&hl=en-IN&gl=IN&ceid=IN:en
2026-08-25 12:47:03,424 | INFO | News RSS status for SBIN: 200
2026-08-25 12:47:04,081 | INFO | News RSS query for SHRIRAMFIN: https://news.google.com/rss/search?q=%22Shriram+Finance+Ltd.%22+NSE+when:10d&hl=en-IN&gl=IN&ceid=IN:en
2026-08-25 12:47:04,339 | INFO | News RSS status for SHRIRAMFIN: 200
2026-08-25 12:47:04,391 | INFO | News RSS query for SHRIRAMFIN: https://news.google.com/rss/search?q=%22Shriram+Finance+Ltd.%22+NSE+when:10d&hl=en-IN&gl=IN&ceid=IN:en
2026-08-25 12:47:04,396 | INFO | News RSS status for SHRIRAMFIN: 200
2026-08-25 12:47:04,751 | INFO | News RSS query for SIEMENS: https://news.google.com/rss/search?q=%22Siemens+Ltd.%22+NSE+when:10d&hl=en-IN&gl=IN&ceid=IN:en
2026-08-25 12:47:04,977 | INFO | News RSS status for SIEMENS: 200
2026-08-25 12:47:05,332 | INFO | News RSS query for SOLARINDS: https://news.google.com/rss/search?q=%22Solar+Industries+India+Ltd.%22+NSE+when:10d&hl=en-IN&gl=IN&ceid=IN:en
2026-08-25 12:47:05,566 | INFO | News RSS status for SOLARINDS: 200
2026-08-25 12:47:05,876 | WARNING | Skipping TATACAP — only 216 bars available (need 220). Extend history_backfill_days in config.json to include this symbol.
2026-08-25 12:47:07,453 | INFO | News RSS query for TECHM: https://news.google.com/rss/search?q=%22Tech+Mahindra+Ltd.%22+NSE+when:10d&hl=en-IN&gl=IN&ceid=IN:en
2026-08-25 12:47:07,671 | INFO | News RSS status for TECHM: 200
2026-08-25 12:47:08,023 | INFO | News RSS query for TITAN: https://news.google.com/rss/search?q=%22Titan+Company+Ltd.%22+NSE+when:10d&hl=en-IN&gl=IN&ceid=IN:en
2026-08-25 12:47:08,249 | INFO | News RSS status for TITAN: 200
2026-08-25 12:47:08,254 | WARNING | Skipping TMCV — only 196 bars available (need 220). Extend history_backfill_days in config.json to include this symbol.
2026-08-25 12:47:08,254 | WARNING | Skipping TMPV — only 213 bars available (need 220). Extend history_backfill_days in config.json to include this symbol.
2026-08-25 12:47:08,611 | INFO | News RSS query for TORNTPHARM: https://news.google.com/rss/search?q=%22Torrent+Pharmaceuticals+Ltd.%22+NSE+when:10d&hl=en-IN&gl=IN&ceid=IN:en
2026-08-25 12:47:08,798 | INFO | News RSS status for TORNTPHARM: 200
2026-08-25 12:47:08,800 | INFO | News RSS query for TORNTPHARM: https://news.google.com/rss/search?q=%22Torrent+Pharmaceuticals+Ltd.%22+stock+when:10d&hl=en-IN&gl=IN&ceid=IN:en
2026-08-25 12:47:09,039 | INFO | News RSS status for TORNTPHARM: 200
2026-08-25 12:47:09,091 | INFO | News RSS query for TORNTPHARM: https://news.google.com/rss/search?q=%22Torrent+Pharmaceuticals+Ltd.%22+NSE+when:10d&hl=en-IN&gl=IN&ceid=IN:en
2026-08-25 12:47:09,096 | INFO | News RSS status for TORNTPHARM: 200
2026-08-25 12:47:09,098 | INFO | News RSS query for TORNTPHARM: https://news.google.com/rss/search?q=%22Torrent+Pharmaceuticals+Ltd.%22+stock+when:10d&hl=en-IN&gl=IN&ceid=IN:en
2026-08-25 12:47:09,103 | INFO | News RSS status for TORNTPHARM: 200
2026-08-25 12:47:09,764 | INFO | News RSS query for TVSMOTOR: https://news.google.com/rss/search?q=%22TVS+Motor+Company+Ltd.%22+NSE+when:10d&hl=en-IN&gl=IN&ceid=IN:en
2026-08-25 12:47:10,037 | INFO | News RSS status for TVSMOTOR: 200
2026-08-25 12:47:10,090 | INFO | News RSS query for TVSMOTOR: https://news.google.com/rss/search?q=%22TVS+Motor+Company+Ltd.%22+NSE+when:10d&hl=en-IN&gl=IN&ceid=IN:en
2026-08-25 12:47:10,095 | INFO | News RSS status for TVSMOTOR: 200
2026-08-25 12:47:10,752 | INFO | News RSS query for UNIONBANK: https://news.google.com/rss/search?q=%22Union+Bank+of+India%22+NSE+when:10d&hl=en-IN&gl=IN&ceid=IN:en
2026-08-25 12:47:11,022 | INFO | News RSS status for UNIONBANK: 200
2026-08-25 12:47:11,196 | INFO | News RSS query for UNITDSPR: https://news.google.com/rss/search?q=%22United+Spirits+Ltd.%22+NSE+when:10d&hl=en-IN&gl=IN&ceid=IN:en
2026-08-25 12:47:11,381 | INFO | News RSS status for UNITDSPR: 200
2026-08-25 12:47:11,386 | WARNING | Skipping VAML — only 6 bars available (need 220). Extend history_backfill_days in config.json to include this symbol.
2026-08-25 12:47:11,988 | WARNING | Skipping VEDPOWER — only 4 bars available (need 220). Extend history_backfill_days in config.json to include this symbol.
2026-08-25 12:47:11,989 | WARNING | Skipping VISL — only 4 bars available (need 220). Extend history_backfill_days in config.json to include this symbol.
2026-08-25 12:47:11,989 | WARNING | Skipping VOGL — only 7 bars available (need 220). Extend history_backfill_days in config.json to include this symbol.
2026-08-25 12:47:12,645 | INFO | News RSS query for ZYDUSLIFE: https://news.google.com/rss/search?q=%22Zydus+Lifesciences+Ltd.%22+NSE+when:10d&hl=en-IN&gl=IN&ceid=IN:en
2026-08-25 12:47:12,871 | INFO | News RSS status for ZYDUSLIFE: 200
2026-08-25 12:47:12,880 | INFO | Index membership from cache: NIFTY 50 (50 symbols)
2026-08-25 12:47:12,880 | INFO | Index membership from cache: Nifty Next 50 (50 symbols)
2026-08-25 12:47:12,880 | INFO | Index membership ready: 100 symbols mapped
2026-08-25 12:47:12,880 | INFO | Market Health: fetching index OHLCV...
2026-08-25 12:47:13,840 | WARNING | niftyindices failed NIFTY 50 2026-08-22-2026-08-25: Expecting value: line 1 column 2 (char 1)
2026-08-25 12:47:13,970 | INFO | Index OHLCV via yfinance (^NSEI) for NIFTY 50: 1449 rows
2026-08-25 12:47:15,091 | WARNING | niftyindices failed NIFTY NEXT 50 2026-08-22-2026-08-25: Expecting value: line 1 column 2 (char 1)
2026-08-25 12:47:15,218 | INFO | Index OHLCV via yfinance (JUNIORBEES.NS) for NIFTY NEXT 50: 1448 rows
2026-08-25 12:47:15,219 | INFO | Market Health: fetching VIX...
2026-08-25 12:47:16,189 | WARNING | niftyindices VIX failed 2026-08-22-2026-08-25: Expecting value: line 1 column 2 (char 1)
2026-08-25 12:47:16,338 | INFO | VIX via yfinance (^INDIAVIX): 147 rows
2026-08-25 12:47:16,339 | INFO | Market Health: updating breadth EMA cache...
2026-08-25 12:47:17,890 | INFO | Breadth EMA cache: 134364 total rows (+100)
2026-08-25 12:47:17,908 | INFO | Market Health [NIFTY 50]: Score=15.8 | Sideways &#x1F7E0;
2026-08-25 12:47:17,922 | INFO | Market Health [Nifty Next 50]: Score=3.0 | Sideways &#x1F7E0;
2026-08-25 12:47:18,013 | INFO | Signal log: appended 11 new signals. Total rows: 679
2026-08-25 12:47:18,013 | INFO | Signal log written/updated: /home/runner/work/nifty100-reporter/nifty100-reporter/data/nifty100_signal_log.csv
2026-08-25 12:47:19,003 | INFO | Signal tracker: updated 167 Active signal rows.
2026-08-25 12:47:19,015 | INFO | HTML report written: /home/runner/work/nifty100-reporter/nifty100-reporter/reports/nifty100_daily_report_20260825.html
2026-08-25 12:47:19,022 | INFO | Market Health Excel sheet written.
2026-08-25 12:47:20,032 | INFO | Excel report written: /home/runner/work/nifty100-reporter/nifty100-reporter/reports/nifty100_daily_report_20260825.xlsx
2026-08-25 12:47:20,032 | INFO | GitHub Actions detected — skipping Gmail API send (workflow handles email).
2026-08-25 12:47:20,032 | INFO | Run completed successfully.
2026-08-25 12:47:20,032 | INFO | Artifacts: /home/runner/work/nifty100-reporter/nifty100-reporter/reports/nifty100_daily_report_20260825.html | /home/runner/work/nifty100-reporter/nifty100-reporter/reports/nifty100_daily_report_20260825.xlsx | log: /home/runner/work/nifty100-reporter/nifty100-reporter/logs/run_20260825_181541.log
