2026-06-28 12:45:57,991 | INFO | Nifty 100 Daily EMA Cross Reporter | Version 3.3.8 | Released 2026-04-17
2026-06-28 12:45:57,991 | INFO | Base directory: /home/runner/work/nifty100-reporter/nifty100-reporter
2026-06-28 12:45:57,991 | INFO | Loaded config. Email enabled: True | Recipients: 1
2026-06-28 12:45:58,248 | WARNING | NSE session bootstrap HTTP 403 (attempt 1/5) — refreshing NSE session cookie …
2026-06-28 12:46:08,693 | INFO | NSE session bootstrap status: 200
2026-06-28 12:46:08,693 | INFO | Downloading Nifty 100 universe from https://www.niftyindices.com/IndexConstituent/ind_nifty100list.csv
2026-06-28 12:46:09,027 | INFO | Universe download status: 200
2026-06-28 12:46:09,033 | INFO | Universe rows loaded: 100
2026-06-28 12:46:09,141 | INFO | Loaded history rows: 130254
2026-06-28 12:46:09,149 | INFO | yfinance history update: 100 symbols | 2026-06-24 → 2026-06-29
2026-06-28 12:46:09,149 | INFO | yfinance batch download: 100 symbols | 2026-06-24 → 2026-06-29
2026-06-28 12:46:09,151 | INFO | Failed to create TzCache, reason: Error creating TzCache folder: '/home/runner/.cache/py-yfinance' reason: [Errno 17] File exists: '/home/runner/.cache/py-yfinance'. TzCache will not be used. Tip: You can direct cache to use a different location with 'set_tz_cache_location(mylocation)'
2026-06-28 12:46:13,148 | INFO | yfinance raw shape: (2, 500)
2026-06-28 12:46:13,471 | INFO | yfinance parsed rows after date-filter: 200
2026-06-28 12:46:13,472 | INFO | New rows from yfinance: 200
2026-06-28 12:46:14,249 | INFO | Saved history rows: 130254 | file: /home/runner/work/nifty100-reporter/nifty100-reporter/data/nifty100_ohlcv_history.csv
2026-06-28 12:46:14,360 | INFO | Loaded history rows: 130254
2026-06-28 12:46:14,361 | INFO | Latest OHLCV data is from 2026-06-25
2026-06-28 12:46:14,386 | INFO | Latest Delivery data is from 2026-06-26
2026-06-28 12:46:14,430 | INFO | Delivery cache has 30 dates — skipping backfill.
2026-06-28 12:46:14,430 | INFO | Delivery fetch attempt [2/7] — URL: https://archives.nseindia.com/products/content/sec_bhavdata_full_26062026.csv
2026-06-28 12:46:16,714 | INFO | Delivery fetch SUCCESS — date: 2026-06-26 | size: 370291 bytes | URL: https://archives.nseindia.com/products/content/sec_bhavdata_full_26062026.csv
2026-06-28 12:46:17,078 | INFO | Delivery cache updated: 2406 symbols for 2026-06-26 (rows in cache: 73095)
2026-06-28 12:46:17,079 | INFO | Delivery data: 2406 symbols | fallback=False
2026-06-28 12:46:17,416 | INFO | Corporate actions bulk OK: 114 raw rows | 19 Nifty100 symbols with events
2026-06-28 12:46:45,650 | INFO | Corporate actions: 19/100 symbols have events (window 28-06-2026 to 28-07-2026) | Symbols: AXISBANK, BAJAJFINSV, BAJAJHLDNG, BAJFINANCE, CHOLAFIN, CUMMINSIND, DIVISLAB, HINDALCO, JSWSTEEL, M&M, MAXHEALTH, MOTHERSON, NESTLEIND, SHRIRAMFIN, SUNPHARMA, TECHM, UNIONBANK, UNITDSPR, ZYDUSLIFE
2026-06-28 12:46:45,651 | INFO | Index membership from cache: NIFTY 50 (50 symbols)
2026-06-28 12:46:45,651 | INFO | Index membership from cache: Nifty Next 50 (50 symbols)
2026-06-28 12:46:45,651 | INFO | Index membership ready: 100 symbols mapped
2026-06-28 12:46:46,315 | INFO | News RSS query for ABB: https://news.google.com/rss/search?q=%22ABB+India+Ltd.%22+NSE+when:10d&hl=en-IN&gl=IN&ceid=IN:en
2026-06-28 12:46:46,527 | INFO | News RSS status for ABB: 200
2026-06-28 12:46:46,900 | INFO | News RSS query for ADANIENSOL: https://news.google.com/rss/search?q=%22Adani+Energy+Solutions+Ltd.%22+NSE+when:10d&hl=en-IN&gl=IN&ceid=IN:en
2026-06-28 12:46:47,082 | INFO | News RSS status for ADANIENSOL: 200
2026-06-28 12:46:47,722 | INFO | News RSS query for ADANIENT: https://news.google.com/rss/search?q=%22Adani+Enterprises+Ltd.%22+NSE+when:10d&hl=en-IN&gl=IN&ceid=IN:en
2026-06-28 12:46:48,071 | INFO | News RSS status for ADANIENT: 200
2026-06-28 12:46:48,735 | INFO | News RSS query for ADANIGREEN: https://news.google.com/rss/search?q=%22Adani+Green+Energy+Ltd.%22+NSE+when:10d&hl=en-IN&gl=IN&ceid=IN:en
2026-06-28 12:46:48,924 | INFO | News RSS status for ADANIGREEN: 200
2026-06-28 12:46:48,993 | INFO | News RSS query for ADANIGREEN: https://news.google.com/rss/search?q=%22Adani+Green+Energy+Ltd.%22+NSE+when:10d&hl=en-IN&gl=IN&ceid=IN:en
2026-06-28 12:46:48,999 | INFO | News RSS status for ADANIGREEN: 200
2026-06-28 12:46:49,647 | INFO | News RSS query for ADANIPORTS: https://news.google.com/rss/search?q=%22Adani+Ports+and+Special+Economic+Zone+Ltd.%22+NSE+when:10d&hl=en-IN&gl=IN&ceid=IN:en
2026-06-28 12:46:49,824 | INFO | News RSS status for ADANIPORTS: 200
2026-06-28 12:46:50,459 | INFO | News RSS query for ADANIPOWER: https://news.google.com/rss/search?q=%22Adani+Power+Ltd.%22+NSE+when:10d&hl=en-IN&gl=IN&ceid=IN:en
2026-06-28 12:46:50,658 | INFO | News RSS status for ADANIPOWER: 200
2026-06-28 12:46:51,873 | INFO | News RSS query for APOLLOHOSP: https://news.google.com/rss/search?q=%22Apollo+Hospitals+Enterprise+Ltd.%22+NSE+when:10d&hl=en-IN&gl=IN&ceid=IN:en
2026-06-28 12:46:52,071 | INFO | News RSS status for APOLLOHOSP: 200
2026-06-28 12:46:52,075 | INFO | News RSS query for APOLLOHOSP: https://news.google.com/rss/search?q=%22Apollo+Hospitals+Enterprise+Ltd.%22+stock+when:10d&hl=en-IN&gl=IN&ceid=IN:en
2026-06-28 12:46:52,266 | INFO | News RSS status for APOLLOHOSP: 200
2026-06-28 12:46:52,914 | INFO | News RSS query for ASIANPAINT: https://news.google.com/rss/search?q=%22Asian+Paints+Ltd.%22+NSE+when:10d&hl=en-IN&gl=IN&ceid=IN:en
2026-06-28 12:46:53,166 | INFO | News RSS status for ASIANPAINT: 200
2026-06-28 12:46:53,816 | INFO | News RSS query for AXISBANK: https://news.google.com/rss/search?q=%22Axis+Bank+Ltd.%22+NSE+when:10d&hl=en-IN&gl=IN&ceid=IN:en
2026-06-28 12:46:54,016 | INFO | News RSS status for AXISBANK: 200
2026-06-28 12:46:56,975 | INFO | News RSS query for BANKBARODA: https://news.google.com/rss/search?q=%22Bank+of+Baroda%22+NSE+when:10d&hl=en-IN&gl=IN&ceid=IN:en
2026-06-28 12:46:57,283 | INFO | News RSS status for BANKBARODA: 200
2026-06-28 12:46:59,108 | INFO | News RSS query for BOSCHLTD: https://news.google.com/rss/search?q=%22Bosch+Ltd.%22+NSE+when:10d&hl=en-IN&gl=IN&ceid=IN:en
2026-06-28 12:46:59,340 | INFO | News RSS status for BOSCHLTD: 200
2026-06-28 12:47:01,728 | INFO | News RSS query for CGPOWER: https://news.google.com/rss/search?q=%22CG+Power+and+Industrial+Solutions+Ltd.%22+NSE+when:10d&hl=en-IN&gl=IN&ceid=IN:en
2026-06-28 12:47:01,919 | INFO | News RSS status for CGPOWER: 200
2026-06-28 12:47:01,921 | INFO | News RSS query for CGPOWER: https://news.google.com/rss/search?q=%22CG+Power+and+Industrial+Solutions+Ltd.%22+stock+when:10d&hl=en-IN&gl=IN&ceid=IN:en
2026-06-28 12:47:02,154 | INFO | News RSS status for CGPOWER: 200
2026-06-28 12:47:02,156 | INFO | News RSS query for CGPOWER: https://news.google.com/rss/search?q=CGPOWER+NSE+when:10d&hl=en-IN&gl=IN&ceid=IN:en
2026-06-28 12:47:02,385 | INFO | News RSS status for CGPOWER: 200
2026-06-28 12:47:02,452 | INFO | News RSS query for CGPOWER: https://news.google.com/rss/search?q=%22CG+Power+and+Industrial+Solutions+Ltd.%22+NSE+when:10d&hl=en-IN&gl=IN&ceid=IN:en
2026-06-28 12:47:02,458 | INFO | News RSS status for CGPOWER: 200
2026-06-28 12:47:02,459 | INFO | News RSS query for CGPOWER: https://news.google.com/rss/search?q=%22CG+Power+and+Industrial+Solutions+Ltd.%22+stock+when:10d&hl=en-IN&gl=IN&ceid=IN:en
2026-06-28 12:47:02,465 | INFO | News RSS status for CGPOWER: 200
2026-06-28 12:47:02,467 | INFO | News RSS query for CGPOWER: https://news.google.com/rss/search?q=CGPOWER+NSE+when:10d&hl=en-IN&gl=IN&ceid=IN:en
2026-06-28 12:47:02,473 | INFO | News RSS status for CGPOWER: 200
2026-06-28 12:47:02,541 | INFO | News RSS query for CGPOWER: https://news.google.com/rss/search?q=%22CG+Power+and+Industrial+Solutions+Ltd.%22+NSE+when:10d&hl=en-IN&gl=IN&ceid=IN:en
2026-06-28 12:47:02,546 | INFO | News RSS status for CGPOWER: 200
2026-06-28 12:47:02,547 | INFO | News RSS query for CGPOWER: https://news.google.com/rss/search?q=%22CG+Power+and+Industrial+Solutions+Ltd.%22+stock+when:10d&hl=en-IN&gl=IN&ceid=IN:en
2026-06-28 12:47:02,551 | INFO | News RSS status for CGPOWER: 200
2026-06-28 12:47:02,554 | INFO | News RSS query for CGPOWER: https://news.google.com/rss/search?q=CGPOWER+NSE+when:10d&hl=en-IN&gl=IN&ceid=IN:en
2026-06-28 12:47:02,558 | INFO | News RSS status for CGPOWER: 200
2026-06-28 12:47:03,197 | INFO | News RSS query for CHOLAFIN: https://news.google.com/rss/search?q=%22Cholamandalam+Investment+and+Finance+Company+Ltd.%22+NSE+when:10d&hl=en-IN&gl=IN&ceid=IN:en
2026-06-28 12:47:03,380 | INFO | News RSS status for CHOLAFIN: 200
2026-06-28 12:47:03,381 | INFO | News RSS query for CHOLAFIN: https://news.google.com/rss/search?q=%22Cholamandalam+Investment+and+Finance+Company+Ltd.%22+stock+when:10d&hl=en-IN&gl=IN&ceid=IN:en
2026-06-28 12:47:03,564 | INFO | News RSS status for CHOLAFIN: 200
2026-06-28 12:47:03,566 | INFO | News RSS query for CHOLAFIN: https://news.google.com/rss/search?q=CHOLAFIN+NSE+when:10d&hl=en-IN&gl=IN&ceid=IN:en
2026-06-28 12:47:03,733 | INFO | News RSS status for CHOLAFIN: 200
2026-06-28 12:47:03,733 | INFO | News RSS query for CHOLAFIN: https://news.google.com/rss/search?q=site%3Aeconomictimes.indiatimes.com+%22Cholamandalam+Investment+and+Finance+Company+Ltd.%22+when:10d&hl=en-IN&gl=IN&ceid=IN:en
2026-06-28 12:47:03,903 | INFO | News RSS status for CHOLAFIN: 200
2026-06-28 12:47:03,904 | INFO | News RSS query for CHOLAFIN: https://news.google.com/rss/search?q=site%3Amoneycontrol.com+%22Cholamandalam+Investment+and+Finance+Company+Ltd.%22+when:10d&hl=en-IN&gl=IN&ceid=IN:en
2026-06-28 12:47:04,086 | INFO | News RSS status for CHOLAFIN: 200
2026-06-28 12:47:04,088 | INFO | News RSS query for CHOLAFIN: https://news.google.com/rss/search?q=site%3Abusinessstandard.com+%22Cholamandalam+Investment+and+Finance+Company+Ltd.%22+when:10d&hl=en-IN&gl=IN&ceid=IN:en
2026-06-28 12:47:04,231 | INFO | News RSS status for CHOLAFIN: 200
2026-06-28 12:47:04,296 | INFO | News RSS query for CHOLAFIN: https://news.google.com/rss/search?q=%22Cholamandalam+Investment+and+Finance+Company+Ltd.%22+NSE+when:10d&hl=en-IN&gl=IN&ceid=IN:en
2026-06-28 12:47:04,301 | INFO | News RSS status for CHOLAFIN: 200
2026-06-28 12:47:04,302 | INFO | News RSS query for CHOLAFIN: https://news.google.com/rss/search?q=%22Cholamandalam+Investment+and+Finance+Company+Ltd.%22+stock+when:10d&hl=en-IN&gl=IN&ceid=IN:en
2026-06-28 12:47:04,307 | INFO | News RSS status for CHOLAFIN: 200
2026-06-28 12:47:04,308 | INFO | News RSS query for CHOLAFIN: https://news.google.com/rss/search?q=CHOLAFIN+NSE+when:10d&hl=en-IN&gl=IN&ceid=IN:en
2026-06-28 12:47:04,313 | INFO | News RSS status for CHOLAFIN: 200
2026-06-28 12:47:04,313 | INFO | News RSS query for CHOLAFIN: https://news.google.com/rss/search?q=site%3Aeconomictimes.indiatimes.com+%22Cholamandalam+Investment+and+Finance+Company+Ltd.%22+when:10d&hl=en-IN&gl=IN&ceid=IN:en
2026-06-28 12:47:04,318 | INFO | News RSS status for CHOLAFIN: 200
2026-06-28 12:47:04,319 | INFO | News RSS query for CHOLAFIN: https://news.google.com/rss/search?q=site%3Amoneycontrol.com+%22Cholamandalam+Investment+and+Finance+Company+Ltd.%22+when:10d&hl=en-IN&gl=IN&ceid=IN:en
2026-06-28 12:47:04,324 | INFO | News RSS status for CHOLAFIN: 200
2026-06-28 12:47:04,324 | INFO | News RSS query for CHOLAFIN: https://news.google.com/rss/search?q=site%3Abusinessstandard.com+%22Cholamandalam+Investment+and+Finance+Company+Ltd.%22+when:10d&hl=en-IN&gl=IN&ceid=IN:en
2026-06-28 12:47:04,330 | INFO | News RSS status for CHOLAFIN: 200
2026-06-28 12:47:06,187 | INFO | News RSS query for CUMMINSIND: https://news.google.com/rss/search?q=%22Cummins+India+Ltd.%22+NSE+when:10d&hl=en-IN&gl=IN&ceid=IN:en
2026-06-28 12:47:06,378 | INFO | News RSS status for CUMMINSIND: 200
2026-06-28 12:47:07,031 | INFO | News RSS query for DIVISLAB: https://news.google.com/rss/search?q=%22Divi%27s+Laboratories+Ltd.%22+NSE+when:10d&hl=en-IN&gl=IN&ceid=IN:en
2026-06-28 12:47:07,235 | INFO | News RSS status for DIVISLAB: 200
2026-06-28 12:47:07,238 | INFO | News RSS query for DIVISLAB: https://news.google.com/rss/search?q=%22Divi%27s+Laboratories+Ltd.%22+stock+when:10d&hl=en-IN&gl=IN&ceid=IN:en
2026-06-28 12:47:07,418 | INFO | News RSS status for DIVISLAB: 200
2026-06-28 12:47:07,419 | INFO | News RSS query for DIVISLAB: https://news.google.com/rss/search?q=DIVISLAB+NSE+when:10d&hl=en-IN&gl=IN&ceid=IN:en
2026-06-28 12:47:07,597 | INFO | News RSS status for DIVISLAB: 200
2026-06-28 12:47:08,816 | INFO | News RSS query for DMART: https://news.google.com/rss/search?q=%22Avenue+Supermarts+Ltd.%22+NSE+when:10d&hl=en-IN&gl=IN&ceid=IN:en
2026-06-28 12:47:09,027 | INFO | News RSS status for DMART: 200
2026-06-28 12:47:09,030 | INFO | News RSS query for DMART: https://news.google.com/rss/search?q=%22Avenue+Supermarts+Ltd.%22+stock+when:10d&hl=en-IN&gl=IN&ceid=IN:en
2026-06-28 12:47:09,205 | INFO | News RSS status for DMART: 200
2026-06-28 12:47:09,851 | INFO | News RSS query for DRREDDY: https://news.google.com/rss/search?q=%22Dr.+Reddy%27s+Laboratories+Ltd.%22+NSE+when:10d&hl=en-IN&gl=IN&ceid=IN:en
2026-06-28 12:47:10,052 | INFO | News RSS status for DRREDDY: 200
2026-06-28 12:47:10,704 | INFO | News RSS query for EICHERMOT: https://news.google.com/rss/search?q=%22Eicher+Motors+Ltd.%22+NSE+when:10d&hl=en-IN&gl=IN&ceid=IN:en
2026-06-28 12:47:10,903 | INFO | News RSS status for EICHERMOT: 200
2026-06-28 12:47:11,083 | INFO | News RSS query for ENRIN: https://news.google.com/rss/search?q=%22Siemens+Energy+India+Ltd.%22+NSE+when:10d&hl=en-IN&gl=IN&ceid=IN:en
2026-06-28 12:47:11,368 | INFO | News RSS status for ENRIN: 200
2026-06-28 12:47:11,440 | INFO | News RSS query for ENRIN: https://news.google.com/rss/search?q=%22Siemens+Energy+India+Ltd.%22+NSE+when:10d&hl=en-IN&gl=IN&ceid=IN:en
2026-06-28 12:47:11,445 | INFO | News RSS status for ENRIN: 200
2026-06-28 12:47:12,593 | INFO | News RSS query for GAIL: https://news.google.com/rss/search?q=%22GAIL+%28India%29+Ltd.%22+NSE+when:10d&hl=en-IN&gl=IN&ceid=IN:en
2026-06-28 12:47:12,783 | INFO | News RSS status for GAIL: 200
2026-06-28 12:47:14,002 | INFO | News RSS query for GRASIM: https://news.google.com/rss/search?q=%22Grasim+Industries+Ltd.%22+NSE+when:10d&hl=en-IN&gl=IN&ceid=IN:en
2026-06-28 12:47:14,196 | INFO | News RSS status for GRASIM: 200
2026-06-28 12:47:14,198 | INFO | News RSS query for GRASIM: https://news.google.com/rss/search?q=%22Grasim+Industries+Ltd.%22+stock+when:10d&hl=en-IN&gl=IN&ceid=IN:en
2026-06-28 12:47:14,407 | INFO | News RSS status for GRASIM: 200
2026-06-28 12:47:15,037 | INFO | News RSS query for HAL: https://news.google.com/rss/search?q=%22Hindustan+Aeronautics+Ltd.%22+NSE+when:10d&hl=en-IN&gl=IN&ceid=IN:en
2026-06-28 12:47:15,228 | INFO | News RSS status for HAL: 200
2026-06-28 12:47:16,434 | INFO | News RSS query for HDFCAMC: https://news.google.com/rss/search?q=%22HDFC+Asset+Management+Company+Ltd.%22+NSE+when:10d&hl=en-IN&gl=IN&ceid=IN:en
2026-06-28 12:47:16,654 | INFO | News RSS status for HDFCAMC: 200
2026-06-28 12:47:16,657 | INFO | News RSS query for HDFCAMC: https://news.google.com/rss/search?q=%22HDFC+Asset+Management+Company+Ltd.%22+stock+when:10d&hl=en-IN&gl=IN&ceid=IN:en
2026-06-28 12:47:16,853 | INFO | News RSS status for HDFCAMC: 200
2026-06-28 12:47:16,922 | INFO | News RSS query for HDFCAMC: https://news.google.com/rss/search?q=%22HDFC+Asset+Management+Company+Ltd.%22+NSE+when:10d&hl=en-IN&gl=IN&ceid=IN:en
2026-06-28 12:47:16,927 | INFO | News RSS status for HDFCAMC: 200
2026-06-28 12:47:16,930 | INFO | News RSS query for HDFCAMC: https://news.google.com/rss/search?q=%22HDFC+Asset+Management+Company+Ltd.%22+stock+when:10d&hl=en-IN&gl=IN&ceid=IN:en
2026-06-28 12:47:16,935 | INFO | News RSS status for HDFCAMC: 200
2026-06-28 12:47:17,002 | INFO | News RSS query for HDFCAMC: https://news.google.com/rss/search?q=%22HDFC+Asset+Management+Company+Ltd.%22+NSE+when:10d&hl=en-IN&gl=IN&ceid=IN:en
2026-06-28 12:47:17,006 | INFO | News RSS status for HDFCAMC: 200
2026-06-28 12:47:17,009 | INFO | News RSS query for HDFCAMC: https://news.google.com/rss/search?q=%22HDFC+Asset+Management+Company+Ltd.%22+stock+when:10d&hl=en-IN&gl=IN&ceid=IN:en
2026-06-28 12:47:17,013 | INFO | News RSS status for HDFCAMC: 200
2026-06-28 12:47:27,167 | INFO | News RSS query for LT: https://news.google.com/rss/search?q=%22Larsen+%26+Toubro+Ltd.%22+NSE+when:10d&hl=en-IN&gl=IN&ceid=IN:en
2026-06-28 12:47:27,387 | INFO | News RSS status for LT: 200
2026-06-28 12:47:27,393 | WARNING | Skipping LTM — only 86 bars available (need 220). Extend history_backfill_days in config.json to include this symbol.
2026-06-28 12:47:28,036 | INFO | News RSS query for M&M: https://news.google.com/rss/search?q=%22Mahindra+%26+Mahindra+Ltd.%22+NSE+when:10d&hl=en-IN&gl=IN&ceid=IN:en
2026-06-28 12:47:28,391 | INFO | News RSS status for M&M: 200
2026-06-28 12:47:30,764 | INFO | News RSS query for MOTHERSON: https://news.google.com/rss/search?q=%22Samvardhana+Motherson+International+Ltd.%22+NSE+when:10d&hl=en-IN&gl=IN&ceid=IN:en
2026-06-28 12:47:30,960 | INFO | News RSS status for MOTHERSON: 200
2026-06-28 12:47:33,913 | INFO | News RSS query for PFC: https://news.google.com/rss/search?q=%22Power+Finance+Corporation+Ltd.%22+NSE+when:10d&hl=en-IN&gl=IN&ceid=IN:en
2026-06-28 12:47:34,100 | INFO | News RSS status for PFC: 200
2026-06-28 12:47:34,737 | INFO | News RSS query for PIDILITIND: https://news.google.com/rss/search?q=%22Pidilite+Industries+Ltd.%22+NSE+when:10d&hl=en-IN&gl=IN&ceid=IN:en
2026-06-28 12:47:34,909 | INFO | News RSS status for PIDILITIND: 200
2026-06-28 12:47:34,910 | INFO | News RSS query for PIDILITIND: https://news.google.com/rss/search?q=%22Pidilite+Industries+Ltd.%22+stock+when:10d&hl=en-IN&gl=IN&ceid=IN:en
2026-06-28 12:47:35,089 | INFO | News RSS status for PIDILITIND: 200
2026-06-28 12:47:39,713 | INFO | News RSS query for SHRIRAMFIN: https://news.google.com/rss/search?q=%22Shriram+Finance+Ltd.%22+NSE+when:10d&hl=en-IN&gl=IN&ceid=IN:en
2026-06-28 12:47:39,918 | INFO | News RSS status for SHRIRAMFIN: 200
2026-06-28 12:47:41,125 | INFO | News RSS query for SOLARINDS: https://news.google.com/rss/search?q=%22Solar+Industries+India+Ltd.%22+NSE+when:10d&hl=en-IN&gl=IN&ceid=IN:en
2026-06-28 12:47:41,281 | INFO | News RSS status for SOLARINDS: 200
2026-06-28 12:47:41,283 | INFO | News RSS query for SOLARINDS: https://news.google.com/rss/search?q=%22Solar+Industries+India+Ltd.%22+stock+when:10d&hl=en-IN&gl=IN&ceid=IN:en
2026-06-28 12:47:41,465 | INFO | News RSS status for SOLARINDS: 200
2026-06-28 12:47:42,106 | INFO | News RSS query for SUNPHARMA: https://news.google.com/rss/search?q=%22Sun+Pharmaceutical+Industries+Ltd.%22+NSE+when:10d&hl=en-IN&gl=IN&ceid=IN:en
2026-06-28 12:47:42,360 | INFO | News RSS status for SUNPHARMA: 200
2026-06-28 12:47:42,366 | WARNING | Skipping TATACAP — only 174 bars available (need 220). Extend history_backfill_days in config.json to include this symbol.
2026-06-28 12:47:45,863 | INFO | News RSS query for TITAN: https://news.google.com/rss/search?q=%22Titan+Company+Ltd.%22+NSE+when:10d&hl=en-IN&gl=IN&ceid=IN:en
2026-06-28 12:47:46,108 | INFO | News RSS status for TITAN: 200
2026-06-28 12:47:46,114 | WARNING | Skipping TMCV — only 154 bars available (need 220). Extend history_backfill_days in config.json to include this symbol.
2026-06-28 12:47:46,114 | WARNING | Skipping TMPV — only 171 bars available (need 220). Extend history_backfill_days in config.json to include this symbol.
2026-06-28 12:47:46,751 | INFO | News RSS query for TORNTPHARM: https://news.google.com/rss/search?q=%22Torrent+Pharmaceuticals+Ltd.%22+NSE+when:10d&hl=en-IN&gl=IN&ceid=IN:en
2026-06-28 12:47:46,928 | INFO | News RSS status for TORNTPHARM: 200
2026-06-28 12:47:49,276 | INFO | News RSS query for UNIONBANK: https://news.google.com/rss/search?q=%22Union+Bank+of+India%22+NSE+when:10d&hl=en-IN&gl=IN&ceid=IN:en
2026-06-28 12:47:49,510 | INFO | News RSS status for UNIONBANK: 200
2026-06-28 12:47:49,735 | WARNING | Skipping VAML — only 6 bars available (need 220). Extend history_backfill_days in config.json to include this symbol.
2026-06-28 12:47:50,876 | WARNING | Skipping VEDPOWER — only 4 bars available (need 220). Extend history_backfill_days in config.json to include this symbol.
2026-06-28 12:47:50,877 | WARNING | Skipping VISL — only 4 bars available (need 220). Extend history_backfill_days in config.json to include this symbol.
2026-06-28 12:47:50,877 | WARNING | Skipping VOGL — only 7 bars available (need 220). Extend history_backfill_days in config.json to include this symbol.
2026-06-28 12:47:52,084 | INFO | News RSS query for ZYDUSLIFE: https://news.google.com/rss/search?q=%22Zydus+Lifesciences+Ltd.%22+NSE+when:10d&hl=en-IN&gl=IN&ceid=IN:en
2026-06-28 12:47:52,272 | INFO | News RSS status for ZYDUSLIFE: 200
2026-06-28 12:47:52,275 | INFO | News RSS query for ZYDUSLIFE: https://news.google.com/rss/search?q=%22Zydus+Lifesciences+Ltd.%22+stock+when:10d&hl=en-IN&gl=IN&ceid=IN:en
2026-06-28 12:47:52,448 | INFO | News RSS status for ZYDUSLIFE: 200
2026-06-28 12:47:52,460 | INFO | Index membership from cache: NIFTY 50 (50 symbols)
2026-06-28 12:47:52,461 | INFO | Index membership from cache: Nifty Next 50 (50 symbols)
2026-06-28 12:47:52,461 | INFO | Index membership ready: 100 symbols mapped
2026-06-28 12:47:52,461 | INFO | Market Health: fetching index OHLCV...
2026-06-28 12:47:52,464 | INFO | Index OHLCV cache fresh for NIFTY 50 (1409 rows)
2026-06-28 12:47:52,467 | INFO | Index OHLCV cache fresh for NIFTY NEXT 50 (1409 rows)
2026-06-28 12:47:52,467 | INFO | Market Health: fetching VIX...
2026-06-28 12:47:52,469 | INFO | VIX cache fresh (107 rows)
2026-06-28 12:47:52,469 | INFO | Market Health: updating breadth EMA cache...
2026-06-28 12:47:53,718 | INFO | Market Health [NIFTY 50]: Score=23.5 | Weak Bull &#x1F7E1;
2026-06-28 12:47:53,739 | INFO | Market Health [Nifty Next 50]: Score=59.5 | Weak Bull &#x1F7E1;
2026-06-28 12:47:53,781 | INFO | Signal log: skipping new signal insertion — 2026-06-28 is a weekend.
2026-06-28 12:47:55,041 | INFO | Signal tracker: updated 181 Active signal rows.
2026-06-28 12:47:55,064 | INFO | HTML report written: /home/runner/work/nifty100-reporter/nifty100-reporter/reports/nifty100_daily_report_20260628.html
2026-06-28 12:47:55,073 | INFO | Market Health Excel sheet written.
2026-06-28 12:47:55,940 | INFO | Excel report written: /home/runner/work/nifty100-reporter/nifty100-reporter/reports/nifty100_daily_report_20260628.xlsx
2026-06-28 12:47:55,940 | INFO | GitHub Actions detected — skipping Gmail API send (workflow handles email).
2026-06-28 12:47:55,940 | INFO | Run completed successfully.
2026-06-28 12:47:55,940 | INFO | Artifacts: /home/runner/work/nifty100-reporter/nifty100-reporter/reports/nifty100_daily_report_20260628.html | /home/runner/work/nifty100-reporter/nifty100-reporter/reports/nifty100_daily_report_20260628.xlsx | log: /home/runner/work/nifty100-reporter/nifty100-reporter/logs/run_20260628_181557.log
