2026-08-03 12:45:46,982 | INFO | Nifty 100 Daily EMA Cross Reporter | Version 3.3.8 | Released 2026-04-17
2026-08-03 12:45:46,982 | INFO | Base directory: /home/runner/work/nifty100-reporter/nifty100-reporter
2026-08-03 12:45:46,982 | INFO | Loaded config. Email enabled: True | Recipients: 1
2026-08-03 12:45:47,172 | WARNING | NSE session bootstrap HTTP 403 (attempt 1/5) — refreshing NSE session cookie …
2026-08-03 12:45:57,787 | INFO | NSE session bootstrap status: 200
2026-08-03 12:45:57,788 | INFO | Downloading Nifty 100 universe from https://www.niftyindices.com/IndexConstituent/ind_nifty100list.csv
2026-08-03 12:45:58,391 | INFO | Universe download status: 200
2026-08-03 12:45:58,396 | INFO | Universe rows loaded: 100
2026-08-03 12:45:58,507 | INFO | Loaded history rows: 132754
2026-08-03 12:45:58,515 | INFO | yfinance history update: 100 symbols | 2026-07-30 → 2026-08-04
2026-08-03 12:45:58,515 | INFO | yfinance batch download: 100 symbols | 2026-07-30 → 2026-08-04
2026-08-03 12:45:58,517 | INFO | Failed to create TzCache, reason: Error creating TzCache folder: '/home/runner/.cache/py-yfinance' reason: [Errno 17] File exists: '/home/runner/.cache/py-yfinance'. TzCache will not be used. Tip: You can direct cache to use a different location with 'set_tz_cache_location(mylocation)'
2026-08-03 12:46:03,592 | ERROR | 
1 Failed download:
2026-08-03 12:46:03,592 | ERROR | ['PNB.NS']: OperationalError('database is locked')
2026-08-03 12:46:03,606 | INFO | yfinance raw shape: (3, 501)
2026-08-03 12:46:03,897 | INFO | yfinance parsed rows after date-filter: 297
2026-08-03 12:46:03,898 | INFO | New rows from yfinance: 297
2026-08-03 12:46:04,759 | INFO | Saved history rows: 132853 | file: /home/runner/work/nifty100-reporter/nifty100-reporter/data/nifty100_ohlcv_history.csv
2026-08-03 12:46:04,868 | INFO | Loaded history rows: 132853
2026-08-03 12:46:04,869 | INFO | Latest OHLCV data is from 2026-08-03
2026-08-03 12:46:04,897 | INFO | Latest Delivery data is from 2026-07-31
2026-08-03 12:46:04,947 | INFO | Delivery cache has 33 dates — skipping backfill.
2026-08-03 12:46:04,947 | INFO | Delivery fetch attempt [0/7] — URL: https://archives.nseindia.com/products/content/sec_bhavdata_full_03082026.csv
2026-08-03 12:46:06,275 | INFO | Delivery fetch SUCCESS — date: 2026-08-03 | size: 375905 bytes | URL: https://archives.nseindia.com/products/content/sec_bhavdata_full_03082026.csv
2026-08-03 12:46:06,627 | INFO | Delivery cache updated: 2415 symbols for 2026-08-03 (rows in cache: 74244)
2026-08-03 12:46:06,628 | INFO | Delivery data: 2415 symbols | fallback=False
2026-08-03 12:46:07,013 | INFO | Corporate actions bulk OK: 100 raw rows | 5 Nifty100 symbols with events
2026-08-03 12:46:38,984 | INFO | Corporate actions: 5/100 symbols have events (window 03-08-2026 to 02-09-2026) | Symbols: BOSCHLTD, GRASIM, HYUNDAI, ICICIBANK, MARUTI
2026-08-03 12:46:38,984 | INFO | Index membership from cache: NIFTY 50 (50 symbols)
2026-08-03 12:46:38,984 | INFO | Index membership from cache: Nifty Next 50 (50 symbols)
2026-08-03 12:46:38,984 | INFO | Index membership ready: 100 symbols mapped
2026-08-03 12:46:39,495 | INFO | News RSS query for ABB: https://news.google.com/rss/search?q=%22ABB+India+Ltd.%22+NSE+when:10d&hl=en-IN&gl=IN&ceid=IN:en
2026-08-03 12:46:39,826 | INFO | News RSS status for ABB: 200
2026-08-03 12:46:40,112 | INFO | News RSS query for ADANIENSOL: https://news.google.com/rss/search?q=%22Adani+Energy+Solutions+Ltd.%22+NSE+when:10d&hl=en-IN&gl=IN&ceid=IN:en
2026-08-03 12:46:40,324 | INFO | News RSS status for ADANIENSOL: 200
2026-08-03 12:46:42,970 | INFO | News RSS query for APOLLOHOSP: https://news.google.com/rss/search?q=%22Apollo+Hospitals+Enterprise+Ltd.%22+NSE+when:10d&hl=en-IN&gl=IN&ceid=IN:en
2026-08-03 12:46:43,185 | INFO | News RSS status for APOLLOHOSP: 200
2026-08-03 12:46:43,684 | INFO | News RSS query for ASIANPAINT: https://news.google.com/rss/search?q=%22Asian+Paints+Ltd.%22+NSE+when:10d&hl=en-IN&gl=IN&ceid=IN:en
2026-08-03 12:46:43,909 | INFO | News RSS status for ASIANPAINT: 200
2026-08-03 12:46:44,836 | INFO | News RSS query for BAJAJ-AUTO: https://news.google.com/rss/search?q=%22Bajaj+Auto+Ltd.%22+NSE+when:10d&hl=en-IN&gl=IN&ceid=IN:en
2026-08-03 12:46:45,066 | INFO | News RSS status for BAJAJ-AUTO: 200
2026-08-03 12:46:46,435 | INFO | News RSS query for BAJFINANCE: https://news.google.com/rss/search?q=%22Bajaj+Finance+Ltd.%22+NSE+when:10d&hl=en-IN&gl=IN&ceid=IN:en
2026-08-03 12:46:46,648 | INFO | News RSS status for BAJFINANCE: 200
2026-08-03 12:46:48,006 | INFO | News RSS query for BHARTIARTL: https://news.google.com/rss/search?q=%22Bharti+Airtel+Ltd.%22+NSE+when:10d&hl=en-IN&gl=IN&ceid=IN:en
2026-08-03 12:46:48,261 | INFO | News RSS status for BHARTIARTL: 200
2026-08-03 12:46:48,325 | INFO | News RSS query for BHARTIARTL: https://news.google.com/rss/search?q=%22Bharti+Airtel+Ltd.%22+NSE+when:10d&hl=en-IN&gl=IN&ceid=IN:en
2026-08-03 12:46:48,333 | INFO | News RSS status for BHARTIARTL: 200
2026-08-03 12:46:48,824 | INFO | News RSS query for BOSCHLTD: https://news.google.com/rss/search?q=%22Bosch+Ltd.%22+NSE+when:10d&hl=en-IN&gl=IN&ceid=IN:en
2026-08-03 12:46:49,057 | INFO | News RSS status for BOSCHLTD: 200
2026-08-03 12:46:49,121 | INFO | News RSS query for BOSCHLTD: https://news.google.com/rss/search?q=%22Bosch+Ltd.%22+NSE+when:10d&hl=en-IN&gl=IN&ceid=IN:en
2026-08-03 12:46:49,126 | INFO | News RSS status for BOSCHLTD: 200
2026-08-03 12:46:51,354 | INFO | News RSS query for CHOLAFIN: https://news.google.com/rss/search?q=%22Cholamandalam+Investment+and+Finance+Company+Ltd.%22+NSE+when:10d&hl=en-IN&gl=IN&ceid=IN:en
2026-08-03 12:46:51,578 | INFO | News RSS status for CHOLAFIN: 200
2026-08-03 12:46:52,123 | INFO | News RSS query for CIPLA: https://news.google.com/rss/search?q=%22Cipla+Ltd.%22+NSE+when:10d&hl=en-IN&gl=IN&ceid=IN:en
2026-08-03 12:46:52,328 | INFO | News RSS status for CIPLA: 200
2026-08-03 12:46:52,330 | INFO | News RSS query for CIPLA: https://news.google.com/rss/search?q=%22Cipla+Ltd.%22+stock+when:10d&hl=en-IN&gl=IN&ceid=IN:en
2026-08-03 12:46:52,599 | INFO | News RSS status for CIPLA: 200
2026-08-03 12:46:53,961 | INFO | News RSS query for DIVISLAB: https://news.google.com/rss/search?q=%22Divi%27s+Laboratories+Ltd.%22+NSE+when:10d&hl=en-IN&gl=IN&ceid=IN:en
2026-08-03 12:46:54,177 | INFO | News RSS status for DIVISLAB: 200
2026-08-03 12:46:54,178 | INFO | News RSS query for DIVISLAB: https://news.google.com/rss/search?q=%22Divi%27s+Laboratories+Ltd.%22+stock+when:10d&hl=en-IN&gl=IN&ceid=IN:en
2026-08-03 12:46:54,392 | INFO | News RSS status for DIVISLAB: 200
2026-08-03 12:46:56,197 | INFO | News RSS query for EICHERMOT: https://news.google.com/rss/search?q=%22Eicher+Motors+Ltd.%22+NSE+when:10d&hl=en-IN&gl=IN&ceid=IN:en
2026-08-03 12:46:56,410 | INFO | News RSS status for EICHERMOT: 200
2026-08-03 12:46:56,944 | INFO | News RSS query for ETERNAL: https://news.google.com/rss/search?q=%22Eternal+Ltd.%22+NSE+when:10d&hl=en-IN&gl=IN&ceid=IN:en
2026-08-03 12:46:57,174 | INFO | News RSS status for ETERNAL: 200
2026-08-03 12:46:57,676 | INFO | News RSS query for GAIL: https://news.google.com/rss/search?q=%22GAIL+%28India%29+Ltd.%22+NSE+when:10d&hl=en-IN&gl=IN&ceid=IN:en
2026-08-03 12:46:57,929 | INFO | News RSS status for GAIL: 200
2026-08-03 12:46:58,863 | INFO | News RSS query for GRASIM: https://news.google.com/rss/search?q=%22Grasim+Industries+Ltd.%22+NSE+when:10d&hl=en-IN&gl=IN&ceid=IN:en
2026-08-03 12:46:59,088 | INFO | News RSS status for GRASIM: 200
2026-08-03 12:46:59,153 | INFO | News RSS query for GRASIM: https://news.google.com/rss/search?q=%22Grasim+Industries+Ltd.%22+NSE+when:10d&hl=en-IN&gl=IN&ceid=IN:en
2026-08-03 12:46:59,157 | INFO | News RSS status for GRASIM: 200
2026-08-03 12:46:59,220 | INFO | News RSS query for GRASIM: https://news.google.com/rss/search?q=%22Grasim+Industries+Ltd.%22+NSE+when:10d&hl=en-IN&gl=IN&ceid=IN:en
2026-08-03 12:46:59,224 | INFO | News RSS status for GRASIM: 200
2026-08-03 12:46:59,720 | INFO | News RSS query for HAL: https://news.google.com/rss/search?q=%22Hindustan+Aeronautics+Ltd.%22+NSE+when:10d&hl=en-IN&gl=IN&ceid=IN:en
2026-08-03 12:46:59,936 | INFO | News RSS status for HAL: 200
2026-08-03 12:47:03,666 | INFO | News RSS query for ICICIBANK: https://news.google.com/rss/search?q=%22ICICI+Bank+Ltd.%22+NSE+when:10d&hl=en-IN&gl=IN&ceid=IN:en
2026-08-03 12:47:03,897 | INFO | News RSS status for ICICIBANK: 200
2026-08-03 12:47:04,402 | INFO | News RSS query for INDHOTEL: https://news.google.com/rss/search?q=%22Indian+Hotels+Co.+Ltd.%22+NSE+when:10d&hl=en-IN&gl=IN&ceid=IN:en
2026-08-03 12:47:04,612 | INFO | News RSS status for INDHOTEL: 200
2026-08-03 12:47:04,614 | INFO | News RSS query for INDHOTEL: https://news.google.com/rss/search?q=%22Indian+Hotels+Co.+Ltd.%22+stock+when:10d&hl=en-IN&gl=IN&ceid=IN:en
2026-08-03 12:47:04,807 | INFO | News RSS status for INDHOTEL: 200
2026-08-03 12:47:04,871 | INFO | News RSS query for INDHOTEL: https://news.google.com/rss/search?q=%22Indian+Hotels+Co.+Ltd.%22+NSE+when:10d&hl=en-IN&gl=IN&ceid=IN:en
2026-08-03 12:47:04,877 | INFO | News RSS status for INDHOTEL: 200
2026-08-03 12:47:04,878 | INFO | News RSS query for INDHOTEL: https://news.google.com/rss/search?q=%22Indian+Hotels+Co.+Ltd.%22+stock+when:10d&hl=en-IN&gl=IN&ceid=IN:en
2026-08-03 12:47:04,882 | INFO | News RSS status for INDHOTEL: 200
2026-08-03 12:47:05,379 | INFO | News RSS query for INDIGO: https://news.google.com/rss/search?q=%22InterGlobe+Aviation+Ltd.%22+NSE+when:10d&hl=en-IN&gl=IN&ceid=IN:en
2026-08-03 12:47:05,612 | INFO | News RSS status for INDIGO: 200
2026-08-03 12:47:06,550 | INFO | News RSS query for IOC: https://news.google.com/rss/search?q=%22Indian+Oil+Corporation+Ltd.%22+NSE+when:10d&hl=en-IN&gl=IN&ceid=IN:en
2026-08-03 12:47:06,808 | INFO | News RSS status for IOC: 200
2026-08-03 12:47:07,724 | INFO | News RSS query for ITC: https://news.google.com/rss/search?q=%22ITC+Ltd.%22+NSE+when:10d&hl=en-IN&gl=IN&ceid=IN:en
2026-08-03 12:47:07,951 | INFO | News RSS status for ITC: 200
2026-08-03 12:47:09,100 | INFO | News RSS query for JSWSTEEL: https://news.google.com/rss/search?q=%22JSW+Steel+Ltd.%22+NSE+when:10d&hl=en-IN&gl=IN&ceid=IN:en
2026-08-03 12:47:09,304 | INFO | News RSS status for JSWSTEEL: 200
2026-08-03 12:47:10,195 | INFO | News RSS query for LODHA: https://news.google.com/rss/search?q=%22Lodha+Developers+Ltd.%22+NSE+when:10d&hl=en-IN&gl=IN&ceid=IN:en
2026-08-03 12:47:10,413 | INFO | News RSS status for LODHA: 200
2026-08-03 12:47:10,850 | WARNING | Skipping LTM — only 112 bars available (need 220). Extend history_backfill_days in config.json to include this symbol.
2026-08-03 12:47:12,213 | INFO | News RSS query for MAXHEALTH: https://news.google.com/rss/search?q=%22Max+Healthcare+Institute+Ltd.%22+NSE+when:10d&hl=en-IN&gl=IN&ceid=IN:en
2026-08-03 12:47:12,375 | INFO | News RSS status for MAXHEALTH: 200
2026-08-03 12:47:13,300 | INFO | News RSS query for MOTHERSON: https://news.google.com/rss/search?q=%22Samvardhana+Motherson+International+Ltd.%22+NSE+when:10d&hl=en-IN&gl=IN&ceid=IN:en
2026-08-03 12:47:13,530 | INFO | News RSS status for MOTHERSON: 200
2026-08-03 12:47:14,457 | INFO | News RSS query for NESTLEIND: https://news.google.com/rss/search?q=%22Nestle+India+Ltd.%22+NSE+when:10d&hl=en-IN&gl=IN&ceid=IN:en
2026-08-03 12:47:14,653 | INFO | News RSS status for NESTLEIND: 200
2026-08-03 12:47:16,428 | INFO | News RSS query for PIDILITIND: https://news.google.com/rss/search?q=%22Pidilite+Industries+Ltd.%22+NSE+when:10d&hl=en-IN&gl=IN&ceid=IN:en
2026-08-03 12:47:16,584 | INFO | News RSS status for PIDILITIND: 200
2026-08-03 12:47:16,585 | INFO | News RSS query for PIDILITIND: https://news.google.com/rss/search?q=%22Pidilite+Industries+Ltd.%22+stock+when:10d&hl=en-IN&gl=IN&ceid=IN:en
2026-08-03 12:47:16,763 | INFO | News RSS status for PIDILITIND: 200
2026-08-03 12:47:18,110 | INFO | News RSS query for RECLTD: https://news.google.com/rss/search?q=%22REC+Ltd.%22+NSE+when:10d&hl=en-IN&gl=IN&ceid=IN:en
2026-08-03 12:47:18,311 | INFO | News RSS status for RECLTD: 200
2026-08-03 12:47:18,374 | INFO | News RSS query for RECLTD: https://news.google.com/rss/search?q=%22REC+Ltd.%22+NSE+when:10d&hl=en-IN&gl=IN&ceid=IN:en
2026-08-03 12:47:18,379 | INFO | News RSS status for RECLTD: 200
2026-08-03 12:47:19,713 | INFO | News RSS query for SBIN: https://news.google.com/rss/search?q=%22State+Bank+of+India%22+NSE+when:10d&hl=en-IN&gl=IN&ceid=IN:en
2026-08-03 12:47:20,011 | INFO | News RSS status for SBIN: 200
2026-08-03 12:47:20,075 | INFO | News RSS query for SBIN: https://news.google.com/rss/search?q=%22State+Bank+of+India%22+NSE+when:10d&hl=en-IN&gl=IN&ceid=IN:en
2026-08-03 12:47:20,080 | INFO | News RSS status for SBIN: 200
2026-08-03 12:47:20,143 | INFO | News RSS query for SBIN: https://news.google.com/rss/search?q=%22State+Bank+of+India%22+NSE+when:10d&hl=en-IN&gl=IN&ceid=IN:en
2026-08-03 12:47:20,148 | INFO | News RSS status for SBIN: 200
2026-08-03 12:47:21,048 | INFO | News RSS query for SHRIRAMFIN: https://news.google.com/rss/search?q=%22Shriram+Finance+Ltd.%22+NSE+when:10d&hl=en-IN&gl=IN&ceid=IN:en
2026-08-03 12:47:21,260 | INFO | News RSS status for SHRIRAMFIN: 200
2026-08-03 12:47:21,739 | INFO | News RSS query for SIEMENS: https://news.google.com/rss/search?q=%22Siemens+Ltd.%22+NSE+when:10d&hl=en-IN&gl=IN&ceid=IN:en
2026-08-03 12:47:21,931 | INFO | News RSS status for SIEMENS: 200
2026-08-03 12:47:22,424 | INFO | News RSS query for SOLARINDS: https://news.google.com/rss/search?q=%22Solar+Industries+India+Ltd.%22+NSE+when:10d&hl=en-IN&gl=IN&ceid=IN:en
2026-08-03 12:47:22,632 | INFO | News RSS status for SOLARINDS: 200
2026-08-03 12:47:23,128 | INFO | News RSS query for SUNPHARMA: https://news.google.com/rss/search?q=%22Sun+Pharmaceutical+Industries+Ltd.%22+NSE+when:10d&hl=en-IN&gl=IN&ceid=IN:en
2026-08-03 12:47:23,338 | INFO | News RSS status for SUNPHARMA: 200
2026-08-03 12:47:23,343 | WARNING | Skipping TATACAP — only 200 bars available (need 220). Extend history_backfill_days in config.json to include this symbol.
2026-08-03 12:47:25,584 | INFO | News RSS query for TECHM: https://news.google.com/rss/search?q=%22Tech+Mahindra+Ltd.%22+NSE+when:10d&hl=en-IN&gl=IN&ceid=IN:en
2026-08-03 12:47:25,795 | INFO | News RSS status for TECHM: 200
2026-08-03 12:47:26,288 | INFO | News RSS query for TITAN: https://news.google.com/rss/search?q=%22Titan+Company+Ltd.%22+NSE+when:10d&hl=en-IN&gl=IN&ceid=IN:en
2026-08-03 12:47:26,502 | INFO | News RSS status for TITAN: 200
2026-08-03 12:47:26,507 | WARNING | Skipping TMCV — only 180 bars available (need 220). Extend history_backfill_days in config.json to include this symbol.
2026-08-03 12:47:26,507 | WARNING | Skipping TMPV — only 197 bars available (need 220). Extend history_backfill_days in config.json to include this symbol.
2026-08-03 12:47:27,005 | INFO | News RSS query for TORNTPHARM: https://news.google.com/rss/search?q=%22Torrent+Pharmaceuticals+Ltd.%22+NSE+when:10d&hl=en-IN&gl=IN&ceid=IN:en
2026-08-03 12:47:27,209 | INFO | News RSS status for TORNTPHARM: 200
2026-08-03 12:47:28,135 | INFO | News RSS query for TVSMOTOR: https://news.google.com/rss/search?q=%22TVS+Motor+Company+Ltd.%22+NSE+when:10d&hl=en-IN&gl=IN&ceid=IN:en
2026-08-03 12:47:28,344 | INFO | News RSS status for TVSMOTOR: 200
2026-08-03 12:47:29,288 | INFO | News RSS query for UNIONBANK: https://news.google.com/rss/search?q=%22Union+Bank+of+India%22+NSE+when:10d&hl=en-IN&gl=IN&ceid=IN:en
2026-08-03 12:47:29,562 | INFO | News RSS status for UNIONBANK: 200
2026-08-03 12:47:29,793 | INFO | News RSS query for UNITDSPR: https://news.google.com/rss/search?q=%22United+Spirits+Ltd.%22+NSE+when:10d&hl=en-IN&gl=IN&ceid=IN:en
2026-08-03 12:47:29,961 | INFO | News RSS status for UNITDSPR: 200
2026-08-03 12:47:29,966 | WARNING | Skipping VAML — only 6 bars available (need 220). Extend history_backfill_days in config.json to include this symbol.
2026-08-03 12:47:30,831 | WARNING | Skipping VEDPOWER — only 4 bars available (need 220). Extend history_backfill_days in config.json to include this symbol.
2026-08-03 12:47:30,832 | WARNING | Skipping VISL — only 4 bars available (need 220). Extend history_backfill_days in config.json to include this symbol.
2026-08-03 12:47:30,832 | WARNING | Skipping VOGL — only 7 bars available (need 220). Extend history_backfill_days in config.json to include this symbol.
2026-08-03 12:47:31,704 | INFO | Index membership from cache: NIFTY 50 (50 symbols)
2026-08-03 12:47:31,705 | INFO | Index membership from cache: Nifty Next 50 (50 symbols)
2026-08-03 12:47:31,705 | INFO | Index membership ready: 100 symbols mapped
2026-08-03 12:47:31,705 | INFO | Market Health: fetching index OHLCV...
2026-08-03 12:47:31,708 | INFO | Index OHLCV cache fresh for NIFTY 50 (1433 rows)
2026-08-03 12:47:31,711 | INFO | Index OHLCV cache fresh for NIFTY NEXT 50 (1434 rows)
2026-08-03 12:47:31,711 | INFO | Market Health: fetching VIX...
2026-08-03 12:47:31,713 | INFO | VIX cache fresh (131 rows)
2026-08-03 12:47:31,713 | INFO | Market Health: updating breadth EMA cache...
2026-08-03 12:47:33,714 | INFO | Breadth EMA cache: 132763 total rows (+99)
2026-08-03 12:47:33,737 | INFO | Market Health [NIFTY 50]: Score=61.0 | Strong Bull &#x1F7E2;
2026-08-03 12:47:33,755 | INFO | Market Health [Nifty Next 50]: Score=25.0 | Weak Bull &#x1F7E1;
2026-08-03 12:47:33,845 | INFO | Signal log: appended 10 new signals. Total rows: 572
2026-08-03 12:47:33,845 | INFO | Signal log written/updated: /home/runner/work/nifty100-reporter/nifty100-reporter/data/nifty100_signal_log.csv
2026-08-03 12:47:35,275 | INFO | Signal tracker: updated 201 Active signal rows.
2026-08-03 12:47:35,292 | INFO | HTML report written: /home/runner/work/nifty100-reporter/nifty100-reporter/reports/nifty100_daily_report_20260803.html
2026-08-03 12:47:35,299 | INFO | Market Health Excel sheet written.
2026-08-03 12:47:36,305 | INFO | Excel report written: /home/runner/work/nifty100-reporter/nifty100-reporter/reports/nifty100_daily_report_20260803.xlsx
2026-08-03 12:47:36,305 | INFO | GitHub Actions detected — skipping Gmail API send (workflow handles email).
2026-08-03 12:47:36,305 | INFO | Run completed successfully.
2026-08-03 12:47:36,305 | INFO | Artifacts: /home/runner/work/nifty100-reporter/nifty100-reporter/reports/nifty100_daily_report_20260803.html | /home/runner/work/nifty100-reporter/nifty100-reporter/reports/nifty100_daily_report_20260803.xlsx | log: /home/runner/work/nifty100-reporter/nifty100-reporter/logs/run_20260803_181546.log
