2026-08-24 12:45:49,248 | INFO | Nifty 100 Daily EMA Cross Reporter | Version 3.3.8 | Released 2026-04-17
2026-08-24 12:45:49,248 | INFO | Base directory: /home/runner/work/nifty100-reporter/nifty100-reporter
2026-08-24 12:45:49,249 | INFO | Loaded config. Email enabled: True | Recipients: 1
2026-08-24 12:45:49,414 | WARNING | NSE session bootstrap HTTP 403 (attempt 1/5) — refreshing NSE session cookie …
2026-08-24 12:46:01,915 | INFO | NSE session bootstrap status: 200
2026-08-24 12:46:01,915 | INFO | Downloading Nifty 100 universe from https://www.niftyindices.com/IndexConstituent/ind_nifty100list.csv
2026-08-24 12:46:02,336 | INFO | Universe download status: 200
2026-08-24 12:46:02,340 | INFO | Universe rows loaded: 100
2026-08-24 12:46:02,457 | INFO | Loaded history rows: 134254
2026-08-24 12:46:02,465 | INFO | yfinance history update: 100 symbols | 2026-08-20 → 2026-08-25
2026-08-24 12:46:02,465 | INFO | yfinance batch download: 100 symbols | 2026-08-20 → 2026-08-25
2026-08-24 12:46:02,467 | INFO | Failed to create TzCache, reason: Error creating TzCache folder: '/home/runner/.cache/py-yfinance' reason: [Errno 17] File exists: '/home/runner/.cache/py-yfinance'. TzCache will not be used. Tip: You can direct cache to use a different location with 'set_tz_cache_location(mylocation)'
2026-08-24 12:46:07,208 | INFO | yfinance raw shape: (3, 500)
2026-08-24 12:46:07,515 | INFO | yfinance parsed rows after date-filter: 300
2026-08-24 12:46:07,516 | INFO | New rows from yfinance: 300
2026-08-24 12:46:08,310 | INFO | Saved history rows: 134354 | file: /home/runner/work/nifty100-reporter/nifty100-reporter/data/nifty100_ohlcv_history.csv
2026-08-24 12:46:08,422 | INFO | Loaded history rows: 134354
2026-08-24 12:46:08,422 | INFO | Latest OHLCV data is from 2026-08-24
2026-08-24 12:46:08,450 | INFO | Latest Delivery data is from 2026-08-21
2026-08-24 12:46:08,498 | INFO | Delivery cache has 34 dates — skipping backfill.
2026-08-24 12:46:08,498 | INFO | Delivery fetch attempt [0/7] — URL: https://archives.nseindia.com/products/content/sec_bhavdata_full_24082026.csv
2026-08-24 12:46:10,057 | INFO | Delivery fetch SUCCESS — date: 2026-08-24 | size: 397581 bytes | URL: https://archives.nseindia.com/products/content/sec_bhavdata_full_24082026.csv
2026-08-24 12:46:10,417 | INFO | Delivery cache updated: 2639 symbols for 2026-08-24 (rows in cache: 78387)
2026-08-24 12:46:10,418 | INFO | Delivery data: 2639 symbols | fallback=False
2026-08-24 12:46:11,150 | INFO | Corporate actions bulk OK: 62 raw rows | 2 Nifty100 symbols with events
2026-08-24 12:47:42,891 | INFO | Corporate actions: 2/100 symbols have events (window 24-08-2026 to 23-09-2026) | Symbols: COALINDIA, PFC
2026-08-24 12:47:42,891 | INFO | Index membership from cache: NIFTY 50 (50 symbols)
2026-08-24 12:47:42,891 | INFO | Index membership from cache: Nifty Next 50 (50 symbols)
2026-08-24 12:47:42,891 | INFO | Index membership ready: 100 symbols mapped
2026-08-24 12:47:43,369 | INFO | News RSS query for ABB: https://news.google.com/rss/search?q=%22ABB+India+Ltd.%22+NSE+when:10d&hl=en-IN&gl=IN&ceid=IN:en
2026-08-24 12:47:43,615 | INFO | News RSS status for ABB: 200
2026-08-24 12:47:43,618 | INFO | News RSS query for ABB: https://news.google.com/rss/search?q=%22ABB+India+Ltd.%22+stock+when:10d&hl=en-IN&gl=IN&ceid=IN:en
2026-08-24 12:47:43,849 | INFO | News RSS status for ABB: 200
2026-08-24 12:47:47,686 | INFO | News RSS query for BAJAJ-AUTO: https://news.google.com/rss/search?q=%22Bajaj+Auto+Ltd.%22+NSE+when:10d&hl=en-IN&gl=IN&ceid=IN:en
2026-08-24 12:47:47,911 | INFO | News RSS status for BAJAJ-AUTO: 200
2026-08-24 12:47:48,372 | INFO | News RSS query for BAJAJFINSV: https://news.google.com/rss/search?q=%22Bajaj+Finserv+Ltd.%22+NSE+when:10d&hl=en-IN&gl=IN&ceid=IN:en
2026-08-24 12:47:48,608 | INFO | News RSS status for BAJAJFINSV: 200
2026-08-24 12:47:48,611 | INFO | News RSS query for BAJAJFINSV: https://news.google.com/rss/search?q=%22Bajaj+Finserv+Ltd.%22+stock+when:10d&hl=en-IN&gl=IN&ceid=IN:en
2026-08-24 12:47:48,836 | INFO | News RSS status for BAJAJFINSV: 200
2026-08-24 12:47:48,904 | INFO | News RSS query for BAJAJFINSV: https://news.google.com/rss/search?q=%22Bajaj+Finserv+Ltd.%22+NSE+when:10d&hl=en-IN&gl=IN&ceid=IN:en
2026-08-24 12:47:48,909 | INFO | News RSS status for BAJAJFINSV: 200
2026-08-24 12:47:48,912 | INFO | News RSS query for BAJAJFINSV: https://news.google.com/rss/search?q=%22Bajaj+Finserv+Ltd.%22+stock+when:10d&hl=en-IN&gl=IN&ceid=IN:en
2026-08-24 12:47:48,916 | INFO | News RSS status for BAJAJFINSV: 200
2026-08-24 12:47:49,379 | INFO | News RSS query for BAJAJHLDNG: https://news.google.com/rss/search?q=%22Bajaj+Holdings+%26+Investment+Ltd.%22+NSE+when:10d&hl=en-IN&gl=IN&ceid=IN:en
2026-08-24 12:47:49,621 | INFO | News RSS status for BAJAJHLDNG: 200
2026-08-24 12:47:50,084 | INFO | News RSS query for BAJFINANCE: https://news.google.com/rss/search?q=%22Bajaj+Finance+Ltd.%22+NSE+when:10d&hl=en-IN&gl=IN&ceid=IN:en
2026-08-24 12:47:50,317 | INFO | News RSS status for BAJFINANCE: 200
2026-08-24 12:47:51,574 | INFO | News RSS query for BHARTIARTL: https://news.google.com/rss/search?q=%22Bharti+Airtel+Ltd.%22+NSE+when:10d&hl=en-IN&gl=IN&ceid=IN:en
2026-08-24 12:47:51,806 | INFO | News RSS status for BHARTIARTL: 200
2026-08-24 12:47:52,265 | INFO | News RSS query for BOSCHLTD: https://news.google.com/rss/search?q=%22Bosch+Ltd.%22+NSE+when:10d&hl=en-IN&gl=IN&ceid=IN:en
2026-08-24 12:47:52,477 | INFO | News RSS status for BOSCHLTD: 200
2026-08-24 12:47:54,552 | INFO | News RSS query for CHOLAFIN: https://news.google.com/rss/search?q=%22Cholamandalam+Investment+and+Finance+Company+Ltd.%22+NSE+when:10d&hl=en-IN&gl=IN&ceid=IN:en
2026-08-24 12:47:54,784 | INFO | News RSS status for CHOLAFIN: 200
2026-08-24 12:47:56,433 | INFO | News RSS query for DIVISLAB: https://news.google.com/rss/search?q=%22Divi%27s+Laboratories+Ltd.%22+NSE+when:10d&hl=en-IN&gl=IN&ceid=IN:en
2026-08-24 12:47:56,648 | INFO | News RSS status for DIVISLAB: 200
2026-08-24 12:47:56,651 | INFO | News RSS query for DIVISLAB: https://news.google.com/rss/search?q=%22Divi%27s+Laboratories+Ltd.%22+stock+when:10d&hl=en-IN&gl=IN&ceid=IN:en
2026-08-24 12:47:56,851 | INFO | News RSS status for DIVISLAB: 200
2026-08-24 12:47:57,313 | INFO | News RSS query for DLF: https://news.google.com/rss/search?q=%22DLF+Ltd.%22+NSE+when:10d&hl=en-IN&gl=IN&ceid=IN:en
2026-08-24 12:47:57,541 | INFO | News RSS status for DLF: 200
2026-08-24 12:47:57,544 | INFO | News RSS query for DLF: https://news.google.com/rss/search?q=%22DLF+Ltd.%22+stock+when:10d&hl=en-IN&gl=IN&ceid=IN:en
2026-08-24 12:47:57,761 | INFO | News RSS status for DLF: 200
2026-08-24 12:47:57,828 | INFO | News RSS query for DLF: https://news.google.com/rss/search?q=%22DLF+Ltd.%22+NSE+when:10d&hl=en-IN&gl=IN&ceid=IN:en
2026-08-24 12:47:57,834 | INFO | News RSS status for DLF: 200
2026-08-24 12:47:57,836 | INFO | News RSS query for DLF: https://news.google.com/rss/search?q=%22DLF+Ltd.%22+stock+when:10d&hl=en-IN&gl=IN&ceid=IN:en
2026-08-24 12:47:57,841 | INFO | News RSS status for DLF: 200
2026-08-24 12:47:59,200 | INFO | News RSS query for EICHERMOT: https://news.google.com/rss/search?q=%22Eicher+Motors+Ltd.%22+NSE+when:10d&hl=en-IN&gl=IN&ceid=IN:en
2026-08-24 12:47:59,439 | INFO | News RSS status for EICHERMOT: 200
2026-08-24 12:47:59,441 | INFO | News RSS query for EICHERMOT: https://news.google.com/rss/search?q=%22Eicher+Motors+Ltd.%22+stock+when:10d&hl=en-IN&gl=IN&ceid=IN:en
2026-08-24 12:47:59,672 | INFO | News RSS status for EICHERMOT: 200
2026-08-24 12:47:59,829 | INFO | News RSS query for ENRIN: https://news.google.com/rss/search?q=%22Siemens+Energy+India+Ltd.%22+NSE+when:10d&hl=en-IN&gl=IN&ceid=IN:en
2026-08-24 12:48:00,031 | INFO | News RSS status for ENRIN: 200
2026-08-24 12:48:00,443 | INFO | News RSS query for ETERNAL: https://news.google.com/rss/search?q=%22Eternal+Ltd.%22+NSE+when:10d&hl=en-IN&gl=IN&ceid=IN:en
2026-08-24 12:48:00,669 | INFO | News RSS status for ETERNAL: 200
2026-08-24 12:48:01,919 | INFO | News RSS query for GRASIM: https://news.google.com/rss/search?q=%22Grasim+Industries+Ltd.%22+NSE+when:10d&hl=en-IN&gl=IN&ceid=IN:en
2026-08-24 12:48:02,213 | INFO | News RSS status for GRASIM: 200
2026-08-24 12:48:02,679 | INFO | News RSS query for HAL: https://news.google.com/rss/search?q=%22Hindustan+Aeronautics+Ltd.%22+NSE+when:10d&hl=en-IN&gl=IN&ceid=IN:en
2026-08-24 12:48:02,902 | INFO | News RSS status for HAL: 200
2026-08-24 12:48:03,757 | INFO | News RSS query for HDFCAMC: https://news.google.com/rss/search?q=%22HDFC+Asset+Management+Company+Ltd.%22+NSE+when:10d&hl=en-IN&gl=IN&ceid=IN:en
2026-08-24 12:48:03,975 | INFO | News RSS status for HDFCAMC: 200
2026-08-24 12:48:05,229 | INFO | News RSS query for HINDALCO: https://news.google.com/rss/search?q=%22Hindalco+Industries+Ltd.%22+NSE+when:10d&hl=en-IN&gl=IN&ceid=IN:en
2026-08-24 12:48:05,433 | INFO | News RSS status for HINDALCO: 200
2026-08-24 12:48:06,288 | INFO | News RSS query for HINDZINC: https://news.google.com/rss/search?q=%22Hindustan+Zinc+Ltd.%22+NSE+when:10d&hl=en-IN&gl=IN&ceid=IN:en
2026-08-24 12:48:06,458 | INFO | News RSS status for HINDZINC: 200
2026-08-24 12:48:06,660 | INFO | News RSS query for HYUNDAI: https://news.google.com/rss/search?q=%22Hyundai+Motor+India+Ltd.%22+NSE+when:10d&hl=en-IN&gl=IN&ceid=IN:en
2026-08-24 12:48:06,891 | INFO | News RSS status for HYUNDAI: 200
2026-08-24 12:48:10,709 | INFO | News RSS query for JSWSTEEL: https://news.google.com/rss/search?q=%22JSW+Steel+Ltd.%22+NSE+when:10d&hl=en-IN&gl=IN&ceid=IN:en
2026-08-24 12:48:10,890 | INFO | News RSS status for JSWSTEEL: 200
2026-08-24 12:48:11,712 | INFO | News RSS query for LODHA: https://news.google.com/rss/search?q=%22Lodha+Developers+Ltd.%22+NSE+when:10d&hl=en-IN&gl=IN&ceid=IN:en
2026-08-24 12:48:11,902 | INFO | News RSS status for LODHA: 200
2026-08-24 12:48:11,902 | INFO | News RSS query for LODHA: https://news.google.com/rss/search?q=%22Lodha+Developers+Ltd.%22+stock+when:10d&hl=en-IN&gl=IN&ceid=IN:en
2026-08-24 12:48:12,114 | INFO | News RSS status for LODHA: 200
2026-08-24 12:48:12,575 | INFO | News RSS query for LT: https://news.google.com/rss/search?q=%22Larsen+%26+Toubro+Ltd.%22+NSE+when:10d&hl=en-IN&gl=IN&ceid=IN:en
2026-08-24 12:48:12,792 | INFO | News RSS status for LT: 200
2026-08-24 12:48:12,797 | WARNING | Skipping LTM — only 127 bars available (need 220). Extend history_backfill_days in config.json to include this symbol.
2026-08-24 12:48:13,255 | INFO | News RSS query for M&M: https://news.google.com/rss/search?q=%22Mahindra+%26+Mahindra+Ltd.%22+NSE+when:10d&hl=en-IN&gl=IN&ceid=IN:en
2026-08-24 12:48:13,544 | INFO | News RSS status for M&M: 200
2026-08-24 12:48:15,194 | INFO | News RSS query for MOTHERSON: https://news.google.com/rss/search?q=%22Samvardhana+Motherson+International+Ltd.%22+NSE+when:10d&hl=en-IN&gl=IN&ceid=IN:en
2026-08-24 12:48:15,456 | INFO | News RSS status for MOTHERSON: 200
2026-08-24 12:48:15,921 | INFO | News RSS query for MUTHOOTFIN: https://news.google.com/rss/search?q=%22Muthoot+Finance+Ltd.%22+NSE+when:10d&hl=en-IN&gl=IN&ceid=IN:en
2026-08-24 12:48:16,139 | INFO | News RSS status for MUTHOOTFIN: 200
2026-08-24 12:48:18,188 | INFO | News RSS query for PIDILITIND: https://news.google.com/rss/search?q=%22Pidilite+Industries+Ltd.%22+NSE+when:10d&hl=en-IN&gl=IN&ceid=IN:en
2026-08-24 12:48:18,398 | INFO | News RSS status for PIDILITIND: 200
2026-08-24 12:48:18,400 | INFO | News RSS query for PIDILITIND: https://news.google.com/rss/search?q=%22Pidilite+Industries+Ltd.%22+stock+when:10d&hl=en-IN&gl=IN&ceid=IN:en
2026-08-24 12:48:18,646 | INFO | News RSS status for PIDILITIND: 200
2026-08-24 12:48:19,104 | INFO | News RSS query for PNB: https://news.google.com/rss/search?q=%22Punjab+National+Bank%22+NSE+when:10d&hl=en-IN&gl=IN&ceid=IN:en
2026-08-24 12:48:19,580 | INFO | News RSS status for PNB: 200
2026-08-24 12:48:21,615 | INFO | News RSS query for SBIN: https://news.google.com/rss/search?q=%22State+Bank+of+India%22+NSE+when:10d&hl=en-IN&gl=IN&ceid=IN:en
2026-08-24 12:48:21,914 | INFO | News RSS status for SBIN: 200
2026-08-24 12:48:22,775 | INFO | News RSS query for SHRIRAMFIN: https://news.google.com/rss/search?q=%22Shriram+Finance+Ltd.%22+NSE+when:10d&hl=en-IN&gl=IN&ceid=IN:en
2026-08-24 12:48:22,953 | INFO | News RSS status for SHRIRAMFIN: 200
2026-08-24 12:48:23,416 | INFO | News RSS query for SIEMENS: https://news.google.com/rss/search?q=%22Siemens+Ltd.%22+NSE+when:10d&hl=en-IN&gl=IN&ceid=IN:en
2026-08-24 12:48:23,635 | INFO | News RSS status for SIEMENS: 200
2026-08-24 12:48:24,100 | INFO | News RSS query for SOLARINDS: https://news.google.com/rss/search?q=%22Solar+Industries+India+Ltd.%22+NSE+when:10d&hl=en-IN&gl=IN&ceid=IN:en
2026-08-24 12:48:24,326 | INFO | News RSS status for SOLARINDS: 200
2026-08-24 12:48:24,732 | WARNING | Skipping TATACAP — only 215 bars available (need 220). Extend history_backfill_days in config.json to include this symbol.
2026-08-24 12:48:26,779 | INFO | News RSS query for TECHM: https://news.google.com/rss/search?q=%22Tech+Mahindra+Ltd.%22+NSE+when:10d&hl=en-IN&gl=IN&ceid=IN:en
2026-08-24 12:48:26,990 | INFO | News RSS status for TECHM: 200
2026-08-24 12:48:27,450 | INFO | News RSS query for TITAN: https://news.google.com/rss/search?q=%22Titan+Company+Ltd.%22+NSE+when:10d&hl=en-IN&gl=IN&ceid=IN:en
2026-08-24 12:48:27,684 | INFO | News RSS status for TITAN: 200
2026-08-24 12:48:27,690 | WARNING | Skipping TMCV — only 195 bars available (need 220). Extend history_backfill_days in config.json to include this symbol.
2026-08-24 12:48:27,690 | WARNING | Skipping TMPV — only 212 bars available (need 220). Extend history_backfill_days in config.json to include this symbol.
2026-08-24 12:48:28,146 | INFO | News RSS query for TORNTPHARM: https://news.google.com/rss/search?q=%22Torrent+Pharmaceuticals+Ltd.%22+NSE+when:10d&hl=en-IN&gl=IN&ceid=IN:en
2026-08-24 12:48:28,341 | INFO | News RSS status for TORNTPHARM: 200
2026-08-24 12:48:29,190 | INFO | News RSS query for TVSMOTOR: https://news.google.com/rss/search?q=%22TVS+Motor+Company+Ltd.%22+NSE+when:10d&hl=en-IN&gl=IN&ceid=IN:en
2026-08-24 12:48:29,436 | INFO | News RSS status for TVSMOTOR: 200
2026-08-24 12:48:29,506 | INFO | News RSS query for TVSMOTOR: https://news.google.com/rss/search?q=%22TVS+Motor+Company+Ltd.%22+NSE+when:10d&hl=en-IN&gl=IN&ceid=IN:en
2026-08-24 12:48:29,512 | INFO | News RSS status for TVSMOTOR: 200
2026-08-24 12:48:30,363 | INFO | News RSS query for UNIONBANK: https://news.google.com/rss/search?q=%22Union+Bank+of+India%22+NSE+when:10d&hl=en-IN&gl=IN&ceid=IN:en
2026-08-24 12:48:30,611 | INFO | News RSS status for UNIONBANK: 200
2026-08-24 12:48:30,839 | INFO | News RSS query for UNITDSPR: https://news.google.com/rss/search?q=%22United+Spirits+Ltd.%22+NSE+when:10d&hl=en-IN&gl=IN&ceid=IN:en
2026-08-24 12:48:31,066 | INFO | News RSS status for UNITDSPR: 200
2026-08-24 12:48:31,072 | WARNING | Skipping VAML — only 6 bars available (need 220). Extend history_backfill_days in config.json to include this symbol.
2026-08-24 12:48:31,919 | INFO | News RSS query for VEDL: https://news.google.com/rss/search?q=%22Vedanta+Ltd.%22+NSE+when:10d&hl=en-IN&gl=IN&ceid=IN:en
2026-08-24 12:48:32,152 | INFO | News RSS status for VEDL: 200
2026-08-24 12:48:32,158 | WARNING | Skipping VEDPOWER — only 4 bars available (need 220). Extend history_backfill_days in config.json to include this symbol.
2026-08-24 12:48:32,158 | WARNING | Skipping VISL — only 4 bars available (need 220). Extend history_backfill_days in config.json to include this symbol.
2026-08-24 12:48:32,159 | WARNING | Skipping VOGL — only 7 bars available (need 220). Extend history_backfill_days in config.json to include this symbol.
2026-08-24 12:48:32,953 | INFO | Index membership from cache: NIFTY 50 (50 symbols)
2026-08-24 12:48:32,953 | INFO | Index membership from cache: Nifty Next 50 (50 symbols)
2026-08-24 12:48:32,953 | INFO | Index membership ready: 100 symbols mapped
2026-08-24 12:48:32,954 | INFO | Market Health: fetching index OHLCV...
2026-08-24 12:48:32,956 | INFO | Index OHLCV cache fresh for NIFTY 50 (1447 rows)
2026-08-24 12:48:32,959 | INFO | Index OHLCV cache fresh for NIFTY NEXT 50 (1447 rows)
2026-08-24 12:48:32,959 | INFO | Market Health: fetching VIX...
2026-08-24 12:48:32,961 | INFO | VIX cache fresh (145 rows)
2026-08-24 12:48:32,961 | INFO | Market Health: updating breadth EMA cache...
2026-08-24 12:48:34,940 | INFO | Breadth EMA cache: 134264 total rows (+100)
2026-08-24 12:48:34,962 | INFO | Market Health [NIFTY 50]: Score=1.5 | Sideways &#x1F7E0;
2026-08-24 12:48:34,980 | INFO | Market Health [Nifty Next 50]: Score=3.0 | Sideways &#x1F7E0;
2026-08-24 12:48:35,061 | INFO | Signal log: appended 6 new signals. Total rows: 668
2026-08-24 12:48:35,061 | INFO | Signal log written/updated: /home/runner/work/nifty100-reporter/nifty100-reporter/data/nifty100_signal_log.csv
2026-08-24 12:48:36,251 | INFO | Signal tracker: updated 159 Active signal rows.
2026-08-24 12:48:36,266 | INFO | HTML report written: /home/runner/work/nifty100-reporter/nifty100-reporter/reports/nifty100_daily_report_20260824.html
2026-08-24 12:48:36,274 | INFO | Market Health Excel sheet written.
2026-08-24 12:48:37,555 | INFO | Excel report written: /home/runner/work/nifty100-reporter/nifty100-reporter/reports/nifty100_daily_report_20260824.xlsx
2026-08-24 12:48:37,555 | INFO | GitHub Actions detected — skipping Gmail API send (workflow handles email).
2026-08-24 12:48:37,555 | INFO | Run completed successfully.
2026-08-24 12:48:37,555 | INFO | Artifacts: /home/runner/work/nifty100-reporter/nifty100-reporter/reports/nifty100_daily_report_20260824.html | /home/runner/work/nifty100-reporter/nifty100-reporter/reports/nifty100_daily_report_20260824.xlsx | log: /home/runner/work/nifty100-reporter/nifty100-reporter/logs/run_20260824_181549.log
