2026-07-27 12:45:52,821 | INFO | Nifty 100 Daily EMA Cross Reporter | Version 3.3.8 | Released 2026-04-17
2026-07-27 12:45:52,821 | INFO | Base directory: /home/runner/work/nifty100-reporter/nifty100-reporter
2026-07-27 12:45:52,822 | INFO | Loaded config. Email enabled: True | Recipients: 1
2026-07-27 12:45:52,929 | WARNING | NSE session bootstrap HTTP 403 (attempt 1/5) — refreshing NSE session cookie …
2026-07-27 12:46:03,075 | INFO | NSE session bootstrap status: 200
2026-07-27 12:46:03,076 | INFO | Downloading Nifty 100 universe from https://www.niftyindices.com/IndexConstituent/ind_nifty100list.csv
2026-07-27 12:46:03,473 | INFO | Universe download status: 200
2026-07-27 12:46:03,478 | INFO | Universe rows loaded: 100
2026-07-27 12:46:03,590 | INFO | Loaded history rows: 132254
2026-07-27 12:46:03,599 | INFO | yfinance history update: 100 symbols | 2026-07-23 → 2026-07-28
2026-07-27 12:46:03,600 | INFO | yfinance batch download: 100 symbols | 2026-07-23 → 2026-07-28
2026-07-27 12:46:08,022 | INFO | yfinance raw shape: (3, 500)
2026-07-27 12:46:08,435 | INFO | yfinance parsed rows after date-filter: 300
2026-07-27 12:46:08,437 | INFO | New rows from yfinance: 300
2026-07-27 12:46:09,253 | INFO | Saved history rows: 132354 | file: /home/runner/work/nifty100-reporter/nifty100-reporter/data/nifty100_ohlcv_history.csv
2026-07-27 12:46:09,373 | INFO | Loaded history rows: 132354
2026-07-27 12:46:09,374 | INFO | Latest OHLCV data is from 2026-07-27
2026-07-27 12:46:09,403 | INFO | Latest Delivery data is from 2026-07-24
2026-07-27 12:46:09,453 | INFO | Delivery cache has 33 dates — skipping backfill.
2026-07-27 12:46:09,453 | INFO | Delivery fetch attempt [0/7] — URL: https://archives.nseindia.com/products/content/sec_bhavdata_full_27072026.csv
2026-07-27 12:46:10,116 | INFO | Delivery fetch SUCCESS — date: 2026-07-27 | size: 372734 bytes | URL: https://archives.nseindia.com/products/content/sec_bhavdata_full_27072026.csv
2026-07-27 12:46:10,521 | INFO | Delivery cache updated: 2408 symbols for 2026-07-27 (rows in cache: 74330)
2026-07-27 12:46:10,523 | INFO | Delivery data: 2408 symbols | fallback=False
2026-07-27 12:46:10,911 | INFO | Corporate actions bulk OK: 107 raw rows | 12 Nifty100 symbols with events
2026-07-27 12:46:37,396 | INFO | Corporate actions: 12/100 symbols have events (window 27-07-2026 to 26-08-2026) | Symbols: BOSCHLTD, BRITANNIA, DLF, EICHERMOT, GRASIM, MARUTI, PFC, SIEMENS, SOLARINDS, TATACAP, ULTRACEMCO, WIPRO
2026-07-27 12:46:37,397 | INFO | Index membership from cache: NIFTY 50 (50 symbols)
2026-07-27 12:46:37,397 | INFO | Index membership from cache: Nifty Next 50 (50 symbols)
2026-07-27 12:46:37,397 | INFO | Index membership ready: 100 symbols mapped
2026-07-27 12:46:38,086 | INFO | News RSS query for ABB: https://news.google.com/rss/search?q=%22ABB+India+Ltd.%22+NSE+when:10d&hl=en-IN&gl=IN&ceid=IN:en
2026-07-27 12:46:38,336 | INFO | News RSS status for ABB: 200
2026-07-27 12:46:38,727 | INFO | News RSS query for ADANIENSOL: https://news.google.com/rss/search?q=%22Adani+Energy+Solutions+Ltd.%22+NSE+when:10d&hl=en-IN&gl=IN&ceid=IN:en
2026-07-27 12:46:38,909 | INFO | News RSS status for ADANIENSOL: 200
2026-07-27 12:46:39,585 | INFO | News RSS query for ADANIENT: https://news.google.com/rss/search?q=%22Adani+Enterprises+Ltd.%22+NSE+when:10d&hl=en-IN&gl=IN&ceid=IN:en
2026-07-27 12:46:39,769 | INFO | News RSS status for ADANIENT: 200
2026-07-27 12:46:42,880 | INFO | News RSS query for APOLLOHOSP: https://news.google.com/rss/search?q=%22Apollo+Hospitals+Enterprise+Ltd.%22+NSE+when:10d&hl=en-IN&gl=IN&ceid=IN:en
2026-07-27 12:46:43,050 | INFO | News RSS status for APOLLOHOSP: 200
2026-07-27 12:46:43,053 | INFO | News RSS query for APOLLOHOSP: https://news.google.com/rss/search?q=%22Apollo+Hospitals+Enterprise+Ltd.%22+stock+when:10d&hl=en-IN&gl=IN&ceid=IN:en
2026-07-27 12:46:43,242 | INFO | News RSS status for APOLLOHOSP: 200
2026-07-27 12:46:43,315 | INFO | News RSS query for APOLLOHOSP: https://news.google.com/rss/search?q=%22Apollo+Hospitals+Enterprise+Ltd.%22+NSE+when:10d&hl=en-IN&gl=IN&ceid=IN:en
2026-07-27 12:46:43,319 | INFO | News RSS status for APOLLOHOSP: 200
2026-07-27 12:46:43,323 | INFO | News RSS query for APOLLOHOSP: https://news.google.com/rss/search?q=%22Apollo+Hospitals+Enterprise+Ltd.%22+stock+when:10d&hl=en-IN&gl=IN&ceid=IN:en
2026-07-27 12:46:43,328 | INFO | News RSS status for APOLLOHOSP: 200
2026-07-27 12:46:43,406 | INFO | News RSS query for APOLLOHOSP: https://news.google.com/rss/search?q=%22Apollo+Hospitals+Enterprise+Ltd.%22+NSE+when:10d&hl=en-IN&gl=IN&ceid=IN:en
2026-07-27 12:46:43,410 | INFO | News RSS status for APOLLOHOSP: 200
2026-07-27 12:46:43,414 | INFO | News RSS query for APOLLOHOSP: https://news.google.com/rss/search?q=%22Apollo+Hospitals+Enterprise+Ltd.%22+stock+when:10d&hl=en-IN&gl=IN&ceid=IN:en
2026-07-27 12:46:43,418 | INFO | News RSS status for APOLLOHOSP: 200
2026-07-27 12:46:44,085 | INFO | News RSS query for ASIANPAINT: https://news.google.com/rss/search?q=%22Asian+Paints+Ltd.%22+NSE+when:10d&hl=en-IN&gl=IN&ceid=IN:en
2026-07-27 12:46:44,261 | INFO | News RSS status for ASIANPAINT: 200
2026-07-27 12:46:45,541 | INFO | News RSS query for BAJAJ-AUTO: https://news.google.com/rss/search?q=%22Bajaj+Auto+Ltd.%22+NSE+when:10d&hl=en-IN&gl=IN&ceid=IN:en
2026-07-27 12:46:45,745 | INFO | News RSS status for BAJAJ-AUTO: 200
2026-07-27 12:46:47,026 | INFO | News RSS query for BAJAJHLDNG: https://news.google.com/rss/search?q=%22Bajaj+Holdings+%26+Investment+Ltd.%22+NSE+when:10d&hl=en-IN&gl=IN&ceid=IN:en
2026-07-27 12:46:47,252 | INFO | News RSS status for BAJAJHLDNG: 200
2026-07-27 12:46:47,926 | INFO | News RSS query for BAJFINANCE: https://news.google.com/rss/search?q=%22Bajaj+Finance+Ltd.%22+NSE+when:10d&hl=en-IN&gl=IN&ceid=IN:en
2026-07-27 12:46:48,116 | INFO | News RSS status for BAJFINANCE: 200
2026-07-27 12:46:50,620 | INFO | News RSS query for BOSCHLTD: https://news.google.com/rss/search?q=%22Bosch+Ltd.%22+NSE+when:10d&hl=en-IN&gl=IN&ceid=IN:en
2026-07-27 12:46:50,815 | INFO | News RSS status for BOSCHLTD: 200
2026-07-27 12:46:50,890 | INFO | News RSS query for BOSCHLTD: https://news.google.com/rss/search?q=%22Bosch+Ltd.%22+NSE+when:10d&hl=en-IN&gl=IN&ceid=IN:en
2026-07-27 12:46:50,894 | INFO | News RSS status for BOSCHLTD: 200
2026-07-27 12:46:54,050 | INFO | News RSS query for CHOLAFIN: https://news.google.com/rss/search?q=%22Cholamandalam+Investment+and+Finance+Company+Ltd.%22+NSE+when:10d&hl=en-IN&gl=IN&ceid=IN:en
2026-07-27 12:46:54,255 | INFO | News RSS status for CHOLAFIN: 200
2026-07-27 12:46:56,148 | INFO | News RSS query for CUMMINSIND: https://news.google.com/rss/search?q=%22Cummins+India+Ltd.%22+NSE+when:10d&hl=en-IN&gl=IN&ceid=IN:en
2026-07-27 12:46:56,354 | INFO | News RSS status for CUMMINSIND: 200
2026-07-27 12:46:56,429 | INFO | News RSS query for CUMMINSIND: https://news.google.com/rss/search?q=%22Cummins+India+Ltd.%22+NSE+when:10d&hl=en-IN&gl=IN&ceid=IN:en
2026-07-27 12:46:56,433 | INFO | News RSS status for CUMMINSIND: 200
2026-07-27 12:46:56,508 | INFO | News RSS query for CUMMINSIND: https://news.google.com/rss/search?q=%22Cummins+India+Ltd.%22+NSE+when:10d&hl=en-IN&gl=IN&ceid=IN:en
2026-07-27 12:46:56,511 | INFO | News RSS status for CUMMINSIND: 200
2026-07-27 12:46:57,190 | INFO | News RSS query for DIVISLAB: https://news.google.com/rss/search?q=%22Divi%27s+Laboratories+Ltd.%22+NSE+when:10d&hl=en-IN&gl=IN&ceid=IN:en
2026-07-27 12:46:57,393 | INFO | News RSS status for DIVISLAB: 200
2026-07-27 12:46:57,396 | INFO | News RSS query for DIVISLAB: https://news.google.com/rss/search?q=%22Divi%27s+Laboratories+Ltd.%22+stock+when:10d&hl=en-IN&gl=IN&ceid=IN:en
2026-07-27 12:46:57,597 | INFO | News RSS status for DIVISLAB: 200
2026-07-27 12:47:00,111 | INFO | News RSS query for EICHERMOT: https://news.google.com/rss/search?q=%22Eicher+Motors+Ltd.%22+NSE+when:10d&hl=en-IN&gl=IN&ceid=IN:en
2026-07-27 12:47:00,307 | INFO | News RSS status for EICHERMOT: 200
2026-07-27 12:47:01,026 | INFO | News RSS query for ETERNAL: https://news.google.com/rss/search?q=%22Eternal+Ltd.%22+NSE+when:10d&hl=en-IN&gl=IN&ceid=IN:en
2026-07-27 12:47:01,242 | INFO | News RSS status for ETERNAL: 200
2026-07-27 12:47:01,919 | INFO | News RSS query for GAIL: https://news.google.com/rss/search?q=%22GAIL+%28India%29+Ltd.%22+NSE+when:10d&hl=en-IN&gl=IN&ceid=IN:en
2026-07-27 12:47:02,115 | INFO | News RSS status for GAIL: 200
2026-07-27 12:47:02,184 | INFO | News RSS query for GAIL: https://news.google.com/rss/search?q=%22GAIL+%28India%29+Ltd.%22+NSE+when:10d&hl=en-IN&gl=IN&ceid=IN:en
2026-07-27 12:47:02,189 | INFO | News RSS status for GAIL: 200
2026-07-27 12:47:02,259 | INFO | News RSS query for GAIL: https://news.google.com/rss/search?q=%22GAIL+%28India%29+Ltd.%22+NSE+when:10d&hl=en-IN&gl=IN&ceid=IN:en
2026-07-27 12:47:02,262 | INFO | News RSS status for GAIL: 200
2026-07-27 12:47:04,150 | INFO | News RSS query for HAL: https://news.google.com/rss/search?q=%22Hindustan+Aeronautics+Ltd.%22+NSE+when:10d&hl=en-IN&gl=IN&ceid=IN:en
2026-07-27 12:47:04,343 | INFO | News RSS status for HAL: 200
2026-07-27 12:47:05,030 | INFO | News RSS query for HCLTECH: https://news.google.com/rss/search?q=%22HCL+Technologies+Ltd.%22+NSE+when:10d&hl=en-IN&gl=IN&ceid=IN:en
2026-07-27 12:47:05,245 | INFO | News RSS status for HCLTECH: 200
2026-07-27 12:47:09,754 | INFO | News RSS query for ICICIBANK: https://news.google.com/rss/search?q=%22ICICI+Bank+Ltd.%22+NSE+when:10d&hl=en-IN&gl=IN&ceid=IN:en
2026-07-27 12:47:09,989 | INFO | News RSS status for ICICIBANK: 200
2026-07-27 12:47:10,658 | INFO | News RSS query for INDHOTEL: https://news.google.com/rss/search?q=%22Indian+Hotels+Co.+Ltd.%22+NSE+when:10d&hl=en-IN&gl=IN&ceid=IN:en
2026-07-27 12:47:10,846 | INFO | News RSS status for INDHOTEL: 200
2026-07-27 12:47:11,524 | INFO | News RSS query for INDIGO: https://news.google.com/rss/search?q=%22InterGlobe+Aviation+Ltd.%22+NSE+when:10d&hl=en-IN&gl=IN&ceid=IN:en
2026-07-27 12:47:11,734 | INFO | News RSS status for INDIGO: 200
2026-07-27 12:47:11,809 | INFO | News RSS query for INDIGO: https://news.google.com/rss/search?q=%22InterGlobe+Aviation+Ltd.%22+NSE+when:10d&hl=en-IN&gl=IN&ceid=IN:en
2026-07-27 12:47:11,814 | INFO | News RSS status for INDIGO: 200
2026-07-27 12:47:16,933 | INFO | News RSS query for LODHA: https://news.google.com/rss/search?q=%22Lodha+Developers+Ltd.%22+NSE+when:10d&hl=en-IN&gl=IN&ceid=IN:en
2026-07-27 12:47:17,115 | INFO | News RSS status for LODHA: 200
2026-07-27 12:47:17,727 | WARNING | Skipping LTM — only 107 bars available (need 220). Extend history_backfill_days in config.json to include this symbol.
2026-07-27 12:47:19,616 | INFO | News RSS query for MAXHEALTH: https://news.google.com/rss/search?q=%22Max+Healthcare+Institute+Ltd.%22+NSE+when:10d&hl=en-IN&gl=IN&ceid=IN:en
2026-07-27 12:47:19,800 | INFO | News RSS status for MAXHEALTH: 200
2026-07-27 12:47:21,038 | INFO | News RSS query for MOTHERSON: https://news.google.com/rss/search?q=%22Samvardhana+Motherson+International+Ltd.%22+NSE+when:10d&hl=en-IN&gl=IN&ceid=IN:en
2026-07-27 12:47:21,273 | INFO | News RSS status for MOTHERSON: 200
2026-07-27 12:47:21,275 | INFO | News RSS query for MOTHERSON: https://news.google.com/rss/search?q=%22Samvardhana+Motherson+International+Ltd.%22+stock+when:10d&hl=en-IN&gl=IN&ceid=IN:en
2026-07-27 12:47:21,499 | INFO | News RSS status for MOTHERSON: 200
2026-07-27 12:47:22,786 | INFO | News RSS query for NESTLEIND: https://news.google.com/rss/search?q=%22Nestle+India+Ltd.%22+NSE+when:10d&hl=en-IN&gl=IN&ceid=IN:en
2026-07-27 12:47:22,986 | INFO | News RSS status for NESTLEIND: 200
2026-07-27 12:47:23,063 | INFO | News RSS query for NESTLEIND: https://news.google.com/rss/search?q=%22Nestle+India+Ltd.%22+NSE+when:10d&hl=en-IN&gl=IN&ceid=IN:en
2026-07-27 12:47:23,068 | INFO | News RSS status for NESTLEIND: 200
2026-07-27 12:47:25,566 | INFO | News RSS query for PIDILITIND: https://news.google.com/rss/search?q=%22Pidilite+Industries+Ltd.%22+NSE+when:10d&hl=en-IN&gl=IN&ceid=IN:en
2026-07-27 12:47:25,740 | INFO | News RSS status for PIDILITIND: 200
2026-07-27 12:47:25,743 | INFO | News RSS query for PIDILITIND: https://news.google.com/rss/search?q=%22Pidilite+Industries+Ltd.%22+stock+when:10d&hl=en-IN&gl=IN&ceid=IN:en
2026-07-27 12:47:25,938 | INFO | News RSS status for PIDILITIND: 200
2026-07-27 12:47:26,013 | INFO | News RSS query for PIDILITIND: https://news.google.com/rss/search?q=%22Pidilite+Industries+Ltd.%22+NSE+when:10d&hl=en-IN&gl=IN&ceid=IN:en
2026-07-27 12:47:26,017 | INFO | News RSS status for PIDILITIND: 200
2026-07-27 12:47:26,020 | INFO | News RSS query for PIDILITIND: https://news.google.com/rss/search?q=%22Pidilite+Industries+Ltd.%22+stock+when:10d&hl=en-IN&gl=IN&ceid=IN:en
2026-07-27 12:47:26,024 | INFO | News RSS status for PIDILITIND: 200
2026-07-27 12:47:29,072 | INFO | News RSS query for SBILIFE: https://news.google.com/rss/search?q=%22SBI+Life+Insurance+Company+Ltd.%22+NSE+when:10d&hl=en-IN&gl=IN&ceid=IN:en
2026-07-27 12:47:29,302 | INFO | News RSS status for SBILIFE: 200
2026-07-27 12:47:31,171 | INFO | News RSS query for SHRIRAMFIN: https://news.google.com/rss/search?q=%22Shriram+Finance+Ltd.%22+NSE+when:10d&hl=en-IN&gl=IN&ceid=IN:en
2026-07-27 12:47:31,355 | INFO | News RSS status for SHRIRAMFIN: 200
2026-07-27 12:47:32,026 | INFO | News RSS query for SIEMENS: https://news.google.com/rss/search?q=%22Siemens+Ltd.%22+NSE+when:10d&hl=en-IN&gl=IN&ceid=IN:en
2026-07-27 12:47:32,190 | INFO | News RSS status for SIEMENS: 200
2026-07-27 12:47:32,191 | INFO | News RSS query for SIEMENS: https://news.google.com/rss/search?q=%22Siemens+Ltd.%22+stock+when:10d&hl=en-IN&gl=IN&ceid=IN:en
2026-07-27 12:47:32,373 | INFO | News RSS status for SIEMENS: 200
2026-07-27 12:47:33,042 | INFO | News RSS query for SOLARINDS: https://news.google.com/rss/search?q=%22Solar+Industries+India+Ltd.%22+NSE+when:10d&hl=en-IN&gl=IN&ceid=IN:en
2026-07-27 12:47:33,261 | INFO | News RSS status for SOLARINDS: 200
2026-07-27 12:47:33,943 | INFO | News RSS query for SUNPHARMA: https://news.google.com/rss/search?q=%22Sun+Pharmaceutical+Industries+Ltd.%22+NSE+when:10d&hl=en-IN&gl=IN&ceid=IN:en
2026-07-27 12:47:34,131 | INFO | News RSS status for SUNPHARMA: 200
2026-07-27 12:47:34,138 | WARNING | Skipping TATACAP — only 195 bars available (need 220). Extend history_backfill_days in config.json to include this symbol.
2026-07-27 12:47:37,813 | INFO | News RSS query for TITAN: https://news.google.com/rss/search?q=%22Titan+Company+Ltd.%22+NSE+when:10d&hl=en-IN&gl=IN&ceid=IN:en
2026-07-27 12:47:37,994 | INFO | News RSS status for TITAN: 200
2026-07-27 12:47:38,002 | WARNING | Skipping TMCV — only 175 bars available (need 220). Extend history_backfill_days in config.json to include this symbol.
2026-07-27 12:47:38,002 | WARNING | Skipping TMPV — only 192 bars available (need 220). Extend history_backfill_days in config.json to include this symbol.
2026-07-27 12:47:38,681 | INFO | News RSS query for TORNTPHARM: https://news.google.com/rss/search?q=%22Torrent+Pharmaceuticals+Ltd.%22+NSE+when:10d&hl=en-IN&gl=IN&ceid=IN:en
2026-07-27 12:47:38,870 | INFO | News RSS status for TORNTPHARM: 200
2026-07-27 12:47:40,133 | INFO | News RSS query for TVSMOTOR: https://news.google.com/rss/search?q=%22TVS+Motor+Company+Ltd.%22+NSE+when:10d&hl=en-IN&gl=IN&ceid=IN:en
2026-07-27 12:47:40,333 | INFO | News RSS status for TVSMOTOR: 200
2026-07-27 12:47:41,828 | INFO | News RSS query for UNITDSPR: https://news.google.com/rss/search?q=%22United+Spirits+Ltd.%22+NSE+when:10d&hl=en-IN&gl=IN&ceid=IN:en
2026-07-27 12:47:42,013 | INFO | News RSS status for UNITDSPR: 200
2026-07-27 12:47:42,021 | WARNING | Skipping VAML — only 6 bars available (need 220). Extend history_backfill_days in config.json to include this symbol.
2026-07-27 12:47:43,211 | WARNING | Skipping VEDPOWER — only 4 bars available (need 220). Extend history_backfill_days in config.json to include this symbol.
2026-07-27 12:47:43,212 | WARNING | Skipping VISL — only 4 bars available (need 220). Extend history_backfill_days in config.json to include this symbol.
2026-07-27 12:47:43,212 | WARNING | Skipping VOGL — only 7 bars available (need 220). Extend history_backfill_days in config.json to include this symbol.
2026-07-27 12:47:44,471 | INFO | News RSS query for ZYDUSLIFE: https://news.google.com/rss/search?q=%22Zydus+Lifesciences+Ltd.%22+NSE+when:10d&hl=en-IN&gl=IN&ceid=IN:en
2026-07-27 12:47:44,652 | INFO | News RSS status for ZYDUSLIFE: 200
2026-07-27 12:47:44,670 | INFO | Index membership from cache: NIFTY 50 (50 symbols)
2026-07-27 12:47:44,670 | INFO | Index membership from cache: Nifty Next 50 (50 symbols)
2026-07-27 12:47:44,670 | INFO | Index membership ready: 100 symbols mapped
2026-07-27 12:47:44,670 | INFO | Market Health: fetching index OHLCV...
2026-07-27 12:47:46,322 | WARNING | niftyindices failed NIFTY 50 2026-07-24-2026-07-27: Expecting value: line 1 column 2 (char 1)
2026-07-27 12:47:46,455 | INFO | Index OHLCV via yfinance (^NSEI) for NIFTY 50: 1429 rows
2026-07-27 12:47:46,461 | INFO | Index OHLCV cache fresh for NIFTY NEXT 50 (1429 rows)
2026-07-27 12:47:46,461 | INFO | Market Health: fetching VIX...
2026-07-27 12:47:47,764 | WARNING | niftyindices VIX failed 2026-07-24-2026-07-27: Expecting value: line 1 column 2 (char 1)
2026-07-27 12:47:47,886 | INFO | VIX via yfinance (^INDIAVIX): 127 rows
2026-07-27 12:47:47,887 | INFO | Market Health: updating breadth EMA cache...
2026-07-27 12:47:49,844 | INFO | Breadth EMA cache: 132264 total rows (+100)
2026-07-27 12:47:49,871 | INFO | Market Health [NIFTY 50]: Score=-2.0 | Sideways &#x1F7E0;
2026-07-27 12:47:49,893 | INFO | Market Health [Nifty Next 50]: Score=-5.0 | Sideways &#x1F7E0;
2026-07-27 12:47:50,017 | INFO | Signal log: appended 14 new signals. Total rows: 524
2026-07-27 12:47:50,017 | INFO | Signal log written/updated: /home/runner/work/nifty100-reporter/nifty100-reporter/data/nifty100_signal_log.csv
2026-07-27 12:47:51,403 | INFO | Signal tracker: updated 186 Active signal rows.
2026-07-27 12:47:51,428 | INFO | HTML report written: /home/runner/work/nifty100-reporter/nifty100-reporter/reports/nifty100_daily_report_20260727.html
2026-07-27 12:47:51,437 | INFO | Market Health Excel sheet written.
2026-07-27 12:47:52,700 | INFO | Excel report written: /home/runner/work/nifty100-reporter/nifty100-reporter/reports/nifty100_daily_report_20260727.xlsx
2026-07-27 12:47:52,700 | INFO | GitHub Actions detected — skipping Gmail API send (workflow handles email).
2026-07-27 12:47:52,700 | INFO | Run completed successfully.
2026-07-27 12:47:52,700 | INFO | Artifacts: /home/runner/work/nifty100-reporter/nifty100-reporter/reports/nifty100_daily_report_20260727.html | /home/runner/work/nifty100-reporter/nifty100-reporter/reports/nifty100_daily_report_20260727.xlsx | log: /home/runner/work/nifty100-reporter/nifty100-reporter/logs/run_20260727_181552.log
