2026-08-29 12:45:50,470 | INFO | Nifty 100 Daily EMA Cross Reporter | Version 3.3.8 | Released 2026-04-17
2026-08-29 12:45:50,471 | INFO | Base directory: /home/runner/work/nifty100-reporter/nifty100-reporter
2026-08-29 12:45:50,471 | INFO | Loaded config. Email enabled: True | Recipients: 1
2026-08-29 12:45:50,575 | WARNING | NSE session bootstrap HTTP 403 (attempt 1/5) — refreshing NSE session cookie …
2026-08-29 12:46:00,730 | INFO | NSE session bootstrap status: 200
2026-08-29 12:46:00,730 | INFO | Downloading Nifty 100 universe from https://www.niftyindices.com/IndexConstituent/ind_nifty100list.csv
2026-08-29 12:46:01,163 | INFO | Universe download status: 200
2026-08-29 12:46:01,167 | INFO | Universe rows loaded: 100
2026-08-29 12:46:01,280 | INFO | Loaded history rows: 134754
2026-08-29 12:46:01,287 | INFO | yfinance history update: 100 symbols | 2026-08-27 → 2026-08-30
2026-08-29 12:46:01,287 | INFO | yfinance batch download: 100 symbols | 2026-08-27 → 2026-08-30
2026-08-29 12:46:05,891 | INFO | yfinance raw shape: (2, 500)
2026-08-29 12:46:06,221 | INFO | yfinance parsed rows after date-filter: 183
2026-08-29 12:46:06,221 | INFO | New rows from yfinance: 183
2026-08-29 12:46:06,990 | INFO | Saved history rows: 134754 | file: /home/runner/work/nifty100-reporter/nifty100-reporter/data/nifty100_ohlcv_history.csv
2026-08-29 12:46:07,108 | INFO | Loaded history rows: 134754
2026-08-29 12:46:07,109 | INFO | Latest OHLCV data is from 2026-08-28
2026-08-29 12:46:07,137 | INFO | Latest Delivery data is from 2026-08-28
2026-08-29 12:46:07,186 | INFO | Delivery cache has 34 dates — skipping backfill.
2026-08-29 12:46:07,186 | INFO | Delivery fetch attempt [1/7] — URL: https://archives.nseindia.com/products/content/sec_bhavdata_full_28082026.csv
2026-08-29 12:46:08,780 | INFO | Delivery fetch SUCCESS — date: 2026-08-28 | size: 391621 bytes | URL: https://archives.nseindia.com/products/content/sec_bhavdata_full_28082026.csv
2026-08-29 12:46:09,161 | INFO | Delivery cache updated: 2629 symbols for 2026-08-28 (rows in cache: 84159)
2026-08-29 12:46:09,162 | INFO | Delivery data: 2629 symbols | fallback=False
2026-08-29 12:46:29,170 | WARNING | NSE corp-actions bulk fetch failed (attempt 1/5): HTTPSConnectionPool(host='www.nseindia.com', port=443): Read timed out. (read timeout=20) — retrying in 5s …
2026-08-29 12:46:34,576 | INFO | Corporate actions bulk OK: 56 raw rows | 3 Nifty100 symbols with events
2026-08-29 12:46:49,586 | WARNING | NSE corp-actions ABB fetch failed (attempt 1/3): HTTPSConnectionPool(host='www.nseindia.com', port=443): Read timed out. (read timeout=15) — retrying in 5s …
2026-08-29 12:47:10,101 | WARNING | NSE corp-actions ADANIENSOL fetch failed (attempt 1/3): HTTPSConnectionPool(host='www.nseindia.com', port=443): Read timed out. (read timeout=15) — retrying in 5s …
2026-08-29 12:47:30,210 | WARNING | NSE corp-actions ADANIENSOL fetch failed (attempt 2/3): HTTPSConnectionPool(host='www.nseindia.com', port=443): Read timed out. (read timeout=15) — retrying in 5s …
2026-08-29 12:47:50,581 | WARNING | NSE corp-actions ADANIENT fetch failed (attempt 1/3): HTTPSConnectionPool(host='www.nseindia.com', port=443): Read timed out. (read timeout=15) — retrying in 5s …
2026-08-29 12:48:10,956 | WARNING | NSE corp-actions ADANIGREEN fetch failed (attempt 1/3): HTTPSConnectionPool(host='www.nseindia.com', port=443): Read timed out. (read timeout=15) — retrying in 5s …
2026-08-29 12:48:31,306 | WARNING | NSE corp-actions ADANIPORTS fetch failed (attempt 1/3): HTTPSConnectionPool(host='www.nseindia.com', port=443): Read timed out. (read timeout=15) — retrying in 5s …
2026-08-29 12:48:51,415 | WARNING | NSE corp-actions ADANIPORTS fetch failed (attempt 2/3): HTTPSConnectionPool(host='www.nseindia.com', port=443): Read timed out. (read timeout=15) — retrying in 5s …
2026-08-29 12:49:11,605 | WARNING | NSE corp-actions ADANIPOWER fetch failed (attempt 1/3): HTTPSConnectionPool(host='www.nseindia.com', port=443): Read timed out. (read timeout=15) — retrying in 5s …
2026-08-29 12:49:31,990 | WARNING | NSE corp-actions AMBUJACEM fetch failed (attempt 1/3): HTTPSConnectionPool(host='www.nseindia.com', port=443): Read timed out. (read timeout=15) — retrying in 5s …
2026-08-29 12:49:52,055 | WARNING | NSE corp-actions AMBUJACEM fetch failed (attempt 2/3): HTTPSConnectionPool(host='www.nseindia.com', port=443): Read timed out. (read timeout=15) — retrying in 5s …
2026-08-29 12:50:12,452 | WARNING | NSE corp-actions APOLLOHOSP fetch failed (attempt 1/3): HTTPSConnectionPool(host='www.nseindia.com', port=443): Read timed out. (read timeout=15) — retrying in 5s …
2026-08-29 12:50:32,545 | WARNING | NSE corp-actions APOLLOHOSP fetch failed (attempt 2/3): HTTPSConnectionPool(host='www.nseindia.com', port=443): Read timed out. (read timeout=15) — retrying in 5s …
2026-08-29 12:50:52,642 | ERROR | NSE corp-actions APOLLOHOSP fetch failed after 3 attempts: HTTPSConnectionPool(host='www.nseindia.com', port=443): Read timed out. (read timeout=15)
2026-08-29 12:51:07,698 | WARNING | NSE corp-actions ASIANPAINT fetch failed (attempt 1/3): HTTPSConnectionPool(host='www.nseindia.com', port=443): Read timed out. (read timeout=15) — retrying in 5s …
2026-08-29 12:51:27,757 | WARNING | NSE corp-actions ASIANPAINT fetch failed (attempt 2/3): HTTPSConnectionPool(host='www.nseindia.com', port=443): Read timed out. (read timeout=15) — retrying in 5s …
2026-08-29 12:51:47,897 | WARNING | NSE corp-actions AXISBANK fetch failed (attempt 1/3): HTTPSConnectionPool(host='www.nseindia.com', port=443): Read timed out. (read timeout=15) — retrying in 5s …
2026-08-29 12:52:08,817 | WARNING | NSE corp-actions BAJAJ-AUTO fetch failed (attempt 1/3): HTTPSConnectionPool(host='www.nseindia.com', port=443): Read timed out. (read timeout=15) — retrying in 5s …
2026-08-29 12:52:29,297 | WARNING | NSE corp-actions BAJAJFINSV fetch failed (attempt 1/3): HTTPSConnectionPool(host='www.nseindia.com', port=443): Read timed out. (read timeout=15) — retrying in 5s …
2026-08-29 12:52:49,383 | WARNING | NSE corp-actions BAJAJFINSV fetch failed (attempt 2/3): HTTPSConnectionPool(host='www.nseindia.com', port=443): Read timed out. (read timeout=15) — retrying in 5s …
2026-08-29 12:53:09,447 | WARNING | NSE corp-actions BAJAJHLDNG fetch failed (attempt 1/3): HTTPSConnectionPool(host='www.nseindia.com', port=443): Read timed out. (read timeout=15) — retrying in 5s …
2026-08-29 12:53:29,493 | WARNING | NSE corp-actions BAJAJHLDNG fetch failed (attempt 2/3): HTTPSConnectionPool(host='www.nseindia.com', port=443): Read timed out. (read timeout=15) — retrying in 5s …
2026-08-29 12:53:49,571 | WARNING | NSE corp-actions BAJFINANCE fetch failed (attempt 1/3): HTTPSConnectionPool(host='www.nseindia.com', port=443): Read timed out. (read timeout=15) — retrying in 5s …
2026-08-29 12:54:09,706 | WARNING | NSE corp-actions BAJFINANCE fetch failed (attempt 2/3): HTTPSConnectionPool(host='www.nseindia.com', port=443): Read timed out. (read timeout=15) — retrying in 5s …
2026-08-29 12:54:29,780 | WARNING | NSE corp-actions BANKBARODA fetch failed (attempt 1/3): HTTPSConnectionPool(host='www.nseindia.com', port=443): Read timed out. (read timeout=15) — retrying in 5s …
2026-08-29 12:54:49,879 | WARNING | NSE corp-actions BANKBARODA fetch failed (attempt 2/3): HTTPSConnectionPool(host='www.nseindia.com', port=443): Read timed out. (read timeout=15) — retrying in 5s …
2026-08-29 12:55:09,953 | WARNING | NSE corp-actions BEL fetch failed (attempt 1/3): HTTPSConnectionPool(host='www.nseindia.com', port=443): Read timed out. (read timeout=15) — retrying in 5s …
2026-08-29 12:55:30,034 | WARNING | NSE corp-actions BEL fetch failed (attempt 2/3): HTTPSConnectionPool(host='www.nseindia.com', port=443): Read timed out. (read timeout=15) — retrying in 5s …
2026-08-29 12:55:50,118 | ERROR | NSE corp-actions BEL fetch failed after 3 attempts: HTTPSConnectionPool(host='www.nseindia.com', port=443): Read timed out. (read timeout=15)
2026-08-29 12:56:05,203 | WARNING | NSE corp-actions BHARTIARTL fetch failed (attempt 1/3): HTTPSConnectionPool(host='www.nseindia.com', port=443): Read timed out. (read timeout=15) — retrying in 5s …
2026-08-29 12:56:25,248 | WARNING | NSE corp-actions BHARTIARTL fetch failed (attempt 2/3): HTTPSConnectionPool(host='www.nseindia.com', port=443): Read timed out. (read timeout=15) — retrying in 5s …
2026-08-29 12:56:45,294 | ERROR | NSE corp-actions BHARTIARTL fetch failed after 3 attempts: HTTPSConnectionPool(host='www.nseindia.com', port=443): Read timed out. (read timeout=15)
2026-08-29 12:57:00,382 | WARNING | NSE corp-actions BOSCHLTD fetch failed (attempt 1/3): HTTPSConnectionPool(host='www.nseindia.com', port=443): Read timed out. (read timeout=15) — retrying in 5s …
2026-08-29 12:57:21,070 | WARNING | NSE corp-actions BPCL fetch failed (attempt 1/3): HTTPSConnectionPool(host='www.nseindia.com', port=443): Read timed out. (read timeout=15) — retrying in 5s …
2026-08-29 12:57:41,121 | WARNING | NSE corp-actions BPCL fetch failed (attempt 2/3): HTTPSConnectionPool(host='www.nseindia.com', port=443): Read timed out. (read timeout=15) — retrying in 5s …
2026-08-29 12:58:01,458 | WARNING | NSE corp-actions BRITANNIA fetch failed (attempt 1/3): HTTPSConnectionPool(host='www.nseindia.com', port=443): Read timed out. (read timeout=15) — retrying in 5s …
2026-08-29 12:58:21,490 | WARNING | NSE corp-actions BRITANNIA fetch failed (attempt 2/3): HTTPSConnectionPool(host='www.nseindia.com', port=443): Read timed out. (read timeout=15) — retrying in 5s …
2026-08-29 12:58:41,565 | WARNING | NSE corp-actions CANBK fetch failed (attempt 1/3): HTTPSConnectionPool(host='www.nseindia.com', port=443): Read timed out. (read timeout=15) — retrying in 5s …
2026-08-29 12:59:01,609 | WARNING | NSE corp-actions CANBK fetch failed (attempt 2/3): HTTPSConnectionPool(host='www.nseindia.com', port=443): Read timed out. (read timeout=15) — retrying in 5s …
2026-08-29 12:59:21,732 | WARNING | NSE corp-actions CGPOWER fetch failed (attempt 1/3): HTTPSConnectionPool(host='www.nseindia.com', port=443): Read timed out. (read timeout=15) — retrying in 5s …
2026-08-29 12:59:41,866 | WARNING | NSE corp-actions CHOLAFIN fetch failed (attempt 1/3): HTTPSConnectionPool(host='www.nseindia.com', port=443): Read timed out. (read timeout=15) — retrying in 5s …
2026-08-29 13:00:26,793 | INFO | Corporate actions: 3/100 symbols have events (window 29-08-2026 to 28-09-2026) | Symbols: COALINDIA, GAIL, NTPC
2026-08-29 13:00:26,793 | INFO | Index membership from cache: NIFTY 50 (50 symbols)
2026-08-29 13:00:26,793 | INFO | Index membership from cache: Nifty Next 50 (50 symbols)
2026-08-29 13:00:26,794 | INFO | Index membership ready: 100 symbols mapped
2026-08-29 13:00:27,480 | INFO | News RSS query for ABB: https://news.google.com/rss/search?q=%22ABB+India+Ltd.%22+NSE+when:10d&hl=en-IN&gl=IN&ceid=IN:en
2026-08-29 13:00:27,707 | INFO | News RSS status for ABB: 200
2026-08-29 13:00:28,681 | INFO | News RSS query for ADANIENT: https://news.google.com/rss/search?q=%22Adani+Enterprises+Ltd.%22+NSE+when:10d&hl=en-IN&gl=IN&ceid=IN:en
2026-08-29 13:00:28,886 | INFO | News RSS status for ADANIENT: 200
2026-08-29 13:00:33,112 | INFO | News RSS query for AXISBANK: https://news.google.com/rss/search?q=%22Axis+Bank+Ltd.%22+NSE+when:10d&hl=en-IN&gl=IN&ceid=IN:en
2026-08-29 13:00:33,322 | INFO | News RSS status for AXISBANK: 200
2026-08-29 13:00:33,983 | INFO | News RSS query for BAJAJ-AUTO: https://news.google.com/rss/search?q=%22Bajaj+Auto+Ltd.%22+NSE+when:10d&hl=en-IN&gl=IN&ceid=IN:en
2026-08-29 13:00:34,161 | INFO | News RSS status for BAJAJ-AUTO: 200
2026-08-29 13:00:34,832 | INFO | News RSS query for BAJAJFINSV: https://news.google.com/rss/search?q=%22Bajaj+Finserv+Ltd.%22+NSE+when:10d&hl=en-IN&gl=IN&ceid=IN:en
2026-08-29 13:00:35,009 | INFO | News RSS status for BAJAJFINSV: 200
2026-08-29 13:00:35,082 | INFO | News RSS query for BAJAJFINSV: https://news.google.com/rss/search?q=%22Bajaj+Finserv+Ltd.%22+NSE+when:10d&hl=en-IN&gl=IN&ceid=IN:en
2026-08-29 13:00:35,086 | INFO | News RSS status for BAJAJFINSV: 200
2026-08-29 13:00:35,760 | INFO | News RSS query for BAJAJHLDNG: https://news.google.com/rss/search?q=%22Bajaj+Holdings+%26+Investment+Ltd.%22+NSE+when:10d&hl=en-IN&gl=IN&ceid=IN:en
2026-08-29 13:00:35,952 | INFO | News RSS status for BAJAJHLDNG: 200
2026-08-29 13:00:36,617 | INFO | News RSS query for BAJFINANCE: https://news.google.com/rss/search?q=%22Bajaj+Finance+Ltd.%22+NSE+when:10d&hl=en-IN&gl=IN&ceid=IN:en
2026-08-29 13:00:36,790 | INFO | News RSS status for BAJFINANCE: 200
2026-08-29 13:00:39,220 | INFO | News RSS query for BOSCHLTD: https://news.google.com/rss/search?q=%22Bosch+Ltd.%22+NSE+when:10d&hl=en-IN&gl=IN&ceid=IN:en
2026-08-29 13:00:39,405 | INFO | News RSS status for BOSCHLTD: 200
2026-08-29 13:00:40,070 | INFO | News RSS query for BPCL: https://news.google.com/rss/search?q=%22Bharat+Petroleum+Corporation+Ltd.%22+NSE+when:10d&hl=en-IN&gl=IN&ceid=IN:en
2026-08-29 13:00:40,329 | INFO | News RSS status for BPCL: 200
2026-08-29 13:00:40,331 | INFO | News RSS query for BPCL: https://news.google.com/rss/search?q=%22Bharat+Petroleum+Corporation+Ltd.%22+stock+when:10d&hl=en-IN&gl=IN&ceid=IN:en
2026-08-29 13:00:40,527 | INFO | News RSS status for BPCL: 200
2026-08-29 13:00:40,529 | INFO | News RSS query for BPCL: https://news.google.com/rss/search?q=BPCL+NSE+when:10d&hl=en-IN&gl=IN&ceid=IN:en
2026-08-29 13:00:40,793 | INFO | News RSS status for BPCL: 200
2026-08-29 13:00:43,213 | INFO | News RSS query for CHOLAFIN: https://news.google.com/rss/search?q=%22Cholamandalam+Investment+and+Finance+Company+Ltd.%22+NSE+when:10d&hl=en-IN&gl=IN&ceid=IN:en
2026-08-29 13:00:43,493 | INFO | News RSS status for CHOLAFIN: 200
2026-08-29 13:00:43,566 | INFO | News RSS query for CHOLAFIN: https://news.google.com/rss/search?q=%22Cholamandalam+Investment+and+Finance+Company+Ltd.%22+NSE+when:10d&hl=en-IN&gl=IN&ceid=IN:en
2026-08-29 13:00:43,570 | INFO | News RSS status for CHOLAFIN: 200
2026-08-29 13:00:46,017 | INFO | News RSS query for DIVISLAB: https://news.google.com/rss/search?q=%22Divi%27s+Laboratories+Ltd.%22+NSE+when:10d&hl=en-IN&gl=IN&ceid=IN:en
2026-08-29 13:00:46,219 | INFO | News RSS status for DIVISLAB: 200
2026-08-29 13:00:46,222 | INFO | News RSS query for DIVISLAB: https://news.google.com/rss/search?q=%22Divi%27s+Laboratories+Ltd.%22+stock+when:10d&hl=en-IN&gl=IN&ceid=IN:en
2026-08-29 13:00:46,418 | INFO | News RSS status for DIVISLAB: 200
2026-08-29 13:00:47,069 | INFO | News RSS query for DLF: https://news.google.com/rss/search?q=%22DLF+Ltd.%22+NSE+when:10d&hl=en-IN&gl=IN&ceid=IN:en
2026-08-29 13:00:47,254 | INFO | News RSS status for DLF: 200
2026-08-29 13:00:47,257 | INFO | News RSS query for DLF: https://news.google.com/rss/search?q=%22DLF+Ltd.%22+stock+when:10d&hl=en-IN&gl=IN&ceid=IN:en
2026-08-29 13:00:47,445 | INFO | News RSS status for DLF: 200
2026-08-29 13:00:47,516 | INFO | News RSS query for DLF: https://news.google.com/rss/search?q=%22DLF+Ltd.%22+NSE+when:10d&hl=en-IN&gl=IN&ceid=IN:en
2026-08-29 13:00:47,520 | INFO | News RSS status for DLF: 200
2026-08-29 13:00:47,523 | INFO | News RSS query for DLF: https://news.google.com/rss/search?q=%22DLF+Ltd.%22+stock+when:10d&hl=en-IN&gl=IN&ceid=IN:en
2026-08-29 13:00:47,527 | INFO | News RSS status for DLF: 200
2026-08-29 13:00:49,340 | INFO | News RSS query for EICHERMOT: https://news.google.com/rss/search?q=%22Eicher+Motors+Ltd.%22+NSE+when:10d&hl=en-IN&gl=IN&ceid=IN:en
2026-08-29 13:00:49,511 | INFO | News RSS status for EICHERMOT: 200
2026-08-29 13:00:49,512 | INFO | News RSS query for EICHERMOT: https://news.google.com/rss/search?q=%22Eicher+Motors+Ltd.%22+stock+when:10d&hl=en-IN&gl=IN&ceid=IN:en
2026-08-29 13:00:49,716 | INFO | News RSS status for EICHERMOT: 200
2026-08-29 13:00:50,428 | INFO | News RSS query for ETERNAL: https://news.google.com/rss/search?q=%22Eternal+Ltd.%22+NSE+when:10d&hl=en-IN&gl=IN&ceid=IN:en
2026-08-29 13:00:50,669 | INFO | News RSS status for ETERNAL: 200
2026-08-29 13:00:50,743 | INFO | News RSS query for ETERNAL: https://news.google.com/rss/search?q=%22Eternal+Ltd.%22+NSE+when:10d&hl=en-IN&gl=IN&ceid=IN:en
2026-08-29 13:00:50,746 | INFO | News RSS status for ETERNAL: 200
2026-08-29 13:00:52,587 | INFO | News RSS query for GRASIM: https://news.google.com/rss/search?q=%22Grasim+Industries+Ltd.%22+NSE+when:10d&hl=en-IN&gl=IN&ceid=IN:en
2026-08-29 13:00:52,777 | INFO | News RSS status for GRASIM: 200
2026-08-29 13:00:52,779 | INFO | News RSS query for GRASIM: https://news.google.com/rss/search?q=%22Grasim+Industries+Ltd.%22+stock+when:10d&hl=en-IN&gl=IN&ceid=IN:en
2026-08-29 13:00:52,946 | INFO | News RSS status for GRASIM: 200
2026-08-29 13:00:53,602 | INFO | News RSS query for HAL: https://news.google.com/rss/search?q=%22Hindustan+Aeronautics+Ltd.%22+NSE+when:10d&hl=en-IN&gl=IN&ceid=IN:en
2026-08-29 13:00:53,796 | INFO | News RSS status for HAL: 200
2026-08-29 13:00:56,802 | INFO | News RSS query for HINDALCO: https://news.google.com/rss/search?q=%22Hindalco+Industries+Ltd.%22+NSE+when:10d&hl=en-IN&gl=IN&ceid=IN:en
2026-08-29 13:00:56,993 | INFO | News RSS status for HINDALCO: 200
2026-08-29 13:00:58,231 | INFO | News RSS query for HINDZINC: https://news.google.com/rss/search?q=%22Hindustan+Zinc+Ltd.%22+NSE+when:10d&hl=en-IN&gl=IN&ceid=IN:en
2026-08-29 13:00:58,429 | INFO | News RSS status for HINDZINC: 200
2026-08-29 13:00:58,696 | INFO | News RSS query for HYUNDAI: https://news.google.com/rss/search?q=%22Hyundai+Motor+India+Ltd.%22+NSE+when:10d&hl=en-IN&gl=IN&ceid=IN:en
2026-08-29 13:00:58,908 | INFO | News RSS status for HYUNDAI: 200
2026-08-29 13:00:58,979 | INFO | News RSS query for HYUNDAI: https://news.google.com/rss/search?q=%22Hyundai+Motor+India+Ltd.%22+NSE+when:10d&hl=en-IN&gl=IN&ceid=IN:en
2026-08-29 13:00:58,982 | INFO | News RSS status for HYUNDAI: 200
2026-08-29 13:00:59,645 | INFO | News RSS query for ICICIBANK: https://news.google.com/rss/search?q=%22ICICI+Bank+Ltd.%22+NSE+when:10d&hl=en-IN&gl=IN&ceid=IN:en
2026-08-29 13:00:59,852 | INFO | News RSS status for ICICIBANK: 200
2026-08-29 13:00:59,925 | INFO | News RSS query for ICICIBANK: https://news.google.com/rss/search?q=%22ICICI+Bank+Ltd.%22+NSE+when:10d&hl=en-IN&gl=IN&ceid=IN:en
2026-08-29 13:00:59,929 | INFO | News RSS status for ICICIBANK: 200
2026-08-29 13:01:04,086 | INFO | News RSS query for JINDALSTEL: https://news.google.com/rss/search?q=%22Jindal+Steel+Ltd.%22+NSE+when:10d&hl=en-IN&gl=IN&ceid=IN:en
2026-08-29 13:01:04,277 | INFO | News RSS status for JINDALSTEL: 200
2026-08-29 13:01:04,279 | INFO | News RSS query for JINDALSTEL: https://news.google.com/rss/search?q=%22Jindal+Steel+Ltd.%22+stock+when:10d&hl=en-IN&gl=IN&ceid=IN:en
2026-08-29 13:01:04,492 | INFO | News RSS status for JINDALSTEL: 200
2026-08-29 13:01:05,460 | INFO | News RSS query for JSWSTEEL: https://news.google.com/rss/search?q=%22JSW+Steel+Ltd.%22+NSE+when:10d&hl=en-IN&gl=IN&ceid=IN:en
2026-08-29 13:01:05,645 | INFO | News RSS status for JSWSTEEL: 200
2026-08-29 13:01:06,853 | INFO | News RSS query for LODHA: https://news.google.com/rss/search?q=%22Lodha+Developers+Ltd.%22+NSE+when:10d&hl=en-IN&gl=IN&ceid=IN:en
2026-08-29 13:01:07,001 | INFO | News RSS status for LODHA: 200
2026-08-29 13:01:07,002 | INFO | News RSS query for LODHA: https://news.google.com/rss/search?q=%22Lodha+Developers+Ltd.%22+stock+when:10d&hl=en-IN&gl=IN&ceid=IN:en
2026-08-29 13:01:07,181 | INFO | News RSS status for LODHA: 200
2026-08-29 13:01:07,184 | INFO | News RSS query for LODHA: https://news.google.com/rss/search?q=LODHA+NSE+when:10d&hl=en-IN&gl=IN&ceid=IN:en
2026-08-29 13:01:07,421 | INFO | News RSS status for LODHA: 200
2026-08-29 13:01:08,076 | INFO | News RSS query for LT: https://news.google.com/rss/search?q=%22Larsen+%26+Toubro+Ltd.%22+NSE+when:10d&hl=en-IN&gl=IN&ceid=IN:en
2026-08-29 13:01:08,253 | INFO | News RSS status for LT: 200
2026-08-29 13:01:08,259 | WARNING | Skipping LTM — only 131 bars available (need 220). Extend history_backfill_days in config.json to include this symbol.
2026-08-29 13:01:08,912 | INFO | News RSS query for M&M: https://news.google.com/rss/search?q=%22Mahindra+%26+Mahindra+Ltd.%22+NSE+when:10d&hl=en-IN&gl=IN&ceid=IN:en
2026-08-29 13:01:09,115 | INFO | News RSS status for M&M: 200
2026-08-29 13:01:11,546 | INFO | News RSS query for MOTHERSON: https://news.google.com/rss/search?q=%22Samvardhana+Motherson+International+Ltd.%22+NSE+when:10d&hl=en-IN&gl=IN&ceid=IN:en
2026-08-29 13:01:11,917 | INFO | News RSS status for MOTHERSON: 200
2026-08-29 13:01:15,529 | INFO | News RSS query for PIDILITIND: https://news.google.com/rss/search?q=%22Pidilite+Industries+Ltd.%22+NSE+when:10d&hl=en-IN&gl=IN&ceid=IN:en
2026-08-29 13:01:15,713 | INFO | News RSS status for PIDILITIND: 200
2026-08-29 13:01:15,715 | INFO | News RSS query for PIDILITIND: https://news.google.com/rss/search?q=%22Pidilite+Industries+Ltd.%22+stock+when:10d&hl=en-IN&gl=IN&ceid=IN:en
2026-08-29 13:01:15,913 | INFO | News RSS status for PIDILITIND: 200
2026-08-29 13:01:16,567 | INFO | News RSS query for PNB: https://news.google.com/rss/search?q=%22Punjab+National+Bank%22+NSE+when:10d&hl=en-IN&gl=IN&ceid=IN:en
2026-08-29 13:01:16,811 | INFO | News RSS status for PNB: 200
2026-08-29 13:01:21,008 | INFO | News RSS query for SHRIRAMFIN: https://news.google.com/rss/search?q=%22Shriram+Finance+Ltd.%22+NSE+when:10d&hl=en-IN&gl=IN&ceid=IN:en
2026-08-29 13:01:21,186 | INFO | News RSS status for SHRIRAMFIN: 200
2026-08-29 13:01:21,841 | INFO | News RSS query for SIEMENS: https://news.google.com/rss/search?q=%22Siemens+Ltd.%22+NSE+when:10d&hl=en-IN&gl=IN&ceid=IN:en
2026-08-29 13:01:22,010 | INFO | News RSS status for SIEMENS: 200
2026-08-29 13:01:22,673 | INFO | News RSS query for SOLARINDS: https://news.google.com/rss/search?q=%22Solar+Industries+India+Ltd.%22+NSE+when:10d&hl=en-IN&gl=IN&ceid=IN:en
2026-08-29 13:01:22,854 | INFO | News RSS status for SOLARINDS: 200
2026-08-29 13:01:23,513 | INFO | News RSS query for SUNPHARMA: https://news.google.com/rss/search?q=%22Sun+Pharmaceutical+Industries+Ltd.%22+NSE+when:10d&hl=en-IN&gl=IN&ceid=IN:en
2026-08-29 13:01:23,696 | INFO | News RSS status for SUNPHARMA: 200
2026-08-29 13:01:23,700 | WARNING | Skipping TATACAP — only 219 bars available (need 220). Extend history_backfill_days in config.json to include this symbol.
2026-08-29 13:01:26,749 | INFO | News RSS query for TECHM: https://news.google.com/rss/search?q=%22Tech+Mahindra+Ltd.%22+NSE+when:10d&hl=en-IN&gl=IN&ceid=IN:en
2026-08-29 13:01:26,936 | INFO | News RSS status for TECHM: 200
2026-08-29 13:01:27,007 | INFO | News RSS query for TECHM: https://news.google.com/rss/search?q=%22Tech+Mahindra+Ltd.%22+NSE+when:10d&hl=en-IN&gl=IN&ceid=IN:en
2026-08-29 13:01:27,011 | INFO | News RSS status for TECHM: 200
2026-08-29 13:01:27,081 | INFO | News RSS query for TECHM: https://news.google.com/rss/search?q=%22Tech+Mahindra+Ltd.%22+NSE+when:10d&hl=en-IN&gl=IN&ceid=IN:en
2026-08-29 13:01:27,084 | INFO | News RSS status for TECHM: 200
2026-08-29 13:01:27,739 | INFO | News RSS query for TITAN: https://news.google.com/rss/search?q=%22Titan+Company+Ltd.%22+NSE+when:10d&hl=en-IN&gl=IN&ceid=IN:en
2026-08-29 13:01:27,933 | INFO | News RSS status for TITAN: 200
2026-08-29 13:01:27,938 | WARNING | Skipping TMCV — only 199 bars available (need 220). Extend history_backfill_days in config.json to include this symbol.
2026-08-29 13:01:27,939 | WARNING | Skipping TMPV — only 216 bars available (need 220). Extend history_backfill_days in config.json to include this symbol.
2026-08-29 13:01:28,616 | INFO | News RSS query for TORNTPHARM: https://news.google.com/rss/search?q=%22Torrent+Pharmaceuticals+Ltd.%22+NSE+when:10d&hl=en-IN&gl=IN&ceid=IN:en
2026-08-29 13:01:28,795 | INFO | News RSS status for TORNTPHARM: 200
2026-08-29 13:01:28,797 | INFO | News RSS query for TORNTPHARM: https://news.google.com/rss/search?q=%22Torrent+Pharmaceuticals+Ltd.%22+stock+when:10d&hl=en-IN&gl=IN&ceid=IN:en
2026-08-29 13:01:29,019 | INFO | News RSS status for TORNTPHARM: 200
2026-08-29 13:01:29,090 | INFO | News RSS query for TORNTPHARM: https://news.google.com/rss/search?q=%22Torrent+Pharmaceuticals+Ltd.%22+NSE+when:10d&hl=en-IN&gl=IN&ceid=IN:en
2026-08-29 13:01:29,094 | INFO | News RSS status for TORNTPHARM: 200
2026-08-29 13:01:29,096 | INFO | News RSS query for TORNTPHARM: https://news.google.com/rss/search?q=%22Torrent+Pharmaceuticals+Ltd.%22+stock+when:10d&hl=en-IN&gl=IN&ceid=IN:en
2026-08-29 13:01:29,100 | INFO | News RSS status for TORNTPHARM: 200
2026-08-29 13:01:30,349 | INFO | News RSS query for TVSMOTOR: https://news.google.com/rss/search?q=%22TVS+Motor+Company+Ltd.%22+NSE+when:10d&hl=en-IN&gl=IN&ceid=IN:en
2026-08-29 13:01:30,533 | INFO | News RSS status for TVSMOTOR: 200
2026-08-29 13:01:30,536 | INFO | News RSS query for TVSMOTOR: https://news.google.com/rss/search?q=%22TVS+Motor+Company+Ltd.%22+stock+when:10d&hl=en-IN&gl=IN&ceid=IN:en
2026-08-29 13:01:30,733 | INFO | News RSS status for TVSMOTOR: 200
2026-08-29 13:01:31,986 | INFO | News RSS query for UNIONBANK: https://news.google.com/rss/search?q=%22Union+Bank+of+India%22+NSE+when:10d&hl=en-IN&gl=IN&ceid=IN:en
2026-08-29 13:01:32,236 | INFO | News RSS status for UNIONBANK: 200
2026-08-29 13:01:32,540 | INFO | News RSS query for UNITDSPR: https://news.google.com/rss/search?q=%22United+Spirits+Ltd.%22+NSE+when:10d&hl=en-IN&gl=IN&ceid=IN:en
2026-08-29 13:01:32,700 | INFO | News RSS status for UNITDSPR: 200
2026-08-29 13:01:32,703 | INFO | News RSS query for UNITDSPR: https://news.google.com/rss/search?q=%22United+Spirits+Ltd.%22+stock+when:10d&hl=en-IN&gl=IN&ceid=IN:en
2026-08-29 13:01:32,882 | INFO | News RSS status for UNITDSPR: 200
2026-08-29 13:01:32,885 | WARNING | Skipping VAML — only 6 bars available (need 220). Extend history_backfill_days in config.json to include this symbol.
2026-08-29 13:01:34,070 | WARNING | Skipping VEDPOWER — only 4 bars available (need 220). Extend history_backfill_days in config.json to include this symbol.
2026-08-29 13:01:34,071 | WARNING | Skipping VISL — only 4 bars available (need 220). Extend history_backfill_days in config.json to include this symbol.
2026-08-29 13:01:34,072 | WARNING | Skipping VOGL — only 7 bars available (need 220). Extend history_backfill_days in config.json to include this symbol.
2026-08-29 13:01:35,313 | INFO | News RSS query for ZYDUSLIFE: https://news.google.com/rss/search?q=%22Zydus+Lifesciences+Ltd.%22+NSE+when:10d&hl=en-IN&gl=IN&ceid=IN:en
2026-08-29 13:01:35,475 | INFO | News RSS status for ZYDUSLIFE: 200
2026-08-29 13:01:35,489 | INFO | Index membership from cache: NIFTY 50 (50 symbols)
2026-08-29 13:01:35,490 | INFO | Index membership from cache: Nifty Next 50 (50 symbols)
2026-08-29 13:01:35,490 | INFO | Index membership ready: 100 symbols mapped
2026-08-29 13:01:35,490 | INFO | Market Health: fetching index OHLCV...
2026-08-29 13:01:36,991 | WARNING | niftyindices failed NIFTY 50 2026-08-26-2026-08-29: Expecting value: line 1 column 2 (char 1)
2026-08-29 13:01:37,145 | INFO | Index OHLCV via yfinance (^NSEI) for NIFTY 50: 1451 rows
2026-08-29 13:01:38,563 | WARNING | niftyindices failed NIFTY NEXT 50 2026-08-26-2026-08-29: Expecting value: line 1 column 2 (char 1)
2026-08-29 13:01:38,692 | INFO | Index OHLCV via yfinance (JUNIORBEES.NS) for NIFTY NEXT 50: 1450 rows
2026-08-29 13:01:38,693 | INFO | Market Health: fetching VIX...
2026-08-29 13:01:40,183 | WARNING | niftyindices VIX failed 2026-08-26-2026-08-29: Expecting value: line 1 column 2 (char 1)
2026-08-29 13:01:40,293 | INFO | VIX via yfinance (^INDIAVIX): 149 rows
2026-08-29 13:01:40,294 | INFO | Market Health: updating breadth EMA cache...
2026-08-29 13:01:41,638 | INFO | Market Health [NIFTY 50]: Score=14.5 | Sideways &#x1F7E0;
2026-08-29 13:01:41,656 | INFO | Market Health [Nifty Next 50]: Score=8.0 | Sideways &#x1F7E0;
2026-08-29 13:01:41,730 | INFO | Signal log: skipping new signal insertion — 2026-08-29 is a weekend.
2026-08-29 13:01:43,082 | INFO | Signal tracker: updated 186 Active signal rows.
2026-08-29 13:01:43,102 | INFO | HTML report written: /home/runner/work/nifty100-reporter/nifty100-reporter/reports/nifty100_daily_report_20260829.html
2026-08-29 13:01:43,111 | INFO | Market Health Excel sheet written.
2026-08-29 13:01:44,637 | INFO | Excel report written: /home/runner/work/nifty100-reporter/nifty100-reporter/reports/nifty100_daily_report_20260829.xlsx
2026-08-29 13:01:44,637 | INFO | GitHub Actions detected — skipping Gmail API send (workflow handles email).
2026-08-29 13:01:44,637 | INFO | Run completed successfully.
2026-08-29 13:01:44,637 | INFO | Artifacts: /home/runner/work/nifty100-reporter/nifty100-reporter/reports/nifty100_daily_report_20260829.html | /home/runner/work/nifty100-reporter/nifty100-reporter/reports/nifty100_daily_report_20260829.xlsx | log: /home/runner/work/nifty100-reporter/nifty100-reporter/logs/run_20260829_181550.log
