2026-07-11 12:46:04,745 | INFO | Nifty 100 Daily EMA Cross Reporter | Version 3.3.8 | Released 2026-04-17
2026-07-11 12:46:04,745 | INFO | Base directory: /home/runner/work/nifty100-reporter/nifty100-reporter
2026-07-11 12:46:04,745 | INFO | Loaded config. Email enabled: True | Recipients: 1
2026-07-11 12:46:04,953 | WARNING | NSE session bootstrap HTTP 403 (attempt 1/5) — refreshing NSE session cookie …
2026-07-11 12:46:15,439 | INFO | NSE session bootstrap status: 200
2026-07-11 12:46:15,439 | INFO | Downloading Nifty 100 universe from https://www.niftyindices.com/IndexConstituent/ind_nifty100list.csv
2026-07-11 12:46:15,822 | INFO | Universe download status: 200
2026-07-11 12:46:15,827 | INFO | Universe rows loaded: 100
2026-07-11 12:46:15,945 | INFO | Loaded history rows: 131254
2026-07-11 12:46:15,953 | INFO | yfinance history update: 100 symbols | 2026-07-09 → 2026-07-12
2026-07-11 12:46:15,953 | INFO | yfinance batch download: 100 symbols | 2026-07-09 → 2026-07-12
2026-07-11 12:46:20,364 | INFO | yfinance raw shape: (2, 500)
2026-07-11 12:46:20,689 | INFO | yfinance parsed rows after date-filter: 200
2026-07-11 12:46:20,690 | INFO | New rows from yfinance: 200
2026-07-11 12:46:21,444 | INFO | Saved history rows: 131254 | file: /home/runner/work/nifty100-reporter/nifty100-reporter/data/nifty100_ohlcv_history.csv
2026-07-11 12:46:21,553 | INFO | Loaded history rows: 131254
2026-07-11 12:46:21,554 | INFO | Latest OHLCV data is from 2026-07-10
2026-07-11 12:46:21,578 | INFO | Latest Delivery data is from 2026-07-10
2026-07-11 12:46:21,622 | INFO | Delivery cache has 30 dates — skipping backfill.
2026-07-11 12:46:21,623 | INFO | Delivery fetch attempt [1/7] — URL: https://archives.nseindia.com/products/content/sec_bhavdata_full_10072026.csv
2026-07-11 12:46:22,014 | INFO | Delivery fetch SUCCESS — date: 2026-07-10 | size: 369269 bytes | URL: https://archives.nseindia.com/products/content/sec_bhavdata_full_10072026.csv
2026-07-11 12:46:22,362 | INFO | Delivery cache updated: 2370 symbols for 2026-07-10 (rows in cache: 72574)
2026-07-11 12:46:22,362 | INFO | Delivery data: 2370 symbols | fallback=False
2026-07-11 12:46:22,679 | INFO | Corporate actions bulk OK: 146 raw rows | 14 Nifty100 symbols with events
2026-07-11 12:46:43,982 | INFO | Corporate actions: 14/100 symbols have events (window 11-07-2026 to 10-08-2026) | Symbols: BOSCHLTD, BRITANNIA, CHOLAFIN, CUMMINSIND, DIVISLAB, KOTAKBANK, MARUTI, MOTHERSON, PFC, PIDILITIND, SHREECEM, SOLARINDS, TCS, ZYDUSLIFE
2026-07-11 12:46:43,982 | INFO | Index membership from cache: NIFTY 50 (50 symbols)
2026-07-11 12:46:43,982 | INFO | Index membership from cache: Nifty Next 50 (50 symbols)
2026-07-11 12:46:43,982 | INFO | Index membership ready: 100 symbols mapped
2026-07-11 12:46:44,936 | INFO | News RSS query for ADANIENSOL: https://news.google.com/rss/search?q=%22Adani+Energy+Solutions+Ltd.%22+NSE+when:10d&hl=en-IN&gl=IN&ceid=IN:en
2026-07-11 12:46:45,183 | INFO | News RSS status for ADANIENSOL: 200
2026-07-11 12:46:45,187 | INFO | News RSS query for ADANIENSOL: https://news.google.com/rss/search?q=%22Adani+Energy+Solutions+Ltd.%22+stock+when:10d&hl=en-IN&gl=IN&ceid=IN:en
2026-07-11 12:46:45,371 | INFO | News RSS status for ADANIENSOL: 200
2026-07-11 12:46:46,007 | INFO | News RSS query for ADANIENT: https://news.google.com/rss/search?q=%22Adani+Enterprises+Ltd.%22+NSE+when:10d&hl=en-IN&gl=IN&ceid=IN:en
2026-07-11 12:46:46,212 | INFO | News RSS status for ADANIENT: 200
2026-07-11 12:46:46,853 | INFO | News RSS query for ADANIGREEN: https://news.google.com/rss/search?q=%22Adani+Green+Energy+Ltd.%22+NSE+when:10d&hl=en-IN&gl=IN&ceid=IN:en
2026-07-11 12:46:47,041 | INFO | News RSS status for ADANIGREEN: 200
2026-07-11 12:46:47,104 | INFO | News RSS query for ADANIGREEN: https://news.google.com/rss/search?q=%22Adani+Green+Energy+Ltd.%22+NSE+when:10d&hl=en-IN&gl=IN&ceid=IN:en
2026-07-11 12:46:47,108 | INFO | News RSS status for ADANIGREEN: 200
2026-07-11 12:46:47,743 | INFO | News RSS query for ADANIPORTS: https://news.google.com/rss/search?q=%22Adani+Ports+and+Special+Economic+Zone+Ltd.%22+NSE+when:10d&hl=en-IN&gl=IN&ceid=IN:en
2026-07-11 12:46:47,919 | INFO | News RSS status for ADANIPORTS: 200
2026-07-11 12:46:49,733 | INFO | News RSS query for APOLLOHOSP: https://news.google.com/rss/search?q=%22Apollo+Hospitals+Enterprise+Ltd.%22+NSE+when:10d&hl=en-IN&gl=IN&ceid=IN:en
2026-07-11 12:46:49,911 | INFO | News RSS status for APOLLOHOSP: 200
2026-07-11 12:46:49,913 | INFO | News RSS query for APOLLOHOSP: https://news.google.com/rss/search?q=%22Apollo+Hospitals+Enterprise+Ltd.%22+stock+when:10d&hl=en-IN&gl=IN&ceid=IN:en
2026-07-11 12:46:50,110 | INFO | News RSS status for APOLLOHOSP: 200
2026-07-11 12:46:50,750 | INFO | News RSS query for ASIANPAINT: https://news.google.com/rss/search?q=%22Asian+Paints+Ltd.%22+NSE+when:10d&hl=en-IN&gl=IN&ceid=IN:en
2026-07-11 12:46:50,938 | INFO | News RSS status for ASIANPAINT: 200
2026-07-11 12:46:50,941 | INFO | News RSS query for ASIANPAINT: https://news.google.com/rss/search?q=%22Asian+Paints+Ltd.%22+stock+when:10d&hl=en-IN&gl=IN&ceid=IN:en
2026-07-11 12:46:51,119 | INFO | News RSS status for ASIANPAINT: 200
2026-07-11 12:46:51,181 | INFO | News RSS query for ASIANPAINT: https://news.google.com/rss/search?q=%22Asian+Paints+Ltd.%22+NSE+when:10d&hl=en-IN&gl=IN&ceid=IN:en
2026-07-11 12:46:51,186 | INFO | News RSS status for ASIANPAINT: 200
2026-07-11 12:46:51,188 | INFO | News RSS query for ASIANPAINT: https://news.google.com/rss/search?q=%22Asian+Paints+Ltd.%22+stock+when:10d&hl=en-IN&gl=IN&ceid=IN:en
2026-07-11 12:46:51,192 | INFO | News RSS status for ASIANPAINT: 200
2026-07-11 12:46:52,397 | INFO | News RSS query for BAJAJ-AUTO: https://news.google.com/rss/search?q=%22Bajaj+Auto+Ltd.%22+NSE+when:10d&hl=en-IN&gl=IN&ceid=IN:en
2026-07-11 12:46:52,581 | INFO | News RSS status for BAJAJ-AUTO: 200
2026-07-11 12:46:52,643 | INFO | News RSS query for BAJAJ-AUTO: https://news.google.com/rss/search?q=%22Bajaj+Auto+Ltd.%22+NSE+when:10d&hl=en-IN&gl=IN&ceid=IN:en
2026-07-11 12:46:52,647 | INFO | News RSS status for BAJAJ-AUTO: 200
2026-07-11 12:46:52,709 | INFO | News RSS query for BAJAJ-AUTO: https://news.google.com/rss/search?q=%22Bajaj+Auto+Ltd.%22+NSE+when:10d&hl=en-IN&gl=IN&ceid=IN:en
2026-07-11 12:46:52,713 | INFO | News RSS status for BAJAJ-AUTO: 200
2026-07-11 12:46:52,774 | INFO | News RSS query for BAJAJ-AUTO: https://news.google.com/rss/search?q=%22Bajaj+Auto+Ltd.%22+NSE+when:10d&hl=en-IN&gl=IN&ceid=IN:en
2026-07-11 12:46:52,777 | INFO | News RSS status for BAJAJ-AUTO: 200
2026-07-11 12:46:54,576 | INFO | News RSS query for BAJFINANCE: https://news.google.com/rss/search?q=%22Bajaj+Finance+Ltd.%22+NSE+when:10d&hl=en-IN&gl=IN&ceid=IN:en
2026-07-11 12:46:54,769 | INFO | News RSS status for BAJFINANCE: 200
2026-07-11 12:46:57,153 | INFO | News RSS query for BOSCHLTD: https://news.google.com/rss/search?q=%22Bosch+Ltd.%22+NSE+when:10d&hl=en-IN&gl=IN&ceid=IN:en
2026-07-11 12:46:57,327 | INFO | News RSS status for BOSCHLTD: 200
2026-07-11 12:46:57,330 | INFO | News RSS query for BOSCHLTD: https://news.google.com/rss/search?q=%22Bosch+Ltd.%22+stock+when:10d&hl=en-IN&gl=IN&ceid=IN:en
2026-07-11 12:46:57,509 | INFO | News RSS status for BOSCHLTD: 200
2026-07-11 12:47:00,462 | INFO | News RSS query for CHOLAFIN: https://news.google.com/rss/search?q=%22Cholamandalam+Investment+and+Finance+Company+Ltd.%22+NSE+when:10d&hl=en-IN&gl=IN&ceid=IN:en
2026-07-11 12:47:00,640 | INFO | News RSS status for CHOLAFIN: 200
2026-07-11 12:47:00,643 | INFO | News RSS query for CHOLAFIN: https://news.google.com/rss/search?q=%22Cholamandalam+Investment+and+Finance+Company+Ltd.%22+stock+when:10d&hl=en-IN&gl=IN&ceid=IN:en
2026-07-11 12:47:00,830 | INFO | News RSS status for CHOLAFIN: 200
2026-07-11 12:47:02,613 | INFO | News RSS query for CUMMINSIND: https://news.google.com/rss/search?q=%22Cummins+India+Ltd.%22+NSE+when:10d&hl=en-IN&gl=IN&ceid=IN:en
2026-07-11 12:47:02,813 | INFO | News RSS status for CUMMINSIND: 200
2026-07-11 12:47:03,489 | INFO | News RSS query for DIVISLAB: https://news.google.com/rss/search?q=%22Divi%27s+Laboratories+Ltd.%22+NSE+when:10d&hl=en-IN&gl=IN&ceid=IN:en
2026-07-11 12:47:03,654 | INFO | News RSS status for DIVISLAB: 200
2026-07-11 12:47:03,654 | INFO | News RSS query for DIVISLAB: https://news.google.com/rss/search?q=%22Divi%27s+Laboratories+Ltd.%22+stock+when:10d&hl=en-IN&gl=IN&ceid=IN:en
2026-07-11 12:47:03,831 | INFO | News RSS status for DIVISLAB: 200
2026-07-11 12:47:03,832 | INFO | News RSS query for DIVISLAB: https://news.google.com/rss/search?q=DIVISLAB+NSE+when:10d&hl=en-IN&gl=IN&ceid=IN:en
2026-07-11 12:47:04,004 | INFO | News RSS status for DIVISLAB: 200
2026-07-11 12:47:04,005 | INFO | News RSS query for DIVISLAB: https://news.google.com/rss/search?q=site%3Aeconomictimes.indiatimes.com+%22Divi%27s+Laboratories+Ltd.%22+when:10d&hl=en-IN&gl=IN&ceid=IN:en
2026-07-11 12:47:04,168 | INFO | News RSS status for DIVISLAB: 200
2026-07-11 12:47:04,169 | INFO | News RSS query for DIVISLAB: https://news.google.com/rss/search?q=site%3Amoneycontrol.com+%22Divi%27s+Laboratories+Ltd.%22+when:10d&hl=en-IN&gl=IN&ceid=IN:en
2026-07-11 12:47:04,303 | INFO | News RSS status for DIVISLAB: 200
2026-07-11 12:47:04,303 | INFO | News RSS query for DIVISLAB: https://news.google.com/rss/search?q=site%3Abusinessstandard.com+%22Divi%27s+Laboratories+Ltd.%22+when:10d&hl=en-IN&gl=IN&ceid=IN:en
2026-07-11 12:47:04,450 | INFO | News RSS status for DIVISLAB: 200
2026-07-11 12:47:06,815 | INFO | News RSS query for EICHERMOT: https://news.google.com/rss/search?q=%22Eicher+Motors+Ltd.%22+NSE+when:10d&hl=en-IN&gl=IN&ceid=IN:en
2026-07-11 12:47:06,997 | INFO | News RSS status for EICHERMOT: 200
2026-07-11 12:47:08,246 | INFO | News RSS query for GAIL: https://news.google.com/rss/search?q=%22GAIL+%28India%29+Ltd.%22+NSE+when:10d&hl=en-IN&gl=IN&ceid=IN:en
2026-07-11 12:47:08,439 | INFO | News RSS status for GAIL: 200
2026-07-11 12:47:09,652 | INFO | News RSS query for GRASIM: https://news.google.com/rss/search?q=%22Grasim+Industries+Ltd.%22+NSE+when:10d&hl=en-IN&gl=IN&ceid=IN:en
2026-07-11 12:47:09,836 | INFO | News RSS status for GRASIM: 200
2026-07-11 12:47:09,900 | INFO | News RSS query for GRASIM: https://news.google.com/rss/search?q=%22Grasim+Industries+Ltd.%22+NSE+when:10d&hl=en-IN&gl=IN&ceid=IN:en
2026-07-11 12:47:09,904 | INFO | News RSS status for GRASIM: 200
2026-07-11 12:47:10,547 | INFO | News RSS query for HAL: https://news.google.com/rss/search?q=%22Hindustan+Aeronautics+Ltd.%22+NSE+when:10d&hl=en-IN&gl=IN&ceid=IN:en
2026-07-11 12:47:10,736 | INFO | News RSS status for HAL: 200
2026-07-11 12:47:10,739 | INFO | News RSS query for HAL: https://news.google.com/rss/search?q=%22Hindustan+Aeronautics+Ltd.%22+stock+when:10d&hl=en-IN&gl=IN&ceid=IN:en
2026-07-11 12:47:10,938 | INFO | News RSS status for HAL: 200
2026-07-11 12:47:10,999 | INFO | News RSS query for HAL: https://news.google.com/rss/search?q=%22Hindustan+Aeronautics+Ltd.%22+NSE+when:10d&hl=en-IN&gl=IN&ceid=IN:en
2026-07-11 12:47:11,002 | INFO | News RSS status for HAL: 200
2026-07-11 12:47:11,005 | INFO | News RSS query for HAL: https://news.google.com/rss/search?q=%22Hindustan+Aeronautics+Ltd.%22+stock+when:10d&hl=en-IN&gl=IN&ceid=IN:en
2026-07-11 12:47:11,009 | INFO | News RSS status for HAL: 200
2026-07-11 12:47:11,641 | INFO | News RSS query for HCLTECH: https://news.google.com/rss/search?q=%22HCL+Technologies+Ltd.%22+NSE+when:10d&hl=en-IN&gl=IN&ceid=IN:en
2026-07-11 12:47:11,846 | INFO | News RSS status for HCLTECH: 200
2026-07-11 12:47:12,486 | INFO | News RSS query for HDFCAMC: https://news.google.com/rss/search?q=%22HDFC+Asset+Management+Company+Ltd.%22+NSE+when:10d&hl=en-IN&gl=IN&ceid=IN:en
2026-07-11 12:47:12,666 | INFO | News RSS status for HDFCAMC: 200
2026-07-11 12:47:16,991 | INFO | News RSS query for INDHOTEL: https://news.google.com/rss/search?q=%22Indian+Hotels+Co.+Ltd.%22+NSE+when:10d&hl=en-IN&gl=IN&ceid=IN:en
2026-07-11 12:47:17,161 | INFO | News RSS status for INDHOTEL: 200
2026-07-11 12:47:17,163 | INFO | News RSS query for INDHOTEL: https://news.google.com/rss/search?q=%22Indian+Hotels+Co.+Ltd.%22+stock+when:10d&hl=en-IN&gl=IN&ceid=IN:en
2026-07-11 12:47:17,356 | INFO | News RSS status for INDHOTEL: 200
2026-07-11 12:47:17,416 | INFO | News RSS query for INDHOTEL: https://news.google.com/rss/search?q=%22Indian+Hotels+Co.+Ltd.%22+NSE+when:10d&hl=en-IN&gl=IN&ceid=IN:en
2026-07-11 12:47:17,420 | INFO | News RSS status for INDHOTEL: 200
2026-07-11 12:47:17,422 | INFO | News RSS query for INDHOTEL: https://news.google.com/rss/search?q=%22Indian+Hotels+Co.+Ltd.%22+stock+when:10d&hl=en-IN&gl=IN&ceid=IN:en
2026-07-11 12:47:17,432 | INFO | News RSS status for INDHOTEL: 200
2026-07-11 12:47:23,423 | WARNING | Skipping LTM — only 96 bars available (need 220). Extend history_backfill_days in config.json to include this symbol.
2026-07-11 12:47:25,210 | INFO | News RSS query for MAXHEALTH: https://news.google.com/rss/search?q=%22Max+Healthcare+Institute+Ltd.%22+NSE+when:10d&hl=en-IN&gl=IN&ceid=IN:en
2026-07-11 12:47:25,393 | INFO | News RSS status for MAXHEALTH: 200
2026-07-11 12:47:25,457 | INFO | News RSS query for MAXHEALTH: https://news.google.com/rss/search?q=%22Max+Healthcare+Institute+Ltd.%22+NSE+when:10d&hl=en-IN&gl=IN&ceid=IN:en
2026-07-11 12:47:25,461 | INFO | News RSS status for MAXHEALTH: 200
2026-07-11 12:47:26,668 | INFO | News RSS query for MOTHERSON: https://news.google.com/rss/search?q=%22Samvardhana+Motherson+International+Ltd.%22+NSE+when:10d&hl=en-IN&gl=IN&ceid=IN:en
2026-07-11 12:47:26,847 | INFO | News RSS status for MOTHERSON: 200
2026-07-11 12:47:26,849 | INFO | News RSS query for MOTHERSON: https://news.google.com/rss/search?q=%22Samvardhana+Motherson+International+Ltd.%22+stock+when:10d&hl=en-IN&gl=IN&ceid=IN:en
2026-07-11 12:47:27,027 | INFO | News RSS status for MOTHERSON: 200
2026-07-11 12:47:27,090 | INFO | News RSS query for MOTHERSON: https://news.google.com/rss/search?q=%22Samvardhana+Motherson+International+Ltd.%22+NSE+when:10d&hl=en-IN&gl=IN&ceid=IN:en
2026-07-11 12:47:27,094 | INFO | News RSS status for MOTHERSON: 200
2026-07-11 12:47:27,095 | INFO | News RSS query for MOTHERSON: https://news.google.com/rss/search?q=%22Samvardhana+Motherson+International+Ltd.%22+stock+when:10d&hl=en-IN&gl=IN&ceid=IN:en
2026-07-11 12:47:27,100 | INFO | News RSS status for MOTHERSON: 200
2026-07-11 12:47:28,320 | INFO | News RSS query for NESTLEIND: https://news.google.com/rss/search?q=%22Nestle+India+Ltd.%22+NSE+when:10d&hl=en-IN&gl=IN&ceid=IN:en
2026-07-11 12:47:28,524 | INFO | News RSS status for NESTLEIND: 200
2026-07-11 12:47:28,527 | INFO | News RSS query for NESTLEIND: https://news.google.com/rss/search?q=%22Nestle+India+Ltd.%22+stock+when:10d&hl=en-IN&gl=IN&ceid=IN:en
2026-07-11 12:47:28,734 | INFO | News RSS status for NESTLEIND: 200
2026-07-11 12:47:31,091 | INFO | News RSS query for PIDILITIND: https://news.google.com/rss/search?q=%22Pidilite+Industries+Ltd.%22+NSE+when:10d&hl=en-IN&gl=IN&ceid=IN:en
2026-07-11 12:47:31,291 | INFO | News RSS status for PIDILITIND: 200
2026-07-11 12:47:31,293 | INFO | News RSS query for PIDILITIND: https://news.google.com/rss/search?q=%22Pidilite+Industries+Ltd.%22+stock+when:10d&hl=en-IN&gl=IN&ceid=IN:en
2026-07-11 12:47:31,578 | INFO | News RSS status for PIDILITIND: 200
2026-07-11 12:47:31,641 | INFO | News RSS query for PIDILITIND: https://news.google.com/rss/search?q=%22Pidilite+Industries+Ltd.%22+NSE+when:10d&hl=en-IN&gl=IN&ceid=IN:en
2026-07-11 12:47:31,644 | INFO | News RSS status for PIDILITIND: 200
2026-07-11 12:47:31,646 | INFO | News RSS query for PIDILITIND: https://news.google.com/rss/search?q=%22Pidilite+Industries+Ltd.%22+stock+when:10d&hl=en-IN&gl=IN&ceid=IN:en
2026-07-11 12:47:31,650 | INFO | News RSS status for PIDILITIND: 200
2026-07-11 12:47:35,163 | INFO | News RSS query for SBIN: https://news.google.com/rss/search?q=%22State+Bank+of+India%22+NSE+when:10d&hl=en-IN&gl=IN&ceid=IN:en
2026-07-11 12:47:35,460 | INFO | News RSS status for SBIN: 200
2026-07-11 12:47:36,655 | INFO | News RSS query for SHRIRAMFIN: https://news.google.com/rss/search?q=%22Shriram+Finance+Ltd.%22+NSE+when:10d&hl=en-IN&gl=IN&ceid=IN:en
2026-07-11 12:47:36,863 | INFO | News RSS status for SHRIRAMFIN: 200
2026-07-11 12:47:38,063 | INFO | News RSS query for SOLARINDS: https://news.google.com/rss/search?q=%22Solar+Industries+India+Ltd.%22+NSE+when:10d&hl=en-IN&gl=IN&ceid=IN:en
2026-07-11 12:47:38,273 | INFO | News RSS status for SOLARINDS: 200
2026-07-11 12:47:38,908 | INFO | News RSS query for SUNPHARMA: https://news.google.com/rss/search?q=%22Sun+Pharmaceutical+Industries+Ltd.%22+NSE+when:10d&hl=en-IN&gl=IN&ceid=IN:en
2026-07-11 12:47:39,101 | INFO | News RSS status for SUNPHARMA: 200
2026-07-11 12:47:39,107 | WARNING | Skipping TATACAP — only 184 bars available (need 220). Extend history_backfill_days in config.json to include this symbol.
2026-07-11 12:47:42,616 | INFO | News RSS query for TITAN: https://news.google.com/rss/search?q=%22Titan+Company+Ltd.%22+NSE+when:10d&hl=en-IN&gl=IN&ceid=IN:en
2026-07-11 12:47:42,808 | INFO | News RSS status for TITAN: 200
2026-07-11 12:47:42,813 | WARNING | Skipping TMCV — only 164 bars available (need 220). Extend history_backfill_days in config.json to include this symbol.
2026-07-11 12:47:42,814 | WARNING | Skipping TMPV — only 181 bars available (need 220). Extend history_backfill_days in config.json to include this symbol.
2026-07-11 12:47:43,451 | INFO | News RSS query for TORNTPHARM: https://news.google.com/rss/search?q=%22Torrent+Pharmaceuticals+Ltd.%22+NSE+when:10d&hl=en-IN&gl=IN&ceid=IN:en
2026-07-11 12:47:43,641 | INFO | News RSS status for TORNTPHARM: 200
2026-07-11 12:47:44,862 | INFO | News RSS query for TVSMOTOR: https://news.google.com/rss/search?q=%22TVS+Motor+Company+Ltd.%22+NSE+when:10d&hl=en-IN&gl=IN&ceid=IN:en
2026-07-11 12:47:45,057 | INFO | News RSS status for TVSMOTOR: 200
2026-07-11 12:47:46,424 | WARNING | Skipping VAML — only 6 bars available (need 220). Extend history_backfill_days in config.json to include this symbol.
2026-07-11 12:47:47,571 | WARNING | Skipping VEDPOWER — only 4 bars available (need 220). Extend history_backfill_days in config.json to include this symbol.
2026-07-11 12:47:47,572 | WARNING | Skipping VISL — only 4 bars available (need 220). Extend history_backfill_days in config.json to include this symbol.
2026-07-11 12:47:47,572 | WARNING | Skipping VOGL — only 7 bars available (need 220). Extend history_backfill_days in config.json to include this symbol.
2026-07-11 12:47:48,777 | INFO | News RSS query for ZYDUSLIFE: https://news.google.com/rss/search?q=%22Zydus+Lifesciences+Ltd.%22+NSE+when:10d&hl=en-IN&gl=IN&ceid=IN:en
2026-07-11 12:47:48,939 | INFO | News RSS status for ZYDUSLIFE: 200
2026-07-11 12:47:48,942 | INFO | News RSS query for ZYDUSLIFE: https://news.google.com/rss/search?q=%22Zydus+Lifesciences+Ltd.%22+stock+when:10d&hl=en-IN&gl=IN&ceid=IN:en
2026-07-11 12:47:49,120 | INFO | News RSS status for ZYDUSLIFE: 200
2026-07-11 12:47:49,133 | INFO | Index membership from cache: NIFTY 50 (50 symbols)
2026-07-11 12:47:49,133 | INFO | Index membership from cache: Nifty Next 50 (50 symbols)
2026-07-11 12:47:49,134 | INFO | Index membership ready: 100 symbols mapped
2026-07-11 12:47:49,134 | INFO | Market Health: fetching index OHLCV...
2026-07-11 12:47:49,804 | WARNING | niftyindices failed NIFTY 50 2026-07-08-2026-07-11: Expecting value: line 1 column 2 (char 1)
2026-07-11 12:47:49,929 | INFO | Index OHLCV via yfinance (^NSEI) for NIFTY 50: 1419 rows
2026-07-11 12:47:50,583 | WARNING | niftyindices failed NIFTY NEXT 50 2026-07-08-2026-07-11: Expecting value: line 1 column 2 (char 1)
2026-07-11 12:47:50,699 | INFO | Index OHLCV via yfinance (JUNIORBEES.NS) for NIFTY NEXT 50: 1419 rows
2026-07-11 12:47:50,700 | INFO | Market Health: fetching VIX...
2026-07-11 12:47:51,321 | WARNING | niftyindices VIX failed 2026-07-08-2026-07-11: Expecting value: line 1 column 2 (char 1)
2026-07-11 12:47:51,440 | INFO | VIX via yfinance (^INDIAVIX): 117 rows
2026-07-11 12:47:51,441 | INFO | Market Health: updating breadth EMA cache...
2026-07-11 12:47:52,590 | INFO | Market Health [NIFTY 50]: Score=26.0 | Weak Bull &#x1F7E1;
2026-07-11 12:47:52,607 | INFO | Market Health [Nifty Next 50]: Score=-22.0 | Weak Bear &#x1F534;
2026-07-11 12:47:52,672 | INFO | Signal log: skipping new signal insertion — 2026-07-11 is a weekend.
2026-07-11 12:47:53,655 | INFO | Signal tracker: updated 157 Active signal rows.
2026-07-11 12:47:53,676 | INFO | HTML report written: /home/runner/work/nifty100-reporter/nifty100-reporter/reports/nifty100_daily_report_20260711.html
2026-07-11 12:47:53,685 | INFO | Market Health Excel sheet written.
2026-07-11 12:47:54,646 | INFO | Excel report written: /home/runner/work/nifty100-reporter/nifty100-reporter/reports/nifty100_daily_report_20260711.xlsx
2026-07-11 12:47:54,646 | INFO | GitHub Actions detected — skipping Gmail API send (workflow handles email).
2026-07-11 12:47:54,646 | INFO | Run completed successfully.
2026-07-11 12:47:54,646 | INFO | Artifacts: /home/runner/work/nifty100-reporter/nifty100-reporter/reports/nifty100_daily_report_20260711.html | /home/runner/work/nifty100-reporter/nifty100-reporter/reports/nifty100_daily_report_20260711.xlsx | log: /home/runner/work/nifty100-reporter/nifty100-reporter/logs/run_20260711_181604.log
