2026-06-12 12:45:50,401 | INFO | Nifty 100 Daily EMA Cross Reporter | Version 3.3.8 | Released 2026-04-17
2026-06-12 12:45:50,401 | INFO | Base directory: /home/runner/work/nifty100-reporter/nifty100-reporter
2026-06-12 12:45:50,402 | INFO | Loaded config. Email enabled: True | Recipients: 1
2026-06-12 12:45:50,538 | WARNING | NSE session bootstrap HTTP 403 (attempt 1/5) — refreshing NSE session cookie …
2026-06-12 12:46:00,745 | INFO | NSE session bootstrap status: 200
2026-06-12 12:46:00,746 | INFO | Downloading Nifty 100 universe from https://www.niftyindices.com/IndexConstituent/ind_nifty100list.csv
2026-06-12 12:46:01,136 | INFO | Universe download status: 200
2026-06-12 12:46:01,142 | INFO | Universe rows loaded: 104
2026-06-12 12:46:01,248 | INFO | Loaded history rows: 129233
2026-06-12 12:46:01,256 | INFO | yfinance history update: 104 symbols | 2026-06-10 → 2026-06-13
2026-06-12 12:46:01,256 | INFO | yfinance batch download: 104 symbols | 2026-06-10 → 2026-06-13
2026-06-12 12:46:01,669 | ERROR | HTTP Error 404: {"quoteSummary":{"result":null,"error":{"code":"Not Found","description":"Quote not found for symbol: DUMMYVEDL3.NS"}}}
2026-06-12 12:46:01,772 | ERROR | $DUMMYVEDL3.NS: possibly delisted; no timezone found
2026-06-12 12:46:03,143 | ERROR | HTTP Error 404: {"quoteSummary":{"result":null,"error":{"code":"Not Found","description":"Quote not found for symbol: DUMMYVEDL1.NS"}}}
2026-06-12 12:46:03,235 | ERROR | $DUMMYVEDL1.NS: possibly delisted; no timezone found
2026-06-12 12:46:03,756 | ERROR | $DUMMYVEDL2.NS: possibly delisted; no timezone found
2026-06-12 12:46:04,443 | ERROR | $DUMMYVEDL4.NS: possibly delisted; no timezone found
2026-06-12 12:46:06,037 | ERROR | 
4 Failed downloads:
2026-06-12 12:46:06,038 | ERROR | ['DUMMYVEDL3.NS', 'DUMMYVEDL1.NS', 'DUMMYVEDL2.NS', 'DUMMYVEDL4.NS']: possibly delisted; no timezone found
2026-06-12 12:46:06,056 | INFO | yfinance raw shape: (3, 524)
2026-06-12 12:46:06,441 | INFO | yfinance parsed rows after date-filter: 300
2026-06-12 12:46:06,443 | INFO | New rows from yfinance: 300
2026-06-12 12:46:07,215 | INFO | Saved history rows: 129333 | file: /home/runner/work/nifty100-reporter/nifty100-reporter/data/nifty100_ohlcv_history.csv
2026-06-12 12:46:07,326 | INFO | Loaded history rows: 129333
2026-06-12 12:46:07,327 | INFO | Latest OHLCV data is from 2026-06-12
2026-06-12 12:46:07,352 | INFO | Latest Delivery data is from 2026-06-11
2026-06-12 12:46:07,396 | INFO | Delivery cache has 30 dates — skipping backfill.
2026-06-12 12:46:07,397 | INFO | Delivery fetch attempt [0/7] — URL: https://archives.nseindia.com/products/content/sec_bhavdata_full_12062026.csv
2026-06-12 12:46:07,852 | INFO | Delivery fetch SUCCESS — date: 2026-06-12 | size: 368301 bytes | URL: https://archives.nseindia.com/products/content/sec_bhavdata_full_12062026.csv
2026-06-12 12:46:08,201 | INFO | Delivery cache updated: 2430 symbols for 2026-06-12 (rows in cache: 73506)
2026-06-12 12:46:08,201 | INFO | Delivery data: 2430 symbols | fallback=False
2026-06-12 12:46:08,558 | INFO | Corporate actions bulk OK: 90 raw rows | 22 Nifty100 symbols with events
2026-06-12 12:46:51,562 | INFO | Corporate actions: 22/104 symbols have events (window 12-06-2026 to 12-07-2026) | Symbols: ADANIENT, ADANIPORTS, AMBUJACEM, ASIANPAINT, AXISBANK, BAJAJFINSV, BAJAJHLDNG, BAJFINANCE, CANBK, HDFCBANK, HDFCLIFE, HINDUNILVR, INDHOTEL, NESTLEIND, PNB, SHRIRAMFIN, TATAPOWER, TATASTEEL, TECHM, TMCV, TMPV, TRENT
2026-06-12 12:46:51,562 | INFO | Index membership from cache: NIFTY 50 (50 symbols)
2026-06-12 12:46:51,563 | INFO | Index membership from cache: Nifty Next 50 (50 symbols)
2026-06-12 12:46:51,563 | INFO | Index membership ready: 100 symbols mapped
2026-06-12 12:46:52,516 | INFO | News RSS query for ADANIENSOL: https://news.google.com/rss/search?q=%22Adani+Energy+Solutions+Ltd.%22+NSE+when:10d&hl=en-IN&gl=IN&ceid=IN:en
2026-06-12 12:46:52,785 | INFO | News RSS status for ADANIENSOL: 200
2026-06-12 12:46:53,422 | INFO | News RSS query for ADANIENT: https://news.google.com/rss/search?q=%22Adani+Enterprises+Ltd.%22+NSE+when:10d&hl=en-IN&gl=IN&ceid=IN:en
2026-06-12 12:46:53,735 | INFO | News RSS status for ADANIENT: 200
2026-06-12 12:46:54,387 | INFO | News RSS query for ADANIGREEN: https://news.google.com/rss/search?q=%22Adani+Green+Energy+Ltd.%22+NSE+when:10d&hl=en-IN&gl=IN&ceid=IN:en
2026-06-12 12:46:54,638 | INFO | News RSS status for ADANIGREEN: 200
2026-06-12 12:46:55,281 | INFO | News RSS query for ADANIPORTS: https://news.google.com/rss/search?q=%22Adani+Ports+and+Special+Economic+Zone+Ltd.%22+NSE+when:10d&hl=en-IN&gl=IN&ceid=IN:en
2026-06-12 12:46:55,518 | INFO | News RSS status for ADANIPORTS: 200
2026-06-12 12:46:57,318 | INFO | News RSS query for APOLLOHOSP: https://news.google.com/rss/search?q=%22Apollo+Hospitals+Enterprise+Ltd.%22+NSE+when:10d&hl=en-IN&gl=IN&ceid=IN:en
2026-06-12 12:46:57,507 | INFO | News RSS status for APOLLOHOSP: 200
2026-06-12 12:46:57,510 | INFO | News RSS query for APOLLOHOSP: https://news.google.com/rss/search?q=%22Apollo+Hospitals+Enterprise+Ltd.%22+stock+when:10d&hl=en-IN&gl=IN&ceid=IN:en
2026-06-12 12:46:57,749 | INFO | News RSS status for APOLLOHOSP: 200
2026-06-12 12:46:58,400 | INFO | News RSS query for ASIANPAINT: https://news.google.com/rss/search?q=%22Asian+Paints+Ltd.%22+NSE+when:10d&hl=en-IN&gl=IN&ceid=IN:en
2026-06-12 12:46:58,615 | INFO | News RSS status for ASIANPAINT: 200
2026-06-12 12:46:58,615 | INFO | News RSS query for ASIANPAINT: https://news.google.com/rss/search?q=%22Asian+Paints+Ltd.%22+stock+when:10d&hl=en-IN&gl=IN&ceid=IN:en
2026-06-12 12:46:58,843 | INFO | News RSS status for ASIANPAINT: 200
2026-06-12 12:46:58,846 | INFO | News RSS query for ASIANPAINT: https://news.google.com/rss/search?q=ASIANPAINT+NSE+when:10d&hl=en-IN&gl=IN&ceid=IN:en
2026-06-12 12:46:59,124 | INFO | News RSS status for ASIANPAINT: 200
2026-06-12 12:46:59,766 | INFO | News RSS query for AXISBANK: https://news.google.com/rss/search?q=%22Axis+Bank+Ltd.%22+NSE+when:10d&hl=en-IN&gl=IN&ceid=IN:en
2026-06-12 12:47:00,039 | INFO | News RSS status for AXISBANK: 200
2026-06-12 12:47:00,111 | INFO | News RSS query for AXISBANK: https://news.google.com/rss/search?q=%22Axis+Bank+Ltd.%22+NSE+when:10d&hl=en-IN&gl=IN&ceid=IN:en
2026-06-12 12:47:00,117 | INFO | News RSS status for AXISBANK: 200
2026-06-12 12:47:00,187 | INFO | News RSS query for AXISBANK: https://news.google.com/rss/search?q=%22Axis+Bank+Ltd.%22+NSE+when:10d&hl=en-IN&gl=IN&ceid=IN:en
2026-06-12 12:47:00,192 | INFO | News RSS status for AXISBANK: 200
2026-06-12 12:47:04,899 | INFO | News RSS query for BOSCHLTD: https://news.google.com/rss/search?q=%22Bosch+Ltd.%22+NSE+when:10d&hl=en-IN&gl=IN&ceid=IN:en
2026-06-12 12:47:05,126 | INFO | News RSS status for BOSCHLTD: 200
2026-06-12 12:47:05,128 | INFO | News RSS query for BOSCHLTD: https://news.google.com/rss/search?q=%22Bosch+Ltd.%22+stock+when:10d&hl=en-IN&gl=IN&ceid=IN:en
2026-06-12 12:47:05,389 | INFO | News RSS status for BOSCHLTD: 200
2026-06-12 12:47:07,839 | INFO | News RSS query for CGPOWER: https://news.google.com/rss/search?q=%22CG+Power+and+Industrial+Solutions+Ltd.%22+NSE+when:10d&hl=en-IN&gl=IN&ceid=IN:en
2026-06-12 12:47:08,094 | INFO | News RSS status for CGPOWER: 200
2026-06-12 12:47:08,097 | INFO | News RSS query for CGPOWER: https://news.google.com/rss/search?q=%22CG+Power+and+Industrial+Solutions+Ltd.%22+stock+when:10d&hl=en-IN&gl=IN&ceid=IN:en
2026-06-12 12:47:08,312 | INFO | News RSS status for CGPOWER: 200
2026-06-12 12:47:10,705 | INFO | News RSS query for CUMMINSIND: https://news.google.com/rss/search?q=%22Cummins+India+Ltd.%22+NSE+when:10d&hl=en-IN&gl=IN&ceid=IN:en
2026-06-12 12:47:10,953 | INFO | News RSS status for CUMMINSIND: 200
2026-06-12 12:47:10,955 | INFO | News RSS query for CUMMINSIND: https://news.google.com/rss/search?q=%22Cummins+India+Ltd.%22+stock+when:10d&hl=en-IN&gl=IN&ceid=IN:en
2026-06-12 12:47:11,248 | INFO | News RSS status for CUMMINSIND: 200
2026-06-12 12:47:11,316 | INFO | News RSS query for CUMMINSIND: https://news.google.com/rss/search?q=%22Cummins+India+Ltd.%22+NSE+when:10d&hl=en-IN&gl=IN&ceid=IN:en
2026-06-12 12:47:11,322 | INFO | News RSS status for CUMMINSIND: 200
2026-06-12 12:47:11,324 | INFO | News RSS query for CUMMINSIND: https://news.google.com/rss/search?q=%22Cummins+India+Ltd.%22+stock+when:10d&hl=en-IN&gl=IN&ceid=IN:en
2026-06-12 12:47:11,331 | INFO | News RSS status for CUMMINSIND: 200
2026-06-12 12:47:14,272 | INFO | News RSS query for EICHERMOT: https://news.google.com/rss/search?q=%22Eicher+Motors+Ltd.%22+NSE+when:10d&hl=en-IN&gl=IN&ceid=IN:en
2026-06-12 12:47:14,529 | INFO | News RSS status for EICHERMOT: 200
2026-06-12 12:47:14,531 | INFO | News RSS query for EICHERMOT: https://news.google.com/rss/search?q=%22Eicher+Motors+Ltd.%22+stock+when:10d&hl=en-IN&gl=IN&ceid=IN:en
2026-06-12 12:47:14,823 | INFO | News RSS status for EICHERMOT: 200
2026-06-12 12:47:14,891 | INFO | News RSS query for EICHERMOT: https://news.google.com/rss/search?q=%22Eicher+Motors+Ltd.%22+NSE+when:10d&hl=en-IN&gl=IN&ceid=IN:en
2026-06-12 12:47:14,897 | INFO | News RSS status for EICHERMOT: 200
2026-06-12 12:47:14,898 | INFO | News RSS query for EICHERMOT: https://news.google.com/rss/search?q=%22Eicher+Motors+Ltd.%22+stock+when:10d&hl=en-IN&gl=IN&ceid=IN:en
2026-06-12 12:47:14,904 | INFO | News RSS status for EICHERMOT: 200
2026-06-12 12:47:14,970 | INFO | News RSS query for EICHERMOT: https://news.google.com/rss/search?q=%22Eicher+Motors+Ltd.%22+NSE+when:10d&hl=en-IN&gl=IN&ceid=IN:en
2026-06-12 12:47:14,975 | INFO | News RSS status for EICHERMOT: 200
2026-06-12 12:47:14,977 | INFO | News RSS query for EICHERMOT: https://news.google.com/rss/search?q=%22Eicher+Motors+Ltd.%22+stock+when:10d&hl=en-IN&gl=IN&ceid=IN:en
2026-06-12 12:47:14,982 | INFO | News RSS status for EICHERMOT: 200
2026-06-12 12:47:15,157 | INFO | News RSS query for ENRIN: https://news.google.com/rss/search?q=%22Siemens+Energy+India+Ltd.%22+NSE+when:10d&hl=en-IN&gl=IN&ceid=IN:en
2026-06-12 12:47:15,380 | INFO | News RSS status for ENRIN: 200
2026-06-12 12:47:15,382 | INFO | News RSS query for ENRIN: https://news.google.com/rss/search?q=%22Siemens+Energy+India+Ltd.%22+stock+when:10d&hl=en-IN&gl=IN&ceid=IN:en
2026-06-12 12:47:15,591 | INFO | News RSS status for ENRIN: 200
2026-06-12 12:47:15,593 | INFO | News RSS query for ENRIN: https://news.google.com/rss/search?q=ENRIN+NSE+when:10d&hl=en-IN&gl=IN&ceid=IN:en
2026-06-12 12:47:15,848 | INFO | News RSS status for ENRIN: 200
2026-06-12 12:47:18,180 | INFO | News RSS query for GRASIM: https://news.google.com/rss/search?q=%22Grasim+Industries+Ltd.%22+NSE+when:10d&hl=en-IN&gl=IN&ceid=IN:en
2026-06-12 12:47:18,430 | INFO | News RSS status for GRASIM: 200
2026-06-12 12:47:25,066 | INFO | News RSS query for INDIGO: https://news.google.com/rss/search?q=%22InterGlobe+Aviation+Ltd.%22+NSE+when:10d&hl=en-IN&gl=IN&ceid=IN:en
2026-06-12 12:47:25,328 | INFO | News RSS status for INDIGO: 200
2026-06-12 12:47:25,330 | INFO | News RSS query for INDIGO: https://news.google.com/rss/search?q=%22InterGlobe+Aviation+Ltd.%22+stock+when:10d&hl=en-IN&gl=IN&ceid=IN:en
2026-06-12 12:47:25,597 | INFO | News RSS status for INDIGO: 200
2026-06-12 12:47:29,387 | INFO | News RSS query for JSWSTEEL: https://news.google.com/rss/search?q=%22JSW+Steel+Ltd.%22+NSE+when:10d&hl=en-IN&gl=IN&ceid=IN:en
2026-06-12 12:47:29,676 | INFO | News RSS status for JSWSTEEL: 200
2026-06-12 12:47:29,679 | INFO | News RSS query for JSWSTEEL: https://news.google.com/rss/search?q=%22JSW+Steel+Ltd.%22+stock+when:10d&hl=en-IN&gl=IN&ceid=IN:en
2026-06-12 12:47:29,900 | INFO | News RSS status for JSWSTEEL: 200
2026-06-12 12:47:29,965 | INFO | News RSS query for JSWSTEEL: https://news.google.com/rss/search?q=%22JSW+Steel+Ltd.%22+NSE+when:10d&hl=en-IN&gl=IN&ceid=IN:en
2026-06-12 12:47:29,971 | INFO | News RSS status for JSWSTEEL: 200
2026-06-12 12:47:29,973 | INFO | News RSS query for JSWSTEEL: https://news.google.com/rss/search?q=%22JSW+Steel+Ltd.%22+stock+when:10d&hl=en-IN&gl=IN&ceid=IN:en
2026-06-12 12:47:29,979 | INFO | News RSS status for JSWSTEEL: 200
2026-06-12 12:47:30,043 | INFO | News RSS query for JSWSTEEL: https://news.google.com/rss/search?q=%22JSW+Steel+Ltd.%22+NSE+when:10d&hl=en-IN&gl=IN&ceid=IN:en
2026-06-12 12:47:30,048 | INFO | News RSS status for JSWSTEEL: 200
2026-06-12 12:47:30,050 | INFO | News RSS query for JSWSTEEL: https://news.google.com/rss/search?q=%22JSW+Steel+Ltd.%22+stock+when:10d&hl=en-IN&gl=IN&ceid=IN:en
2026-06-12 12:47:30,055 | INFO | News RSS status for JSWSTEEL: 200
2026-06-12 12:47:30,695 | INFO | News RSS query for KOTAKBANK: https://news.google.com/rss/search?q=%22Kotak+Mahindra+Bank+Ltd.%22+NSE+when:10d&hl=en-IN&gl=IN&ceid=IN:en
2026-06-12 12:47:30,952 | INFO | News RSS status for KOTAKBANK: 200
2026-06-12 12:47:32,073 | WARNING | Skipping LTM — only 77 bars available (need 220). Extend history_backfill_days in config.json to include this symbol.
2026-06-12 12:47:35,036 | INFO | News RSS query for MOTHERSON: https://news.google.com/rss/search?q=%22Samvardhana+Motherson+International+Ltd.%22+NSE+when:10d&hl=en-IN&gl=IN&ceid=IN:en
2026-06-12 12:47:35,226 | INFO | News RSS status for MOTHERSON: 200
2026-06-12 12:47:35,227 | INFO | News RSS query for MOTHERSON: https://news.google.com/rss/search?q=%22Samvardhana+Motherson+International+Ltd.%22+stock+when:10d&hl=en-IN&gl=IN&ceid=IN:en
2026-06-12 12:47:35,483 | INFO | News RSS status for MOTHERSON: 200
2026-06-12 12:47:40,783 | INFO | News RSS query for RECLTD: https://news.google.com/rss/search?q=%22REC+Ltd.%22+NSE+when:10d&hl=en-IN&gl=IN&ceid=IN:en
2026-06-12 12:47:41,013 | INFO | News RSS status for RECLTD: 200
2026-06-12 12:47:42,836 | INFO | News RSS query for SBIN: https://news.google.com/rss/search?q=%22State+Bank+of+India%22+NSE+when:10d&hl=en-IN&gl=IN&ceid=IN:en
2026-06-12 12:47:43,120 | INFO | News RSS status for SBIN: 200
2026-06-12 12:47:45,453 | INFO | News RSS query for SOLARINDS: https://news.google.com/rss/search?q=%22Solar+Industries+India+Ltd.%22+NSE+when:10d&hl=en-IN&gl=IN&ceid=IN:en
2026-06-12 12:47:45,723 | INFO | News RSS status for SOLARINDS: 200
2026-06-12 12:47:45,726 | INFO | News RSS query for SOLARINDS: https://news.google.com/rss/search?q=%22Solar+Industries+India+Ltd.%22+stock+when:10d&hl=en-IN&gl=IN&ceid=IN:en
2026-06-12 12:47:45,934 | INFO | News RSS status for SOLARINDS: 200
2026-06-12 12:47:46,512 | WARNING | Skipping TATACAP — only 165 bars available (need 220). Extend history_backfill_days in config.json to include this symbol.
2026-06-12 12:47:49,966 | WARNING | Skipping TMCV — only 145 bars available (need 220). Extend history_backfill_days in config.json to include this symbol.
2026-06-12 12:47:49,967 | WARNING | Skipping TMPV — only 162 bars available (need 220). Extend history_backfill_days in config.json to include this symbol.
2026-06-12 12:47:50,613 | INFO | News RSS query for TORNTPHARM: https://news.google.com/rss/search?q=%22Torrent+Pharmaceuticals+Ltd.%22+NSE+when:10d&hl=en-IN&gl=IN&ceid=IN:en
2026-06-12 12:47:50,774 | INFO | News RSS status for TORNTPHARM: 200
2026-06-12 12:47:50,774 | INFO | News RSS query for TORNTPHARM: https://news.google.com/rss/search?q=%22Torrent+Pharmaceuticals+Ltd.%22+stock+when:10d&hl=en-IN&gl=IN&ceid=IN:en
2026-06-12 12:47:51,042 | INFO | News RSS status for TORNTPHARM: 200
2026-06-12 12:47:53,423 | INFO | News RSS query for UNIONBANK: https://news.google.com/rss/search?q=%22Union+Bank+of+India%22+NSE+when:10d&hl=en-IN&gl=IN&ceid=IN:en
2026-06-12 12:47:53,696 | INFO | News RSS status for UNIONBANK: 200
2026-06-12 12:47:54,565 | INFO | News RSS query for VBL: https://news.google.com/rss/search?q=%22Varun+Beverages+Ltd.%22+NSE+when:10d&hl=en-IN&gl=IN&ceid=IN:en
2026-06-12 12:47:54,741 | INFO | News RSS status for VBL: 200
2026-06-12 12:47:54,742 | INFO | News RSS query for VBL: https://news.google.com/rss/search?q=%22Varun+Beverages+Ltd.%22+stock+when:10d&hl=en-IN&gl=IN&ceid=IN:en
2026-06-12 12:47:54,948 | INFO | News RSS status for VBL: 200
2026-06-12 12:47:55,018 | INFO | News RSS query for VBL: https://news.google.com/rss/search?q=%22Varun+Beverages+Ltd.%22+NSE+when:10d&hl=en-IN&gl=IN&ceid=IN:en
2026-06-12 12:47:55,023 | INFO | News RSS status for VBL: 200
2026-06-12 12:47:55,024 | INFO | News RSS query for VBL: https://news.google.com/rss/search?q=%22Varun+Beverages+Ltd.%22+stock+when:10d&hl=en-IN&gl=IN&ceid=IN:en
2026-06-12 12:47:55,029 | INFO | News RSS status for VBL: 200
2026-06-12 12:47:56,829 | INFO | News RSS query for ZYDUSLIFE: https://news.google.com/rss/search?q=%22Zydus+Lifesciences+Ltd.%22+NSE+when:10d&hl=en-IN&gl=IN&ceid=IN:en
2026-06-12 12:47:56,990 | INFO | News RSS status for ZYDUSLIFE: 200
2026-06-12 12:47:56,990 | INFO | News RSS query for ZYDUSLIFE: https://news.google.com/rss/search?q=%22Zydus+Lifesciences+Ltd.%22+stock+when:10d&hl=en-IN&gl=IN&ceid=IN:en
2026-06-12 12:47:57,263 | INFO | News RSS status for ZYDUSLIFE: 200
2026-06-12 12:47:57,331 | INFO | News RSS query for ZYDUSLIFE: https://news.google.com/rss/search?q=%22Zydus+Lifesciences+Ltd.%22+NSE+when:10d&hl=en-IN&gl=IN&ceid=IN:en
2026-06-12 12:47:57,337 | INFO | News RSS status for ZYDUSLIFE: 200
2026-06-12 12:47:57,337 | INFO | News RSS query for ZYDUSLIFE: https://news.google.com/rss/search?q=%22Zydus+Lifesciences+Ltd.%22+stock+when:10d&hl=en-IN&gl=IN&ceid=IN:en
2026-06-12 12:47:57,343 | INFO | News RSS status for ZYDUSLIFE: 200
2026-06-12 12:47:57,357 | INFO | Index membership from cache: NIFTY 50 (50 symbols)
2026-06-12 12:47:57,357 | INFO | Index membership from cache: Nifty Next 50 (50 symbols)
2026-06-12 12:47:57,357 | INFO | Index membership ready: 100 symbols mapped
2026-06-12 12:47:57,357 | INFO | Market Health: fetching index OHLCV...
2026-06-12 12:47:57,360 | INFO | Index OHLCV cache fresh for NIFTY 50 (1397 rows)
2026-06-12 12:47:57,363 | INFO | Index OHLCV cache fresh for NIFTY NEXT 50 (1397 rows)
2026-06-12 12:47:57,363 | INFO | Market Health: fetching VIX...
2026-06-12 12:47:57,365 | INFO | VIX cache fresh (95 rows)
2026-06-12 12:47:57,365 | INFO | Market Health: updating breadth EMA cache...
2026-06-12 12:47:59,121 | INFO | Breadth EMA cache: 129264 total rows (+100)
2026-06-12 12:47:59,142 | INFO | Market Health [NIFTY 50]: Score=-22.0 | Weak Bear &#x1F534;
2026-06-12 12:47:59,160 | INFO | Market Health [Nifty Next 50]: Score=41.5 | Weak Bull &#x1F7E1;
2026-06-12 12:47:59,261 | INFO | Signal log: appended 14 new signals. Total rows: 221
2026-06-12 12:47:59,261 | INFO | Signal log written/updated: /home/runner/work/nifty100-reporter/nifty100-reporter/data/nifty100_signal_log.csv
2026-06-12 12:47:59,773 | INFO | Signal tracker: updated 73 Active signal rows.
2026-06-12 12:47:59,793 | INFO | HTML report written: /home/runner/work/nifty100-reporter/nifty100-reporter/reports/nifty100_daily_report_20260612.html
2026-06-12 12:47:59,802 | INFO | Market Health Excel sheet written.
2026-06-12 12:48:00,361 | INFO | Excel report written: /home/runner/work/nifty100-reporter/nifty100-reporter/reports/nifty100_daily_report_20260612.xlsx
2026-06-12 12:48:00,361 | INFO | GitHub Actions detected — skipping Gmail API send (workflow handles email).
2026-06-12 12:48:00,361 | INFO | Run completed successfully.
2026-06-12 12:48:00,361 | INFO | Artifacts: /home/runner/work/nifty100-reporter/nifty100-reporter/reports/nifty100_daily_report_20260612.html | /home/runner/work/nifty100-reporter/nifty100-reporter/reports/nifty100_daily_report_20260612.xlsx | log: /home/runner/work/nifty100-reporter/nifty100-reporter/logs/run_20260612_181550.log
