2026-06-17 12:46:07,665 | INFO | Nifty 100 Daily EMA Cross Reporter | Version 3.3.8 | Released 2026-04-17
2026-06-17 12:46:07,665 | INFO | Base directory: /home/runner/work/nifty100-reporter/nifty100-reporter
2026-06-17 12:46:07,666 | INFO | Loaded config. Email enabled: True | Recipients: 1
2026-06-17 12:46:07,738 | WARNING | NSE session bootstrap HTTP 403 (attempt 1/5) — refreshing NSE session cookie …
2026-06-17 12:46:17,913 | INFO | NSE session bootstrap status: 200
2026-06-17 12:46:17,913 | INFO | Downloading Nifty 100 universe from https://www.niftyindices.com/IndexConstituent/ind_nifty100list.csv
2026-06-17 12:46:18,967 | INFO | Universe download status: 200
2026-06-17 12:46:18,972 | INFO | Universe rows loaded: 104
2026-06-17 12:46:19,081 | INFO | Loaded history rows: 129540
2026-06-17 12:46:19,090 | INFO | yfinance history update: 104 symbols | 2026-06-15 → 2026-06-18
2026-06-17 12:46:19,090 | INFO | yfinance batch download: 104 symbols | 2026-06-15 → 2026-06-18
2026-06-17 12:46:19,092 | INFO | Failed to create TzCache, reason: Error creating TzCache folder: '/home/runner/.cache/py-yfinance' reason: [Errno 17] File exists: '/home/runner/.cache/py-yfinance'. TzCache will not be used. Tip: You can direct cache to use a different location with 'set_tz_cache_location(mylocation)'
2026-06-17 12:46:23,617 | INFO | yfinance raw shape: (3, 520)
2026-06-17 12:46:23,990 | INFO | yfinance parsed rows after date-filter: 312
2026-06-17 12:46:23,991 | INFO | New rows from yfinance: 312
2026-06-17 12:46:24,779 | INFO | Saved history rows: 129645 | file: /home/runner/work/nifty100-reporter/nifty100-reporter/data/nifty100_ohlcv_history.csv
2026-06-17 12:46:24,892 | INFO | Loaded history rows: 129645
2026-06-17 12:46:24,892 | INFO | Latest OHLCV data is from 2026-06-17
2026-06-17 12:46:24,918 | INFO | Latest Delivery data is from 2026-06-16
2026-06-17 12:46:24,961 | INFO | Delivery cache has 28 dates — skipping backfill.
2026-06-17 12:46:24,962 | INFO | Delivery fetch attempt [0/7] — URL: https://archives.nseindia.com/products/content/sec_bhavdata_full_17062026.csv
2026-06-17 12:46:26,024 | INFO | Delivery fetch SUCCESS — date: 2026-06-17 | size: 370954 bytes | URL: https://archives.nseindia.com/products/content/sec_bhavdata_full_17062026.csv
2026-06-17 12:46:26,362 | INFO | Delivery cache updated: 2427 symbols for 2026-06-17 (rows in cache: 70928)
2026-06-17 12:46:26,362 | INFO | Delivery data: 2427 symbols | fallback=False
2026-06-17 12:46:26,705 | INFO | Corporate actions bulk OK: 94 raw rows | 15 Nifty100 symbols with events
2026-06-17 12:46:51,006 | INFO | Corporate actions: 15/104 symbols have events (window 17-06-2026 to 17-07-2026) | Symbols: ASIANPAINT, AXISBANK, BAJAJFINSV, BAJAJHLDNG, BAJFINANCE, HDFCBANK, HDFCLIFE, HINDUNILVR, INDHOTEL, MOTHERSON, NESTLEIND, SHRIRAMFIN, TATAPOWER, TECHM, TMPV
2026-06-17 12:46:51,007 | INFO | Index membership from cache: NIFTY 50 (50 symbols)
2026-06-17 12:46:51,007 | INFO | Index membership from cache: Nifty Next 50 (50 symbols)
2026-06-17 12:46:51,007 | INFO | Index membership ready: 100 symbols mapped
2026-06-17 12:46:51,665 | INFO | News RSS query for ABB: https://news.google.com/rss/search?q=%22ABB+India+Ltd.%22+NSE+when:10d&hl=en-IN&gl=IN&ceid=IN:en
2026-06-17 12:46:51,902 | INFO | News RSS status for ABB: 200
2026-06-17 12:46:51,905 | INFO | News RSS query for ABB: https://news.google.com/rss/search?q=%22ABB+India+Ltd.%22+stock+when:10d&hl=en-IN&gl=IN&ceid=IN:en
2026-06-17 12:46:52,105 | INFO | News RSS status for ABB: 200
2026-06-17 12:46:52,470 | INFO | News RSS query for ADANIENSOL: https://news.google.com/rss/search?q=%22Adani+Energy+Solutions+Ltd.%22+NSE+when:10d&hl=en-IN&gl=IN&ceid=IN:en
2026-06-17 12:46:52,659 | INFO | News RSS status for ADANIENSOL: 200
2026-06-17 12:46:52,724 | INFO | News RSS query for ADANIENSOL: https://news.google.com/rss/search?q=%22Adani+Energy+Solutions+Ltd.%22+NSE+when:10d&hl=en-IN&gl=IN&ceid=IN:en
2026-06-17 12:46:52,727 | INFO | News RSS status for ADANIENSOL: 200
2026-06-17 12:46:53,378 | INFO | News RSS query for ADANIENT: https://news.google.com/rss/search?q=%22Adani+Enterprises+Ltd.%22+NSE+when:10d&hl=en-IN&gl=IN&ceid=IN:en
2026-06-17 12:46:53,575 | INFO | News RSS status for ADANIENT: 200
2026-06-17 12:46:54,222 | INFO | News RSS query for ADANIGREEN: https://news.google.com/rss/search?q=%22Adani+Green+Energy+Ltd.%22+NSE+when:10d&hl=en-IN&gl=IN&ceid=IN:en
2026-06-17 12:46:54,416 | INFO | News RSS status for ADANIGREEN: 200
2026-06-17 12:46:55,074 | INFO | News RSS query for ADANIPORTS: https://news.google.com/rss/search?q=%22Adani+Ports+and+Special+Economic+Zone+Ltd.%22+NSE+when:10d&hl=en-IN&gl=IN&ceid=IN:en
2026-06-17 12:46:55,296 | INFO | News RSS status for ADANIPORTS: 200
2026-06-17 12:46:57,097 | INFO | News RSS query for APOLLOHOSP: https://news.google.com/rss/search?q=%22Apollo+Hospitals+Enterprise+Ltd.%22+NSE+when:10d&hl=en-IN&gl=IN&ceid=IN:en
2026-06-17 12:46:57,280 | INFO | News RSS status for APOLLOHOSP: 200
2026-06-17 12:46:57,282 | INFO | News RSS query for APOLLOHOSP: https://news.google.com/rss/search?q=%22Apollo+Hospitals+Enterprise+Ltd.%22+stock+when:10d&hl=en-IN&gl=IN&ceid=IN:en
2026-06-17 12:46:57,472 | INFO | News RSS status for APOLLOHOSP: 200
2026-06-17 12:46:58,122 | INFO | News RSS query for ASIANPAINT: https://news.google.com/rss/search?q=%22Asian+Paints+Ltd.%22+NSE+when:10d&hl=en-IN&gl=IN&ceid=IN:en
2026-06-17 12:46:58,342 | INFO | News RSS status for ASIANPAINT: 200
2026-06-17 12:46:58,345 | INFO | News RSS query for ASIANPAINT: https://news.google.com/rss/search?q=%22Asian+Paints+Ltd.%22+stock+when:10d&hl=en-IN&gl=IN&ceid=IN:en
2026-06-17 12:46:58,527 | INFO | News RSS status for ASIANPAINT: 200
2026-06-17 12:46:58,589 | INFO | News RSS query for ASIANPAINT: https://news.google.com/rss/search?q=%22Asian+Paints+Ltd.%22+NSE+when:10d&hl=en-IN&gl=IN&ceid=IN:en
2026-06-17 12:46:58,592 | INFO | News RSS status for ASIANPAINT: 200
2026-06-17 12:46:58,595 | INFO | News RSS query for ASIANPAINT: https://news.google.com/rss/search?q=%22Asian+Paints+Ltd.%22+stock+when:10d&hl=en-IN&gl=IN&ceid=IN:en
2026-06-17 12:46:58,599 | INFO | News RSS status for ASIANPAINT: 200
2026-06-17 12:46:59,242 | INFO | News RSS query for AXISBANK: https://news.google.com/rss/search?q=%22Axis+Bank+Ltd.%22+NSE+when:10d&hl=en-IN&gl=IN&ceid=IN:en
2026-06-17 12:46:59,461 | INFO | News RSS status for AXISBANK: 200
2026-06-17 12:47:01,273 | INFO | News RSS query for BAJAJHLDNG: https://news.google.com/rss/search?q=%22Bajaj+Holdings+%26+Investment+Ltd.%22+NSE+when:10d&hl=en-IN&gl=IN&ceid=IN:en
2026-06-17 12:47:01,470 | INFO | News RSS status for BAJAJHLDNG: 200
2026-06-17 12:47:03,900 | INFO | News RSS query for BHARTIARTL: https://news.google.com/rss/search?q=%22Bharti+Airtel+Ltd.%22+NSE+when:10d&hl=en-IN&gl=IN&ceid=IN:en
2026-06-17 12:47:04,090 | INFO | News RSS status for BHARTIARTL: 200
2026-06-17 12:47:04,093 | INFO | News RSS query for BHARTIARTL: https://news.google.com/rss/search?q=%22Bharti+Airtel+Ltd.%22+stock+when:10d&hl=en-IN&gl=IN&ceid=IN:en
2026-06-17 12:47:04,328 | INFO | News RSS status for BHARTIARTL: 200
2026-06-17 12:47:04,972 | INFO | News RSS query for BOSCHLTD: https://news.google.com/rss/search?q=%22Bosch+Ltd.%22+NSE+when:10d&hl=en-IN&gl=IN&ceid=IN:en
2026-06-17 12:47:05,157 | INFO | News RSS status for BOSCHLTD: 200
2026-06-17 12:47:05,159 | INFO | News RSS query for BOSCHLTD: https://news.google.com/rss/search?q=%22Bosch+Ltd.%22+stock+when:10d&hl=en-IN&gl=IN&ceid=IN:en
2026-06-17 12:47:05,340 | INFO | News RSS status for BOSCHLTD: 200
2026-06-17 12:47:07,185 | INFO | News RSS query for CANBK: https://news.google.com/rss/search?q=%22Canara+Bank%22+NSE+when:10d&hl=en-IN&gl=IN&ceid=IN:en
2026-06-17 12:47:07,411 | INFO | News RSS status for CANBK: 200
2026-06-17 12:47:08,072 | INFO | News RSS query for CGPOWER: https://news.google.com/rss/search?q=%22CG+Power+and+Industrial+Solutions+Ltd.%22+NSE+when:10d&hl=en-IN&gl=IN&ceid=IN:en
2026-06-17 12:47:08,272 | INFO | News RSS status for CGPOWER: 200
2026-06-17 12:47:08,274 | INFO | News RSS query for CGPOWER: https://news.google.com/rss/search?q=%22CG+Power+and+Industrial+Solutions+Ltd.%22+stock+when:10d&hl=en-IN&gl=IN&ceid=IN:en
2026-06-17 12:47:08,463 | INFO | News RSS status for CGPOWER: 200
2026-06-17 12:47:08,464 | INFO | News RSS query for CGPOWER: https://news.google.com/rss/search?q=CGPOWER+NSE+when:10d&hl=en-IN&gl=IN&ceid=IN:en
2026-06-17 12:47:08,666 | INFO | News RSS status for CGPOWER: 200
2026-06-17 12:47:11,102 | INFO | News RSS query for CUMMINSIND: https://news.google.com/rss/search?q=%22Cummins+India+Ltd.%22+NSE+when:10d&hl=en-IN&gl=IN&ceid=IN:en
2026-06-17 12:47:11,298 | INFO | News RSS status for CUMMINSIND: 200
2026-06-17 12:47:11,363 | INFO | News RSS query for CUMMINSIND: https://news.google.com/rss/search?q=%22Cummins+India+Ltd.%22+NSE+when:10d&hl=en-IN&gl=IN&ceid=IN:en
2026-06-17 12:47:11,367 | INFO | News RSS status for CUMMINSIND: 200
2026-06-17 12:47:14,368 | INFO | News RSS query for EICHERMOT: https://news.google.com/rss/search?q=%22Eicher+Motors+Ltd.%22+NSE+when:10d&hl=en-IN&gl=IN&ceid=IN:en
2026-06-17 12:47:14,535 | INFO | News RSS status for EICHERMOT: 200
2026-06-17 12:47:14,536 | INFO | News RSS query for EICHERMOT: https://news.google.com/rss/search?q=%22Eicher+Motors+Ltd.%22+stock+when:10d&hl=en-IN&gl=IN&ceid=IN:en
2026-06-17 12:47:14,741 | INFO | News RSS status for EICHERMOT: 200
2026-06-17 12:47:14,913 | INFO | News RSS query for ENRIN: https://news.google.com/rss/search?q=%22Siemens+Energy+India+Ltd.%22+NSE+when:10d&hl=en-IN&gl=IN&ceid=IN:en
2026-06-17 12:47:15,095 | INFO | News RSS status for ENRIN: 200
2026-06-17 12:47:15,098 | INFO | News RSS query for ENRIN: https://news.google.com/rss/search?q=%22Siemens+Energy+India+Ltd.%22+stock+when:10d&hl=en-IN&gl=IN&ceid=IN:en
2026-06-17 12:47:15,288 | INFO | News RSS status for ENRIN: 200
2026-06-17 12:47:15,847 | INFO | News RSS query for ETERNAL: https://news.google.com/rss/search?q=%22Eternal+Ltd.%22+NSE+when:10d&hl=en-IN&gl=IN&ceid=IN:en
2026-06-17 12:47:16,055 | INFO | News RSS status for ETERNAL: 200
2026-06-17 12:47:17,858 | INFO | News RSS query for GRASIM: https://news.google.com/rss/search?q=%22Grasim+Industries+Ltd.%22+NSE+when:10d&hl=en-IN&gl=IN&ceid=IN:en
2026-06-17 12:47:18,064 | INFO | News RSS status for GRASIM: 200
2026-06-17 12:47:23,566 | INFO | News RSS query for ICICIBANK: https://news.google.com/rss/search?q=%22ICICI+Bank+Ltd.%22+NSE+when:10d&hl=en-IN&gl=IN&ceid=IN:en
2026-06-17 12:47:23,771 | INFO | News RSS status for ICICIBANK: 200
2026-06-17 12:47:28,150 | INFO | News RSS query for JIOFIN: https://news.google.com/rss/search?q=%22Jio+Financial+Services+Ltd.%22+NSE+when:10d&hl=en-IN&gl=IN&ceid=IN:en
2026-06-17 12:47:28,335 | INFO | News RSS status for JIOFIN: 200
2026-06-17 12:47:28,981 | INFO | News RSS query for JSWSTEEL: https://news.google.com/rss/search?q=%22JSW+Steel+Ltd.%22+NSE+when:10d&hl=en-IN&gl=IN&ceid=IN:en
2026-06-17 12:47:29,186 | INFO | News RSS status for JSWSTEEL: 200
2026-06-17 12:47:29,189 | INFO | News RSS query for JSWSTEEL: https://news.google.com/rss/search?q=%22JSW+Steel+Ltd.%22+stock+when:10d&hl=en-IN&gl=IN&ceid=IN:en
2026-06-17 12:47:29,384 | INFO | News RSS status for JSWSTEEL: 200
2026-06-17 12:47:31,137 | INFO | News RSS query for LT: https://news.google.com/rss/search?q=%22Larsen+%26+Toubro+Ltd.%22+NSE+when:10d&hl=en-IN&gl=IN&ceid=IN:en
2026-06-17 12:47:31,334 | INFO | News RSS status for LT: 200
2026-06-17 12:47:31,339 | WARNING | Skipping LTM — only 80 bars available (need 220). Extend history_backfill_days in config.json to include this symbol.
2026-06-17 12:47:31,981 | INFO | News RSS query for M&M: https://news.google.com/rss/search?q=%22Mahindra+%26+Mahindra+Ltd.%22+NSE+when:10d&hl=en-IN&gl=IN&ceid=IN:en
2026-06-17 12:47:32,183 | INFO | News RSS status for M&M: 200
2026-06-17 12:47:34,558 | INFO | News RSS query for MOTHERSON: https://news.google.com/rss/search?q=%22Samvardhana+Motherson+International+Ltd.%22+NSE+when:10d&hl=en-IN&gl=IN&ceid=IN:en
2026-06-17 12:47:34,728 | INFO | News RSS status for MOTHERSON: 200
2026-06-17 12:47:34,730 | INFO | News RSS query for MOTHERSON: https://news.google.com/rss/search?q=%22Samvardhana+Motherson+International+Ltd.%22+stock+when:10d&hl=en-IN&gl=IN&ceid=IN:en
2026-06-17 12:47:34,934 | INFO | News RSS status for MOTHERSON: 200
2026-06-17 12:47:34,998 | INFO | News RSS query for MOTHERSON: https://news.google.com/rss/search?q=%22Samvardhana+Motherson+International+Ltd.%22+NSE+when:10d&hl=en-IN&gl=IN&ceid=IN:en
2026-06-17 12:47:35,002 | INFO | News RSS status for MOTHERSON: 200
2026-06-17 12:47:35,003 | INFO | News RSS query for MOTHERSON: https://news.google.com/rss/search?q=%22Samvardhana+Motherson+International+Ltd.%22+stock+when:10d&hl=en-IN&gl=IN&ceid=IN:en
2026-06-17 12:47:35,008 | INFO | News RSS status for MOTHERSON: 200
2026-06-17 12:47:38,590 | INFO | News RSS query for PIDILITIND: https://news.google.com/rss/search?q=%22Pidilite+Industries+Ltd.%22+NSE+when:10d&hl=en-IN&gl=IN&ceid=IN:en
2026-06-17 12:47:38,797 | INFO | News RSS status for PIDILITIND: 200
2026-06-17 12:47:38,799 | INFO | News RSS query for PIDILITIND: https://news.google.com/rss/search?q=%22Pidilite+Industries+Ltd.%22+stock+when:10d&hl=en-IN&gl=IN&ceid=IN:en
2026-06-17 12:47:39,018 | INFO | News RSS status for PIDILITIND: 200
2026-06-17 12:47:45,406 | WARNING | Skipping TATACAP — only 168 bars available (need 220). Extend history_backfill_days in config.json to include this symbol.
2026-06-17 12:47:48,883 | WARNING | Skipping TMCV — only 148 bars available (need 220). Extend history_backfill_days in config.json to include this symbol.
2026-06-17 12:47:48,884 | WARNING | Skipping TMPV — only 165 bars available (need 220). Extend history_backfill_days in config.json to include this symbol.
2026-06-17 12:47:49,525 | INFO | News RSS query for TORNTPHARM: https://news.google.com/rss/search?q=%22Torrent+Pharmaceuticals+Ltd.%22+NSE+when:10d&hl=en-IN&gl=IN&ceid=IN:en
2026-06-17 12:47:49,694 | INFO | News RSS status for TORNTPHARM: 200
2026-06-17 12:47:49,694 | INFO | News RSS query for TORNTPHARM: https://news.google.com/rss/search?q=%22Torrent+Pharmaceuticals+Ltd.%22+stock+when:10d&hl=en-IN&gl=IN&ceid=IN:en
2026-06-17 12:47:49,876 | INFO | News RSS status for TORNTPHARM: 200
2026-06-17 12:47:52,482 | INFO | News RSS query for UNITDSPR: https://news.google.com/rss/search?q=%22United+Spirits+Ltd.%22+NSE+when:10d&hl=en-IN&gl=IN&ceid=IN:en
2026-06-17 12:47:52,704 | INFO | News RSS status for UNITDSPR: 200
2026-06-17 12:47:52,711 | WARNING | Skipping VAML — only 3 bars available (need 220). Extend history_backfill_days in config.json to include this symbol.
2026-06-17 12:47:53,358 | INFO | News RSS query for VBL: https://news.google.com/rss/search?q=%22Varun+Beverages+Ltd.%22+NSE+when:10d&hl=en-IN&gl=IN&ceid=IN:en
2026-06-17 12:47:53,546 | INFO | News RSS status for VBL: 200
2026-06-17 12:47:53,546 | INFO | News RSS query for VBL: https://news.google.com/rss/search?q=%22Varun+Beverages+Ltd.%22+stock+when:10d&hl=en-IN&gl=IN&ceid=IN:en
2026-06-17 12:47:53,738 | INFO | News RSS status for VBL: 200
2026-06-17 12:47:54,325 | WARNING | Skipping VEDPOWER — only 3 bars available (need 220). Extend history_backfill_days in config.json to include this symbol.
2026-06-17 12:47:54,325 | WARNING | Skipping VISL — only 3 bars available (need 220). Extend history_backfill_days in config.json to include this symbol.
2026-06-17 12:47:54,326 | WARNING | Skipping VOGL — only 3 bars available (need 220). Extend history_backfill_days in config.json to include this symbol.
2026-06-17 12:47:55,549 | INFO | News RSS query for ZYDUSLIFE: https://news.google.com/rss/search?q=%22Zydus+Lifesciences+Ltd.%22+NSE+when:10d&hl=en-IN&gl=IN&ceid=IN:en
2026-06-17 12:47:55,707 | INFO | News RSS status for ZYDUSLIFE: 200
2026-06-17 12:47:55,709 | INFO | News RSS query for ZYDUSLIFE: https://news.google.com/rss/search?q=%22Zydus+Lifesciences+Ltd.%22+stock+when:10d&hl=en-IN&gl=IN&ceid=IN:en
2026-06-17 12:47:55,892 | INFO | News RSS status for ZYDUSLIFE: 200
2026-06-17 12:47:55,904 | INFO | Index membership from cache: NIFTY 50 (50 symbols)
2026-06-17 12:47:55,904 | INFO | Index membership from cache: Nifty Next 50 (50 symbols)
2026-06-17 12:47:55,904 | INFO | Index membership ready: 100 symbols mapped
2026-06-17 12:47:55,904 | INFO | Market Health: fetching index OHLCV...
2026-06-17 12:47:55,908 | INFO | Index OHLCV cache fresh for NIFTY 50 (1402 rows)
2026-06-17 12:47:55,910 | INFO | Index OHLCV cache fresh for NIFTY NEXT 50 (1402 rows)
2026-06-17 12:47:55,910 | INFO | Market Health: fetching VIX...
2026-06-17 12:47:55,912 | INFO | VIX cache fresh (100 rows)
2026-06-17 12:47:55,912 | INFO | Market Health: updating breadth EMA cache...
2026-06-17 12:47:57,696 | INFO | Breadth EMA cache: 129564 total rows (+101)
2026-06-17 12:47:57,720 | INFO | Market Health [NIFTY 50]: Score=27.0 | Weak Bull &#x1F7E1;
2026-06-17 12:47:57,738 | INFO | Market Health [Nifty Next 50]: Score=64.5 | Strong Bull &#x1F7E2;
2026-06-17 12:47:57,839 | INFO | Signal log: appended 12 new signals. Total rows: 259
2026-06-17 12:47:57,839 | INFO | Signal log written/updated: /home/runner/work/nifty100-reporter/nifty100-reporter/data/nifty100_signal_log.csv
2026-06-17 12:47:58,556 | INFO | Signal tracker: updated 107 Active signal rows.
2026-06-17 12:47:58,573 | INFO | HTML report written: /home/runner/work/nifty100-reporter/nifty100-reporter/reports/nifty100_daily_report_20260617.html
2026-06-17 12:47:58,582 | INFO | Market Health Excel sheet written.
2026-06-17 12:47:59,212 | INFO | Excel report written: /home/runner/work/nifty100-reporter/nifty100-reporter/reports/nifty100_daily_report_20260617.xlsx
2026-06-17 12:47:59,212 | INFO | GitHub Actions detected — skipping Gmail API send (workflow handles email).
2026-06-17 12:47:59,212 | INFO | Run completed successfully.
2026-06-17 12:47:59,212 | INFO | Artifacts: /home/runner/work/nifty100-reporter/nifty100-reporter/reports/nifty100_daily_report_20260617.html | /home/runner/work/nifty100-reporter/nifty100-reporter/reports/nifty100_daily_report_20260617.xlsx | log: /home/runner/work/nifty100-reporter/nifty100-reporter/logs/run_20260617_181607.log
