2026-07-09 15:41:50,874 | INFO | Nifty 100 Daily EMA Cross Reporter | Version 3.3.8 | Released 2026-04-17
2026-07-09 15:41:50,874 | INFO | Base directory: /home/runner/work/nifty100-reporter/nifty100-reporter
2026-07-09 15:41:50,874 | INFO | Loaded config. Email enabled: True | Recipients: 1
2026-07-09 15:41:50,929 | WARNING | NSE session bootstrap HTTP 403 (attempt 1/5) — refreshing NSE session cookie …
2026-07-09 15:42:01,469 | INFO | NSE session bootstrap status: 200
2026-07-09 15:42:01,469 | INFO | Downloading Nifty 100 universe from https://www.niftyindices.com/IndexConstituent/ind_nifty100list.csv
2026-07-09 15:42:01,960 | INFO | Universe download status: 200
2026-07-09 15:42:01,964 | INFO | Universe rows loaded: 100
2026-07-09 15:42:02,080 | INFO | Loaded history rows: 131054
2026-07-09 15:42:02,088 | INFO | yfinance history update: 100 symbols | 2026-07-07 → 2026-07-10
2026-07-09 15:42:02,088 | INFO | yfinance batch download: 100 symbols | 2026-07-07 → 2026-07-10
2026-07-09 15:42:09,444 | INFO | yfinance raw shape: (3, 500)
2026-07-09 15:42:09,808 | INFO | yfinance parsed rows after date-filter: 298
2026-07-09 15:42:09,809 | INFO | New rows from yfinance: 298
2026-07-09 15:42:10,564 | INFO | Saved history rows: 131154 | file: /home/runner/work/nifty100-reporter/nifty100-reporter/data/nifty100_ohlcv_history.csv
2026-07-09 15:42:10,671 | INFO | Loaded history rows: 131154
2026-07-09 15:42:10,672 | INFO | Latest OHLCV data is from 2026-07-09
2026-07-09 15:42:10,694 | INFO | Latest Delivery data is from 2026-07-08
2026-07-09 15:42:10,736 | INFO | Delivery cache has 28 dates — skipping backfill.
2026-07-09 15:42:10,737 | INFO | Delivery fetch attempt [0/7] — URL: https://archives.nseindia.com/products/content/sec_bhavdata_full_09072026.csv
2026-07-09 15:42:11,350 | INFO | Delivery fetch SUCCESS — date: 2026-07-09 | size: 369386 bytes | URL: https://archives.nseindia.com/products/content/sec_bhavdata_full_09072026.csv
2026-07-09 15:42:11,674 | INFO | Delivery cache updated: 2374 symbols for 2026-07-09 (rows in cache: 70204)
2026-07-09 15:42:11,675 | INFO | Delivery data: 2374 symbols | fallback=False
2026-07-09 15:42:12,085 | INFO | Corporate actions bulk OK: 157 raw rows | 17 Nifty100 symbols with events
2026-07-09 15:42:36,198 | INFO | Corporate actions: 17/100 symbols have events (window 09-07-2026 to 08-08-2026) | Symbols: AXISBANK, BOSCHLTD, BRITANNIA, CHOLAFIN, CUMMINSIND, DIVISLAB, DRREDDY, HINDALCO, MARUTI, MOTHERSON, NESTLEIND, PFC, PIDILITIND, SHREECEM, SOLARINDS, TITAN, ZYDUSLIFE
2026-07-09 15:42:36,198 | INFO | Index membership from cache: NIFTY 50 (50 symbols)
2026-07-09 15:42:36,199 | INFO | Index membership from cache: Nifty Next 50 (50 symbols)
2026-07-09 15:42:36,199 | INFO | Index membership ready: 100 symbols mapped
2026-07-09 15:42:37,180 | INFO | News RSS query for ADANIENSOL: https://news.google.com/rss/search?q=%22Adani+Energy+Solutions+Ltd.%22+NSE+when:10d&hl=en-IN&gl=IN&ceid=IN:en
2026-07-09 15:42:37,447 | INFO | News RSS status for ADANIENSOL: 200
2026-07-09 15:42:38,106 | INFO | News RSS query for ADANIENT: https://news.google.com/rss/search?q=%22Adani+Enterprises+Ltd.%22+NSE+when:10d&hl=en-IN&gl=IN&ceid=IN:en
2026-07-09 15:42:38,341 | INFO | News RSS status for ADANIENT: 200
2026-07-09 15:42:38,997 | INFO | News RSS query for ADANIGREEN: https://news.google.com/rss/search?q=%22Adani+Green+Energy+Ltd.%22+NSE+when:10d&hl=en-IN&gl=IN&ceid=IN:en
2026-07-09 15:42:39,180 | INFO | News RSS status for ADANIGREEN: 200
2026-07-09 15:42:39,834 | INFO | News RSS query for ADANIPORTS: https://news.google.com/rss/search?q=%22Adani+Ports+and+Special+Economic+Zone+Ltd.%22+NSE+when:10d&hl=en-IN&gl=IN&ceid=IN:en
2026-07-09 15:42:40,033 | INFO | News RSS status for ADANIPORTS: 200
2026-07-09 15:42:41,888 | INFO | News RSS query for APOLLOHOSP: https://news.google.com/rss/search?q=%22Apollo+Hospitals+Enterprise+Ltd.%22+NSE+when:10d&hl=en-IN&gl=IN&ceid=IN:en
2026-07-09 15:42:42,092 | INFO | News RSS status for APOLLOHOSP: 200
2026-07-09 15:42:42,094 | INFO | News RSS query for APOLLOHOSP: https://news.google.com/rss/search?q=%22Apollo+Hospitals+Enterprise+Ltd.%22+stock+when:10d&hl=en-IN&gl=IN&ceid=IN:en
2026-07-09 15:42:42,340 | INFO | News RSS status for APOLLOHOSP: 200
2026-07-09 15:42:43,008 | INFO | News RSS query for ASIANPAINT: https://news.google.com/rss/search?q=%22Asian+Paints+Ltd.%22+NSE+when:10d&hl=en-IN&gl=IN&ceid=IN:en
2026-07-09 15:42:43,268 | INFO | News RSS status for ASIANPAINT: 200
2026-07-09 15:42:43,271 | INFO | News RSS query for ASIANPAINT: https://news.google.com/rss/search?q=%22Asian+Paints+Ltd.%22+stock+when:10d&hl=en-IN&gl=IN&ceid=IN:en
2026-07-09 15:42:43,512 | INFO | News RSS status for ASIANPAINT: 200
2026-07-09 15:42:43,573 | INFO | News RSS query for ASIANPAINT: https://news.google.com/rss/search?q=%22Asian+Paints+Ltd.%22+NSE+when:10d&hl=en-IN&gl=IN&ceid=IN:en
2026-07-09 15:42:43,577 | INFO | News RSS status for ASIANPAINT: 200
2026-07-09 15:42:43,580 | INFO | News RSS query for ASIANPAINT: https://news.google.com/rss/search?q=%22Asian+Paints+Ltd.%22+stock+when:10d&hl=en-IN&gl=IN&ceid=IN:en
2026-07-09 15:42:43,586 | INFO | News RSS status for ASIANPAINT: 200
2026-07-09 15:42:46,632 | INFO | News RSS query for BAJFINANCE: https://news.google.com/rss/search?q=%22Bajaj+Finance+Ltd.%22+NSE+when:10d&hl=en-IN&gl=IN&ceid=IN:en
2026-07-09 15:42:46,854 | INFO | News RSS status for BAJFINANCE: 200
2026-07-09 15:42:49,287 | INFO | News RSS query for BOSCHLTD: https://news.google.com/rss/search?q=%22Bosch+Ltd.%22+NSE+when:10d&hl=en-IN&gl=IN&ceid=IN:en
2026-07-09 15:42:49,514 | INFO | News RSS status for BOSCHLTD: 200
2026-07-09 15:42:49,516 | INFO | News RSS query for BOSCHLTD: https://news.google.com/rss/search?q=%22Bosch+Ltd.%22+stock+when:10d&hl=en-IN&gl=IN&ceid=IN:en
2026-07-09 15:42:49,718 | INFO | News RSS status for BOSCHLTD: 200
2026-07-09 15:42:52,774 | INFO | News RSS query for CHOLAFIN: https://news.google.com/rss/search?q=%22Cholamandalam+Investment+and+Finance+Company+Ltd.%22+NSE+when:10d&hl=en-IN&gl=IN&ceid=IN:en
2026-07-09 15:42:53,005 | INFO | News RSS status for CHOLAFIN: 200
2026-07-09 15:42:53,007 | INFO | News RSS query for CHOLAFIN: https://news.google.com/rss/search?q=%22Cholamandalam+Investment+and+Finance+Company+Ltd.%22+stock+when:10d&hl=en-IN&gl=IN&ceid=IN:en
2026-07-09 15:42:53,205 | INFO | News RSS status for CHOLAFIN: 200
2026-07-09 15:42:55,046 | INFO | News RSS query for CUMMINSIND: https://news.google.com/rss/search?q=%22Cummins+India+Ltd.%22+NSE+when:10d&hl=en-IN&gl=IN&ceid=IN:en
2026-07-09 15:42:55,230 | INFO | News RSS status for CUMMINSIND: 200
2026-07-09 15:42:55,890 | INFO | News RSS query for DIVISLAB: https://news.google.com/rss/search?q=%22Divi%27s+Laboratories+Ltd.%22+NSE+when:10d&hl=en-IN&gl=IN&ceid=IN:en
2026-07-09 15:42:56,109 | INFO | News RSS status for DIVISLAB: 200
2026-07-09 15:42:56,111 | INFO | News RSS query for DIVISLAB: https://news.google.com/rss/search?q=%22Divi%27s+Laboratories+Ltd.%22+stock+when:10d&hl=en-IN&gl=IN&ceid=IN:en
2026-07-09 15:42:56,338 | INFO | News RSS status for DIVISLAB: 200
2026-07-09 15:42:58,173 | INFO | News RSS query for DRREDDY: https://news.google.com/rss/search?q=%22Dr.+Reddy%27s+Laboratories+Ltd.%22+NSE+when:10d&hl=en-IN&gl=IN&ceid=IN:en
2026-07-09 15:42:58,418 | INFO | News RSS status for DRREDDY: 200
2026-07-09 15:42:59,075 | INFO | News RSS query for EICHERMOT: https://news.google.com/rss/search?q=%22Eicher+Motors+Ltd.%22+NSE+when:10d&hl=en-IN&gl=IN&ceid=IN:en
2026-07-09 15:42:59,372 | INFO | News RSS status for EICHERMOT: 200
2026-07-09 15:43:00,714 | INFO | News RSS query for GAIL: https://news.google.com/rss/search?q=%22GAIL+%28India%29+Ltd.%22+NSE+when:10d&hl=en-IN&gl=IN&ceid=IN:en
2026-07-09 15:43:00,959 | INFO | News RSS status for GAIL: 200
2026-07-09 15:43:02,213 | INFO | News RSS query for GRASIM: https://news.google.com/rss/search?q=%22Grasim+Industries+Ltd.%22+NSE+when:10d&hl=en-IN&gl=IN&ceid=IN:en
2026-07-09 15:43:02,465 | INFO | News RSS status for GRASIM: 200
2026-07-09 15:43:02,468 | INFO | News RSS query for GRASIM: https://news.google.com/rss/search?q=%22Grasim+Industries+Ltd.%22+stock+when:10d&hl=en-IN&gl=IN&ceid=IN:en
2026-07-09 15:43:02,670 | INFO | News RSS status for GRASIM: 200
2026-07-09 15:43:03,318 | INFO | News RSS query for HAL: https://news.google.com/rss/search?q=%22Hindustan+Aeronautics+Ltd.%22+NSE+when:10d&hl=en-IN&gl=IN&ceid=IN:en
2026-07-09 15:43:03,542 | INFO | News RSS status for HAL: 200
2026-07-09 15:43:04,812 | INFO | News RSS query for HDFCAMC: https://news.google.com/rss/search?q=%22HDFC+Asset+Management+Company+Ltd.%22+NSE+when:10d&hl=en-IN&gl=IN&ceid=IN:en
2026-07-09 15:43:05,027 | INFO | News RSS status for HDFCAMC: 200
2026-07-09 15:43:15,818 | WARNING | Skipping LTM — only 95 bars available (need 220). Extend history_backfill_days in config.json to include this symbol.
2026-07-09 15:43:18,926 | INFO | News RSS query for MOTHERSON: https://news.google.com/rss/search?q=%22Samvardhana+Motherson+International+Ltd.%22+NSE+when:10d&hl=en-IN&gl=IN&ceid=IN:en
2026-07-09 15:43:19,130 | INFO | News RSS status for MOTHERSON: 200
2026-07-09 15:43:19,132 | INFO | News RSS query for MOTHERSON: https://news.google.com/rss/search?q=%22Samvardhana+Motherson+International+Ltd.%22+stock+when:10d&hl=en-IN&gl=IN&ceid=IN:en
2026-07-09 15:43:19,360 | INFO | News RSS status for MOTHERSON: 200
2026-07-09 15:43:20,632 | INFO | News RSS query for NESTLEIND: https://news.google.com/rss/search?q=%22Nestle+India+Ltd.%22+NSE+when:10d&hl=en-IN&gl=IN&ceid=IN:en
2026-07-09 15:43:20,847 | INFO | News RSS status for NESTLEIND: 200
2026-07-09 15:43:20,850 | INFO | News RSS query for NESTLEIND: https://news.google.com/rss/search?q=%22Nestle+India+Ltd.%22+stock+when:10d&hl=en-IN&gl=IN&ceid=IN:en
2026-07-09 15:43:21,106 | INFO | News RSS status for NESTLEIND: 200
2026-07-09 15:43:23,555 | INFO | News RSS query for PIDILITIND: https://news.google.com/rss/search?q=%22Pidilite+Industries+Ltd.%22+NSE+when:10d&hl=en-IN&gl=IN&ceid=IN:en
2026-07-09 15:43:23,721 | INFO | News RSS status for PIDILITIND: 200
2026-07-09 15:43:23,722 | INFO | News RSS query for PIDILITIND: https://news.google.com/rss/search?q=%22Pidilite+Industries+Ltd.%22+stock+when:10d&hl=en-IN&gl=IN&ceid=IN:en
2026-07-09 15:43:23,947 | INFO | News RSS status for PIDILITIND: 200
2026-07-09 15:43:24,007 | INFO | News RSS query for PIDILITIND: https://news.google.com/rss/search?q=%22Pidilite+Industries+Ltd.%22+NSE+when:10d&hl=en-IN&gl=IN&ceid=IN:en
2026-07-09 15:43:24,014 | INFO | News RSS status for PIDILITIND: 200
2026-07-09 15:43:24,016 | INFO | News RSS query for PIDILITIND: https://news.google.com/rss/search?q=%22Pidilite+Industries+Ltd.%22+stock+when:10d&hl=en-IN&gl=IN&ceid=IN:en
2026-07-09 15:43:24,020 | INFO | News RSS status for PIDILITIND: 200
2026-07-09 15:43:27,618 | INFO | News RSS query for SBIN: https://news.google.com/rss/search?q=%22State+Bank+of+India%22+NSE+when:10d&hl=en-IN&gl=IN&ceid=IN:en
2026-07-09 15:43:28,024 | INFO | News RSS status for SBIN: 200
2026-07-09 15:43:29,284 | INFO | News RSS query for SHRIRAMFIN: https://news.google.com/rss/search?q=%22Shriram+Finance+Ltd.%22+NSE+when:10d&hl=en-IN&gl=IN&ceid=IN:en
2026-07-09 15:43:29,514 | INFO | News RSS status for SHRIRAMFIN: 200
2026-07-09 15:43:29,517 | INFO | News RSS query for SHRIRAMFIN: https://news.google.com/rss/search?q=%22Shriram+Finance+Ltd.%22+stock+when:10d&hl=en-IN&gl=IN&ceid=IN:en
2026-07-09 15:43:29,736 | INFO | News RSS status for SHRIRAMFIN: 200
2026-07-09 15:43:30,984 | INFO | News RSS query for SOLARINDS: https://news.google.com/rss/search?q=%22Solar+Industries+India+Ltd.%22+NSE+when:10d&hl=en-IN&gl=IN&ceid=IN:en
2026-07-09 15:43:31,176 | INFO | News RSS status for SOLARINDS: 200
2026-07-09 15:43:31,841 | INFO | News RSS query for SUNPHARMA: https://news.google.com/rss/search?q=%22Sun+Pharmaceutical+Industries+Ltd.%22+NSE+when:10d&hl=en-IN&gl=IN&ceid=IN:en
2026-07-09 15:43:32,098 | INFO | News RSS status for SUNPHARMA: 200
2026-07-09 15:43:32,103 | WARNING | Skipping TATACAP — only 183 bars available (need 220). Extend history_backfill_days in config.json to include this symbol.
2026-07-09 15:43:35,750 | INFO | News RSS query for TITAN: https://news.google.com/rss/search?q=%22Titan+Company+Ltd.%22+NSE+when:10d&hl=en-IN&gl=IN&ceid=IN:en
2026-07-09 15:43:35,982 | INFO | News RSS status for TITAN: 200
2026-07-09 15:43:35,988 | WARNING | Skipping TMCV — only 163 bars available (need 220). Extend history_backfill_days in config.json to include this symbol.
2026-07-09 15:43:35,989 | WARNING | Skipping TMPV — only 180 bars available (need 220). Extend history_backfill_days in config.json to include this symbol.
2026-07-09 15:43:36,642 | INFO | News RSS query for TORNTPHARM: https://news.google.com/rss/search?q=%22Torrent+Pharmaceuticals+Ltd.%22+NSE+when:10d&hl=en-IN&gl=IN&ceid=IN:en
2026-07-09 15:43:36,917 | INFO | News RSS status for TORNTPHARM: 200
2026-07-09 15:43:38,160 | INFO | News RSS query for TVSMOTOR: https://news.google.com/rss/search?q=%22TVS+Motor+Company+Ltd.%22+NSE+when:10d&hl=en-IN&gl=IN&ceid=IN:en
2026-07-09 15:43:38,344 | INFO | News RSS status for TVSMOTOR: 200
2026-07-09 15:43:39,753 | WARNING | Skipping VAML — only 6 bars available (need 220). Extend history_backfill_days in config.json to include this symbol.
2026-07-09 15:43:40,934 | WARNING | Skipping VEDPOWER — only 4 bars available (need 220). Extend history_backfill_days in config.json to include this symbol.
2026-07-09 15:43:40,935 | WARNING | Skipping VISL — only 4 bars available (need 220). Extend history_backfill_days in config.json to include this symbol.
2026-07-09 15:43:40,935 | WARNING | Skipping VOGL — only 7 bars available (need 220). Extend history_backfill_days in config.json to include this symbol.
2026-07-09 15:43:42,163 | INFO | News RSS query for ZYDUSLIFE: https://news.google.com/rss/search?q=%22Zydus+Lifesciences+Ltd.%22+NSE+when:10d&hl=en-IN&gl=IN&ceid=IN:en
2026-07-09 15:43:42,367 | INFO | News RSS status for ZYDUSLIFE: 200
2026-07-09 15:43:42,370 | INFO | News RSS query for ZYDUSLIFE: https://news.google.com/rss/search?q=%22Zydus+Lifesciences+Ltd.%22+stock+when:10d&hl=en-IN&gl=IN&ceid=IN:en
2026-07-09 15:43:42,603 | INFO | News RSS status for ZYDUSLIFE: 200
2026-07-09 15:43:42,613 | INFO | Index membership from cache: NIFTY 50 (50 symbols)
2026-07-09 15:43:42,613 | INFO | Index membership from cache: Nifty Next 50 (50 symbols)
2026-07-09 15:43:42,613 | INFO | Index membership ready: 100 symbols mapped
2026-07-09 15:43:42,613 | INFO | Market Health: fetching index OHLCV...
2026-07-09 15:43:42,616 | INFO | Index OHLCV cache fresh for NIFTY 50 (1416 rows)
2026-07-09 15:43:42,618 | INFO | Index OHLCV cache fresh for NIFTY NEXT 50 (1416 rows)
2026-07-09 15:43:42,618 | INFO | Market Health: fetching VIX...
2026-07-09 15:43:42,620 | INFO | VIX cache fresh (114 rows)
2026-07-09 15:43:42,620 | INFO | Market Health: updating breadth EMA cache...
2026-07-09 15:43:44,316 | INFO | Breadth EMA cache: 131064 total rows (+100)
2026-07-09 15:43:44,338 | INFO | Market Health [NIFTY 50]: Score=27.0 | Weak Bull &#x1F7E1;
2026-07-09 15:43:44,355 | INFO | Market Health [Nifty Next 50]: Score=-32.0 | Weak Bear &#x1F534;
2026-07-09 15:43:44,399 | INFO | Signal log: appended 3 new signals. Total rows: 415
2026-07-09 15:43:44,399 | INFO | Signal log written/updated: /home/runner/work/nifty100-reporter/nifty100-reporter/data/nifty100_signal_log.csv
2026-07-09 15:43:45,336 | INFO | Signal tracker: updated 149 Active signal rows.
2026-07-09 15:43:45,350 | INFO | HTML report written: /home/runner/work/nifty100-reporter/nifty100-reporter/reports/nifty100_daily_report_20260709.html
2026-07-09 15:43:45,359 | INFO | Market Health Excel sheet written.
2026-07-09 15:43:46,293 | INFO | Excel report written: /home/runner/work/nifty100-reporter/nifty100-reporter/reports/nifty100_daily_report_20260709.xlsx
2026-07-09 15:43:46,293 | INFO | GitHub Actions detected — skipping Gmail API send (workflow handles email).
2026-07-09 15:43:46,294 | INFO | Run completed successfully.
2026-07-09 15:43:46,294 | INFO | Artifacts: /home/runner/work/nifty100-reporter/nifty100-reporter/reports/nifty100_daily_report_20260709.html | /home/runner/work/nifty100-reporter/nifty100-reporter/reports/nifty100_daily_report_20260709.xlsx | log: /home/runner/work/nifty100-reporter/nifty100-reporter/logs/run_20260709_211150.log
