2026-07-08 12:45:55,909 | INFO | Nifty 100 Daily EMA Cross Reporter | Version 3.3.8 | Released 2026-04-17
2026-07-08 12:45:55,909 | INFO | Base directory: /home/runner/work/nifty100-reporter/nifty100-reporter
2026-07-08 12:45:55,909 | INFO | Loaded config. Email enabled: True | Recipients: 1
2026-07-08 12:45:56,060 | WARNING | NSE session bootstrap HTTP 403 (attempt 1/5) — refreshing NSE session cookie …
2026-07-08 12:46:06,474 | INFO | NSE session bootstrap status: 200
2026-07-08 12:46:06,475 | INFO | Downloading Nifty 100 universe from https://www.niftyindices.com/IndexConstituent/ind_nifty100list.csv
2026-07-08 12:46:07,606 | INFO | Universe download status: 200
2026-07-08 12:46:07,610 | INFO | Universe rows loaded: 100
2026-07-08 12:46:07,717 | INFO | Loaded history rows: 130954
2026-07-08 12:46:07,725 | INFO | yfinance history update: 100 symbols | 2026-07-06 → 2026-07-09
2026-07-08 12:46:07,725 | INFO | yfinance batch download: 100 symbols | 2026-07-06 → 2026-07-09
2026-07-08 12:46:12,919 | INFO | yfinance raw shape: (3, 500)
2026-07-08 12:46:13,281 | INFO | yfinance parsed rows after date-filter: 300
2026-07-08 12:46:13,282 | INFO | New rows from yfinance: 300
2026-07-08 12:46:14,054 | INFO | Saved history rows: 131054 | file: /home/runner/work/nifty100-reporter/nifty100-reporter/data/nifty100_ohlcv_history.csv
2026-07-08 12:46:14,164 | INFO | Loaded history rows: 131054
2026-07-08 12:46:14,165 | INFO | Latest OHLCV data is from 2026-07-08
2026-07-08 12:46:14,187 | INFO | Latest Delivery data is from 2026-07-07
2026-07-08 12:46:14,227 | INFO | Delivery cache has 27 dates — skipping backfill.
2026-07-08 12:46:14,228 | INFO | Delivery fetch attempt [0/7] — URL: https://archives.nseindia.com/products/content/sec_bhavdata_full_08072026.csv
2026-07-08 12:46:15,611 | INFO | Delivery fetch SUCCESS — date: 2026-07-08 | size: 371488 bytes | URL: https://archives.nseindia.com/products/content/sec_bhavdata_full_08072026.csv
2026-07-08 12:46:15,925 | INFO | Delivery cache updated: 2378 symbols for 2026-07-08 (rows in cache: 67830)
2026-07-08 12:46:15,926 | INFO | Delivery data: 2378 symbols | fallback=False
2026-07-08 12:46:16,295 | INFO | Corporate actions bulk OK: 150 raw rows | 17 Nifty100 symbols with events
2026-07-08 12:46:42,104 | INFO | Corporate actions: 17/100 symbols have events (window 08-07-2026 to 07-08-2026) | Symbols: AXISBANK, BOSCHLTD, BRITANNIA, CHOLAFIN, CUMMINSIND, DIVISLAB, DRREDDY, HINDALCO, MARUTI, MOTHERSON, NESTLEIND, PFC, PIDILITIND, SOLARINDS, TITAN, UNITDSPR, ZYDUSLIFE
2026-07-08 12:46:42,104 | INFO | Index membership from cache: NIFTY 50 (50 symbols)
2026-07-08 12:46:42,104 | INFO | Index membership from cache: Nifty Next 50 (50 symbols)
2026-07-08 12:46:42,104 | INFO | Index membership ready: 100 symbols mapped
2026-07-08 12:46:43,055 | INFO | News RSS query for ADANIENSOL: https://news.google.com/rss/search?q=%22Adani+Energy+Solutions+Ltd.%22+NSE+when:10d&hl=en-IN&gl=IN&ceid=IN:en
2026-07-08 12:46:43,346 | INFO | News RSS status for ADANIENSOL: 200
2026-07-08 12:46:43,349 | INFO | News RSS query for ADANIENSOL: https://news.google.com/rss/search?q=%22Adani+Energy+Solutions+Ltd.%22+stock+when:10d&hl=en-IN&gl=IN&ceid=IN:en
2026-07-08 12:46:43,578 | INFO | News RSS status for ADANIENSOL: 200
2026-07-08 12:46:44,205 | INFO | News RSS query for ADANIENT: https://news.google.com/rss/search?q=%22Adani+Enterprises+Ltd.%22+NSE+when:10d&hl=en-IN&gl=IN&ceid=IN:en
2026-07-08 12:46:44,436 | INFO | News RSS status for ADANIENT: 200
2026-07-08 12:46:45,079 | INFO | News RSS query for ADANIGREEN: https://news.google.com/rss/search?q=%22Adani+Green+Energy+Ltd.%22+NSE+when:10d&hl=en-IN&gl=IN&ceid=IN:en
2026-07-08 12:46:45,303 | INFO | News RSS status for ADANIGREEN: 200
2026-07-08 12:46:45,948 | INFO | News RSS query for ADANIPORTS: https://news.google.com/rss/search?q=%22Adani+Ports+and+Special+Economic+Zone+Ltd.%22+NSE+when:10d&hl=en-IN&gl=IN&ceid=IN:en
2026-07-08 12:46:46,193 | INFO | News RSS status for ADANIPORTS: 200
2026-07-08 12:46:48,000 | INFO | News RSS query for APOLLOHOSP: https://news.google.com/rss/search?q=%22Apollo+Hospitals+Enterprise+Ltd.%22+NSE+when:10d&hl=en-IN&gl=IN&ceid=IN:en
2026-07-08 12:46:48,214 | INFO | News RSS status for APOLLOHOSP: 200
2026-07-08 12:46:48,854 | INFO | News RSS query for ASIANPAINT: https://news.google.com/rss/search?q=%22Asian+Paints+Ltd.%22+NSE+when:10d&hl=en-IN&gl=IN&ceid=IN:en
2026-07-08 12:46:49,053 | INFO | News RSS status for ASIANPAINT: 200
2026-07-08 12:46:49,056 | INFO | News RSS query for ASIANPAINT: https://news.google.com/rss/search?q=%22Asian+Paints+Ltd.%22+stock+when:10d&hl=en-IN&gl=IN&ceid=IN:en
2026-07-08 12:46:49,300 | INFO | News RSS status for ASIANPAINT: 200
2026-07-08 12:46:49,942 | INFO | News RSS query for AXISBANK: https://news.google.com/rss/search?q=%22Axis+Bank+Ltd.%22+NSE+when:10d&hl=en-IN&gl=IN&ceid=IN:en
2026-07-08 12:46:50,175 | INFO | News RSS status for AXISBANK: 200
2026-07-08 12:46:52,530 | INFO | News RSS query for BAJFINANCE: https://news.google.com/rss/search?q=%22Bajaj+Finance+Ltd.%22+NSE+when:10d&hl=en-IN&gl=IN&ceid=IN:en
2026-07-08 12:46:52,749 | INFO | News RSS status for BAJFINANCE: 200
2026-07-08 12:46:55,108 | INFO | News RSS query for BOSCHLTD: https://news.google.com/rss/search?q=%22Bosch+Ltd.%22+NSE+when:10d&hl=en-IN&gl=IN&ceid=IN:en
2026-07-08 12:46:55,290 | INFO | News RSS status for BOSCHLTD: 200
2026-07-08 12:46:55,293 | INFO | News RSS query for BOSCHLTD: https://news.google.com/rss/search?q=%22Bosch+Ltd.%22+stock+when:10d&hl=en-IN&gl=IN&ceid=IN:en
2026-07-08 12:46:55,521 | INFO | News RSS status for BOSCHLTD: 200
2026-07-08 12:46:57,908 | INFO | News RSS query for CGPOWER: https://news.google.com/rss/search?q=%22CG+Power+and+Industrial+Solutions+Ltd.%22+NSE+when:10d&hl=en-IN&gl=IN&ceid=IN:en
2026-07-08 12:46:58,144 | INFO | News RSS status for CGPOWER: 200
2026-07-08 12:46:58,770 | INFO | News RSS query for CHOLAFIN: https://news.google.com/rss/search?q=%22Cholamandalam+Investment+and+Finance+Company+Ltd.%22+NSE+when:10d&hl=en-IN&gl=IN&ceid=IN:en
2026-07-08 12:46:58,975 | INFO | News RSS status for CHOLAFIN: 200
2026-07-08 12:46:58,975 | INFO | News RSS query for CHOLAFIN: https://news.google.com/rss/search?q=%22Cholamandalam+Investment+and+Finance+Company+Ltd.%22+stock+when:10d&hl=en-IN&gl=IN&ceid=IN:en
2026-07-08 12:46:59,216 | INFO | News RSS status for CHOLAFIN: 200
2026-07-08 12:46:59,219 | INFO | News RSS query for CHOLAFIN: https://news.google.com/rss/search?q=CHOLAFIN+NSE+when:10d&hl=en-IN&gl=IN&ceid=IN:en
2026-07-08 12:46:59,419 | INFO | News RSS status for CHOLAFIN: 200
2026-07-08 12:47:01,814 | INFO | News RSS query for DIVISLAB: https://news.google.com/rss/search?q=%22Divi%27s+Laboratories+Ltd.%22+NSE+when:10d&hl=en-IN&gl=IN&ceid=IN:en
2026-07-08 12:47:02,025 | INFO | News RSS status for DIVISLAB: 200
2026-07-08 12:47:02,026 | INFO | News RSS query for DIVISLAB: https://news.google.com/rss/search?q=%22Divi%27s+Laboratories+Ltd.%22+stock+when:10d&hl=en-IN&gl=IN&ceid=IN:en
2026-07-08 12:47:02,230 | INFO | News RSS status for DIVISLAB: 200
2026-07-08 12:47:02,291 | INFO | News RSS query for DIVISLAB: https://news.google.com/rss/search?q=%22Divi%27s+Laboratories+Ltd.%22+NSE+when:10d&hl=en-IN&gl=IN&ceid=IN:en
2026-07-08 12:47:02,296 | INFO | News RSS status for DIVISLAB: 200
2026-07-08 12:47:02,297 | INFO | News RSS query for DIVISLAB: https://news.google.com/rss/search?q=%22Divi%27s+Laboratories+Ltd.%22+stock+when:10d&hl=en-IN&gl=IN&ceid=IN:en
2026-07-08 12:47:02,301 | INFO | News RSS status for DIVISLAB: 200
2026-07-08 12:47:04,067 | INFO | News RSS query for DRREDDY: https://news.google.com/rss/search?q=%22Dr.+Reddy%27s+Laboratories+Ltd.%22+NSE+when:10d&hl=en-IN&gl=IN&ceid=IN:en
2026-07-08 12:47:04,265 | INFO | News RSS status for DRREDDY: 200
2026-07-08 12:47:04,903 | INFO | News RSS query for EICHERMOT: https://news.google.com/rss/search?q=%22Eicher+Motors+Ltd.%22+NSE+when:10d&hl=en-IN&gl=IN&ceid=IN:en
2026-07-08 12:47:05,115 | INFO | News RSS status for EICHERMOT: 200
2026-07-08 12:47:06,345 | INFO | News RSS query for GAIL: https://news.google.com/rss/search?q=%22GAIL+%28India%29+Ltd.%22+NSE+when:10d&hl=en-IN&gl=IN&ceid=IN:en
2026-07-08 12:47:06,561 | INFO | News RSS status for GAIL: 200
2026-07-08 12:47:06,562 | INFO | News RSS query for GAIL: https://news.google.com/rss/search?q=%22GAIL+%28India%29+Ltd.%22+stock+when:10d&hl=en-IN&gl=IN&ceid=IN:en
2026-07-08 12:47:06,781 | INFO | News RSS status for GAIL: 200
2026-07-08 12:47:07,440 | INFO | News RSS query for GODREJCP: https://news.google.com/rss/search?q=%22Godrej+Consumer+Products+Ltd.%22+NSE+when:10d&hl=en-IN&gl=IN&ceid=IN:en
2026-07-08 12:47:07,646 | INFO | News RSS status for GODREJCP: 200
2026-07-08 12:47:08,298 | INFO | News RSS query for GRASIM: https://news.google.com/rss/search?q=%22Grasim+Industries+Ltd.%22+NSE+when:10d&hl=en-IN&gl=IN&ceid=IN:en
2026-07-08 12:47:08,508 | INFO | News RSS status for GRASIM: 200
2026-07-08 12:47:09,138 | INFO | News RSS query for HAL: https://news.google.com/rss/search?q=%22Hindustan+Aeronautics+Ltd.%22+NSE+when:10d&hl=en-IN&gl=IN&ceid=IN:en
2026-07-08 12:47:09,344 | INFO | News RSS status for HAL: 200
2026-07-08 12:47:10,546 | INFO | News RSS query for HDFCAMC: https://news.google.com/rss/search?q=%22HDFC+Asset+Management+Company+Ltd.%22+NSE+when:10d&hl=en-IN&gl=IN&ceid=IN:en
2026-07-08 12:47:10,794 | INFO | News RSS status for HDFCAMC: 200
2026-07-08 12:47:10,797 | INFO | News RSS query for HDFCAMC: https://news.google.com/rss/search?q=%22HDFC+Asset+Management+Company+Ltd.%22+stock+when:10d&hl=en-IN&gl=IN&ceid=IN:en
2026-07-08 12:47:11,058 | INFO | News RSS status for HDFCAMC: 200
2026-07-08 12:47:21,106 | WARNING | Skipping LTM — only 94 bars available (need 220). Extend history_backfill_days in config.json to include this symbol.
2026-07-08 12:47:24,003 | INFO | News RSS query for MOTHERSON: https://news.google.com/rss/search?q=%22Samvardhana+Motherson+International+Ltd.%22+NSE+when:10d&hl=en-IN&gl=IN&ceid=IN:en
2026-07-08 12:47:24,229 | INFO | News RSS status for MOTHERSON: 200
2026-07-08 12:47:24,232 | INFO | News RSS query for MOTHERSON: https://news.google.com/rss/search?q=%22Samvardhana+Motherson+International+Ltd.%22+stock+when:10d&hl=en-IN&gl=IN&ceid=IN:en
2026-07-08 12:47:24,482 | INFO | News RSS status for MOTHERSON: 200
2026-07-08 12:47:25,683 | INFO | News RSS query for NESTLEIND: https://news.google.com/rss/search?q=%22Nestle+India+Ltd.%22+NSE+when:10d&hl=en-IN&gl=IN&ceid=IN:en
2026-07-08 12:47:25,883 | INFO | News RSS status for NESTLEIND: 200
2026-07-08 12:47:25,886 | INFO | News RSS query for NESTLEIND: https://news.google.com/rss/search?q=%22Nestle+India+Ltd.%22+stock+when:10d&hl=en-IN&gl=IN&ceid=IN:en
2026-07-08 12:47:26,126 | INFO | News RSS status for NESTLEIND: 200
2026-07-08 12:47:28,467 | INFO | News RSS query for PIDILITIND: https://news.google.com/rss/search?q=%22Pidilite+Industries+Ltd.%22+NSE+when:10d&hl=en-IN&gl=IN&ceid=IN:en
2026-07-08 12:47:28,617 | INFO | News RSS status for PIDILITIND: 200
2026-07-08 12:47:28,618 | INFO | News RSS query for PIDILITIND: https://news.google.com/rss/search?q=%22Pidilite+Industries+Ltd.%22+stock+when:10d&hl=en-IN&gl=IN&ceid=IN:en
2026-07-08 12:47:28,831 | INFO | News RSS status for PIDILITIND: 200
2026-07-08 12:47:32,342 | INFO | News RSS query for SBIN: https://news.google.com/rss/search?q=%22State+Bank+of+India%22+NSE+when:10d&hl=en-IN&gl=IN&ceid=IN:en
2026-07-08 12:47:32,711 | INFO | News RSS status for SBIN: 200
2026-07-08 12:47:33,910 | INFO | News RSS query for SHRIRAMFIN: https://news.google.com/rss/search?q=%22Shriram+Finance+Ltd.%22+NSE+when:10d&hl=en-IN&gl=IN&ceid=IN:en
2026-07-08 12:47:34,109 | INFO | News RSS status for SHRIRAMFIN: 200
2026-07-08 12:47:35,294 | INFO | News RSS query for SOLARINDS: https://news.google.com/rss/search?q=%22Solar+Industries+India+Ltd.%22+NSE+when:10d&hl=en-IN&gl=IN&ceid=IN:en
2026-07-08 12:47:35,514 | INFO | News RSS status for SOLARINDS: 200
2026-07-08 12:47:35,575 | INFO | News RSS query for SOLARINDS: https://news.google.com/rss/search?q=%22Solar+Industries+India+Ltd.%22+NSE+when:10d&hl=en-IN&gl=IN&ceid=IN:en
2026-07-08 12:47:35,581 | INFO | News RSS status for SOLARINDS: 200
2026-07-08 12:47:36,210 | INFO | News RSS query for SUNPHARMA: https://news.google.com/rss/search?q=%22Sun+Pharmaceutical+Industries+Ltd.%22+NSE+when:10d&hl=en-IN&gl=IN&ceid=IN:en
2026-07-08 12:47:36,416 | INFO | News RSS status for SUNPHARMA: 200
2026-07-08 12:47:36,421 | WARNING | Skipping TATACAP — only 182 bars available (need 220). Extend history_backfill_days in config.json to include this symbol.
2026-07-08 12:47:39,911 | INFO | News RSS query for TITAN: https://news.google.com/rss/search?q=%22Titan+Company+Ltd.%22+NSE+when:10d&hl=en-IN&gl=IN&ceid=IN:en
2026-07-08 12:47:40,105 | INFO | News RSS status for TITAN: 200
2026-07-08 12:47:40,111 | WARNING | Skipping TMCV — only 162 bars available (need 220). Extend history_backfill_days in config.json to include this symbol.
2026-07-08 12:47:40,111 | WARNING | Skipping TMPV — only 179 bars available (need 220). Extend history_backfill_days in config.json to include this symbol.
2026-07-08 12:47:40,739 | INFO | News RSS query for TORNTPHARM: https://news.google.com/rss/search?q=%22Torrent+Pharmaceuticals+Ltd.%22+NSE+when:10d&hl=en-IN&gl=IN&ceid=IN:en
2026-07-08 12:47:40,955 | INFO | News RSS status for TORNTPHARM: 200
2026-07-08 12:47:42,157 | INFO | News RSS query for TVSMOTOR: https://news.google.com/rss/search?q=%22TVS+Motor+Company+Ltd.%22+NSE+when:10d&hl=en-IN&gl=IN&ceid=IN:en
2026-07-08 12:47:42,359 | INFO | News RSS status for TVSMOTOR: 200
2026-07-08 12:47:43,749 | WARNING | Skipping VAML — only 6 bars available (need 220). Extend history_backfill_days in config.json to include this symbol.
2026-07-08 12:47:44,891 | WARNING | Skipping VEDPOWER — only 4 bars available (need 220). Extend history_backfill_days in config.json to include this symbol.
2026-07-08 12:47:44,891 | WARNING | Skipping VISL — only 4 bars available (need 220). Extend history_backfill_days in config.json to include this symbol.
2026-07-08 12:47:44,892 | WARNING | Skipping VOGL — only 7 bars available (need 220). Extend history_backfill_days in config.json to include this symbol.
2026-07-08 12:47:46,081 | INFO | News RSS query for ZYDUSLIFE: https://news.google.com/rss/search?q=%22Zydus+Lifesciences+Ltd.%22+NSE+when:10d&hl=en-IN&gl=IN&ceid=IN:en
2026-07-08 12:47:46,273 | INFO | News RSS status for ZYDUSLIFE: 200
2026-07-08 12:47:46,276 | INFO | News RSS query for ZYDUSLIFE: https://news.google.com/rss/search?q=%22Zydus+Lifesciences+Ltd.%22+stock+when:10d&hl=en-IN&gl=IN&ceid=IN:en
2026-07-08 12:47:46,502 | INFO | News RSS status for ZYDUSLIFE: 200
2026-07-08 12:47:46,511 | INFO | Index membership from cache: NIFTY 50 (50 symbols)
2026-07-08 12:47:46,511 | INFO | Index membership from cache: Nifty Next 50 (50 symbols)
2026-07-08 12:47:46,511 | INFO | Index membership ready: 100 symbols mapped
2026-07-08 12:47:46,511 | INFO | Market Health: fetching index OHLCV...
2026-07-08 12:47:46,514 | INFO | Index OHLCV cache fresh for NIFTY 50 (1416 rows)
2026-07-08 12:47:46,517 | INFO | Index OHLCV cache fresh for NIFTY NEXT 50 (1416 rows)
2026-07-08 12:47:46,517 | INFO | Market Health: fetching VIX...
2026-07-08 12:47:46,518 | INFO | VIX cache fresh (114 rows)
2026-07-08 12:47:46,518 | INFO | Market Health: updating breadth EMA cache...
2026-07-08 12:47:48,202 | INFO | Breadth EMA cache: 130964 total rows (+100)
2026-07-08 12:47:48,223 | INFO | Market Health [NIFTY 50]: Score=22.0 | Weak Bull &#x1F7E1;
2026-07-08 12:47:48,241 | INFO | Market Health [Nifty Next 50]: Score=-32.0 | Weak Bear &#x1F534;
2026-07-08 12:47:48,285 | INFO | Signal log: appended 3 new signals. Total rows: 412
2026-07-08 12:47:48,285 | INFO | Signal log written/updated: /home/runner/work/nifty100-reporter/nifty100-reporter/data/nifty100_signal_log.csv
2026-07-08 12:47:49,297 | INFO | Signal tracker: updated 161 Active signal rows.
2026-07-08 12:47:49,312 | INFO | HTML report written: /home/runner/work/nifty100-reporter/nifty100-reporter/reports/nifty100_daily_report_20260708.html
2026-07-08 12:47:49,321 | INFO | Market Health Excel sheet written.
2026-07-08 12:47:50,225 | INFO | Excel report written: /home/runner/work/nifty100-reporter/nifty100-reporter/reports/nifty100_daily_report_20260708.xlsx
2026-07-08 12:47:50,225 | INFO | GitHub Actions detected — skipping Gmail API send (workflow handles email).
2026-07-08 12:47:50,225 | INFO | Run completed successfully.
2026-07-08 12:47:50,225 | INFO | Artifacts: /home/runner/work/nifty100-reporter/nifty100-reporter/reports/nifty100_daily_report_20260708.html | /home/runner/work/nifty100-reporter/nifty100-reporter/reports/nifty100_daily_report_20260708.xlsx | log: /home/runner/work/nifty100-reporter/nifty100-reporter/logs/run_20260708_181555.log
