2026-09-27 12:45:55,913 | INFO | Nifty 100 Daily EMA Cross Reporter | Version 3.3.8 | Released 2026-04-17
2026-09-27 12:45:55,913 | INFO | Base directory: /home/runner/work/nifty100-reporter/nifty100-reporter
2026-09-27 12:45:55,913 | INFO | Loaded config. Email enabled: True | Recipients: 1
2026-09-27 12:45:56,068 | WARNING | NSE session bootstrap HTTP 403 (attempt 1/5) — refreshing NSE session cookie …
2026-09-27 12:46:06,763 | INFO | NSE session bootstrap status: 200
2026-09-27 12:46:06,763 | INFO | Downloading Nifty 100 universe from https://www.niftyindices.com/IndexConstituent/ind_nifty100list.csv
2026-09-27 12:46:07,158 | INFO | Universe download status: 200
2026-09-27 12:46:07,162 | INFO | Universe rows loaded: 100
2026-09-27 12:46:07,286 | INFO | Loaded history rows: 136744
2026-09-27 12:46:07,293 | INFO | yfinance history update: 100 symbols | 2026-09-24 → 2026-09-28
2026-09-27 12:46:07,293 | INFO | yfinance batch download: 100 symbols | 2026-09-24 → 2026-09-28
2026-09-27 12:46:11,328 | INFO | yfinance raw shape: (2, 500)
2026-09-27 12:46:11,645 | INFO | yfinance parsed rows after date-filter: 200
2026-09-27 12:46:11,646 | INFO | New rows from yfinance: 200
2026-09-27 12:46:12,407 | INFO | Saved history rows: 136744 | file: /home/runner/work/nifty100-reporter/nifty100-reporter/data/nifty100_ohlcv_history.csv
2026-09-27 12:46:12,522 | INFO | Loaded history rows: 136744
2026-09-27 12:46:12,523 | INFO | Latest OHLCV data is from 2026-09-25
2026-09-27 12:46:12,549 | INFO | Latest Delivery data is from 2026-09-25
2026-09-27 12:46:12,592 | INFO | Delivery cache has 33 dates — skipping backfill.
2026-09-27 12:46:12,593 | INFO | Delivery fetch attempt [2/7] — URL: https://archives.nseindia.com/products/content/sec_bhavdata_full_25092026.csv
2026-09-27 12:46:13,068 | INFO | Delivery fetch SUCCESS — date: 2026-09-25 | size: 396933 bytes | URL: https://archives.nseindia.com/products/content/sec_bhavdata_full_25092026.csv
2026-09-27 12:46:13,451 | INFO | Delivery cache updated: 2660 symbols for 2026-09-25 (rows in cache: 86477)
2026-09-27 12:46:13,451 | INFO | Delivery data: 2660 symbols | fallback=False
2026-09-27 12:46:13,787 | INFO | Corporate actions bulk OK: 4 raw rows | 0 Nifty100 symbols with events
2026-09-27 12:46:52,120 | INFO | Corporate actions: 0/100 symbols have events (window 27-09-2026 to 27-10-2026) | Symbols: none
2026-09-27 12:46:52,120 | INFO | Index membership from cache: NIFTY 50 (50 symbols)
2026-09-27 12:46:52,120 | INFO | Index membership from cache: Nifty Next 50 (50 symbols)
2026-09-27 12:46:52,120 | INFO | Index membership ready: 100 symbols mapped
2026-09-27 12:46:55,029 | INFO | News RSS query for ADANIPORTS: https://news.google.com/rss/search?q=%22Adani+Ports+and+Special+Economic+Zone+Ltd.%22+NSE+when:10d&hl=en-IN&gl=IN&ceid=IN:en
2026-09-27 12:46:55,318 | INFO | News RSS status for ADANIPORTS: 200
2026-09-27 12:46:57,232 | INFO | News RSS query for APOLLOHOSP: https://news.google.com/rss/search?q=%22Apollo+Hospitals+Enterprise+Ltd.%22+NSE+when:10d&hl=en-IN&gl=IN&ceid=IN:en
2026-09-27 12:46:57,421 | INFO | News RSS status for APOLLOHOSP: 200
2026-09-27 12:47:03,649 | INFO | News RSS query for BOSCHLTD: https://news.google.com/rss/search?q=%22Bosch+Ltd.%22+NSE+when:10d&hl=en-IN&gl=IN&ceid=IN:en
2026-09-27 12:47:03,880 | INFO | News RSS status for BOSCHLTD: 200
2026-09-27 12:47:09,463 | INFO | News RSS query for DIVISLAB: https://news.google.com/rss/search?q=%22Divi%27s+Laboratories+Ltd.%22+NSE+when:10d&hl=en-IN&gl=IN&ceid=IN:en
2026-09-27 12:47:09,709 | INFO | News RSS status for DIVISLAB: 200
2026-09-27 12:47:09,711 | INFO | News RSS query for DIVISLAB: https://news.google.com/rss/search?q=%22Divi%27s+Laboratories+Ltd.%22+stock+when:10d&hl=en-IN&gl=IN&ceid=IN:en
2026-09-27 12:47:09,942 | INFO | News RSS status for DIVISLAB: 200
2026-09-27 12:47:10,617 | INFO | News RSS query for DLF: https://news.google.com/rss/search?q=%22DLF+Ltd.%22+NSE+when:10d&hl=en-IN&gl=IN&ceid=IN:en
2026-09-27 12:47:10,821 | INFO | News RSS status for DLF: 200
2026-09-27 12:47:10,893 | INFO | News RSS query for DLF: https://news.google.com/rss/search?q=%22DLF+Ltd.%22+NSE+when:10d&hl=en-IN&gl=IN&ceid=IN:en
2026-09-27 12:47:10,901 | INFO | News RSS status for DLF: 200
2026-09-27 12:47:10,971 | INFO | News RSS query for DLF: https://news.google.com/rss/search?q=%22DLF+Ltd.%22+NSE+when:10d&hl=en-IN&gl=IN&ceid=IN:en
2026-09-27 12:47:10,980 | INFO | News RSS status for DLF: 200
2026-09-27 12:47:13,583 | INFO | News RSS query for ETERNAL: https://news.google.com/rss/search?q=%22Eternal+Ltd.%22+NSE+when:10d&hl=en-IN&gl=IN&ceid=IN:en
2026-09-27 12:47:13,787 | INFO | News RSS status for ETERNAL: 200
2026-09-27 12:47:16,339 | INFO | News RSS query for HAL: https://news.google.com/rss/search?q=%22Hindustan+Aeronautics+Ltd.%22+NSE+when:10d&hl=en-IN&gl=IN&ceid=IN:en
2026-09-27 12:47:16,600 | INFO | News RSS status for HAL: 200
2026-09-27 12:47:21,063 | INFO | News RSS query for HINDZINC: https://news.google.com/rss/search?q=%22Hindustan+Zinc+Ltd.%22+NSE+when:10d&hl=en-IN&gl=IN&ceid=IN:en
2026-09-27 12:47:21,262 | INFO | News RSS status for HINDZINC: 200
2026-09-27 12:47:22,806 | INFO | News RSS query for INDHOTEL: https://news.google.com/rss/search?q=%22Indian+Hotels+Co.+Ltd.%22+NSE+when:10d&hl=en-IN&gl=IN&ceid=IN:en
2026-09-27 12:47:23,054 | INFO | News RSS status for INDHOTEL: 200
2026-09-27 12:47:23,055 | INFO | News RSS query for INDHOTEL: https://news.google.com/rss/search?q=%22Indian+Hotels+Co.+Ltd.%22+stock+when:10d&hl=en-IN&gl=IN&ceid=IN:en
2026-09-27 12:47:23,229 | INFO | News RSS status for INDHOTEL: 200
2026-09-27 12:47:23,231 | INFO | News RSS query for INDHOTEL: https://news.google.com/rss/search?q=INDHOTEL+NSE+when:10d&hl=en-IN&gl=IN&ceid=IN:en
2026-09-27 12:47:23,449 | INFO | News RSS status for INDHOTEL: 200
2026-09-27 12:47:26,582 | INFO | News RSS query for ITC: https://news.google.com/rss/search?q=%22ITC+Ltd.%22+NSE+when:10d&hl=en-IN&gl=IN&ceid=IN:en
2026-09-27 12:47:26,828 | INFO | News RSS status for ITC: 200
2026-09-27 12:47:27,524 | INFO | News RSS query for JINDALSTEL: https://news.google.com/rss/search?q=%22Jindal+Steel+Ltd.%22+NSE+when:10d&hl=en-IN&gl=IN&ceid=IN:en
2026-09-27 12:47:27,765 | INFO | News RSS status for JINDALSTEL: 200
2026-09-27 12:47:27,767 | INFO | News RSS query for JINDALSTEL: https://news.google.com/rss/search?q=%22Jindal+Steel+Ltd.%22+stock+when:10d&hl=en-IN&gl=IN&ceid=IN:en
2026-09-27 12:47:27,999 | INFO | News RSS status for JINDALSTEL: 200
2026-09-27 12:47:30,765 | WARNING | Skipping LTM — only 151 bars available (need 220). Extend history_backfill_days in config.json to include this symbol.
2026-09-27 12:47:33,908 | INFO | News RSS query for MOTHERSON: https://news.google.com/rss/search?q=%22Samvardhana+Motherson+International+Ltd.%22+NSE+when:10d&hl=en-IN&gl=IN&ceid=IN:en
2026-09-27 12:47:34,121 | INFO | News RSS status for MOTHERSON: 200
2026-09-27 12:47:34,193 | INFO | News RSS query for MOTHERSON: https://news.google.com/rss/search?q=%22Samvardhana+Motherson+International+Ltd.%22+NSE+when:10d&hl=en-IN&gl=IN&ceid=IN:en
2026-09-27 12:47:34,203 | INFO | News RSS status for MOTHERSON: 200
2026-09-27 12:47:34,274 | INFO | News RSS query for MOTHERSON: https://news.google.com/rss/search?q=%22Samvardhana+Motherson+International+Ltd.%22+NSE+when:10d&hl=en-IN&gl=IN&ceid=IN:en
2026-09-27 12:47:34,282 | INFO | News RSS status for MOTHERSON: 200
2026-09-27 12:47:38,708 | INFO | News RSS query for PNB: https://news.google.com/rss/search?q=%22Punjab+National+Bank%22+NSE+when:10d&hl=en-IN&gl=IN&ceid=IN:en
2026-09-27 12:47:39,037 | INFO | News RSS status for PNB: 200
2026-09-27 12:47:39,111 | INFO | News RSS query for PNB: https://news.google.com/rss/search?q=%22Punjab+National+Bank%22+NSE+when:10d&hl=en-IN&gl=IN&ceid=IN:en
2026-09-27 12:47:39,121 | INFO | News RSS status for PNB: 200
2026-09-27 12:47:44,134 | INFO | News RSS query for SIEMENS: https://news.google.com/rss/search?q=%22Siemens+Ltd.%22+NSE+when:10d&hl=en-IN&gl=IN&ceid=IN:en
2026-09-27 12:47:44,362 | INFO | News RSS status for SIEMENS: 200
2026-09-27 12:47:49,456 | WARNING | Skipping TMCV — only 219 bars available (need 220). Extend history_backfill_days in config.json to include this symbol.
2026-09-27 12:47:50,235 | INFO | News RSS query for TORNTPHARM: https://news.google.com/rss/search?q=%22Torrent+Pharmaceuticals+Ltd.%22+NSE+when:10d&hl=en-IN&gl=IN&ceid=IN:en
2026-09-27 12:47:50,455 | INFO | News RSS status for TORNTPHARM: 200
2026-09-27 12:47:50,525 | INFO | News RSS query for TORNTPHARM: https://news.google.com/rss/search?q=%22Torrent+Pharmaceuticals+Ltd.%22+NSE+when:10d&hl=en-IN&gl=IN&ceid=IN:en
2026-09-27 12:47:50,533 | INFO | News RSS status for TORNTPHARM: 200
2026-09-27 12:47:50,603 | INFO | News RSS query for TORNTPHARM: https://news.google.com/rss/search?q=%22Torrent+Pharmaceuticals+Ltd.%22+NSE+when:10d&hl=en-IN&gl=IN&ceid=IN:en
2026-09-27 12:47:50,611 | INFO | News RSS status for TORNTPHARM: 200
2026-09-27 12:47:53,302 | WARNING | Skipping VAML — only 6 bars available (need 220). Extend history_backfill_days in config.json to include this symbol.
2026-09-27 12:47:54,534 | WARNING | Skipping VEDPOWER — only 4 bars available (need 220). Extend history_backfill_days in config.json to include this symbol.
2026-09-27 12:47:54,534 | WARNING | Skipping VISL — only 4 bars available (need 220). Extend history_backfill_days in config.json to include this symbol.
2026-09-27 12:47:54,535 | WARNING | Skipping VOGL — only 7 bars available (need 220). Extend history_backfill_days in config.json to include this symbol.
2026-09-27 12:47:55,822 | INFO | News RSS query for ZYDUSLIFE: https://news.google.com/rss/search?q=%22Zydus+Lifesciences+Ltd.%22+NSE+when:10d&hl=en-IN&gl=IN&ceid=IN:en
2026-09-27 12:47:56,062 | INFO | News RSS status for ZYDUSLIFE: 200
2026-09-27 12:47:56,076 | INFO | Index membership from cache: NIFTY 50 (50 symbols)
2026-09-27 12:47:56,076 | INFO | Index membership from cache: Nifty Next 50 (50 symbols)
2026-09-27 12:47:56,076 | INFO | Index membership ready: 100 symbols mapped
2026-09-27 12:47:56,076 | INFO | Market Health: fetching index OHLCV...
2026-09-27 12:47:56,079 | INFO | Index OHLCV cache fresh for NIFTY 50 (1471 rows)
2026-09-27 12:47:56,082 | INFO | Index OHLCV cache fresh for NIFTY NEXT 50 (1467 rows)
2026-09-27 12:47:56,082 | INFO | Market Health: fetching VIX...
2026-09-27 12:47:56,084 | INFO | VIX cache fresh (169 rows)
2026-09-27 12:47:56,084 | INFO | Market Health: updating breadth EMA cache...
2026-09-27 12:47:57,411 | INFO | Market Health [NIFTY 50]: Score=-37.0 | Weak Bear &#x1F534;
2026-09-27 12:47:57,429 | INFO | Market Health [Nifty Next 50]: Score=-22.0 | Weak Bear &#x1F534;
2026-09-27 12:47:57,478 | INFO | Signal log: skipping new signal insertion — 2026-09-27 is a weekend.
2026-09-27 12:47:58,544 | INFO | Signal tracker: updated 148 Active signal rows.
2026-09-27 12:47:58,560 | INFO | HTML report written: /home/runner/work/nifty100-reporter/nifty100-reporter/reports/nifty100_daily_report_20260927.html
2026-09-27 12:47:58,569 | INFO | Market Health Excel sheet written.
2026-09-27 12:48:00,286 | INFO | Excel report written: /home/runner/work/nifty100-reporter/nifty100-reporter/reports/nifty100_daily_report_20260927.xlsx
2026-09-27 12:48:00,287 | INFO | GitHub Actions detected — skipping Gmail API send (workflow handles email).
2026-09-27 12:48:00,287 | INFO | Run completed successfully.
2026-09-27 12:48:00,287 | INFO | Artifacts: /home/runner/work/nifty100-reporter/nifty100-reporter/reports/nifty100_daily_report_20260927.html | /home/runner/work/nifty100-reporter/nifty100-reporter/reports/nifty100_daily_report_20260927.xlsx | log: /home/runner/work/nifty100-reporter/nifty100-reporter/logs/run_20260927_181555.log
