2026-05-22 12:45:43,265 | INFO | Nifty 100 Daily EMA Cross Reporter | Version 3.3.8 | Released 2026-04-17
2026-05-22 12:45:43,265 | INFO | Base directory: /home/runner/work/nifty100-reporter/nifty100-reporter
2026-05-22 12:45:43,265 | INFO | Loaded config. Email enabled: True | Recipients: 1
2026-05-22 12:45:43,399 | WARNING | NSE session bootstrap HTTP 403 (attempt 1/5) — refreshing NSE session cookie …
2026-05-22 12:45:53,676 | WARNING | NSE session bootstrap HTTP 403 (attempt 2/5) — refreshing NSE session cookie …
2026-05-22 12:46:03,839 | WARNING | NSE session bootstrap HTTP 403 (attempt 3/5) — refreshing NSE session cookie …
2026-05-22 12:46:13,972 | WARNING | NSE session bootstrap HTTP 403 (attempt 4/5) — refreshing NSE session cookie …
2026-05-22 12:46:24,136 | INFO | NSE session bootstrap status: 403
2026-05-22 12:46:24,137 | INFO | Downloading Nifty 100 universe from https://www.niftyindices.com/IndexConstituent/ind_nifty100list.csv
2026-05-22 12:46:24,528 | INFO | Universe download status: 200
2026-05-22 12:46:24,533 | INFO | Universe rows loaded: 104
2026-05-22 12:46:24,650 | INFO | Loaded history rows: 127764
2026-05-22 12:46:24,657 | INFO | yfinance history update: 104 symbols | 2026-05-20 → 2026-05-23
2026-05-22 12:46:24,657 | INFO | yfinance batch download: 104 symbols | 2026-05-20 → 2026-05-23
2026-05-22 12:46:26,459 | ERROR | HTTP Error 404: {"quoteSummary":{"result":null,"error":{"code":"Not Found","description":"Quote not found for symbol: DUMMYVEDL2.NS"}}}
2026-05-22 12:46:26,566 | ERROR | $DUMMYVEDL2.NS: possibly delisted; no timezone found
2026-05-22 12:46:28,238 | ERROR | $DUMMYVEDL3.NS: possibly delisted; no timezone found
2026-05-22 12:46:28,398 | ERROR | HTTP Error 404: {"quoteSummary":{"result":null,"error":{"code":"Not Found","description":"Quote not found for symbol: DUMMYVEDL1.NS"}}}
2026-05-22 12:46:28,494 | ERROR | $DUMMYVEDL1.NS: possibly delisted; no timezone found
2026-05-22 12:46:29,097 | ERROR | $DUMMYVEDL4.NS: possibly delisted; no timezone found
2026-05-22 12:46:29,265 | ERROR | 
4 Failed downloads:
2026-05-22 12:46:29,265 | ERROR | ['DUMMYVEDL2.NS', 'DUMMYVEDL3.NS', 'DUMMYVEDL1.NS', 'DUMMYVEDL4.NS']: possibly delisted; no timezone found
2026-05-22 12:46:29,279 | INFO | yfinance raw shape: (3, 524)
2026-05-22 12:46:29,596 | INFO | yfinance parsed rows after date-filter: 300
2026-05-22 12:46:29,597 | INFO | New rows from yfinance: 300
2026-05-22 12:46:30,389 | INFO | Saved history rows: 127864 | file: /home/runner/work/nifty100-reporter/nifty100-reporter/data/nifty100_ohlcv_history.csv
2026-05-22 12:46:30,489 | INFO | Loaded history rows: 127864
2026-05-22 12:46:30,490 | INFO | Latest OHLCV data is from 2026-05-22
2026-05-22 12:46:30,515 | INFO | Latest Delivery data is from 2026-05-21
2026-05-22 12:46:30,562 | INFO | Delivery cache has 34 dates — skipping backfill.
2026-05-22 12:46:30,562 | INFO | Delivery fetch attempt [0/7] — URL: https://archives.nseindia.com/products/content/sec_bhavdata_full_22052026.csv
2026-05-22 12:46:31,013 | INFO | Delivery fetch SUCCESS — date: 2026-05-22 | size: 366835 bytes | URL: https://archives.nseindia.com/products/content/sec_bhavdata_full_22052026.csv
2026-05-22 12:46:31,349 | INFO | Delivery cache updated: 2462 symbols for 2026-05-22 (rows in cache: 83591)
2026-05-22 12:46:31,351 | INFO | Delivery data: 2462 symbols | fallback=False
2026-05-22 12:46:31,819 | INFO | Corporate actions bulk OK: 62 raw rows | 17 Nifty100 symbols with events
2026-05-22 12:47:00,556 | INFO | Corporate actions: 17/104 symbols have events (window 22-05-2026 to 21-06-2026) | Symbols: ADANIENT, ADANIPORTS, AMBUJACEM, BAJAJ-AUTO, BANKBARODA, CANBK, HDFCBANK, HDFCLIFE, INFY, ITC, LT, LTM, PNB, TATACONSUM, TCS, TRENT, ZYDUSLIFE
2026-05-22 12:47:00,556 | INFO | Index membership from cache: NIFTY 50 (50 symbols)
2026-05-22 12:47:00,556 | INFO | Index membership from cache: Nifty Next 50 (50 symbols)
2026-05-22 12:47:00,556 | INFO | Index membership ready: 100 symbols mapped
2026-05-22 12:47:01,220 | INFO | News RSS query for ADANIENSOL: https://news.google.com/rss/search?q=%22Adani+Energy+Solutions+Ltd.%22+NSE+when:10d&hl=en-IN&gl=IN&ceid=IN:en
2026-05-22 12:47:01,510 | INFO | News RSS status for ADANIENSOL: 200
2026-05-22 12:47:01,943 | INFO | News RSS query for ADANIENT: https://news.google.com/rss/search?q=%22Adani+Enterprises+Ltd.%22+NSE+when:10d&hl=en-IN&gl=IN&ceid=IN:en
2026-05-22 12:47:02,177 | INFO | News RSS status for ADANIENT: 200
2026-05-22 12:47:02,613 | INFO | News RSS query for ADANIGREEN: https://news.google.com/rss/search?q=%22Adani+Green+Energy+Ltd.%22+NSE+when:10d&hl=en-IN&gl=IN&ceid=IN:en
2026-05-22 12:47:02,855 | INFO | News RSS status for ADANIGREEN: 200
2026-05-22 12:47:03,289 | INFO | News RSS query for ADANIPORTS: https://news.google.com/rss/search?q=%22Adani+Ports+and+Special+Economic+Zone+Ltd.%22+NSE+when:10d&hl=en-IN&gl=IN&ceid=IN:en
2026-05-22 12:47:03,525 | INFO | News RSS status for ADANIPORTS: 200
2026-05-22 12:47:03,961 | INFO | News RSS query for ADANIPOWER: https://news.google.com/rss/search?q=%22Adani+Power+Ltd.%22+NSE+when:10d&hl=en-IN&gl=IN&ceid=IN:en
2026-05-22 12:47:04,200 | INFO | News RSS status for ADANIPOWER: 200
2026-05-22 12:47:04,268 | INFO | News RSS query for ADANIPOWER: https://news.google.com/rss/search?q=%22Adani+Power+Ltd.%22+NSE+when:10d&hl=en-IN&gl=IN&ceid=IN:en
2026-05-22 12:47:04,277 | INFO | News RSS status for ADANIPOWER: 200
2026-05-22 12:47:05,081 | INFO | News RSS query for APOLLOHOSP: https://news.google.com/rss/search?q=%22Apollo+Hospitals+Enterprise+Ltd.%22+NSE+when:10d&hl=en-IN&gl=IN&ceid=IN:en
2026-05-22 12:47:05,338 | INFO | News RSS status for APOLLOHOSP: 200
2026-05-22 12:47:06,512 | INFO | News RSS query for BAJAJ-AUTO: https://news.google.com/rss/search?q=%22Bajaj+Auto+Ltd.%22+NSE+when:10d&hl=en-IN&gl=IN&ceid=IN:en
2026-05-22 12:47:06,719 | INFO | News RSS status for BAJAJ-AUTO: 200
2026-05-22 12:47:09,376 | INFO | News RSS query for BOSCHLTD: https://news.google.com/rss/search?q=%22Bosch+Ltd.%22+NSE+when:10d&hl=en-IN&gl=IN&ceid=IN:en
2026-05-22 12:47:09,653 | INFO | News RSS status for BOSCHLTD: 200
2026-05-22 12:47:11,204 | INFO | News RSS query for CGPOWER: https://news.google.com/rss/search?q=%22CG+Power+and+Industrial+Solutions+Ltd.%22+NSE+when:10d&hl=en-IN&gl=IN&ceid=IN:en
2026-05-22 12:47:11,456 | INFO | News RSS status for CGPOWER: 200
2026-05-22 12:47:12,638 | INFO | News RSS query for COALINDIA: https://news.google.com/rss/search?q=%22Coal+India+Ltd.%22+NSE+when:10d&hl=en-IN&gl=IN&ceid=IN:en
2026-05-22 12:47:12,891 | INFO | News RSS status for COALINDIA: 200
2026-05-22 12:47:13,332 | INFO | News RSS query for CUMMINSIND: https://news.google.com/rss/search?q=%22Cummins+India+Ltd.%22+NSE+when:10d&hl=en-IN&gl=IN&ceid=IN:en
2026-05-22 12:47:13,585 | INFO | News RSS status for CUMMINSIND: 200
2026-05-22 12:47:14,023 | INFO | News RSS query for DIVISLAB: https://news.google.com/rss/search?q=%22Divi%27s+Laboratories+Ltd.%22+NSE+when:10d&hl=en-IN&gl=IN&ceid=IN:en
2026-05-22 12:47:14,247 | INFO | News RSS status for DIVISLAB: 200
2026-05-22 12:47:14,249 | INFO | News RSS query for DIVISLAB: https://news.google.com/rss/search?q=%22Divi%27s+Laboratories+Ltd.%22+stock+when:10d&hl=en-IN&gl=IN&ceid=IN:en
2026-05-22 12:47:14,494 | INFO | News RSS status for DIVISLAB: 200
2026-05-22 12:47:14,496 | INFO | News RSS query for DIVISLAB: https://news.google.com/rss/search?q=DIVISLAB+NSE+when:10d&hl=en-IN&gl=IN&ceid=IN:en
2026-05-22 12:47:14,711 | INFO | News RSS status for DIVISLAB: 200
2026-05-22 12:47:15,881 | INFO | News RSS query for DRREDDY: https://news.google.com/rss/search?q=%22Dr.+Reddy%27s+Laboratories+Ltd.%22+NSE+when:10d&hl=en-IN&gl=IN&ceid=IN:en
2026-05-22 12:47:16,101 | INFO | News RSS status for DRREDDY: 200
2026-05-22 12:47:16,607 | INFO | News RSS query for ENRIN: https://news.google.com/rss/search?q=%22Siemens+Energy+India+Ltd.%22+NSE+when:10d&hl=en-IN&gl=IN&ceid=IN:en
2026-05-22 12:47:16,848 | INFO | News RSS status for ENRIN: 200
2026-05-22 12:47:16,850 | INFO | News RSS query for ENRIN: https://news.google.com/rss/search?q=%22Siemens+Energy+India+Ltd.%22+stock+when:10d&hl=en-IN&gl=IN&ceid=IN:en
2026-05-22 12:47:17,105 | INFO | News RSS status for ENRIN: 200
2026-05-22 12:47:18,597 | INFO | News RSS query for GRASIM: https://news.google.com/rss/search?q=%22Grasim+Industries+Ltd.%22+NSE+when:10d&hl=en-IN&gl=IN&ceid=IN:en
2026-05-22 12:47:18,832 | INFO | News RSS status for GRASIM: 200
2026-05-22 12:47:20,002 | INFO | News RSS query for HDFCAMC: https://news.google.com/rss/search?q=%22HDFC+Asset+Management+Company+Ltd.%22+NSE+when:10d&hl=en-IN&gl=IN&ceid=IN:en
2026-05-22 12:47:20,214 | INFO | News RSS status for HDFCAMC: 200
2026-05-22 12:47:21,391 | INFO | News RSS query for HINDALCO: https://news.google.com/rss/search?q=%22Hindalco+Industries+Ltd.%22+NSE+when:10d&hl=en-IN&gl=IN&ceid=IN:en
2026-05-22 12:47:21,638 | INFO | News RSS status for HINDALCO: 200
2026-05-22 12:47:22,440 | INFO | News RSS query for HINDZINC: https://news.google.com/rss/search?q=%22Hindustan+Zinc+Ltd.%22+NSE+when:10d&hl=en-IN&gl=IN&ceid=IN:en
2026-05-22 12:47:22,705 | INFO | News RSS status for HINDZINC: 200
2026-05-22 12:47:22,707 | INFO | News RSS query for HINDZINC: https://news.google.com/rss/search?q=%22Hindustan+Zinc+Ltd.%22+stock+when:10d&hl=en-IN&gl=IN&ceid=IN:en
2026-05-22 12:47:22,979 | INFO | News RSS status for HINDZINC: 200
2026-05-22 12:47:26,656 | INFO | News RSS query for JSWSTEEL: https://news.google.com/rss/search?q=%22JSW+Steel+Ltd.%22+NSE+when:10d&hl=en-IN&gl=IN&ceid=IN:en
2026-05-22 12:47:26,913 | INFO | News RSS status for JSWSTEEL: 200
2026-05-22 12:47:27,997 | WARNING | Skipping LTM — only 62 bars available (need 220). Extend history_backfill_days in config.json to include this symbol.
2026-05-22 12:47:29,916 | INFO | News RSS query for MOTHERSON: https://news.google.com/rss/search?q=%22Samvardhana+Motherson+International+Ltd.%22+NSE+when:10d&hl=en-IN&gl=IN&ceid=IN:en
2026-05-22 12:47:30,141 | INFO | News RSS status for MOTHERSON: 200
2026-05-22 12:47:30,950 | INFO | News RSS query for NESTLEIND: https://news.google.com/rss/search?q=%22Nestle+India+Ltd.%22+NSE+when:10d&hl=en-IN&gl=IN&ceid=IN:en
2026-05-22 12:47:31,182 | INFO | News RSS status for NESTLEIND: 200
2026-05-22 12:47:31,988 | INFO | News RSS query for ONGC: https://news.google.com/rss/search?q=%22Oil+%26+Natural+Gas+Corporation+Ltd.%22+NSE+when:10d&hl=en-IN&gl=IN&ceid=IN:en
2026-05-22 12:47:32,252 | INFO | News RSS status for ONGC: 200
2026-05-22 12:47:32,319 | INFO | News RSS query for ONGC: https://news.google.com/rss/search?q=%22Oil+%26+Natural+Gas+Corporation+Ltd.%22+NSE+when:10d&hl=en-IN&gl=IN&ceid=IN:en
2026-05-22 12:47:32,329 | INFO | News RSS status for ONGC: 200
2026-05-22 12:47:34,981 | INFO | News RSS query for SBILIFE: https://news.google.com/rss/search?q=%22SBI+Life+Insurance+Company+Ltd.%22+NSE+when:10d&hl=en-IN&gl=IN&ceid=IN:en
2026-05-22 12:47:35,248 | INFO | News RSS status for SBILIFE: 200
2026-05-22 12:47:35,251 | INFO | News RSS query for SBILIFE: https://news.google.com/rss/search?q=%22SBI+Life+Insurance+Company+Ltd.%22+stock+when:10d&hl=en-IN&gl=IN&ceid=IN:en
2026-05-22 12:47:35,504 | INFO | News RSS status for SBILIFE: 200
2026-05-22 12:47:37,044 | INFO | News RSS query for SIEMENS: https://news.google.com/rss/search?q=%22Siemens+Ltd.%22+NSE+when:10d&hl=en-IN&gl=IN&ceid=IN:en
2026-05-22 12:47:37,276 | INFO | News RSS status for SIEMENS: 200
2026-05-22 12:47:37,714 | INFO | News RSS query for SOLARINDS: https://news.google.com/rss/search?q=%22Solar+Industries+India+Ltd.%22+NSE+when:10d&hl=en-IN&gl=IN&ceid=IN:en
2026-05-22 12:47:37,933 | INFO | News RSS status for SOLARINDS: 200
2026-05-22 12:47:38,368 | INFO | News RSS query for SUNPHARMA: https://news.google.com/rss/search?q=%22Sun+Pharmaceutical+Industries+Ltd.%22+NSE+when:10d&hl=en-IN&gl=IN&ceid=IN:en
2026-05-22 12:47:38,648 | INFO | News RSS status for SUNPHARMA: 200
2026-05-22 12:47:38,653 | WARNING | Skipping TATACAP — only 150 bars available (need 220). Extend history_backfill_days in config.json to include this symbol.
2026-05-22 12:47:39,086 | INFO | News RSS query for TATACONSUM: https://news.google.com/rss/search?q=%22Tata+Consumer+Products+Ltd.%22+NSE+when:10d&hl=en-IN&gl=IN&ceid=IN:en
2026-05-22 12:47:39,338 | INFO | News RSS status for TATACONSUM: 200
2026-05-22 12:47:39,341 | INFO | News RSS query for TATACONSUM: https://news.google.com/rss/search?q=%22Tata+Consumer+Products+Ltd.%22+stock+when:10d&hl=en-IN&gl=IN&ceid=IN:en
2026-05-22 12:47:39,617 | INFO | News RSS status for TATACONSUM: 200
2026-05-22 12:47:41,467 | WARNING | Skipping TMCV — only 130 bars available (need 220). Extend history_backfill_days in config.json to include this symbol.
2026-05-22 12:47:41,467 | WARNING | Skipping TMPV — only 147 bars available (need 220). Extend history_backfill_days in config.json to include this symbol.
2026-05-22 12:47:41,901 | INFO | News RSS query for TORNTPHARM: https://news.google.com/rss/search?q=%22Torrent+Pharmaceuticals+Ltd.%22+NSE+when:10d&hl=en-IN&gl=IN&ceid=IN:en
2026-05-22 12:47:42,167 | INFO | News RSS status for TORNTPHARM: 200
2026-05-22 12:47:44,218 | INFO | News RSS query for VBL: https://news.google.com/rss/search?q=%22Varun+Beverages+Ltd.%22+NSE+when:10d&hl=en-IN&gl=IN&ceid=IN:en
2026-05-22 12:47:44,480 | INFO | News RSS status for VBL: 200
2026-05-22 12:47:45,655 | INFO | News RSS query for ZYDUSLIFE: https://news.google.com/rss/search?q=%22Zydus+Lifesciences+Ltd.%22+NSE+when:10d&hl=en-IN&gl=IN&ceid=IN:en
2026-05-22 12:47:45,892 | INFO | News RSS status for ZYDUSLIFE: 200
2026-05-22 12:47:45,903 | INFO | Index membership from cache: NIFTY 50 (50 symbols)
2026-05-22 12:47:45,903 | INFO | Index membership from cache: Nifty Next 50 (50 symbols)
2026-05-22 12:47:45,903 | INFO | Index membership ready: 100 symbols mapped
2026-05-22 12:47:45,903 | INFO | Market Health: fetching index OHLCV...
2026-05-22 12:47:45,906 | INFO | Index OHLCV cache fresh for NIFTY 50 (1383 rows)
2026-05-22 12:47:45,908 | INFO | Index OHLCV cache fresh for NIFTY NEXT 50 (1383 rows)
2026-05-22 12:47:45,908 | INFO | Market Health: fetching VIX...
2026-05-22 12:47:45,910 | INFO | VIX cache fresh (81 rows)
2026-05-22 12:47:45,910 | INFO | Market Health: updating breadth EMA cache...
2026-05-22 12:47:47,657 | INFO | Breadth EMA cache: 127864 total rows (+100)
2026-05-22 12:47:47,677 | INFO | Market Health [NIFTY 50]: Score=-36.0 | Weak Bear &#x1F534;
2026-05-22 12:47:47,694 | INFO | Market Health [Nifty Next 50]: Score=-45.0 | Weak Bear &#x1F534;
2026-05-22 12:47:47,732 | INFO | Signal log: appended 3 new signals. Total rows: 161
2026-05-22 12:47:47,732 | INFO | Signal log written/updated: /home/runner/work/nifty100-reporter/nifty100-reporter/data/nifty100_signal_log.csv
2026-05-22 12:47:48,217 | INFO | Signal tracker: updated 72 Active signal rows.
2026-05-22 12:47:48,231 | INFO | HTML report written: /home/runner/work/nifty100-reporter/nifty100-reporter/reports/nifty100_daily_report_20260522.html
2026-05-22 12:47:48,239 | INFO | Market Health Excel sheet written.
2026-05-22 12:47:48,581 | INFO | Excel report written: /home/runner/work/nifty100-reporter/nifty100-reporter/reports/nifty100_daily_report_20260522.xlsx
2026-05-22 12:47:48,581 | INFO | GitHub Actions detected — skipping Gmail API send (workflow handles email).
2026-05-22 12:47:48,581 | INFO | Run completed successfully.
2026-05-22 12:47:48,581 | INFO | Artifacts: /home/runner/work/nifty100-reporter/nifty100-reporter/reports/nifty100_daily_report_20260522.html | /home/runner/work/nifty100-reporter/nifty100-reporter/reports/nifty100_daily_report_20260522.xlsx | log: /home/runner/work/nifty100-reporter/nifty100-reporter/logs/run_20260522_181543.log
