2026-08-28 12:45:49,948 | INFO | Nifty 100 Daily EMA Cross Reporter | Version 3.3.8 | Released 2026-04-17
2026-08-28 12:45:49,948 | INFO | Base directory: /home/runner/work/nifty100-reporter/nifty100-reporter
2026-08-28 12:45:49,948 | INFO | Loaded config. Email enabled: True | Recipients: 1
2026-08-28 12:45:50,134 | WARNING | NSE session bootstrap HTTP 403 (attempt 1/5) — refreshing NSE session cookie …
2026-08-28 12:46:00,536 | INFO | NSE session bootstrap status: 200
2026-08-28 12:46:00,537 | INFO | Downloading Nifty 100 universe from https://www.niftyindices.com/IndexConstituent/ind_nifty100list.csv
2026-08-28 12:46:00,997 | INFO | Universe download status: 200
2026-08-28 12:46:01,001 | INFO | Universe rows loaded: 100
2026-08-28 12:46:01,116 | INFO | Loaded history rows: 134654
2026-08-28 12:46:01,123 | INFO | yfinance history update: 100 symbols | 2026-08-26 → 2026-08-29
2026-08-28 12:46:01,123 | INFO | yfinance batch download: 100 symbols | 2026-08-26 → 2026-08-29
2026-08-28 12:46:04,770 | INFO | yfinance raw shape: (3, 500)
2026-08-28 12:46:05,130 | INFO | yfinance parsed rows after date-filter: 300
2026-08-28 12:46:05,131 | INFO | New rows from yfinance: 300
2026-08-28 12:46:05,935 | INFO | Saved history rows: 134754 | file: /home/runner/work/nifty100-reporter/nifty100-reporter/data/nifty100_ohlcv_history.csv
2026-08-28 12:46:06,054 | INFO | Loaded history rows: 134754
2026-08-28 12:46:06,055 | INFO | Latest OHLCV data is from 2026-08-28
2026-08-28 12:46:06,084 | INFO | Latest Delivery data is from 2026-08-27
2026-08-28 12:46:06,133 | INFO | Delivery cache has 34 dates — skipping backfill.
2026-08-28 12:46:06,133 | INFO | Delivery fetch attempt [0/7] — URL: https://archives.nseindia.com/products/content/sec_bhavdata_full_28082026.csv
2026-08-28 12:46:07,940 | INFO | Delivery fetch SUCCESS — date: 2026-08-28 | size: 391621 bytes | URL: https://archives.nseindia.com/products/content/sec_bhavdata_full_28082026.csv
2026-08-28 12:46:08,342 | INFO | Delivery cache updated: 2629 symbols for 2026-08-28 (rows in cache: 84159)
2026-08-28 12:46:08,343 | INFO | Delivery data: 2629 symbols | fallback=False
2026-08-28 12:46:08,771 | INFO | Corporate actions bulk OK: 91 raw rows | 3 Nifty100 symbols with events
2026-08-28 12:46:35,941 | INFO | Corporate actions: 3/100 symbols have events (window 28-08-2026 to 27-09-2026) | Symbols: COALINDIA, GAIL, NTPC
2026-08-28 12:46:35,941 | INFO | Index membership from cache: NIFTY 50 (50 symbols)
2026-08-28 12:46:35,942 | INFO | Index membership from cache: Nifty Next 50 (50 symbols)
2026-08-28 12:46:35,942 | INFO | Index membership ready: 100 symbols mapped
2026-08-28 12:46:36,615 | INFO | News RSS query for ABB: https://news.google.com/rss/search?q=%22ABB+India+Ltd.%22+NSE+when:10d&hl=en-IN&gl=IN&ceid=IN:en
2026-08-28 12:46:36,843 | INFO | News RSS status for ABB: 200
2026-08-28 12:46:36,847 | INFO | News RSS query for ABB: https://news.google.com/rss/search?q=%22ABB+India+Ltd.%22+stock+when:10d&hl=en-IN&gl=IN&ceid=IN:en
2026-08-28 12:46:37,028 | INFO | News RSS status for ABB: 200
2026-08-28 12:46:37,989 | INFO | News RSS query for ADANIENT: https://news.google.com/rss/search?q=%22Adani+Enterprises+Ltd.%22+NSE+when:10d&hl=en-IN&gl=IN&ceid=IN:en
2026-08-28 12:46:38,184 | INFO | News RSS status for ADANIENT: 200
2026-08-28 12:46:42,395 | INFO | News RSS query for AXISBANK: https://news.google.com/rss/search?q=%22Axis+Bank+Ltd.%22+NSE+when:10d&hl=en-IN&gl=IN&ceid=IN:en
2026-08-28 12:46:42,586 | INFO | News RSS status for AXISBANK: 200
2026-08-28 12:46:43,238 | INFO | News RSS query for BAJAJ-AUTO: https://news.google.com/rss/search?q=%22Bajaj+Auto+Ltd.%22+NSE+when:10d&hl=en-IN&gl=IN&ceid=IN:en
2026-08-28 12:46:43,439 | INFO | News RSS status for BAJAJ-AUTO: 200
2026-08-28 12:46:44,155 | INFO | News RSS query for BAJAJFINSV: https://news.google.com/rss/search?q=%22Bajaj+Finserv+Ltd.%22+NSE+when:10d&hl=en-IN&gl=IN&ceid=IN:en
2026-08-28 12:46:44,363 | INFO | News RSS status for BAJAJFINSV: 200
2026-08-28 12:46:44,438 | INFO | News RSS query for BAJAJFINSV: https://news.google.com/rss/search?q=%22Bajaj+Finserv+Ltd.%22+NSE+when:10d&hl=en-IN&gl=IN&ceid=IN:en
2026-08-28 12:46:44,445 | INFO | News RSS status for BAJAJFINSV: 200
2026-08-28 12:46:45,112 | INFO | News RSS query for BAJAJHLDNG: https://news.google.com/rss/search?q=%22Bajaj+Holdings+%26+Investment+Ltd.%22+NSE+when:10d&hl=en-IN&gl=IN&ceid=IN:en
2026-08-28 12:46:45,302 | INFO | News RSS status for BAJAJHLDNG: 200
2026-08-28 12:46:45,964 | INFO | News RSS query for BAJFINANCE: https://news.google.com/rss/search?q=%22Bajaj+Finance+Ltd.%22+NSE+when:10d&hl=en-IN&gl=IN&ceid=IN:en
2026-08-28 12:46:46,172 | INFO | News RSS status for BAJFINANCE: 200
2026-08-28 12:46:48,592 | INFO | News RSS query for BOSCHLTD: https://news.google.com/rss/search?q=%22Bosch+Ltd.%22+NSE+when:10d&hl=en-IN&gl=IN&ceid=IN:en
2026-08-28 12:46:48,846 | INFO | News RSS status for BOSCHLTD: 200
2026-08-28 12:46:49,505 | INFO | News RSS query for BPCL: https://news.google.com/rss/search?q=%22Bharat+Petroleum+Corporation+Ltd.%22+NSE+when:10d&hl=en-IN&gl=IN&ceid=IN:en
2026-08-28 12:46:49,697 | INFO | News RSS status for BPCL: 200
2026-08-28 12:46:49,699 | INFO | News RSS query for BPCL: https://news.google.com/rss/search?q=%22Bharat+Petroleum+Corporation+Ltd.%22+stock+when:10d&hl=en-IN&gl=IN&ceid=IN:en
2026-08-28 12:46:49,888 | INFO | News RSS status for BPCL: 200
2026-08-28 12:46:49,889 | INFO | News RSS query for BPCL: https://news.google.com/rss/search?q=BPCL+NSE+when:10d&hl=en-IN&gl=IN&ceid=IN:en
2026-08-28 12:46:50,150 | INFO | News RSS status for BPCL: 200
2026-08-28 12:46:52,573 | INFO | News RSS query for CHOLAFIN: https://news.google.com/rss/search?q=%22Cholamandalam+Investment+and+Finance+Company+Ltd.%22+NSE+when:10d&hl=en-IN&gl=IN&ceid=IN:en
2026-08-28 12:46:52,758 | INFO | News RSS status for CHOLAFIN: 200
2026-08-28 12:46:52,830 | INFO | News RSS query for CHOLAFIN: https://news.google.com/rss/search?q=%22Cholamandalam+Investment+and+Finance+Company+Ltd.%22+NSE+when:10d&hl=en-IN&gl=IN&ceid=IN:en
2026-08-28 12:46:52,838 | INFO | News RSS status for CHOLAFIN: 200
2026-08-28 12:46:55,270 | INFO | News RSS query for DIVISLAB: https://news.google.com/rss/search?q=%22Divi%27s+Laboratories+Ltd.%22+NSE+when:10d&hl=en-IN&gl=IN&ceid=IN:en
2026-08-28 12:46:55,450 | INFO | News RSS status for DIVISLAB: 200
2026-08-28 12:46:56,111 | INFO | News RSS query for DLF: https://news.google.com/rss/search?q=%22DLF+Ltd.%22+NSE+when:10d&hl=en-IN&gl=IN&ceid=IN:en
2026-08-28 12:46:56,274 | INFO | News RSS status for DLF: 200
2026-08-28 12:46:56,347 | INFO | News RSS query for DLF: https://news.google.com/rss/search?q=%22DLF+Ltd.%22+NSE+when:10d&hl=en-IN&gl=IN&ceid=IN:en
2026-08-28 12:46:56,354 | INFO | News RSS status for DLF: 200
2026-08-28 12:46:58,174 | INFO | News RSS query for EICHERMOT: https://news.google.com/rss/search?q=%22Eicher+Motors+Ltd.%22+NSE+when:10d&hl=en-IN&gl=IN&ceid=IN:en
2026-08-28 12:46:58,379 | INFO | News RSS status for EICHERMOT: 200
2026-08-28 12:46:58,382 | INFO | News RSS query for EICHERMOT: https://news.google.com/rss/search?q=%22Eicher+Motors+Ltd.%22+stock+when:10d&hl=en-IN&gl=IN&ceid=IN:en
2026-08-28 12:46:58,571 | INFO | News RSS status for EICHERMOT: 200
2026-08-28 12:46:59,279 | INFO | News RSS query for ETERNAL: https://news.google.com/rss/search?q=%22Eternal+Ltd.%22+NSE+when:10d&hl=en-IN&gl=IN&ceid=IN:en
2026-08-28 12:46:59,450 | INFO | News RSS status for ETERNAL: 200
2026-08-28 12:46:59,523 | INFO | News RSS query for ETERNAL: https://news.google.com/rss/search?q=%22Eternal+Ltd.%22+NSE+when:10d&hl=en-IN&gl=IN&ceid=IN:en
2026-08-28 12:46:59,530 | INFO | News RSS status for ETERNAL: 200
2026-08-28 12:47:01,365 | INFO | News RSS query for GRASIM: https://news.google.com/rss/search?q=%22Grasim+Industries+Ltd.%22+NSE+when:10d&hl=en-IN&gl=IN&ceid=IN:en
2026-08-28 12:47:01,544 | INFO | News RSS status for GRASIM: 200
2026-08-28 12:47:02,203 | INFO | News RSS query for HAL: https://news.google.com/rss/search?q=%22Hindustan+Aeronautics+Ltd.%22+NSE+when:10d&hl=en-IN&gl=IN&ceid=IN:en
2026-08-28 12:47:02,385 | INFO | News RSS status for HAL: 200
2026-08-28 12:47:05,393 | INFO | News RSS query for HINDALCO: https://news.google.com/rss/search?q=%22Hindalco+Industries+Ltd.%22+NSE+when:10d&hl=en-IN&gl=IN&ceid=IN:en
2026-08-28 12:47:05,557 | INFO | News RSS status for HINDALCO: 200
2026-08-28 12:47:06,813 | INFO | News RSS query for HINDZINC: https://news.google.com/rss/search?q=%22Hindustan+Zinc+Ltd.%22+NSE+when:10d&hl=en-IN&gl=IN&ceid=IN:en
2026-08-28 12:47:06,973 | INFO | News RSS status for HINDZINC: 200
2026-08-28 12:47:07,241 | INFO | News RSS query for HYUNDAI: https://news.google.com/rss/search?q=%22Hyundai+Motor+India+Ltd.%22+NSE+when:10d&hl=en-IN&gl=IN&ceid=IN:en
2026-08-28 12:47:07,459 | INFO | News RSS status for HYUNDAI: 200
2026-08-28 12:47:07,534 | INFO | News RSS query for HYUNDAI: https://news.google.com/rss/search?q=%22Hyundai+Motor+India+Ltd.%22+NSE+when:10d&hl=en-IN&gl=IN&ceid=IN:en
2026-08-28 12:47:07,542 | INFO | News RSS status for HYUNDAI: 200
2026-08-28 12:47:08,200 | INFO | News RSS query for ICICIBANK: https://news.google.com/rss/search?q=%22ICICI+Bank+Ltd.%22+NSE+when:10d&hl=en-IN&gl=IN&ceid=IN:en
2026-08-28 12:47:08,401 | INFO | News RSS status for ICICIBANK: 200
2026-08-28 12:47:08,475 | INFO | News RSS query for ICICIBANK: https://news.google.com/rss/search?q=%22ICICI+Bank+Ltd.%22+NSE+when:10d&hl=en-IN&gl=IN&ceid=IN:en
2026-08-28 12:47:08,482 | INFO | News RSS status for ICICIBANK: 200
2026-08-28 12:47:12,664 | INFO | News RSS query for JINDALSTEL: https://news.google.com/rss/search?q=%22Jindal+Steel+Ltd.%22+NSE+when:10d&hl=en-IN&gl=IN&ceid=IN:en
2026-08-28 12:47:12,890 | INFO | News RSS status for JINDALSTEL: 200
2026-08-28 12:47:12,892 | INFO | News RSS query for JINDALSTEL: https://news.google.com/rss/search?q=%22Jindal+Steel+Ltd.%22+stock+when:10d&hl=en-IN&gl=IN&ceid=IN:en
2026-08-28 12:47:13,061 | INFO | News RSS status for JINDALSTEL: 200
2026-08-28 12:47:14,020 | INFO | News RSS query for JSWSTEEL: https://news.google.com/rss/search?q=%22JSW+Steel+Ltd.%22+NSE+when:10d&hl=en-IN&gl=IN&ceid=IN:en
2026-08-28 12:47:14,188 | INFO | News RSS status for JSWSTEEL: 200
2026-08-28 12:47:15,380 | INFO | News RSS query for LODHA: https://news.google.com/rss/search?q=%22Lodha+Developers+Ltd.%22+NSE+when:10d&hl=en-IN&gl=IN&ceid=IN:en
2026-08-28 12:47:15,538 | INFO | News RSS status for LODHA: 200
2026-08-28 12:47:15,538 | INFO | News RSS query for LODHA: https://news.google.com/rss/search?q=%22Lodha+Developers+Ltd.%22+stock+when:10d&hl=en-IN&gl=IN&ceid=IN:en
2026-08-28 12:47:15,736 | INFO | News RSS status for LODHA: 200
2026-08-28 12:47:15,739 | INFO | News RSS query for LODHA: https://news.google.com/rss/search?q=LODHA+NSE+when:10d&hl=en-IN&gl=IN&ceid=IN:en
2026-08-28 12:47:15,950 | INFO | News RSS status for LODHA: 200
2026-08-28 12:47:16,608 | INFO | News RSS query for LT: https://news.google.com/rss/search?q=%22Larsen+%26+Toubro+Ltd.%22+NSE+when:10d&hl=en-IN&gl=IN&ceid=IN:en
2026-08-28 12:47:16,790 | INFO | News RSS status for LT: 200
2026-08-28 12:47:16,796 | WARNING | Skipping LTM — only 131 bars available (need 220). Extend history_backfill_days in config.json to include this symbol.
2026-08-28 12:47:17,447 | INFO | News RSS query for M&M: https://news.google.com/rss/search?q=%22Mahindra+%26+Mahindra+Ltd.%22+NSE+when:10d&hl=en-IN&gl=IN&ceid=IN:en
2026-08-28 12:47:17,637 | INFO | News RSS status for M&M: 200
2026-08-28 12:47:20,080 | INFO | News RSS query for MOTHERSON: https://news.google.com/rss/search?q=%22Samvardhana+Motherson+International+Ltd.%22+NSE+when:10d&hl=en-IN&gl=IN&ceid=IN:en
2026-08-28 12:47:20,278 | INFO | News RSS status for MOTHERSON: 200
2026-08-28 12:47:23,891 | INFO | News RSS query for PIDILITIND: https://news.google.com/rss/search?q=%22Pidilite+Industries+Ltd.%22+NSE+when:10d&hl=en-IN&gl=IN&ceid=IN:en
2026-08-28 12:47:24,072 | INFO | News RSS status for PIDILITIND: 200
2026-08-28 12:47:24,075 | INFO | News RSS query for PIDILITIND: https://news.google.com/rss/search?q=%22Pidilite+Industries+Ltd.%22+stock+when:10d&hl=en-IN&gl=IN&ceid=IN:en
2026-08-28 12:47:24,299 | INFO | News RSS status for PIDILITIND: 200
2026-08-28 12:47:24,957 | INFO | News RSS query for PNB: https://news.google.com/rss/search?q=%22Punjab+National+Bank%22+NSE+when:10d&hl=en-IN&gl=IN&ceid=IN:en
2026-08-28 12:47:25,304 | INFO | News RSS status for PNB: 200
2026-08-28 12:47:29,459 | INFO | News RSS query for SHRIRAMFIN: https://news.google.com/rss/search?q=%22Shriram+Finance+Ltd.%22+NSE+when:10d&hl=en-IN&gl=IN&ceid=IN:en
2026-08-28 12:47:29,635 | INFO | News RSS status for SHRIRAMFIN: 200
2026-08-28 12:47:30,285 | INFO | News RSS query for SIEMENS: https://news.google.com/rss/search?q=%22Siemens+Ltd.%22+NSE+when:10d&hl=en-IN&gl=IN&ceid=IN:en
2026-08-28 12:47:30,476 | INFO | News RSS status for SIEMENS: 200
2026-08-28 12:47:31,142 | INFO | News RSS query for SOLARINDS: https://news.google.com/rss/search?q=%22Solar+Industries+India+Ltd.%22+NSE+when:10d&hl=en-IN&gl=IN&ceid=IN:en
2026-08-28 12:47:31,350 | INFO | News RSS status for SOLARINDS: 200
2026-08-28 12:47:32,021 | INFO | News RSS query for SUNPHARMA: https://news.google.com/rss/search?q=%22Sun+Pharmaceutical+Industries+Ltd.%22+NSE+when:10d&hl=en-IN&gl=IN&ceid=IN:en
2026-08-28 12:47:32,223 | INFO | News RSS status for SUNPHARMA: 200
2026-08-28 12:47:32,228 | WARNING | Skipping TATACAP — only 219 bars available (need 220). Extend history_backfill_days in config.json to include this symbol.
2026-08-28 12:47:35,262 | INFO | News RSS query for TECHM: https://news.google.com/rss/search?q=%22Tech+Mahindra+Ltd.%22+NSE+when:10d&hl=en-IN&gl=IN&ceid=IN:en
2026-08-28 12:47:35,459 | INFO | News RSS status for TECHM: 200
2026-08-28 12:47:35,531 | INFO | News RSS query for TECHM: https://news.google.com/rss/search?q=%22Tech+Mahindra+Ltd.%22+NSE+when:10d&hl=en-IN&gl=IN&ceid=IN:en
2026-08-28 12:47:35,539 | INFO | News RSS status for TECHM: 200
2026-08-28 12:47:35,610 | INFO | News RSS query for TECHM: https://news.google.com/rss/search?q=%22Tech+Mahindra+Ltd.%22+NSE+when:10d&hl=en-IN&gl=IN&ceid=IN:en
2026-08-28 12:47:35,617 | INFO | News RSS status for TECHM: 200
2026-08-28 12:47:36,265 | INFO | News RSS query for TITAN: https://news.google.com/rss/search?q=%22Titan+Company+Ltd.%22+NSE+when:10d&hl=en-IN&gl=IN&ceid=IN:en
2026-08-28 12:47:36,444 | INFO | News RSS status for TITAN: 200
2026-08-28 12:47:36,451 | WARNING | Skipping TMCV — only 199 bars available (need 220). Extend history_backfill_days in config.json to include this symbol.
2026-08-28 12:47:36,451 | WARNING | Skipping TMPV — only 216 bars available (need 220). Extend history_backfill_days in config.json to include this symbol.
2026-08-28 12:47:37,115 | INFO | News RSS query for TORNTPHARM: https://news.google.com/rss/search?q=%22Torrent+Pharmaceuticals+Ltd.%22+NSE+when:10d&hl=en-IN&gl=IN&ceid=IN:en
2026-08-28 12:47:37,297 | INFO | News RSS status for TORNTPHARM: 200
2026-08-28 12:47:37,298 | INFO | News RSS query for TORNTPHARM: https://news.google.com/rss/search?q=%22Torrent+Pharmaceuticals+Ltd.%22+stock+when:10d&hl=en-IN&gl=IN&ceid=IN:en
2026-08-28 12:47:37,519 | INFO | News RSS status for TORNTPHARM: 200
2026-08-28 12:47:37,593 | INFO | News RSS query for TORNTPHARM: https://news.google.com/rss/search?q=%22Torrent+Pharmaceuticals+Ltd.%22+NSE+when:10d&hl=en-IN&gl=IN&ceid=IN:en
2026-08-28 12:47:37,601 | INFO | News RSS status for TORNTPHARM: 200
2026-08-28 12:47:37,603 | INFO | News RSS query for TORNTPHARM: https://news.google.com/rss/search?q=%22Torrent+Pharmaceuticals+Ltd.%22+stock+when:10d&hl=en-IN&gl=IN&ceid=IN:en
2026-08-28 12:47:37,610 | INFO | News RSS status for TORNTPHARM: 200
2026-08-28 12:47:38,855 | INFO | News RSS query for TVSMOTOR: https://news.google.com/rss/search?q=%22TVS+Motor+Company+Ltd.%22+NSE+when:10d&hl=en-IN&gl=IN&ceid=IN:en
2026-08-28 12:47:39,047 | INFO | News RSS status for TVSMOTOR: 200
2026-08-28 12:47:40,297 | INFO | News RSS query for UNIONBANK: https://news.google.com/rss/search?q=%22Union+Bank+of+India%22+NSE+when:10d&hl=en-IN&gl=IN&ceid=IN:en
2026-08-28 12:47:40,601 | INFO | News RSS status for UNIONBANK: 200
2026-08-28 12:47:40,911 | INFO | News RSS query for UNITDSPR: https://news.google.com/rss/search?q=%22United+Spirits+Ltd.%22+NSE+when:10d&hl=en-IN&gl=IN&ceid=IN:en
2026-08-28 12:47:41,081 | INFO | News RSS status for UNITDSPR: 200
2026-08-28 12:47:41,087 | WARNING | Skipping VAML — only 6 bars available (need 220). Extend history_backfill_days in config.json to include this symbol.
2026-08-28 12:47:42,259 | WARNING | Skipping VEDPOWER — only 4 bars available (need 220). Extend history_backfill_days in config.json to include this symbol.
2026-08-28 12:47:42,260 | WARNING | Skipping VISL — only 4 bars available (need 220). Extend history_backfill_days in config.json to include this symbol.
2026-08-28 12:47:42,260 | WARNING | Skipping VOGL — only 7 bars available (need 220). Extend history_backfill_days in config.json to include this symbol.
2026-08-28 12:47:43,491 | INFO | News RSS query for ZYDUSLIFE: https://news.google.com/rss/search?q=%22Zydus+Lifesciences+Ltd.%22+NSE+when:10d&hl=en-IN&gl=IN&ceid=IN:en
2026-08-28 12:47:43,765 | INFO | News RSS status for ZYDUSLIFE: 200
2026-08-28 12:47:43,779 | INFO | Index membership from cache: NIFTY 50 (50 symbols)
2026-08-28 12:47:43,779 | INFO | Index membership from cache: Nifty Next 50 (50 symbols)
2026-08-28 12:47:43,779 | INFO | Index membership ready: 100 symbols mapped
2026-08-28 12:47:43,779 | INFO | Market Health: fetching index OHLCV...
2026-08-28 12:47:43,782 | INFO | Index OHLCV cache fresh for NIFTY 50 (1449 rows)
2026-08-28 12:47:43,785 | INFO | Index OHLCV cache fresh for NIFTY NEXT 50 (1448 rows)
2026-08-28 12:47:43,785 | INFO | Market Health: fetching VIX...
2026-08-28 12:47:43,787 | INFO | VIX cache fresh (147 rows)
2026-08-28 12:47:43,787 | INFO | Market Health: updating breadth EMA cache...
2026-08-28 12:47:45,735 | INFO | Breadth EMA cache: 134664 total rows (+100)
2026-08-28 12:47:45,759 | INFO | Market Health [NIFTY 50]: Score=15.8 | Sideways &#x1F7E0;
2026-08-28 12:47:45,778 | INFO | Market Health [Nifty Next 50]: Score=-2.0 | Sideways &#x1F7E0;
2026-08-28 12:47:45,896 | INFO | Signal log: appended 12 new signals. Total rows: 713
2026-08-28 12:47:45,896 | INFO | Signal log written/updated: /home/runner/work/nifty100-reporter/nifty100-reporter/data/nifty100_signal_log.csv
2026-08-28 12:47:47,286 | INFO | Signal tracker: updated 189 Active signal rows.
2026-08-28 12:47:47,308 | INFO | HTML report written: /home/runner/work/nifty100-reporter/nifty100-reporter/reports/nifty100_daily_report_20260828.html
2026-08-28 12:47:47,317 | INFO | Market Health Excel sheet written.
2026-08-28 12:47:48,848 | INFO | Excel report written: /home/runner/work/nifty100-reporter/nifty100-reporter/reports/nifty100_daily_report_20260828.xlsx
2026-08-28 12:47:48,848 | INFO | GitHub Actions detected — skipping Gmail API send (workflow handles email).
2026-08-28 12:47:48,848 | INFO | Run completed successfully.
2026-08-28 12:47:48,849 | INFO | Artifacts: /home/runner/work/nifty100-reporter/nifty100-reporter/reports/nifty100_daily_report_20260828.html | /home/runner/work/nifty100-reporter/nifty100-reporter/reports/nifty100_daily_report_20260828.xlsx | log: /home/runner/work/nifty100-reporter/nifty100-reporter/logs/run_20260828_181549.log
