2026-07-20 12:45:57,738 | INFO | Nifty 100 Daily EMA Cross Reporter | Version 3.3.8 | Released 2026-04-17
2026-07-20 12:45:57,738 | INFO | Base directory: /home/runner/work/nifty100-reporter/nifty100-reporter
2026-07-20 12:45:57,738 | INFO | Loaded config. Email enabled: True | Recipients: 1
2026-07-20 12:45:57,849 | WARNING | NSE session bootstrap HTTP 403 (attempt 1/5) — refreshing NSE session cookie …
2026-07-20 12:46:08,673 | INFO | NSE session bootstrap status: 200
2026-07-20 12:46:08,674 | INFO | Downloading Nifty 100 universe from https://www.niftyindices.com/IndexConstituent/ind_nifty100list.csv
2026-07-20 12:46:09,098 | INFO | Universe download status: 200
2026-07-20 12:46:09,103 | INFO | Universe rows loaded: 100
2026-07-20 12:46:09,213 | INFO | Loaded history rows: 131754
2026-07-20 12:46:09,222 | INFO | yfinance history update: 100 symbols | 2026-07-16 → 2026-07-21
2026-07-20 12:46:09,222 | INFO | yfinance batch download: 100 symbols | 2026-07-16 → 2026-07-21
2026-07-20 12:46:20,480 | INFO | yfinance raw shape: (3, 500)
2026-07-20 12:46:20,886 | INFO | yfinance parsed rows after date-filter: 300
2026-07-20 12:46:20,887 | INFO | New rows from yfinance: 300
2026-07-20 12:46:21,665 | INFO | Saved history rows: 131854 | file: /home/runner/work/nifty100-reporter/nifty100-reporter/data/nifty100_ohlcv_history.csv
2026-07-20 12:46:21,781 | INFO | Loaded history rows: 131854
2026-07-20 12:46:21,782 | INFO | Latest OHLCV data is from 2026-07-20
2026-07-20 12:46:21,814 | INFO | Latest Delivery data is from 2026-07-17
2026-07-20 12:46:21,864 | INFO | Delivery cache has 33 dates — skipping backfill.
2026-07-20 12:46:21,864 | INFO | Delivery fetch attempt [0/7] — URL: https://archives.nseindia.com/products/content/sec_bhavdata_full_20072026.csv
2026-07-20 12:46:22,516 | INFO | Delivery fetch SUCCESS — date: 2026-07-20 | size: 368145 bytes | URL: https://archives.nseindia.com/products/content/sec_bhavdata_full_20072026.csv
2026-07-20 12:46:22,880 | INFO | Delivery cache updated: 2383 symbols for 2026-07-20 (rows in cache: 74574)
2026-07-20 12:46:22,881 | INFO | Delivery data: 2383 symbols | fallback=False
2026-07-20 12:46:42,903 | WARNING | NSE corp-actions bulk fetch failed (attempt 1/5): HTTPSConnectionPool(host='www.nseindia.com', port=443): Read timed out. (read timeout=20) — retrying in 5s …
2026-07-20 12:47:08,005 | WARNING | NSE corp-actions bulk fetch failed (attempt 2/5): HTTPSConnectionPool(host='www.nseindia.com', port=443): Read timed out. (read timeout=20) — retrying in 5s …
2026-07-20 12:47:33,086 | WARNING | NSE corp-actions bulk fetch failed (attempt 3/5): HTTPSConnectionPool(host='www.nseindia.com', port=443): Read timed out. (read timeout=20) — retrying in 5s …
2026-07-20 12:47:58,194 | WARNING | NSE corp-actions bulk fetch failed (attempt 4/5): HTTPSConnectionPool(host='www.nseindia.com', port=443): Read timed out. (read timeout=20) — retrying in 5s …
2026-07-20 12:48:23,259 | ERROR | NSE corp-actions bulk fetch failed after 5 attempts: HTTPSConnectionPool(host='www.nseindia.com', port=443): Read timed out. (read timeout=20)
2026-07-20 12:48:23,259 | WARNING | Corporate actions bulk fetch failed: HTTPSConnectionPool(host='www.nseindia.com', port=443): Read timed out. (read timeout=20)
2026-07-20 12:48:38,357 | WARNING | NSE corp-actions ABB fetch failed (attempt 1/3): HTTPSConnectionPool(host='www.nseindia.com', port=443): Read timed out. (read timeout=15) — retrying in 5s …
2026-07-20 12:48:58,673 | WARNING | NSE corp-actions ADANIENSOL fetch failed (attempt 1/3): HTTPSConnectionPool(host='www.nseindia.com', port=443): Read timed out. (read timeout=15) — retrying in 5s …
2026-07-20 12:49:19,035 | WARNING | NSE corp-actions ADANIENT fetch failed (attempt 1/3): HTTPSConnectionPool(host='www.nseindia.com', port=443): Read timed out. (read timeout=15) — retrying in 5s …
2026-07-20 12:49:39,380 | WARNING | NSE corp-actions ADANIGREEN fetch failed (attempt 1/3): HTTPSConnectionPool(host='www.nseindia.com', port=443): Read timed out. (read timeout=15) — retrying in 5s …
2026-07-20 12:49:59,968 | WARNING | NSE corp-actions ADANIPORTS fetch failed (attempt 1/3): HTTPSConnectionPool(host='www.nseindia.com', port=443): Read timed out. (read timeout=15) — retrying in 5s …
2026-07-20 12:50:20,016 | WARNING | NSE corp-actions ADANIPORTS fetch failed (attempt 2/3): HTTPSConnectionPool(host='www.nseindia.com', port=443): Read timed out. (read timeout=15) — retrying in 5s …
2026-07-20 12:50:40,327 | WARNING | NSE corp-actions ADANIPOWER fetch failed (attempt 1/3): HTTPSConnectionPool(host='www.nseindia.com', port=443): Read timed out. (read timeout=15) — retrying in 5s …
2026-07-20 12:51:00,649 | WARNING | NSE corp-actions AMBUJACEM fetch failed (attempt 1/3): HTTPSConnectionPool(host='www.nseindia.com', port=443): Read timed out. (read timeout=15) — retrying in 5s …
2026-07-20 12:51:21,035 | WARNING | NSE corp-actions APOLLOHOSP fetch failed (attempt 1/3): HTTPSConnectionPool(host='www.nseindia.com', port=443): Read timed out. (read timeout=15) — retrying in 5s …
2026-07-20 12:51:41,448 | WARNING | NSE corp-actions ASIANPAINT fetch failed (attempt 1/3): HTTPSConnectionPool(host='www.nseindia.com', port=443): Read timed out. (read timeout=15) — retrying in 5s …
2026-07-20 12:52:01,509 | WARNING | NSE corp-actions ASIANPAINT fetch failed (attempt 2/3): HTTPSConnectionPool(host='www.nseindia.com', port=443): Read timed out. (read timeout=15) — retrying in 5s …
2026-07-20 12:52:21,737 | WARNING | NSE corp-actions AXISBANK fetch failed (attempt 1/3): HTTPSConnectionPool(host='www.nseindia.com', port=443): Read timed out. (read timeout=15) — retrying in 5s …
2026-07-20 12:52:41,837 | WARNING | NSE corp-actions AXISBANK fetch failed (attempt 2/3): HTTPSConnectionPool(host='www.nseindia.com', port=443): Read timed out. (read timeout=15) — retrying in 5s …
2026-07-20 12:53:01,944 | WARNING | NSE corp-actions BAJAJ-AUTO fetch failed (attempt 1/3): HTTPSConnectionPool(host='www.nseindia.com', port=443): Read timed out. (read timeout=15) — retrying in 5s …
2026-07-20 12:53:22,426 | WARNING | NSE corp-actions BAJAJFINSV fetch failed (attempt 1/3): HTTPSConnectionPool(host='www.nseindia.com', port=443): Read timed out. (read timeout=15) — retrying in 5s …
2026-07-20 12:53:42,797 | WARNING | NSE corp-actions BAJAJHLDNG fetch failed (attempt 1/3): HTTPSConnectionPool(host='www.nseindia.com', port=443): Read timed out. (read timeout=15) — retrying in 5s …
2026-07-20 12:54:03,142 | WARNING | NSE corp-actions BAJFINANCE fetch failed (attempt 1/3): HTTPSConnectionPool(host='www.nseindia.com', port=443): Read timed out. (read timeout=15) — retrying in 5s …
2026-07-20 12:54:24,109 | WARNING | NSE corp-actions BANKBARODA fetch failed (attempt 1/3): HTTPSConnectionPool(host='www.nseindia.com', port=443): Read timed out. (read timeout=15) — retrying in 5s …
2026-07-20 12:54:44,168 | WARNING | NSE corp-actions BANKBARODA fetch failed (attempt 2/3): HTTPSConnectionPool(host='www.nseindia.com', port=443): Read timed out. (read timeout=15) — retrying in 5s …
2026-07-20 12:55:04,596 | WARNING | NSE corp-actions BEL fetch failed (attempt 1/3): HTTPSConnectionPool(host='www.nseindia.com', port=443): Read timed out. (read timeout=15) — retrying in 5s …
2026-07-20 12:55:25,233 | WARNING | NSE corp-actions BHARTIARTL fetch failed (attempt 1/3): HTTPSConnectionPool(host='www.nseindia.com', port=443): Read timed out. (read timeout=15) — retrying in 5s …
2026-07-20 12:55:45,634 | WARNING | NSE corp-actions BOSCHLTD fetch failed (attempt 1/3): HTTPSConnectionPool(host='www.nseindia.com', port=443): Read timed out. (read timeout=15) — retrying in 5s …
2026-07-20 12:56:06,180 | WARNING | NSE corp-actions BPCL fetch failed (attempt 1/3): HTTPSConnectionPool(host='www.nseindia.com', port=443): Read timed out. (read timeout=15) — retrying in 5s …
2026-07-20 12:56:26,529 | WARNING | NSE corp-actions BRITANNIA fetch failed (attempt 1/3): HTTPSConnectionPool(host='www.nseindia.com', port=443): Read timed out. (read timeout=15) — retrying in 5s …
2026-07-20 12:56:46,832 | WARNING | NSE corp-actions CANBK fetch failed (attempt 1/3): HTTPSConnectionPool(host='www.nseindia.com', port=443): Read timed out. (read timeout=15) — retrying in 5s …
2026-07-20 12:57:06,910 | WARNING | NSE corp-actions CANBK fetch failed (attempt 2/3): HTTPSConnectionPool(host='www.nseindia.com', port=443): Read timed out. (read timeout=15) — retrying in 5s …
2026-07-20 12:57:26,982 | WARNING | NSE corp-actions CGPOWER fetch failed (attempt 1/3): HTTPSConnectionPool(host='www.nseindia.com', port=443): Read timed out. (read timeout=15) — retrying in 5s …
2026-07-20 12:57:47,457 | WARNING | NSE corp-actions CHOLAFIN fetch failed (attempt 1/3): HTTPSConnectionPool(host='www.nseindia.com', port=443): Read timed out. (read timeout=15) — retrying in 5s …
2026-07-20 12:58:07,516 | WARNING | NSE corp-actions CHOLAFIN fetch failed (attempt 2/3): HTTPSConnectionPool(host='www.nseindia.com', port=443): Read timed out. (read timeout=15) — retrying in 5s …
2026-07-20 12:58:27,576 | ERROR | NSE corp-actions CHOLAFIN fetch failed after 3 attempts: HTTPSConnectionPool(host='www.nseindia.com', port=443): Read timed out. (read timeout=15)
2026-07-20 12:58:42,640 | WARNING | NSE corp-actions CIPLA fetch failed (attempt 1/3): HTTPSConnectionPool(host='www.nseindia.com', port=443): Read timed out. (read timeout=15) — retrying in 5s …
2026-07-20 12:59:03,025 | WARNING | NSE corp-actions COALINDIA fetch failed (attempt 1/3): HTTPSConnectionPool(host='www.nseindia.com', port=443): Read timed out. (read timeout=15) — retrying in 5s …
2026-07-20 12:59:23,084 | WARNING | NSE corp-actions COALINDIA fetch failed (attempt 2/3): HTTPSConnectionPool(host='www.nseindia.com', port=443): Read timed out. (read timeout=15) — retrying in 5s …
2026-07-20 12:59:43,445 | WARNING | NSE corp-actions CUMMINSIND fetch failed (attempt 1/3): HTTPSConnectionPool(host='www.nseindia.com', port=443): Read timed out. (read timeout=15) — retrying in 5s …
2026-07-20 13:00:03,545 | WARNING | NSE corp-actions CUMMINSIND fetch failed (attempt 2/3): HTTPSConnectionPool(host='www.nseindia.com', port=443): Read timed out. (read timeout=15) — retrying in 5s …
2026-07-20 13:00:23,604 | ERROR | NSE corp-actions CUMMINSIND fetch failed after 3 attempts: HTTPSConnectionPool(host='www.nseindia.com', port=443): Read timed out. (read timeout=15)
2026-07-20 13:00:38,657 | WARNING | NSE corp-actions DIVISLAB fetch failed (attempt 1/3): HTTPSConnectionPool(host='www.nseindia.com', port=443): Read timed out. (read timeout=15) — retrying in 5s …
2026-07-20 13:00:58,727 | WARNING | NSE corp-actions DIVISLAB fetch failed (attempt 2/3): HTTPSConnectionPool(host='www.nseindia.com', port=443): Read timed out. (read timeout=15) — retrying in 5s …
2026-07-20 13:01:18,799 | ERROR | NSE corp-actions DIVISLAB fetch failed after 3 attempts: HTTPSConnectionPool(host='www.nseindia.com', port=443): Read timed out. (read timeout=15)
2026-07-20 13:01:33,860 | WARNING | NSE corp-actions DLF fetch failed (attempt 1/3): HTTPSConnectionPool(host='www.nseindia.com', port=443): Read timed out. (read timeout=15) — retrying in 5s …
2026-07-20 13:01:54,196 | WARNING | NSE corp-actions DMART fetch failed (attempt 1/3): HTTPSConnectionPool(host='www.nseindia.com', port=443): Read timed out. (read timeout=15) — retrying in 5s …
2026-07-20 13:02:14,885 | WARNING | NSE corp-actions DRREDDY fetch failed (attempt 1/3): HTTPSConnectionPool(host='www.nseindia.com', port=443): Read timed out. (read timeout=15) — retrying in 5s …
2026-07-20 13:02:35,385 | WARNING | NSE corp-actions EICHERMOT fetch failed (attempt 1/3): HTTPSConnectionPool(host='www.nseindia.com', port=443): Read timed out. (read timeout=15) — retrying in 5s …
2026-07-20 13:02:55,467 | WARNING | NSE corp-actions EICHERMOT fetch failed (attempt 2/3): HTTPSConnectionPool(host='www.nseindia.com', port=443): Read timed out. (read timeout=15) — retrying in 5s …
2026-07-20 13:03:15,821 | WARNING | NSE corp-actions ENRIN fetch failed (attempt 1/3): HTTPSConnectionPool(host='www.nseindia.com', port=443): Read timed out. (read timeout=15) — retrying in 5s …
2026-07-20 13:03:36,149 | WARNING | NSE corp-actions ETERNAL fetch failed (attempt 1/3): HTTPSConnectionPool(host='www.nseindia.com', port=443): Read timed out. (read timeout=15) — retrying in 5s …
2026-07-20 13:03:56,225 | WARNING | NSE corp-actions ETERNAL fetch failed (attempt 2/3): HTTPSConnectionPool(host='www.nseindia.com', port=443): Read timed out. (read timeout=15) — retrying in 5s …
2026-07-20 13:04:16,393 | WARNING | NSE corp-actions GAIL fetch failed (attempt 1/3): HTTPSConnectionPool(host='www.nseindia.com', port=443): Read timed out. (read timeout=15) — retrying in 5s …
2026-07-20 13:04:36,722 | WARNING | NSE corp-actions GODREJCP fetch failed (attempt 1/3): HTTPSConnectionPool(host='www.nseindia.com', port=443): Read timed out. (read timeout=15) — retrying in 5s …
2026-07-20 13:04:57,132 | WARNING | NSE corp-actions GRASIM fetch failed (attempt 1/3): HTTPSConnectionPool(host='www.nseindia.com', port=443): Read timed out. (read timeout=15) — retrying in 5s …
2026-07-20 13:05:17,498 | WARNING | NSE corp-actions HAL fetch failed (attempt 1/3): HTTPSConnectionPool(host='www.nseindia.com', port=443): Read timed out. (read timeout=15) — retrying in 5s …
2026-07-20 13:05:37,783 | WARNING | NSE corp-actions HCLTECH fetch failed (attempt 1/3): HTTPSConnectionPool(host='www.nseindia.com', port=443): Read timed out. (read timeout=15) — retrying in 5s …
2026-07-20 13:05:58,357 | WARNING | NSE corp-actions HDFCAMC fetch failed (attempt 1/3): HTTPSConnectionPool(host='www.nseindia.com', port=443): Read timed out. (read timeout=15) — retrying in 5s …
2026-07-20 13:06:18,686 | WARNING | NSE corp-actions HDFCBANK fetch failed (attempt 1/3): HTTPSConnectionPool(host='www.nseindia.com', port=443): Read timed out. (read timeout=15) — retrying in 5s …
2026-07-20 13:06:39,014 | WARNING | NSE corp-actions HDFCLIFE fetch failed (attempt 1/3): HTTPSConnectionPool(host='www.nseindia.com', port=443): Read timed out. (read timeout=15) — retrying in 5s …
2026-07-20 13:06:59,337 | WARNING | NSE corp-actions HINDALCO fetch failed (attempt 1/3): HTTPSConnectionPool(host='www.nseindia.com', port=443): Read timed out. (read timeout=15) — retrying in 5s …
2026-07-20 13:07:19,632 | WARNING | NSE corp-actions HINDUNILVR fetch failed (attempt 1/3): HTTPSConnectionPool(host='www.nseindia.com', port=443): Read timed out. (read timeout=15) — retrying in 5s …
2026-07-20 13:07:39,735 | WARNING | NSE corp-actions HINDUNILVR fetch failed (attempt 2/3): HTTPSConnectionPool(host='www.nseindia.com', port=443): Read timed out. (read timeout=15) — retrying in 5s …
2026-07-20 13:07:59,975 | WARNING | NSE corp-actions HINDZINC fetch failed (attempt 1/3): HTTPSConnectionPool(host='www.nseindia.com', port=443): Read timed out. (read timeout=15) — retrying in 5s …
2026-07-20 13:08:20,028 | WARNING | NSE corp-actions HINDZINC fetch failed (attempt 2/3): HTTPSConnectionPool(host='www.nseindia.com', port=443): Read timed out. (read timeout=15) — retrying in 5s …
2026-07-20 13:08:40,471 | WARNING | NSE corp-actions HYUNDAI fetch failed (attempt 1/3): HTTPSConnectionPool(host='www.nseindia.com', port=443): Read timed out. (read timeout=15) — retrying in 5s …
2026-07-20 13:09:00,848 | WARNING | NSE corp-actions ICICIBANK fetch failed (attempt 1/3): HTTPSConnectionPool(host='www.nseindia.com', port=443): Read timed out. (read timeout=15) — retrying in 5s …
2026-07-20 13:09:21,146 | WARNING | NSE corp-actions INDHOTEL fetch failed (attempt 1/3): HTTPSConnectionPool(host='www.nseindia.com', port=443): Read timed out. (read timeout=15) — retrying in 5s …
2026-07-20 13:09:41,647 | WARNING | NSE corp-actions INDIGO fetch failed (attempt 1/3): HTTPSConnectionPool(host='www.nseindia.com', port=443): Read timed out. (read timeout=15) — retrying in 5s …
2026-07-20 13:10:02,069 | WARNING | NSE corp-actions INFY fetch failed (attempt 1/3): HTTPSConnectionPool(host='www.nseindia.com', port=443): Read timed out. (read timeout=15) — retrying in 5s …
2026-07-20 13:10:22,128 | WARNING | NSE corp-actions INFY fetch failed (attempt 2/3): HTTPSConnectionPool(host='www.nseindia.com', port=443): Read timed out. (read timeout=15) — retrying in 5s …
2026-07-20 13:10:42,249 | WARNING | NSE corp-actions IOC fetch failed (attempt 1/3): HTTPSConnectionPool(host='www.nseindia.com', port=443): Read timed out. (read timeout=15) — retrying in 5s …
2026-07-20 13:11:02,548 | WARNING | NSE corp-actions IRFC fetch failed (attempt 1/3): HTTPSConnectionPool(host='www.nseindia.com', port=443): Read timed out. (read timeout=15) — retrying in 5s …
2026-07-20 13:11:22,625 | WARNING | NSE corp-actions IRFC fetch failed (attempt 2/3): HTTPSConnectionPool(host='www.nseindia.com', port=443): Read timed out. (read timeout=15) — retrying in 5s …
2026-07-20 13:11:42,753 | WARNING | NSE corp-actions ITC fetch failed (attempt 1/3): HTTPSConnectionPool(host='www.nseindia.com', port=443): Read timed out. (read timeout=15) — retrying in 5s …
2026-07-20 13:12:03,085 | WARNING | NSE corp-actions JINDALSTEL fetch failed (attempt 1/3): HTTPSConnectionPool(host='www.nseindia.com', port=443): Read timed out. (read timeout=15) — retrying in 5s …
2026-07-20 13:12:23,489 | WARNING | NSE corp-actions JIOFIN fetch failed (attempt 1/3): HTTPSConnectionPool(host='www.nseindia.com', port=443): Read timed out. (read timeout=15) — retrying in 5s …
2026-07-20 13:12:43,788 | WARNING | NSE corp-actions JSWSTEEL fetch failed (attempt 1/3): HTTPSConnectionPool(host='www.nseindia.com', port=443): Read timed out. (read timeout=15) — retrying in 5s …
2026-07-20 13:13:04,101 | WARNING | NSE corp-actions KOTAKBANK fetch failed (attempt 1/3): HTTPSConnectionPool(host='www.nseindia.com', port=443): Read timed out. (read timeout=15) — retrying in 5s …
2026-07-20 13:13:24,419 | WARNING | NSE corp-actions LODHA fetch failed (attempt 1/3): HTTPSConnectionPool(host='www.nseindia.com', port=443): Read timed out. (read timeout=15) — retrying in 5s …
2026-07-20 13:13:44,711 | WARNING | NSE corp-actions LT fetch failed (attempt 1/3): HTTPSConnectionPool(host='www.nseindia.com', port=443): Read timed out. (read timeout=15) — retrying in 5s …
2026-07-20 13:14:04,785 | WARNING | NSE corp-actions LT fetch failed (attempt 2/3): HTTPSConnectionPool(host='www.nseindia.com', port=443): Read timed out. (read timeout=15) — retrying in 5s …
2026-07-20 13:14:24,912 | WARNING | NSE corp-actions LTM fetch failed (attempt 1/3): HTTPSConnectionPool(host='www.nseindia.com', port=443): Read timed out. (read timeout=15) — retrying in 5s …
2026-07-20 13:14:45,210 | WARNING | NSE corp-actions M&M fetch failed (attempt 1/3): HTTPSConnectionPool(host='www.nseindia.com', port=443): Read timed out. (read timeout=15) — retrying in 5s …
2026-07-20 13:15:05,565 | WARNING | NSE corp-actions MARUTI fetch failed (attempt 1/3): HTTPSConnectionPool(host='www.nseindia.com', port=443): Read timed out. (read timeout=15) — retrying in 5s …
2026-07-20 13:15:25,616 | WARNING | NSE corp-actions MARUTI fetch failed (attempt 2/3): HTTPSConnectionPool(host='www.nseindia.com', port=443): Read timed out. (read timeout=15) — retrying in 5s …
2026-07-20 13:15:45,686 | ERROR | NSE corp-actions MARUTI fetch failed after 3 attempts: HTTPSConnectionPool(host='www.nseindia.com', port=443): Read timed out. (read timeout=15)
2026-07-20 13:16:00,747 | WARNING | NSE corp-actions MAXHEALTH fetch failed (attempt 1/3): HTTPSConnectionPool(host='www.nseindia.com', port=443): Read timed out. (read timeout=15) — retrying in 5s …
2026-07-20 13:16:21,034 | WARNING | NSE corp-actions MAZDOCK fetch failed (attempt 1/3): HTTPSConnectionPool(host='www.nseindia.com', port=443): Read timed out. (read timeout=15) — retrying in 5s …
2026-07-20 13:16:41,377 | WARNING | NSE corp-actions MOTHERSON fetch failed (attempt 1/3): HTTPSConnectionPool(host='www.nseindia.com', port=443): Read timed out. (read timeout=15) — retrying in 5s …
2026-07-20 13:17:01,718 | WARNING | NSE corp-actions MUTHOOTFIN fetch failed (attempt 1/3): HTTPSConnectionPool(host='www.nseindia.com', port=443): Read timed out. (read timeout=15) — retrying in 5s …
2026-07-20 13:17:22,043 | WARNING | NSE corp-actions NESTLEIND fetch failed (attempt 1/3): HTTPSConnectionPool(host='www.nseindia.com', port=443): Read timed out. (read timeout=15) — retrying in 5s …
2026-07-20 13:17:42,348 | WARNING | NSE corp-actions NTPC fetch failed (attempt 1/3): HTTPSConnectionPool(host='www.nseindia.com', port=443): Read timed out. (read timeout=15) — retrying in 5s …
2026-07-20 13:18:02,687 | WARNING | NSE corp-actions ONGC fetch failed (attempt 1/3): HTTPSConnectionPool(host='www.nseindia.com', port=443): Read timed out. (read timeout=15) — retrying in 5s …
2026-07-20 13:18:23,022 | WARNING | NSE corp-actions PFC fetch failed (attempt 1/3): HTTPSConnectionPool(host='www.nseindia.com', port=443): Read timed out. (read timeout=15) — retrying in 5s …
2026-07-20 13:18:43,342 | WARNING | NSE corp-actions PIDILITIND fetch failed (attempt 1/3): HTTPSConnectionPool(host='www.nseindia.com', port=443): Read timed out. (read timeout=15) — retrying in 5s …
2026-07-20 13:19:03,402 | WARNING | NSE corp-actions PIDILITIND fetch failed (attempt 2/3): HTTPSConnectionPool(host='www.nseindia.com', port=443): Read timed out. (read timeout=15) — retrying in 5s …
2026-07-20 13:19:23,463 | ERROR | NSE corp-actions PIDILITIND fetch failed after 3 attempts: HTTPSConnectionPool(host='www.nseindia.com', port=443): Read timed out. (read timeout=15)
2026-07-20 13:19:38,580 | WARNING | NSE corp-actions PNB fetch failed (attempt 1/3): HTTPSConnectionPool(host='www.nseindia.com', port=443): Read timed out. (read timeout=15) — retrying in 5s …
2026-07-20 13:19:58,873 | WARNING | NSE corp-actions POWERGRID fetch failed (attempt 1/3): HTTPSConnectionPool(host='www.nseindia.com', port=443): Read timed out. (read timeout=15) — retrying in 5s …
2026-07-20 13:20:19,130 | WARNING | NSE corp-actions RECLTD fetch failed (attempt 1/3): HTTPSConnectionPool(host='www.nseindia.com', port=443): Read timed out. (read timeout=15) — retrying in 5s …
2026-07-20 13:20:39,474 | WARNING | NSE corp-actions RELIANCE fetch failed (attempt 1/3): HTTPSConnectionPool(host='www.nseindia.com', port=443): Read timed out. (read timeout=15) — retrying in 5s …
2026-07-20 13:20:59,831 | WARNING | NSE corp-actions SBILIFE fetch failed (attempt 1/3): HTTPSConnectionPool(host='www.nseindia.com', port=443): Read timed out. (read timeout=15) — retrying in 5s …
2026-07-20 13:21:21,345 | WARNING | NSE corp-actions SBIN fetch failed (attempt 1/3): HTTPSConnectionPool(host='www.nseindia.com', port=443): Read timed out. (read timeout=15) — retrying in 5s …
2026-07-20 13:21:42,761 | WARNING | NSE corp-actions SHREECEM fetch failed (attempt 1/3): HTTPSConnectionPool(host='www.nseindia.com', port=443): Read timed out. (read timeout=15) — retrying in 5s …
2026-07-20 13:22:05,329 | WARNING | NSE corp-actions SHRIRAMFIN fetch failed (attempt 1/3): HTTPSConnectionPool(host='www.nseindia.com', port=443): Read timed out. (read timeout=15) — retrying in 5s …
2026-07-20 13:22:25,393 | WARNING | NSE corp-actions SHRIRAMFIN fetch failed (attempt 2/3): HTTPSConnectionPool(host='www.nseindia.com', port=443): Read timed out. (read timeout=15) — retrying in 5s …
2026-07-20 13:22:45,776 | WARNING | NSE corp-actions SIEMENS fetch failed (attempt 1/3): HTTPSConnectionPool(host='www.nseindia.com', port=443): Read timed out. (read timeout=15) — retrying in 5s …
2026-07-20 13:23:05,844 | WARNING | NSE corp-actions SIEMENS fetch failed (attempt 2/3): HTTPSConnectionPool(host='www.nseindia.com', port=443): Read timed out. (read timeout=15) — retrying in 5s …
2026-07-20 13:23:27,536 | WARNING | NSE corp-actions SOLARINDS fetch failed (attempt 1/3): HTTPSConnectionPool(host='www.nseindia.com', port=443): Read timed out. (read timeout=15) — retrying in 5s …
2026-07-20 13:23:47,621 | WARNING | NSE corp-actions SOLARINDS fetch failed (attempt 2/3): HTTPSConnectionPool(host='www.nseindia.com', port=443): Read timed out. (read timeout=15) — retrying in 5s …
2026-07-20 13:24:07,697 | ERROR | NSE corp-actions SOLARINDS fetch failed after 3 attempts: HTTPSConnectionPool(host='www.nseindia.com', port=443): Read timed out. (read timeout=15)
2026-07-20 13:24:22,754 | WARNING | NSE corp-actions SUNPHARMA fetch failed (attempt 1/3): HTTPSConnectionPool(host='www.nseindia.com', port=443): Read timed out. (read timeout=15) — retrying in 5s …
2026-07-20 13:24:43,421 | WARNING | NSE corp-actions TATACAP fetch failed (attempt 1/3): HTTPSConnectionPool(host='www.nseindia.com', port=443): Read timed out. (read timeout=15) — retrying in 5s …
2026-07-20 13:25:03,500 | WARNING | NSE corp-actions TATACAP fetch failed (attempt 2/3): HTTPSConnectionPool(host='www.nseindia.com', port=443): Read timed out. (read timeout=15) — retrying in 5s …
2026-07-20 13:25:23,872 | WARNING | NSE corp-actions TATACONSUM fetch failed (attempt 1/3): HTTPSConnectionPool(host='www.nseindia.com', port=443): Read timed out. (read timeout=15) — retrying in 5s …
2026-07-20 13:25:44,469 | WARNING | NSE corp-actions TATAPOWER fetch failed (attempt 1/3): HTTPSConnectionPool(host='www.nseindia.com', port=443): Read timed out. (read timeout=15) — retrying in 5s …
2026-07-20 13:26:04,553 | WARNING | NSE corp-actions TATAPOWER fetch failed (attempt 2/3): HTTPSConnectionPool(host='www.nseindia.com', port=443): Read timed out. (read timeout=15) — retrying in 5s …
2026-07-20 13:26:24,880 | WARNING | NSE corp-actions TATASTEEL fetch failed (attempt 1/3): HTTPSConnectionPool(host='www.nseindia.com', port=443): Read timed out. (read timeout=15) — retrying in 5s …
2026-07-20 13:26:45,286 | WARNING | NSE corp-actions TCS fetch failed (attempt 1/3): HTTPSConnectionPool(host='www.nseindia.com', port=443): Read timed out. (read timeout=15) — retrying in 5s …
2026-07-20 13:27:05,716 | WARNING | NSE corp-actions TECHM fetch failed (attempt 1/3): HTTPSConnectionPool(host='www.nseindia.com', port=443): Read timed out. (read timeout=15) — retrying in 5s …
2026-07-20 13:27:25,775 | WARNING | NSE corp-actions TECHM fetch failed (attempt 2/3): HTTPSConnectionPool(host='www.nseindia.com', port=443): Read timed out. (read timeout=15) — retrying in 5s …
2026-07-20 13:27:45,989 | WARNING | NSE corp-actions TITAN fetch failed (attempt 1/3): HTTPSConnectionPool(host='www.nseindia.com', port=443): Read timed out. (read timeout=15) — retrying in 5s …
2026-07-20 13:28:06,621 | WARNING | NSE corp-actions TMCV fetch failed (attempt 1/3): HTTPSConnectionPool(host='www.nseindia.com', port=443): Read timed out. (read timeout=15) — retrying in 5s …
2026-07-20 13:28:26,736 | WARNING | NSE corp-actions TMCV fetch failed (attempt 2/3): HTTPSConnectionPool(host='www.nseindia.com', port=443): Read timed out. (read timeout=15) — retrying in 5s …
2026-07-20 13:28:46,860 | WARNING | NSE corp-actions TMPV fetch failed (attempt 1/3): HTTPSConnectionPool(host='www.nseindia.com', port=443): Read timed out. (read timeout=15) — retrying in 5s …
2026-07-20 13:29:06,922 | WARNING | NSE corp-actions TMPV fetch failed (attempt 2/3): HTTPSConnectionPool(host='www.nseindia.com', port=443): Read timed out. (read timeout=15) — retrying in 5s …
2026-07-20 13:29:27,071 | WARNING | NSE corp-actions TORNTPHARM fetch failed (attempt 1/3): HTTPSConnectionPool(host='www.nseindia.com', port=443): Read timed out. (read timeout=15) — retrying in 5s …
2026-07-20 13:29:47,376 | WARNING | NSE corp-actions TRENT fetch failed (attempt 1/3): HTTPSConnectionPool(host='www.nseindia.com', port=443): Read timed out. (read timeout=15) — retrying in 5s …
2026-07-20 13:30:07,821 | WARNING | NSE corp-actions TVSMOTOR fetch failed (attempt 1/3): HTTPSConnectionPool(host='www.nseindia.com', port=443): Read timed out. (read timeout=15) — retrying in 5s …
2026-07-20 13:30:27,866 | WARNING | NSE corp-actions TVSMOTOR fetch failed (attempt 2/3): HTTPSConnectionPool(host='www.nseindia.com', port=443): Read timed out. (read timeout=15) — retrying in 5s …
2026-07-20 13:30:48,599 | WARNING | NSE corp-actions ULTRACEMCO fetch failed (attempt 1/3): HTTPSConnectionPool(host='www.nseindia.com', port=443): Read timed out. (read timeout=15) — retrying in 5s …
2026-07-20 13:31:08,924 | WARNING | NSE corp-actions UNIONBANK fetch failed (attempt 1/3): HTTPSConnectionPool(host='www.nseindia.com', port=443): Read timed out. (read timeout=15) — retrying in 5s …
2026-07-20 13:31:29,247 | WARNING | NSE corp-actions UNITDSPR fetch failed (attempt 1/3): HTTPSConnectionPool(host='www.nseindia.com', port=443): Read timed out. (read timeout=15) — retrying in 5s …
2026-07-20 13:31:49,687 | WARNING | NSE corp-actions VBL fetch failed (attempt 1/3): HTTPSConnectionPool(host='www.nseindia.com', port=443): Read timed out. (read timeout=15) — retrying in 5s …
2026-07-20 13:32:10,260 | WARNING | NSE corp-actions VEDL fetch failed (attempt 1/3): HTTPSConnectionPool(host='www.nseindia.com', port=443): Read timed out. (read timeout=15) — retrying in 5s …
2026-07-20 13:32:30,617 | WARNING | NSE corp-actions WIPRO fetch failed (attempt 1/3): HTTPSConnectionPool(host='www.nseindia.com', port=443): Read timed out. (read timeout=15) — retrying in 5s …
2026-07-20 13:32:51,051 | WARNING | NSE corp-actions ZYDUSLIFE fetch failed (attempt 1/3): HTTPSConnectionPool(host='www.nseindia.com', port=443): Read timed out. (read timeout=15) — retrying in 5s …
2026-07-20 13:33:11,175 | WARNING | NSE corp-actions ZYDUSLIFE fetch failed (attempt 2/3): HTTPSConnectionPool(host='www.nseindia.com', port=443): Read timed out. (read timeout=15) — retrying in 5s …
2026-07-20 13:33:31,256 | ERROR | NSE corp-actions ZYDUSLIFE fetch failed after 3 attempts: HTTPSConnectionPool(host='www.nseindia.com', port=443): Read timed out. (read timeout=15)
2026-07-20 13:33:31,257 | INFO | Corporate actions: 0/100 symbols have events (window 20-07-2026 to 19-08-2026) | Symbols: none
2026-07-20 13:33:31,257 | INFO | Index membership from cache: NIFTY 50 (50 symbols)
2026-07-20 13:33:31,257 | INFO | Index membership from cache: Nifty Next 50 (50 symbols)
2026-07-20 13:33:31,257 | INFO | Index membership ready: 100 symbols mapped
2026-07-20 13:33:31,917 | INFO | News RSS query for ABB: https://news.google.com/rss/search?q=%22ABB+India+Ltd.%22+NSE+when:10d&hl=en-IN&gl=IN&ceid=IN:en
2026-07-20 13:33:32,203 | INFO | News RSS status for ABB: 200
2026-07-20 13:33:32,574 | INFO | News RSS query for ADANIENSOL: https://news.google.com/rss/search?q=%22Adani+Energy+Solutions+Ltd.%22+NSE+when:10d&hl=en-IN&gl=IN&ceid=IN:en
2026-07-20 13:33:32,775 | INFO | News RSS status for ADANIENSOL: 200
2026-07-20 13:33:33,458 | INFO | News RSS query for ADANIENT: https://news.google.com/rss/search?q=%22Adani+Enterprises+Ltd.%22+NSE+when:10d&hl=en-IN&gl=IN&ceid=IN:en
2026-07-20 13:33:33,664 | INFO | News RSS status for ADANIENT: 200
2026-07-20 13:33:34,302 | INFO | News RSS query for ADANIGREEN: https://news.google.com/rss/search?q=%22Adani+Green+Energy+Ltd.%22+NSE+when:10d&hl=en-IN&gl=IN&ceid=IN:en
2026-07-20 13:33:34,537 | INFO | News RSS status for ADANIGREEN: 200
2026-07-20 13:33:34,600 | INFO | News RSS query for ADANIGREEN: https://news.google.com/rss/search?q=%22Adani+Green+Energy+Ltd.%22+NSE+when:10d&hl=en-IN&gl=IN&ceid=IN:en
2026-07-20 13:33:34,612 | INFO | News RSS status for ADANIGREEN: 200
2026-07-20 13:33:35,251 | INFO | News RSS query for ADANIPORTS: https://news.google.com/rss/search?q=%22Adani+Ports+and+Special+Economic+Zone+Ltd.%22+NSE+when:10d&hl=en-IN&gl=IN&ceid=IN:en
2026-07-20 13:33:35,477 | INFO | News RSS status for ADANIPORTS: 200
2026-07-20 13:33:37,313 | INFO | News RSS query for APOLLOHOSP: https://news.google.com/rss/search?q=%22Apollo+Hospitals+Enterprise+Ltd.%22+NSE+when:10d&hl=en-IN&gl=IN&ceid=IN:en
2026-07-20 13:33:37,512 | INFO | News RSS status for APOLLOHOSP: 200
2026-07-20 13:33:37,515 | INFO | News RSS query for APOLLOHOSP: https://news.google.com/rss/search?q=%22Apollo+Hospitals+Enterprise+Ltd.%22+stock+when:10d&hl=en-IN&gl=IN&ceid=IN:en
2026-07-20 13:33:37,719 | INFO | News RSS status for APOLLOHOSP: 200
2026-07-20 13:33:39,556 | INFO | News RSS query for BAJAJ-AUTO: https://news.google.com/rss/search?q=%22Bajaj+Auto+Ltd.%22+NSE+when:10d&hl=en-IN&gl=IN&ceid=IN:en
2026-07-20 13:33:39,766 | INFO | News RSS status for BAJAJ-AUTO: 200
2026-07-20 13:33:41,574 | INFO | News RSS query for BAJFINANCE: https://news.google.com/rss/search?q=%22Bajaj+Finance+Ltd.%22+NSE+when:10d&hl=en-IN&gl=IN&ceid=IN:en
2026-07-20 13:33:41,785 | INFO | News RSS status for BAJFINANCE: 200
2026-07-20 13:33:44,145 | INFO | News RSS query for BOSCHLTD: https://news.google.com/rss/search?q=%22Bosch+Ltd.%22+NSE+when:10d&hl=en-IN&gl=IN&ceid=IN:en
2026-07-20 13:33:44,337 | INFO | News RSS status for BOSCHLTD: 200
2026-07-20 13:33:44,404 | INFO | News RSS query for BOSCHLTD: https://news.google.com/rss/search?q=%22Bosch+Ltd.%22+NSE+when:10d&hl=en-IN&gl=IN&ceid=IN:en
2026-07-20 13:33:44,415 | INFO | News RSS status for BOSCHLTD: 200
2026-07-20 13:33:47,366 | INFO | News RSS query for CHOLAFIN: https://news.google.com/rss/search?q=%22Cholamandalam+Investment+and+Finance+Company+Ltd.%22+NSE+when:10d&hl=en-IN&gl=IN&ceid=IN:en
2026-07-20 13:33:47,572 | INFO | News RSS status for CHOLAFIN: 200
2026-07-20 13:33:48,222 | INFO | News RSS query for CIPLA: https://news.google.com/rss/search?q=%22Cipla+Ltd.%22+NSE+when:10d&hl=en-IN&gl=IN&ceid=IN:en
2026-07-20 13:33:48,450 | INFO | News RSS status for CIPLA: 200
2026-07-20 13:33:49,662 | INFO | News RSS query for CUMMINSIND: https://news.google.com/rss/search?q=%22Cummins+India+Ltd.%22+NSE+when:10d&hl=en-IN&gl=IN&ceid=IN:en
2026-07-20 13:33:49,859 | INFO | News RSS status for CUMMINSIND: 200
2026-07-20 13:33:50,535 | INFO | News RSS query for DIVISLAB: https://news.google.com/rss/search?q=%22Divi%27s+Laboratories+Ltd.%22+NSE+when:10d&hl=en-IN&gl=IN&ceid=IN:en
2026-07-20 13:33:50,736 | INFO | News RSS status for DIVISLAB: 200
2026-07-20 13:33:53,123 | INFO | News RSS query for EICHERMOT: https://news.google.com/rss/search?q=%22Eicher+Motors+Ltd.%22+NSE+when:10d&hl=en-IN&gl=IN&ceid=IN:en
2026-07-20 13:33:53,370 | INFO | News RSS status for EICHERMOT: 200
2026-07-20 13:33:54,073 | INFO | News RSS query for ETERNAL: https://news.google.com/rss/search?q=%22Eternal+Ltd.%22+NSE+when:10d&hl=en-IN&gl=IN&ceid=IN:en
2026-07-20 13:33:54,259 | INFO | News RSS status for ETERNAL: 200
2026-07-20 13:33:54,324 | INFO | News RSS query for ETERNAL: https://news.google.com/rss/search?q=%22Eternal+Ltd.%22+NSE+when:10d&hl=en-IN&gl=IN&ceid=IN:en
2026-07-20 13:33:54,336 | INFO | News RSS status for ETERNAL: 200
2026-07-20 13:33:54,973 | INFO | News RSS query for GAIL: https://news.google.com/rss/search?q=%22GAIL+%28India%29+Ltd.%22+NSE+when:10d&hl=en-IN&gl=IN&ceid=IN:en
2026-07-20 13:33:55,170 | INFO | News RSS status for GAIL: 200
2026-07-20 13:33:57,006 | INFO | News RSS query for HAL: https://news.google.com/rss/search?q=%22Hindustan+Aeronautics+Ltd.%22+NSE+when:10d&hl=en-IN&gl=IN&ceid=IN:en
2026-07-20 13:33:57,211 | INFO | News RSS status for HAL: 200
2026-07-20 13:34:02,111 | INFO | News RSS query for ICICIBANK: https://news.google.com/rss/search?q=%22ICICI+Bank+Ltd.%22+NSE+when:10d&hl=en-IN&gl=IN&ceid=IN:en
2026-07-20 13:34:02,368 | INFO | News RSS status for ICICIBANK: 200
2026-07-20 13:34:03,015 | INFO | News RSS query for INDHOTEL: https://news.google.com/rss/search?q=%22Indian+Hotels+Co.+Ltd.%22+NSE+when:10d&hl=en-IN&gl=IN&ceid=IN:en
2026-07-20 13:34:03,212 | INFO | News RSS status for INDHOTEL: 200
2026-07-20 13:34:03,865 | INFO | News RSS query for INDIGO: https://news.google.com/rss/search?q=%22InterGlobe+Aviation+Ltd.%22+NSE+when:10d&hl=en-IN&gl=IN&ceid=IN:en
2026-07-20 13:34:04,060 | INFO | News RSS status for INDIGO: 200
2026-07-20 13:34:09,528 | WARNING | Skipping LTM — only 102 bars available (need 220). Extend history_backfill_days in config.json to include this symbol.
2026-07-20 13:34:11,346 | INFO | News RSS query for MAXHEALTH: https://news.google.com/rss/search?q=%22Max+Healthcare+Institute+Ltd.%22+NSE+when:10d&hl=en-IN&gl=IN&ceid=IN:en
2026-07-20 13:34:11,564 | INFO | News RSS status for MAXHEALTH: 200
2026-07-20 13:34:11,567 | INFO | News RSS query for MAXHEALTH: https://news.google.com/rss/search?q=%22Max+Healthcare+Institute+Ltd.%22+stock+when:10d&hl=en-IN&gl=IN&ceid=IN:en
2026-07-20 13:34:11,792 | INFO | News RSS status for MAXHEALTH: 200
2026-07-20 13:34:14,220 | INFO | News RSS query for NESTLEIND: https://news.google.com/rss/search?q=%22Nestle+India+Ltd.%22+NSE+when:10d&hl=en-IN&gl=IN&ceid=IN:en
2026-07-20 13:34:14,424 | INFO | News RSS status for NESTLEIND: 200
2026-07-20 13:34:16,834 | INFO | News RSS query for PIDILITIND: https://news.google.com/rss/search?q=%22Pidilite+Industries+Ltd.%22+NSE+when:10d&hl=en-IN&gl=IN&ceid=IN:en
2026-07-20 13:34:17,020 | INFO | News RSS status for PIDILITIND: 200
2026-07-20 13:34:17,021 | INFO | News RSS query for PIDILITIND: https://news.google.com/rss/search?q=%22Pidilite+Industries+Ltd.%22+stock+when:10d&hl=en-IN&gl=IN&ceid=IN:en
2026-07-20 13:34:17,222 | INFO | News RSS status for PIDILITIND: 200
2026-07-20 13:34:17,288 | INFO | News RSS query for PIDILITIND: https://news.google.com/rss/search?q=%22Pidilite+Industries+Ltd.%22+NSE+when:10d&hl=en-IN&gl=IN&ceid=IN:en
2026-07-20 13:34:17,300 | INFO | News RSS status for PIDILITIND: 200
2026-07-20 13:34:17,301 | INFO | News RSS query for PIDILITIND: https://news.google.com/rss/search?q=%22Pidilite+Industries+Ltd.%22+stock+when:10d&hl=en-IN&gl=IN&ceid=IN:en
2026-07-20 13:34:17,313 | INFO | News RSS status for PIDILITIND: 200
2026-07-20 13:34:17,960 | INFO | News RSS query for PNB: https://news.google.com/rss/search?q=%22Punjab+National+Bank%22+NSE+when:10d&hl=en-IN&gl=IN&ceid=IN:en
2026-07-20 13:34:18,266 | INFO | News RSS status for PNB: 200
2026-07-20 13:34:19,476 | INFO | News RSS query for RECLTD: https://news.google.com/rss/search?q=%22REC+Ltd.%22+NSE+when:10d&hl=en-IN&gl=IN&ceid=IN:en
2026-07-20 13:34:19,673 | INFO | News RSS status for RECLTD: 200
2026-07-20 13:34:20,321 | INFO | News RSS query for RELIANCE: https://news.google.com/rss/search?q=%22Reliance+Industries+Ltd.%22+NSE+when:10d&hl=en-IN&gl=IN&ceid=IN:en
2026-07-20 13:34:20,593 | INFO | News RSS status for RELIANCE: 200
2026-07-20 13:34:21,808 | INFO | News RSS query for SBIN: https://news.google.com/rss/search?q=%22State+Bank+of+India%22+NSE+when:10d&hl=en-IN&gl=IN&ceid=IN:en
2026-07-20 13:34:22,150 | INFO | News RSS status for SBIN: 200
2026-07-20 13:34:23,390 | INFO | News RSS query for SHRIRAMFIN: https://news.google.com/rss/search?q=%22Shriram+Finance+Ltd.%22+NSE+when:10d&hl=en-IN&gl=IN&ceid=IN:en
2026-07-20 13:34:23,575 | INFO | News RSS status for SHRIRAMFIN: 200
2026-07-20 13:34:24,220 | INFO | News RSS query for SIEMENS: https://news.google.com/rss/search?q=%22Siemens+Ltd.%22+NSE+when:10d&hl=en-IN&gl=IN&ceid=IN:en
2026-07-20 13:34:24,425 | INFO | News RSS status for SIEMENS: 200
2026-07-20 13:34:24,486 | INFO | News RSS query for SIEMENS: https://news.google.com/rss/search?q=%22Siemens+Ltd.%22+NSE+when:10d&hl=en-IN&gl=IN&ceid=IN:en
2026-07-20 13:34:24,497 | INFO | News RSS status for SIEMENS: 200
2026-07-20 13:34:25,143 | INFO | News RSS query for SOLARINDS: https://news.google.com/rss/search?q=%22Solar+Industries+India+Ltd.%22+NSE+when:10d&hl=en-IN&gl=IN&ceid=IN:en
2026-07-20 13:34:25,351 | INFO | News RSS status for SOLARINDS: 200
2026-07-20 13:34:25,999 | INFO | News RSS query for SUNPHARMA: https://news.google.com/rss/search?q=%22Sun+Pharmaceutical+Industries+Ltd.%22+NSE+when:10d&hl=en-IN&gl=IN&ceid=IN:en
2026-07-20 13:34:26,198 | INFO | News RSS status for SUNPHARMA: 200
2026-07-20 13:34:26,205 | WARNING | Skipping TATACAP — only 190 bars available (need 220). Extend history_backfill_days in config.json to include this symbol.
2026-07-20 13:34:29,825 | INFO | News RSS query for TITAN: https://news.google.com/rss/search?q=%22Titan+Company+Ltd.%22+NSE+when:10d&hl=en-IN&gl=IN&ceid=IN:en
2026-07-20 13:34:30,026 | INFO | News RSS status for TITAN: 200
2026-07-20 13:34:30,032 | WARNING | Skipping TMCV — only 170 bars available (need 220). Extend history_backfill_days in config.json to include this symbol.
2026-07-20 13:34:30,032 | WARNING | Skipping TMPV — only 187 bars available (need 220). Extend history_backfill_days in config.json to include this symbol.
2026-07-20 13:34:30,695 | INFO | News RSS query for TORNTPHARM: https://news.google.com/rss/search?q=%22Torrent+Pharmaceuticals+Ltd.%22+NSE+when:10d&hl=en-IN&gl=IN&ceid=IN:en
2026-07-20 13:34:30,931 | INFO | News RSS status for TORNTPHARM: 200
2026-07-20 13:34:32,185 | INFO | News RSS query for TVSMOTOR: https://news.google.com/rss/search?q=%22TVS+Motor+Company+Ltd.%22+NSE+when:10d&hl=en-IN&gl=IN&ceid=IN:en
2026-07-20 13:34:32,398 | INFO | News RSS status for TVSMOTOR: 200
2026-07-20 13:34:33,654 | INFO | News RSS query for UNIONBANK: https://news.google.com/rss/search?q=%22Union+Bank+of+India%22+NSE+when:10d&hl=en-IN&gl=IN&ceid=IN:en
2026-07-20 13:34:33,955 | INFO | News RSS status for UNIONBANK: 200
2026-07-20 13:34:34,188 | WARNING | Skipping VAML — only 6 bars available (need 220). Extend history_backfill_days in config.json to include this symbol.
2026-07-20 13:34:35,343 | WARNING | Skipping VEDPOWER — only 4 bars available (need 220). Extend history_backfill_days in config.json to include this symbol.
2026-07-20 13:34:35,343 | WARNING | Skipping VISL — only 4 bars available (need 220). Extend history_backfill_days in config.json to include this symbol.
2026-07-20 13:34:35,344 | WARNING | Skipping VOGL — only 7 bars available (need 220). Extend history_backfill_days in config.json to include this symbol.
2026-07-20 13:34:36,580 | INFO | News RSS query for ZYDUSLIFE: https://news.google.com/rss/search?q=%22Zydus+Lifesciences+Ltd.%22+NSE+when:10d&hl=en-IN&gl=IN&ceid=IN:en
2026-07-20 13:34:36,774 | INFO | News RSS status for ZYDUSLIFE: 200
2026-07-20 13:34:36,776 | INFO | News RSS query for ZYDUSLIFE: https://news.google.com/rss/search?q=%22Zydus+Lifesciences+Ltd.%22+stock+when:10d&hl=en-IN&gl=IN&ceid=IN:en
2026-07-20 13:34:36,995 | INFO | News RSS status for ZYDUSLIFE: 200
2026-07-20 13:34:37,006 | INFO | Index membership from cache: NIFTY 50 (50 symbols)
2026-07-20 13:34:37,006 | INFO | Index membership from cache: Nifty Next 50 (50 symbols)
2026-07-20 13:34:37,006 | INFO | Index membership ready: 100 symbols mapped
2026-07-20 13:34:37,006 | INFO | Market Health: fetching index OHLCV...
2026-07-20 13:34:37,009 | INFO | Index OHLCV cache fresh for NIFTY 50 (1424 rows)
2026-07-20 13:34:37,012 | INFO | Index OHLCV cache fresh for NIFTY NEXT 50 (1424 rows)
2026-07-20 13:34:37,012 | INFO | Market Health: fetching VIX...
2026-07-20 13:34:37,014 | INFO | VIX cache fresh (122 rows)
2026-07-20 13:34:37,014 | INFO | Market Health: updating breadth EMA cache...
2026-07-20 13:34:38,690 | INFO | Breadth EMA cache: 131764 total rows (+100)
2026-07-20 13:34:38,711 | INFO | Market Health [NIFTY 50]: Score=21.0 | Weak Bull &#x1F7E1;
2026-07-20 13:34:38,728 | INFO | Market Health [Nifty Next 50]: Score=-17.0 | Sideways &#x1F7E0;
2026-07-20 13:34:38,823 | INFO | Signal log: appended 11 new signals. Total rows: 487
2026-07-20 13:34:38,823 | INFO | Signal log written/updated: /home/runner/work/nifty100-reporter/nifty100-reporter/data/nifty100_signal_log.csv
2026-07-20 13:34:39,982 | INFO | Signal tracker: updated 187 Active signal rows.
2026-07-20 13:34:40,003 | INFO | HTML report written: /home/runner/work/nifty100-reporter/nifty100-reporter/reports/nifty100_daily_report_20260720.html
2026-07-20 13:34:40,011 | INFO | Market Health Excel sheet written.
2026-07-20 13:34:41,068 | INFO | Excel report written: /home/runner/work/nifty100-reporter/nifty100-reporter/reports/nifty100_daily_report_20260720.xlsx
2026-07-20 13:34:41,068 | INFO | GitHub Actions detected — skipping Gmail API send (workflow handles email).
2026-07-20 13:34:41,068 | INFO | Run completed successfully.
2026-07-20 13:34:41,068 | INFO | Artifacts: /home/runner/work/nifty100-reporter/nifty100-reporter/reports/nifty100_daily_report_20260720.html | /home/runner/work/nifty100-reporter/nifty100-reporter/reports/nifty100_daily_report_20260720.xlsx | log: /home/runner/work/nifty100-reporter/nifty100-reporter/logs/run_20260720_181557.log
