2026-06-24 12:46:02,411 | INFO | Nifty 100 Daily EMA Cross Reporter | Version 3.3.8 | Released 2026-04-17
2026-06-24 12:46:02,411 | INFO | Base directory: /home/runner/work/nifty100-reporter/nifty100-reporter
2026-06-24 12:46:02,411 | INFO | Loaded config. Email enabled: True | Recipients: 1
2026-06-24 12:46:02,473 | WARNING | NSE session bootstrap HTTP 403 (attempt 1/5) — refreshing NSE session cookie …
2026-06-24 12:46:12,649 | INFO | NSE session bootstrap status: 200
2026-06-24 12:46:12,649 | INFO | Downloading Nifty 100 universe from https://www.niftyindices.com/IndexConstituent/ind_nifty100list.csv
2026-06-24 12:46:13,151 | INFO | Universe download status: 200
2026-06-24 12:46:13,156 | INFO | Universe rows loaded: 100
2026-06-24 12:46:13,240 | INFO | Loaded history rows: 130054
2026-06-24 12:46:13,246 | INFO | yfinance history update: 100 symbols | 2026-06-22 → 2026-06-25
2026-06-24 12:46:13,246 | INFO | yfinance batch download: 100 symbols | 2026-06-22 → 2026-06-25
2026-06-24 12:46:13,248 | INFO | Failed to create TzCache, reason: Error creating TzCache folder: '/home/runner/.cache/py-yfinance' reason: [Errno 17] File exists: '/home/runner/.cache/py-yfinance'. TzCache will not be used. Tip: You can direct cache to use a different location with 'set_tz_cache_location(mylocation)'
2026-06-24 12:46:18,624 | INFO | yfinance raw shape: (3, 500)
2026-06-24 12:46:18,859 | INFO | yfinance parsed rows after date-filter: 300
2026-06-24 12:46:18,860 | INFO | New rows from yfinance: 300
2026-06-24 12:46:19,469 | INFO | Saved history rows: 130154 | file: /home/runner/work/nifty100-reporter/nifty100-reporter/data/nifty100_ohlcv_history.csv
2026-06-24 12:46:19,548 | INFO | Loaded history rows: 130154
2026-06-24 12:46:19,549 | INFO | Latest OHLCV data is from 2026-06-24
2026-06-24 12:46:19,566 | INFO | Latest Delivery data is from 2026-06-23
2026-06-24 12:46:19,600 | INFO | Delivery cache has 28 dates — skipping backfill.
2026-06-24 12:46:19,600 | INFO | Delivery fetch attempt [0/7] — URL: https://archives.nseindia.com/products/content/sec_bhavdata_full_24062026.csv
2026-06-24 12:46:21,336 | INFO | Delivery fetch SUCCESS — date: 2026-06-24 | size: 369962 bytes | URL: https://archives.nseindia.com/products/content/sec_bhavdata_full_24062026.csv
2026-06-24 12:46:21,587 | INFO | Delivery cache updated: 2408 symbols for 2026-06-24 (rows in cache: 70735)
2026-06-24 12:46:21,588 | INFO | Delivery data: 2408 symbols | fallback=False
2026-06-24 12:46:21,998 | INFO | Corporate actions bulk OK: 132 raw rows | 20 Nifty100 symbols with events
2026-06-24 12:46:47,754 | INFO | Corporate actions: 20/100 symbols have events (window 24-06-2026 to 24-07-2026) | Symbols: AXISBANK, BAJAJ-AUTO, BAJAJFINSV, BAJAJHLDNG, BAJFINANCE, CHOLAFIN, CUMMINSIND, DIVISLAB, HINDALCO, JSWSTEEL, M&M, MAXHEALTH, MOTHERSON, NESTLEIND, SHRIRAMFIN, SUNPHARMA, TECHM, UNIONBANK, UNITDSPR, ZYDUSLIFE
2026-06-24 12:46:47,754 | INFO | Index membership from cache: NIFTY 50 (50 symbols)
2026-06-24 12:46:47,754 | INFO | Index membership from cache: Nifty Next 50 (50 symbols)
2026-06-24 12:46:47,755 | INFO | Index membership ready: 100 symbols mapped
2026-06-24 12:46:48,107 | INFO | News RSS query for ABB: https://news.google.com/rss/search?q=%22ABB+India+Ltd.%22+NSE+when:10d&hl=en-IN&gl=IN&ceid=IN:en
2026-06-24 12:46:48,385 | INFO | News RSS status for ABB: 200
2026-06-24 12:46:48,585 | INFO | News RSS query for ADANIENSOL: https://news.google.com/rss/search?q=%22Adani+Energy+Solutions+Ltd.%22+NSE+when:10d&hl=en-IN&gl=IN&ceid=IN:en
2026-06-24 12:46:48,789 | INFO | News RSS status for ADANIENSOL: 200
2026-06-24 12:46:49,132 | INFO | News RSS query for ADANIENT: https://news.google.com/rss/search?q=%22Adani+Enterprises+Ltd.%22+NSE+when:10d&hl=en-IN&gl=IN&ceid=IN:en
2026-06-24 12:46:49,379 | INFO | News RSS status for ADANIENT: 200
2026-06-24 12:46:49,721 | INFO | News RSS query for ADANIGREEN: https://news.google.com/rss/search?q=%22Adani+Green+Energy+Ltd.%22+NSE+when:10d&hl=en-IN&gl=IN&ceid=IN:en
2026-06-24 12:46:49,939 | INFO | News RSS status for ADANIGREEN: 200
2026-06-24 12:46:49,988 | INFO | News RSS query for ADANIGREEN: https://news.google.com/rss/search?q=%22Adani+Green+Energy+Ltd.%22+NSE+when:10d&hl=en-IN&gl=IN&ceid=IN:en
2026-06-24 12:46:49,994 | INFO | News RSS status for ADANIGREEN: 200
2026-06-24 12:46:50,338 | INFO | News RSS query for ADANIPORTS: https://news.google.com/rss/search?q=%22Adani+Ports+and+Special+Economic+Zone+Ltd.%22+NSE+when:10d&hl=en-IN&gl=IN&ceid=IN:en
2026-06-24 12:46:50,565 | INFO | News RSS status for ADANIPORTS: 200
2026-06-24 12:46:50,909 | INFO | News RSS query for ADANIPOWER: https://news.google.com/rss/search?q=%22Adani+Power+Ltd.%22+NSE+when:10d&hl=en-IN&gl=IN&ceid=IN:en
2026-06-24 12:46:51,118 | INFO | News RSS status for ADANIPOWER: 200
2026-06-24 12:46:51,759 | INFO | News RSS query for APOLLOHOSP: https://news.google.com/rss/search?q=%22Apollo+Hospitals+Enterprise+Ltd.%22+NSE+when:10d&hl=en-IN&gl=IN&ceid=IN:en
2026-06-24 12:46:51,937 | INFO | News RSS status for APOLLOHOSP: 200
2026-06-24 12:46:52,281 | INFO | News RSS query for ASIANPAINT: https://news.google.com/rss/search?q=%22Asian+Paints+Ltd.%22+NSE+when:10d&hl=en-IN&gl=IN&ceid=IN:en
2026-06-24 12:46:52,489 | INFO | News RSS status for ASIANPAINT: 200
2026-06-24 12:46:52,834 | INFO | News RSS query for AXISBANK: https://news.google.com/rss/search?q=%22Axis+Bank+Ltd.%22+NSE+when:10d&hl=en-IN&gl=IN&ceid=IN:en
2026-06-24 12:46:53,069 | INFO | News RSS status for AXISBANK: 200
2026-06-24 12:46:54,599 | INFO | News RSS query for BANKBARODA: https://news.google.com/rss/search?q=%22Bank+of+Baroda%22+NSE+when:10d&hl=en-IN&gl=IN&ceid=IN:en
2026-06-24 12:46:54,888 | INFO | News RSS status for BANKBARODA: 200
2026-06-24 12:46:55,824 | INFO | News RSS query for BOSCHLTD: https://news.google.com/rss/search?q=%22Bosch+Ltd.%22+NSE+when:10d&hl=en-IN&gl=IN&ceid=IN:en
2026-06-24 12:46:56,026 | INFO | News RSS status for BOSCHLTD: 200
2026-06-24 12:46:57,261 | INFO | News RSS query for CGPOWER: https://news.google.com/rss/search?q=%22CG+Power+and+Industrial+Solutions+Ltd.%22+NSE+when:10d&hl=en-IN&gl=IN&ceid=IN:en
2026-06-24 12:46:57,473 | INFO | News RSS status for CGPOWER: 200
2026-06-24 12:46:57,474 | INFO | News RSS query for CGPOWER: https://news.google.com/rss/search?q=%22CG+Power+and+Industrial+Solutions+Ltd.%22+stock+when:10d&hl=en-IN&gl=IN&ceid=IN:en
2026-06-24 12:46:57,680 | INFO | News RSS status for CGPOWER: 200
2026-06-24 12:46:57,681 | INFO | News RSS query for CGPOWER: https://news.google.com/rss/search?q=CGPOWER+NSE+when:10d&hl=en-IN&gl=IN&ceid=IN:en
2026-06-24 12:46:57,915 | INFO | News RSS status for CGPOWER: 200
2026-06-24 12:46:59,148 | INFO | News RSS query for CUMMINSIND: https://news.google.com/rss/search?q=%22Cummins+India+Ltd.%22+NSE+when:10d&hl=en-IN&gl=IN&ceid=IN:en
2026-06-24 12:46:59,356 | INFO | News RSS status for CUMMINSIND: 200
2026-06-24 12:46:59,700 | INFO | News RSS query for DIVISLAB: https://news.google.com/rss/search?q=%22Divi%27s+Laboratories+Ltd.%22+NSE+when:10d&hl=en-IN&gl=IN&ceid=IN:en
2026-06-24 12:46:59,922 | INFO | News RSS status for DIVISLAB: 200
2026-06-24 12:46:59,924 | INFO | News RSS query for DIVISLAB: https://news.google.com/rss/search?q=%22Divi%27s+Laboratories+Ltd.%22+stock+when:10d&hl=en-IN&gl=IN&ceid=IN:en
2026-06-24 12:47:00,127 | INFO | News RSS status for DIVISLAB: 200
2026-06-24 12:47:00,128 | INFO | News RSS query for DIVISLAB: https://news.google.com/rss/search?q=DIVISLAB+NSE+when:10d&hl=en-IN&gl=IN&ceid=IN:en
2026-06-24 12:47:00,361 | INFO | News RSS status for DIVISLAB: 200
2026-06-24 12:47:00,999 | INFO | News RSS query for DMART: https://news.google.com/rss/search?q=%22Avenue+Supermarts+Ltd.%22+NSE+when:10d&hl=en-IN&gl=IN&ceid=IN:en
2026-06-24 12:47:01,213 | INFO | News RSS status for DMART: 200
2026-06-24 12:47:01,215 | INFO | News RSS query for DMART: https://news.google.com/rss/search?q=%22Avenue+Supermarts+Ltd.%22+stock+when:10d&hl=en-IN&gl=IN&ceid=IN:en
2026-06-24 12:47:01,446 | INFO | News RSS status for DMART: 200
2026-06-24 12:47:01,784 | INFO | News RSS query for DRREDDY: https://news.google.com/rss/search?q=%22Dr.+Reddy%27s+Laboratories+Ltd.%22+NSE+when:10d&hl=en-IN&gl=IN&ceid=IN:en
2026-06-24 12:47:02,001 | INFO | News RSS status for DRREDDY: 200
2026-06-24 12:47:02,080 | INFO | News RSS query for DRREDDY: https://news.google.com/rss/search?q=%22Dr.+Reddy%27s+Laboratories+Ltd.%22+NSE+when:10d&hl=en-IN&gl=IN&ceid=IN:en
2026-06-24 12:47:02,084 | INFO | News RSS status for DRREDDY: 200
2026-06-24 12:47:02,132 | INFO | News RSS query for DRREDDY: https://news.google.com/rss/search?q=%22Dr.+Reddy%27s+Laboratories+Ltd.%22+NSE+when:10d&hl=en-IN&gl=IN&ceid=IN:en
2026-06-24 12:47:02,136 | INFO | News RSS status for DRREDDY: 200
2026-06-24 12:47:02,483 | INFO | News RSS query for EICHERMOT: https://news.google.com/rss/search?q=%22Eicher+Motors+Ltd.%22+NSE+when:10d&hl=en-IN&gl=IN&ceid=IN:en
2026-06-24 12:47:02,703 | INFO | News RSS status for EICHERMOT: 200
2026-06-24 12:47:02,809 | INFO | News RSS query for ENRIN: https://news.google.com/rss/search?q=%22Siemens+Energy+India+Ltd.%22+NSE+when:10d&hl=en-IN&gl=IN&ceid=IN:en
2026-06-24 12:47:03,040 | INFO | News RSS status for ENRIN: 200
2026-06-24 12:47:03,088 | INFO | News RSS query for ENRIN: https://news.google.com/rss/search?q=%22Siemens+Energy+India+Ltd.%22+NSE+when:10d&hl=en-IN&gl=IN&ceid=IN:en
2026-06-24 12:47:03,092 | INFO | News RSS status for ENRIN: 200
2026-06-24 12:47:03,691 | INFO | News RSS query for GAIL: https://news.google.com/rss/search?q=%22GAIL+%28India%29+Ltd.%22+NSE+when:10d&hl=en-IN&gl=IN&ceid=IN:en
2026-06-24 12:47:03,892 | INFO | News RSS status for GAIL: 200
2026-06-24 12:47:04,533 | INFO | News RSS query for GRASIM: https://news.google.com/rss/search?q=%22Grasim+Industries+Ltd.%22+NSE+when:10d&hl=en-IN&gl=IN&ceid=IN:en
2026-06-24 12:47:04,718 | INFO | News RSS status for GRASIM: 200
2026-06-24 12:47:04,766 | INFO | News RSS query for GRASIM: https://news.google.com/rss/search?q=%22Grasim+Industries+Ltd.%22+NSE+when:10d&hl=en-IN&gl=IN&ceid=IN:en
2026-06-24 12:47:04,772 | INFO | News RSS status for GRASIM: 200
2026-06-24 12:47:05,115 | INFO | News RSS query for HAL: https://news.google.com/rss/search?q=%22Hindustan+Aeronautics+Ltd.%22+NSE+when:10d&hl=en-IN&gl=IN&ceid=IN:en
2026-06-24 12:47:05,330 | INFO | News RSS status for HAL: 200
2026-06-24 12:47:11,219 | INFO | News RSS query for LT: https://news.google.com/rss/search?q=%22Larsen+%26+Toubro+Ltd.%22+NSE+when:10d&hl=en-IN&gl=IN&ceid=IN:en
2026-06-24 12:47:11,442 | INFO | News RSS status for LT: 200
2026-06-24 12:47:11,444 | INFO | News RSS query for LT: https://news.google.com/rss/search?q=%22Larsen+%26+Toubro+Ltd.%22+stock+when:10d&hl=en-IN&gl=IN&ceid=IN:en
2026-06-24 12:47:11,685 | INFO | News RSS status for LT: 200
2026-06-24 12:47:11,688 | WARNING | Skipping LTM — only 85 bars available (need 220). Extend history_backfill_days in config.json to include this symbol.
2026-06-24 12:47:13,212 | INFO | News RSS query for MOTHERSON: https://news.google.com/rss/search?q=%22Samvardhana+Motherson+International+Ltd.%22+NSE+when:10d&hl=en-IN&gl=IN&ceid=IN:en
2026-06-24 12:47:13,439 | INFO | News RSS status for MOTHERSON: 200
2026-06-24 12:47:13,441 | INFO | News RSS query for MOTHERSON: https://news.google.com/rss/search?q=%22Samvardhana+Motherson+International+Ltd.%22+stock+when:10d&hl=en-IN&gl=IN&ceid=IN:en
2026-06-24 12:47:13,660 | INFO | News RSS status for MOTHERSON: 200
2026-06-24 12:47:13,707 | INFO | News RSS query for MOTHERSON: https://news.google.com/rss/search?q=%22Samvardhana+Motherson+International+Ltd.%22+NSE+when:10d&hl=en-IN&gl=IN&ceid=IN:en
2026-06-24 12:47:13,713 | INFO | News RSS status for MOTHERSON: 200
2026-06-24 12:47:13,715 | INFO | News RSS query for MOTHERSON: https://news.google.com/rss/search?q=%22Samvardhana+Motherson+International+Ltd.%22+stock+when:10d&hl=en-IN&gl=IN&ceid=IN:en
2026-06-24 12:47:13,718 | INFO | News RSS status for MOTHERSON: 200
2026-06-24 12:47:15,249 | INFO | News RSS query for PFC: https://news.google.com/rss/search?q=%22Power+Finance+Corporation+Ltd.%22+NSE+when:10d&hl=en-IN&gl=IN&ceid=IN:en
2026-06-24 12:47:15,458 | INFO | News RSS status for PFC: 200
2026-06-24 12:47:15,505 | INFO | News RSS query for PFC: https://news.google.com/rss/search?q=%22Power+Finance+Corporation+Ltd.%22+NSE+when:10d&hl=en-IN&gl=IN&ceid=IN:en
2026-06-24 12:47:15,511 | INFO | News RSS status for PFC: 200
2026-06-24 12:47:15,854 | INFO | News RSS query for PIDILITIND: https://news.google.com/rss/search?q=%22Pidilite+Industries+Ltd.%22+NSE+when:10d&hl=en-IN&gl=IN&ceid=IN:en
2026-06-24 12:47:16,062 | INFO | News RSS status for PIDILITIND: 200
2026-06-24 12:47:16,063 | INFO | News RSS query for PIDILITIND: https://news.google.com/rss/search?q=%22Pidilite+Industries+Ltd.%22+stock+when:10d&hl=en-IN&gl=IN&ceid=IN:en
2026-06-24 12:47:16,279 | INFO | News RSS status for PIDILITIND: 200
2026-06-24 12:47:18,403 | INFO | News RSS query for SHREECEM: https://news.google.com/rss/search?q=%22Shree+Cement+Ltd.%22+NSE+when:10d&hl=en-IN&gl=IN&ceid=IN:en
2026-06-24 12:47:18,619 | INFO | News RSS status for SHREECEM: 200
2026-06-24 12:47:18,964 | INFO | News RSS query for SHRIRAMFIN: https://news.google.com/rss/search?q=%22Shriram+Finance+Ltd.%22+NSE+when:10d&hl=en-IN&gl=IN&ceid=IN:en
2026-06-24 12:47:19,176 | INFO | News RSS status for SHRIRAMFIN: 200
2026-06-24 12:47:19,815 | INFO | News RSS query for SOLARINDS: https://news.google.com/rss/search?q=%22Solar+Industries+India+Ltd.%22+NSE+when:10d&hl=en-IN&gl=IN&ceid=IN:en
2026-06-24 12:47:20,030 | INFO | News RSS status for SOLARINDS: 200
2026-06-24 12:47:20,376 | INFO | News RSS query for SUNPHARMA: https://news.google.com/rss/search?q=%22Sun+Pharmaceutical+Industries+Ltd.%22+NSE+when:10d&hl=en-IN&gl=IN&ceid=IN:en
2026-06-24 12:47:20,585 | INFO | News RSS status for SUNPHARMA: 200
2026-06-24 12:47:20,590 | WARNING | Skipping TATACAP — only 173 bars available (need 220). Extend history_backfill_days in config.json to include this symbol.
2026-06-24 12:47:22,408 | INFO | News RSS query for TITAN: https://news.google.com/rss/search?q=%22Titan+Company+Ltd.%22+NSE+when:10d&hl=en-IN&gl=IN&ceid=IN:en
2026-06-24 12:47:22,653 | INFO | News RSS status for TITAN: 200
2026-06-24 12:47:22,657 | WARNING | Skipping TMCV — only 153 bars available (need 220). Extend history_backfill_days in config.json to include this symbol.
2026-06-24 12:47:22,658 | WARNING | Skipping TMPV — only 170 bars available (need 220). Extend history_backfill_days in config.json to include this symbol.
2026-06-24 12:47:23,000 | INFO | News RSS query for TORNTPHARM: https://news.google.com/rss/search?q=%22Torrent+Pharmaceuticals+Ltd.%22+NSE+when:10d&hl=en-IN&gl=IN&ceid=IN:en
2026-06-24 12:47:23,190 | INFO | News RSS status for TORNTPHARM: 200
2026-06-24 12:47:24,130 | INFO | News RSS query for ULTRACEMCO: https://news.google.com/rss/search?q=%22UltraTech+Cement+Ltd.%22+NSE+when:10d&hl=en-IN&gl=IN&ceid=IN:en
2026-06-24 12:47:24,313 | INFO | News RSS status for ULTRACEMCO: 200
2026-06-24 12:47:24,655 | INFO | News RSS query for UNIONBANK: https://news.google.com/rss/search?q=%22Union+Bank+of+India%22+NSE+when:10d&hl=en-IN&gl=IN&ceid=IN:en
2026-06-24 12:47:24,938 | INFO | News RSS status for UNIONBANK: 200
2026-06-24 12:47:24,986 | INFO | News RSS query for UNIONBANK: https://news.google.com/rss/search?q=%22Union+Bank+of+India%22+NSE+when:10d&hl=en-IN&gl=IN&ceid=IN:en
2026-06-24 12:47:24,992 | INFO | News RSS status for UNIONBANK: 200
2026-06-24 12:47:25,039 | INFO | News RSS query for UNIONBANK: https://news.google.com/rss/search?q=%22Union+Bank+of+India%22+NSE+when:10d&hl=en-IN&gl=IN&ceid=IN:en
2026-06-24 12:47:25,045 | INFO | News RSS status for UNIONBANK: 200
2026-06-24 12:47:25,206 | INFO | News RSS query for UNITDSPR: https://news.google.com/rss/search?q=%22United+Spirits+Ltd.%22+NSE+when:10d&hl=en-IN&gl=IN&ceid=IN:en
2026-06-24 12:47:25,418 | INFO | News RSS status for UNITDSPR: 200
2026-06-24 12:47:25,423 | WARNING | Skipping VAML — only 6 bars available (need 220). Extend history_backfill_days in config.json to include this symbol.
2026-06-24 12:47:26,015 | WARNING | Skipping VEDPOWER — only 4 bars available (need 220). Extend history_backfill_days in config.json to include this symbol.
2026-06-24 12:47:26,015 | WARNING | Skipping VISL — only 4 bars available (need 220). Extend history_backfill_days in config.json to include this symbol.
2026-06-24 12:47:26,016 | WARNING | Skipping VOGL — only 7 bars available (need 220). Extend history_backfill_days in config.json to include this symbol.
2026-06-24 12:47:26,650 | INFO | News RSS query for ZYDUSLIFE: https://news.google.com/rss/search?q=%22Zydus+Lifesciences+Ltd.%22+NSE+when:10d&hl=en-IN&gl=IN&ceid=IN:en
2026-06-24 12:47:26,864 | INFO | News RSS status for ZYDUSLIFE: 200
2026-06-24 12:47:26,866 | INFO | News RSS query for ZYDUSLIFE: https://news.google.com/rss/search?q=%22Zydus+Lifesciences+Ltd.%22+stock+when:10d&hl=en-IN&gl=IN&ceid=IN:en
2026-06-24 12:47:27,085 | INFO | News RSS status for ZYDUSLIFE: 200
2026-06-24 12:47:27,133 | INFO | News RSS query for ZYDUSLIFE: https://news.google.com/rss/search?q=%22Zydus+Lifesciences+Ltd.%22+NSE+when:10d&hl=en-IN&gl=IN&ceid=IN:en
2026-06-24 12:47:27,137 | INFO | News RSS status for ZYDUSLIFE: 200
2026-06-24 12:47:27,139 | INFO | News RSS query for ZYDUSLIFE: https://news.google.com/rss/search?q=%22Zydus+Lifesciences+Ltd.%22+stock+when:10d&hl=en-IN&gl=IN&ceid=IN:en
2026-06-24 12:47:27,144 | INFO | News RSS status for ZYDUSLIFE: 200
2026-06-24 12:47:27,151 | INFO | Index membership from cache: NIFTY 50 (50 symbols)
2026-06-24 12:47:27,151 | INFO | Index membership from cache: Nifty Next 50 (50 symbols)
2026-06-24 12:47:27,151 | INFO | Index membership ready: 100 symbols mapped
2026-06-24 12:47:27,151 | INFO | Market Health: fetching index OHLCV...
2026-06-24 12:47:27,153 | INFO | Index OHLCV cache fresh for NIFTY 50 (1407 rows)
2026-06-24 12:47:27,155 | INFO | Index OHLCV cache fresh for NIFTY NEXT 50 (1407 rows)
2026-06-24 12:47:27,155 | INFO | Market Health: fetching VIX...
2026-06-24 12:47:27,156 | INFO | VIX cache fresh (105 rows)
2026-06-24 12:47:27,157 | INFO | Market Health: updating breadth EMA cache...
2026-06-24 12:47:28,529 | INFO | Breadth EMA cache: 130064 total rows (+100)
2026-06-24 12:47:28,546 | INFO | Market Health [NIFTY 50]: Score=23.5 | Weak Bull &#x1F7E1;
2026-06-24 12:47:28,560 | INFO | Market Health [Nifty Next 50]: Score=54.5 | Weak Bull &#x1F7E1;
2026-06-24 12:47:28,637 | INFO | Signal log: appended 13 new signals. Total rows: 340
2026-06-24 12:47:28,637 | INFO | Signal log written/updated: /home/runner/work/nifty100-reporter/nifty100-reporter/data/nifty100_signal_log.csv
2026-06-24 12:47:29,523 | INFO | Signal tracker: updated 171 Active signal rows.
2026-06-24 12:47:29,536 | INFO | HTML report written: /home/runner/work/nifty100-reporter/nifty100-reporter/reports/nifty100_daily_report_20260624.html
2026-06-24 12:47:29,543 | INFO | Market Health Excel sheet written.
2026-06-24 12:47:30,094 | INFO | Excel report written: /home/runner/work/nifty100-reporter/nifty100-reporter/reports/nifty100_daily_report_20260624.xlsx
2026-06-24 12:47:30,094 | INFO | GitHub Actions detected — skipping Gmail API send (workflow handles email).
2026-06-24 12:47:30,094 | INFO | Run completed successfully.
2026-06-24 12:47:30,094 | INFO | Artifacts: /home/runner/work/nifty100-reporter/nifty100-reporter/reports/nifty100_daily_report_20260624.html | /home/runner/work/nifty100-reporter/nifty100-reporter/reports/nifty100_daily_report_20260624.xlsx | log: /home/runner/work/nifty100-reporter/nifty100-reporter/logs/run_20260624_181602.log
