2026-06-06 12:45:46,036 | INFO | Nifty 100 Daily EMA Cross Reporter | Version 3.3.8 | Released 2026-04-17
2026-06-06 12:45:46,036 | INFO | Base directory: /home/runner/work/nifty100-reporter/nifty100-reporter
2026-06-06 12:45:46,036 | INFO | Loaded config. Email enabled: True | Recipients: 1
2026-06-06 12:45:46,133 | WARNING | NSE session bootstrap HTTP 403 (attempt 1/5) — refreshing NSE session cookie …
2026-06-06 12:45:57,219 | INFO | NSE session bootstrap status: 200
2026-06-06 12:45:57,219 | INFO | Downloading Nifty 100 universe from https://www.niftyindices.com/IndexConstituent/ind_nifty100list.csv
2026-06-06 12:45:57,684 | INFO | Universe download status: 200
2026-06-06 12:45:57,689 | INFO | Universe rows loaded: 104
2026-06-06 12:45:57,802 | INFO | Loaded history rows: 128833
2026-06-06 12:45:57,809 | INFO | yfinance history update: 104 symbols | 2026-06-04 → 2026-06-07
2026-06-06 12:45:57,809 | INFO | yfinance batch download: 104 symbols | 2026-06-04 → 2026-06-07
2026-06-06 12:45:58,638 | ERROR | HTTP Error 404: {"quoteSummary":{"result":null,"error":{"code":"Not Found","description":"Quote not found for symbol: DUMMYVEDL3.NS"}}}
2026-06-06 12:45:58,639 | ERROR | HTTP Error 404: {"quoteSummary":{"result":null,"error":{"code":"Not Found","description":"Quote not found for symbol: DUMMYVEDL2.NS"}}}
2026-06-06 12:45:58,741 | ERROR | $DUMMYVEDL3.NS: possibly delisted; no timezone found
2026-06-06 12:45:58,744 | ERROR | $DUMMYVEDL2.NS: possibly delisted; no timezone found
2026-06-06 12:46:00,861 | ERROR | $DUMMYVEDL1.NS: possibly delisted; no timezone found
2026-06-06 12:46:01,041 | ERROR | $DUMMYVEDL4.NS: possibly delisted; no timezone found
2026-06-06 12:46:03,455 | ERROR | 
5 Failed downloads:
2026-06-06 12:46:03,455 | ERROR | ['BHARTIARTL.NS']: OperationalError('database is locked')
2026-06-06 12:46:03,455 | ERROR | ['DUMMYVEDL3.NS', 'DUMMYVEDL2.NS', 'DUMMYVEDL1.NS', 'DUMMYVEDL4.NS']: possibly delisted; no timezone found
2026-06-06 12:46:03,475 | INFO | yfinance raw shape: (2, 525)
2026-06-06 12:46:03,817 | INFO | yfinance parsed rows after date-filter: 198
2026-06-06 12:46:03,818 | INFO | New rows from yfinance: 198
2026-06-06 12:46:04,595 | INFO | Saved history rows: 128833 | file: /home/runner/work/nifty100-reporter/nifty100-reporter/data/nifty100_ohlcv_history.csv
2026-06-06 12:46:04,698 | INFO | Loaded history rows: 128833
2026-06-06 12:46:04,699 | INFO | Latest OHLCV data is from 2026-06-05
2026-06-06 12:46:04,724 | INFO | Latest Delivery data is from 2026-06-05
2026-06-06 12:46:04,768 | INFO | Delivery cache has 30 dates — skipping backfill.
2026-06-06 12:46:04,768 | INFO | Delivery fetch attempt [1/7] — URL: https://archives.nseindia.com/products/content/sec_bhavdata_full_05062026.csv
2026-06-06 12:46:07,081 | INFO | Delivery fetch SUCCESS — date: 2026-06-05 | size: 368981 bytes | URL: https://archives.nseindia.com/products/content/sec_bhavdata_full_05062026.csv
2026-06-06 12:46:07,390 | INFO | Delivery cache updated: 2443 symbols for 2026-06-05 (rows in cache: 73784)
2026-06-06 12:46:07,391 | INFO | Delivery data: 2443 symbols | fallback=False
2026-06-06 12:46:07,926 | INFO | Corporate actions bulk OK: 71 raw rows | 17 Nifty100 symbols with events
2026-06-06 12:46:35,235 | INFO | Corporate actions: 17/104 symbols have events (window 06-06-2026 to 06-07-2026) | Symbols: ADANIENT, ADANIPORTS, AMBUJACEM, BAJAJFINSV, BAJAJHLDNG, BAJFINANCE, CANBK, HDFCBANK, HDFCLIFE, HINDUNILVR, INFY, PNB, SHRIRAMFIN, TATASTEEL, TECHM, TMCV, TRENT
2026-06-06 12:46:35,236 | INFO | Index membership from cache: NIFTY 50 (50 symbols)
2026-06-06 12:46:35,236 | INFO | Index membership from cache: Nifty Next 50 (50 symbols)
2026-06-06 12:46:35,236 | INFO | Index membership ready: 100 symbols mapped
2026-06-06 12:46:35,883 | INFO | News RSS query for ABB: https://news.google.com/rss/search?q=%22ABB+India+Ltd.%22+NSE+when:10d&hl=en-IN&gl=IN&ceid=IN:en
2026-06-06 12:46:36,152 | INFO | News RSS status for ABB: 200
2026-06-06 12:46:36,520 | INFO | News RSS query for ADANIENSOL: https://news.google.com/rss/search?q=%22Adani+Energy+Solutions+Ltd.%22+NSE+when:10d&hl=en-IN&gl=IN&ceid=IN:en
2026-06-06 12:46:36,711 | INFO | News RSS status for ADANIENSOL: 200
2026-06-06 12:46:37,349 | INFO | News RSS query for ADANIENT: https://news.google.com/rss/search?q=%22Adani+Enterprises+Ltd.%22+NSE+when:10d&hl=en-IN&gl=IN&ceid=IN:en
2026-06-06 12:46:37,556 | INFO | News RSS status for ADANIENT: 200
2026-06-06 12:46:38,207 | INFO | News RSS query for ADANIGREEN: https://news.google.com/rss/search?q=%22Adani+Green+Energy+Ltd.%22+NSE+when:10d&hl=en-IN&gl=IN&ceid=IN:en
2026-06-06 12:46:38,463 | INFO | News RSS status for ADANIGREEN: 200
2026-06-06 12:46:39,107 | INFO | News RSS query for ADANIPORTS: https://news.google.com/rss/search?q=%22Adani+Ports+and+Special+Economic+Zone+Ltd.%22+NSE+when:10d&hl=en-IN&gl=IN&ceid=IN:en
2026-06-06 12:46:39,318 | INFO | News RSS status for ADANIPORTS: 200
2026-06-06 12:46:39,963 | INFO | News RSS query for ADANIPOWER: https://news.google.com/rss/search?q=%22Adani+Power+Ltd.%22+NSE+when:10d&hl=en-IN&gl=IN&ceid=IN:en
2026-06-06 12:46:40,167 | INFO | News RSS status for ADANIPOWER: 200
2026-06-06 12:46:40,235 | INFO | News RSS query for ADANIPOWER: https://news.google.com/rss/search?q=%22Adani+Power+Ltd.%22+NSE+when:10d&hl=en-IN&gl=IN&ceid=IN:en
2026-06-06 12:46:40,239 | INFO | News RSS status for ADANIPOWER: 200
2026-06-06 12:46:41,464 | INFO | News RSS query for APOLLOHOSP: https://news.google.com/rss/search?q=%22Apollo+Hospitals+Enterprise+Ltd.%22+NSE+when:10d&hl=en-IN&gl=IN&ceid=IN:en
2026-06-06 12:46:41,677 | INFO | News RSS status for APOLLOHOSP: 200
2026-06-06 12:46:42,348 | INFO | News RSS query for ASIANPAINT: https://news.google.com/rss/search?q=%22Asian+Paints+Ltd.%22+NSE+when:10d&hl=en-IN&gl=IN&ceid=IN:en
2026-06-06 12:46:42,552 | INFO | News RSS status for ASIANPAINT: 200
2026-06-06 12:46:43,776 | INFO | News RSS query for BAJAJ-AUTO: https://news.google.com/rss/search?q=%22Bajaj+Auto+Ltd.%22+NSE+when:10d&hl=en-IN&gl=IN&ceid=IN:en
2026-06-06 12:46:43,970 | INFO | News RSS status for BAJAJ-AUTO: 200
2026-06-06 12:46:48,100 | INFO | News RSS query for BOSCHLTD: https://news.google.com/rss/search?q=%22Bosch+Ltd.%22+NSE+when:10d&hl=en-IN&gl=IN&ceid=IN:en
2026-06-06 12:46:48,275 | INFO | News RSS status for BOSCHLTD: 200
2026-06-06 12:46:50,665 | INFO | News RSS query for CGPOWER: https://news.google.com/rss/search?q=%22CG+Power+and+Industrial+Solutions+Ltd.%22+NSE+when:10d&hl=en-IN&gl=IN&ceid=IN:en
2026-06-06 12:46:50,857 | INFO | News RSS status for CGPOWER: 200
2026-06-06 12:46:52,653 | INFO | News RSS query for COALINDIA: https://news.google.com/rss/search?q=%22Coal+India+Ltd.%22+NSE+when:10d&hl=en-IN&gl=IN&ceid=IN:en
2026-06-06 12:46:52,895 | INFO | News RSS status for COALINDIA: 200
2026-06-06 12:46:53,542 | INFO | News RSS query for CUMMINSIND: https://news.google.com/rss/search?q=%22Cummins+India+Ltd.%22+NSE+when:10d&hl=en-IN&gl=IN&ceid=IN:en
2026-06-06 12:46:53,725 | INFO | News RSS status for CUMMINSIND: 200
2026-06-06 12:46:56,790 | INFO | News RSS query for ENRIN: https://news.google.com/rss/search?q=%22Siemens+Energy+India+Ltd.%22+NSE+when:10d&hl=en-IN&gl=IN&ceid=IN:en
2026-06-06 12:46:56,978 | INFO | News RSS status for ENRIN: 200
2026-06-06 12:46:56,981 | INFO | News RSS query for ENRIN: https://news.google.com/rss/search?q=%22Siemens+Energy+India+Ltd.%22+stock+when:10d&hl=en-IN&gl=IN&ceid=IN:en
2026-06-06 12:46:57,151 | INFO | News RSS status for ENRIN: 200
2026-06-06 12:46:57,151 | INFO | News RSS query for ENRIN: https://news.google.com/rss/search?q=ENRIN+NSE+when:10d&hl=en-IN&gl=IN&ceid=IN:en
2026-06-06 12:46:57,319 | INFO | News RSS status for ENRIN: 200
2026-06-06 12:46:57,319 | INFO | News RSS query for ENRIN: https://news.google.com/rss/search?q=site%3Aeconomictimes.indiatimes.com+%22Siemens+Energy+India+Ltd.%22+when:10d&hl=en-IN&gl=IN&ceid=IN:en
2026-06-06 12:46:57,526 | INFO | News RSS status for ENRIN: 200
2026-06-06 12:46:57,529 | INFO | News RSS query for ENRIN: https://news.google.com/rss/search?q=site%3Amoneycontrol.com+%22Siemens+Energy+India+Ltd.%22+when:10d&hl=en-IN&gl=IN&ceid=IN:en
2026-06-06 12:46:57,674 | INFO | News RSS status for ENRIN: 200
2026-06-06 12:46:57,674 | INFO | News RSS query for ENRIN: https://news.google.com/rss/search?q=site%3Abusinessstandard.com+%22Siemens+Energy+India+Ltd.%22+when:10d&hl=en-IN&gl=IN&ceid=IN:en
2026-06-06 12:46:57,882 | INFO | News RSS status for ENRIN: 200
2026-06-06 12:47:00,146 | INFO | News RSS query for GRASIM: https://news.google.com/rss/search?q=%22Grasim+Industries+Ltd.%22+NSE+when:10d&hl=en-IN&gl=IN&ceid=IN:en
2026-06-06 12:47:00,340 | INFO | News RSS status for GRASIM: 200
2026-06-06 12:47:00,341 | INFO | News RSS query for GRASIM: https://news.google.com/rss/search?q=%22Grasim+Industries+Ltd.%22+stock+when:10d&hl=en-IN&gl=IN&ceid=IN:en
2026-06-06 12:47:00,525 | INFO | News RSS status for GRASIM: 200
2026-06-06 12:47:04,047 | INFO | News RSS query for HINDALCO: https://news.google.com/rss/search?q=%22Hindalco+Industries+Ltd.%22+NSE+when:10d&hl=en-IN&gl=IN&ceid=IN:en
2026-06-06 12:47:04,258 | INFO | News RSS status for HINDALCO: 200
2026-06-06 12:47:11,114 | INFO | News RSS query for JSWSTEEL: https://news.google.com/rss/search?q=%22JSW+Steel+Ltd.%22+NSE+when:10d&hl=en-IN&gl=IN&ceid=IN:en
2026-06-06 12:47:11,325 | INFO | News RSS status for JSWSTEEL: 200
2026-06-06 12:47:11,393 | INFO | News RSS query for JSWSTEEL: https://news.google.com/rss/search?q=%22JSW+Steel+Ltd.%22+NSE+when:10d&hl=en-IN&gl=IN&ceid=IN:en
2026-06-06 12:47:11,398 | INFO | News RSS status for JSWSTEEL: 200
2026-06-06 12:47:13,159 | INFO | News RSS query for LT: https://news.google.com/rss/search?q=%22Larsen+%26+Toubro+Ltd.%22+NSE+when:10d&hl=en-IN&gl=IN&ceid=IN:en
2026-06-06 12:47:13,409 | INFO | News RSS status for LT: 200
2026-06-06 12:47:13,414 | WARNING | Skipping LTM — only 72 bars available (need 220). Extend history_backfill_days in config.json to include this symbol.
2026-06-06 12:47:16,333 | INFO | News RSS query for MOTHERSON: https://news.google.com/rss/search?q=%22Samvardhana+Motherson+International+Ltd.%22+NSE+when:10d&hl=en-IN&gl=IN&ceid=IN:en
2026-06-06 12:47:16,515 | INFO | News RSS status for MOTHERSON: 200
2026-06-06 12:47:16,516 | INFO | News RSS query for MOTHERSON: https://news.google.com/rss/search?q=%22Samvardhana+Motherson+International+Ltd.%22+stock+when:10d&hl=en-IN&gl=IN&ceid=IN:en
2026-06-06 12:47:16,695 | INFO | News RSS status for MOTHERSON: 200
2026-06-06 12:47:19,667 | INFO | News RSS query for PFC: https://news.google.com/rss/search?q=%22Power+Finance+Corporation+Ltd.%22+NSE+when:10d&hl=en-IN&gl=IN&ceid=IN:en
2026-06-06 12:47:19,870 | INFO | News RSS status for PFC: 200
2026-06-06 12:47:25,703 | INFO | News RSS query for SIEMENS: https://news.google.com/rss/search?q=%22Siemens+Ltd.%22+NSE+when:10d&hl=en-IN&gl=IN&ceid=IN:en
2026-06-06 12:47:25,883 | INFO | News RSS status for SIEMENS: 200
2026-06-06 12:47:25,885 | INFO | News RSS query for SIEMENS: https://news.google.com/rss/search?q=%22Siemens+Ltd.%22+stock+when:10d&hl=en-IN&gl=IN&ceid=IN:en
2026-06-06 12:47:26,110 | INFO | News RSS status for SIEMENS: 200
2026-06-06 12:47:26,744 | INFO | News RSS query for SOLARINDS: https://news.google.com/rss/search?q=%22Solar+Industries+India+Ltd.%22+NSE+when:10d&hl=en-IN&gl=IN&ceid=IN:en
2026-06-06 12:47:26,941 | INFO | News RSS status for SOLARINDS: 200
2026-06-06 12:47:27,008 | INFO | News RSS query for SOLARINDS: https://news.google.com/rss/search?q=%22Solar+Industries+India+Ltd.%22+NSE+when:10d&hl=en-IN&gl=IN&ceid=IN:en
2026-06-06 12:47:27,015 | INFO | News RSS status for SOLARINDS: 200
2026-06-06 12:47:27,599 | WARNING | Skipping TATACAP — only 160 bars available (need 220). Extend history_backfill_days in config.json to include this symbol.
2026-06-06 12:47:31,057 | WARNING | Skipping TMCV — only 140 bars available (need 220). Extend history_backfill_days in config.json to include this symbol.
2026-06-06 12:47:31,058 | WARNING | Skipping TMPV — only 157 bars available (need 220). Extend history_backfill_days in config.json to include this symbol.
2026-06-06 12:47:31,699 | INFO | News RSS query for TORNTPHARM: https://news.google.com/rss/search?q=%22Torrent+Pharmaceuticals+Ltd.%22+NSE+when:10d&hl=en-IN&gl=IN&ceid=IN:en
2026-06-06 12:47:31,917 | INFO | News RSS status for TORNTPHARM: 200
2026-06-06 12:47:31,919 | INFO | News RSS query for TORNTPHARM: https://news.google.com/rss/search?q=%22Torrent+Pharmaceuticals+Ltd.%22+stock+when:10d&hl=en-IN&gl=IN&ceid=IN:en
2026-06-06 12:47:32,158 | INFO | News RSS status for TORNTPHARM: 200
2026-06-06 12:47:35,286 | INFO | News RSS query for VBL: https://news.google.com/rss/search?q=%22Varun+Beverages+Ltd.%22+NSE+when:10d&hl=en-IN&gl=IN&ceid=IN:en
2026-06-06 12:47:35,480 | INFO | News RSS status for VBL: 200
2026-06-06 12:47:35,483 | INFO | News RSS query for VBL: https://news.google.com/rss/search?q=%22Varun+Beverages+Ltd.%22+stock+when:10d&hl=en-IN&gl=IN&ceid=IN:en
2026-06-06 12:47:35,683 | INFO | News RSS status for VBL: 200
2026-06-06 12:47:37,463 | INFO | News RSS query for ZYDUSLIFE: https://news.google.com/rss/search?q=%22Zydus+Lifesciences+Ltd.%22+NSE+when:10d&hl=en-IN&gl=IN&ceid=IN:en
2026-06-06 12:47:37,666 | INFO | News RSS status for ZYDUSLIFE: 200
2026-06-06 12:47:37,677 | INFO | Index membership from cache: NIFTY 50 (50 symbols)
2026-06-06 12:47:37,677 | INFO | Index membership from cache: Nifty Next 50 (50 symbols)
2026-06-06 12:47:37,677 | INFO | Index membership ready: 100 symbols mapped
2026-06-06 12:47:37,677 | INFO | Market Health: fetching index OHLCV...
2026-06-06 12:47:38,511 | INFO | Index OHLCV via niftyindices for NIFTY 50: 1395 rows (+3)
2026-06-06 12:47:39,281 | INFO | Index OHLCV via niftyindices for NIFTY NEXT 50: 1395 rows (+3)
2026-06-06 12:47:39,282 | INFO | Market Health: fetching VIX...
2026-06-06 12:47:39,947 | INFO | VIX via niftyindices: 93 rows (+3)
2026-06-06 12:47:39,947 | INFO | Market Health: updating breadth EMA cache...
2026-06-06 12:47:41,134 | INFO | Market Health [NIFTY 50]: Score=-28.0 | Weak Bear &#x1F534;
2026-06-06 12:47:41,152 | INFO | Market Health [Nifty Next 50]: Score=7.0 | Sideways &#x1F7E0;
2026-06-06 12:47:41,178 | INFO | Signal log: skipping new signal insertion — 2026-06-06 is a weekend.
2026-06-06 12:47:41,529 | INFO | Signal tracker: updated 51 Active signal rows.
2026-06-06 12:47:41,543 | INFO | HTML report written: /home/runner/work/nifty100-reporter/nifty100-reporter/reports/nifty100_daily_report_20260606.html
2026-06-06 12:47:41,552 | INFO | Market Health Excel sheet written.
2026-06-06 12:47:41,987 | INFO | Excel report written: /home/runner/work/nifty100-reporter/nifty100-reporter/reports/nifty100_daily_report_20260606.xlsx
2026-06-06 12:47:41,987 | INFO | GitHub Actions detected — skipping Gmail API send (workflow handles email).
2026-06-06 12:47:41,987 | INFO | Run completed successfully.
2026-06-06 12:47:41,987 | INFO | Artifacts: /home/runner/work/nifty100-reporter/nifty100-reporter/reports/nifty100_daily_report_20260606.html | /home/runner/work/nifty100-reporter/nifty100-reporter/reports/nifty100_daily_report_20260606.xlsx | log: /home/runner/work/nifty100-reporter/nifty100-reporter/logs/run_20260606_181546.log
