2026-08-10 12:45:56,406 | INFO | Nifty 100 Daily EMA Cross Reporter | Version 3.3.8 | Released 2026-04-17
2026-08-10 12:45:56,406 | INFO | Base directory: /home/runner/work/nifty100-reporter/nifty100-reporter
2026-08-10 12:45:56,407 | INFO | Loaded config. Email enabled: True | Recipients: 1
2026-08-10 12:45:56,560 | WARNING | NSE session bootstrap HTTP 403 (attempt 1/5) — refreshing NSE session cookie …
2026-08-10 12:46:07,445 | INFO | NSE session bootstrap status: 200
2026-08-10 12:46:07,445 | INFO | Downloading Nifty 100 universe from https://www.niftyindices.com/IndexConstituent/ind_nifty100list.csv
2026-08-10 12:46:07,957 | INFO | Universe download status: 200
2026-08-10 12:46:07,961 | INFO | Universe rows loaded: 100
2026-08-10 12:46:08,081 | INFO | Loaded history rows: 133254
2026-08-10 12:46:08,089 | INFO | yfinance history update: 100 symbols | 2026-08-06 → 2026-08-11
2026-08-10 12:46:08,090 | INFO | yfinance batch download: 100 symbols | 2026-08-06 → 2026-08-11
2026-08-10 12:46:16,933 | INFO | yfinance raw shape: (3, 500)
2026-08-10 12:46:17,292 | INFO | yfinance parsed rows after date-filter: 300
2026-08-10 12:46:17,293 | INFO | New rows from yfinance: 300
2026-08-10 12:46:18,066 | INFO | Saved history rows: 133354 | file: /home/runner/work/nifty100-reporter/nifty100-reporter/data/nifty100_ohlcv_history.csv
2026-08-10 12:46:18,182 | INFO | Loaded history rows: 133354
2026-08-10 12:46:18,183 | INFO | Latest OHLCV data is from 2026-08-10
2026-08-10 12:46:18,209 | INFO | Latest Delivery data is from 2026-08-07
2026-08-10 12:46:18,255 | INFO | Delivery cache has 33 dates — skipping backfill.
2026-08-10 12:46:18,255 | INFO | Delivery fetch attempt [0/7] — URL: https://archives.nseindia.com/products/content/sec_bhavdata_full_10082026.csv
2026-08-10 12:46:19,972 | INFO | Delivery fetch SUCCESS — date: 2026-08-10 | size: 381405 bytes | URL: https://archives.nseindia.com/products/content/sec_bhavdata_full_10082026.csv
2026-08-10 12:46:20,330 | INFO | Delivery cache updated: 2428 symbols for 2026-08-10 (rows in cache: 74272)
2026-08-10 12:46:20,331 | INFO | Delivery data: 2428 symbols | fallback=False
2026-08-10 12:46:20,891 | INFO | Corporate actions bulk OK: 72 raw rows | 4 Nifty100 symbols with events
2026-08-10 12:46:55,629 | INFO | Corporate actions: 4/100 symbols have events (window 10-08-2026 to 09-09-2026) | Symbols: BEL, GODREJCP, JIOFIN, POWERGRID
2026-08-10 12:46:55,629 | INFO | Index membership from cache: NIFTY 50 (50 symbols)
2026-08-10 12:46:55,629 | INFO | Index membership from cache: Nifty Next 50 (50 symbols)
2026-08-10 12:46:55,629 | INFO | Index membership ready: 100 symbols mapped
2026-08-10 12:46:56,282 | INFO | News RSS query for ABB: https://news.google.com/rss/search?q=%22ABB+India+Ltd.%22+NSE+when:10d&hl=en-IN&gl=IN&ceid=IN:en
2026-08-10 12:46:56,627 | INFO | News RSS status for ABB: 200
2026-08-10 12:47:00,538 | INFO | News RSS query for APOLLOHOSP: https://news.google.com/rss/search?q=%22Apollo+Hospitals+Enterprise+Ltd.%22+NSE+when:10d&hl=en-IN&gl=IN&ceid=IN:en
2026-08-10 12:47:00,762 | INFO | News RSS status for APOLLOHOSP: 200
2026-08-10 12:47:00,825 | INFO | News RSS query for APOLLOHOSP: https://news.google.com/rss/search?q=%22Apollo+Hospitals+Enterprise+Ltd.%22+NSE+when:10d&hl=en-IN&gl=IN&ceid=IN:en
2026-08-10 12:47:00,840 | INFO | News RSS status for APOLLOHOSP: 200
2026-08-10 12:47:01,485 | INFO | News RSS query for ASIANPAINT: https://news.google.com/rss/search?q=%22Asian+Paints+Ltd.%22+NSE+when:10d&hl=en-IN&gl=IN&ceid=IN:en
2026-08-10 12:47:01,686 | INFO | News RSS status for ASIANPAINT: 200
2026-08-10 12:47:02,932 | INFO | News RSS query for BAJAJ-AUTO: https://news.google.com/rss/search?q=%22Bajaj+Auto+Ltd.%22+NSE+when:10d&hl=en-IN&gl=IN&ceid=IN:en
2026-08-10 12:47:03,158 | INFO | News RSS status for BAJAJ-AUTO: 200
2026-08-10 12:47:03,809 | INFO | News RSS query for BAJAJFINSV: https://news.google.com/rss/search?q=%22Bajaj+Finserv+Ltd.%22+NSE+when:10d&hl=en-IN&gl=IN&ceid=IN:en
2026-08-10 12:47:04,024 | INFO | News RSS status for BAJAJFINSV: 200
2026-08-10 12:47:05,257 | INFO | News RSS query for BAJFINANCE: https://news.google.com/rss/search?q=%22Bajaj+Finance+Ltd.%22+NSE+when:10d&hl=en-IN&gl=IN&ceid=IN:en
2026-08-10 12:47:05,458 | INFO | News RSS status for BAJFINANCE: 200
2026-08-10 12:47:07,299 | INFO | News RSS query for BHARTIARTL: https://news.google.com/rss/search?q=%22Bharti+Airtel+Ltd.%22+NSE+when:10d&hl=en-IN&gl=IN&ceid=IN:en
2026-08-10 12:47:07,521 | INFO | News RSS status for BHARTIARTL: 200
2026-08-10 12:47:08,182 | INFO | News RSS query for BOSCHLTD: https://news.google.com/rss/search?q=%22Bosch+Ltd.%22+NSE+when:10d&hl=en-IN&gl=IN&ceid=IN:en
2026-08-10 12:47:08,387 | INFO | News RSS status for BOSCHLTD: 200
2026-08-10 12:47:11,411 | INFO | News RSS query for CHOLAFIN: https://news.google.com/rss/search?q=%22Cholamandalam+Investment+and+Finance+Company+Ltd.%22+NSE+when:10d&hl=en-IN&gl=IN&ceid=IN:en
2026-08-10 12:47:11,663 | INFO | News RSS status for CHOLAFIN: 200
2026-08-10 12:47:12,320 | INFO | News RSS query for CIPLA: https://news.google.com/rss/search?q=%22Cipla+Ltd.%22+NSE+when:10d&hl=en-IN&gl=IN&ceid=IN:en
2026-08-10 12:47:12,519 | INFO | News RSS status for CIPLA: 200
2026-08-10 12:47:12,583 | INFO | News RSS query for CIPLA: https://news.google.com/rss/search?q=%22Cipla+Ltd.%22+NSE+when:10d&hl=en-IN&gl=IN&ceid=IN:en
2026-08-10 12:47:12,598 | INFO | News RSS status for CIPLA: 200
2026-08-10 12:47:14,422 | INFO | News RSS query for DIVISLAB: https://news.google.com/rss/search?q=%22Divi%27s+Laboratories+Ltd.%22+NSE+when:10d&hl=en-IN&gl=IN&ceid=IN:en
2026-08-10 12:47:14,622 | INFO | News RSS status for DIVISLAB: 200
2026-08-10 12:47:14,623 | INFO | News RSS query for DIVISLAB: https://news.google.com/rss/search?q=%22Divi%27s+Laboratories+Ltd.%22+stock+when:10d&hl=en-IN&gl=IN&ceid=IN:en
2026-08-10 12:47:14,819 | INFO | News RSS status for DIVISLAB: 200
2026-08-10 12:47:15,464 | INFO | News RSS query for DLF: https://news.google.com/rss/search?q=%22DLF+Ltd.%22+NSE+when:10d&hl=en-IN&gl=IN&ceid=IN:en
2026-08-10 12:47:15,688 | INFO | News RSS status for DLF: 200
2026-08-10 12:47:17,510 | INFO | News RSS query for EICHERMOT: https://news.google.com/rss/search?q=%22Eicher+Motors+Ltd.%22+NSE+when:10d&hl=en-IN&gl=IN&ceid=IN:en
2026-08-10 12:47:17,739 | INFO | News RSS status for EICHERMOT: 200
2026-08-10 12:47:17,928 | INFO | News RSS query for ENRIN: https://news.google.com/rss/search?q=%22Siemens+Energy+India+Ltd.%22+NSE+when:10d&hl=en-IN&gl=IN&ceid=IN:en
2026-08-10 12:47:18,162 | INFO | News RSS status for ENRIN: 200
2026-08-10 12:47:18,740 | INFO | News RSS query for ETERNAL: https://news.google.com/rss/search?q=%22Eternal+Ltd.%22+NSE+when:10d&hl=en-IN&gl=IN&ceid=IN:en
2026-08-10 12:47:18,943 | INFO | News RSS status for ETERNAL: 200
2026-08-10 12:47:18,946 | INFO | News RSS query for ETERNAL: https://news.google.com/rss/search?q=%22Eternal+Ltd.%22+stock+when:10d&hl=en-IN&gl=IN&ceid=IN:en
2026-08-10 12:47:19,168 | INFO | News RSS status for ETERNAL: 200
2026-08-10 12:47:19,819 | INFO | News RSS query for GAIL: https://news.google.com/rss/search?q=%22GAIL+%28India%29+Ltd.%22+NSE+when:10d&hl=en-IN&gl=IN&ceid=IN:en
2026-08-10 12:47:20,022 | INFO | News RSS status for GAIL: 200
2026-08-10 12:47:21,253 | INFO | News RSS query for GRASIM: https://news.google.com/rss/search?q=%22Grasim+Industries+Ltd.%22+NSE+when:10d&hl=en-IN&gl=IN&ceid=IN:en
2026-08-10 12:47:21,468 | INFO | News RSS status for GRASIM: 200
2026-08-10 12:47:22,118 | INFO | News RSS query for HAL: https://news.google.com/rss/search?q=%22Hindustan+Aeronautics+Ltd.%22+NSE+when:10d&hl=en-IN&gl=IN&ceid=IN:en
2026-08-10 12:47:22,341 | INFO | News RSS status for HAL: 200
2026-08-10 12:47:25,351 | INFO | News RSS query for HINDALCO: https://news.google.com/rss/search?q=%22Hindalco+Industries+Ltd.%22+NSE+when:10d&hl=en-IN&gl=IN&ceid=IN:en
2026-08-10 12:47:25,580 | INFO | News RSS status for HINDALCO: 200
2026-08-10 12:47:25,643 | INFO | News RSS query for HINDALCO: https://news.google.com/rss/search?q=%22Hindalco+Industries+Ltd.%22+NSE+when:10d&hl=en-IN&gl=IN&ceid=IN:en
2026-08-10 12:47:25,657 | INFO | News RSS status for HINDALCO: 200
2026-08-10 12:47:27,713 | INFO | News RSS query for ICICIBANK: https://news.google.com/rss/search?q=%22ICICI+Bank+Ltd.%22+NSE+when:10d&hl=en-IN&gl=IN&ceid=IN:en
2026-08-10 12:47:27,949 | INFO | News RSS status for ICICIBANK: 200
2026-08-10 12:47:28,013 | INFO | News RSS query for ICICIBANK: https://news.google.com/rss/search?q=%22ICICI+Bank+Ltd.%22+NSE+when:10d&hl=en-IN&gl=IN&ceid=IN:en
2026-08-10 12:47:28,028 | INFO | News RSS status for ICICIBANK: 200
2026-08-10 12:47:28,680 | INFO | News RSS query for INDHOTEL: https://news.google.com/rss/search?q=%22Indian+Hotels+Co.+Ltd.%22+NSE+when:10d&hl=en-IN&gl=IN&ceid=IN:en
2026-08-10 12:47:28,889 | INFO | News RSS status for INDHOTEL: 200
2026-08-10 12:47:28,892 | INFO | News RSS query for INDHOTEL: https://news.google.com/rss/search?q=%22Indian+Hotels+Co.+Ltd.%22+stock+when:10d&hl=en-IN&gl=IN&ceid=IN:en
2026-08-10 12:47:29,078 | INFO | News RSS status for INDHOTEL: 200
2026-08-10 12:47:29,079 | INFO | News RSS query for INDHOTEL: https://news.google.com/rss/search?q=INDHOTEL+NSE+when:10d&hl=en-IN&gl=IN&ceid=IN:en
2026-08-10 12:47:29,247 | INFO | News RSS status for INDHOTEL: 200
2026-08-10 12:47:29,248 | INFO | News RSS query for INDHOTEL: https://news.google.com/rss/search?q=site%3Aeconomictimes.indiatimes.com+%22Indian+Hotels+Co.+Ltd.%22+when:10d&hl=en-IN&gl=IN&ceid=IN:en
2026-08-10 12:47:29,446 | INFO | News RSS status for INDHOTEL: 200
2026-08-10 12:47:29,446 | INFO | News RSS query for INDHOTEL: https://news.google.com/rss/search?q=site%3Amoneycontrol.com+%22Indian+Hotels+Co.+Ltd.%22+when:10d&hl=en-IN&gl=IN&ceid=IN:en
2026-08-10 12:47:29,618 | INFO | News RSS status for INDHOTEL: 200
2026-08-10 12:47:29,618 | INFO | News RSS query for INDHOTEL: https://news.google.com/rss/search?q=site%3Abusinessstandard.com+%22Indian+Hotels+Co.+Ltd.%22+when:10d&hl=en-IN&gl=IN&ceid=IN:en
2026-08-10 12:47:29,839 | INFO | News RSS status for INDHOTEL: 200
2026-08-10 12:47:30,484 | INFO | News RSS query for INDIGO: https://news.google.com/rss/search?q=%22InterGlobe+Aviation+Ltd.%22+NSE+when:10d&hl=en-IN&gl=IN&ceid=IN:en
2026-08-10 12:47:30,682 | INFO | News RSS status for INDIGO: 200
2026-08-10 12:47:31,336 | INFO | News RSS query for INFY: https://news.google.com/rss/search?q=%22Infosys+Ltd.%22+NSE+when:10d&hl=en-IN&gl=IN&ceid=IN:en
2026-08-10 12:47:31,579 | INFO | News RSS status for INFY: 200
2026-08-10 12:47:34,849 | INFO | News RSS query for JSWSTEEL: https://news.google.com/rss/search?q=%22JSW+Steel+Ltd.%22+NSE+when:10d&hl=en-IN&gl=IN&ceid=IN:en
2026-08-10 12:47:35,034 | INFO | News RSS status for JSWSTEEL: 200
2026-08-10 12:47:36,234 | INFO | News RSS query for LODHA: https://news.google.com/rss/search?q=%22Lodha+Developers+Ltd.%22+NSE+when:10d&hl=en-IN&gl=IN&ceid=IN:en
2026-08-10 12:47:36,459 | INFO | News RSS status for LODHA: 200
2026-08-10 12:47:36,460 | INFO | News RSS query for LODHA: https://news.google.com/rss/search?q=%22Lodha+Developers+Ltd.%22+stock+when:10d&hl=en-IN&gl=IN&ceid=IN:en
2026-08-10 12:47:36,699 | INFO | News RSS status for LODHA: 200
2026-08-10 12:47:37,351 | INFO | News RSS query for LT: https://news.google.com/rss/search?q=%22Larsen+%26+Toubro+Ltd.%22+NSE+when:10d&hl=en-IN&gl=IN&ceid=IN:en
2026-08-10 12:47:37,580 | INFO | News RSS status for LT: 200
2026-08-10 12:47:37,642 | INFO | News RSS query for LT: https://news.google.com/rss/search?q=%22Larsen+%26+Toubro+Ltd.%22+NSE+when:10d&hl=en-IN&gl=IN&ceid=IN:en
2026-08-10 12:47:37,657 | INFO | News RSS status for LT: 200
2026-08-10 12:47:37,662 | WARNING | Skipping LTM — only 117 bars available (need 220). Extend history_backfill_days in config.json to include this symbol.
2026-08-10 12:47:40,658 | INFO | News RSS query for MOTHERSON: https://news.google.com/rss/search?q=%22Samvardhana+Motherson+International+Ltd.%22+NSE+when:10d&hl=en-IN&gl=IN&ceid=IN:en
2026-08-10 12:47:40,896 | INFO | News RSS status for MOTHERSON: 200
2026-08-10 12:47:42,138 | INFO | News RSS query for NESTLEIND: https://news.google.com/rss/search?q=%22Nestle+India+Ltd.%22+NSE+when:10d&hl=en-IN&gl=IN&ceid=IN:en
2026-08-10 12:47:42,382 | INFO | News RSS status for NESTLEIND: 200
2026-08-10 12:47:44,822 | INFO | News RSS query for PIDILITIND: https://news.google.com/rss/search?q=%22Pidilite+Industries+Ltd.%22+NSE+when:10d&hl=en-IN&gl=IN&ceid=IN:en
2026-08-10 12:47:45,042 | INFO | News RSS status for PIDILITIND: 200
2026-08-10 12:47:48,641 | INFO | News RSS query for SBIN: https://news.google.com/rss/search?q=%22State+Bank+of+India%22+NSE+when:10d&hl=en-IN&gl=IN&ceid=IN:en
2026-08-10 12:47:48,979 | INFO | News RSS status for SBIN: 200
2026-08-10 12:47:50,216 | INFO | News RSS query for SHRIRAMFIN: https://news.google.com/rss/search?q=%22Shriram+Finance+Ltd.%22+NSE+when:10d&hl=en-IN&gl=IN&ceid=IN:en
2026-08-10 12:47:50,465 | INFO | News RSS status for SHRIRAMFIN: 200
2026-08-10 12:47:51,111 | INFO | News RSS query for SIEMENS: https://news.google.com/rss/search?q=%22Siemens+Ltd.%22+NSE+when:10d&hl=en-IN&gl=IN&ceid=IN:en
2026-08-10 12:47:51,319 | INFO | News RSS status for SIEMENS: 200
2026-08-10 12:47:51,321 | INFO | News RSS query for SIEMENS: https://news.google.com/rss/search?q=%22Siemens+Ltd.%22+stock+when:10d&hl=en-IN&gl=IN&ceid=IN:en
2026-08-10 12:47:51,552 | INFO | News RSS status for SIEMENS: 200
2026-08-10 12:47:52,205 | INFO | News RSS query for SOLARINDS: https://news.google.com/rss/search?q=%22Solar+Industries+India+Ltd.%22+NSE+when:10d&hl=en-IN&gl=IN&ceid=IN:en
2026-08-10 12:47:52,412 | INFO | News RSS status for SOLARINDS: 200
2026-08-10 12:47:52,414 | INFO | News RSS query for SOLARINDS: https://news.google.com/rss/search?q=%22Solar+Industries+India+Ltd.%22+stock+when:10d&hl=en-IN&gl=IN&ceid=IN:en
2026-08-10 12:47:52,650 | INFO | News RSS status for SOLARINDS: 200
2026-08-10 12:47:52,713 | INFO | News RSS query for SOLARINDS: https://news.google.com/rss/search?q=%22Solar+Industries+India+Ltd.%22+NSE+when:10d&hl=en-IN&gl=IN&ceid=IN:en
2026-08-10 12:47:52,727 | INFO | News RSS status for SOLARINDS: 200
2026-08-10 12:47:52,729 | INFO | News RSS query for SOLARINDS: https://news.google.com/rss/search?q=%22Solar+Industries+India+Ltd.%22+stock+when:10d&hl=en-IN&gl=IN&ceid=IN:en
2026-08-10 12:47:52,743 | INFO | News RSS status for SOLARINDS: 200
2026-08-10 12:47:53,396 | INFO | News RSS query for SUNPHARMA: https://news.google.com/rss/search?q=%22Sun+Pharmaceutical+Industries+Ltd.%22+NSE+when:10d&hl=en-IN&gl=IN&ceid=IN:en
2026-08-10 12:47:53,641 | INFO | News RSS status for SUNPHARMA: 200
2026-08-10 12:47:53,647 | WARNING | Skipping TATACAP — only 205 bars available (need 220). Extend history_backfill_days in config.json to include this symbol.
2026-08-10 12:47:56,655 | INFO | News RSS query for TECHM: https://news.google.com/rss/search?q=%22Tech+Mahindra+Ltd.%22+NSE+when:10d&hl=en-IN&gl=IN&ceid=IN:en
2026-08-10 12:47:56,883 | INFO | News RSS status for TECHM: 200
2026-08-10 12:47:57,525 | INFO | News RSS query for TITAN: https://news.google.com/rss/search?q=%22Titan+Company+Ltd.%22+NSE+when:10d&hl=en-IN&gl=IN&ceid=IN:en
2026-08-10 12:47:57,763 | INFO | News RSS status for TITAN: 200
2026-08-10 12:47:57,768 | WARNING | Skipping TMCV — only 185 bars available (need 220). Extend history_backfill_days in config.json to include this symbol.
2026-08-10 12:47:57,769 | WARNING | Skipping TMPV — only 202 bars available (need 220). Extend history_backfill_days in config.json to include this symbol.
2026-08-10 12:47:58,423 | INFO | News RSS query for TORNTPHARM: https://news.google.com/rss/search?q=%22Torrent+Pharmaceuticals+Ltd.%22+NSE+when:10d&hl=en-IN&gl=IN&ceid=IN:en
2026-08-10 12:47:58,613 | INFO | News RSS status for TORNTPHARM: 200
2026-08-10 12:47:58,616 | INFO | News RSS query for TORNTPHARM: https://news.google.com/rss/search?q=%22Torrent+Pharmaceuticals+Ltd.%22+stock+when:10d&hl=en-IN&gl=IN&ceid=IN:en
2026-08-10 12:47:58,868 | INFO | News RSS status for TORNTPHARM: 200
2026-08-10 12:48:00,097 | INFO | News RSS query for TVSMOTOR: https://news.google.com/rss/search?q=%22TVS+Motor+Company+Ltd.%22+NSE+when:10d&hl=en-IN&gl=IN&ceid=IN:en
2026-08-10 12:48:00,350 | INFO | News RSS status for TVSMOTOR: 200
2026-08-10 12:48:01,575 | INFO | News RSS query for UNIONBANK: https://news.google.com/rss/search?q=%22Union+Bank+of+India%22+NSE+when:10d&hl=en-IN&gl=IN&ceid=IN:en
2026-08-10 12:48:01,839 | INFO | News RSS status for UNIONBANK: 200
2026-08-10 12:48:02,130 | INFO | News RSS query for UNITDSPR: https://news.google.com/rss/search?q=%22United+Spirits+Ltd.%22+NSE+when:10d&hl=en-IN&gl=IN&ceid=IN:en
2026-08-10 12:48:02,330 | INFO | News RSS status for UNITDSPR: 200
2026-08-10 12:48:02,335 | WARNING | Skipping VAML — only 6 bars available (need 220). Extend history_backfill_days in config.json to include this symbol.
2026-08-10 12:48:03,565 | INFO | News RSS query for VEDL: https://news.google.com/rss/search?q=%22Vedanta+Ltd.%22+NSE+when:10d&hl=en-IN&gl=IN&ceid=IN:en
2026-08-10 12:48:03,783 | INFO | News RSS status for VEDL: 200
2026-08-10 12:48:03,788 | WARNING | Skipping VEDPOWER — only 4 bars available (need 220). Extend history_backfill_days in config.json to include this symbol.
2026-08-10 12:48:03,789 | WARNING | Skipping VISL — only 4 bars available (need 220). Extend history_backfill_days in config.json to include this symbol.
2026-08-10 12:48:03,789 | WARNING | Skipping VOGL — only 7 bars available (need 220). Extend history_backfill_days in config.json to include this symbol.
2026-08-10 12:48:05,014 | INFO | News RSS query for ZYDUSLIFE: https://news.google.com/rss/search?q=%22Zydus+Lifesciences+Ltd.%22+NSE+when:10d&hl=en-IN&gl=IN&ceid=IN:en
2026-08-10 12:48:05,244 | INFO | News RSS status for ZYDUSLIFE: 200
2026-08-10 12:48:05,246 | INFO | News RSS query for ZYDUSLIFE: https://news.google.com/rss/search?q=%22Zydus+Lifesciences+Ltd.%22+stock+when:10d&hl=en-IN&gl=IN&ceid=IN:en
2026-08-10 12:48:05,470 | INFO | News RSS status for ZYDUSLIFE: 200
2026-08-10 12:48:05,482 | INFO | Index membership from cache: NIFTY 50 (50 symbols)
2026-08-10 12:48:05,482 | INFO | Index membership from cache: Nifty Next 50 (50 symbols)
2026-08-10 12:48:05,483 | INFO | Index membership ready: 100 symbols mapped
2026-08-10 12:48:05,483 | INFO | Market Health: fetching index OHLCV...
2026-08-10 12:48:05,486 | INFO | Index OHLCV cache fresh for NIFTY 50 (1438 rows)
2026-08-10 12:48:05,488 | INFO | Index OHLCV cache fresh for NIFTY NEXT 50 (1438 rows)
2026-08-10 12:48:05,488 | INFO | Market Health: fetching VIX...
2026-08-10 12:48:05,490 | INFO | VIX cache fresh (136 rows)
2026-08-10 12:48:05,490 | INFO | Market Health: updating breadth EMA cache...
2026-08-10 12:48:07,249 | INFO | Breadth EMA cache: 133264 total rows (+100)
2026-08-10 12:48:07,271 | INFO | Market Health [NIFTY 50]: Score=54.5 | Weak Bull &#x1F7E1;
2026-08-10 12:48:07,289 | INFO | Market Health [Nifty Next 50]: Score=13.0 | Sideways &#x1F7E0;
2026-08-10 12:48:07,398 | INFO | Signal log: appended 11 new signals. Total rows: 616
2026-08-10 12:48:07,398 | INFO | Signal log written/updated: /home/runner/work/nifty100-reporter/nifty100-reporter/data/nifty100_signal_log.csv
2026-08-10 12:48:08,686 | INFO | Signal tracker: updated 196 Active signal rows.
2026-08-10 12:48:08,708 | INFO | HTML report written: /home/runner/work/nifty100-reporter/nifty100-reporter/reports/nifty100_daily_report_20260810.html
2026-08-10 12:48:08,717 | INFO | Market Health Excel sheet written.
2026-08-10 12:48:10,027 | INFO | Excel report written: /home/runner/work/nifty100-reporter/nifty100-reporter/reports/nifty100_daily_report_20260810.xlsx
2026-08-10 12:48:10,027 | INFO | GitHub Actions detected — skipping Gmail API send (workflow handles email).
2026-08-10 12:48:10,027 | INFO | Run completed successfully.
2026-08-10 12:48:10,027 | INFO | Artifacts: /home/runner/work/nifty100-reporter/nifty100-reporter/reports/nifty100_daily_report_20260810.html | /home/runner/work/nifty100-reporter/nifty100-reporter/reports/nifty100_daily_report_20260810.xlsx | log: /home/runner/work/nifty100-reporter/nifty100-reporter/logs/run_20260810_181556.log
