2026-06-14 12:46:01,836 | INFO | Nifty 100 Daily EMA Cross Reporter | Version 3.3.8 | Released 2026-04-17
2026-06-14 12:46:01,836 | INFO | Base directory: /home/runner/work/nifty100-reporter/nifty100-reporter
2026-06-14 12:46:01,836 | INFO | Loaded config. Email enabled: True | Recipients: 1
2026-06-14 12:46:01,886 | WARNING | NSE session bootstrap HTTP 403 (attempt 1/5) — refreshing NSE session cookie …
2026-06-14 12:46:11,997 | INFO | NSE session bootstrap status: 200
2026-06-14 12:46:11,997 | INFO | Downloading Nifty 100 universe from https://www.niftyindices.com/IndexConstituent/ind_nifty100list.csv
2026-06-14 12:46:21,397 | INFO | Universe download status: 200
2026-06-14 12:46:21,402 | INFO | Universe rows loaded: 104
2026-06-14 12:46:21,507 | INFO | Loaded history rows: 129333
2026-06-14 12:46:21,515 | INFO | yfinance history update: 104 symbols | 2026-06-11 → 2026-06-15
2026-06-14 12:46:21,515 | INFO | yfinance batch download: 104 symbols | 2026-06-11 → 2026-06-15
2026-06-14 12:46:22,090 | ERROR | $VISL.NS: possibly delisted; no timezone found
2026-06-14 12:46:23,193 | ERROR | $VAML.NS: possibly delisted; no timezone found
2026-06-14 12:46:24,424 | ERROR | $VEDPOWER.NS: possibly delisted; no timezone found
2026-06-14 12:46:24,425 | ERROR | $VOGL.NS: possibly delisted; no timezone found
2026-06-14 12:46:25,934 | ERROR | 
4 Failed downloads:
2026-06-14 12:46:25,934 | ERROR | ['VISL.NS', 'VAML.NS', 'VEDPOWER.NS', 'VOGL.NS']: possibly delisted; no timezone found
2026-06-14 12:46:25,951 | INFO | yfinance raw shape: (2, 524)
2026-06-14 12:46:26,288 | INFO | yfinance parsed rows after date-filter: 200
2026-06-14 12:46:26,289 | INFO | New rows from yfinance: 200
2026-06-14 12:46:27,056 | INFO | Saved history rows: 129333 | file: /home/runner/work/nifty100-reporter/nifty100-reporter/data/nifty100_ohlcv_history.csv
2026-06-14 12:46:27,165 | INFO | Loaded history rows: 129333
2026-06-14 12:46:27,166 | INFO | Latest OHLCV data is from 2026-06-12
2026-06-14 12:46:27,190 | INFO | Latest Delivery data is from 2026-06-12
2026-06-14 12:46:27,232 | INFO | Delivery cache has 30 dates — skipping backfill.
2026-06-14 12:46:27,233 | INFO | Delivery fetch attempt [2/7] — URL: https://archives.nseindia.com/products/content/sec_bhavdata_full_12062026.csv
2026-06-14 12:46:28,680 | INFO | Delivery fetch SUCCESS — date: 2026-06-12 | size: 368301 bytes | URL: https://archives.nseindia.com/products/content/sec_bhavdata_full_12062026.csv
2026-06-14 12:46:29,018 | INFO | Delivery cache updated: 2430 symbols for 2026-06-12 (rows in cache: 73506)
2026-06-14 12:46:29,018 | INFO | Delivery data: 2430 symbols | fallback=False
2026-06-14 12:46:29,335 | INFO | Corporate actions bulk OK: 64 raw rows | 15 Nifty100 symbols with events
2026-06-14 12:46:52,213 | INFO | Corporate actions: 15/104 symbols have events (window 14-06-2026 to 14-07-2026) | Symbols: ASIANPAINT, AXISBANK, BAJAJFINSV, BAJAJHLDNG, BAJFINANCE, HDFCBANK, HDFCLIFE, HINDUNILVR, INDHOTEL, MOTHERSON, NESTLEIND, SHRIRAMFIN, TATAPOWER, TECHM, TMPV
2026-06-14 12:46:52,213 | INFO | Index membership from cache: NIFTY 50 (50 symbols)
2026-06-14 12:46:52,213 | INFO | Index membership from cache: Nifty Next 50 (50 symbols)
2026-06-14 12:46:52,213 | INFO | Index membership ready: 100 symbols mapped
2026-06-14 12:46:53,142 | INFO | News RSS query for ADANIENSOL: https://news.google.com/rss/search?q=%22Adani+Energy+Solutions+Ltd.%22+NSE+when:10d&hl=en-IN&gl=IN&ceid=IN:en
2026-06-14 12:46:53,451 | INFO | News RSS status for ADANIENSOL: 200
2026-06-14 12:46:54,077 | INFO | News RSS query for ADANIENT: https://news.google.com/rss/search?q=%22Adani+Enterprises+Ltd.%22+NSE+when:10d&hl=en-IN&gl=IN&ceid=IN:en
2026-06-14 12:46:54,268 | INFO | News RSS status for ADANIENT: 200
2026-06-14 12:46:54,896 | INFO | News RSS query for ADANIGREEN: https://news.google.com/rss/search?q=%22Adani+Green+Energy+Ltd.%22+NSE+when:10d&hl=en-IN&gl=IN&ceid=IN:en
2026-06-14 12:46:55,071 | INFO | News RSS status for ADANIGREEN: 200
2026-06-14 12:46:55,707 | INFO | News RSS query for ADANIPORTS: https://news.google.com/rss/search?q=%22Adani+Ports+and+Special+Economic+Zone+Ltd.%22+NSE+when:10d&hl=en-IN&gl=IN&ceid=IN:en
2026-06-14 12:46:55,902 | INFO | News RSS status for ADANIPORTS: 200
2026-06-14 12:46:57,647 | INFO | News RSS query for APOLLOHOSP: https://news.google.com/rss/search?q=%22Apollo+Hospitals+Enterprise+Ltd.%22+NSE+when:10d&hl=en-IN&gl=IN&ceid=IN:en
2026-06-14 12:46:57,826 | INFO | News RSS status for APOLLOHOSP: 200
2026-06-14 12:46:57,828 | INFO | News RSS query for APOLLOHOSP: https://news.google.com/rss/search?q=%22Apollo+Hospitals+Enterprise+Ltd.%22+stock+when:10d&hl=en-IN&gl=IN&ceid=IN:en
2026-06-14 12:46:58,037 | INFO | News RSS status for APOLLOHOSP: 200
2026-06-14 12:46:58,653 | INFO | News RSS query for ASIANPAINT: https://news.google.com/rss/search?q=%22Asian+Paints+Ltd.%22+NSE+when:10d&hl=en-IN&gl=IN&ceid=IN:en
2026-06-14 12:46:58,822 | INFO | News RSS status for ASIANPAINT: 200
2026-06-14 12:46:58,824 | INFO | News RSS query for ASIANPAINT: https://news.google.com/rss/search?q=%22Asian+Paints+Ltd.%22+stock+when:10d&hl=en-IN&gl=IN&ceid=IN:en
2026-06-14 12:46:59,011 | INFO | News RSS status for ASIANPAINT: 200
2026-06-14 12:46:59,636 | INFO | News RSS query for AXISBANK: https://news.google.com/rss/search?q=%22Axis+Bank+Ltd.%22+NSE+when:10d&hl=en-IN&gl=IN&ceid=IN:en
2026-06-14 12:46:59,837 | INFO | News RSS status for AXISBANK: 200
2026-06-14 12:46:59,905 | INFO | News RSS query for AXISBANK: https://news.google.com/rss/search?q=%22Axis+Bank+Ltd.%22+NSE+when:10d&hl=en-IN&gl=IN&ceid=IN:en
2026-06-14 12:46:59,909 | INFO | News RSS status for AXISBANK: 200
2026-06-14 12:46:59,975 | INFO | News RSS query for AXISBANK: https://news.google.com/rss/search?q=%22Axis+Bank+Ltd.%22+NSE+when:10d&hl=en-IN&gl=IN&ceid=IN:en
2026-06-14 12:46:59,979 | INFO | News RSS status for AXISBANK: 200
2026-06-14 12:47:04,583 | INFO | News RSS query for BOSCHLTD: https://news.google.com/rss/search?q=%22Bosch+Ltd.%22+NSE+when:10d&hl=en-IN&gl=IN&ceid=IN:en
2026-06-14 12:47:04,756 | INFO | News RSS status for BOSCHLTD: 200
2026-06-14 12:47:04,759 | INFO | News RSS query for BOSCHLTD: https://news.google.com/rss/search?q=%22Bosch+Ltd.%22+stock+when:10d&hl=en-IN&gl=IN&ceid=IN:en
2026-06-14 12:47:04,951 | INFO | News RSS status for BOSCHLTD: 200
2026-06-14 12:47:07,270 | INFO | News RSS query for CGPOWER: https://news.google.com/rss/search?q=%22CG+Power+and+Industrial+Solutions+Ltd.%22+NSE+when:10d&hl=en-IN&gl=IN&ceid=IN:en
2026-06-14 12:47:07,448 | INFO | News RSS status for CGPOWER: 200
2026-06-14 12:47:07,450 | INFO | News RSS query for CGPOWER: https://news.google.com/rss/search?q=%22CG+Power+and+Industrial+Solutions+Ltd.%22+stock+when:10d&hl=en-IN&gl=IN&ceid=IN:en
2026-06-14 12:47:07,627 | INFO | News RSS status for CGPOWER: 200
2026-06-14 12:47:07,628 | INFO | News RSS query for CGPOWER: https://news.google.com/rss/search?q=CGPOWER+NSE+when:10d&hl=en-IN&gl=IN&ceid=IN:en
2026-06-14 12:47:07,847 | INFO | News RSS status for CGPOWER: 200
2026-06-14 12:47:10,200 | INFO | News RSS query for CUMMINSIND: https://news.google.com/rss/search?q=%22Cummins+India+Ltd.%22+NSE+when:10d&hl=en-IN&gl=IN&ceid=IN:en
2026-06-14 12:47:10,397 | INFO | News RSS status for CUMMINSIND: 200
2026-06-14 12:47:10,466 | INFO | News RSS query for CUMMINSIND: https://news.google.com/rss/search?q=%22Cummins+India+Ltd.%22+NSE+when:10d&hl=en-IN&gl=IN&ceid=IN:en
2026-06-14 12:47:10,470 | INFO | News RSS status for CUMMINSIND: 200
2026-06-14 12:47:13,328 | INFO | News RSS query for EICHERMOT: https://news.google.com/rss/search?q=%22Eicher+Motors+Ltd.%22+NSE+when:10d&hl=en-IN&gl=IN&ceid=IN:en
2026-06-14 12:47:13,509 | INFO | News RSS status for EICHERMOT: 200
2026-06-14 12:47:13,511 | INFO | News RSS query for EICHERMOT: https://news.google.com/rss/search?q=%22Eicher+Motors+Ltd.%22+stock+when:10d&hl=en-IN&gl=IN&ceid=IN:en
2026-06-14 12:47:13,691 | INFO | News RSS status for EICHERMOT: 200
2026-06-14 12:47:13,758 | INFO | News RSS query for EICHERMOT: https://news.google.com/rss/search?q=%22Eicher+Motors+Ltd.%22+NSE+when:10d&hl=en-IN&gl=IN&ceid=IN:en
2026-06-14 12:47:13,762 | INFO | News RSS status for EICHERMOT: 200
2026-06-14 12:47:13,764 | INFO | News RSS query for EICHERMOT: https://news.google.com/rss/search?q=%22Eicher+Motors+Ltd.%22+stock+when:10d&hl=en-IN&gl=IN&ceid=IN:en
2026-06-14 12:47:13,768 | INFO | News RSS status for EICHERMOT: 200
2026-06-14 12:47:13,833 | INFO | News RSS query for EICHERMOT: https://news.google.com/rss/search?q=%22Eicher+Motors+Ltd.%22+NSE+when:10d&hl=en-IN&gl=IN&ceid=IN:en
2026-06-14 12:47:13,837 | INFO | News RSS status for EICHERMOT: 200
2026-06-14 12:47:13,839 | INFO | News RSS query for EICHERMOT: https://news.google.com/rss/search?q=%22Eicher+Motors+Ltd.%22+stock+when:10d&hl=en-IN&gl=IN&ceid=IN:en
2026-06-14 12:47:13,843 | INFO | News RSS status for EICHERMOT: 200
2026-06-14 12:47:14,016 | INFO | News RSS query for ENRIN: https://news.google.com/rss/search?q=%22Siemens+Energy+India+Ltd.%22+NSE+when:10d&hl=en-IN&gl=IN&ceid=IN:en
2026-06-14 12:47:14,199 | INFO | News RSS status for ENRIN: 200
2026-06-14 12:47:16,460 | INFO | News RSS query for GRASIM: https://news.google.com/rss/search?q=%22Grasim+Industries+Ltd.%22+NSE+when:10d&hl=en-IN&gl=IN&ceid=IN:en
2026-06-14 12:47:16,633 | INFO | News RSS status for GRASIM: 200
2026-06-14 12:47:16,636 | INFO | News RSS query for GRASIM: https://news.google.com/rss/search?q=%22Grasim+Industries+Ltd.%22+stock+when:10d&hl=en-IN&gl=IN&ceid=IN:en
2026-06-14 12:47:16,836 | INFO | News RSS status for GRASIM: 200
2026-06-14 12:47:23,224 | INFO | News RSS query for INDIGO: https://news.google.com/rss/search?q=%22InterGlobe+Aviation+Ltd.%22+NSE+when:10d&hl=en-IN&gl=IN&ceid=IN:en
2026-06-14 12:47:23,403 | INFO | News RSS status for INDIGO: 200
2026-06-14 12:47:27,130 | INFO | News RSS query for JSWSTEEL: https://news.google.com/rss/search?q=%22JSW+Steel+Ltd.%22+NSE+when:10d&hl=en-IN&gl=IN&ceid=IN:en
2026-06-14 12:47:27,313 | INFO | News RSS status for JSWSTEEL: 200
2026-06-14 12:47:27,382 | INFO | News RSS query for JSWSTEEL: https://news.google.com/rss/search?q=%22JSW+Steel+Ltd.%22+NSE+when:10d&hl=en-IN&gl=IN&ceid=IN:en
2026-06-14 12:47:27,386 | INFO | News RSS status for JSWSTEEL: 200
2026-06-14 12:47:27,453 | INFO | News RSS query for JSWSTEEL: https://news.google.com/rss/search?q=%22JSW+Steel+Ltd.%22+NSE+when:10d&hl=en-IN&gl=IN&ceid=IN:en
2026-06-14 12:47:27,457 | INFO | News RSS status for JSWSTEEL: 200
2026-06-14 12:47:28,078 | INFO | News RSS query for KOTAKBANK: https://news.google.com/rss/search?q=%22Kotak+Mahindra+Bank+Ltd.%22+NSE+when:10d&hl=en-IN&gl=IN&ceid=IN:en
2026-06-14 12:47:28,279 | INFO | News RSS status for KOTAKBANK: 200
2026-06-14 12:47:29,370 | WARNING | Skipping LTM — only 77 bars available (need 220). Extend history_backfill_days in config.json to include this symbol.
2026-06-14 12:47:32,277 | INFO | News RSS query for MOTHERSON: https://news.google.com/rss/search?q=%22Samvardhana+Motherson+International+Ltd.%22+NSE+when:10d&hl=en-IN&gl=IN&ceid=IN:en
2026-06-14 12:47:32,464 | INFO | News RSS status for MOTHERSON: 200
2026-06-14 12:47:32,465 | INFO | News RSS query for MOTHERSON: https://news.google.com/rss/search?q=%22Samvardhana+Motherson+International+Ltd.%22+stock+when:10d&hl=en-IN&gl=IN&ceid=IN:en
2026-06-14 12:47:32,654 | INFO | News RSS status for MOTHERSON: 200
2026-06-14 12:47:37,807 | INFO | News RSS query for RECLTD: https://news.google.com/rss/search?q=%22REC+Ltd.%22+NSE+when:10d&hl=en-IN&gl=IN&ceid=IN:en
2026-06-14 12:47:38,001 | INFO | News RSS status for RECLTD: 200
2026-06-14 12:47:39,768 | INFO | News RSS query for SBIN: https://news.google.com/rss/search?q=%22State+Bank+of+India%22+NSE+when:10d&hl=en-IN&gl=IN&ceid=IN:en
2026-06-14 12:47:40,076 | INFO | News RSS status for SBIN: 200
2026-06-14 12:47:42,388 | INFO | News RSS query for SOLARINDS: https://news.google.com/rss/search?q=%22Solar+Industries+India+Ltd.%22+NSE+when:10d&hl=en-IN&gl=IN&ceid=IN:en
2026-06-14 12:47:42,567 | INFO | News RSS status for SOLARINDS: 200
2026-06-14 12:47:42,569 | INFO | News RSS query for SOLARINDS: https://news.google.com/rss/search?q=%22Solar+Industries+India+Ltd.%22+stock+when:10d&hl=en-IN&gl=IN&ceid=IN:en
2026-06-14 12:47:42,768 | INFO | News RSS status for SOLARINDS: 200
2026-06-14 12:47:43,342 | WARNING | Skipping TATACAP — only 165 bars available (need 220). Extend history_backfill_days in config.json to include this symbol.
2026-06-14 12:47:46,685 | WARNING | Skipping TMCV — only 145 bars available (need 220). Extend history_backfill_days in config.json to include this symbol.
2026-06-14 12:47:46,686 | WARNING | Skipping TMPV — only 162 bars available (need 220). Extend history_backfill_days in config.json to include this symbol.
2026-06-14 12:47:47,308 | INFO | News RSS query for TORNTPHARM: https://news.google.com/rss/search?q=%22Torrent+Pharmaceuticals+Ltd.%22+NSE+when:10d&hl=en-IN&gl=IN&ceid=IN:en
2026-06-14 12:47:47,457 | INFO | News RSS status for TORNTPHARM: 200
2026-06-14 12:47:47,457 | INFO | News RSS query for TORNTPHARM: https://news.google.com/rss/search?q=%22Torrent+Pharmaceuticals+Ltd.%22+stock+when:10d&hl=en-IN&gl=IN&ceid=IN:en
2026-06-14 12:47:47,688 | INFO | News RSS status for TORNTPHARM: 200
2026-06-14 12:47:50,001 | INFO | News RSS query for UNIONBANK: https://news.google.com/rss/search?q=%22Union+Bank+of+India%22+NSE+when:10d&hl=en-IN&gl=IN&ceid=IN:en
2026-06-14 12:47:50,235 | INFO | News RSS status for UNIONBANK: 200
2026-06-14 12:47:51,089 | INFO | News RSS query for VBL: https://news.google.com/rss/search?q=%22Varun+Beverages+Ltd.%22+NSE+when:10d&hl=en-IN&gl=IN&ceid=IN:en
2026-06-14 12:47:51,258 | INFO | News RSS status for VBL: 200
2026-06-14 12:47:51,258 | INFO | News RSS query for VBL: https://news.google.com/rss/search?q=%22Varun+Beverages+Ltd.%22+stock+when:10d&hl=en-IN&gl=IN&ceid=IN:en
2026-06-14 12:47:51,437 | INFO | News RSS status for VBL: 200
2026-06-14 12:47:51,504 | INFO | News RSS query for VBL: https://news.google.com/rss/search?q=%22Varun+Beverages+Ltd.%22+NSE+when:10d&hl=en-IN&gl=IN&ceid=IN:en
2026-06-14 12:47:51,509 | INFO | News RSS status for VBL: 200
2026-06-14 12:47:51,509 | INFO | News RSS query for VBL: https://news.google.com/rss/search?q=%22Varun+Beverages+Ltd.%22+stock+when:10d&hl=en-IN&gl=IN&ceid=IN:en
2026-06-14 12:47:51,513 | INFO | News RSS status for VBL: 200
2026-06-14 12:47:53,265 | INFO | News RSS query for ZYDUSLIFE: https://news.google.com/rss/search?q=%22Zydus+Lifesciences+Ltd.%22+NSE+when:10d&hl=en-IN&gl=IN&ceid=IN:en
2026-06-14 12:47:53,416 | INFO | News RSS status for ZYDUSLIFE: 200
2026-06-14 12:47:53,417 | INFO | News RSS query for ZYDUSLIFE: https://news.google.com/rss/search?q=%22Zydus+Lifesciences+Ltd.%22+stock+when:10d&hl=en-IN&gl=IN&ceid=IN:en
2026-06-14 12:47:53,605 | INFO | News RSS status for ZYDUSLIFE: 200
2026-06-14 12:47:53,673 | INFO | News RSS query for ZYDUSLIFE: https://news.google.com/rss/search?q=%22Zydus+Lifesciences+Ltd.%22+NSE+when:10d&hl=en-IN&gl=IN&ceid=IN:en
2026-06-14 12:47:53,677 | INFO | News RSS status for ZYDUSLIFE: 200
2026-06-14 12:47:53,678 | INFO | News RSS query for ZYDUSLIFE: https://news.google.com/rss/search?q=%22Zydus+Lifesciences+Ltd.%22+stock+when:10d&hl=en-IN&gl=IN&ceid=IN:en
2026-06-14 12:47:53,682 | INFO | News RSS status for ZYDUSLIFE: 200
2026-06-14 12:47:53,695 | INFO | Index membership from cache: NIFTY 50 (50 symbols)
2026-06-14 12:47:53,695 | INFO | Index membership from cache: Nifty Next 50 (50 symbols)
2026-06-14 12:47:53,695 | INFO | Index membership ready: 100 symbols mapped
2026-06-14 12:47:53,695 | INFO | Market Health: fetching index OHLCV...
2026-06-14 12:47:53,698 | INFO | Index OHLCV cache fresh for NIFTY 50 (1400 rows)
2026-06-14 12:47:53,701 | INFO | Index OHLCV cache fresh for NIFTY NEXT 50 (1400 rows)
2026-06-14 12:47:53,701 | INFO | Market Health: fetching VIX...
2026-06-14 12:47:53,702 | INFO | VIX cache fresh (98 rows)
2026-06-14 12:47:53,702 | INFO | Market Health: updating breadth EMA cache...
2026-06-14 12:47:54,899 | INFO | Market Health [NIFTY 50]: Score=0.0 | Sideways &#x1F7E0;
2026-06-14 12:47:54,917 | INFO | Market Health [Nifty Next 50]: Score=44.5 | Weak Bull &#x1F7E1;
2026-06-14 12:47:54,986 | INFO | Signal log: skipping new signal insertion — 2026-06-14 is a weekend.
2026-06-14 12:47:55,465 | INFO | Signal tracker: updated 70 Active signal rows.
2026-06-14 12:47:55,485 | INFO | HTML report written: /home/runner/work/nifty100-reporter/nifty100-reporter/reports/nifty100_daily_report_20260614.html
2026-06-14 12:47:55,494 | INFO | Market Health Excel sheet written.
2026-06-14 12:47:56,023 | INFO | Excel report written: /home/runner/work/nifty100-reporter/nifty100-reporter/reports/nifty100_daily_report_20260614.xlsx
2026-06-14 12:47:56,023 | INFO | GitHub Actions detected — skipping Gmail API send (workflow handles email).
2026-06-14 12:47:56,023 | INFO | Run completed successfully.
2026-06-14 12:47:56,023 | INFO | Artifacts: /home/runner/work/nifty100-reporter/nifty100-reporter/reports/nifty100_daily_report_20260614.html | /home/runner/work/nifty100-reporter/nifty100-reporter/reports/nifty100_daily_report_20260614.xlsx | log: /home/runner/work/nifty100-reporter/nifty100-reporter/logs/run_20260614_181601.log
