2026-06-18 12:45:56,539 | INFO | Nifty 100 Daily EMA Cross Reporter | Version 3.3.8 | Released 2026-04-17
2026-06-18 12:45:56,539 | INFO | Base directory: /home/runner/work/nifty100-reporter/nifty100-reporter
2026-06-18 12:45:56,539 | INFO | Loaded config. Email enabled: True | Recipients: 1
2026-06-18 12:45:56,625 | WARNING | NSE session bootstrap HTTP 403 (attempt 1/5) — refreshing NSE session cookie …
2026-06-18 12:46:07,251 | INFO | NSE session bootstrap status: 200
2026-06-18 12:46:07,251 | INFO | Downloading Nifty 100 universe from https://www.niftyindices.com/IndexConstituent/ind_nifty100list.csv
2026-06-18 12:46:07,563 | INFO | Universe download status: 200
2026-06-18 12:46:07,569 | INFO | Universe rows loaded: 104
2026-06-18 12:46:07,685 | INFO | Loaded history rows: 129645
2026-06-18 12:46:07,693 | INFO | yfinance history update: 104 symbols | 2026-06-16 → 2026-06-19
2026-06-18 12:46:07,694 | INFO | yfinance batch download: 104 symbols | 2026-06-16 → 2026-06-19
2026-06-18 12:46:11,963 | INFO | yfinance raw shape: (3, 520)
2026-06-18 12:46:12,334 | INFO | yfinance parsed rows after date-filter: 312
2026-06-18 12:46:12,335 | INFO | New rows from yfinance: 312
2026-06-18 12:46:13,087 | INFO | Saved history rows: 129749 | file: /home/runner/work/nifty100-reporter/nifty100-reporter/data/nifty100_ohlcv_history.csv
2026-06-18 12:46:13,198 | INFO | Loaded history rows: 129749
2026-06-18 12:46:13,199 | INFO | Latest OHLCV data is from 2026-06-18
2026-06-18 12:46:13,223 | INFO | Latest Delivery data is from 2026-06-17
2026-06-18 12:46:13,266 | INFO | Delivery cache has 29 dates — skipping backfill.
2026-06-18 12:46:13,266 | INFO | Delivery fetch attempt [0/7] — URL: https://archives.nseindia.com/products/content/sec_bhavdata_full_18062026.csv
2026-06-18 12:46:13,919 | INFO | Delivery fetch SUCCESS — date: 2026-06-18 | size: 368896 bytes | URL: https://archives.nseindia.com/products/content/sec_bhavdata_full_18062026.csv
2026-06-18 12:46:14,254 | INFO | Delivery cache updated: 2420 symbols for 2026-06-18 (rows in cache: 73348)
2026-06-18 12:46:14,255 | INFO | Delivery data: 2420 symbols | fallback=False
2026-06-18 12:46:14,679 | INFO | Corporate actions bulk OK: 92 raw rows | 15 Nifty100 symbols with events
2026-06-18 12:46:49,051 | INFO | Corporate actions: 15/104 symbols have events (window 18-06-2026 to 18-07-2026) | Symbols: ASIANPAINT, AXISBANK, BAJAJFINSV, BAJAJHLDNG, BAJFINANCE, HDFCBANK, HDFCLIFE, HINDUNILVR, INDHOTEL, MOTHERSON, NESTLEIND, SHRIRAMFIN, TATAPOWER, TECHM, TMPV
2026-06-18 12:46:49,051 | INFO | Index membership from cache: NIFTY 50 (50 symbols)
2026-06-18 12:46:49,052 | INFO | Index membership from cache: Nifty Next 50 (50 symbols)
2026-06-18 12:46:49,052 | INFO | Index membership ready: 100 symbols mapped
2026-06-18 12:46:49,681 | INFO | News RSS query for ABB: https://news.google.com/rss/search?q=%22ABB+India+Ltd.%22+NSE+when:10d&hl=en-IN&gl=IN&ceid=IN:en
2026-06-18 12:46:49,956 | INFO | News RSS status for ABB: 200
2026-06-18 12:46:50,307 | INFO | News RSS query for ADANIENSOL: https://news.google.com/rss/search?q=%22Adani+Energy+Solutions+Ltd.%22+NSE+when:10d&hl=en-IN&gl=IN&ceid=IN:en
2026-06-18 12:46:50,552 | INFO | News RSS status for ADANIENSOL: 200
2026-06-18 12:46:51,179 | INFO | News RSS query for ADANIENT: https://news.google.com/rss/search?q=%22Adani+Enterprises+Ltd.%22+NSE+when:10d&hl=en-IN&gl=IN&ceid=IN:en
2026-06-18 12:46:51,437 | INFO | News RSS status for ADANIENT: 200
2026-06-18 12:46:51,499 | INFO | News RSS query for ADANIENT: https://news.google.com/rss/search?q=%22Adani+Enterprises+Ltd.%22+NSE+when:10d&hl=en-IN&gl=IN&ceid=IN:en
2026-06-18 12:46:51,504 | INFO | News RSS status for ADANIENT: 200
2026-06-18 12:46:52,125 | INFO | News RSS query for ADANIGREEN: https://news.google.com/rss/search?q=%22Adani+Green+Energy+Ltd.%22+NSE+when:10d&hl=en-IN&gl=IN&ceid=IN:en
2026-06-18 12:46:52,387 | INFO | News RSS status for ADANIGREEN: 200
2026-06-18 12:46:53,019 | INFO | News RSS query for ADANIPORTS: https://news.google.com/rss/search?q=%22Adani+Ports+and+Special+Economic+Zone+Ltd.%22+NSE+when:10d&hl=en-IN&gl=IN&ceid=IN:en
2026-06-18 12:46:53,273 | INFO | News RSS status for ADANIPORTS: 200
2026-06-18 12:46:55,013 | INFO | News RSS query for APOLLOHOSP: https://news.google.com/rss/search?q=%22Apollo+Hospitals+Enterprise+Ltd.%22+NSE+when:10d&hl=en-IN&gl=IN&ceid=IN:en
2026-06-18 12:46:55,203 | INFO | News RSS status for APOLLOHOSP: 200
2026-06-18 12:46:55,267 | INFO | News RSS query for APOLLOHOSP: https://news.google.com/rss/search?q=%22Apollo+Hospitals+Enterprise+Ltd.%22+NSE+when:10d&hl=en-IN&gl=IN&ceid=IN:en
2026-06-18 12:46:55,273 | INFO | News RSS status for APOLLOHOSP: 200
2026-06-18 12:46:55,893 | INFO | News RSS query for ASIANPAINT: https://news.google.com/rss/search?q=%22Asian+Paints+Ltd.%22+NSE+when:10d&hl=en-IN&gl=IN&ceid=IN:en
2026-06-18 12:46:56,142 | INFO | News RSS status for ASIANPAINT: 200
2026-06-18 12:46:56,144 | INFO | News RSS query for ASIANPAINT: https://news.google.com/rss/search?q=%22Asian+Paints+Ltd.%22+stock+when:10d&hl=en-IN&gl=IN&ceid=IN:en
2026-06-18 12:46:56,447 | INFO | News RSS status for ASIANPAINT: 200
2026-06-18 12:46:56,508 | INFO | News RSS query for ASIANPAINT: https://news.google.com/rss/search?q=%22Asian+Paints+Ltd.%22+NSE+when:10d&hl=en-IN&gl=IN&ceid=IN:en
2026-06-18 12:46:56,513 | INFO | News RSS status for ASIANPAINT: 200
2026-06-18 12:46:56,515 | INFO | News RSS query for ASIANPAINT: https://news.google.com/rss/search?q=%22Asian+Paints+Ltd.%22+stock+when:10d&hl=en-IN&gl=IN&ceid=IN:en
2026-06-18 12:46:56,520 | INFO | News RSS status for ASIANPAINT: 200
2026-06-18 12:46:57,139 | INFO | News RSS query for AXISBANK: https://news.google.com/rss/search?q=%22Axis+Bank+Ltd.%22+NSE+when:10d&hl=en-IN&gl=IN&ceid=IN:en
2026-06-18 12:46:57,442 | INFO | News RSS status for AXISBANK: 200
2026-06-18 12:46:59,171 | INFO | News RSS query for BAJAJHLDNG: https://news.google.com/rss/search?q=%22Bajaj+Holdings+%26+Investment+Ltd.%22+NSE+when:10d&hl=en-IN&gl=IN&ceid=IN:en
2026-06-18 12:46:59,444 | INFO | News RSS status for BAJAJHLDNG: 200
2026-06-18 12:47:00,071 | INFO | News RSS query for BAJFINANCE: https://news.google.com/rss/search?q=%22Bajaj+Finance+Ltd.%22+NSE+when:10d&hl=en-IN&gl=IN&ceid=IN:en
2026-06-18 12:47:00,313 | INFO | News RSS status for BAJFINANCE: 200
2026-06-18 12:47:02,622 | INFO | News RSS query for BOSCHLTD: https://news.google.com/rss/search?q=%22Bosch+Ltd.%22+NSE+when:10d&hl=en-IN&gl=IN&ceid=IN:en
2026-06-18 12:47:02,840 | INFO | News RSS status for BOSCHLTD: 200
2026-06-18 12:47:02,843 | INFO | News RSS query for BOSCHLTD: https://news.google.com/rss/search?q=%22Bosch+Ltd.%22+stock+when:10d&hl=en-IN&gl=IN&ceid=IN:en
2026-06-18 12:47:03,166 | INFO | News RSS status for BOSCHLTD: 200
2026-06-18 12:47:05,460 | INFO | News RSS query for CGPOWER: https://news.google.com/rss/search?q=%22CG+Power+and+Industrial+Solutions+Ltd.%22+NSE+when:10d&hl=en-IN&gl=IN&ceid=IN:en
2026-06-18 12:47:05,740 | INFO | News RSS status for CGPOWER: 200
2026-06-18 12:47:05,741 | INFO | News RSS query for CGPOWER: https://news.google.com/rss/search?q=%22CG+Power+and+Industrial+Solutions+Ltd.%22+stock+when:10d&hl=en-IN&gl=IN&ceid=IN:en
2026-06-18 12:47:05,973 | INFO | News RSS status for CGPOWER: 200
2026-06-18 12:47:05,974 | INFO | News RSS query for CGPOWER: https://news.google.com/rss/search?q=CGPOWER+NSE+when:10d&hl=en-IN&gl=IN&ceid=IN:en
2026-06-18 12:47:06,245 | INFO | News RSS status for CGPOWER: 200
2026-06-18 12:47:06,246 | INFO | News RSS query for CGPOWER: https://news.google.com/rss/search?q=site%3Aeconomictimes.indiatimes.com+%22CG+Power+and+Industrial+Solutions+Ltd.%22+when:10d&hl=en-IN&gl=IN&ceid=IN:en
2026-06-18 12:47:06,481 | INFO | News RSS status for CGPOWER: 200
2026-06-18 12:47:06,483 | INFO | News RSS query for CGPOWER: https://news.google.com/rss/search?q=site%3Amoneycontrol.com+%22CG+Power+and+Industrial+Solutions+Ltd.%22+when:10d&hl=en-IN&gl=IN&ceid=IN:en
2026-06-18 12:47:06,785 | INFO | News RSS status for CGPOWER: 200
2026-06-18 12:47:06,785 | INFO | News RSS query for CGPOWER: https://news.google.com/rss/search?q=site%3Abusinessstandard.com+%22CG+Power+and+Industrial+Solutions+Ltd.%22+when:10d&hl=en-IN&gl=IN&ceid=IN:en
2026-06-18 12:47:07,035 | INFO | News RSS status for CGPOWER: 200
2026-06-18 12:47:07,687 | INFO | News RSS query for CHOLAFIN: https://news.google.com/rss/search?q=%22Cholamandalam+Investment+and+Finance+Company+Ltd.%22+NSE+when:10d&hl=en-IN&gl=IN&ceid=IN:en
2026-06-18 12:47:07,928 | INFO | News RSS status for CHOLAFIN: 200
2026-06-18 12:47:07,929 | INFO | News RSS query for CHOLAFIN: https://news.google.com/rss/search?q=%22Cholamandalam+Investment+and+Finance+Company+Ltd.%22+stock+when:10d&hl=en-IN&gl=IN&ceid=IN:en
2026-06-18 12:47:08,180 | INFO | News RSS status for CHOLAFIN: 200
2026-06-18 12:47:08,181 | INFO | News RSS query for CHOLAFIN: https://news.google.com/rss/search?q=CHOLAFIN+NSE+when:10d&hl=en-IN&gl=IN&ceid=IN:en
2026-06-18 12:47:08,379 | INFO | News RSS status for CHOLAFIN: 200
2026-06-18 12:47:08,380 | INFO | News RSS query for CHOLAFIN: https://news.google.com/rss/search?q=site%3Aeconomictimes.indiatimes.com+%22Cholamandalam+Investment+and+Finance+Company+Ltd.%22+when:10d&hl=en-IN&gl=IN&ceid=IN:en
2026-06-18 12:47:08,606 | INFO | News RSS status for CHOLAFIN: 200
2026-06-18 12:47:08,606 | INFO | News RSS query for CHOLAFIN: https://news.google.com/rss/search?q=site%3Amoneycontrol.com+%22Cholamandalam+Investment+and+Finance+Company+Ltd.%22+when:10d&hl=en-IN&gl=IN&ceid=IN:en
2026-06-18 12:47:08,822 | INFO | News RSS status for CHOLAFIN: 200
2026-06-18 12:47:08,823 | INFO | News RSS query for CHOLAFIN: https://news.google.com/rss/search?q=site%3Abusinessstandard.com+%22Cholamandalam+Investment+and+Finance+Company+Ltd.%22+when:10d&hl=en-IN&gl=IN&ceid=IN:en
2026-06-18 12:47:09,071 | INFO | News RSS status for CHOLAFIN: 200
2026-06-18 12:47:10,796 | INFO | News RSS query for CUMMINSIND: https://news.google.com/rss/search?q=%22Cummins+India+Ltd.%22+NSE+when:10d&hl=en-IN&gl=IN&ceid=IN:en
2026-06-18 12:47:11,023 | INFO | News RSS status for CUMMINSIND: 200
2026-06-18 12:47:11,643 | INFO | News RSS query for DIVISLAB: https://news.google.com/rss/search?q=%22Divi%27s+Laboratories+Ltd.%22+NSE+when:10d&hl=en-IN&gl=IN&ceid=IN:en
2026-06-18 12:47:11,849 | INFO | News RSS status for DIVISLAB: 200
2026-06-18 12:47:11,850 | INFO | News RSS query for DIVISLAB: https://news.google.com/rss/search?q=%22Divi%27s+Laboratories+Ltd.%22+stock+when:10d&hl=en-IN&gl=IN&ceid=IN:en
2026-06-18 12:47:12,155 | INFO | News RSS status for DIVISLAB: 200
2026-06-18 12:47:12,157 | INFO | News RSS query for DIVISLAB: https://news.google.com/rss/search?q=DIVISLAB+NSE+when:10d&hl=en-IN&gl=IN&ceid=IN:en
2026-06-18 12:47:12,427 | INFO | News RSS status for DIVISLAB: 200
2026-06-18 12:47:12,488 | INFO | News RSS query for DIVISLAB: https://news.google.com/rss/search?q=%22Divi%27s+Laboratories+Ltd.%22+NSE+when:10d&hl=en-IN&gl=IN&ceid=IN:en
2026-06-18 12:47:12,494 | INFO | News RSS status for DIVISLAB: 200
2026-06-18 12:47:12,495 | INFO | News RSS query for DIVISLAB: https://news.google.com/rss/search?q=%22Divi%27s+Laboratories+Ltd.%22+stock+when:10d&hl=en-IN&gl=IN&ceid=IN:en
2026-06-18 12:47:12,503 | INFO | News RSS status for DIVISLAB: 200
2026-06-18 12:47:12,504 | INFO | News RSS query for DIVISLAB: https://news.google.com/rss/search?q=DIVISLAB+NSE+when:10d&hl=en-IN&gl=IN&ceid=IN:en
2026-06-18 12:47:12,514 | INFO | News RSS status for DIVISLAB: 200
2026-06-18 12:47:12,576 | INFO | News RSS query for DIVISLAB: https://news.google.com/rss/search?q=%22Divi%27s+Laboratories+Ltd.%22+NSE+when:10d&hl=en-IN&gl=IN&ceid=IN:en
2026-06-18 12:47:12,580 | INFO | News RSS status for DIVISLAB: 200
2026-06-18 12:47:12,581 | INFO | News RSS query for DIVISLAB: https://news.google.com/rss/search?q=%22Divi%27s+Laboratories+Ltd.%22+stock+when:10d&hl=en-IN&gl=IN&ceid=IN:en
2026-06-18 12:47:12,587 | INFO | News RSS status for DIVISLAB: 200
2026-06-18 12:47:12,588 | INFO | News RSS query for DIVISLAB: https://news.google.com/rss/search?q=DIVISLAB+NSE+when:10d&hl=en-IN&gl=IN&ceid=IN:en
2026-06-18 12:47:12,593 | INFO | News RSS status for DIVISLAB: 200
2026-06-18 12:47:13,768 | INFO | News RSS query for DMART: https://news.google.com/rss/search?q=%22Avenue+Supermarts+Ltd.%22+NSE+when:10d&hl=en-IN&gl=IN&ceid=IN:en
2026-06-18 12:47:13,999 | INFO | News RSS status for DMART: 200
2026-06-18 12:47:14,001 | INFO | News RSS query for DMART: https://news.google.com/rss/search?q=%22Avenue+Supermarts+Ltd.%22+stock+when:10d&hl=en-IN&gl=IN&ceid=IN:en
2026-06-18 12:47:14,224 | INFO | News RSS status for DMART: 200
2026-06-18 12:47:15,410 | INFO | News RSS query for EICHERMOT: https://news.google.com/rss/search?q=%22Eicher+Motors+Ltd.%22+NSE+when:10d&hl=en-IN&gl=IN&ceid=IN:en
2026-06-18 12:47:15,607 | INFO | News RSS status for EICHERMOT: 200
2026-06-18 12:47:15,607 | INFO | News RSS query for EICHERMOT: https://news.google.com/rss/search?q=%22Eicher+Motors+Ltd.%22+stock+when:10d&hl=en-IN&gl=IN&ceid=IN:en
2026-06-18 12:47:15,842 | INFO | News RSS status for EICHERMOT: 200
2026-06-18 12:47:16,011 | INFO | News RSS query for ENRIN: https://news.google.com/rss/search?q=%22Siemens+Energy+India+Ltd.%22+NSE+when:10d&hl=en-IN&gl=IN&ceid=IN:en
2026-06-18 12:47:16,216 | INFO | News RSS status for ENRIN: 200
2026-06-18 12:47:16,218 | INFO | News RSS query for ENRIN: https://news.google.com/rss/search?q=%22Siemens+Energy+India+Ltd.%22+stock+when:10d&hl=en-IN&gl=IN&ceid=IN:en
2026-06-18 12:47:16,439 | INFO | News RSS status for ENRIN: 200
2026-06-18 12:47:16,977 | INFO | News RSS query for ETERNAL: https://news.google.com/rss/search?q=%22Eternal+Ltd.%22+NSE+when:10d&hl=en-IN&gl=IN&ceid=IN:en
2026-06-18 12:47:17,214 | INFO | News RSS status for ETERNAL: 200
2026-06-18 12:47:18,943 | INFO | News RSS query for GRASIM: https://news.google.com/rss/search?q=%22Grasim+Industries+Ltd.%22+NSE+when:10d&hl=en-IN&gl=IN&ceid=IN:en
2026-06-18 12:47:19,171 | INFO | News RSS status for GRASIM: 200
2026-06-18 12:47:20,898 | INFO | News RSS query for HDFCAMC: https://news.google.com/rss/search?q=%22HDFC+Asset+Management+Company+Ltd.%22+NSE+when:10d&hl=en-IN&gl=IN&ceid=IN:en
2026-06-18 12:47:21,096 | INFO | News RSS status for HDFCAMC: 200
2026-06-18 12:47:23,436 | INFO | News RSS query for HINDUNILVR: https://news.google.com/rss/search?q=%22Hindustan+Unilever+Ltd.%22+NSE+when:10d&hl=en-IN&gl=IN&ceid=IN:en
2026-06-18 12:47:23,674 | INFO | News RSS status for HINDUNILVR: 200
2026-06-18 12:47:29,782 | INFO | News RSS query for JSWSTEEL: https://news.google.com/rss/search?q=%22JSW+Steel+Ltd.%22+NSE+when:10d&hl=en-IN&gl=IN&ceid=IN:en
2026-06-18 12:47:30,027 | INFO | News RSS status for JSWSTEEL: 200
2026-06-18 12:47:31,729 | INFO | News RSS query for LT: https://news.google.com/rss/search?q=%22Larsen+%26+Toubro+Ltd.%22+NSE+when:10d&hl=en-IN&gl=IN&ceid=IN:en
2026-06-18 12:47:31,972 | INFO | News RSS status for LT: 200
2026-06-18 12:47:31,977 | WARNING | Skipping LTM — only 81 bars available (need 220). Extend history_backfill_days in config.json to include this symbol.
2026-06-18 12:47:33,728 | INFO | News RSS query for MAXHEALTH: https://news.google.com/rss/search?q=%22Max+Healthcare+Institute+Ltd.%22+NSE+when:10d&hl=en-IN&gl=IN&ceid=IN:en
2026-06-18 12:47:33,986 | INFO | News RSS status for MAXHEALTH: 200
2026-06-18 12:47:34,619 | INFO | News RSS query for MAZDOCK: https://news.google.com/rss/search?q=%22Mazagoan+Dock+Shipbuilders+Ltd.%22+NSE+when:10d&hl=en-IN&gl=IN&ceid=IN:en
2026-06-18 12:47:34,796 | INFO | News RSS status for MAZDOCK: 200
2026-06-18 12:47:34,796 | INFO | News RSS query for MAZDOCK: https://news.google.com/rss/search?q=%22Mazagoan+Dock+Shipbuilders+Ltd.%22+stock+when:10d&hl=en-IN&gl=IN&ceid=IN:en
2026-06-18 12:47:35,003 | INFO | News RSS status for MAZDOCK: 200
2026-06-18 12:47:35,003 | INFO | News RSS query for MAZDOCK: https://news.google.com/rss/search?q=MAZDOCK+NSE+when:10d&hl=en-IN&gl=IN&ceid=IN:en
2026-06-18 12:47:35,279 | INFO | News RSS status for MAZDOCK: 200
2026-06-18 12:47:35,280 | INFO | News RSS query for MAZDOCK: https://news.google.com/rss/search?q=site%3Aeconomictimes.indiatimes.com+%22Mazagoan+Dock+Shipbuilders+Ltd.%22+when:10d&hl=en-IN&gl=IN&ceid=IN:en
2026-06-18 12:47:35,488 | INFO | News RSS status for MAZDOCK: 200
2026-06-18 12:47:35,488 | INFO | News RSS query for MAZDOCK: https://news.google.com/rss/search?q=site%3Amoneycontrol.com+%22Mazagoan+Dock+Shipbuilders+Ltd.%22+when:10d&hl=en-IN&gl=IN&ceid=IN:en
2026-06-18 12:47:35,705 | INFO | News RSS status for MAZDOCK: 200
2026-06-18 12:47:35,705 | INFO | News RSS query for MAZDOCK: https://news.google.com/rss/search?q=site%3Abusinessstandard.com+%22Mazagoan+Dock+Shipbuilders+Ltd.%22+when:10d&hl=en-IN&gl=IN&ceid=IN:en
2026-06-18 12:47:35,927 | INFO | News RSS status for MAZDOCK: 200
2026-06-18 12:47:36,547 | INFO | News RSS query for MOTHERSON: https://news.google.com/rss/search?q=%22Samvardhana+Motherson+International+Ltd.%22+NSE+when:10d&hl=en-IN&gl=IN&ceid=IN:en
2026-06-18 12:47:36,803 | INFO | News RSS status for MOTHERSON: 200
2026-06-18 12:47:36,804 | INFO | News RSS query for MOTHERSON: https://news.google.com/rss/search?q=%22Samvardhana+Motherson+International+Ltd.%22+stock+when:10d&hl=en-IN&gl=IN&ceid=IN:en
2026-06-18 12:47:37,042 | INFO | News RSS status for MOTHERSON: 200
2026-06-18 12:47:37,104 | INFO | News RSS query for MOTHERSON: https://news.google.com/rss/search?q=%22Samvardhana+Motherson+International+Ltd.%22+NSE+when:10d&hl=en-IN&gl=IN&ceid=IN:en
2026-06-18 12:47:37,115 | INFO | News RSS status for MOTHERSON: 200
2026-06-18 12:47:37,116 | INFO | News RSS query for MOTHERSON: https://news.google.com/rss/search?q=%22Samvardhana+Motherson+International+Ltd.%22+stock+when:10d&hl=en-IN&gl=IN&ceid=IN:en
2026-06-18 12:47:37,123 | INFO | News RSS status for MOTHERSON: 200
2026-06-18 12:47:40,514 | INFO | News RSS query for PIDILITIND: https://news.google.com/rss/search?q=%22Pidilite+Industries+Ltd.%22+NSE+when:10d&hl=en-IN&gl=IN&ceid=IN:en
2026-06-18 12:47:40,757 | INFO | News RSS status for PIDILITIND: 200
2026-06-18 12:47:40,760 | INFO | News RSS query for PIDILITIND: https://news.google.com/rss/search?q=%22Pidilite+Industries+Ltd.%22+stock+when:10d&hl=en-IN&gl=IN&ceid=IN:en
2026-06-18 12:47:41,032 | INFO | News RSS status for PIDILITIND: 200
2026-06-18 12:47:42,749 | INFO | News RSS query for RECLTD: https://news.google.com/rss/search?q=%22REC+Ltd.%22+NSE+when:10d&hl=en-IN&gl=IN&ceid=IN:en
2026-06-18 12:47:43,011 | INFO | News RSS status for RECLTD: 200
2026-06-18 12:47:45,318 | INFO | News RSS query for SHREECEM: https://news.google.com/rss/search?q=%22Shree+Cement+Ltd.%22+NSE+when:10d&hl=en-IN&gl=IN&ceid=IN:en
2026-06-18 12:47:45,567 | INFO | News RSS status for SHREECEM: 200
2026-06-18 12:47:45,569 | INFO | News RSS query for SHREECEM: https://news.google.com/rss/search?q=%22Shree+Cement+Ltd.%22+stock+when:10d&hl=en-IN&gl=IN&ceid=IN:en
2026-06-18 12:47:45,786 | INFO | News RSS status for SHREECEM: 200
2026-06-18 12:47:48,017 | WARNING | Skipping TATACAP — only 169 bars available (need 220). Extend history_backfill_days in config.json to include this symbol.
2026-06-18 12:47:51,432 | INFO | News RSS query for TITAN: https://news.google.com/rss/search?q=%22Titan+Company+Ltd.%22+NSE+when:10d&hl=en-IN&gl=IN&ceid=IN:en
2026-06-18 12:47:51,666 | INFO | News RSS status for TITAN: 200
2026-06-18 12:47:51,729 | INFO | News RSS query for TITAN: https://news.google.com/rss/search?q=%22Titan+Company+Ltd.%22+NSE+when:10d&hl=en-IN&gl=IN&ceid=IN:en
2026-06-18 12:47:51,734 | INFO | News RSS status for TITAN: 200
2026-06-18 12:47:51,794 | INFO | News RSS query for TITAN: https://news.google.com/rss/search?q=%22Titan+Company+Ltd.%22+NSE+when:10d&hl=en-IN&gl=IN&ceid=IN:en
2026-06-18 12:47:51,799 | INFO | News RSS status for TITAN: 200
2026-06-18 12:47:51,804 | WARNING | Skipping TMCV — only 149 bars available (need 220). Extend history_backfill_days in config.json to include this symbol.
2026-06-18 12:47:51,804 | WARNING | Skipping TMPV — only 166 bars available (need 220). Extend history_backfill_days in config.json to include this symbol.
2026-06-18 12:47:52,424 | INFO | News RSS query for TORNTPHARM: https://news.google.com/rss/search?q=%22Torrent+Pharmaceuticals+Ltd.%22+NSE+when:10d&hl=en-IN&gl=IN&ceid=IN:en
2026-06-18 12:47:52,668 | INFO | News RSS status for TORNTPHARM: 200
2026-06-18 12:47:53,856 | INFO | News RSS query for TVSMOTOR: https://news.google.com/rss/search?q=%22TVS+Motor+Company+Ltd.%22+NSE+when:10d&hl=en-IN&gl=IN&ceid=IN:en
2026-06-18 12:47:54,164 | INFO | News RSS status for TVSMOTOR: 200
2026-06-18 12:47:54,166 | INFO | News RSS query for TVSMOTOR: https://news.google.com/rss/search?q=%22TVS+Motor+Company+Ltd.%22+stock+when:10d&hl=en-IN&gl=IN&ceid=IN:en
2026-06-18 12:47:54,448 | INFO | News RSS status for TVSMOTOR: 200
2026-06-18 12:47:55,784 | WARNING | Skipping VAML — only 4 bars available (need 220). Extend history_backfill_days in config.json to include this symbol.
2026-06-18 12:47:56,407 | INFO | News RSS query for VBL: https://news.google.com/rss/search?q=%22Varun+Beverages+Ltd.%22+NSE+when:10d&hl=en-IN&gl=IN&ceid=IN:en
2026-06-18 12:47:56,631 | INFO | News RSS status for VBL: 200
2026-06-18 12:47:56,634 | INFO | News RSS query for VBL: https://news.google.com/rss/search?q=%22Varun+Beverages+Ltd.%22+stock+when:10d&hl=en-IN&gl=IN&ceid=IN:en
2026-06-18 12:47:56,953 | INFO | News RSS status for VBL: 200
2026-06-18 12:47:57,516 | WARNING | Skipping VEDPOWER — only 4 bars available (need 220). Extend history_backfill_days in config.json to include this symbol.
2026-06-18 12:47:57,516 | WARNING | Skipping VISL — only 4 bars available (need 220). Extend history_backfill_days in config.json to include this symbol.
2026-06-18 12:47:57,517 | WARNING | Skipping VOGL — only 4 bars available (need 220). Extend history_backfill_days in config.json to include this symbol.
2026-06-18 12:47:58,694 | INFO | News RSS query for ZYDUSLIFE: https://news.google.com/rss/search?q=%22Zydus+Lifesciences+Ltd.%22+NSE+when:10d&hl=en-IN&gl=IN&ceid=IN:en
2026-06-18 12:47:58,928 | INFO | News RSS status for ZYDUSLIFE: 200
2026-06-18 12:47:58,931 | INFO | News RSS query for ZYDUSLIFE: https://news.google.com/rss/search?q=%22Zydus+Lifesciences+Ltd.%22+stock+when:10d&hl=en-IN&gl=IN&ceid=IN:en
2026-06-18 12:47:59,165 | INFO | News RSS status for ZYDUSLIFE: 200
2026-06-18 12:47:59,225 | INFO | News RSS query for ZYDUSLIFE: https://news.google.com/rss/search?q=%22Zydus+Lifesciences+Ltd.%22+NSE+when:10d&hl=en-IN&gl=IN&ceid=IN:en
2026-06-18 12:47:59,230 | INFO | News RSS status for ZYDUSLIFE: 200
2026-06-18 12:47:59,233 | INFO | News RSS query for ZYDUSLIFE: https://news.google.com/rss/search?q=%22Zydus+Lifesciences+Ltd.%22+stock+when:10d&hl=en-IN&gl=IN&ceid=IN:en
2026-06-18 12:47:59,238 | INFO | News RSS status for ZYDUSLIFE: 200
2026-06-18 12:47:59,248 | INFO | Index membership from cache: NIFTY 50 (50 symbols)
2026-06-18 12:47:59,248 | INFO | Index membership from cache: Nifty Next 50 (50 symbols)
2026-06-18 12:47:59,248 | INFO | Index membership ready: 100 symbols mapped
2026-06-18 12:47:59,248 | INFO | Market Health: fetching index OHLCV...
2026-06-18 12:47:59,251 | INFO | Index OHLCV cache fresh for NIFTY 50 (1402 rows)
2026-06-18 12:47:59,254 | INFO | Index OHLCV cache fresh for NIFTY NEXT 50 (1402 rows)
2026-06-18 12:47:59,254 | INFO | Market Health: fetching VIX...
2026-06-18 12:47:59,256 | INFO | VIX cache fresh (100 rows)
2026-06-18 12:47:59,256 | INFO | Market Health: updating breadth EMA cache...
2026-06-18 12:48:00,999 | INFO | Breadth EMA cache: 129664 total rows (+100)
2026-06-18 12:48:01,021 | INFO | Market Health [NIFTY 50]: Score=32.0 | Weak Bull &#x1F7E1;
2026-06-18 12:48:01,038 | INFO | Market Health [Nifty Next 50]: Score=64.5 | Strong Bull &#x1F7E2;
2026-06-18 12:48:01,188 | INFO | Signal log: appended 21 new signals. Total rows: 280
2026-06-18 12:48:01,188 | INFO | Signal log written/updated: /home/runner/work/nifty100-reporter/nifty100-reporter/data/nifty100_signal_log.csv
2026-06-18 12:48:01,992 | INFO | Signal tracker: updated 124 Active signal rows.
2026-06-18 12:48:02,012 | INFO | HTML report written: /home/runner/work/nifty100-reporter/nifty100-reporter/reports/nifty100_daily_report_20260618.html
2026-06-18 12:48:02,020 | INFO | Market Health Excel sheet written.
2026-06-18 12:48:02,693 | INFO | Excel report written: /home/runner/work/nifty100-reporter/nifty100-reporter/reports/nifty100_daily_report_20260618.xlsx
2026-06-18 12:48:02,693 | INFO | GitHub Actions detected — skipping Gmail API send (workflow handles email).
2026-06-18 12:48:02,693 | INFO | Run completed successfully.
2026-06-18 12:48:02,694 | INFO | Artifacts: /home/runner/work/nifty100-reporter/nifty100-reporter/reports/nifty100_daily_report_20260618.html | /home/runner/work/nifty100-reporter/nifty100-reporter/reports/nifty100_daily_report_20260618.xlsx | log: /home/runner/work/nifty100-reporter/nifty100-reporter/logs/run_20260618_181556.log
