2026-06-27 12:46:03,488 | INFO | Nifty 100 Daily EMA Cross Reporter | Version 3.3.8 | Released 2026-04-17
2026-06-27 12:46:03,488 | INFO | Base directory: /home/runner/work/nifty100-reporter/nifty100-reporter
2026-06-27 12:46:03,488 | INFO | Loaded config. Email enabled: True | Recipients: 1
2026-06-27 12:46:03,633 | WARNING | NSE session bootstrap HTTP 403 (attempt 1/5) — refreshing NSE session cookie …
2026-06-27 12:46:14,490 | INFO | NSE session bootstrap status: 200
2026-06-27 12:46:14,490 | INFO | Downloading Nifty 100 universe from https://www.niftyindices.com/IndexConstituent/ind_nifty100list.csv
2026-06-27 12:46:14,926 | INFO | Universe download status: 200
2026-06-27 12:46:14,931 | INFO | Universe rows loaded: 100
2026-06-27 12:46:15,036 | INFO | Loaded history rows: 130254
2026-06-27 12:46:15,045 | INFO | yfinance history update: 100 symbols | 2026-06-24 → 2026-06-28
2026-06-27 12:46:15,045 | INFO | yfinance batch download: 100 symbols | 2026-06-24 → 2026-06-28
2026-06-27 12:46:24,373 | INFO | yfinance raw shape: (2, 500)
2026-06-27 12:46:24,702 | INFO | yfinance parsed rows after date-filter: 200
2026-06-27 12:46:24,702 | INFO | New rows from yfinance: 200
2026-06-27 12:46:25,443 | INFO | Saved history rows: 130254 | file: /home/runner/work/nifty100-reporter/nifty100-reporter/data/nifty100_ohlcv_history.csv
2026-06-27 12:46:25,552 | INFO | Loaded history rows: 130254
2026-06-27 12:46:25,552 | INFO | Latest OHLCV data is from 2026-06-25
2026-06-27 12:46:25,575 | INFO | Latest Delivery data is from 2026-06-26
2026-06-27 12:46:25,618 | INFO | Delivery cache has 30 dates — skipping backfill.
2026-06-27 12:46:25,619 | INFO | Delivery fetch attempt [1/7] — URL: https://archives.nseindia.com/products/content/sec_bhavdata_full_26062026.csv
2026-06-27 12:46:26,335 | INFO | Delivery fetch SUCCESS — date: 2026-06-26 | size: 370291 bytes | URL: https://archives.nseindia.com/products/content/sec_bhavdata_full_26062026.csv
2026-06-27 12:46:26,673 | INFO | Delivery cache updated: 2406 symbols for 2026-06-26 (rows in cache: 73095)
2026-06-27 12:46:26,673 | INFO | Delivery data: 2406 symbols | fallback=False
2026-06-27 12:46:27,081 | INFO | Corporate actions bulk OK: 112 raw rows | 19 Nifty100 symbols with events
2026-06-27 12:46:54,985 | INFO | Corporate actions: 19/100 symbols have events (window 27-06-2026 to 27-07-2026) | Symbols: AXISBANK, BAJAJFINSV, BAJAJHLDNG, BAJFINANCE, CHOLAFIN, CUMMINSIND, DIVISLAB, HINDALCO, JSWSTEEL, M&M, MAXHEALTH, MOTHERSON, NESTLEIND, SHRIRAMFIN, SUNPHARMA, TECHM, UNIONBANK, UNITDSPR, ZYDUSLIFE
2026-06-27 12:46:54,985 | INFO | Index membership from cache: NIFTY 50 (50 symbols)
2026-06-27 12:46:54,985 | INFO | Index membership from cache: Nifty Next 50 (50 symbols)
2026-06-27 12:46:54,985 | INFO | Index membership ready: 100 symbols mapped
2026-06-27 12:46:55,635 | INFO | News RSS query for ABB: https://news.google.com/rss/search?q=%22ABB+India+Ltd.%22+NSE+when:10d&hl=en-IN&gl=IN&ceid=IN:en
2026-06-27 12:46:56,062 | INFO | News RSS status for ABB: 200
2026-06-27 12:46:56,424 | INFO | News RSS query for ADANIENSOL: https://news.google.com/rss/search?q=%22Adani+Energy+Solutions+Ltd.%22+NSE+when:10d&hl=en-IN&gl=IN&ceid=IN:en
2026-06-27 12:46:56,703 | INFO | News RSS status for ADANIENSOL: 200
2026-06-27 12:46:57,333 | INFO | News RSS query for ADANIENT: https://news.google.com/rss/search?q=%22Adani+Enterprises+Ltd.%22+NSE+when:10d&hl=en-IN&gl=IN&ceid=IN:en
2026-06-27 12:46:57,608 | INFO | News RSS status for ADANIENT: 200
2026-06-27 12:46:58,251 | INFO | News RSS query for ADANIGREEN: https://news.google.com/rss/search?q=%22Adani+Green+Energy+Ltd.%22+NSE+when:10d&hl=en-IN&gl=IN&ceid=IN:en
2026-06-27 12:46:58,511 | INFO | News RSS status for ADANIGREEN: 200
2026-06-27 12:46:58,576 | INFO | News RSS query for ADANIGREEN: https://news.google.com/rss/search?q=%22Adani+Green+Energy+Ltd.%22+NSE+when:10d&hl=en-IN&gl=IN&ceid=IN:en
2026-06-27 12:46:58,590 | INFO | News RSS status for ADANIGREEN: 200
2026-06-27 12:46:59,224 | INFO | News RSS query for ADANIPORTS: https://news.google.com/rss/search?q=%22Adani+Ports+and+Special+Economic+Zone+Ltd.%22+NSE+when:10d&hl=en-IN&gl=IN&ceid=IN:en
2026-06-27 12:46:59,420 | INFO | News RSS status for ADANIPORTS: 200
2026-06-27 12:47:00,046 | INFO | News RSS query for ADANIPOWER: https://news.google.com/rss/search?q=%22Adani+Power+Ltd.%22+NSE+when:10d&hl=en-IN&gl=IN&ceid=IN:en
2026-06-27 12:47:00,303 | INFO | News RSS status for ADANIPOWER: 200
2026-06-27 12:47:01,517 | INFO | News RSS query for APOLLOHOSP: https://news.google.com/rss/search?q=%22Apollo+Hospitals+Enterprise+Ltd.%22+NSE+when:10d&hl=en-IN&gl=IN&ceid=IN:en
2026-06-27 12:47:01,709 | INFO | News RSS status for APOLLOHOSP: 200
2026-06-27 12:47:02,345 | INFO | News RSS query for ASIANPAINT: https://news.google.com/rss/search?q=%22Asian+Paints+Ltd.%22+NSE+when:10d&hl=en-IN&gl=IN&ceid=IN:en
2026-06-27 12:47:02,560 | INFO | News RSS status for ASIANPAINT: 200
2026-06-27 12:47:03,199 | INFO | News RSS query for AXISBANK: https://news.google.com/rss/search?q=%22Axis+Bank+Ltd.%22+NSE+when:10d&hl=en-IN&gl=IN&ceid=IN:en
2026-06-27 12:47:03,477 | INFO | News RSS status for AXISBANK: 200
2026-06-27 12:47:06,403 | INFO | News RSS query for BANKBARODA: https://news.google.com/rss/search?q=%22Bank+of+Baroda%22+NSE+when:10d&hl=en-IN&gl=IN&ceid=IN:en
2026-06-27 12:47:06,718 | INFO | News RSS status for BANKBARODA: 200
2026-06-27 12:47:08,487 | INFO | News RSS query for BOSCHLTD: https://news.google.com/rss/search?q=%22Bosch+Ltd.%22+NSE+when:10d&hl=en-IN&gl=IN&ceid=IN:en
2026-06-27 12:47:08,745 | INFO | News RSS status for BOSCHLTD: 200
2026-06-27 12:47:11,120 | INFO | News RSS query for CGPOWER: https://news.google.com/rss/search?q=%22CG+Power+and+Industrial+Solutions+Ltd.%22+NSE+when:10d&hl=en-IN&gl=IN&ceid=IN:en
2026-06-27 12:47:11,303 | INFO | News RSS status for CGPOWER: 200
2026-06-27 12:47:11,304 | INFO | News RSS query for CGPOWER: https://news.google.com/rss/search?q=%22CG+Power+and+Industrial+Solutions+Ltd.%22+stock+when:10d&hl=en-IN&gl=IN&ceid=IN:en
2026-06-27 12:47:11,489 | INFO | News RSS status for CGPOWER: 200
2026-06-27 12:47:11,490 | INFO | News RSS query for CGPOWER: https://news.google.com/rss/search?q=CGPOWER+NSE+when:10d&hl=en-IN&gl=IN&ceid=IN:en
2026-06-27 12:47:11,768 | INFO | News RSS status for CGPOWER: 200
2026-06-27 12:47:11,831 | INFO | News RSS query for CGPOWER: https://news.google.com/rss/search?q=%22CG+Power+and+Industrial+Solutions+Ltd.%22+NSE+when:10d&hl=en-IN&gl=IN&ceid=IN:en
2026-06-27 12:47:11,844 | INFO | News RSS status for CGPOWER: 200
2026-06-27 12:47:11,845 | INFO | News RSS query for CGPOWER: https://news.google.com/rss/search?q=%22CG+Power+and+Industrial+Solutions+Ltd.%22+stock+when:10d&hl=en-IN&gl=IN&ceid=IN:en
2026-06-27 12:47:11,858 | INFO | News RSS status for CGPOWER: 200
2026-06-27 12:47:11,859 | INFO | News RSS query for CGPOWER: https://news.google.com/rss/search?q=CGPOWER+NSE+when:10d&hl=en-IN&gl=IN&ceid=IN:en
2026-06-27 12:47:11,872 | INFO | News RSS status for CGPOWER: 200
2026-06-27 12:47:11,935 | INFO | News RSS query for CGPOWER: https://news.google.com/rss/search?q=%22CG+Power+and+Industrial+Solutions+Ltd.%22+NSE+when:10d&hl=en-IN&gl=IN&ceid=IN:en
2026-06-27 12:47:11,948 | INFO | News RSS status for CGPOWER: 200
2026-06-27 12:47:11,949 | INFO | News RSS query for CGPOWER: https://news.google.com/rss/search?q=%22CG+Power+and+Industrial+Solutions+Ltd.%22+stock+when:10d&hl=en-IN&gl=IN&ceid=IN:en
2026-06-27 12:47:11,961 | INFO | News RSS status for CGPOWER: 200
2026-06-27 12:47:11,963 | INFO | News RSS query for CGPOWER: https://news.google.com/rss/search?q=CGPOWER+NSE+when:10d&hl=en-IN&gl=IN&ceid=IN:en
2026-06-27 12:47:11,976 | INFO | News RSS status for CGPOWER: 200
2026-06-27 12:47:12,610 | INFO | News RSS query for CHOLAFIN: https://news.google.com/rss/search?q=%22Cholamandalam+Investment+and+Finance+Company+Ltd.%22+NSE+when:10d&hl=en-IN&gl=IN&ceid=IN:en
2026-06-27 12:47:12,857 | INFO | News RSS status for CHOLAFIN: 200
2026-06-27 12:47:12,858 | INFO | News RSS query for CHOLAFIN: https://news.google.com/rss/search?q=%22Cholamandalam+Investment+and+Finance+Company+Ltd.%22+stock+when:10d&hl=en-IN&gl=IN&ceid=IN:en
2026-06-27 12:47:13,099 | INFO | News RSS status for CHOLAFIN: 200
2026-06-27 12:47:13,101 | INFO | News RSS query for CHOLAFIN: https://news.google.com/rss/search?q=CHOLAFIN+NSE+when:10d&hl=en-IN&gl=IN&ceid=IN:en
2026-06-27 12:47:13,346 | INFO | News RSS status for CHOLAFIN: 200
2026-06-27 12:47:13,346 | INFO | News RSS query for CHOLAFIN: https://news.google.com/rss/search?q=site%3Aeconomictimes.indiatimes.com+%22Cholamandalam+Investment+and+Finance+Company+Ltd.%22+when:10d&hl=en-IN&gl=IN&ceid=IN:en
2026-06-27 12:47:13,548 | INFO | News RSS status for CHOLAFIN: 200
2026-06-27 12:47:13,549 | INFO | News RSS query for CHOLAFIN: https://news.google.com/rss/search?q=site%3Amoneycontrol.com+%22Cholamandalam+Investment+and+Finance+Company+Ltd.%22+when:10d&hl=en-IN&gl=IN&ceid=IN:en
2026-06-27 12:47:13,737 | INFO | News RSS status for CHOLAFIN: 200
2026-06-27 12:47:13,738 | INFO | News RSS query for CHOLAFIN: https://news.google.com/rss/search?q=site%3Abusinessstandard.com+%22Cholamandalam+Investment+and+Finance+Company+Ltd.%22+when:10d&hl=en-IN&gl=IN&ceid=IN:en
2026-06-27 12:47:13,917 | INFO | News RSS status for CHOLAFIN: 200
2026-06-27 12:47:14,003 | INFO | News RSS query for CHOLAFIN: https://news.google.com/rss/search?q=%22Cholamandalam+Investment+and+Finance+Company+Ltd.%22+NSE+when:10d&hl=en-IN&gl=IN&ceid=IN:en
2026-06-27 12:47:14,016 | INFO | News RSS status for CHOLAFIN: 200
2026-06-27 12:47:14,017 | INFO | News RSS query for CHOLAFIN: https://news.google.com/rss/search?q=%22Cholamandalam+Investment+and+Finance+Company+Ltd.%22+stock+when:10d&hl=en-IN&gl=IN&ceid=IN:en
2026-06-27 12:47:14,030 | INFO | News RSS status for CHOLAFIN: 200
2026-06-27 12:47:14,032 | INFO | News RSS query for CHOLAFIN: https://news.google.com/rss/search?q=CHOLAFIN+NSE+when:10d&hl=en-IN&gl=IN&ceid=IN:en
2026-06-27 12:47:14,045 | INFO | News RSS status for CHOLAFIN: 200
2026-06-27 12:47:14,045 | INFO | News RSS query for CHOLAFIN: https://news.google.com/rss/search?q=site%3Aeconomictimes.indiatimes.com+%22Cholamandalam+Investment+and+Finance+Company+Ltd.%22+when:10d&hl=en-IN&gl=IN&ceid=IN:en
2026-06-27 12:47:14,058 | INFO | News RSS status for CHOLAFIN: 200
2026-06-27 12:47:14,059 | INFO | News RSS query for CHOLAFIN: https://news.google.com/rss/search?q=site%3Amoneycontrol.com+%22Cholamandalam+Investment+and+Finance+Company+Ltd.%22+when:10d&hl=en-IN&gl=IN&ceid=IN:en
2026-06-27 12:47:14,072 | INFO | News RSS status for CHOLAFIN: 200
2026-06-27 12:47:14,073 | INFO | News RSS query for CHOLAFIN: https://news.google.com/rss/search?q=site%3Abusinessstandard.com+%22Cholamandalam+Investment+and+Finance+Company+Ltd.%22+when:10d&hl=en-IN&gl=IN&ceid=IN:en
2026-06-27 12:47:14,086 | INFO | News RSS status for CHOLAFIN: 200
2026-06-27 12:47:15,866 | INFO | News RSS query for CUMMINSIND: https://news.google.com/rss/search?q=%22Cummins+India+Ltd.%22+NSE+when:10d&hl=en-IN&gl=IN&ceid=IN:en
2026-06-27 12:47:16,114 | INFO | News RSS status for CUMMINSIND: 200
2026-06-27 12:47:16,749 | INFO | News RSS query for DIVISLAB: https://news.google.com/rss/search?q=%22Divi%27s+Laboratories+Ltd.%22+NSE+when:10d&hl=en-IN&gl=IN&ceid=IN:en
2026-06-27 12:47:17,033 | INFO | News RSS status for DIVISLAB: 200
2026-06-27 12:47:17,035 | INFO | News RSS query for DIVISLAB: https://news.google.com/rss/search?q=%22Divi%27s+Laboratories+Ltd.%22+stock+when:10d&hl=en-IN&gl=IN&ceid=IN:en
2026-06-27 12:47:17,205 | INFO | News RSS status for DIVISLAB: 200
2026-06-27 12:47:17,206 | INFO | News RSS query for DIVISLAB: https://news.google.com/rss/search?q=DIVISLAB+NSE+when:10d&hl=en-IN&gl=IN&ceid=IN:en
2026-06-27 12:47:17,455 | INFO | News RSS status for DIVISLAB: 200
2026-06-27 12:47:18,662 | INFO | News RSS query for DMART: https://news.google.com/rss/search?q=%22Avenue+Supermarts+Ltd.%22+NSE+when:10d&hl=en-IN&gl=IN&ceid=IN:en
2026-06-27 12:47:18,853 | INFO | News RSS status for DMART: 200
2026-06-27 12:47:18,855 | INFO | News RSS query for DMART: https://news.google.com/rss/search?q=%22Avenue+Supermarts+Ltd.%22+stock+when:10d&hl=en-IN&gl=IN&ceid=IN:en
2026-06-27 12:47:19,107 | INFO | News RSS status for DMART: 200
2026-06-27 12:47:19,744 | INFO | News RSS query for DRREDDY: https://news.google.com/rss/search?q=%22Dr.+Reddy%27s+Laboratories+Ltd.%22+NSE+when:10d&hl=en-IN&gl=IN&ceid=IN:en
2026-06-27 12:47:19,933 | INFO | News RSS status for DRREDDY: 200
2026-06-27 12:47:20,569 | INFO | News RSS query for EICHERMOT: https://news.google.com/rss/search?q=%22Eicher+Motors+Ltd.%22+NSE+when:10d&hl=en-IN&gl=IN&ceid=IN:en
2026-06-27 12:47:20,830 | INFO | News RSS status for EICHERMOT: 200
2026-06-27 12:47:20,832 | INFO | News RSS query for EICHERMOT: https://news.google.com/rss/search?q=%22Eicher+Motors+Ltd.%22+stock+when:10d&hl=en-IN&gl=IN&ceid=IN:en
2026-06-27 12:47:21,056 | INFO | News RSS status for EICHERMOT: 200
2026-06-27 12:47:21,224 | INFO | News RSS query for ENRIN: https://news.google.com/rss/search?q=%22Siemens+Energy+India+Ltd.%22+NSE+when:10d&hl=en-IN&gl=IN&ceid=IN:en
2026-06-27 12:47:21,486 | INFO | News RSS status for ENRIN: 200
2026-06-27 12:47:21,546 | INFO | News RSS query for ENRIN: https://news.google.com/rss/search?q=%22Siemens+Energy+India+Ltd.%22+NSE+when:10d&hl=en-IN&gl=IN&ceid=IN:en
2026-06-27 12:47:21,559 | INFO | News RSS status for ENRIN: 200
2026-06-27 12:47:22,674 | INFO | News RSS query for GAIL: https://news.google.com/rss/search?q=%22GAIL+%28India%29+Ltd.%22+NSE+when:10d&hl=en-IN&gl=IN&ceid=IN:en
2026-06-27 12:47:22,882 | INFO | News RSS status for GAIL: 200
2026-06-27 12:47:24,095 | INFO | News RSS query for GRASIM: https://news.google.com/rss/search?q=%22Grasim+Industries+Ltd.%22+NSE+when:10d&hl=en-IN&gl=IN&ceid=IN:en
2026-06-27 12:47:24,350 | INFO | News RSS status for GRASIM: 200
2026-06-27 12:47:24,352 | INFO | News RSS query for GRASIM: https://news.google.com/rss/search?q=%22Grasim+Industries+Ltd.%22+stock+when:10d&hl=en-IN&gl=IN&ceid=IN:en
2026-06-27 12:47:24,620 | INFO | News RSS status for GRASIM: 200
2026-06-27 12:47:25,254 | INFO | News RSS query for HAL: https://news.google.com/rss/search?q=%22Hindustan+Aeronautics+Ltd.%22+NSE+when:10d&hl=en-IN&gl=IN&ceid=IN:en
2026-06-27 12:47:25,523 | INFO | News RSS status for HAL: 200
2026-06-27 12:47:26,717 | INFO | News RSS query for HDFCAMC: https://news.google.com/rss/search?q=%22HDFC+Asset+Management+Company+Ltd.%22+NSE+when:10d&hl=en-IN&gl=IN&ceid=IN:en
2026-06-27 12:47:26,940 | INFO | News RSS status for HDFCAMC: 200
2026-06-27 12:47:26,942 | INFO | News RSS query for HDFCAMC: https://news.google.com/rss/search?q=%22HDFC+Asset+Management+Company+Ltd.%22+stock+when:10d&hl=en-IN&gl=IN&ceid=IN:en
2026-06-27 12:47:27,291 | INFO | News RSS status for HDFCAMC: 200
2026-06-27 12:47:27,354 | INFO | News RSS query for HDFCAMC: https://news.google.com/rss/search?q=%22HDFC+Asset+Management+Company+Ltd.%22+NSE+when:10d&hl=en-IN&gl=IN&ceid=IN:en
2026-06-27 12:47:27,367 | INFO | News RSS status for HDFCAMC: 200
2026-06-27 12:47:27,370 | INFO | News RSS query for HDFCAMC: https://news.google.com/rss/search?q=%22HDFC+Asset+Management+Company+Ltd.%22+stock+when:10d&hl=en-IN&gl=IN&ceid=IN:en
2026-06-27 12:47:27,383 | INFO | News RSS status for HDFCAMC: 200
2026-06-27 12:47:27,444 | INFO | News RSS query for HDFCAMC: https://news.google.com/rss/search?q=%22HDFC+Asset+Management+Company+Ltd.%22+NSE+when:10d&hl=en-IN&gl=IN&ceid=IN:en
2026-06-27 12:47:27,457 | INFO | News RSS status for HDFCAMC: 200
2026-06-27 12:47:27,460 | INFO | News RSS query for HDFCAMC: https://news.google.com/rss/search?q=%22HDFC+Asset+Management+Company+Ltd.%22+stock+when:10d&hl=en-IN&gl=IN&ceid=IN:en
2026-06-27 12:47:27,473 | INFO | News RSS status for HDFCAMC: 200
2026-06-27 12:47:37,573 | INFO | News RSS query for LT: https://news.google.com/rss/search?q=%22Larsen+%26+Toubro+Ltd.%22+NSE+when:10d&hl=en-IN&gl=IN&ceid=IN:en
2026-06-27 12:47:37,794 | INFO | News RSS status for LT: 200
2026-06-27 12:47:37,800 | WARNING | Skipping LTM — only 86 bars available (need 220). Extend history_backfill_days in config.json to include this symbol.
2026-06-27 12:47:38,433 | INFO | News RSS query for M&M: https://news.google.com/rss/search?q=%22Mahindra+%26+Mahindra+Ltd.%22+NSE+when:10d&hl=en-IN&gl=IN&ceid=IN:en
2026-06-27 12:47:38,684 | INFO | News RSS status for M&M: 200
2026-06-27 12:47:41,048 | INFO | News RSS query for MOTHERSON: https://news.google.com/rss/search?q=%22Samvardhana+Motherson+International+Ltd.%22+NSE+when:10d&hl=en-IN&gl=IN&ceid=IN:en
2026-06-27 12:47:41,231 | INFO | News RSS status for MOTHERSON: 200
2026-06-27 12:47:44,144 | INFO | News RSS query for PFC: https://news.google.com/rss/search?q=%22Power+Finance+Corporation+Ltd.%22+NSE+when:10d&hl=en-IN&gl=IN&ceid=IN:en
2026-06-27 12:47:44,423 | INFO | News RSS status for PFC: 200
2026-06-27 12:47:45,062 | INFO | News RSS query for PIDILITIND: https://news.google.com/rss/search?q=%22Pidilite+Industries+Ltd.%22+NSE+when:10d&hl=en-IN&gl=IN&ceid=IN:en
2026-06-27 12:47:45,247 | INFO | News RSS status for PIDILITIND: 200
2026-06-27 12:47:45,248 | INFO | News RSS query for PIDILITIND: https://news.google.com/rss/search?q=%22Pidilite+Industries+Ltd.%22+stock+when:10d&hl=en-IN&gl=IN&ceid=IN:en
2026-06-27 12:47:45,498 | INFO | News RSS status for PIDILITIND: 200
2026-06-27 12:47:50,193 | INFO | News RSS query for SHRIRAMFIN: https://news.google.com/rss/search?q=%22Shriram+Finance+Ltd.%22+NSE+when:10d&hl=en-IN&gl=IN&ceid=IN:en
2026-06-27 12:47:50,493 | INFO | News RSS status for SHRIRAMFIN: 200
2026-06-27 12:47:51,711 | INFO | News RSS query for SOLARINDS: https://news.google.com/rss/search?q=%22Solar+Industries+India+Ltd.%22+NSE+when:10d&hl=en-IN&gl=IN&ceid=IN:en
2026-06-27 12:47:51,974 | INFO | News RSS status for SOLARINDS: 200
2026-06-27 12:47:51,975 | INFO | News RSS query for SOLARINDS: https://news.google.com/rss/search?q=%22Solar+Industries+India+Ltd.%22+stock+when:10d&hl=en-IN&gl=IN&ceid=IN:en
2026-06-27 12:47:52,223 | INFO | News RSS status for SOLARINDS: 200
2026-06-27 12:47:52,864 | INFO | News RSS query for SUNPHARMA: https://news.google.com/rss/search?q=%22Sun+Pharmaceutical+Industries+Ltd.%22+NSE+when:10d&hl=en-IN&gl=IN&ceid=IN:en
2026-06-27 12:47:53,154 | INFO | News RSS status for SUNPHARMA: 200
2026-06-27 12:47:53,160 | WARNING | Skipping TATACAP — only 174 bars available (need 220). Extend history_backfill_days in config.json to include this symbol.
2026-06-27 12:47:56,673 | INFO | News RSS query for TITAN: https://news.google.com/rss/search?q=%22Titan+Company+Ltd.%22+NSE+when:10d&hl=en-IN&gl=IN&ceid=IN:en
2026-06-27 12:47:56,964 | INFO | News RSS status for TITAN: 200
2026-06-27 12:47:56,969 | WARNING | Skipping TMCV — only 154 bars available (need 220). Extend history_backfill_days in config.json to include this symbol.
2026-06-27 12:47:56,969 | WARNING | Skipping TMPV — only 171 bars available (need 220). Extend history_backfill_days in config.json to include this symbol.
2026-06-27 12:47:57,609 | INFO | News RSS query for TORNTPHARM: https://news.google.com/rss/search?q=%22Torrent+Pharmaceuticals+Ltd.%22+NSE+when:10d&hl=en-IN&gl=IN&ceid=IN:en
2026-06-27 12:47:57,874 | INFO | News RSS status for TORNTPHARM: 200
2026-06-27 12:48:00,240 | INFO | News RSS query for UNIONBANK: https://news.google.com/rss/search?q=%22Union+Bank+of+India%22+NSE+when:10d&hl=en-IN&gl=IN&ceid=IN:en
2026-06-27 12:48:00,571 | INFO | News RSS status for UNIONBANK: 200
2026-06-27 12:48:00,794 | WARNING | Skipping VAML — only 6 bars available (need 220). Extend history_backfill_days in config.json to include this symbol.
2026-06-27 12:48:01,939 | WARNING | Skipping VEDPOWER — only 4 bars available (need 220). Extend history_backfill_days in config.json to include this symbol.
2026-06-27 12:48:01,940 | WARNING | Skipping VISL — only 4 bars available (need 220). Extend history_backfill_days in config.json to include this symbol.
2026-06-27 12:48:01,940 | WARNING | Skipping VOGL — only 7 bars available (need 220). Extend history_backfill_days in config.json to include this symbol.
2026-06-27 12:48:03,145 | INFO | News RSS query for ZYDUSLIFE: https://news.google.com/rss/search?q=%22Zydus+Lifesciences+Ltd.%22+NSE+when:10d&hl=en-IN&gl=IN&ceid=IN:en
2026-06-27 12:48:03,384 | INFO | News RSS status for ZYDUSLIFE: 200
2026-06-27 12:48:03,384 | INFO | News RSS query for ZYDUSLIFE: https://news.google.com/rss/search?q=%22Zydus+Lifesciences+Ltd.%22+stock+when:10d&hl=en-IN&gl=IN&ceid=IN:en
2026-06-27 12:48:03,652 | INFO | News RSS status for ZYDUSLIFE: 200
2026-06-27 12:48:03,665 | INFO | Index membership from cache: NIFTY 50 (50 symbols)
2026-06-27 12:48:03,665 | INFO | Index membership from cache: Nifty Next 50 (50 symbols)
2026-06-27 12:48:03,665 | INFO | Index membership ready: 100 symbols mapped
2026-06-27 12:48:03,665 | INFO | Market Health: fetching index OHLCV...
2026-06-27 12:48:04,425 | INFO | Index OHLCV via niftyindices for NIFTY 50: 1409 rows (+2)
2026-06-27 12:48:05,176 | INFO | Index OHLCV via niftyindices for NIFTY NEXT 50: 1409 rows (+2)
2026-06-27 12:48:05,177 | INFO | Market Health: fetching VIX...
2026-06-27 12:48:05,836 | INFO | VIX via niftyindices: 107 rows (+2)
2026-06-27 12:48:05,836 | INFO | Market Health: updating breadth EMA cache...
2026-06-27 12:48:06,975 | INFO | Market Health [NIFTY 50]: Score=23.5 | Weak Bull &#x1F7E1;
2026-06-27 12:48:06,992 | INFO | Market Health [Nifty Next 50]: Score=59.5 | Weak Bull &#x1F7E1;
2026-06-27 12:48:07,032 | INFO | Signal log: skipping new signal insertion — 2026-06-27 is a weekend.
2026-06-27 12:48:08,157 | INFO | Signal tracker: updated 181 Active signal rows.
2026-06-27 12:48:08,178 | INFO | HTML report written: /home/runner/work/nifty100-reporter/nifty100-reporter/reports/nifty100_daily_report_20260627.html
2026-06-27 12:48:08,186 | INFO | Market Health Excel sheet written.
2026-06-27 12:48:08,998 | INFO | Excel report written: /home/runner/work/nifty100-reporter/nifty100-reporter/reports/nifty100_daily_report_20260627.xlsx
2026-06-27 12:48:08,998 | INFO | GitHub Actions detected — skipping Gmail API send (workflow handles email).
2026-06-27 12:48:08,998 | INFO | Run completed successfully.
2026-06-27 12:48:08,998 | INFO | Artifacts: /home/runner/work/nifty100-reporter/nifty100-reporter/reports/nifty100_daily_report_20260627.html | /home/runner/work/nifty100-reporter/nifty100-reporter/reports/nifty100_daily_report_20260627.xlsx | log: /home/runner/work/nifty100-reporter/nifty100-reporter/logs/run_20260627_181603.log
