2026-08-17 12:45:53,128 | INFO | Nifty 100 Daily EMA Cross Reporter | Version 3.3.8 | Released 2026-04-17
2026-08-17 12:45:53,129 | INFO | Base directory: /home/runner/work/nifty100-reporter/nifty100-reporter
2026-08-17 12:45:53,129 | INFO | Loaded config. Email enabled: True | Recipients: 1
2026-08-17 12:45:53,217 | WARNING | NSE session bootstrap HTTP 403 (attempt 1/5) — refreshing NSE session cookie …
2026-08-17 12:46:03,570 | INFO | NSE session bootstrap status: 200
2026-08-17 12:46:03,570 | INFO | Downloading Nifty 100 universe from https://www.niftyindices.com/IndexConstituent/ind_nifty100list.csv
2026-08-17 12:46:04,512 | INFO | Universe download status: 200
2026-08-17 12:46:04,516 | INFO | Universe rows loaded: 100
2026-08-17 12:46:04,608 | INFO | Loaded history rows: 133754
2026-08-17 12:46:04,614 | INFO | yfinance history update: 100 symbols | 2026-08-13 → 2026-08-18
2026-08-17 12:46:04,614 | INFO | yfinance batch download: 100 symbols | 2026-08-13 → 2026-08-18
2026-08-17 12:46:10,553 | INFO | yfinance raw shape: (3, 500)
2026-08-17 12:46:10,787 | INFO | yfinance parsed rows after date-filter: 300
2026-08-17 12:46:10,788 | INFO | New rows from yfinance: 300
2026-08-17 12:46:11,391 | INFO | Saved history rows: 133854 | file: /home/runner/work/nifty100-reporter/nifty100-reporter/data/nifty100_ohlcv_history.csv
2026-08-17 12:46:11,474 | INFO | Loaded history rows: 133854
2026-08-17 12:46:11,475 | INFO | Latest OHLCV data is from 2026-08-17
2026-08-17 12:46:11,495 | INFO | Latest Delivery data is from 2026-08-14
2026-08-17 12:46:11,529 | INFO | Delivery cache has 33 dates — skipping backfill.
2026-08-17 12:46:11,529 | INFO | Delivery fetch attempt [0/7] — URL: https://archives.nseindia.com/products/content/sec_bhavdata_full_17082026.csv
2026-08-17 12:46:12,272 | INFO | Delivery fetch SUCCESS — date: 2026-08-17 | size: 391920 bytes | URL: https://archives.nseindia.com/products/content/sec_bhavdata_full_17082026.csv
2026-08-17 12:46:12,541 | INFO | Delivery cache updated: 2624 symbols for 2026-08-17 (rows in cache: 77128)
2026-08-17 12:46:12,542 | INFO | Delivery data: 2624 symbols | fallback=False
2026-08-17 12:46:12,901 | INFO | Corporate actions bulk OK: 54 raw rows | 1 Nifty100 symbols with events
2026-08-17 12:46:46,620 | INFO | Corporate actions: 1/100 symbols have events (window 17-08-2026 to 16-09-2026) | Symbols: MAZDOCK
2026-08-17 12:46:46,620 | INFO | Index membership from cache: NIFTY 50 (50 symbols)
2026-08-17 12:46:46,620 | INFO | Index membership from cache: Nifty Next 50 (50 symbols)
2026-08-17 12:46:46,620 | INFO | Index membership ready: 100 symbols mapped
2026-08-17 12:46:46,985 | INFO | News RSS query for ABB: https://news.google.com/rss/search?q=%22ABB+India+Ltd.%22+NSE+when:10d&hl=en-IN&gl=IN&ceid=IN:en
2026-08-17 12:46:47,250 | INFO | News RSS status for ABB: 200
2026-08-17 12:46:47,253 | INFO | News RSS query for ABB: https://news.google.com/rss/search?q=%22ABB+India+Ltd.%22+stock+when:10d&hl=en-IN&gl=IN&ceid=IN:en
2026-08-17 12:46:47,465 | INFO | News RSS status for ABB: 200
2026-08-17 12:46:49,814 | INFO | News RSS query for ASIANPAINT: https://news.google.com/rss/search?q=%22Asian+Paints+Ltd.%22+NSE+when:10d&hl=en-IN&gl=IN&ceid=IN:en
2026-08-17 12:46:50,011 | INFO | News RSS status for ASIANPAINT: 200
2026-08-17 12:46:50,013 | INFO | News RSS query for ASIANPAINT: https://news.google.com/rss/search?q=%22Asian+Paints+Ltd.%22+stock+when:10d&hl=en-IN&gl=IN&ceid=IN:en
2026-08-17 12:46:50,223 | INFO | News RSS status for ASIANPAINT: 200
2026-08-17 12:46:50,875 | INFO | News RSS query for BAJAJ-AUTO: https://news.google.com/rss/search?q=%22Bajaj+Auto+Ltd.%22+NSE+when:10d&hl=en-IN&gl=IN&ceid=IN:en
2026-08-17 12:46:51,110 | INFO | News RSS status for BAJAJ-AUTO: 200
2026-08-17 12:46:51,463 | INFO | News RSS query for BAJAJFINSV: https://news.google.com/rss/search?q=%22Bajaj+Finserv+Ltd.%22+NSE+when:10d&hl=en-IN&gl=IN&ceid=IN:en
2026-08-17 12:46:51,666 | INFO | News RSS status for BAJAJFINSV: 200
2026-08-17 12:46:52,321 | INFO | News RSS query for BAJFINANCE: https://news.google.com/rss/search?q=%22Bajaj+Finance+Ltd.%22+NSE+when:10d&hl=en-IN&gl=IN&ceid=IN:en
2026-08-17 12:46:52,539 | INFO | News RSS status for BAJFINANCE: 200
2026-08-17 12:46:53,492 | INFO | News RSS query for BHARTIARTL: https://news.google.com/rss/search?q=%22Bharti+Airtel+Ltd.%22+NSE+when:10d&hl=en-IN&gl=IN&ceid=IN:en
2026-08-17 12:46:53,710 | INFO | News RSS status for BHARTIARTL: 200
2026-08-17 12:46:54,065 | INFO | News RSS query for BOSCHLTD: https://news.google.com/rss/search?q=%22Bosch+Ltd.%22+NSE+when:10d&hl=en-IN&gl=IN&ceid=IN:en
2026-08-17 12:46:54,262 | INFO | News RSS status for BOSCHLTD: 200
2026-08-17 12:46:55,548 | INFO | News RSS query for CGPOWER: https://news.google.com/rss/search?q=%22CG+Power+and+Industrial+Solutions+Ltd.%22+NSE+when:10d&hl=en-IN&gl=IN&ceid=IN:en
2026-08-17 12:46:55,745 | INFO | News RSS status for CGPOWER: 200
2026-08-17 12:46:56,098 | INFO | News RSS query for CHOLAFIN: https://news.google.com/rss/search?q=%22Cholamandalam+Investment+and+Finance+Company+Ltd.%22+NSE+when:10d&hl=en-IN&gl=IN&ceid=IN:en
2026-08-17 12:46:56,299 | INFO | News RSS status for CHOLAFIN: 200
2026-08-17 12:46:56,301 | INFO | News RSS query for CHOLAFIN: https://news.google.com/rss/search?q=%22Cholamandalam+Investment+and+Finance+Company+Ltd.%22+stock+when:10d&hl=en-IN&gl=IN&ceid=IN:en
2026-08-17 12:46:56,533 | INFO | News RSS status for CHOLAFIN: 200
2026-08-17 12:46:56,884 | INFO | News RSS query for CIPLA: https://news.google.com/rss/search?q=%22Cipla+Ltd.%22+NSE+when:10d&hl=en-IN&gl=IN&ceid=IN:en
2026-08-17 12:46:57,080 | INFO | News RSS status for CIPLA: 200
2026-08-17 12:46:57,082 | INFO | News RSS query for CIPLA: https://news.google.com/rss/search?q=%22Cipla+Ltd.%22+stock+when:10d&hl=en-IN&gl=IN&ceid=IN:en
2026-08-17 12:46:57,280 | INFO | News RSS status for CIPLA: 200
2026-08-17 12:46:57,281 | INFO | News RSS query for CIPLA: https://news.google.com/rss/search?q=CIPLA+NSE+when:10d&hl=en-IN&gl=IN&ceid=IN:en
2026-08-17 12:46:57,509 | INFO | News RSS status for CIPLA: 200
2026-08-17 12:46:58,463 | INFO | News RSS query for DIVISLAB: https://news.google.com/rss/search?q=%22Divi%27s+Laboratories+Ltd.%22+NSE+when:10d&hl=en-IN&gl=IN&ceid=IN:en
2026-08-17 12:46:58,656 | INFO | News RSS status for DIVISLAB: 200
2026-08-17 12:46:58,658 | INFO | News RSS query for DIVISLAB: https://news.google.com/rss/search?q=%22Divi%27s+Laboratories+Ltd.%22+stock+when:10d&hl=en-IN&gl=IN&ceid=IN:en
2026-08-17 12:46:58,872 | INFO | News RSS status for DIVISLAB: 200
2026-08-17 12:47:00,134 | INFO | News RSS query for EICHERMOT: https://news.google.com/rss/search?q=%22Eicher+Motors+Ltd.%22+NSE+when:10d&hl=en-IN&gl=IN&ceid=IN:en
2026-08-17 12:47:00,339 | INFO | News RSS status for EICHERMOT: 200
2026-08-17 12:47:00,456 | INFO | News RSS query for ENRIN: https://news.google.com/rss/search?q=%22Siemens+Energy+India+Ltd.%22+NSE+when:10d&hl=en-IN&gl=IN&ceid=IN:en
2026-08-17 12:47:00,667 | INFO | News RSS status for ENRIN: 200
2026-08-17 12:47:00,980 | INFO | News RSS query for ETERNAL: https://news.google.com/rss/search?q=%22Eternal+Ltd.%22+NSE+when:10d&hl=en-IN&gl=IN&ceid=IN:en
2026-08-17 12:47:01,168 | INFO | News RSS status for ETERNAL: 200
2026-08-17 12:47:01,218 | INFO | News RSS query for ETERNAL: https://news.google.com/rss/search?q=%22Eternal+Ltd.%22+NSE+when:10d&hl=en-IN&gl=IN&ceid=IN:en
2026-08-17 12:47:01,230 | INFO | News RSS status for ETERNAL: 200
2026-08-17 12:47:01,586 | INFO | News RSS query for GAIL: https://news.google.com/rss/search?q=%22GAIL+%28India%29+Ltd.%22+NSE+when:10d&hl=en-IN&gl=IN&ceid=IN:en
2026-08-17 12:47:01,799 | INFO | News RSS status for GAIL: 200
2026-08-17 12:47:01,801 | INFO | News RSS query for GAIL: https://news.google.com/rss/search?q=%22GAIL+%28India%29+Ltd.%22+stock+when:10d&hl=en-IN&gl=IN&ceid=IN:en
2026-08-17 12:47:02,001 | INFO | News RSS status for GAIL: 200
2026-08-17 12:47:02,661 | INFO | News RSS query for GRASIM: https://news.google.com/rss/search?q=%22Grasim+Industries+Ltd.%22+NSE+when:10d&hl=en-IN&gl=IN&ceid=IN:en
2026-08-17 12:47:02,869 | INFO | News RSS status for GRASIM: 200
2026-08-17 12:47:03,220 | INFO | News RSS query for HAL: https://news.google.com/rss/search?q=%22Hindustan+Aeronautics+Ltd.%22+NSE+when:10d&hl=en-IN&gl=IN&ceid=IN:en
2026-08-17 12:47:03,430 | INFO | News RSS status for HAL: 200
2026-08-17 12:47:05,002 | INFO | News RSS query for HINDALCO: https://news.google.com/rss/search?q=%22Hindalco+Industries+Ltd.%22+NSE+when:10d&hl=en-IN&gl=IN&ceid=IN:en
2026-08-17 12:47:05,195 | INFO | News RSS status for HINDALCO: 200
2026-08-17 12:47:05,848 | INFO | News RSS query for HINDZINC: https://news.google.com/rss/search?q=%22Hindustan+Zinc+Ltd.%22+NSE+when:10d&hl=en-IN&gl=IN&ceid=IN:en
2026-08-17 12:47:06,039 | INFO | News RSS status for HINDZINC: 200
2026-08-17 12:47:06,040 | INFO | News RSS query for HINDZINC: https://news.google.com/rss/search?q=%22Hindustan+Zinc+Ltd.%22+stock+when:10d&hl=en-IN&gl=IN&ceid=IN:en
2026-08-17 12:47:06,265 | INFO | News RSS status for HINDZINC: 200
2026-08-17 12:47:06,414 | INFO | News RSS query for HYUNDAI: https://news.google.com/rss/search?q=%22Hyundai+Motor+India+Ltd.%22+NSE+when:10d&hl=en-IN&gl=IN&ceid=IN:en
2026-08-17 12:47:06,638 | INFO | News RSS status for HYUNDAI: 200
2026-08-17 12:47:07,598 | INFO | News RSS query for INDIGO: https://news.google.com/rss/search?q=%22InterGlobe+Aviation+Ltd.%22+NSE+when:10d&hl=en-IN&gl=IN&ceid=IN:en
2026-08-17 12:47:07,783 | INFO | News RSS status for INDIGO: 200
2026-08-17 12:47:07,785 | INFO | News RSS query for INDIGO: https://news.google.com/rss/search?q=%22InterGlobe+Aviation+Ltd.%22+stock+when:10d&hl=en-IN&gl=IN&ceid=IN:en
2026-08-17 12:47:08,025 | INFO | News RSS status for INDIGO: 200
2026-08-17 12:47:10,046 | INFO | News RSS query for JSWSTEEL: https://news.google.com/rss/search?q=%22JSW+Steel+Ltd.%22+NSE+when:10d&hl=en-IN&gl=IN&ceid=IN:en
2026-08-17 12:47:10,244 | INFO | News RSS status for JSWSTEEL: 200
2026-08-17 12:47:10,245 | INFO | News RSS query for JSWSTEEL: https://news.google.com/rss/search?q=%22JSW+Steel+Ltd.%22+stock+when:10d&hl=en-IN&gl=IN&ceid=IN:en
2026-08-17 12:47:10,459 | INFO | News RSS status for JSWSTEEL: 200
2026-08-17 12:47:11,095 | INFO | News RSS query for LODHA: https://news.google.com/rss/search?q=%22Lodha+Developers+Ltd.%22+NSE+when:10d&hl=en-IN&gl=IN&ceid=IN:en
2026-08-17 12:47:11,281 | INFO | News RSS status for LODHA: 200
2026-08-17 12:47:11,283 | INFO | News RSS query for LODHA: https://news.google.com/rss/search?q=%22Lodha+Developers+Ltd.%22+stock+when:10d&hl=en-IN&gl=IN&ceid=IN:en
2026-08-17 12:47:11,489 | INFO | News RSS status for LODHA: 200
2026-08-17 12:47:11,835 | INFO | News RSS query for LT: https://news.google.com/rss/search?q=%22Larsen+%26+Toubro+Ltd.%22+NSE+when:10d&hl=en-IN&gl=IN&ceid=IN:en
2026-08-17 12:47:12,067 | INFO | News RSS status for LT: 200
2026-08-17 12:47:12,072 | WARNING | Skipping LTM — only 122 bars available (need 220). Extend history_backfill_days in config.json to include this symbol.
2026-08-17 12:47:12,418 | INFO | News RSS query for M&M: https://news.google.com/rss/search?q=%22Mahindra+%26+Mahindra+Ltd.%22+NSE+when:10d&hl=en-IN&gl=IN&ceid=IN:en
2026-08-17 12:47:12,627 | INFO | News RSS status for M&M: 200
2026-08-17 12:47:13,885 | INFO | News RSS query for MOTHERSON: https://news.google.com/rss/search?q=%22Samvardhana+Motherson+International+Ltd.%22+NSE+when:10d&hl=en-IN&gl=IN&ceid=IN:en
2026-08-17 12:47:14,120 | INFO | News RSS status for MOTHERSON: 200
2026-08-17 12:47:14,123 | INFO | News RSS query for MOTHERSON: https://news.google.com/rss/search?q=%22Samvardhana+Motherson+International+Ltd.%22+stock+when:10d&hl=en-IN&gl=IN&ceid=IN:en
2026-08-17 12:47:14,354 | INFO | News RSS status for MOTHERSON: 200
2026-08-17 12:47:15,005 | INFO | News RSS query for NESTLEIND: https://news.google.com/rss/search?q=%22Nestle+India+Ltd.%22+NSE+when:10d&hl=en-IN&gl=IN&ceid=IN:en
2026-08-17 12:47:15,214 | INFO | News RSS status for NESTLEIND: 200
2026-08-17 12:47:16,490 | INFO | News RSS query for PIDILITIND: https://news.google.com/rss/search?q=%22Pidilite+Industries+Ltd.%22+NSE+when:10d&hl=en-IN&gl=IN&ceid=IN:en
2026-08-17 12:47:16,686 | INFO | News RSS status for PIDILITIND: 200
2026-08-17 12:47:16,687 | INFO | News RSS query for PIDILITIND: https://news.google.com/rss/search?q=%22Pidilite+Industries+Ltd.%22+stock+when:10d&hl=en-IN&gl=IN&ceid=IN:en
2026-08-17 12:47:16,933 | INFO | News RSS status for PIDILITIND: 200
2026-08-17 12:47:18,797 | INFO | News RSS query for SBIN: https://news.google.com/rss/search?q=%22State+Bank+of+India%22+NSE+when:10d&hl=en-IN&gl=IN&ceid=IN:en
2026-08-17 12:47:19,094 | INFO | News RSS status for SBIN: 200
2026-08-17 12:47:19,747 | INFO | News RSS query for SHRIRAMFIN: https://news.google.com/rss/search?q=%22Shriram+Finance+Ltd.%22+NSE+when:10d&hl=en-IN&gl=IN&ceid=IN:en
2026-08-17 12:47:19,988 | INFO | News RSS status for SHRIRAMFIN: 200
2026-08-17 12:47:20,338 | INFO | News RSS query for SIEMENS: https://news.google.com/rss/search?q=%22Siemens+Ltd.%22+NSE+when:10d&hl=en-IN&gl=IN&ceid=IN:en
2026-08-17 12:47:20,530 | INFO | News RSS status for SIEMENS: 200
2026-08-17 12:47:20,881 | INFO | News RSS query for SOLARINDS: https://news.google.com/rss/search?q=%22Solar+Industries+India+Ltd.%22+NSE+when:10d&hl=en-IN&gl=IN&ceid=IN:en
2026-08-17 12:47:21,127 | INFO | News RSS status for SOLARINDS: 200
2026-08-17 12:47:21,436 | WARNING | Skipping TATACAP — only 210 bars available (need 220). Extend history_backfill_days in config.json to include this symbol.
2026-08-17 12:47:23,010 | INFO | News RSS query for TECHM: https://news.google.com/rss/search?q=%22Tech+Mahindra+Ltd.%22+NSE+when:10d&hl=en-IN&gl=IN&ceid=IN:en
2026-08-17 12:47:23,216 | INFO | News RSS status for TECHM: 200
2026-08-17 12:47:23,566 | INFO | News RSS query for TITAN: https://news.google.com/rss/search?q=%22Titan+Company+Ltd.%22+NSE+when:10d&hl=en-IN&gl=IN&ceid=IN:en
2026-08-17 12:47:23,772 | INFO | News RSS status for TITAN: 200
2026-08-17 12:47:23,777 | WARNING | Skipping TMCV — only 190 bars available (need 220). Extend history_backfill_days in config.json to include this symbol.
2026-08-17 12:47:23,777 | WARNING | Skipping TMPV — only 207 bars available (need 220). Extend history_backfill_days in config.json to include this symbol.
2026-08-17 12:47:24,727 | INFO | News RSS query for TVSMOTOR: https://news.google.com/rss/search?q=%22TVS+Motor+Company+Ltd.%22+NSE+when:10d&hl=en-IN&gl=IN&ceid=IN:en
2026-08-17 12:47:24,946 | INFO | News RSS status for TVSMOTOR: 200
2026-08-17 12:47:25,597 | INFO | News RSS query for UNIONBANK: https://news.google.com/rss/search?q=%22Union+Bank+of+India%22+NSE+when:10d&hl=en-IN&gl=IN&ceid=IN:en
2026-08-17 12:47:25,876 | INFO | News RSS status for UNIONBANK: 200
2026-08-17 12:47:26,046 | INFO | News RSS query for UNITDSPR: https://news.google.com/rss/search?q=%22United+Spirits+Ltd.%22+NSE+when:10d&hl=en-IN&gl=IN&ceid=IN:en
2026-08-17 12:47:26,229 | INFO | News RSS status for UNITDSPR: 200
2026-08-17 12:47:26,233 | WARNING | Skipping VAML — only 6 bars available (need 220). Extend history_backfill_days in config.json to include this symbol.
2026-08-17 12:47:26,842 | WARNING | Skipping VEDPOWER — only 4 bars available (need 220). Extend history_backfill_days in config.json to include this symbol.
2026-08-17 12:47:26,842 | WARNING | Skipping VISL — only 4 bars available (need 220). Extend history_backfill_days in config.json to include this symbol.
2026-08-17 12:47:26,842 | WARNING | Skipping VOGL — only 7 bars available (need 220). Extend history_backfill_days in config.json to include this symbol.
2026-08-17 12:47:27,501 | INFO | News RSS query for ZYDUSLIFE: https://news.google.com/rss/search?q=%22Zydus+Lifesciences+Ltd.%22+NSE+when:10d&hl=en-IN&gl=IN&ceid=IN:en
2026-08-17 12:47:27,703 | INFO | News RSS status for ZYDUSLIFE: 200
2026-08-17 12:47:27,754 | INFO | News RSS query for ZYDUSLIFE: https://news.google.com/rss/search?q=%22Zydus+Lifesciences+Ltd.%22+NSE+when:10d&hl=en-IN&gl=IN&ceid=IN:en
2026-08-17 12:47:27,766 | INFO | News RSS status for ZYDUSLIFE: 200
2026-08-17 12:47:27,773 | INFO | Index membership from cache: NIFTY 50 (50 symbols)
2026-08-17 12:47:27,774 | INFO | Index membership from cache: Nifty Next 50 (50 symbols)
2026-08-17 12:47:27,774 | INFO | Index membership ready: 100 symbols mapped
2026-08-17 12:47:27,774 | INFO | Market Health: fetching index OHLCV...
2026-08-17 12:47:27,776 | INFO | Index OHLCV cache fresh for NIFTY 50 (1443 rows)
2026-08-17 12:47:29,299 | WARNING | niftyindices failed NIFTY NEXT 50 2026-08-14-2026-08-17: Expecting value: line 1 column 2 (char 1)
2026-08-17 12:47:29,514 | INFO | Index OHLCV via yfinance (JUNIORBEES.NS) for NIFTY NEXT 50: 1444 rows
2026-08-17 12:47:29,515 | INFO | Market Health: fetching VIX...
2026-08-17 12:47:29,517 | INFO | VIX cache fresh (141 rows)
2026-08-17 12:47:29,517 | INFO | Market Health: updating breadth EMA cache...
2026-08-17 12:47:30,894 | INFO | Breadth EMA cache: 133764 total rows (+100)
2026-08-17 12:47:30,911 | INFO | Market Health [NIFTY 50]: Score=25.5 | Weak Bull &#x1F7E1;
2026-08-17 12:47:30,924 | INFO | Market Health [Nifty Next 50]: Score=13.0 | Sideways &#x1F7E0;
2026-08-17 12:47:30,965 | INFO | Signal log: appended 3 new signals. Total rows: 646
2026-08-17 12:47:30,965 | INFO | Signal log written/updated: /home/runner/work/nifty100-reporter/nifty100-reporter/data/nifty100_signal_log.csv
2026-08-17 12:47:31,885 | INFO | Signal tracker: updated 179 Active signal rows.
2026-08-17 12:47:31,897 | INFO | HTML report written: /home/runner/work/nifty100-reporter/nifty100-reporter/reports/nifty100_daily_report_20260817.html
2026-08-17 12:47:31,903 | INFO | Market Health Excel sheet written.
2026-08-17 12:47:32,821 | INFO | Excel report written: /home/runner/work/nifty100-reporter/nifty100-reporter/reports/nifty100_daily_report_20260817.xlsx
2026-08-17 12:47:32,821 | INFO | GitHub Actions detected — skipping Gmail API send (workflow handles email).
2026-08-17 12:47:32,821 | INFO | Run completed successfully.
2026-08-17 12:47:32,821 | INFO | Artifacts: /home/runner/work/nifty100-reporter/nifty100-reporter/reports/nifty100_daily_report_20260817.html | /home/runner/work/nifty100-reporter/nifty100-reporter/reports/nifty100_daily_report_20260817.xlsx | log: /home/runner/work/nifty100-reporter/nifty100-reporter/logs/run_20260817_181553.log
