2026-08-21 12:45:44,479 | INFO | Nifty 100 Daily EMA Cross Reporter | Version 3.3.8 | Released 2026-04-17
2026-08-21 12:45:44,479 | INFO | Base directory: /home/runner/work/nifty100-reporter/nifty100-reporter
2026-08-21 12:45:44,480 | INFO | Loaded config. Email enabled: True | Recipients: 1
2026-08-21 12:45:44,579 | WARNING | NSE session bootstrap HTTP 403 (attempt 1/5) — refreshing NSE session cookie …
2026-08-21 12:45:55,054 | INFO | NSE session bootstrap status: 200
2026-08-21 12:45:55,055 | INFO | Downloading Nifty 100 universe from https://www.niftyindices.com/IndexConstituent/ind_nifty100list.csv
2026-08-21 12:45:55,455 | INFO | Universe download status: 200
2026-08-21 12:45:55,459 | INFO | Universe rows loaded: 100
2026-08-21 12:45:55,571 | INFO | Loaded history rows: 134154
2026-08-21 12:45:55,579 | INFO | yfinance history update: 100 symbols | 2026-08-19 → 2026-08-22
2026-08-21 12:45:55,579 | INFO | yfinance batch download: 100 symbols | 2026-08-19 → 2026-08-22
2026-08-21 12:46:00,922 | ERROR | 
1 Failed download:
2026-08-21 12:46:00,922 | ERROR | ['MOTHERSON.NS']: OperationalError('database is locked')
2026-08-21 12:46:00,939 | INFO | yfinance raw shape: (3, 501)
2026-08-21 12:46:01,299 | INFO | yfinance parsed rows after date-filter: 297
2026-08-21 12:46:01,301 | INFO | New rows from yfinance: 297
2026-08-21 12:46:02,077 | INFO | Saved history rows: 134253 | file: /home/runner/work/nifty100-reporter/nifty100-reporter/data/nifty100_ohlcv_history.csv
2026-08-21 12:46:02,195 | INFO | Loaded history rows: 134253
2026-08-21 12:46:02,195 | INFO | Latest OHLCV data is from 2026-08-21
2026-08-21 12:46:02,224 | INFO | Latest Delivery data is from 2026-08-20
2026-08-21 12:46:02,272 | INFO | Delivery cache has 34 dates — skipping backfill.
2026-08-21 12:46:02,272 | INFO | Delivery fetch attempt [0/7] — URL: https://archives.nseindia.com/products/content/sec_bhavdata_full_21082026.csv
2026-08-21 12:46:02,678 | INFO | Delivery fetch SUCCESS — date: 2026-08-21 | size: 394318 bytes | URL: https://archives.nseindia.com/products/content/sec_bhavdata_full_21082026.csv
2026-08-21 12:46:03,063 | INFO | Delivery cache updated: 2633 symbols for 2026-08-21 (rows in cache: 82882)
2026-08-21 12:46:03,064 | INFO | Delivery data: 2633 symbols | fallback=False
2026-08-21 12:46:03,567 | INFO | Corporate actions bulk OK: 83 raw rows | 3 Nifty100 symbols with events
2026-08-21 12:46:33,284 | INFO | Corporate actions: 3/100 symbols have events (window 21-08-2026 to 20-09-2026) | Symbols: COALINDIA, JINDALSTEL, PFC
2026-08-21 12:46:33,284 | INFO | Index membership from cache: NIFTY 50 (50 symbols)
2026-08-21 12:46:33,284 | INFO | Index membership from cache: Nifty Next 50 (50 symbols)
2026-08-21 12:46:33,284 | INFO | Index membership ready: 100 symbols mapped
2026-08-21 12:46:33,957 | INFO | News RSS query for ABB: https://news.google.com/rss/search?q=%22ABB+India+Ltd.%22+NSE+when:10d&hl=en-IN&gl=IN&ceid=IN:en
2026-08-21 12:46:34,202 | INFO | News RSS status for ABB: 200
2026-08-21 12:46:34,206 | INFO | News RSS query for ABB: https://news.google.com/rss/search?q=%22ABB+India+Ltd.%22+stock+when:10d&hl=en-IN&gl=IN&ceid=IN:en
2026-08-21 12:46:34,437 | INFO | News RSS status for ABB: 200
2026-08-21 12:46:40,057 | INFO | News RSS query for BAJAJ-AUTO: https://news.google.com/rss/search?q=%22Bajaj+Auto+Ltd.%22+NSE+when:10d&hl=en-IN&gl=IN&ceid=IN:en
2026-08-21 12:46:40,265 | INFO | News RSS status for BAJAJ-AUTO: 200
2026-08-21 12:46:40,925 | INFO | News RSS query for BAJAJFINSV: https://news.google.com/rss/search?q=%22Bajaj+Finserv+Ltd.%22+NSE+when:10d&hl=en-IN&gl=IN&ceid=IN:en
2026-08-21 12:46:41,211 | INFO | News RSS status for BAJAJFINSV: 200
2026-08-21 12:46:41,281 | INFO | News RSS query for BAJAJFINSV: https://news.google.com/rss/search?q=%22Bajaj+Finserv+Ltd.%22+NSE+when:10d&hl=en-IN&gl=IN&ceid=IN:en
2026-08-21 12:46:41,287 | INFO | News RSS status for BAJAJFINSV: 200
2026-08-21 12:46:41,942 | INFO | News RSS query for BAJAJHLDNG: https://news.google.com/rss/search?q=%22Bajaj+Holdings+%26+Investment+Ltd.%22+NSE+when:10d&hl=en-IN&gl=IN&ceid=IN:en
2026-08-21 12:46:42,132 | INFO | News RSS status for BAJAJHLDNG: 200
2026-08-21 12:46:42,793 | INFO | News RSS query for BAJFINANCE: https://news.google.com/rss/search?q=%22Bajaj+Finance+Ltd.%22+NSE+when:10d&hl=en-IN&gl=IN&ceid=IN:en
2026-08-21 12:46:43,004 | INFO | News RSS status for BAJFINANCE: 200
2026-08-21 12:46:43,007 | INFO | News RSS query for BAJFINANCE: https://news.google.com/rss/search?q=%22Bajaj+Finance+Ltd.%22+stock+when:10d&hl=en-IN&gl=IN&ceid=IN:en
2026-08-21 12:46:43,225 | INFO | News RSS status for BAJFINANCE: 200
2026-08-21 12:46:43,293 | INFO | News RSS query for BAJFINANCE: https://news.google.com/rss/search?q=%22Bajaj+Finance+Ltd.%22+NSE+when:10d&hl=en-IN&gl=IN&ceid=IN:en
2026-08-21 12:46:43,299 | INFO | News RSS status for BAJFINANCE: 200
2026-08-21 12:46:43,302 | INFO | News RSS query for BAJFINANCE: https://news.google.com/rss/search?q=%22Bajaj+Finance+Ltd.%22+stock+when:10d&hl=en-IN&gl=IN&ceid=IN:en
2026-08-21 12:46:43,307 | INFO | News RSS status for BAJFINANCE: 200
2026-08-21 12:46:45,145 | INFO | News RSS query for BHARTIARTL: https://news.google.com/rss/search?q=%22Bharti+Airtel+Ltd.%22+NSE+when:10d&hl=en-IN&gl=IN&ceid=IN:en
2026-08-21 12:46:45,401 | INFO | News RSS status for BHARTIARTL: 200
2026-08-21 12:46:46,054 | INFO | News RSS query for BOSCHLTD: https://news.google.com/rss/search?q=%22Bosch+Ltd.%22+NSE+when:10d&hl=en-IN&gl=IN&ceid=IN:en
2026-08-21 12:46:46,247 | INFO | News RSS status for BOSCHLTD: 200
2026-08-21 12:46:49,245 | INFO | News RSS query for CHOLAFIN: https://news.google.com/rss/search?q=%22Cholamandalam+Investment+and+Finance+Company+Ltd.%22+NSE+when:10d&hl=en-IN&gl=IN&ceid=IN:en
2026-08-21 12:46:49,449 | INFO | News RSS status for CHOLAFIN: 200
2026-08-21 12:46:49,522 | INFO | News RSS query for CHOLAFIN: https://news.google.com/rss/search?q=%22Cholamandalam+Investment+and+Finance+Company+Ltd.%22+NSE+when:10d&hl=en-IN&gl=IN&ceid=IN:en
2026-08-21 12:46:49,526 | INFO | News RSS status for CHOLAFIN: 200
2026-08-21 12:46:51,939 | INFO | News RSS query for DIVISLAB: https://news.google.com/rss/search?q=%22Divi%27s+Laboratories+Ltd.%22+NSE+when:10d&hl=en-IN&gl=IN&ceid=IN:en
2026-08-21 12:46:52,130 | INFO | News RSS status for DIVISLAB: 200
2026-08-21 12:46:52,131 | INFO | News RSS query for DIVISLAB: https://news.google.com/rss/search?q=%22Divi%27s+Laboratories+Ltd.%22+stock+when:10d&hl=en-IN&gl=IN&ceid=IN:en
2026-08-21 12:46:52,368 | INFO | News RSS status for DIVISLAB: 200
2026-08-21 12:46:54,779 | INFO | News RSS query for EICHERMOT: https://news.google.com/rss/search?q=%22Eicher+Motors+Ltd.%22+NSE+when:10d&hl=en-IN&gl=IN&ceid=IN:en
2026-08-21 12:46:54,987 | INFO | News RSS status for EICHERMOT: 200
2026-08-21 12:46:54,989 | INFO | News RSS query for EICHERMOT: https://news.google.com/rss/search?q=%22Eicher+Motors+Ltd.%22+stock+when:10d&hl=en-IN&gl=IN&ceid=IN:en
2026-08-21 12:46:55,180 | INFO | News RSS status for EICHERMOT: 200
2026-08-21 12:46:55,380 | INFO | News RSS query for ENRIN: https://news.google.com/rss/search?q=%22Siemens+Energy+India+Ltd.%22+NSE+when:10d&hl=en-IN&gl=IN&ceid=IN:en
2026-08-21 12:46:55,594 | INFO | News RSS status for ENRIN: 200
2026-08-21 12:46:56,169 | INFO | News RSS query for ETERNAL: https://news.google.com/rss/search?q=%22Eternal+Ltd.%22+NSE+when:10d&hl=en-IN&gl=IN&ceid=IN:en
2026-08-21 12:46:56,356 | INFO | News RSS status for ETERNAL: 200
2026-08-21 12:46:58,175 | INFO | News RSS query for GRASIM: https://news.google.com/rss/search?q=%22Grasim+Industries+Ltd.%22+NSE+when:10d&hl=en-IN&gl=IN&ceid=IN:en
2026-08-21 12:46:58,377 | INFO | News RSS status for GRASIM: 200
2026-08-21 12:46:59,039 | INFO | News RSS query for HAL: https://news.google.com/rss/search?q=%22Hindustan+Aeronautics+Ltd.%22+NSE+when:10d&hl=en-IN&gl=IN&ceid=IN:en
2026-08-21 12:46:59,232 | INFO | News RSS status for HAL: 200
2026-08-21 12:47:02,221 | INFO | News RSS query for HINDALCO: https://news.google.com/rss/search?q=%22Hindalco+Industries+Ltd.%22+NSE+when:10d&hl=en-IN&gl=IN&ceid=IN:en
2026-08-21 12:47:02,439 | INFO | News RSS status for HINDALCO: 200
2026-08-21 12:47:03,674 | INFO | News RSS query for HINDZINC: https://news.google.com/rss/search?q=%22Hindustan+Zinc+Ltd.%22+NSE+when:10d&hl=en-IN&gl=IN&ceid=IN:en
2026-08-21 12:47:03,857 | INFO | News RSS status for HINDZINC: 200
2026-08-21 12:47:04,124 | INFO | News RSS query for HYUNDAI: https://news.google.com/rss/search?q=%22Hyundai+Motor+India+Ltd.%22+NSE+when:10d&hl=en-IN&gl=IN&ceid=IN:en
2026-08-21 12:47:04,361 | INFO | News RSS status for HYUNDAI: 200
2026-08-21 12:47:09,942 | INFO | News RSS query for JSWSTEEL: https://news.google.com/rss/search?q=%22JSW+Steel+Ltd.%22+NSE+when:10d&hl=en-IN&gl=IN&ceid=IN:en
2026-08-21 12:47:10,156 | INFO | News RSS status for JSWSTEEL: 200
2026-08-21 12:47:11,351 | INFO | News RSS query for LODHA: https://news.google.com/rss/search?q=%22Lodha+Developers+Ltd.%22+NSE+when:10d&hl=en-IN&gl=IN&ceid=IN:en
2026-08-21 12:47:11,520 | INFO | News RSS status for LODHA: 200
2026-08-21 12:47:11,521 | INFO | News RSS query for LODHA: https://news.google.com/rss/search?q=%22Lodha+Developers+Ltd.%22+stock+when:10d&hl=en-IN&gl=IN&ceid=IN:en
2026-08-21 12:47:11,701 | INFO | News RSS status for LODHA: 200
2026-08-21 12:47:12,352 | INFO | News RSS query for LT: https://news.google.com/rss/search?q=%22Larsen+%26+Toubro+Ltd.%22+NSE+when:10d&hl=en-IN&gl=IN&ceid=IN:en
2026-08-21 12:47:12,590 | INFO | News RSS status for LT: 200
2026-08-21 12:47:12,593 | INFO | News RSS query for LT: https://news.google.com/rss/search?q=%22Larsen+%26+Toubro+Ltd.%22+stock+when:10d&hl=en-IN&gl=IN&ceid=IN:en
2026-08-21 12:47:12,814 | INFO | News RSS status for LT: 200
2026-08-21 12:47:12,818 | WARNING | Skipping LTM — only 126 bars available (need 220). Extend history_backfill_days in config.json to include this symbol.
2026-08-21 12:47:13,461 | INFO | News RSS query for M&M: https://news.google.com/rss/search?q=%22Mahindra+%26+Mahindra+Ltd.%22+NSE+when:10d&hl=en-IN&gl=IN&ceid=IN:en
2026-08-21 12:47:13,660 | INFO | News RSS status for M&M: 200
2026-08-21 12:47:16,067 | INFO | News RSS query for MOTHERSON: https://news.google.com/rss/search?q=%22Samvardhana+Motherson+International+Ltd.%22+NSE+when:10d&hl=en-IN&gl=IN&ceid=IN:en
2026-08-21 12:47:16,331 | INFO | News RSS status for MOTHERSON: 200
2026-08-21 12:47:19,943 | INFO | News RSS query for PIDILITIND: https://news.google.com/rss/search?q=%22Pidilite+Industries+Ltd.%22+NSE+when:10d&hl=en-IN&gl=IN&ceid=IN:en
2026-08-21 12:47:20,126 | INFO | News RSS status for PIDILITIND: 200
2026-08-21 12:47:20,129 | INFO | News RSS query for PIDILITIND: https://news.google.com/rss/search?q=%22Pidilite+Industries+Ltd.%22+stock+when:10d&hl=en-IN&gl=IN&ceid=IN:en
2026-08-21 12:47:20,318 | INFO | News RSS status for PIDILITIND: 200
2026-08-21 12:47:20,966 | INFO | News RSS query for PNB: https://news.google.com/rss/search?q=%22Punjab+National+Bank%22+NSE+when:10d&hl=en-IN&gl=IN&ceid=IN:en
2026-08-21 12:47:21,281 | INFO | News RSS status for PNB: 200
2026-08-21 12:47:24,248 | INFO | News RSS query for SBIN: https://news.google.com/rss/search?q=%22State+Bank+of+India%22+NSE+when:10d&hl=en-IN&gl=IN&ceid=IN:en
2026-08-21 12:47:24,568 | INFO | News RSS status for SBIN: 200
2026-08-21 12:47:25,795 | INFO | News RSS query for SHRIRAMFIN: https://news.google.com/rss/search?q=%22Shriram+Finance+Ltd.%22+NSE+when:10d&hl=en-IN&gl=IN&ceid=IN:en
2026-08-21 12:47:25,998 | INFO | News RSS status for SHRIRAMFIN: 200
2026-08-21 12:47:26,651 | INFO | News RSS query for SIEMENS: https://news.google.com/rss/search?q=%22Siemens+Ltd.%22+NSE+when:10d&hl=en-IN&gl=IN&ceid=IN:en
2026-08-21 12:47:26,848 | INFO | News RSS status for SIEMENS: 200
2026-08-21 12:47:27,505 | INFO | News RSS query for SOLARINDS: https://news.google.com/rss/search?q=%22Solar+Industries+India+Ltd.%22+NSE+when:10d&hl=en-IN&gl=IN&ceid=IN:en
2026-08-21 12:47:27,835 | INFO | News RSS status for SOLARINDS: 200
2026-08-21 12:47:28,429 | WARNING | Skipping TATACAP — only 214 bars available (need 220). Extend history_backfill_days in config.json to include this symbol.
2026-08-21 12:47:31,392 | INFO | News RSS query for TECHM: https://news.google.com/rss/search?q=%22Tech+Mahindra+Ltd.%22+NSE+when:10d&hl=en-IN&gl=IN&ceid=IN:en
2026-08-21 12:47:31,615 | INFO | News RSS status for TECHM: 200
2026-08-21 12:47:32,258 | INFO | News RSS query for TITAN: https://news.google.com/rss/search?q=%22Titan+Company+Ltd.%22+NSE+when:10d&hl=en-IN&gl=IN&ceid=IN:en
2026-08-21 12:47:32,455 | INFO | News RSS status for TITAN: 200
2026-08-21 12:47:32,461 | WARNING | Skipping TMCV — only 194 bars available (need 220). Extend history_backfill_days in config.json to include this symbol.
2026-08-21 12:47:32,462 | WARNING | Skipping TMPV — only 211 bars available (need 220). Extend history_backfill_days in config.json to include this symbol.
2026-08-21 12:47:33,117 | INFO | News RSS query for TORNTPHARM: https://news.google.com/rss/search?q=%22Torrent+Pharmaceuticals+Ltd.%22+NSE+when:10d&hl=en-IN&gl=IN&ceid=IN:en
2026-08-21 12:47:33,308 | INFO | News RSS status for TORNTPHARM: 200
2026-08-21 12:47:34,553 | INFO | News RSS query for TVSMOTOR: https://news.google.com/rss/search?q=%22TVS+Motor+Company+Ltd.%22+NSE+when:10d&hl=en-IN&gl=IN&ceid=IN:en
2026-08-21 12:47:34,807 | INFO | News RSS status for TVSMOTOR: 200
2026-08-21 12:47:34,880 | INFO | News RSS query for TVSMOTOR: https://news.google.com/rss/search?q=%22TVS+Motor+Company+Ltd.%22+NSE+when:10d&hl=en-IN&gl=IN&ceid=IN:en
2026-08-21 12:47:34,885 | INFO | News RSS status for TVSMOTOR: 200
2026-08-21 12:47:36,116 | INFO | News RSS query for UNIONBANK: https://news.google.com/rss/search?q=%22Union+Bank+of+India%22+NSE+when:10d&hl=en-IN&gl=IN&ceid=IN:en
2026-08-21 12:47:36,499 | INFO | News RSS status for UNIONBANK: 200
2026-08-21 12:47:36,803 | INFO | News RSS query for UNITDSPR: https://news.google.com/rss/search?q=%22United+Spirits+Ltd.%22+NSE+when:10d&hl=en-IN&gl=IN&ceid=IN:en
2026-08-21 12:47:37,012 | INFO | News RSS status for UNITDSPR: 200
2026-08-21 12:47:37,018 | WARNING | Skipping VAML — only 6 bars available (need 220). Extend history_backfill_days in config.json to include this symbol.
2026-08-21 12:47:38,201 | WARNING | Skipping VEDPOWER — only 4 bars available (need 220). Extend history_backfill_days in config.json to include this symbol.
2026-08-21 12:47:38,202 | WARNING | Skipping VISL — only 4 bars available (need 220). Extend history_backfill_days in config.json to include this symbol.
2026-08-21 12:47:38,202 | WARNING | Skipping VOGL — only 7 bars available (need 220). Extend history_backfill_days in config.json to include this symbol.
2026-08-21 12:47:39,445 | INFO | News RSS query for ZYDUSLIFE: https://news.google.com/rss/search?q=%22Zydus+Lifesciences+Ltd.%22+NSE+when:10d&hl=en-IN&gl=IN&ceid=IN:en
2026-08-21 12:47:39,640 | INFO | News RSS status for ZYDUSLIFE: 200
2026-08-21 12:47:39,650 | INFO | Index membership from cache: NIFTY 50 (50 symbols)
2026-08-21 12:47:39,650 | INFO | Index membership from cache: Nifty Next 50 (50 symbols)
2026-08-21 12:47:39,650 | INFO | Index membership ready: 100 symbols mapped
2026-08-21 12:47:39,650 | INFO | Market Health: fetching index OHLCV...
2026-08-21 12:47:39,653 | INFO | Index OHLCV cache fresh for NIFTY 50 (1444 rows)
2026-08-21 12:47:40,596 | WARNING | niftyindices failed NIFTY NEXT 50 2026-08-18-2026-08-21: Expecting value: line 1 column 2 (char 1)
2026-08-21 12:47:40,777 | INFO | Index OHLCV via yfinance (JUNIORBEES.NS) for NIFTY NEXT 50: 1447 rows
2026-08-21 12:47:40,778 | INFO | Market Health: fetching VIX...
2026-08-21 12:47:40,781 | INFO | VIX cache fresh (142 rows)
2026-08-21 12:47:40,781 | INFO | Market Health: updating breadth EMA cache...
2026-08-21 12:47:42,647 | INFO | Breadth EMA cache: 134163 total rows (+99)
2026-08-21 12:47:42,670 | INFO | Market Health [NIFTY 50]: Score=13.0 | Sideways &#x1F7E0;
2026-08-21 12:47:42,688 | INFO | Market Health [Nifty Next 50]: Score=8.0 | Sideways &#x1F7E0;
2026-08-21 12:47:42,759 | INFO | Signal log: appended 5 new signals. Total rows: 662
2026-08-21 12:47:42,759 | INFO | Signal log written/updated: /home/runner/work/nifty100-reporter/nifty100-reporter/data/nifty100_signal_log.csv
2026-08-21 12:47:43,894 | INFO | Signal tracker: updated 156 Active signal rows.
2026-08-21 12:47:43,910 | INFO | HTML report written: /home/runner/work/nifty100-reporter/nifty100-reporter/reports/nifty100_daily_report_20260821.html
2026-08-21 12:47:43,919 | INFO | Market Health Excel sheet written.
2026-08-21 12:47:45,338 | INFO | Excel report written: /home/runner/work/nifty100-reporter/nifty100-reporter/reports/nifty100_daily_report_20260821.xlsx
2026-08-21 12:47:45,338 | INFO | GitHub Actions detected — skipping Gmail API send (workflow handles email).
2026-08-21 12:47:45,338 | INFO | Run completed successfully.
2026-08-21 12:47:45,338 | INFO | Artifacts: /home/runner/work/nifty100-reporter/nifty100-reporter/reports/nifty100_daily_report_20260821.html | /home/runner/work/nifty100-reporter/nifty100-reporter/reports/nifty100_daily_report_20260821.xlsx | log: /home/runner/work/nifty100-reporter/nifty100-reporter/logs/run_20260821_181544.log
