2026-09-28 12:46:11,226 | INFO | Nifty 100 Daily EMA Cross Reporter | Version 3.3.8 | Released 2026-04-17
2026-09-28 12:46:11,226 | INFO | Base directory: /home/runner/work/nifty100-reporter/nifty100-reporter
2026-09-28 12:46:11,226 | INFO | Loaded config. Email enabled: True | Recipients: 1
2026-09-28 12:46:11,468 | WARNING | NSE session bootstrap HTTP 403 (attempt 1/5) — refreshing NSE session cookie …
2026-09-28 12:46:22,038 | INFO | NSE session bootstrap status: 200
2026-09-28 12:46:22,038 | INFO | Downloading Nifty 100 universe from https://www.niftyindices.com/IndexConstituent/ind_nifty100list.csv
2026-09-28 12:46:22,421 | INFO | Universe download status: 200
2026-09-28 12:46:22,425 | INFO | Universe rows loaded: 100
2026-09-28 12:46:22,541 | INFO | Loaded history rows: 136744
2026-09-28 12:46:22,548 | INFO | yfinance history update: 100 symbols | 2026-09-24 → 2026-09-29
2026-09-28 12:46:22,548 | INFO | yfinance batch download: 100 symbols | 2026-09-24 → 2026-09-29
2026-09-28 12:46:26,364 | INFO | yfinance raw shape: (3, 500)
2026-09-28 12:46:26,655 | INFO | yfinance parsed rows after date-filter: 300
2026-09-28 12:46:26,656 | INFO | New rows from yfinance: 300
2026-09-28 12:46:27,525 | INFO | Saved history rows: 136844 | file: /home/runner/work/nifty100-reporter/nifty100-reporter/data/nifty100_ohlcv_history.csv
2026-09-28 12:46:27,635 | INFO | Loaded history rows: 136844
2026-09-28 12:46:27,636 | INFO | Latest OHLCV data is from 2026-09-28
2026-09-28 12:46:27,665 | INFO | Latest Delivery data is from 2026-09-25
2026-09-28 12:46:27,712 | INFO | Delivery cache has 33 dates — skipping backfill.
2026-09-28 12:46:27,713 | INFO | Delivery fetch attempt [0/7] — URL: https://archives.nseindia.com/products/content/sec_bhavdata_full_28092026.csv
2026-09-28 12:46:31,500 | INFO | Delivery fetch SUCCESS — date: 2026-09-28 | size: 399768 bytes | URL: https://archives.nseindia.com/products/content/sec_bhavdata_full_28092026.csv
2026-09-28 12:46:31,894 | INFO | Delivery cache updated: 2676 symbols for 2026-09-28 (rows in cache: 81771)
2026-09-28 12:46:31,896 | INFO | Delivery data: 2676 symbols | fallback=False
2026-09-28 12:46:32,171 | INFO | Corporate actions bulk OK: 12 raw rows | 0 Nifty100 symbols with events
2026-09-28 12:47:08,666 | INFO | Corporate actions: 0/100 symbols have events (window 28-09-2026 to 28-10-2026) | Symbols: none
2026-09-28 12:47:08,666 | INFO | Index membership from cache: NIFTY 50 (50 symbols)
2026-09-28 12:47:08,666 | INFO | Index membership from cache: Nifty Next 50 (50 symbols)
2026-09-28 12:47:08,666 | INFO | Index membership ready: 100 symbols mapped
2026-09-28 12:47:10,859 | INFO | News RSS query for ADANIPORTS: https://news.google.com/rss/search?q=%22Adani+Ports+and+Special+Economic+Zone+Ltd.%22+NSE+when:10d&hl=en-IN&gl=IN&ceid=IN:en
2026-09-28 12:47:11,159 | INFO | News RSS status for ADANIPORTS: 200
2026-09-28 12:47:12,581 | INFO | News RSS query for APOLLOHOSP: https://news.google.com/rss/search?q=%22Apollo+Hospitals+Enterprise+Ltd.%22+NSE+when:10d&hl=en-IN&gl=IN&ceid=IN:en
2026-09-28 12:47:12,820 | INFO | News RSS status for APOLLOHOSP: 200
2026-09-28 12:47:17,436 | INFO | News RSS query for BOSCHLTD: https://news.google.com/rss/search?q=%22Bosch+Ltd.%22+NSE+when:10d&hl=en-IN&gl=IN&ceid=IN:en
2026-09-28 12:47:17,646 | INFO | News RSS status for BOSCHLTD: 200
2026-09-28 12:47:21,896 | INFO | News RSS query for DIVISLAB: https://news.google.com/rss/search?q=%22Divi%27s+Laboratories+Ltd.%22+NSE+when:10d&hl=en-IN&gl=IN&ceid=IN:en
2026-09-28 12:47:22,132 | INFO | News RSS status for DIVISLAB: 200
2026-09-28 12:47:22,136 | INFO | News RSS query for DIVISLAB: https://news.google.com/rss/search?q=%22Divi%27s+Laboratories+Ltd.%22+stock+when:10d&hl=en-IN&gl=IN&ceid=IN:en
2026-09-28 12:47:22,372 | INFO | News RSS status for DIVISLAB: 200
2026-09-28 12:47:22,899 | INFO | News RSS query for DLF: https://news.google.com/rss/search?q=%22DLF+Ltd.%22+NSE+when:10d&hl=en-IN&gl=IN&ceid=IN:en
2026-09-28 12:47:23,151 | INFO | News RSS status for DLF: 200
2026-09-28 12:47:25,050 | INFO | News RSS query for ETERNAL: https://news.google.com/rss/search?q=%22Eternal+Ltd.%22+NSE+when:10d&hl=en-IN&gl=IN&ceid=IN:en
2026-09-28 12:47:25,228 | INFO | News RSS status for ETERNAL: 200
2026-09-28 12:47:31,302 | INFO | News RSS query for INDHOTEL: https://news.google.com/rss/search?q=%22Indian+Hotels+Co.+Ltd.%22+NSE+when:10d&hl=en-IN&gl=IN&ceid=IN:en
2026-09-28 12:47:31,510 | INFO | News RSS status for INDHOTEL: 200
2026-09-28 12:47:31,512 | INFO | News RSS query for INDHOTEL: https://news.google.com/rss/search?q=%22Indian+Hotels+Co.+Ltd.%22+stock+when:10d&hl=en-IN&gl=IN&ceid=IN:en
2026-09-28 12:47:31,750 | INFO | News RSS status for INDHOTEL: 200
2026-09-28 12:47:31,752 | INFO | News RSS query for INDHOTEL: https://news.google.com/rss/search?q=INDHOTEL+NSE+when:10d&hl=en-IN&gl=IN&ceid=IN:en
2026-09-28 12:47:31,954 | INFO | News RSS status for INDHOTEL: 200
2026-09-28 12:47:34,690 | INFO | News RSS query for JINDALSTEL: https://news.google.com/rss/search?q=%22Jindal+Steel+Ltd.%22+NSE+when:10d&hl=en-IN&gl=IN&ceid=IN:en
2026-09-28 12:47:34,903 | INFO | News RSS status for JINDALSTEL: 200
2026-09-28 12:47:34,906 | INFO | News RSS query for JINDALSTEL: https://news.google.com/rss/search?q=%22Jindal+Steel+Ltd.%22+stock+when:10d&hl=en-IN&gl=IN&ceid=IN:en
2026-09-28 12:47:35,078 | INFO | News RSS status for JINDALSTEL: 200
2026-09-28 12:47:37,092 | WARNING | Skipping LTM — only 152 bars available (need 220). Extend history_backfill_days in config.json to include this symbol.
2026-09-28 12:47:39,416 | INFO | News RSS query for MOTHERSON: https://news.google.com/rss/search?q=%22Samvardhana+Motherson+International+Ltd.%22+NSE+when:10d&hl=en-IN&gl=IN&ceid=IN:en
2026-09-28 12:47:39,652 | INFO | News RSS status for MOTHERSON: 200
2026-09-28 12:47:52,756 | WARNING | Skipping VAML — only 6 bars available (need 220). Extend history_backfill_days in config.json to include this symbol.
2026-09-28 12:47:53,666 | WARNING | Skipping VEDPOWER — only 4 bars available (need 220). Extend history_backfill_days in config.json to include this symbol.
2026-09-28 12:47:53,666 | WARNING | Skipping VISL — only 4 bars available (need 220). Extend history_backfill_days in config.json to include this symbol.
2026-09-28 12:47:53,667 | WARNING | Skipping VOGL — only 7 bars available (need 220). Extend history_backfill_days in config.json to include this symbol.
2026-09-28 12:47:54,630 | INFO | News RSS query for ZYDUSLIFE: https://news.google.com/rss/search?q=%22Zydus+Lifesciences+Ltd.%22+NSE+when:10d&hl=en-IN&gl=IN&ceid=IN:en
2026-09-28 12:47:54,840 | INFO | News RSS status for ZYDUSLIFE: 200
2026-09-28 12:47:54,847 | INFO | Index membership from cache: NIFTY 50 (50 symbols)
2026-09-28 12:47:54,848 | INFO | Index membership from cache: Nifty Next 50 (50 symbols)
2026-09-28 12:47:54,848 | INFO | Index membership ready: 100 symbols mapped
2026-09-28 12:47:54,848 | INFO | Market Health: fetching index OHLCV...
2026-09-28 12:47:54,851 | INFO | Index OHLCV cache fresh for NIFTY 50 (1471 rows)
2026-09-28 12:47:54,854 | INFO | Index OHLCV cache fresh for NIFTY NEXT 50 (1467 rows)
2026-09-28 12:47:54,854 | INFO | Market Health: fetching VIX...
2026-09-28 12:47:54,855 | INFO | VIX cache fresh (169 rows)
2026-09-28 12:47:54,855 | INFO | Market Health: updating breadth EMA cache...
2026-09-28 12:47:56,796 | INFO | Breadth EMA cache: 136664 total rows (+100)
2026-09-28 12:47:56,819 | INFO | Market Health [NIFTY 50]: Score=-37.0 | Weak Bear &#x1F534;
2026-09-28 12:47:56,837 | INFO | Market Health [Nifty Next 50]: Score=-27.0 | Weak Bear &#x1F534;
2026-09-28 12:47:56,847 | INFO | Signal log: no new signals to append today.
2026-09-28 12:47:57,934 | INFO | Signal tracker: updated 148 Active signal rows.
2026-09-28 12:47:57,941 | INFO | HTML report written: /home/runner/work/nifty100-reporter/nifty100-reporter/reports/nifty100_daily_report_20260928.html
2026-09-28 12:47:57,949 | INFO | Market Health Excel sheet written.
2026-09-28 12:47:59,282 | INFO | Excel report written: /home/runner/work/nifty100-reporter/nifty100-reporter/reports/nifty100_daily_report_20260928.xlsx
2026-09-28 12:47:59,282 | INFO | GitHub Actions detected — skipping Gmail API send (workflow handles email).
2026-09-28 12:47:59,282 | INFO | Run completed successfully.
2026-09-28 12:47:59,282 | INFO | Artifacts: /home/runner/work/nifty100-reporter/nifty100-reporter/reports/nifty100_daily_report_20260928.html | /home/runner/work/nifty100-reporter/nifty100-reporter/reports/nifty100_daily_report_20260928.xlsx | log: /home/runner/work/nifty100-reporter/nifty100-reporter/logs/run_20260928_181611.log
