2026-09-02 12:45:55,801 | INFO | Nifty 100 Daily EMA Cross Reporter | Version 3.3.8 | Released 2026-04-17
2026-09-02 12:45:55,801 | INFO | Base directory: /home/runner/work/nifty100-reporter/nifty100-reporter
2026-09-02 12:45:55,802 | INFO | Loaded config. Email enabled: True | Recipients: 1
2026-09-02 12:45:55,941 | WARNING | NSE session bootstrap HTTP 403 (attempt 1/5) — refreshing NSE session cookie …
2026-09-02 12:46:06,171 | INFO | NSE session bootstrap status: 200
2026-09-02 12:46:06,171 | INFO | Downloading Nifty 100 universe from https://www.niftyindices.com/IndexConstituent/ind_nifty100list.csv
2026-09-02 12:46:06,771 | INFO | Universe download status: 200
2026-09-02 12:46:06,775 | INFO | Universe rows loaded: 100
2026-09-02 12:46:06,888 | INFO | Loaded history rows: 134954
2026-09-02 12:46:06,895 | INFO | yfinance history update: 100 symbols | 2026-08-31 → 2026-09-03
2026-09-02 12:46:06,895 | INFO | yfinance batch download: 100 symbols | 2026-08-31 → 2026-09-03
2026-09-02 12:46:06,897 | INFO | Failed to create TzCache, reason: Error creating TzCache folder: '/home/runner/.cache/py-yfinance' reason: [Errno 17] File exists: '/home/runner/.cache/py-yfinance'. TzCache will not be used. Tip: You can direct cache to use a different location with 'set_tz_cache_location(mylocation)'
2026-09-02 12:46:10,286 | INFO | yfinance raw shape: (3, 500)
2026-09-02 12:46:10,592 | INFO | yfinance parsed rows after date-filter: 300
2026-09-02 12:46:10,593 | INFO | New rows from yfinance: 300
2026-09-02 12:46:11,400 | INFO | Saved history rows: 135054 | file: /home/runner/work/nifty100-reporter/nifty100-reporter/data/nifty100_ohlcv_history.csv
2026-09-02 12:46:11,510 | INFO | Loaded history rows: 135054
2026-09-02 12:46:11,511 | INFO | Latest OHLCV data is from 2026-09-02
2026-09-02 12:46:11,538 | INFO | Latest Delivery data is from 2026-09-01
2026-09-02 12:46:11,587 | INFO | Delivery cache has 32 dates — skipping backfill.
2026-09-02 12:46:11,587 | INFO | Delivery fetch attempt [0/7] — URL: https://archives.nseindia.com/products/content/sec_bhavdata_full_02092026.csv
2026-09-02 12:46:11,992 | INFO | Delivery fetch SUCCESS — date: 2026-09-02 | size: 394524 bytes | URL: https://archives.nseindia.com/products/content/sec_bhavdata_full_02092026.csv
2026-09-02 12:46:12,376 | INFO | Delivery cache updated: 2646 symbols for 2026-09-02 (rows in cache: 82573)
2026-09-02 12:46:12,377 | INFO | Delivery data: 2646 symbols | fallback=False
2026-09-02 12:46:12,730 | INFO | Corporate actions bulk OK: 68 raw rows | 4 Nifty100 symbols with events
2026-09-02 12:46:42,149 | INFO | Corporate actions: 4/100 symbols have events (window 02-09-2026 to 02-10-2026) | Symbols: COALINDIA, GAIL, NTPC, ONGC
2026-09-02 12:46:42,150 | INFO | Index membership from cache: NIFTY 50 (50 symbols)
2026-09-02 12:46:42,150 | INFO | Index membership from cache: Nifty Next 50 (50 symbols)
2026-09-02 12:46:42,150 | INFO | Index membership ready: 100 symbols mapped
2026-09-02 12:46:42,754 | INFO | News RSS query for ABB: https://news.google.com/rss/search?q=%22ABB+India+Ltd.%22+NSE+when:10d&hl=en-IN&gl=IN&ceid=IN:en
2026-09-02 12:46:42,980 | INFO | News RSS status for ABB: 200
2026-09-02 12:46:42,984 | INFO | News RSS query for ABB: https://news.google.com/rss/search?q=%22ABB+India+Ltd.%22+stock+when:10d&hl=en-IN&gl=IN&ceid=IN:en
2026-09-02 12:46:43,193 | INFO | News RSS status for ABB: 200
2026-09-02 12:46:43,262 | INFO | News RSS query for ABB: https://news.google.com/rss/search?q=%22ABB+India+Ltd.%22+NSE+when:10d&hl=en-IN&gl=IN&ceid=IN:en
2026-09-02 12:46:43,270 | INFO | News RSS status for ABB: 200
2026-09-02 12:46:43,273 | INFO | News RSS query for ABB: https://news.google.com/rss/search?q=%22ABB+India+Ltd.%22+stock+when:10d&hl=en-IN&gl=IN&ceid=IN:en
2026-09-02 12:46:43,280 | INFO | News RSS status for ABB: 200
2026-09-02 12:46:48,201 | INFO | News RSS query for BAJAJ-AUTO: https://news.google.com/rss/search?q=%22Bajaj+Auto+Ltd.%22+NSE+when:10d&hl=en-IN&gl=IN&ceid=IN:en
2026-09-02 12:46:48,447 | INFO | News RSS status for BAJAJ-AUTO: 200
2026-09-02 12:46:48,516 | INFO | News RSS query for BAJAJ-AUTO: https://news.google.com/rss/search?q=%22Bajaj+Auto+Ltd.%22+NSE+when:10d&hl=en-IN&gl=IN&ceid=IN:en
2026-09-02 12:46:48,524 | INFO | News RSS status for BAJAJ-AUTO: 200
2026-09-02 12:46:49,100 | INFO | News RSS query for BAJAJFINSV: https://news.google.com/rss/search?q=%22Bajaj+Finserv+Ltd.%22+NSE+when:10d&hl=en-IN&gl=IN&ceid=IN:en
2026-09-02 12:46:49,291 | INFO | News RSS status for BAJAJFINSV: 200
2026-09-02 12:46:49,874 | INFO | News RSS query for BAJAJHLDNG: https://news.google.com/rss/search?q=%22Bajaj+Holdings+%26+Investment+Ltd.%22+NSE+when:10d&hl=en-IN&gl=IN&ceid=IN:en
2026-09-02 12:46:50,058 | INFO | News RSS status for BAJAJHLDNG: 200
2026-09-02 12:46:52,699 | INFO | News RSS query for BOSCHLTD: https://news.google.com/rss/search?q=%22Bosch+Ltd.%22+NSE+when:10d&hl=en-IN&gl=IN&ceid=IN:en
2026-09-02 12:46:52,870 | INFO | News RSS status for BOSCHLTD: 200
2026-09-02 12:46:52,873 | INFO | News RSS query for BOSCHLTD: https://news.google.com/rss/search?q=%22Bosch+Ltd.%22+stock+when:10d&hl=en-IN&gl=IN&ceid=IN:en
2026-09-02 12:46:53,058 | INFO | News RSS status for BOSCHLTD: 200
2026-09-02 12:46:57,767 | INFO | News RSS query for DIVISLAB: https://news.google.com/rss/search?q=%22Divi%27s+Laboratories+Ltd.%22+NSE+when:10d&hl=en-IN&gl=IN&ceid=IN:en
2026-09-02 12:46:57,971 | INFO | News RSS status for DIVISLAB: 200
2026-09-02 12:46:57,974 | INFO | News RSS query for DIVISLAB: https://news.google.com/rss/search?q=%22Divi%27s+Laboratories+Ltd.%22+stock+when:10d&hl=en-IN&gl=IN&ceid=IN:en
2026-09-02 12:46:58,181 | INFO | News RSS status for DIVISLAB: 200
2026-09-02 12:46:58,770 | INFO | News RSS query for DLF: https://news.google.com/rss/search?q=%22DLF+Ltd.%22+NSE+when:10d&hl=en-IN&gl=IN&ceid=IN:en
2026-09-02 12:46:58,988 | INFO | News RSS status for DLF: 200
2026-09-02 12:46:58,992 | INFO | News RSS query for DLF: https://news.google.com/rss/search?q=%22DLF+Ltd.%22+stock+when:10d&hl=en-IN&gl=IN&ceid=IN:en
2026-09-02 12:46:59,184 | INFO | News RSS status for DLF: 200
2026-09-02 12:47:00,785 | INFO | News RSS query for EICHERMOT: https://news.google.com/rss/search?q=%22Eicher+Motors+Ltd.%22+NSE+when:10d&hl=en-IN&gl=IN&ceid=IN:en
2026-09-02 12:47:00,995 | INFO | News RSS status for EICHERMOT: 200
2026-09-02 12:47:01,623 | INFO | News RSS query for ETERNAL: https://news.google.com/rss/search?q=%22Eternal+Ltd.%22+NSE+when:10d&hl=en-IN&gl=IN&ceid=IN:en
2026-09-02 12:47:01,860 | INFO | News RSS status for ETERNAL: 200
2026-09-02 12:47:03,471 | INFO | News RSS query for GRASIM: https://news.google.com/rss/search?q=%22Grasim+Industries+Ltd.%22+NSE+when:10d&hl=en-IN&gl=IN&ceid=IN:en
2026-09-02 12:47:03,742 | INFO | News RSS status for GRASIM: 200
2026-09-02 12:47:03,745 | INFO | News RSS query for GRASIM: https://news.google.com/rss/search?q=%22Grasim+Industries+Ltd.%22+stock+when:10d&hl=en-IN&gl=IN&ceid=IN:en
2026-09-02 12:47:03,953 | INFO | News RSS status for GRASIM: 200
2026-09-02 12:47:04,528 | INFO | News RSS query for HAL: https://news.google.com/rss/search?q=%22Hindustan+Aeronautics+Ltd.%22+NSE+when:10d&hl=en-IN&gl=IN&ceid=IN:en
2026-09-02 12:47:04,714 | INFO | News RSS status for HAL: 200
2026-09-02 12:47:07,353 | INFO | News RSS query for HINDALCO: https://news.google.com/rss/search?q=%22Hindalco+Industries+Ltd.%22+NSE+when:10d&hl=en-IN&gl=IN&ceid=IN:en
2026-09-02 12:47:07,632 | INFO | News RSS status for HINDALCO: 200
2026-09-02 12:47:08,727 | INFO | News RSS query for HINDZINC: https://news.google.com/rss/search?q=%22Hindustan+Zinc+Ltd.%22+NSE+when:10d&hl=en-IN&gl=IN&ceid=IN:en
2026-09-02 12:47:08,974 | INFO | News RSS status for HINDZINC: 200
2026-09-02 12:47:09,215 | INFO | News RSS query for HYUNDAI: https://news.google.com/rss/search?q=%22Hyundai+Motor+India+Ltd.%22+NSE+when:10d&hl=en-IN&gl=IN&ceid=IN:en
2026-09-02 12:47:09,433 | INFO | News RSS status for HYUNDAI: 200
2026-09-02 12:47:10,012 | INFO | News RSS query for ICICIBANK: https://news.google.com/rss/search?q=%22ICICI+Bank+Ltd.%22+NSE+when:10d&hl=en-IN&gl=IN&ceid=IN:en
2026-09-02 12:47:10,238 | INFO | News RSS status for ICICIBANK: 200
2026-09-02 12:47:10,310 | INFO | News RSS query for ICICIBANK: https://news.google.com/rss/search?q=%22ICICI+Bank+Ltd.%22+NSE+when:10d&hl=en-IN&gl=IN&ceid=IN:en
2026-09-02 12:47:10,317 | INFO | News RSS status for ICICIBANK: 200
2026-09-02 12:47:13,944 | INFO | News RSS query for JINDALSTEL: https://news.google.com/rss/search?q=%22Jindal+Steel+Ltd.%22+NSE+when:10d&hl=en-IN&gl=IN&ceid=IN:en
2026-09-02 12:47:14,154 | INFO | News RSS status for JINDALSTEL: 200
2026-09-02 12:47:14,157 | INFO | News RSS query for JINDALSTEL: https://news.google.com/rss/search?q=%22Jindal+Steel+Ltd.%22+stock+when:10d&hl=en-IN&gl=IN&ceid=IN:en
2026-09-02 12:47:14,362 | INFO | News RSS status for JINDALSTEL: 200
2026-09-02 12:47:15,209 | INFO | News RSS query for JSWSTEEL: https://news.google.com/rss/search?q=%22JSW+Steel+Ltd.%22+NSE+when:10d&hl=en-IN&gl=IN&ceid=IN:en
2026-09-02 12:47:15,410 | INFO | News RSS status for JSWSTEEL: 200
2026-09-02 12:47:15,992 | INFO | News RSS query for KOTAKBANK: https://news.google.com/rss/search?q=%22Kotak+Mahindra+Bank+Ltd.%22+NSE+when:10d&hl=en-IN&gl=IN&ceid=IN:en
2026-09-02 12:47:16,225 | INFO | News RSS status for KOTAKBANK: 200
2026-09-02 12:47:16,294 | INFO | News RSS query for KOTAKBANK: https://news.google.com/rss/search?q=%22Kotak+Mahindra+Bank+Ltd.%22+NSE+when:10d&hl=en-IN&gl=IN&ceid=IN:en
2026-09-02 12:47:16,301 | INFO | News RSS status for KOTAKBANK: 200
2026-09-02 12:47:16,833 | INFO | News RSS query for LODHA: https://news.google.com/rss/search?q=%22Lodha+Developers+Ltd.%22+NSE+when:10d&hl=en-IN&gl=IN&ceid=IN:en
2026-09-02 12:47:17,048 | INFO | News RSS status for LODHA: 200
2026-09-02 12:47:17,051 | INFO | News RSS query for LODHA: https://news.google.com/rss/search?q=%22Lodha+Developers+Ltd.%22+stock+when:10d&hl=en-IN&gl=IN&ceid=IN:en
2026-09-02 12:47:17,248 | INFO | News RSS status for LODHA: 200
2026-09-02 12:47:17,822 | INFO | News RSS query for LT: https://news.google.com/rss/search?q=%22Larsen+%26+Toubro+Ltd.%22+NSE+when:10d&hl=en-IN&gl=IN&ceid=IN:en
2026-09-02 12:47:18,022 | INFO | News RSS status for LT: 200
2026-09-02 12:47:18,029 | WARNING | Skipping LTM — only 134 bars available (need 220). Extend history_backfill_days in config.json to include this symbol.
2026-09-02 12:47:20,661 | INFO | News RSS query for MOTHERSON: https://news.google.com/rss/search?q=%22Samvardhana+Motherson+International+Ltd.%22+NSE+when:10d&hl=en-IN&gl=IN&ceid=IN:en
2026-09-02 12:47:20,910 | INFO | News RSS status for MOTHERSON: 200
2026-09-02 12:47:20,913 | INFO | News RSS query for MOTHERSON: https://news.google.com/rss/search?q=%22Samvardhana+Motherson+International+Ltd.%22+stock+when:10d&hl=en-IN&gl=IN&ceid=IN:en
2026-09-02 12:47:21,128 | INFO | News RSS status for MOTHERSON: 200
2026-09-02 12:47:24,265 | INFO | News RSS query for PIDILITIND: https://news.google.com/rss/search?q=%22Pidilite+Industries+Ltd.%22+NSE+when:10d&hl=en-IN&gl=IN&ceid=IN:en
2026-09-02 12:47:24,453 | INFO | News RSS status for PIDILITIND: 200
2026-09-02 12:47:24,456 | INFO | News RSS query for PIDILITIND: https://news.google.com/rss/search?q=%22Pidilite+Industries+Ltd.%22+stock+when:10d&hl=en-IN&gl=IN&ceid=IN:en
2026-09-02 12:47:24,663 | INFO | News RSS status for PIDILITIND: 200
2026-09-02 12:47:25,231 | INFO | News RSS query for PNB: https://news.google.com/rss/search?q=%22Punjab+National+Bank%22+NSE+when:10d&hl=en-IN&gl=IN&ceid=IN:en
2026-09-02 12:47:25,478 | INFO | News RSS status for PNB: 200
2026-09-02 12:47:29,625 | INFO | News RSS query for SIEMENS: https://news.google.com/rss/search?q=%22Siemens+Ltd.%22+NSE+when:10d&hl=en-IN&gl=IN&ceid=IN:en
2026-09-02 12:47:29,840 | INFO | News RSS status for SIEMENS: 200
2026-09-02 12:47:29,842 | INFO | News RSS query for SIEMENS: https://news.google.com/rss/search?q=%22Siemens+Ltd.%22+stock+when:10d&hl=en-IN&gl=IN&ceid=IN:en
2026-09-02 12:47:30,031 | INFO | News RSS status for SIEMENS: 200
2026-09-02 12:47:30,612 | INFO | News RSS query for SOLARINDS: https://news.google.com/rss/search?q=%22Solar+Industries+India+Ltd.%22+NSE+when:10d&hl=en-IN&gl=IN&ceid=IN:en
2026-09-02 12:47:30,807 | INFO | News RSS status for SOLARINDS: 200
2026-09-02 12:47:30,878 | INFO | News RSS query for SOLARINDS: https://news.google.com/rss/search?q=%22Solar+Industries+India+Ltd.%22+NSE+when:10d&hl=en-IN&gl=IN&ceid=IN:en
2026-09-02 12:47:30,885 | INFO | News RSS status for SOLARINDS: 200
2026-09-02 12:47:31,465 | INFO | News RSS query for SUNPHARMA: https://news.google.com/rss/search?q=%22Sun+Pharmaceutical+Industries+Ltd.%22+NSE+when:10d&hl=en-IN&gl=IN&ceid=IN:en
2026-09-02 12:47:31,670 | INFO | News RSS status for SUNPHARMA: 200
2026-09-02 12:47:31,826 | INFO | News RSS query for TATACAP: https://news.google.com/rss/search?q=%22Tata+Capital+Ltd.%22+NSE+when:10d&hl=en-IN&gl=IN&ceid=IN:en
2026-09-02 12:47:32,061 | INFO | News RSS status for TATACAP: 200
2026-09-02 12:47:32,064 | INFO | News RSS query for TATACAP: https://news.google.com/rss/search?q=%22Tata+Capital+Ltd.%22+stock+when:10d&hl=en-IN&gl=IN&ceid=IN:en
2026-09-02 12:47:32,310 | INFO | News RSS status for TATACAP: 200
2026-09-02 12:47:34,941 | INFO | News RSS query for TECHM: https://news.google.com/rss/search?q=%22Tech+Mahindra+Ltd.%22+NSE+when:10d&hl=en-IN&gl=IN&ceid=IN:en
2026-09-02 12:47:35,149 | INFO | News RSS status for TECHM: 200
2026-09-02 12:47:35,726 | INFO | News RSS query for TITAN: https://news.google.com/rss/search?q=%22Titan+Company+Ltd.%22+NSE+when:10d&hl=en-IN&gl=IN&ceid=IN:en
2026-09-02 12:47:35,947 | INFO | News RSS status for TITAN: 200
2026-09-02 12:47:36,016 | INFO | News RSS query for TITAN: https://news.google.com/rss/search?q=%22Titan+Company+Ltd.%22+NSE+when:10d&hl=en-IN&gl=IN&ceid=IN:en
2026-09-02 12:47:36,023 | INFO | News RSS status for TITAN: 200
2026-09-02 12:47:36,027 | WARNING | Skipping TMCV — only 202 bars available (need 220). Extend history_backfill_days in config.json to include this symbol.
2026-09-02 12:47:36,028 | WARNING | Skipping TMPV — only 219 bars available (need 220). Extend history_backfill_days in config.json to include this symbol.
2026-09-02 12:47:36,608 | INFO | News RSS query for TORNTPHARM: https://news.google.com/rss/search?q=%22Torrent+Pharmaceuticals+Ltd.%22+NSE+when:10d&hl=en-IN&gl=IN&ceid=IN:en
2026-09-02 12:47:36,917 | INFO | News RSS status for TORNTPHARM: 200
2026-09-02 12:47:36,920 | INFO | News RSS query for TORNTPHARM: https://news.google.com/rss/search?q=%22Torrent+Pharmaceuticals+Ltd.%22+stock+when:10d&hl=en-IN&gl=IN&ceid=IN:en
2026-09-02 12:47:37,141 | INFO | News RSS status for TORNTPHARM: 200
2026-09-02 12:47:38,222 | INFO | News RSS query for TVSMOTOR: https://news.google.com/rss/search?q=%22TVS+Motor+Company+Ltd.%22+NSE+when:10d&hl=en-IN&gl=IN&ceid=IN:en
2026-09-02 12:47:38,418 | INFO | News RSS status for TVSMOTOR: 200
2026-09-02 12:47:38,420 | INFO | News RSS query for TVSMOTOR: https://news.google.com/rss/search?q=%22TVS+Motor+Company+Ltd.%22+stock+when:10d&hl=en-IN&gl=IN&ceid=IN:en
2026-09-02 12:47:38,637 | INFO | News RSS status for TVSMOTOR: 200
2026-09-02 12:47:39,733 | INFO | News RSS query for UNIONBANK: https://news.google.com/rss/search?q=%22Union+Bank+of+India%22+NSE+when:10d&hl=en-IN&gl=IN&ceid=IN:en
2026-09-02 12:47:40,023 | INFO | News RSS status for UNIONBANK: 200
2026-09-02 12:47:40,236 | WARNING | Skipping VAML — only 6 bars available (need 220). Extend history_backfill_days in config.json to include this symbol.
2026-09-02 12:47:41,267 | WARNING | Skipping VEDPOWER — only 4 bars available (need 220). Extend history_backfill_days in config.json to include this symbol.
2026-09-02 12:47:41,267 | WARNING | Skipping VISL — only 4 bars available (need 220). Extend history_backfill_days in config.json to include this symbol.
2026-09-02 12:47:41,268 | WARNING | Skipping VOGL — only 7 bars available (need 220). Extend history_backfill_days in config.json to include this symbol.
2026-09-02 12:47:42,359 | INFO | News RSS query for ZYDUSLIFE: https://news.google.com/rss/search?q=%22Zydus+Lifesciences+Ltd.%22+NSE+when:10d&hl=en-IN&gl=IN&ceid=IN:en
2026-09-02 12:47:42,559 | INFO | News RSS status for ZYDUSLIFE: 200
2026-09-02 12:47:42,571 | INFO | Index membership from cache: NIFTY 50 (50 symbols)
2026-09-02 12:47:42,571 | INFO | Index membership from cache: Nifty Next 50 (50 symbols)
2026-09-02 12:47:42,571 | INFO | Index membership ready: 100 symbols mapped
2026-09-02 12:47:42,571 | INFO | Market Health: fetching index OHLCV...
2026-09-02 12:47:42,574 | INFO | Index OHLCV cache fresh for NIFTY 50 (1453 rows)
2026-09-02 12:47:42,577 | INFO | Index OHLCV cache fresh for NIFTY NEXT 50 (1451 rows)
2026-09-02 12:47:42,577 | INFO | Market Health: fetching VIX...
2026-09-02 12:47:42,578 | INFO | VIX cache fresh (151 rows)
2026-09-02 12:47:42,579 | INFO | Market Health: updating breadth EMA cache...
2026-09-02 12:47:44,499 | INFO | Breadth EMA cache: 134964 total rows (+100)
2026-09-02 12:47:44,522 | INFO | Market Health [NIFTY 50]: Score=-12.0 | Sideways &#x1F7E0;
2026-09-02 12:47:44,540 | INFO | Market Health [Nifty Next 50]: Score=-12.0 | Sideways &#x1F7E0;
2026-09-02 12:47:44,620 | INFO | Signal log: appended 6 new signals. Total rows: 740
2026-09-02 12:47:44,621 | INFO | Signal log written/updated: /home/runner/work/nifty100-reporter/nifty100-reporter/data/nifty100_signal_log.csv
2026-09-02 12:47:45,874 | INFO | Signal tracker: updated 172 Active signal rows.
2026-09-02 12:47:45,891 | INFO | HTML report written: /home/runner/work/nifty100-reporter/nifty100-reporter/reports/nifty100_daily_report_20260902.html
2026-09-02 12:47:45,899 | INFO | Market Health Excel sheet written.
2026-09-02 12:47:47,242 | INFO | Excel report written: /home/runner/work/nifty100-reporter/nifty100-reporter/reports/nifty100_daily_report_20260902.xlsx
2026-09-02 12:47:47,242 | INFO | GitHub Actions detected — skipping Gmail API send (workflow handles email).
2026-09-02 12:47:47,242 | INFO | Run completed successfully.
2026-09-02 12:47:47,242 | INFO | Artifacts: /home/runner/work/nifty100-reporter/nifty100-reporter/reports/nifty100_daily_report_20260902.html | /home/runner/work/nifty100-reporter/nifty100-reporter/reports/nifty100_daily_report_20260902.xlsx | log: /home/runner/work/nifty100-reporter/nifty100-reporter/logs/run_20260902_181555.log
