2026-06-07 12:45:47,964 | INFO | Nifty 100 Daily EMA Cross Reporter | Version 3.3.8 | Released 2026-04-17
2026-06-07 12:45:47,964 | INFO | Base directory: /home/runner/work/nifty100-reporter/nifty100-reporter
2026-06-07 12:45:47,964 | INFO | Loaded config. Email enabled: True | Recipients: 1
2026-06-07 12:45:48,119 | WARNING | NSE session bootstrap HTTP 403 (attempt 1/5) — refreshing NSE session cookie …
2026-06-07 12:45:58,631 | INFO | NSE session bootstrap status: 200
2026-06-07 12:45:58,631 | INFO | Downloading Nifty 100 universe from https://www.niftyindices.com/IndexConstituent/ind_nifty100list.csv
2026-06-07 12:45:59,023 | INFO | Universe download status: 200
2026-06-07 12:45:59,028 | INFO | Universe rows loaded: 104
2026-06-07 12:45:59,112 | INFO | Loaded history rows: 128833
2026-06-07 12:45:59,118 | INFO | yfinance history update: 104 symbols | 2026-06-04 → 2026-06-08
2026-06-07 12:45:59,118 | INFO | yfinance batch download: 104 symbols | 2026-06-04 → 2026-06-08
2026-06-07 12:45:59,120 | INFO | Failed to create TzCache, reason: Error creating TzCache folder: '/home/runner/.cache/py-yfinance' reason: [Errno 17] File exists: '/home/runner/.cache/py-yfinance'. TzCache will not be used. Tip: You can direct cache to use a different location with 'set_tz_cache_location(mylocation)'
2026-06-07 12:46:02,196 | ERROR | HTTP Error 404: {"quoteSummary":{"result":null,"error":{"code":"Not Found","description":"Quote not found for symbol: DUMMYVEDL1.NS"}}}
2026-06-07 12:46:02,321 | ERROR | $DUMMYVEDL1.NS: possibly delisted; no timezone found
2026-06-07 12:46:03,056 | ERROR | HTTP Error 404: {"quoteSummary":{"result":null,"error":{"code":"Not Found","description":"Quote not found for symbol: DUMMYVEDL4.NS"}}}
2026-06-07 12:46:03,169 | ERROR | $DUMMYVEDL4.NS: possibly delisted; no timezone found
2026-06-07 12:46:04,168 | ERROR | $DUMMYVEDL3.NS: possibly delisted; no timezone found
2026-06-07 12:46:04,535 | ERROR | $DUMMYVEDL2.NS: possibly delisted; no timezone found
2026-06-07 12:46:04,626 | ERROR | 
4 Failed downloads:
2026-06-07 12:46:04,626 | ERROR | ['DUMMYVEDL1.NS', 'DUMMYVEDL4.NS', 'DUMMYVEDL3.NS', 'DUMMYVEDL2.NS']: possibly delisted; no timezone found
2026-06-07 12:46:04,638 | INFO | yfinance raw shape: (2, 524)
2026-06-07 12:46:04,859 | INFO | yfinance parsed rows after date-filter: 200
2026-06-07 12:46:04,860 | INFO | New rows from yfinance: 200
2026-06-07 12:46:05,493 | INFO | Saved history rows: 128833 | file: /home/runner/work/nifty100-reporter/nifty100-reporter/data/nifty100_ohlcv_history.csv
2026-06-07 12:46:05,573 | INFO | Loaded history rows: 128833
2026-06-07 12:46:05,574 | INFO | Latest OHLCV data is from 2026-06-05
2026-06-07 12:46:05,593 | INFO | Latest Delivery data is from 2026-06-05
2026-06-07 12:46:05,628 | INFO | Delivery cache has 30 dates — skipping backfill.
2026-06-07 12:46:05,628 | INFO | Delivery fetch attempt [2/7] — URL: https://archives.nseindia.com/products/content/sec_bhavdata_full_05062026.csv
2026-06-07 12:46:07,038 | INFO | Delivery fetch SUCCESS — date: 2026-06-05 | size: 368981 bytes | URL: https://archives.nseindia.com/products/content/sec_bhavdata_full_05062026.csv
2026-06-07 12:46:07,277 | INFO | Delivery cache updated: 2443 symbols for 2026-06-05 (rows in cache: 73784)
2026-06-07 12:46:07,278 | INFO | Delivery data: 2443 symbols | fallback=False
2026-06-07 12:46:07,658 | INFO | Corporate actions bulk OK: 72 raw rows | 17 Nifty100 symbols with events
2026-06-07 12:46:36,445 | INFO | Corporate actions: 17/104 symbols have events (window 07-06-2026 to 07-07-2026) | Symbols: ADANIENT, ADANIPORTS, AMBUJACEM, BAJAJFINSV, BAJAJHLDNG, BAJFINANCE, CANBK, HDFCBANK, HDFCLIFE, HINDUNILVR, INFY, PNB, SHRIRAMFIN, TATASTEEL, TECHM, TMCV, TRENT
2026-06-07 12:46:36,446 | INFO | Index membership from cache: NIFTY 50 (50 symbols)
2026-06-07 12:46:36,446 | INFO | Index membership from cache: Nifty Next 50 (50 symbols)
2026-06-07 12:46:36,446 | INFO | Index membership ready: 100 symbols mapped
2026-06-07 12:46:36,794 | INFO | News RSS query for ABB: https://news.google.com/rss/search?q=%22ABB+India+Ltd.%22+NSE+when:10d&hl=en-IN&gl=IN&ceid=IN:en
2026-06-07 12:46:37,093 | INFO | News RSS status for ABB: 200
2026-06-07 12:46:37,295 | INFO | News RSS query for ADANIENSOL: https://news.google.com/rss/search?q=%22Adani+Energy+Solutions+Ltd.%22+NSE+when:10d&hl=en-IN&gl=IN&ceid=IN:en
2026-06-07 12:46:37,497 | INFO | News RSS status for ADANIENSOL: 200
2026-06-07 12:46:37,839 | INFO | News RSS query for ADANIENT: https://news.google.com/rss/search?q=%22Adani+Enterprises+Ltd.%22+NSE+when:10d&hl=en-IN&gl=IN&ceid=IN:en
2026-06-07 12:46:38,052 | INFO | News RSS status for ADANIENT: 200
2026-06-07 12:46:38,395 | INFO | News RSS query for ADANIGREEN: https://news.google.com/rss/search?q=%22Adani+Green+Energy+Ltd.%22+NSE+when:10d&hl=en-IN&gl=IN&ceid=IN:en
2026-06-07 12:46:38,627 | INFO | News RSS status for ADANIGREEN: 200
2026-06-07 12:46:38,970 | INFO | News RSS query for ADANIPORTS: https://news.google.com/rss/search?q=%22Adani+Ports+and+Special+Economic+Zone+Ltd.%22+NSE+when:10d&hl=en-IN&gl=IN&ceid=IN:en
2026-06-07 12:46:39,210 | INFO | News RSS status for ADANIPORTS: 200
2026-06-07 12:46:39,551 | INFO | News RSS query for ADANIPOWER: https://news.google.com/rss/search?q=%22Adani+Power+Ltd.%22+NSE+when:10d&hl=en-IN&gl=IN&ceid=IN:en
2026-06-07 12:46:39,967 | INFO | News RSS status for ADANIPOWER: 200
2026-06-07 12:46:40,019 | INFO | News RSS query for ADANIPOWER: https://news.google.com/rss/search?q=%22Adani+Power+Ltd.%22+NSE+when:10d&hl=en-IN&gl=IN&ceid=IN:en
2026-06-07 12:46:40,023 | INFO | News RSS status for ADANIPOWER: 200
2026-06-07 12:46:40,658 | INFO | News RSS query for APOLLOHOSP: https://news.google.com/rss/search?q=%22Apollo+Hospitals+Enterprise+Ltd.%22+NSE+when:10d&hl=en-IN&gl=IN&ceid=IN:en
2026-06-07 12:46:40,869 | INFO | News RSS status for APOLLOHOSP: 200
2026-06-07 12:46:41,208 | INFO | News RSS query for ASIANPAINT: https://news.google.com/rss/search?q=%22Asian+Paints+Ltd.%22+NSE+when:10d&hl=en-IN&gl=IN&ceid=IN:en
2026-06-07 12:46:41,410 | INFO | News RSS status for ASIANPAINT: 200
2026-06-07 12:46:42,078 | INFO | News RSS query for BAJAJ-AUTO: https://news.google.com/rss/search?q=%22Bajaj+Auto+Ltd.%22+NSE+when:10d&hl=en-IN&gl=IN&ceid=IN:en
2026-06-07 12:46:42,303 | INFO | News RSS status for BAJAJ-AUTO: 200
2026-06-07 12:46:44,398 | INFO | News RSS query for BOSCHLTD: https://news.google.com/rss/search?q=%22Bosch+Ltd.%22+NSE+when:10d&hl=en-IN&gl=IN&ceid=IN:en
2026-06-07 12:46:44,589 | INFO | News RSS status for BOSCHLTD: 200
2026-06-07 12:46:45,804 | INFO | News RSS query for CGPOWER: https://news.google.com/rss/search?q=%22CG+Power+and+Industrial+Solutions+Ltd.%22+NSE+when:10d&hl=en-IN&gl=IN&ceid=IN:en
2026-06-07 12:46:45,994 | INFO | News RSS status for CGPOWER: 200
2026-06-07 12:46:46,917 | INFO | News RSS query for COALINDIA: https://news.google.com/rss/search?q=%22Coal+India+Ltd.%22+NSE+when:10d&hl=en-IN&gl=IN&ceid=IN:en
2026-06-07 12:46:47,143 | INFO | News RSS status for COALINDIA: 200
2026-06-07 12:46:47,487 | INFO | News RSS query for CUMMINSIND: https://news.google.com/rss/search?q=%22Cummins+India+Ltd.%22+NSE+when:10d&hl=en-IN&gl=IN&ceid=IN:en
2026-06-07 12:46:47,718 | INFO | News RSS status for CUMMINSIND: 200
2026-06-07 12:46:49,274 | INFO | News RSS query for ENRIN: https://news.google.com/rss/search?q=%22Siemens+Energy+India+Ltd.%22+NSE+when:10d&hl=en-IN&gl=IN&ceid=IN:en
2026-06-07 12:46:49,483 | INFO | News RSS status for ENRIN: 200
2026-06-07 12:46:49,484 | INFO | News RSS query for ENRIN: https://news.google.com/rss/search?q=%22Siemens+Energy+India+Ltd.%22+stock+when:10d&hl=en-IN&gl=IN&ceid=IN:en
2026-06-07 12:46:49,711 | INFO | News RSS status for ENRIN: 200
2026-06-07 12:46:49,711 | INFO | News RSS query for ENRIN: https://news.google.com/rss/search?q=ENRIN+NSE+when:10d&hl=en-IN&gl=IN&ceid=IN:en
2026-06-07 12:46:49,891 | INFO | News RSS status for ENRIN: 200
2026-06-07 12:46:49,892 | INFO | News RSS query for ENRIN: https://news.google.com/rss/search?q=site%3Aeconomictimes.indiatimes.com+%22Siemens+Energy+India+Ltd.%22+when:10d&hl=en-IN&gl=IN&ceid=IN:en
2026-06-07 12:46:50,092 | INFO | News RSS status for ENRIN: 200
2026-06-07 12:46:50,096 | INFO | News RSS query for ENRIN: https://news.google.com/rss/search?q=site%3Amoneycontrol.com+%22Siemens+Energy+India+Ltd.%22+when:10d&hl=en-IN&gl=IN&ceid=IN:en
2026-06-07 12:46:50,287 | INFO | News RSS status for ENRIN: 200
2026-06-07 12:46:50,288 | INFO | News RSS query for ENRIN: https://news.google.com/rss/search?q=site%3Abusinessstandard.com+%22Siemens+Energy+India+Ltd.%22+when:10d&hl=en-IN&gl=IN&ceid=IN:en
2026-06-07 12:46:50,430 | INFO | News RSS status for ENRIN: 200
2026-06-07 12:46:51,596 | INFO | News RSS query for GRASIM: https://news.google.com/rss/search?q=%22Grasim+Industries+Ltd.%22+NSE+when:10d&hl=en-IN&gl=IN&ceid=IN:en
2026-06-07 12:46:51,819 | INFO | News RSS status for GRASIM: 200
2026-06-07 12:46:51,820 | INFO | News RSS query for GRASIM: https://news.google.com/rss/search?q=%22Grasim+Industries+Ltd.%22+stock+when:10d&hl=en-IN&gl=IN&ceid=IN:en
2026-06-07 12:46:52,033 | INFO | News RSS status for GRASIM: 200
2026-06-07 12:46:53,832 | INFO | News RSS query for HINDALCO: https://news.google.com/rss/search?q=%22Hindalco+Industries+Ltd.%22+NSE+when:10d&hl=en-IN&gl=IN&ceid=IN:en
2026-06-07 12:46:54,044 | INFO | News RSS status for HINDALCO: 200
2026-06-07 12:46:57,516 | INFO | News RSS query for JSWSTEEL: https://news.google.com/rss/search?q=%22JSW+Steel+Ltd.%22+NSE+when:10d&hl=en-IN&gl=IN&ceid=IN:en
2026-06-07 12:46:57,736 | INFO | News RSS status for JSWSTEEL: 200
2026-06-07 12:46:57,738 | INFO | News RSS query for JSWSTEEL: https://news.google.com/rss/search?q=%22JSW+Steel+Ltd.%22+stock+when:10d&hl=en-IN&gl=IN&ceid=IN:en
2026-06-07 12:46:57,945 | INFO | News RSS status for JSWSTEEL: 200
2026-06-07 12:46:57,996 | INFO | News RSS query for JSWSTEEL: https://news.google.com/rss/search?q=%22JSW+Steel+Ltd.%22+NSE+when:10d&hl=en-IN&gl=IN&ceid=IN:en
2026-06-07 12:46:58,000 | INFO | News RSS status for JSWSTEEL: 200
2026-06-07 12:46:58,002 | INFO | News RSS query for JSWSTEEL: https://news.google.com/rss/search?q=%22JSW+Steel+Ltd.%22+stock+when:10d&hl=en-IN&gl=IN&ceid=IN:en
2026-06-07 12:46:58,006 | INFO | News RSS status for JSWSTEEL: 200
2026-06-07 12:46:58,896 | INFO | News RSS query for LT: https://news.google.com/rss/search?q=%22Larsen+%26+Toubro+Ltd.%22+NSE+when:10d&hl=en-IN&gl=IN&ceid=IN:en
2026-06-07 12:46:59,093 | INFO | News RSS status for LT: 200
2026-06-07 12:46:59,097 | WARNING | Skipping LTM — only 72 bars available (need 220). Extend history_backfill_days in config.json to include this symbol.
2026-06-07 12:47:00,587 | INFO | News RSS query for MOTHERSON: https://news.google.com/rss/search?q=%22Samvardhana+Motherson+International+Ltd.%22+NSE+when:10d&hl=en-IN&gl=IN&ceid=IN:en
2026-06-07 12:47:00,790 | INFO | News RSS status for MOTHERSON: 200
2026-06-07 12:47:00,791 | INFO | News RSS query for MOTHERSON: https://news.google.com/rss/search?q=%22Samvardhana+Motherson+International+Ltd.%22+stock+when:10d&hl=en-IN&gl=IN&ceid=IN:en
2026-06-07 12:47:01,013 | INFO | News RSS status for MOTHERSON: 200
2026-06-07 12:47:02,512 | INFO | News RSS query for PFC: https://news.google.com/rss/search?q=%22Power+Finance+Corporation+Ltd.%22+NSE+when:10d&hl=en-IN&gl=IN&ceid=IN:en
2026-06-07 12:47:02,712 | INFO | News RSS status for PFC: 200
2026-06-07 12:47:05,646 | INFO | News RSS query for SIEMENS: https://news.google.com/rss/search?q=%22Siemens+Ltd.%22+NSE+when:10d&hl=en-IN&gl=IN&ceid=IN:en
2026-06-07 12:47:05,844 | INFO | News RSS status for SIEMENS: 200
2026-06-07 12:47:05,846 | INFO | News RSS query for SIEMENS: https://news.google.com/rss/search?q=%22Siemens+Ltd.%22+stock+when:10d&hl=en-IN&gl=IN&ceid=IN:en
2026-06-07 12:47:06,037 | INFO | News RSS status for SIEMENS: 200
2026-06-07 12:47:06,376 | INFO | News RSS query for SOLARINDS: https://news.google.com/rss/search?q=%22Solar+Industries+India+Ltd.%22+NSE+when:10d&hl=en-IN&gl=IN&ceid=IN:en
2026-06-07 12:47:06,592 | INFO | News RSS status for SOLARINDS: 200
2026-06-07 12:47:06,640 | INFO | News RSS query for SOLARINDS: https://news.google.com/rss/search?q=%22Solar+Industries+India+Ltd.%22+NSE+when:10d&hl=en-IN&gl=IN&ceid=IN:en
2026-06-07 12:47:06,644 | INFO | News RSS status for SOLARINDS: 200
2026-06-07 12:47:06,936 | WARNING | Skipping TATACAP — only 160 bars available (need 220). Extend history_backfill_days in config.json to include this symbol.
2026-06-07 12:47:08,675 | WARNING | Skipping TMCV — only 140 bars available (need 220). Extend history_backfill_days in config.json to include this symbol.
2026-06-07 12:47:08,676 | WARNING | Skipping TMPV — only 157 bars available (need 220). Extend history_backfill_days in config.json to include this symbol.
2026-06-07 12:47:09,014 | INFO | News RSS query for TORNTPHARM: https://news.google.com/rss/search?q=%22Torrent+Pharmaceuticals+Ltd.%22+NSE+when:10d&hl=en-IN&gl=IN&ceid=IN:en
2026-06-07 12:47:09,217 | INFO | News RSS status for TORNTPHARM: 200
2026-06-07 12:47:09,218 | INFO | News RSS query for TORNTPHARM: https://news.google.com/rss/search?q=%22Torrent+Pharmaceuticals+Ltd.%22+stock+when:10d&hl=en-IN&gl=IN&ceid=IN:en
2026-06-07 12:47:09,405 | INFO | News RSS status for TORNTPHARM: 200
2026-06-07 12:47:11,001 | INFO | News RSS query for VBL: https://news.google.com/rss/search?q=%22Varun+Beverages+Ltd.%22+NSE+when:10d&hl=en-IN&gl=IN&ceid=IN:en
2026-06-07 12:47:11,225 | INFO | News RSS status for VBL: 200
2026-06-07 12:47:11,227 | INFO | News RSS query for VBL: https://news.google.com/rss/search?q=%22Varun+Beverages+Ltd.%22+stock+when:10d&hl=en-IN&gl=IN&ceid=IN:en
2026-06-07 12:47:11,402 | INFO | News RSS status for VBL: 200
2026-06-07 12:47:12,315 | INFO | News RSS query for ZYDUSLIFE: https://news.google.com/rss/search?q=%22Zydus+Lifesciences+Ltd.%22+NSE+when:10d&hl=en-IN&gl=IN&ceid=IN:en
2026-06-07 12:47:12,543 | INFO | News RSS status for ZYDUSLIFE: 200
2026-06-07 12:47:12,551 | INFO | Index membership from cache: NIFTY 50 (50 symbols)
2026-06-07 12:47:12,551 | INFO | Index membership from cache: Nifty Next 50 (50 symbols)
2026-06-07 12:47:12,551 | INFO | Index membership ready: 100 symbols mapped
2026-06-07 12:47:12,551 | INFO | Market Health: fetching index OHLCV...
2026-06-07 12:47:12,554 | INFO | Index OHLCV cache fresh for NIFTY 50 (1395 rows)
2026-06-07 12:47:12,556 | INFO | Index OHLCV cache fresh for NIFTY NEXT 50 (1395 rows)
2026-06-07 12:47:12,556 | INFO | Market Health: fetching VIX...
2026-06-07 12:47:12,557 | INFO | VIX cache fresh (93 rows)
2026-06-07 12:47:12,557 | INFO | Market Health: updating breadth EMA cache...
2026-06-07 12:47:13,517 | INFO | Market Health [NIFTY 50]: Score=-28.0 | Weak Bear &#x1F534;
2026-06-07 12:47:13,529 | INFO | Market Health [Nifty Next 50]: Score=7.0 | Sideways &#x1F7E0;
2026-06-07 12:47:13,551 | INFO | Signal log: skipping new signal insertion — 2026-06-07 is a weekend.
2026-06-07 12:47:13,834 | INFO | Signal tracker: updated 51 Active signal rows.
2026-06-07 12:47:13,843 | INFO | HTML report written: /home/runner/work/nifty100-reporter/nifty100-reporter/reports/nifty100_daily_report_20260607.html
2026-06-07 12:47:13,850 | INFO | Market Health Excel sheet written.
2026-06-07 12:47:14,155 | INFO | Excel report written: /home/runner/work/nifty100-reporter/nifty100-reporter/reports/nifty100_daily_report_20260607.xlsx
2026-06-07 12:47:14,155 | INFO | GitHub Actions detected — skipping Gmail API send (workflow handles email).
2026-06-07 12:47:14,155 | INFO | Run completed successfully.
2026-06-07 12:47:14,155 | INFO | Artifacts: /home/runner/work/nifty100-reporter/nifty100-reporter/reports/nifty100_daily_report_20260607.html | /home/runner/work/nifty100-reporter/nifty100-reporter/reports/nifty100_daily_report_20260607.xlsx | log: /home/runner/work/nifty100-reporter/nifty100-reporter/logs/run_20260607_181547.log
