2026-05-23 12:45:43,942 | INFO | Nifty 100 Daily EMA Cross Reporter | Version 3.3.8 | Released 2026-04-17
2026-05-23 12:45:43,942 | INFO | Base directory: /home/runner/work/nifty100-reporter/nifty100-reporter
2026-05-23 12:45:43,942 | INFO | Loaded config. Email enabled: True | Recipients: 1
2026-05-23 12:45:44,009 | WARNING | NSE session bootstrap HTTP 403 (attempt 1/5) — refreshing NSE session cookie …
2026-05-23 12:45:54,175 | WARNING | NSE session bootstrap HTTP 403 (attempt 2/5) — refreshing NSE session cookie …
2026-05-23 12:46:04,341 | WARNING | NSE session bootstrap HTTP 403 (attempt 3/5) — refreshing NSE session cookie …
2026-05-23 12:46:14,458 | WARNING | NSE session bootstrap HTTP 403 (attempt 4/5) — refreshing NSE session cookie …
2026-05-23 12:46:24,613 | INFO | NSE session bootstrap status: 403
2026-05-23 12:46:24,613 | INFO | Downloading Nifty 100 universe from https://www.niftyindices.com/IndexConstituent/ind_nifty100list.csv
2026-05-23 12:46:25,014 | INFO | Universe download status: 200
2026-05-23 12:46:25,020 | INFO | Universe rows loaded: 104
2026-05-23 12:46:25,125 | INFO | Loaded history rows: 127864
2026-05-23 12:46:25,132 | INFO | yfinance history update: 104 symbols | 2026-05-21 → 2026-05-24
2026-05-23 12:46:25,133 | INFO | yfinance batch download: 104 symbols | 2026-05-21 → 2026-05-24
2026-05-23 12:46:25,134 | INFO | Failed to create TzCache, reason: Error creating TzCache folder: '/home/runner/.cache/py-yfinance' reason: [Errno 17] File exists: '/home/runner/.cache/py-yfinance'. TzCache will not be used. Tip: You can direct cache to use a different location with 'set_tz_cache_location(mylocation)'
2026-05-23 12:46:25,883 | ERROR | HTTP Error 404: {"quoteSummary":{"result":null,"error":{"code":"Not Found","description":"Quote not found for symbol: DUMMYVEDL1.NS"}}}
2026-05-23 12:46:25,959 | ERROR | $DUMMYVEDL1.NS: possibly delisted; no timezone found
2026-05-23 12:46:27,019 | ERROR | HTTP Error 404: {"quoteSummary":{"result":null,"error":{"code":"Not Found","description":"Quote not found for symbol: DUMMYVEDL2.NS"}}}
2026-05-23 12:46:27,021 | ERROR | $DUMMYVEDL4.NS: possibly delisted; no timezone found
2026-05-23 12:46:27,092 | ERROR | $DUMMYVEDL2.NS: possibly delisted; no timezone found
2026-05-23 12:46:28,546 | ERROR | $DUMMYVEDL3.NS: possibly delisted; no timezone found
2026-05-23 12:46:29,805 | ERROR | 
4 Failed downloads:
2026-05-23 12:46:29,805 | ERROR | ['DUMMYVEDL1.NS', 'DUMMYVEDL4.NS', 'DUMMYVEDL2.NS', 'DUMMYVEDL3.NS']: possibly delisted; no timezone found
2026-05-23 12:46:29,822 | INFO | yfinance raw shape: (2, 524)
2026-05-23 12:46:30,168 | INFO | yfinance parsed rows after date-filter: 200
2026-05-23 12:46:30,169 | INFO | New rows from yfinance: 200
2026-05-23 12:46:30,958 | INFO | Saved history rows: 127864 | file: /home/runner/work/nifty100-reporter/nifty100-reporter/data/nifty100_ohlcv_history.csv
2026-05-23 12:46:31,067 | INFO | Loaded history rows: 127864
2026-05-23 12:46:31,068 | INFO | Latest OHLCV data is from 2026-05-22
2026-05-23 12:46:31,096 | INFO | Latest Delivery data is from 2026-05-22
2026-05-23 12:46:31,143 | INFO | Delivery cache has 34 dates — skipping backfill.
2026-05-23 12:46:31,143 | INFO | Delivery fetch attempt [1/7] — URL: https://archives.nseindia.com/products/content/sec_bhavdata_full_22052026.csv
2026-05-23 12:46:31,804 | INFO | Delivery fetch SUCCESS — date: 2026-05-22 | size: 366835 bytes | URL: https://archives.nseindia.com/products/content/sec_bhavdata_full_22052026.csv
2026-05-23 12:46:32,173 | INFO | Delivery cache updated: 2462 symbols for 2026-05-22 (rows in cache: 83591)
2026-05-23 12:46:32,173 | INFO | Delivery data: 2462 symbols | fallback=False
2026-05-23 12:46:52,222 | WARNING | NSE corp-actions bulk fetch failed (attempt 1/5): HTTPSConnectionPool(host='www.nseindia.com', port=443): Read timed out. (read timeout=20) — retrying in 5s …
2026-05-23 12:47:17,309 | WARNING | NSE corp-actions bulk fetch failed (attempt 2/5): HTTPSConnectionPool(host='www.nseindia.com', port=443): Read timed out. (read timeout=20) — retrying in 5s …
2026-05-23 12:47:42,360 | WARNING | NSE corp-actions bulk fetch failed (attempt 3/5): HTTPSConnectionPool(host='www.nseindia.com', port=443): Read timed out. (read timeout=20) — retrying in 5s …
2026-05-23 12:48:07,469 | WARNING | NSE corp-actions bulk fetch failed (attempt 4/5): HTTPSConnectionPool(host='www.nseindia.com', port=443): Read timed out. (read timeout=20) — retrying in 5s …
2026-05-23 12:48:32,537 | ERROR | NSE corp-actions bulk fetch failed after 5 attempts: HTTPSConnectionPool(host='www.nseindia.com', port=443): Read timed out. (read timeout=20)
2026-05-23 12:48:32,537 | WARNING | Corporate actions bulk fetch failed: HTTPSConnectionPool(host='www.nseindia.com', port=443): Read timed out. (read timeout=20)
2026-05-23 12:48:47,658 | WARNING | NSE corp-actions ABB fetch failed (attempt 1/3): HTTPSConnectionPool(host='www.nseindia.com', port=443): Read timed out. (read timeout=15) — retrying in 5s …
2026-05-23 12:49:07,970 | WARNING | NSE corp-actions ADANIENSOL fetch failed (attempt 1/3): HTTPSConnectionPool(host='www.nseindia.com', port=443): Read timed out. (read timeout=15) — retrying in 5s …
2026-05-23 12:49:28,337 | WARNING | NSE corp-actions ADANIENT fetch failed (attempt 1/3): HTTPSConnectionPool(host='www.nseindia.com', port=443): Read timed out. (read timeout=15) — retrying in 5s …
2026-05-23 12:49:48,626 | WARNING | NSE corp-actions ADANIGREEN fetch failed (attempt 1/3): HTTPSConnectionPool(host='www.nseindia.com', port=443): Read timed out. (read timeout=15) — retrying in 5s …
2026-05-23 12:50:08,893 | WARNING | NSE corp-actions ADANIPORTS fetch failed (attempt 1/3): HTTPSConnectionPool(host='www.nseindia.com', port=443): Read timed out. (read timeout=15) — retrying in 5s …
2026-05-23 12:50:29,026 | WARNING | NSE corp-actions ADANIPOWER fetch failed (attempt 1/3): HTTPSConnectionPool(host='www.nseindia.com', port=443): Read timed out. (read timeout=15) — retrying in 5s …
2026-05-23 12:50:49,085 | WARNING | NSE corp-actions ADANIPOWER fetch failed (attempt 2/3): HTTPSConnectionPool(host='www.nseindia.com', port=443): Read timed out. (read timeout=15) — retrying in 5s …
2026-05-23 12:51:09,333 | WARNING | NSE corp-actions AMBUJACEM fetch failed (attempt 1/3): HTTPSConnectionPool(host='www.nseindia.com', port=443): Read timed out. (read timeout=15) — retrying in 5s …
2026-05-23 12:51:29,617 | WARNING | NSE corp-actions APOLLOHOSP fetch failed (attempt 1/3): HTTPSConnectionPool(host='www.nseindia.com', port=443): Read timed out. (read timeout=15) — retrying in 5s …
2026-05-23 12:51:49,872 | WARNING | NSE corp-actions ASIANPAINT fetch failed (attempt 1/3): HTTPSConnectionPool(host='www.nseindia.com', port=443): Read timed out. (read timeout=15) — retrying in 5s …
2026-05-23 12:52:10,117 | WARNING | NSE corp-actions AXISBANK fetch failed (attempt 1/3): HTTPSConnectionPool(host='www.nseindia.com', port=443): Read timed out. (read timeout=15) — retrying in 5s …
2026-05-23 12:52:30,188 | WARNING | NSE corp-actions AXISBANK fetch failed (attempt 2/3): HTTPSConnectionPool(host='www.nseindia.com', port=443): Read timed out. (read timeout=15) — retrying in 5s …
2026-05-23 12:52:50,457 | WARNING | NSE corp-actions BAJAJ-AUTO fetch failed (attempt 1/3): HTTPSConnectionPool(host='www.nseindia.com', port=443): Read timed out. (read timeout=15) — retrying in 5s …
2026-05-23 12:53:10,545 | WARNING | NSE corp-actions BAJAJ-AUTO fetch failed (attempt 2/3): HTTPSConnectionPool(host='www.nseindia.com', port=443): Read timed out. (read timeout=15) — retrying in 5s …
2026-05-23 12:53:30,633 | ERROR | NSE corp-actions BAJAJ-AUTO fetch failed after 3 attempts: HTTPSConnectionPool(host='www.nseindia.com', port=443): Read timed out. (read timeout=15)
2026-05-23 12:53:45,699 | WARNING | NSE corp-actions BAJAJFINSV fetch failed (attempt 1/3): HTTPSConnectionPool(host='www.nseindia.com', port=443): Read timed out. (read timeout=15) — retrying in 5s …
2026-05-23 12:54:06,011 | WARNING | NSE corp-actions BAJAJHLDNG fetch failed (attempt 1/3): HTTPSConnectionPool(host='www.nseindia.com', port=443): Read timed out. (read timeout=15) — retrying in 5s …
2026-05-23 12:54:26,277 | WARNING | NSE corp-actions BAJFINANCE fetch failed (attempt 1/3): HTTPSConnectionPool(host='www.nseindia.com', port=443): Read timed out. (read timeout=15) — retrying in 5s …
2026-05-23 12:54:46,675 | WARNING | NSE corp-actions BANKBARODA fetch failed (attempt 1/3): HTTPSConnectionPool(host='www.nseindia.com', port=443): Read timed out. (read timeout=15) — retrying in 5s …
2026-05-23 12:55:06,720 | WARNING | NSE corp-actions BANKBARODA fetch failed (attempt 2/3): HTTPSConnectionPool(host='www.nseindia.com', port=443): Read timed out. (read timeout=15) — retrying in 5s …
2026-05-23 12:55:26,766 | ERROR | NSE corp-actions BANKBARODA fetch failed after 3 attempts: HTTPSConnectionPool(host='www.nseindia.com', port=443): Read timed out. (read timeout=15)
2026-05-23 12:55:41,810 | WARNING | NSE corp-actions BEL fetch failed (attempt 1/3): HTTPSConnectionPool(host='www.nseindia.com', port=443): Read timed out. (read timeout=15) — retrying in 5s …
2026-05-23 12:56:02,127 | WARNING | NSE corp-actions BHARTIARTL fetch failed (attempt 1/3): HTTPSConnectionPool(host='www.nseindia.com', port=443): Read timed out. (read timeout=15) — retrying in 5s …
2026-05-23 12:56:22,454 | WARNING | NSE corp-actions BOSCHLTD fetch failed (attempt 1/3): HTTPSConnectionPool(host='www.nseindia.com', port=443): Read timed out. (read timeout=15) — retrying in 5s …
2026-05-23 12:56:42,759 | WARNING | NSE corp-actions BPCL fetch failed (attempt 1/3): HTTPSConnectionPool(host='www.nseindia.com', port=443): Read timed out. (read timeout=15) — retrying in 5s …
2026-05-23 12:57:02,826 | WARNING | NSE corp-actions BPCL fetch failed (attempt 2/3): HTTPSConnectionPool(host='www.nseindia.com', port=443): Read timed out. (read timeout=15) — retrying in 5s …
2026-05-23 12:57:22,921 | WARNING | NSE corp-actions BRITANNIA fetch failed (attempt 1/3): HTTPSConnectionPool(host='www.nseindia.com', port=443): Read timed out. (read timeout=15) — retrying in 5s …
2026-05-23 12:57:43,019 | WARNING | NSE corp-actions BRITANNIA fetch failed (attempt 2/3): HTTPSConnectionPool(host='www.nseindia.com', port=443): Read timed out. (read timeout=15) — retrying in 5s …
2026-05-23 12:58:03,329 | WARNING | NSE corp-actions CANBK fetch failed (attempt 1/3): HTTPSConnectionPool(host='www.nseindia.com', port=443): Read timed out. (read timeout=15) — retrying in 5s …
2026-05-23 12:58:23,597 | WARNING | NSE corp-actions CGPOWER fetch failed (attempt 1/3): HTTPSConnectionPool(host='www.nseindia.com', port=443): Read timed out. (read timeout=15) — retrying in 5s …
2026-05-23 12:58:43,648 | WARNING | NSE corp-actions CGPOWER fetch failed (attempt 2/3): HTTPSConnectionPool(host='www.nseindia.com', port=443): Read timed out. (read timeout=15) — retrying in 5s …
2026-05-23 12:59:03,958 | WARNING | NSE corp-actions CHOLAFIN fetch failed (attempt 1/3): HTTPSConnectionPool(host='www.nseindia.com', port=443): Read timed out. (read timeout=15) — retrying in 5s …
2026-05-23 12:59:24,228 | WARNING | NSE corp-actions CIPLA fetch failed (attempt 1/3): HTTPSConnectionPool(host='www.nseindia.com', port=443): Read timed out. (read timeout=15) — retrying in 5s …
2026-05-23 12:59:44,517 | WARNING | NSE corp-actions COALINDIA fetch failed (attempt 1/3): HTTPSConnectionPool(host='www.nseindia.com', port=443): Read timed out. (read timeout=15) — retrying in 5s …
2026-05-23 13:00:04,839 | WARNING | NSE corp-actions CUMMINSIND fetch failed (attempt 1/3): HTTPSConnectionPool(host='www.nseindia.com', port=443): Read timed out. (read timeout=15) — retrying in 5s …
2026-05-23 13:00:25,123 | WARNING | NSE corp-actions DIVISLAB fetch failed (attempt 1/3): HTTPSConnectionPool(host='www.nseindia.com', port=443): Read timed out. (read timeout=15) — retrying in 5s …
2026-05-23 13:00:45,417 | WARNING | NSE corp-actions DLF fetch failed (attempt 1/3): HTTPSConnectionPool(host='www.nseindia.com', port=443): Read timed out. (read timeout=15) — retrying in 5s …
2026-05-23 13:01:06,025 | WARNING | NSE corp-actions DMART fetch failed (attempt 1/3): HTTPSConnectionPool(host='www.nseindia.com', port=443): Read timed out. (read timeout=15) — retrying in 5s …
2026-05-23 13:01:26,111 | WARNING | NSE corp-actions DMART fetch failed (attempt 2/3): HTTPSConnectionPool(host='www.nseindia.com', port=443): Read timed out. (read timeout=15) — retrying in 5s …
2026-05-23 13:01:46,419 | WARNING | NSE corp-actions DRREDDY fetch failed (attempt 1/3): HTTPSConnectionPool(host='www.nseindia.com', port=443): Read timed out. (read timeout=15) — retrying in 5s …
2026-05-23 13:02:06,681 | WARNING | NSE corp-actions DUMMYVEDL1 fetch failed (attempt 1/3): HTTPSConnectionPool(host='www.nseindia.com', port=443): Read timed out. (read timeout=15) — retrying in 5s …
2026-05-23 13:02:26,976 | WARNING | NSE corp-actions DUMMYVEDL2 fetch failed (attempt 1/3): HTTPSConnectionPool(host='www.nseindia.com', port=443): Read timed out. (read timeout=15) — retrying in 5s …
2026-05-23 13:02:47,215 | WARNING | NSE corp-actions DUMMYVEDL3 fetch failed (attempt 1/3): HTTPSConnectionPool(host='www.nseindia.com', port=443): Read timed out. (read timeout=15) — retrying in 5s …
2026-05-23 13:03:07,497 | WARNING | NSE corp-actions DUMMYVEDL4 fetch failed (attempt 1/3): HTTPSConnectionPool(host='www.nseindia.com', port=443): Read timed out. (read timeout=15) — retrying in 5s …
2026-05-23 13:03:27,817 | WARNING | NSE corp-actions EICHERMOT fetch failed (attempt 1/3): HTTPSConnectionPool(host='www.nseindia.com', port=443): Read timed out. (read timeout=15) — retrying in 5s …
2026-05-23 13:03:48,137 | WARNING | NSE corp-actions ENRIN fetch failed (attempt 1/3): HTTPSConnectionPool(host='www.nseindia.com', port=443): Read timed out. (read timeout=15) — retrying in 5s …
2026-05-23 13:04:08,445 | WARNING | NSE corp-actions ETERNAL fetch failed (attempt 1/3): HTTPSConnectionPool(host='www.nseindia.com', port=443): Read timed out. (read timeout=15) — retrying in 5s …
2026-05-23 13:04:28,766 | WARNING | NSE corp-actions GAIL fetch failed (attempt 1/3): HTTPSConnectionPool(host='www.nseindia.com', port=443): Read timed out. (read timeout=15) — retrying in 5s …
2026-05-23 13:04:49,178 | WARNING | NSE corp-actions GODREJCP fetch failed (attempt 1/3): HTTPSConnectionPool(host='www.nseindia.com', port=443): Read timed out. (read timeout=15) — retrying in 5s …
2026-05-23 13:05:09,577 | WARNING | NSE corp-actions GRASIM fetch failed (attempt 1/3): HTTPSConnectionPool(host='www.nseindia.com', port=443): Read timed out. (read timeout=15) — retrying in 5s …
2026-05-23 13:05:29,887 | WARNING | NSE corp-actions HAL fetch failed (attempt 1/3): HTTPSConnectionPool(host='www.nseindia.com', port=443): Read timed out. (read timeout=15) — retrying in 5s …
2026-05-23 13:05:50,169 | WARNING | NSE corp-actions HCLTECH fetch failed (attempt 1/3): HTTPSConnectionPool(host='www.nseindia.com', port=443): Read timed out. (read timeout=15) — retrying in 5s …
2026-05-23 13:06:10,217 | WARNING | NSE corp-actions HCLTECH fetch failed (attempt 2/3): HTTPSConnectionPool(host='www.nseindia.com', port=443): Read timed out. (read timeout=15) — retrying in 5s …
2026-05-23 13:06:30,554 | WARNING | NSE corp-actions HDFCAMC fetch failed (attempt 1/3): HTTPSConnectionPool(host='www.nseindia.com', port=443): Read timed out. (read timeout=15) — retrying in 5s …
2026-05-23 13:06:50,869 | WARNING | NSE corp-actions HDFCBANK fetch failed (attempt 1/3): HTTPSConnectionPool(host='www.nseindia.com', port=443): Read timed out. (read timeout=15) — retrying in 5s …
2026-05-23 13:07:11,188 | WARNING | NSE corp-actions HDFCLIFE fetch failed (attempt 1/3): HTTPSConnectionPool(host='www.nseindia.com', port=443): Read timed out. (read timeout=15) — retrying in 5s …
2026-05-23 13:07:31,516 | WARNING | NSE corp-actions HINDALCO fetch failed (attempt 1/3): HTTPSConnectionPool(host='www.nseindia.com', port=443): Read timed out. (read timeout=15) — retrying in 5s …
2026-05-23 13:07:51,801 | WARNING | NSE corp-actions HINDUNILVR fetch failed (attempt 1/3): HTTPSConnectionPool(host='www.nseindia.com', port=443): Read timed out. (read timeout=15) — retrying in 5s …
2026-05-23 13:08:12,102 | WARNING | NSE corp-actions HINDZINC fetch failed (attempt 1/3): HTTPSConnectionPool(host='www.nseindia.com', port=443): Read timed out. (read timeout=15) — retrying in 5s …
2026-05-23 13:08:32,217 | WARNING | NSE corp-actions HINDZINC fetch failed (attempt 2/3): HTTPSConnectionPool(host='www.nseindia.com', port=443): Read timed out. (read timeout=15) — retrying in 5s …
2026-05-23 13:08:52,530 | WARNING | NSE corp-actions HYUNDAI fetch failed (attempt 1/3): HTTPSConnectionPool(host='www.nseindia.com', port=443): Read timed out. (read timeout=15) — retrying in 5s …
2026-05-23 13:09:12,830 | WARNING | NSE corp-actions ICICIBANK fetch failed (attempt 1/3): HTTPSConnectionPool(host='www.nseindia.com', port=443): Read timed out. (read timeout=15) — retrying in 5s …
2026-05-23 13:09:33,119 | WARNING | NSE corp-actions INDHOTEL fetch failed (attempt 1/3): HTTPSConnectionPool(host='www.nseindia.com', port=443): Read timed out. (read timeout=15) — retrying in 5s …
2026-05-23 13:09:53,401 | WARNING | NSE corp-actions INDIGO fetch failed (attempt 1/3): HTTPSConnectionPool(host='www.nseindia.com', port=443): Read timed out. (read timeout=15) — retrying in 5s …
2026-05-23 13:10:13,718 | WARNING | NSE corp-actions INFY fetch failed (attempt 1/3): HTTPSConnectionPool(host='www.nseindia.com', port=443): Read timed out. (read timeout=15) — retrying in 5s …
2026-05-23 13:10:33,803 | WARNING | NSE corp-actions INFY fetch failed (attempt 2/3): HTTPSConnectionPool(host='www.nseindia.com', port=443): Read timed out. (read timeout=15) — retrying in 5s …
2026-05-23 13:10:53,850 | ERROR | NSE corp-actions INFY fetch failed after 3 attempts: HTTPSConnectionPool(host='www.nseindia.com', port=443): Read timed out. (read timeout=15)
2026-05-23 13:11:08,935 | WARNING | NSE corp-actions IOC fetch failed (attempt 1/3): HTTPSConnectionPool(host='www.nseindia.com', port=443): Read timed out. (read timeout=15) — retrying in 5s …
2026-05-23 13:11:29,260 | WARNING | NSE corp-actions IRFC fetch failed (attempt 1/3): HTTPSConnectionPool(host='www.nseindia.com', port=443): Read timed out. (read timeout=15) — retrying in 5s …
2026-05-23 13:11:49,623 | WARNING | NSE corp-actions ITC fetch failed (attempt 1/3): HTTPSConnectionPool(host='www.nseindia.com', port=443): Read timed out. (read timeout=15) — retrying in 5s …
2026-05-23 13:12:09,745 | WARNING | NSE corp-actions ITC fetch failed (attempt 2/3): HTTPSConnectionPool(host='www.nseindia.com', port=443): Read timed out. (read timeout=15) — retrying in 5s …
2026-05-23 13:12:29,801 | WARNING | NSE corp-actions JINDALSTEL fetch failed (attempt 1/3): HTTPSConnectionPool(host='www.nseindia.com', port=443): Read timed out. (read timeout=15) — retrying in 5s …
2026-05-23 13:12:50,073 | WARNING | NSE corp-actions JIOFIN fetch failed (attempt 1/3): HTTPSConnectionPool(host='www.nseindia.com', port=443): Read timed out. (read timeout=15) — retrying in 5s …
2026-05-23 13:13:10,329 | WARNING | NSE corp-actions JSWSTEEL fetch failed (attempt 1/3): HTTPSConnectionPool(host='www.nseindia.com', port=443): Read timed out. (read timeout=15) — retrying in 5s …
2026-05-23 13:13:30,673 | WARNING | NSE corp-actions KOTAKBANK fetch failed (attempt 1/3): HTTPSConnectionPool(host='www.nseindia.com', port=443): Read timed out. (read timeout=15) — retrying in 5s …
2026-05-23 13:13:50,977 | WARNING | NSE corp-actions LODHA fetch failed (attempt 1/3): HTTPSConnectionPool(host='www.nseindia.com', port=443): Read timed out. (read timeout=15) — retrying in 5s …
2026-05-23 13:14:11,307 | WARNING | NSE corp-actions LT fetch failed (attempt 1/3): HTTPSConnectionPool(host='www.nseindia.com', port=443): Read timed out. (read timeout=15) — retrying in 5s …
2026-05-23 13:14:31,356 | WARNING | NSE corp-actions LT fetch failed (attempt 2/3): HTTPSConnectionPool(host='www.nseindia.com', port=443): Read timed out. (read timeout=15) — retrying in 5s …
2026-05-23 13:14:51,421 | ERROR | NSE corp-actions LT fetch failed after 3 attempts: HTTPSConnectionPool(host='www.nseindia.com', port=443): Read timed out. (read timeout=15)
2026-05-23 13:15:06,469 | WARNING | NSE corp-actions LTM fetch failed (attempt 1/3): HTTPSConnectionPool(host='www.nseindia.com', port=443): Read timed out. (read timeout=15) — retrying in 5s …
2026-05-23 13:15:26,514 | WARNING | NSE corp-actions LTM fetch failed (attempt 2/3): HTTPSConnectionPool(host='www.nseindia.com', port=443): Read timed out. (read timeout=15) — retrying in 5s …
2026-05-23 13:15:46,614 | ERROR | NSE corp-actions LTM fetch failed after 3 attempts: HTTPSConnectionPool(host='www.nseindia.com', port=443): Read timed out. (read timeout=15)
2026-05-23 13:16:01,658 | WARNING | NSE corp-actions M&M fetch failed (attempt 1/3): HTTPSConnectionPool(host='www.nseindia.com', port=443): Read timed out. (read timeout=15) — retrying in 5s …
2026-05-23 13:16:21,705 | WARNING | NSE corp-actions M&M fetch failed (attempt 2/3): HTTPSConnectionPool(host='www.nseindia.com', port=443): Read timed out. (read timeout=15) — retrying in 5s …
2026-05-23 13:16:42,012 | WARNING | NSE corp-actions MARUTI fetch failed (attempt 1/3): HTTPSConnectionPool(host='www.nseindia.com', port=443): Read timed out. (read timeout=15) — retrying in 5s …
2026-05-23 13:17:02,446 | WARNING | NSE corp-actions MAXHEALTH fetch failed (attempt 1/3): HTTPSConnectionPool(host='www.nseindia.com', port=443): Read timed out. (read timeout=15) — retrying in 5s …
2026-05-23 13:17:22,744 | WARNING | NSE corp-actions MAZDOCK fetch failed (attempt 1/3): HTTPSConnectionPool(host='www.nseindia.com', port=443): Read timed out. (read timeout=15) — retrying in 5s …
2026-05-23 13:17:43,090 | WARNING | NSE corp-actions MOTHERSON fetch failed (attempt 1/3): HTTPSConnectionPool(host='www.nseindia.com', port=443): Read timed out. (read timeout=15) — retrying in 5s …
2026-05-23 13:18:03,394 | WARNING | NSE corp-actions MUTHOOTFIN fetch failed (attempt 1/3): HTTPSConnectionPool(host='www.nseindia.com', port=443): Read timed out. (read timeout=15) — retrying in 5s …
2026-05-23 13:18:23,714 | WARNING | NSE corp-actions NESTLEIND fetch failed (attempt 1/3): HTTPSConnectionPool(host='www.nseindia.com', port=443): Read timed out. (read timeout=15) — retrying in 5s …
2026-05-23 13:18:43,958 | WARNING | NSE corp-actions NTPC fetch failed (attempt 1/3): HTTPSConnectionPool(host='www.nseindia.com', port=443): Read timed out. (read timeout=15) — retrying in 5s …
2026-05-23 13:19:04,271 | WARNING | NSE corp-actions ONGC fetch failed (attempt 1/3): HTTPSConnectionPool(host='www.nseindia.com', port=443): Read timed out. (read timeout=15) — retrying in 5s …
2026-05-23 13:19:24,608 | WARNING | NSE corp-actions PFC fetch failed (attempt 1/3): HTTPSConnectionPool(host='www.nseindia.com', port=443): Read timed out. (read timeout=15) — retrying in 5s …
2026-05-23 13:19:44,925 | WARNING | NSE corp-actions PIDILITIND fetch failed (attempt 1/3): HTTPSConnectionPool(host='www.nseindia.com', port=443): Read timed out. (read timeout=15) — retrying in 5s …
2026-05-23 13:20:05,283 | WARNING | NSE corp-actions PNB fetch failed (attempt 1/3): HTTPSConnectionPool(host='www.nseindia.com', port=443): Read timed out. (read timeout=15) — retrying in 5s …
2026-05-23 13:20:25,638 | WARNING | NSE corp-actions POWERGRID fetch failed (attempt 1/3): HTTPSConnectionPool(host='www.nseindia.com', port=443): Read timed out. (read timeout=15) — retrying in 5s …
2026-05-23 13:20:45,888 | WARNING | NSE corp-actions RECLTD fetch failed (attempt 1/3): HTTPSConnectionPool(host='www.nseindia.com', port=443): Read timed out. (read timeout=15) — retrying in 5s …
2026-05-23 13:21:06,183 | WARNING | NSE corp-actions RELIANCE fetch failed (attempt 1/3): HTTPSConnectionPool(host='www.nseindia.com', port=443): Read timed out. (read timeout=15) — retrying in 5s …
2026-05-23 13:21:26,473 | WARNING | NSE corp-actions SBILIFE fetch failed (attempt 1/3): HTTPSConnectionPool(host='www.nseindia.com', port=443): Read timed out. (read timeout=15) — retrying in 5s …
2026-05-23 13:21:46,758 | WARNING | NSE corp-actions SBIN fetch failed (attempt 1/3): HTTPSConnectionPool(host='www.nseindia.com', port=443): Read timed out. (read timeout=15) — retrying in 5s …
2026-05-23 13:22:07,075 | WARNING | NSE corp-actions SHREECEM fetch failed (attempt 1/3): HTTPSConnectionPool(host='www.nseindia.com', port=443): Read timed out. (read timeout=15) — retrying in 5s …
2026-05-23 13:22:27,389 | WARNING | NSE corp-actions SHRIRAMFIN fetch failed (attempt 1/3): HTTPSConnectionPool(host='www.nseindia.com', port=443): Read timed out. (read timeout=15) — retrying in 5s …
2026-05-23 13:22:47,747 | WARNING | NSE corp-actions SIEMENS fetch failed (attempt 1/3): HTTPSConnectionPool(host='www.nseindia.com', port=443): Read timed out. (read timeout=15) — retrying in 5s …
2026-05-23 13:23:07,999 | WARNING | NSE corp-actions SOLARINDS fetch failed (attempt 1/3): HTTPSConnectionPool(host='www.nseindia.com', port=443): Read timed out. (read timeout=15) — retrying in 5s …
2026-05-23 13:23:28,340 | WARNING | NSE corp-actions SUNPHARMA fetch failed (attempt 1/3): HTTPSConnectionPool(host='www.nseindia.com', port=443): Read timed out. (read timeout=15) — retrying in 5s …
2026-05-23 13:23:48,608 | WARNING | NSE corp-actions TATACAP fetch failed (attempt 1/3): HTTPSConnectionPool(host='www.nseindia.com', port=443): Read timed out. (read timeout=15) — retrying in 5s …
2026-05-23 13:24:08,665 | WARNING | NSE corp-actions TATACAP fetch failed (attempt 2/3): HTTPSConnectionPool(host='www.nseindia.com', port=443): Read timed out. (read timeout=15) — retrying in 5s …
2026-05-23 13:24:28,907 | WARNING | NSE corp-actions TATACONSUM fetch failed (attempt 1/3): HTTPSConnectionPool(host='www.nseindia.com', port=443): Read timed out. (read timeout=15) — retrying in 5s …
2026-05-23 13:24:49,231 | WARNING | NSE corp-actions TATAPOWER fetch failed (attempt 1/3): HTTPSConnectionPool(host='www.nseindia.com', port=443): Read timed out. (read timeout=15) — retrying in 5s …
2026-05-23 13:25:09,555 | WARNING | NSE corp-actions TATASTEEL fetch failed (attempt 1/3): HTTPSConnectionPool(host='www.nseindia.com', port=443): Read timed out. (read timeout=15) — retrying in 5s …
2026-05-23 13:25:29,887 | WARNING | NSE corp-actions TCS fetch failed (attempt 1/3): HTTPSConnectionPool(host='www.nseindia.com', port=443): Read timed out. (read timeout=15) — retrying in 5s …
2026-05-23 13:25:49,992 | WARNING | NSE corp-actions TCS fetch failed (attempt 2/3): HTTPSConnectionPool(host='www.nseindia.com', port=443): Read timed out. (read timeout=15) — retrying in 5s …
2026-05-23 13:26:10,059 | ERROR | NSE corp-actions TCS fetch failed after 3 attempts: HTTPSConnectionPool(host='www.nseindia.com', port=443): Read timed out. (read timeout=15)
2026-05-23 13:26:25,102 | WARNING | NSE corp-actions TECHM fetch failed (attempt 1/3): HTTPSConnectionPool(host='www.nseindia.com', port=443): Read timed out. (read timeout=15) — retrying in 5s …
2026-05-23 13:26:45,400 | WARNING | NSE corp-actions TITAN fetch failed (attempt 1/3): HTTPSConnectionPool(host='www.nseindia.com', port=443): Read timed out. (read timeout=15) — retrying in 5s …
2026-05-23 13:27:05,660 | WARNING | NSE corp-actions TMCV fetch failed (attempt 1/3): HTTPSConnectionPool(host='www.nseindia.com', port=443): Read timed out. (read timeout=15) — retrying in 5s …
2026-05-23 13:27:25,954 | WARNING | NSE corp-actions TMPV fetch failed (attempt 1/3): HTTPSConnectionPool(host='www.nseindia.com', port=443): Read timed out. (read timeout=15) — retrying in 5s …
2026-05-23 13:27:46,263 | WARNING | NSE corp-actions TORNTPHARM fetch failed (attempt 1/3): HTTPSConnectionPool(host='www.nseindia.com', port=443): Read timed out. (read timeout=15) — retrying in 5s …
2026-05-23 13:28:06,545 | WARNING | NSE corp-actions TRENT fetch failed (attempt 1/3): HTTPSConnectionPool(host='www.nseindia.com', port=443): Read timed out. (read timeout=15) — retrying in 5s …
2026-05-23 13:28:26,825 | WARNING | NSE corp-actions TVSMOTOR fetch failed (attempt 1/3): HTTPSConnectionPool(host='www.nseindia.com', port=443): Read timed out. (read timeout=15) — retrying in 5s …
2026-05-23 13:28:47,115 | WARNING | NSE corp-actions ULTRACEMCO fetch failed (attempt 1/3): HTTPSConnectionPool(host='www.nseindia.com', port=443): Read timed out. (read timeout=15) — retrying in 5s …
2026-05-23 13:29:07,410 | WARNING | NSE corp-actions UNIONBANK fetch failed (attempt 1/3): HTTPSConnectionPool(host='www.nseindia.com', port=443): Read timed out. (read timeout=15) — retrying in 5s …
2026-05-23 13:29:27,816 | WARNING | NSE corp-actions UNITDSPR fetch failed (attempt 1/3): HTTPSConnectionPool(host='www.nseindia.com', port=443): Read timed out. (read timeout=15) — retrying in 5s …
2026-05-23 13:29:48,177 | WARNING | NSE corp-actions VBL fetch failed (attempt 1/3): HTTPSConnectionPool(host='www.nseindia.com', port=443): Read timed out. (read timeout=15) — retrying in 5s …
2026-05-23 13:30:08,596 | WARNING | NSE corp-actions VEDL fetch failed (attempt 1/3): HTTPSConnectionPool(host='www.nseindia.com', port=443): Read timed out. (read timeout=15) — retrying in 5s …
2026-05-23 13:30:28,738 | WARNING | NSE corp-actions VEDL fetch failed (attempt 2/3): HTTPSConnectionPool(host='www.nseindia.com', port=443): Read timed out. (read timeout=15) — retrying in 5s …
2026-05-23 13:30:49,190 | WARNING | NSE corp-actions WIPRO fetch failed (attempt 1/3): HTTPSConnectionPool(host='www.nseindia.com', port=443): Read timed out. (read timeout=15) — retrying in 5s …
2026-05-23 13:31:09,481 | WARNING | NSE corp-actions ZYDUSLIFE fetch failed (attempt 1/3): HTTPSConnectionPool(host='www.nseindia.com', port=443): Read timed out. (read timeout=15) — retrying in 5s …
2026-05-23 13:31:14,755 | INFO | Corporate actions: 0/104 symbols have events (window 23-05-2026 to 22-06-2026) | Symbols: none
2026-05-23 13:31:14,755 | INFO | Index membership from cache: NIFTY 50 (50 symbols)
2026-05-23 13:31:14,755 | INFO | Index membership from cache: Nifty Next 50 (50 symbols)
2026-05-23 13:31:14,755 | INFO | Index membership ready: 100 symbols mapped
2026-05-23 13:31:15,693 | INFO | News RSS query for ADANIENSOL: https://news.google.com/rss/search?q=%22Adani+Energy+Solutions+Ltd.%22+NSE+when:10d&hl=en-IN&gl=IN&ceid=IN:en
2026-05-23 13:31:15,965 | INFO | News RSS status for ADANIENSOL: 200
2026-05-23 13:31:16,598 | INFO | News RSS query for ADANIENT: https://news.google.com/rss/search?q=%22Adani+Enterprises+Ltd.%22+NSE+when:10d&hl=en-IN&gl=IN&ceid=IN:en
2026-05-23 13:31:16,904 | INFO | News RSS status for ADANIENT: 200
2026-05-23 13:31:17,546 | INFO | News RSS query for ADANIGREEN: https://news.google.com/rss/search?q=%22Adani+Green+Energy+Ltd.%22+NSE+when:10d&hl=en-IN&gl=IN&ceid=IN:en
2026-05-23 13:31:17,780 | INFO | News RSS status for ADANIGREEN: 200
2026-05-23 13:31:17,783 | INFO | News RSS query for ADANIGREEN: https://news.google.com/rss/search?q=%22Adani+Green+Energy+Ltd.%22+stock+when:10d&hl=en-IN&gl=IN&ceid=IN:en
2026-05-23 13:31:18,068 | INFO | News RSS status for ADANIGREEN: 200
2026-05-23 13:31:18,697 | INFO | News RSS query for ADANIPORTS: https://news.google.com/rss/search?q=%22Adani+Ports+and+Special+Economic+Zone+Ltd.%22+NSE+when:10d&hl=en-IN&gl=IN&ceid=IN:en
2026-05-23 13:31:18,900 | INFO | News RSS status for ADANIPORTS: 200
2026-05-23 13:31:19,526 | INFO | News RSS query for ADANIPOWER: https://news.google.com/rss/search?q=%22Adani+Power+Ltd.%22+NSE+when:10d&hl=en-IN&gl=IN&ceid=IN:en
2026-05-23 13:31:19,745 | INFO | News RSS status for ADANIPOWER: 200
2026-05-23 13:31:19,748 | INFO | News RSS query for ADANIPOWER: https://news.google.com/rss/search?q=%22Adani+Power+Ltd.%22+stock+when:10d&hl=en-IN&gl=IN&ceid=IN:en
2026-05-23 13:31:20,012 | INFO | News RSS status for ADANIPOWER: 200
2026-05-23 13:31:20,083 | INFO | News RSS query for ADANIPOWER: https://news.google.com/rss/search?q=%22Adani+Power+Ltd.%22+NSE+when:10d&hl=en-IN&gl=IN&ceid=IN:en
2026-05-23 13:31:20,087 | INFO | News RSS status for ADANIPOWER: 200
2026-05-23 13:31:20,090 | INFO | News RSS query for ADANIPOWER: https://news.google.com/rss/search?q=%22Adani+Power+Ltd.%22+stock+when:10d&hl=en-IN&gl=IN&ceid=IN:en
2026-05-23 13:31:20,093 | INFO | News RSS status for ADANIPOWER: 200
2026-05-23 13:31:21,275 | INFO | News RSS query for APOLLOHOSP: https://news.google.com/rss/search?q=%22Apollo+Hospitals+Enterprise+Ltd.%22+NSE+when:10d&hl=en-IN&gl=IN&ceid=IN:en
2026-05-23 13:31:21,473 | INFO | News RSS status for APOLLOHOSP: 200
2026-05-23 13:31:23,233 | INFO | News RSS query for BAJAJ-AUTO: https://news.google.com/rss/search?q=%22Bajaj+Auto+Ltd.%22+NSE+when:10d&hl=en-IN&gl=IN&ceid=IN:en
2026-05-23 13:31:23,435 | INFO | News RSS status for BAJAJ-AUTO: 200
2026-05-23 13:31:27,417 | INFO | News RSS query for BOSCHLTD: https://news.google.com/rss/search?q=%22Bosch+Ltd.%22+NSE+when:10d&hl=en-IN&gl=IN&ceid=IN:en
2026-05-23 13:31:27,616 | INFO | News RSS status for BOSCHLTD: 200
2026-05-23 13:31:29,910 | INFO | News RSS query for CGPOWER: https://news.google.com/rss/search?q=%22CG+Power+and+Industrial+Solutions+Ltd.%22+NSE+when:10d&hl=en-IN&gl=IN&ceid=IN:en
2026-05-23 13:31:30,131 | INFO | News RSS status for CGPOWER: 200
2026-05-23 13:31:31,891 | INFO | News RSS query for COALINDIA: https://news.google.com/rss/search?q=%22Coal+India+Ltd.%22+NSE+when:10d&hl=en-IN&gl=IN&ceid=IN:en
2026-05-23 13:31:32,135 | INFO | News RSS status for COALINDIA: 200
2026-05-23 13:31:32,768 | INFO | News RSS query for CUMMINSIND: https://news.google.com/rss/search?q=%22Cummins+India+Ltd.%22+NSE+when:10d&hl=en-IN&gl=IN&ceid=IN:en
2026-05-23 13:31:32,952 | INFO | News RSS status for CUMMINSIND: 200
2026-05-23 13:31:33,581 | INFO | News RSS query for DIVISLAB: https://news.google.com/rss/search?q=%22Divi%27s+Laboratories+Ltd.%22+NSE+when:10d&hl=en-IN&gl=IN&ceid=IN:en
2026-05-23 13:31:33,752 | INFO | News RSS status for DIVISLAB: 200
2026-05-23 13:31:33,754 | INFO | News RSS query for DIVISLAB: https://news.google.com/rss/search?q=%22Divi%27s+Laboratories+Ltd.%22+stock+when:10d&hl=en-IN&gl=IN&ceid=IN:en
2026-05-23 13:31:33,974 | INFO | News RSS status for DIVISLAB: 200
2026-05-23 13:31:35,709 | INFO | News RSS query for DRREDDY: https://news.google.com/rss/search?q=%22Dr.+Reddy%27s+Laboratories+Ltd.%22+NSE+when:10d&hl=en-IN&gl=IN&ceid=IN:en
2026-05-23 13:31:35,961 | INFO | News RSS status for DRREDDY: 200
2026-05-23 13:31:36,694 | INFO | News RSS query for ENRIN: https://news.google.com/rss/search?q=%22Siemens+Energy+India+Ltd.%22+NSE+when:10d&hl=en-IN&gl=IN&ceid=IN:en
2026-05-23 13:31:36,875 | INFO | News RSS status for ENRIN: 200
2026-05-23 13:31:36,876 | INFO | News RSS query for ENRIN: https://news.google.com/rss/search?q=%22Siemens+Energy+India+Ltd.%22+stock+when:10d&hl=en-IN&gl=IN&ceid=IN:en
2026-05-23 13:31:37,085 | INFO | News RSS status for ENRIN: 200
2026-05-23 13:31:39,314 | INFO | News RSS query for GRASIM: https://news.google.com/rss/search?q=%22Grasim+Industries+Ltd.%22+NSE+when:10d&hl=en-IN&gl=IN&ceid=IN:en
2026-05-23 13:31:39,528 | INFO | News RSS status for GRASIM: 200
2026-05-23 13:31:41,272 | INFO | News RSS query for HDFCAMC: https://news.google.com/rss/search?q=%22HDFC+Asset+Management+Company+Ltd.%22+NSE+when:10d&hl=en-IN&gl=IN&ceid=IN:en
2026-05-23 13:31:41,516 | INFO | News RSS status for HDFCAMC: 200
2026-05-23 13:31:41,518 | INFO | News RSS query for HDFCAMC: https://news.google.com/rss/search?q=%22HDFC+Asset+Management+Company+Ltd.%22+stock+when:10d&hl=en-IN&gl=IN&ceid=IN:en
2026-05-23 13:31:41,749 | INFO | News RSS status for HDFCAMC: 200
2026-05-23 13:31:43,479 | INFO | News RSS query for HINDALCO: https://news.google.com/rss/search?q=%22Hindalco+Industries+Ltd.%22+NSE+when:10d&hl=en-IN&gl=IN&ceid=IN:en
2026-05-23 13:31:43,686 | INFO | News RSS status for HINDALCO: 200
2026-05-23 13:31:44,875 | INFO | News RSS query for HINDZINC: https://news.google.com/rss/search?q=%22Hindustan+Zinc+Ltd.%22+NSE+when:10d&hl=en-IN&gl=IN&ceid=IN:en
2026-05-23 13:31:45,094 | INFO | News RSS status for HINDZINC: 200
2026-05-23 13:31:50,592 | INFO | News RSS query for JSWSTEEL: https://news.google.com/rss/search?q=%22JSW+Steel+Ltd.%22+NSE+when:10d&hl=en-IN&gl=IN&ceid=IN:en
2026-05-23 13:31:50,841 | INFO | News RSS status for JSWSTEEL: 200
2026-05-23 13:31:52,463 | WARNING | Skipping LTM — only 62 bars available (need 220). Extend history_backfill_days in config.json to include this symbol.
2026-05-23 13:31:55,323 | INFO | News RSS query for MOTHERSON: https://news.google.com/rss/search?q=%22Samvardhana+Motherson+International+Ltd.%22+NSE+when:10d&hl=en-IN&gl=IN&ceid=IN:en
2026-05-23 13:31:55,511 | INFO | News RSS status for MOTHERSON: 200
2026-05-23 13:31:56,706 | INFO | News RSS query for NESTLEIND: https://news.google.com/rss/search?q=%22Nestle+India+Ltd.%22+NSE+when:10d&hl=en-IN&gl=IN&ceid=IN:en
2026-05-23 13:31:56,906 | INFO | News RSS status for NESTLEIND: 200
2026-05-23 13:31:58,103 | INFO | News RSS query for ONGC: https://news.google.com/rss/search?q=%22Oil+%26+Natural+Gas+Corporation+Ltd.%22+NSE+when:10d&hl=en-IN&gl=IN&ceid=IN:en
2026-05-23 13:31:58,303 | INFO | News RSS status for ONGC: 200
2026-05-23 13:31:58,305 | INFO | News RSS query for ONGC: https://news.google.com/rss/search?q=%22Oil+%26+Natural+Gas+Corporation+Ltd.%22+stock+when:10d&hl=en-IN&gl=IN&ceid=IN:en
2026-05-23 13:31:58,515 | INFO | News RSS status for ONGC: 200
2026-05-23 13:31:58,586 | INFO | News RSS query for ONGC: https://news.google.com/rss/search?q=%22Oil+%26+Natural+Gas+Corporation+Ltd.%22+NSE+when:10d&hl=en-IN&gl=IN&ceid=IN:en
2026-05-23 13:31:58,589 | INFO | News RSS status for ONGC: 200
2026-05-23 13:31:58,591 | INFO | News RSS query for ONGC: https://news.google.com/rss/search?q=%22Oil+%26+Natural+Gas+Corporation+Ltd.%22+stock+when:10d&hl=en-IN&gl=IN&ceid=IN:en
2026-05-23 13:31:58,595 | INFO | News RSS status for ONGC: 200
2026-05-23 13:32:02,580 | INFO | News RSS query for SBILIFE: https://news.google.com/rss/search?q=%22SBI+Life+Insurance+Company+Ltd.%22+NSE+when:10d&hl=en-IN&gl=IN&ceid=IN:en
2026-05-23 13:32:02,799 | INFO | News RSS status for SBILIFE: 200
2026-05-23 13:32:02,801 | INFO | News RSS query for SBILIFE: https://news.google.com/rss/search?q=%22SBI+Life+Insurance+Company+Ltd.%22+stock+when:10d&hl=en-IN&gl=IN&ceid=IN:en
2026-05-23 13:32:03,017 | INFO | News RSS status for SBILIFE: 200
2026-05-23 13:32:05,316 | INFO | News RSS query for SIEMENS: https://news.google.com/rss/search?q=%22Siemens+Ltd.%22+NSE+when:10d&hl=en-IN&gl=IN&ceid=IN:en
2026-05-23 13:32:05,483 | INFO | News RSS status for SIEMENS: 200
2026-05-23 13:32:05,485 | INFO | News RSS query for SIEMENS: https://news.google.com/rss/search?q=%22Siemens+Ltd.%22+stock+when:10d&hl=en-IN&gl=IN&ceid=IN:en
2026-05-23 13:32:05,682 | INFO | News RSS status for SIEMENS: 200
2026-05-23 13:32:06,306 | INFO | News RSS query for SOLARINDS: https://news.google.com/rss/search?q=%22Solar+Industries+India+Ltd.%22+NSE+when:10d&hl=en-IN&gl=IN&ceid=IN:en
2026-05-23 13:32:06,496 | INFO | News RSS status for SOLARINDS: 200
2026-05-23 13:32:07,129 | INFO | News RSS query for SUNPHARMA: https://news.google.com/rss/search?q=%22Sun+Pharmaceutical+Industries+Ltd.%22+NSE+when:10d&hl=en-IN&gl=IN&ceid=IN:en
2026-05-23 13:32:07,355 | INFO | News RSS status for SUNPHARMA: 200
2026-05-23 13:32:07,357 | INFO | News RSS query for SUNPHARMA: https://news.google.com/rss/search?q=%22Sun+Pharmaceutical+Industries+Ltd.%22+stock+when:10d&hl=en-IN&gl=IN&ceid=IN:en
2026-05-23 13:32:07,652 | INFO | News RSS status for SUNPHARMA: 200
2026-05-23 13:32:07,656 | WARNING | Skipping TATACAP — only 150 bars available (need 220). Extend history_backfill_days in config.json to include this symbol.
2026-05-23 13:32:08,287 | INFO | News RSS query for TATACONSUM: https://news.google.com/rss/search?q=%22Tata+Consumer+Products+Ltd.%22+NSE+when:10d&hl=en-IN&gl=IN&ceid=IN:en
2026-05-23 13:32:08,502 | INFO | News RSS status for TATACONSUM: 200
2026-05-23 13:32:11,304 | WARNING | Skipping TMCV — only 130 bars available (need 220). Extend history_backfill_days in config.json to include this symbol.
2026-05-23 13:32:11,305 | WARNING | Skipping TMPV — only 147 bars available (need 220). Extend history_backfill_days in config.json to include this symbol.
2026-05-23 13:32:11,934 | INFO | News RSS query for TORNTPHARM: https://news.google.com/rss/search?q=%22Torrent+Pharmaceuticals+Ltd.%22+NSE+when:10d&hl=en-IN&gl=IN&ceid=IN:en
2026-05-23 13:32:12,136 | INFO | News RSS status for TORNTPHARM: 200
2026-05-23 13:32:12,139 | INFO | News RSS query for TORNTPHARM: https://news.google.com/rss/search?q=%22Torrent+Pharmaceuticals+Ltd.%22+stock+when:10d&hl=en-IN&gl=IN&ceid=IN:en
2026-05-23 13:32:12,350 | INFO | News RSS status for TORNTPHARM: 200
2026-05-23 13:32:15,404 | INFO | News RSS query for VBL: https://news.google.com/rss/search?q=%22Varun+Beverages+Ltd.%22+NSE+when:10d&hl=en-IN&gl=IN&ceid=IN:en
2026-05-23 13:32:15,591 | INFO | News RSS status for VBL: 200
2026-05-23 13:32:17,336 | INFO | News RSS query for ZYDUSLIFE: https://news.google.com/rss/search?q=%22Zydus+Lifesciences+Ltd.%22+NSE+when:10d&hl=en-IN&gl=IN&ceid=IN:en
2026-05-23 13:32:17,547 | INFO | News RSS status for ZYDUSLIFE: 200
2026-05-23 13:32:17,559 | INFO | Index membership from cache: NIFTY 50 (50 symbols)
2026-05-23 13:32:17,559 | INFO | Index membership from cache: Nifty Next 50 (50 symbols)
2026-05-23 13:32:17,559 | INFO | Index membership ready: 100 symbols mapped
2026-05-23 13:32:17,559 | INFO | Market Health: fetching index OHLCV...
2026-05-23 13:32:19,217 | INFO | Index OHLCV via niftyindices for NIFTY 50: 1386 rows (+3)
2026-05-23 13:32:19,906 | INFO | Index OHLCV via niftyindices for NIFTY NEXT 50: 1386 rows (+3)
2026-05-23 13:32:19,907 | INFO | Market Health: fetching VIX...
2026-05-23 13:32:20,530 | INFO | VIX via niftyindices: 84 rows (+3)
2026-05-23 13:32:20,531 | INFO | Market Health: updating breadth EMA cache...
2026-05-23 13:32:21,732 | INFO | Market Health [NIFTY 50]: Score=-11.0 | Sideways &#x1F7E0;
2026-05-23 13:32:21,749 | INFO | Market Health [Nifty Next 50]: Score=7.0 | Sideways &#x1F7E0;
2026-05-23 13:32:21,772 | INFO | Signal log: skipping new signal insertion — 2026-05-23 is a weekend.
2026-05-23 13:32:22,209 | INFO | Signal tracker: updated 64 Active signal rows.
2026-05-23 13:32:22,226 | INFO | HTML report written: /home/runner/work/nifty100-reporter/nifty100-reporter/reports/nifty100_daily_report_20260523.html
2026-05-23 13:32:22,235 | INFO | Market Health Excel sheet written.
2026-05-23 13:32:22,622 | INFO | Excel report written: /home/runner/work/nifty100-reporter/nifty100-reporter/reports/nifty100_daily_report_20260523.xlsx
2026-05-23 13:32:22,622 | INFO | GitHub Actions detected — skipping Gmail API send (workflow handles email).
2026-05-23 13:32:22,622 | INFO | Run completed successfully.
2026-05-23 13:32:22,622 | INFO | Artifacts: /home/runner/work/nifty100-reporter/nifty100-reporter/reports/nifty100_daily_report_20260523.html | /home/runner/work/nifty100-reporter/nifty100-reporter/reports/nifty100_daily_report_20260523.xlsx | log: /home/runner/work/nifty100-reporter/nifty100-reporter/logs/run_20260523_181543.log
