2026-07-15 12:45:57,609 | INFO | Nifty 100 Daily EMA Cross Reporter | Version 3.3.8 | Released 2026-04-17
2026-07-15 12:45:57,609 | INFO | Base directory: /home/runner/work/nifty100-reporter/nifty100-reporter
2026-07-15 12:45:57,609 | INFO | Loaded config. Email enabled: True | Recipients: 1
2026-07-15 12:45:57,789 | WARNING | NSE session bootstrap HTTP 403 (attempt 1/5) — refreshing NSE session cookie …
2026-07-15 12:46:08,562 | INFO | NSE session bootstrap status: 200
2026-07-15 12:46:08,562 | INFO | Downloading Nifty 100 universe from https://www.niftyindices.com/IndexConstituent/ind_nifty100list.csv
2026-07-15 12:46:09,100 | INFO | Universe download status: 200
2026-07-15 12:46:09,104 | INFO | Universe rows loaded: 100
2026-07-15 12:46:09,204 | INFO | Loaded history rows: 131454
2026-07-15 12:46:09,211 | INFO | yfinance history update: 100 symbols | 2026-07-13 → 2026-07-16
2026-07-15 12:46:09,211 | INFO | yfinance batch download: 100 symbols | 2026-07-13 → 2026-07-16
2026-07-15 12:46:09,213 | INFO | Failed to create TzCache, reason: Error creating TzCache folder: '/home/runner/.cache/py-yfinance' reason: [Errno 17] File exists: '/home/runner/.cache/py-yfinance'. TzCache will not be used. Tip: You can direct cache to use a different location with 'set_tz_cache_location(mylocation)'
2026-07-15 12:46:16,136 | ERROR | Failed to get ticker 'WIPRO.NS' reason: Expecting value: line 1 column 1 (char 0)
2026-07-15 12:46:18,153 | INFO | yfinance raw shape: (3, 500)
2026-07-15 12:46:18,434 | INFO | yfinance parsed rows after date-filter: 300
2026-07-15 12:46:18,435 | INFO | New rows from yfinance: 300
2026-07-15 12:46:19,279 | INFO | Saved history rows: 131554 | file: /home/runner/work/nifty100-reporter/nifty100-reporter/data/nifty100_ohlcv_history.csv
2026-07-15 12:46:19,378 | INFO | Loaded history rows: 131554
2026-07-15 12:46:19,379 | INFO | Latest OHLCV data is from 2026-07-15
2026-07-15 12:46:19,403 | INFO | Latest Delivery data is from 2026-07-14
2026-07-15 12:46:19,449 | INFO | Delivery cache has 31 dates — skipping backfill.
2026-07-15 12:46:19,449 | INFO | Delivery fetch attempt [0/7] — URL: https://archives.nseindia.com/products/content/sec_bhavdata_full_15072026.csv
2026-07-15 12:46:21,968 | INFO | Delivery fetch SUCCESS — date: 2026-07-15 | size: 368865 bytes | URL: https://archives.nseindia.com/products/content/sec_bhavdata_full_15072026.csv
2026-07-15 12:46:22,275 | INFO | Delivery cache updated: 2382 symbols for 2026-07-15 (rows in cache: 77250)
2026-07-15 12:46:22,275 | INFO | Delivery data: 2382 symbols | fallback=False
2026-07-15 12:46:22,708 | INFO | Corporate actions bulk OK: 179 raw rows | 17 Nifty100 symbols with events
2026-07-15 12:46:51,408 | INFO | Corporate actions: 17/100 symbols have events (window 15-07-2026 to 14-08-2026) | Symbols: BOSCHLTD, BRITANNIA, CHOLAFIN, CUMMINSIND, DIVISLAB, DLF, GRASIM, HCLTECH, KOTAKBANK, MARUTI, PFC, PIDILITIND, SHREECEM, SOLARINDS, TATACAP, TCS, ZYDUSLIFE
2026-07-15 12:46:51,408 | INFO | Index membership from cache: NIFTY 50 (50 symbols)
2026-07-15 12:46:51,409 | INFO | Index membership from cache: Nifty Next 50 (50 symbols)
2026-07-15 12:46:51,409 | INFO | Index membership ready: 100 symbols mapped
2026-07-15 12:46:51,880 | INFO | News RSS query for ABB: https://news.google.com/rss/search?q=%22ABB+India+Ltd.%22+NSE+when:10d&hl=en-IN&gl=IN&ceid=IN:en
2026-07-15 12:46:52,221 | INFO | News RSS status for ABB: 200
2026-07-15 12:46:52,223 | INFO | News RSS query for ABB: https://news.google.com/rss/search?q=%22ABB+India+Ltd.%22+stock+when:10d&hl=en-IN&gl=IN&ceid=IN:en
2026-07-15 12:46:52,421 | INFO | News RSS status for ABB: 200
2026-07-15 12:46:52,684 | INFO | News RSS query for ADANIENSOL: https://news.google.com/rss/search?q=%22Adani+Energy+Solutions+Ltd.%22+NSE+when:10d&hl=en-IN&gl=IN&ceid=IN:en
2026-07-15 12:46:52,921 | INFO | News RSS status for ADANIENSOL: 200
2026-07-15 12:46:53,389 | INFO | News RSS query for ADANIENT: https://news.google.com/rss/search?q=%22Adani+Enterprises+Ltd.%22+NSE+when:10d&hl=en-IN&gl=IN&ceid=IN:en
2026-07-15 12:46:53,669 | INFO | News RSS status for ADANIENT: 200
2026-07-15 12:46:54,137 | INFO | News RSS query for ADANIGREEN: https://news.google.com/rss/search?q=%22Adani+Green+Energy+Ltd.%22+NSE+when:10d&hl=en-IN&gl=IN&ceid=IN:en
2026-07-15 12:46:54,364 | INFO | News RSS status for ADANIGREEN: 200
2026-07-15 12:46:54,837 | INFO | News RSS query for ADANIPORTS: https://news.google.com/rss/search?q=%22Adani+Ports+and+Special+Economic+Zone+Ltd.%22+NSE+when:10d&hl=en-IN&gl=IN&ceid=IN:en
2026-07-15 12:46:55,509 | INFO | News RSS status for ADANIPORTS: 200
2026-07-15 12:46:55,570 | INFO | News RSS query for ADANIPORTS: https://news.google.com/rss/search?q=%22Adani+Ports+and+Special+Economic+Zone+Ltd.%22+NSE+when:10d&hl=en-IN&gl=IN&ceid=IN:en
2026-07-15 12:46:55,592 | INFO | News RSS status for ADANIPORTS: 200
2026-07-15 12:46:56,839 | INFO | News RSS query for APOLLOHOSP: https://news.google.com/rss/search?q=%22Apollo+Hospitals+Enterprise+Ltd.%22+NSE+when:10d&hl=en-IN&gl=IN&ceid=IN:en
2026-07-15 12:46:57,040 | INFO | News RSS status for APOLLOHOSP: 200
2026-07-15 12:46:57,042 | INFO | News RSS query for APOLLOHOSP: https://news.google.com/rss/search?q=%22Apollo+Hospitals+Enterprise+Ltd.%22+stock+when:10d&hl=en-IN&gl=IN&ceid=IN:en
2026-07-15 12:46:57,264 | INFO | News RSS status for APOLLOHOSP: 200
2026-07-15 12:46:57,707 | INFO | News RSS query for ASIANPAINT: https://news.google.com/rss/search?q=%22Asian+Paints+Ltd.%22+NSE+when:10d&hl=en-IN&gl=IN&ceid=IN:en
2026-07-15 12:46:57,960 | INFO | News RSS status for ASIANPAINT: 200
2026-07-15 12:46:58,817 | INFO | News RSS query for BAJAJ-AUTO: https://news.google.com/rss/search?q=%22Bajaj+Auto+Ltd.%22+NSE+when:10d&hl=en-IN&gl=IN&ceid=IN:en
2026-07-15 12:46:59,067 | INFO | News RSS status for BAJAJ-AUTO: 200
2026-07-15 12:47:00,305 | INFO | News RSS query for BAJFINANCE: https://news.google.com/rss/search?q=%22Bajaj+Finance+Ltd.%22+NSE+when:10d&hl=en-IN&gl=IN&ceid=IN:en
2026-07-15 12:47:00,549 | INFO | News RSS status for BAJFINANCE: 200
2026-07-15 12:47:02,190 | INFO | News RSS query for BOSCHLTD: https://news.google.com/rss/search?q=%22Bosch+Ltd.%22+NSE+when:10d&hl=en-IN&gl=IN&ceid=IN:en
2026-07-15 12:47:02,392 | INFO | News RSS status for BOSCHLTD: 200
2026-07-15 12:47:04,466 | INFO | News RSS query for CHOLAFIN: https://news.google.com/rss/search?q=%22Cholamandalam+Investment+and+Finance+Company+Ltd.%22+NSE+when:10d&hl=en-IN&gl=IN&ceid=IN:en
2026-07-15 12:47:04,698 | INFO | News RSS status for CHOLAFIN: 200
2026-07-15 12:47:05,948 | INFO | News RSS query for CUMMINSIND: https://news.google.com/rss/search?q=%22Cummins+India+Ltd.%22+NSE+when:10d&hl=en-IN&gl=IN&ceid=IN:en
2026-07-15 12:47:06,157 | INFO | News RSS status for CUMMINSIND: 200
2026-07-15 12:47:06,159 | INFO | News RSS query for CUMMINSIND: https://news.google.com/rss/search?q=%22Cummins+India+Ltd.%22+stock+when:10d&hl=en-IN&gl=IN&ceid=IN:en
2026-07-15 12:47:06,400 | INFO | News RSS status for CUMMINSIND: 200
2026-07-15 12:47:06,855 | INFO | News RSS query for DIVISLAB: https://news.google.com/rss/search?q=%22Divi%27s+Laboratories+Ltd.%22+NSE+when:10d&hl=en-IN&gl=IN&ceid=IN:en
2026-07-15 12:47:07,086 | INFO | News RSS status for DIVISLAB: 200
2026-07-15 12:47:08,781 | INFO | News RSS query for EICHERMOT: https://news.google.com/rss/search?q=%22Eicher+Motors+Ltd.%22+NSE+when:10d&hl=en-IN&gl=IN&ceid=IN:en
2026-07-15 12:47:09,017 | INFO | News RSS status for EICHERMOT: 200
2026-07-15 12:47:09,075 | INFO | News RSS query for EICHERMOT: https://news.google.com/rss/search?q=%22Eicher+Motors+Ltd.%22+NSE+when:10d&hl=en-IN&gl=IN&ceid=IN:en
2026-07-15 12:47:09,098 | INFO | News RSS status for EICHERMOT: 200
2026-07-15 12:47:09,235 | INFO | News RSS query for ENRIN: https://news.google.com/rss/search?q=%22Siemens+Energy+India+Ltd.%22+NSE+when:10d&hl=en-IN&gl=IN&ceid=IN:en
2026-07-15 12:47:09,459 | INFO | News RSS status for ENRIN: 200
2026-07-15 12:47:10,276 | INFO | News RSS query for GAIL: https://news.google.com/rss/search?q=%22GAIL+%28India%29+Ltd.%22+NSE+when:10d&hl=en-IN&gl=IN&ceid=IN:en
2026-07-15 12:47:10,507 | INFO | News RSS status for GAIL: 200
2026-07-15 12:47:10,570 | INFO | News RSS query for GAIL: https://news.google.com/rss/search?q=%22GAIL+%28India%29+Ltd.%22+NSE+when:10d&hl=en-IN&gl=IN&ceid=IN:en
2026-07-15 12:47:10,592 | INFO | News RSS status for GAIL: 200
2026-07-15 12:47:11,457 | INFO | News RSS query for GRASIM: https://news.google.com/rss/search?q=%22Grasim+Industries+Ltd.%22+NSE+when:10d&hl=en-IN&gl=IN&ceid=IN:en
2026-07-15 12:47:11,705 | INFO | News RSS status for GRASIM: 200
2026-07-15 12:47:12,161 | INFO | News RSS query for HAL: https://news.google.com/rss/search?q=%22Hindustan+Aeronautics+Ltd.%22+NSE+when:10d&hl=en-IN&gl=IN&ceid=IN:en
2026-07-15 12:47:12,347 | INFO | News RSS status for HAL: 200
2026-07-15 12:47:13,204 | INFO | News RSS query for HDFCAMC: https://news.google.com/rss/search?q=%22HDFC+Asset+Management+Company+Ltd.%22+NSE+when:10d&hl=en-IN&gl=IN&ceid=IN:en
2026-07-15 12:47:13,452 | INFO | News RSS status for HDFCAMC: 200
2026-07-15 12:47:16,065 | INFO | News RSS query for ICICIBANK: https://news.google.com/rss/search?q=%22ICICI+Bank+Ltd.%22+NSE+when:10d&hl=en-IN&gl=IN&ceid=IN:en
2026-07-15 12:47:16,285 | INFO | News RSS status for ICICIBANK: 200
2026-07-15 12:47:16,755 | INFO | News RSS query for INDHOTEL: https://news.google.com/rss/search?q=%22Indian+Hotels+Co.+Ltd.%22+NSE+when:10d&hl=en-IN&gl=IN&ceid=IN:en
2026-07-15 12:47:16,988 | INFO | News RSS status for INDHOTEL: 200
2026-07-15 12:47:17,452 | INFO | News RSS query for INDIGO: https://news.google.com/rss/search?q=%22InterGlobe+Aviation+Ltd.%22+NSE+when:10d&hl=en-IN&gl=IN&ceid=IN:en
2026-07-15 12:47:17,678 | INFO | News RSS status for INDIGO: 200
2026-07-15 12:47:17,681 | INFO | News RSS query for INDIGO: https://news.google.com/rss/search?q=%22InterGlobe+Aviation+Ltd.%22+stock+when:10d&hl=en-IN&gl=IN&ceid=IN:en
2026-07-15 12:47:17,913 | INFO | News RSS status for INDIGO: 200
2026-07-15 12:47:21,745 | WARNING | Skipping LTM — only 99 bars available (need 220). Extend history_backfill_days in config.json to include this symbol.
2026-07-15 12:47:23,041 | INFO | News RSS query for MAXHEALTH: https://news.google.com/rss/search?q=%22Max+Healthcare+Institute+Ltd.%22+NSE+when:10d&hl=en-IN&gl=IN&ceid=IN:en
2026-07-15 12:47:23,227 | INFO | News RSS status for MAXHEALTH: 200
2026-07-15 12:47:24,928 | INFO | News RSS query for NESTLEIND: https://news.google.com/rss/search?q=%22Nestle+India+Ltd.%22+NSE+when:10d&hl=en-IN&gl=IN&ceid=IN:en
2026-07-15 12:47:25,162 | INFO | News RSS status for NESTLEIND: 200
2026-07-15 12:47:25,226 | INFO | News RSS query for NESTLEIND: https://news.google.com/rss/search?q=%22Nestle+India+Ltd.%22+NSE+when:10d&hl=en-IN&gl=IN&ceid=IN:en
2026-07-15 12:47:25,246 | INFO | News RSS status for NESTLEIND: 200
2026-07-15 12:47:26,954 | INFO | News RSS query for PIDILITIND: https://news.google.com/rss/search?q=%22Pidilite+Industries+Ltd.%22+NSE+when:10d&hl=en-IN&gl=IN&ceid=IN:en
2026-07-15 12:47:27,189 | INFO | News RSS status for PIDILITIND: 200
2026-07-15 12:47:27,190 | INFO | News RSS query for PIDILITIND: https://news.google.com/rss/search?q=%22Pidilite+Industries+Ltd.%22+stock+when:10d&hl=en-IN&gl=IN&ceid=IN:en
2026-07-15 12:47:27,419 | INFO | News RSS status for PIDILITIND: 200
2026-07-15 12:47:27,481 | INFO | News RSS query for PIDILITIND: https://news.google.com/rss/search?q=%22Pidilite+Industries+Ltd.%22+NSE+when:10d&hl=en-IN&gl=IN&ceid=IN:en
2026-07-15 12:47:27,501 | INFO | News RSS status for PIDILITIND: 200
2026-07-15 12:47:27,502 | INFO | News RSS query for PIDILITIND: https://news.google.com/rss/search?q=%22Pidilite+Industries+Ltd.%22+stock+when:10d&hl=en-IN&gl=IN&ceid=IN:en
2026-07-15 12:47:27,524 | INFO | News RSS status for PIDILITIND: 200
2026-07-15 12:47:29,990 | INFO | News RSS query for SBIN: https://news.google.com/rss/search?q=%22State+Bank+of+India%22+NSE+when:10d&hl=en-IN&gl=IN&ceid=IN:en
2026-07-15 12:47:30,296 | INFO | News RSS status for SBIN: 200
2026-07-15 12:47:31,160 | INFO | News RSS query for SHRIRAMFIN: https://news.google.com/rss/search?q=%22Shriram+Finance+Ltd.%22+NSE+when:10d&hl=en-IN&gl=IN&ceid=IN:en
2026-07-15 12:47:31,391 | INFO | News RSS status for SHRIRAMFIN: 200
2026-07-15 12:47:32,257 | INFO | News RSS query for SOLARINDS: https://news.google.com/rss/search?q=%22Solar+Industries+India+Ltd.%22+NSE+when:10d&hl=en-IN&gl=IN&ceid=IN:en
2026-07-15 12:47:32,481 | INFO | News RSS status for SOLARINDS: 200
2026-07-15 12:47:32,542 | INFO | News RSS query for SOLARINDS: https://news.google.com/rss/search?q=%22Solar+Industries+India+Ltd.%22+NSE+when:10d&hl=en-IN&gl=IN&ceid=IN:en
2026-07-15 12:47:32,564 | INFO | News RSS status for SOLARINDS: 200
2026-07-15 12:47:33,026 | INFO | News RSS query for SUNPHARMA: https://news.google.com/rss/search?q=%22Sun+Pharmaceutical+Industries+Ltd.%22+NSE+when:10d&hl=en-IN&gl=IN&ceid=IN:en
2026-07-15 12:47:33,227 | INFO | News RSS status for SUNPHARMA: 200
2026-07-15 12:47:33,232 | WARNING | Skipping TATACAP — only 187 bars available (need 220). Extend history_backfill_days in config.json to include this symbol.
2026-07-15 12:47:35,261 | INFO | News RSS query for TECHM: https://news.google.com/rss/search?q=%22Tech+Mahindra+Ltd.%22+NSE+when:10d&hl=en-IN&gl=IN&ceid=IN:en
2026-07-15 12:47:35,480 | INFO | News RSS status for TECHM: 200
2026-07-15 12:47:35,925 | INFO | News RSS query for TITAN: https://news.google.com/rss/search?q=%22Titan+Company+Ltd.%22+NSE+when:10d&hl=en-IN&gl=IN&ceid=IN:en
2026-07-15 12:47:36,149 | INFO | News RSS status for TITAN: 200
2026-07-15 12:47:36,154 | WARNING | Skipping TMCV — only 167 bars available (need 220). Extend history_backfill_days in config.json to include this symbol.
2026-07-15 12:47:36,154 | WARNING | Skipping TMPV — only 184 bars available (need 220). Extend history_backfill_days in config.json to include this symbol.
2026-07-15 12:47:36,622 | INFO | News RSS query for TORNTPHARM: https://news.google.com/rss/search?q=%22Torrent+Pharmaceuticals+Ltd.%22+NSE+when:10d&hl=en-IN&gl=IN&ceid=IN:en
2026-07-15 12:47:36,848 | INFO | News RSS status for TORNTPHARM: 200
2026-07-15 12:47:37,710 | INFO | News RSS query for TVSMOTOR: https://news.google.com/rss/search?q=%22TVS+Motor+Company+Ltd.%22+NSE+when:10d&hl=en-IN&gl=IN&ceid=IN:en
2026-07-15 12:47:37,924 | INFO | News RSS status for TVSMOTOR: 200
2026-07-15 12:47:38,385 | INFO | News RSS query for ULTRACEMCO: https://news.google.com/rss/search?q=%22UltraTech+Cement+Ltd.%22+NSE+when:10d&hl=en-IN&gl=IN&ceid=IN:en
2026-07-15 12:47:38,612 | INFO | News RSS status for ULTRACEMCO: 200
2026-07-15 12:47:39,161 | WARNING | Skipping VAML — only 6 bars available (need 220). Extend history_backfill_days in config.json to include this symbol.
2026-07-15 12:47:39,954 | WARNING | Skipping VEDPOWER — only 4 bars available (need 220). Extend history_backfill_days in config.json to include this symbol.
2026-07-15 12:47:39,955 | WARNING | Skipping VISL — only 4 bars available (need 220). Extend history_backfill_days in config.json to include this symbol.
2026-07-15 12:47:39,955 | WARNING | Skipping VOGL — only 7 bars available (need 220). Extend history_backfill_days in config.json to include this symbol.
2026-07-15 12:47:40,807 | INFO | News RSS query for ZYDUSLIFE: https://news.google.com/rss/search?q=%22Zydus+Lifesciences+Ltd.%22+NSE+when:10d&hl=en-IN&gl=IN&ceid=IN:en
2026-07-15 12:47:41,001 | INFO | News RSS status for ZYDUSLIFE: 200
2026-07-15 12:47:41,004 | INFO | News RSS query for ZYDUSLIFE: https://news.google.com/rss/search?q=%22Zydus+Lifesciences+Ltd.%22+stock+when:10d&hl=en-IN&gl=IN&ceid=IN:en
2026-07-15 12:47:41,227 | INFO | News RSS status for ZYDUSLIFE: 200
2026-07-15 12:47:41,237 | INFO | Index membership from cache: NIFTY 50 (50 symbols)
2026-07-15 12:47:41,238 | INFO | Index membership from cache: Nifty Next 50 (50 symbols)
2026-07-15 12:47:41,238 | INFO | Index membership ready: 100 symbols mapped
2026-07-15 12:47:41,238 | INFO | Market Health: fetching index OHLCV...
2026-07-15 12:47:41,241 | INFO | Index OHLCV cache fresh for NIFTY 50 (1421 rows)
2026-07-15 12:47:41,243 | INFO | Index OHLCV cache fresh for NIFTY NEXT 50 (1421 rows)
2026-07-15 12:47:41,243 | INFO | Market Health: fetching VIX...
2026-07-15 12:47:41,245 | INFO | VIX cache fresh (119 rows)
2026-07-15 12:47:41,245 | INFO | Market Health: updating breadth EMA cache...
2026-07-15 12:47:42,989 | INFO | Breadth EMA cache: 131464 total rows (+100)
2026-07-15 12:47:43,009 | INFO | Market Health [NIFTY 50]: Score=4.0 | Sideways &#x1F7E0;
2026-07-15 12:47:43,025 | INFO | Market Health [Nifty Next 50]: Score=-22.0 | Weak Bear &#x1F534;
2026-07-15 12:47:43,126 | INFO | Signal log: appended 12 new signals. Total rows: 462
2026-07-15 12:47:43,126 | INFO | Signal log written/updated: /home/runner/work/nifty100-reporter/nifty100-reporter/data/nifty100_signal_log.csv
2026-07-15 12:47:44,207 | INFO | Signal tracker: updated 175 Active signal rows.
2026-07-15 12:47:44,222 | INFO | HTML report written: /home/runner/work/nifty100-reporter/nifty100-reporter/reports/nifty100_daily_report_20260715.html
2026-07-15 12:47:44,228 | INFO | Market Health Excel sheet written.
2026-07-15 12:47:44,995 | INFO | Excel report written: /home/runner/work/nifty100-reporter/nifty100-reporter/reports/nifty100_daily_report_20260715.xlsx
2026-07-15 12:47:44,995 | INFO | GitHub Actions detected — skipping Gmail API send (workflow handles email).
2026-07-15 12:47:44,995 | INFO | Run completed successfully.
2026-07-15 12:47:44,995 | INFO | Artifacts: /home/runner/work/nifty100-reporter/nifty100-reporter/reports/nifty100_daily_report_20260715.html | /home/runner/work/nifty100-reporter/nifty100-reporter/reports/nifty100_daily_report_20260715.xlsx | log: /home/runner/work/nifty100-reporter/nifty100-reporter/logs/run_20260715_181557.log
