2026-08-01 12:45:52,168 | INFO | Nifty 100 Daily EMA Cross Reporter | Version 3.3.8 | Released 2026-04-17
2026-08-01 12:45:52,168 | INFO | Base directory: /home/runner/work/nifty100-reporter/nifty100-reporter
2026-08-01 12:45:52,168 | INFO | Loaded config. Email enabled: True | Recipients: 1
2026-08-01 12:45:52,241 | WARNING | NSE session bootstrap HTTP 403 (attempt 1/5) — refreshing NSE session cookie …
2026-08-01 12:46:02,861 | INFO | NSE session bootstrap status: 200
2026-08-01 12:46:02,861 | INFO | Downloading Nifty 100 universe from https://www.niftyindices.com/IndexConstituent/ind_nifty100list.csv
2026-08-01 12:46:03,822 | INFO | Universe download status: 200
2026-08-01 12:46:03,827 | INFO | Universe rows loaded: 100
2026-08-01 12:46:03,941 | INFO | Loaded history rows: 132754
2026-08-01 12:46:03,949 | INFO | yfinance history update: 100 symbols | 2026-07-30 → 2026-08-02
2026-08-01 12:46:03,950 | INFO | yfinance batch download: 100 symbols | 2026-07-30 → 2026-08-02
2026-08-01 12:46:10,162 | INFO | yfinance raw shape: (2, 500)
2026-08-01 12:46:10,499 | INFO | yfinance parsed rows after date-filter: 175
2026-08-01 12:46:10,500 | INFO | New rows from yfinance: 175
2026-08-01 12:46:11,268 | INFO | Saved history rows: 132754 | file: /home/runner/work/nifty100-reporter/nifty100-reporter/data/nifty100_ohlcv_history.csv
2026-08-01 12:46:11,382 | INFO | Loaded history rows: 132754
2026-08-01 12:46:11,382 | INFO | Latest OHLCV data is from 2026-07-31
2026-08-01 12:46:11,407 | INFO | Latest Delivery data is from 2026-07-31
2026-08-01 12:46:11,457 | INFO | Delivery cache has 33 dates — skipping backfill.
2026-08-01 12:46:11,457 | INFO | Delivery fetch attempt [1/7] — URL: https://archives.nseindia.com/products/content/sec_bhavdata_full_31072026.csv
2026-08-01 12:46:11,923 | INFO | Delivery fetch SUCCESS — date: 2026-07-31 | size: 371072 bytes | URL: https://archives.nseindia.com/products/content/sec_bhavdata_full_31072026.csv
2026-08-01 12:46:12,292 | INFO | Delivery cache updated: 2409 symbols for 2026-07-31 (rows in cache: 79107)
2026-08-01 12:46:12,294 | INFO | Delivery data: 2409 symbols | fallback=False
2026-08-01 12:46:13,356 | INFO | Corporate actions bulk OK: 85 raw rows | 5 Nifty100 symbols with events
2026-08-01 12:46:44,674 | INFO | Corporate actions: 5/100 symbols have events (window 01-08-2026 to 31-08-2026) | Symbols: BOSCHLTD, GRASIM, HYUNDAI, ICICIBANK, MARUTI
2026-08-01 12:46:44,674 | INFO | Index membership from cache: NIFTY 50 (50 symbols)
2026-08-01 12:46:44,674 | INFO | Index membership from cache: Nifty Next 50 (50 symbols)
2026-08-01 12:46:44,674 | INFO | Index membership ready: 100 symbols mapped
2026-08-01 12:46:45,341 | INFO | News RSS query for ABB: https://news.google.com/rss/search?q=%22ABB+India+Ltd.%22+NSE+when:10d&hl=en-IN&gl=IN&ceid=IN:en
2026-08-01 12:46:45,583 | INFO | News RSS status for ABB: 200
2026-08-01 12:46:45,957 | INFO | News RSS query for ADANIENSOL: https://news.google.com/rss/search?q=%22Adani+Energy+Solutions+Ltd.%22+NSE+when:10d&hl=en-IN&gl=IN&ceid=IN:en
2026-08-01 12:46:46,191 | INFO | News RSS status for ADANIENSOL: 200
2026-08-01 12:46:49,756 | INFO | News RSS query for APOLLOHOSP: https://news.google.com/rss/search?q=%22Apollo+Hospitals+Enterprise+Ltd.%22+NSE+when:10d&hl=en-IN&gl=IN&ceid=IN:en
2026-08-01 12:46:49,936 | INFO | News RSS status for APOLLOHOSP: 200
2026-08-01 12:46:49,939 | INFO | News RSS query for APOLLOHOSP: https://news.google.com/rss/search?q=%22Apollo+Hospitals+Enterprise+Ltd.%22+stock+when:10d&hl=en-IN&gl=IN&ceid=IN:en
2026-08-01 12:46:50,137 | INFO | News RSS status for APOLLOHOSP: 200
2026-08-01 12:46:50,784 | INFO | News RSS query for ASIANPAINT: https://news.google.com/rss/search?q=%22Asian+Paints+Ltd.%22+NSE+when:10d&hl=en-IN&gl=IN&ceid=IN:en
2026-08-01 12:46:51,002 | INFO | News RSS status for ASIANPAINT: 200
2026-08-01 12:46:52,253 | INFO | News RSS query for BAJAJ-AUTO: https://news.google.com/rss/search?q=%22Bajaj+Auto+Ltd.%22+NSE+when:10d&hl=en-IN&gl=IN&ceid=IN:en
2026-08-01 12:46:52,467 | INFO | News RSS status for BAJAJ-AUTO: 200
2026-08-01 12:46:54,290 | INFO | News RSS query for BAJFINANCE: https://news.google.com/rss/search?q=%22Bajaj+Finance+Ltd.%22+NSE+when:10d&hl=en-IN&gl=IN&ceid=IN:en
2026-08-01 12:46:54,499 | INFO | News RSS status for BAJFINANCE: 200
2026-08-01 12:46:56,900 | INFO | News RSS query for BOSCHLTD: https://news.google.com/rss/search?q=%22Bosch+Ltd.%22+NSE+when:10d&hl=en-IN&gl=IN&ceid=IN:en
2026-08-01 12:46:57,078 | INFO | News RSS status for BOSCHLTD: 200
2026-08-01 12:46:57,146 | INFO | News RSS query for BOSCHLTD: https://news.google.com/rss/search?q=%22Bosch+Ltd.%22+NSE+when:10d&hl=en-IN&gl=IN&ceid=IN:en
2026-08-01 12:46:57,158 | INFO | News RSS status for BOSCHLTD: 200
2026-08-01 12:47:00,162 | INFO | News RSS query for CHOLAFIN: https://news.google.com/rss/search?q=%22Cholamandalam+Investment+and+Finance+Company+Ltd.%22+NSE+when:10d&hl=en-IN&gl=IN&ceid=IN:en
2026-08-01 12:47:00,370 | INFO | News RSS status for CHOLAFIN: 200
2026-08-01 12:47:01,053 | INFO | News RSS query for CIPLA: https://news.google.com/rss/search?q=%22Cipla+Ltd.%22+NSE+when:10d&hl=en-IN&gl=IN&ceid=IN:en
2026-08-01 12:47:01,273 | INFO | News RSS status for CIPLA: 200
2026-08-01 12:47:03,097 | INFO | News RSS query for DIVISLAB: https://news.google.com/rss/search?q=%22Divi%27s+Laboratories+Ltd.%22+NSE+when:10d&hl=en-IN&gl=IN&ceid=IN:en
2026-08-01 12:47:03,293 | INFO | News RSS status for DIVISLAB: 200
2026-08-01 12:47:03,295 | INFO | News RSS query for DIVISLAB: https://news.google.com/rss/search?q=%22Divi%27s+Laboratories+Ltd.%22+stock+when:10d&hl=en-IN&gl=IN&ceid=IN:en
2026-08-01 12:47:03,490 | INFO | News RSS status for DIVISLAB: 200
2026-08-01 12:47:05,910 | INFO | News RSS query for EICHERMOT: https://news.google.com/rss/search?q=%22Eicher+Motors+Ltd.%22+NSE+when:10d&hl=en-IN&gl=IN&ceid=IN:en
2026-08-01 12:47:06,197 | INFO | News RSS status for EICHERMOT: 200
2026-08-01 12:47:06,889 | INFO | News RSS query for ETERNAL: https://news.google.com/rss/search?q=%22Eternal+Ltd.%22+NSE+when:10d&hl=en-IN&gl=IN&ceid=IN:en
2026-08-01 12:47:07,142 | INFO | News RSS status for ETERNAL: 200
2026-08-01 12:47:07,795 | INFO | News RSS query for GAIL: https://news.google.com/rss/search?q=%22GAIL+%28India%29+Ltd.%22+NSE+when:10d&hl=en-IN&gl=IN&ceid=IN:en
2026-08-01 12:47:07,990 | INFO | News RSS status for GAIL: 200
2026-08-01 12:47:09,221 | INFO | News RSS query for GRASIM: https://news.google.com/rss/search?q=%22Grasim+Industries+Ltd.%22+NSE+when:10d&hl=en-IN&gl=IN&ceid=IN:en
2026-08-01 12:47:09,432 | INFO | News RSS status for GRASIM: 200
2026-08-01 12:47:10,077 | INFO | News RSS query for HAL: https://news.google.com/rss/search?q=%22Hindustan+Aeronautics+Ltd.%22+NSE+when:10d&hl=en-IN&gl=IN&ceid=IN:en
2026-08-01 12:47:10,259 | INFO | News RSS status for HAL: 200
2026-08-01 12:47:15,170 | INFO | News RSS query for ICICIBANK: https://news.google.com/rss/search?q=%22ICICI+Bank+Ltd.%22+NSE+when:10d&hl=en-IN&gl=IN&ceid=IN:en
2026-08-01 12:47:15,393 | INFO | News RSS status for ICICIBANK: 200
2026-08-01 12:47:16,036 | INFO | News RSS query for INDHOTEL: https://news.google.com/rss/search?q=%22Indian+Hotels+Co.+Ltd.%22+NSE+when:10d&hl=en-IN&gl=IN&ceid=IN:en
2026-08-01 12:47:16,221 | INFO | News RSS status for INDHOTEL: 200
2026-08-01 12:47:16,223 | INFO | News RSS query for INDHOTEL: https://news.google.com/rss/search?q=%22Indian+Hotels+Co.+Ltd.%22+stock+when:10d&hl=en-IN&gl=IN&ceid=IN:en
2026-08-01 12:47:16,409 | INFO | News RSS status for INDHOTEL: 200
2026-08-01 12:47:16,410 | INFO | News RSS query for INDHOTEL: https://news.google.com/rss/search?q=INDHOTEL+NSE+when:10d&hl=en-IN&gl=IN&ceid=IN:en
2026-08-01 12:47:16,614 | INFO | News RSS status for INDHOTEL: 200
2026-08-01 12:47:16,679 | INFO | News RSS query for INDHOTEL: https://news.google.com/rss/search?q=%22Indian+Hotels+Co.+Ltd.%22+NSE+when:10d&hl=en-IN&gl=IN&ceid=IN:en
2026-08-01 12:47:16,692 | INFO | News RSS status for INDHOTEL: 200
2026-08-01 12:47:16,694 | INFO | News RSS query for INDHOTEL: https://news.google.com/rss/search?q=%22Indian+Hotels+Co.+Ltd.%22+stock+when:10d&hl=en-IN&gl=IN&ceid=IN:en
2026-08-01 12:47:16,705 | INFO | News RSS status for INDHOTEL: 200
2026-08-01 12:47:16,707 | INFO | News RSS query for INDHOTEL: https://news.google.com/rss/search?q=INDHOTEL+NSE+when:10d&hl=en-IN&gl=IN&ceid=IN:en
2026-08-01 12:47:16,719 | INFO | News RSS status for INDHOTEL: 200
2026-08-01 12:47:17,356 | INFO | News RSS query for INDIGO: https://news.google.com/rss/search?q=%22InterGlobe+Aviation+Ltd.%22+NSE+when:10d&hl=en-IN&gl=IN&ceid=IN:en
2026-08-01 12:47:17,565 | INFO | News RSS status for INDIGO: 200
2026-08-01 12:47:20,841 | INFO | News RSS query for JIOFIN: https://news.google.com/rss/search?q=%22Jio+Financial+Services+Ltd.%22+NSE+when:10d&hl=en-IN&gl=IN&ceid=IN:en
2026-08-01 12:47:21,039 | INFO | News RSS status for JIOFIN: 200
2026-08-01 12:47:21,696 | INFO | News RSS query for JSWSTEEL: https://news.google.com/rss/search?q=%22JSW+Steel+Ltd.%22+NSE+when:10d&hl=en-IN&gl=IN&ceid=IN:en
2026-08-01 12:47:21,886 | INFO | News RSS status for JSWSTEEL: 200
2026-08-01 12:47:21,954 | INFO | News RSS query for JSWSTEEL: https://news.google.com/rss/search?q=%22JSW+Steel+Ltd.%22+NSE+when:10d&hl=en-IN&gl=IN&ceid=IN:en
2026-08-01 12:47:21,966 | INFO | News RSS status for JSWSTEEL: 200
2026-08-01 12:47:22,032 | INFO | News RSS query for JSWSTEEL: https://news.google.com/rss/search?q=%22JSW+Steel+Ltd.%22+NSE+when:10d&hl=en-IN&gl=IN&ceid=IN:en
2026-08-01 12:47:22,045 | INFO | News RSS status for JSWSTEEL: 200
2026-08-01 12:47:23,262 | INFO | News RSS query for LODHA: https://news.google.com/rss/search?q=%22Lodha+Developers+Ltd.%22+NSE+when:10d&hl=en-IN&gl=IN&ceid=IN:en
2026-08-01 12:47:23,451 | INFO | News RSS status for LODHA: 200
2026-08-01 12:47:24,047 | WARNING | Skipping LTM — only 111 bars available (need 220). Extend history_backfill_days in config.json to include this symbol.
2026-08-01 12:47:25,883 | INFO | News RSS query for MAXHEALTH: https://news.google.com/rss/search?q=%22Max+Healthcare+Institute+Ltd.%22+NSE+when:10d&hl=en-IN&gl=IN&ceid=IN:en
2026-08-01 12:47:26,064 | INFO | News RSS status for MAXHEALTH: 200
2026-08-01 12:47:27,313 | INFO | News RSS query for MOTHERSON: https://news.google.com/rss/search?q=%22Samvardhana+Motherson+International+Ltd.%22+NSE+when:10d&hl=en-IN&gl=IN&ceid=IN:en
2026-08-01 12:47:27,493 | INFO | News RSS status for MOTHERSON: 200
2026-08-01 12:47:27,495 | INFO | News RSS query for MOTHERSON: https://news.google.com/rss/search?q=%22Samvardhana+Motherson+International+Ltd.%22+stock+when:10d&hl=en-IN&gl=IN&ceid=IN:en
2026-08-01 12:47:27,693 | INFO | News RSS status for MOTHERSON: 200
2026-08-01 12:47:28,947 | INFO | News RSS query for NESTLEIND: https://news.google.com/rss/search?q=%22Nestle+India+Ltd.%22+NSE+when:10d&hl=en-IN&gl=IN&ceid=IN:en
2026-08-01 12:47:29,156 | INFO | News RSS status for NESTLEIND: 200
2026-08-01 12:47:31,569 | INFO | News RSS query for PIDILITIND: https://news.google.com/rss/search?q=%22Pidilite+Industries+Ltd.%22+NSE+when:10d&hl=en-IN&gl=IN&ceid=IN:en
2026-08-01 12:47:31,753 | INFO | News RSS status for PIDILITIND: 200
2026-08-01 12:47:31,753 | INFO | News RSS query for PIDILITIND: https://news.google.com/rss/search?q=%22Pidilite+Industries+Ltd.%22+stock+when:10d&hl=en-IN&gl=IN&ceid=IN:en
2026-08-01 12:47:31,946 | INFO | News RSS status for PIDILITIND: 200
2026-08-01 12:47:36,719 | INFO | News RSS query for SHRIRAMFIN: https://news.google.com/rss/search?q=%22Shriram+Finance+Ltd.%22+NSE+when:10d&hl=en-IN&gl=IN&ceid=IN:en
2026-08-01 12:47:36,930 | INFO | News RSS status for SHRIRAMFIN: 200
2026-08-01 12:47:37,584 | INFO | News RSS query for SIEMENS: https://news.google.com/rss/search?q=%22Siemens+Ltd.%22+NSE+when:10d&hl=en-IN&gl=IN&ceid=IN:en
2026-08-01 12:47:37,759 | INFO | News RSS status for SIEMENS: 200
2026-08-01 12:47:37,761 | INFO | News RSS query for SIEMENS: https://news.google.com/rss/search?q=%22Siemens+Ltd.%22+stock+when:10d&hl=en-IN&gl=IN&ceid=IN:en
2026-08-01 12:47:37,955 | INFO | News RSS status for SIEMENS: 200
2026-08-01 12:47:38,605 | INFO | News RSS query for SOLARINDS: https://news.google.com/rss/search?q=%22Solar+Industries+India+Ltd.%22+NSE+when:10d&hl=en-IN&gl=IN&ceid=IN:en
2026-08-01 12:47:38,800 | INFO | News RSS status for SOLARINDS: 200
2026-08-01 12:47:39,461 | INFO | News RSS query for SUNPHARMA: https://news.google.com/rss/search?q=%22Sun+Pharmaceutical+Industries+Ltd.%22+NSE+when:10d&hl=en-IN&gl=IN&ceid=IN:en
2026-08-01 12:47:39,645 | INFO | News RSS status for SUNPHARMA: 200
2026-08-01 12:47:39,651 | WARNING | Skipping TATACAP — only 199 bars available (need 220). Extend history_backfill_days in config.json to include this symbol.
2026-08-01 12:47:42,615 | INFO | News RSS query for TECHM: https://news.google.com/rss/search?q=%22Tech+Mahindra+Ltd.%22+NSE+when:10d&hl=en-IN&gl=IN&ceid=IN:en
2026-08-01 12:47:42,823 | INFO | News RSS status for TECHM: 200
2026-08-01 12:47:43,470 | INFO | News RSS query for TITAN: https://news.google.com/rss/search?q=%22Titan+Company+Ltd.%22+NSE+when:10d&hl=en-IN&gl=IN&ceid=IN:en
2026-08-01 12:47:43,661 | INFO | News RSS status for TITAN: 200
2026-08-01 12:47:43,666 | WARNING | Skipping TMCV — only 179 bars available (need 220). Extend history_backfill_days in config.json to include this symbol.
2026-08-01 12:47:43,667 | WARNING | Skipping TMPV — only 196 bars available (need 220). Extend history_backfill_days in config.json to include this symbol.
2026-08-01 12:47:44,311 | INFO | News RSS query for TORNTPHARM: https://news.google.com/rss/search?q=%22Torrent+Pharmaceuticals+Ltd.%22+NSE+when:10d&hl=en-IN&gl=IN&ceid=IN:en
2026-08-01 12:47:44,533 | INFO | News RSS status for TORNTPHARM: 200
2026-08-01 12:47:45,745 | INFO | News RSS query for TVSMOTOR: https://news.google.com/rss/search?q=%22TVS+Motor+Company+Ltd.%22+NSE+when:10d&hl=en-IN&gl=IN&ceid=IN:en
2026-08-01 12:47:45,948 | INFO | News RSS status for TVSMOTOR: 200
2026-08-01 12:47:47,155 | INFO | News RSS query for UNIONBANK: https://news.google.com/rss/search?q=%22Union+Bank+of+India%22+NSE+when:10d&hl=en-IN&gl=IN&ceid=IN:en
2026-08-01 12:47:47,405 | INFO | News RSS status for UNIONBANK: 200
2026-08-01 12:47:47,472 | INFO | News RSS query for UNIONBANK: https://news.google.com/rss/search?q=%22Union+Bank+of+India%22+NSE+when:10d&hl=en-IN&gl=IN&ceid=IN:en
2026-08-01 12:47:47,486 | INFO | News RSS status for UNIONBANK: 200
2026-08-01 12:47:47,783 | INFO | News RSS query for UNITDSPR: https://news.google.com/rss/search?q=%22United+Spirits+Ltd.%22+NSE+when:10d&hl=en-IN&gl=IN&ceid=IN:en
2026-08-01 12:47:47,974 | INFO | News RSS status for UNITDSPR: 200
2026-08-01 12:47:47,980 | WARNING | Skipping VAML — only 6 bars available (need 220). Extend history_backfill_days in config.json to include this symbol.
2026-08-01 12:47:49,141 | WARNING | Skipping VEDPOWER — only 4 bars available (need 220). Extend history_backfill_days in config.json to include this symbol.
2026-08-01 12:47:49,141 | WARNING | Skipping VISL — only 4 bars available (need 220). Extend history_backfill_days in config.json to include this symbol.
2026-08-01 12:47:49,142 | WARNING | Skipping VOGL — only 7 bars available (need 220). Extend history_backfill_days in config.json to include this symbol.
2026-08-01 12:47:50,323 | INFO | Index membership from cache: NIFTY 50 (50 symbols)
2026-08-01 12:47:50,323 | INFO | Index membership from cache: Nifty Next 50 (50 symbols)
2026-08-01 12:47:50,323 | INFO | Index membership ready: 100 symbols mapped
2026-08-01 12:47:50,323 | INFO | Market Health: fetching index OHLCV...
2026-08-01 12:47:50,326 | INFO | Index OHLCV cache fresh for NIFTY 50 (1433 rows)
2026-08-01 12:47:51,902 | WARNING | niftyindices failed NIFTY NEXT 50 2026-07-29-2026-08-01: Expecting value: line 1 column 2 (char 1)
2026-08-01 12:47:52,107 | INFO | Index OHLCV via yfinance (JUNIORBEES.NS) for NIFTY NEXT 50: 1434 rows
2026-08-01 12:47:52,108 | INFO | Market Health: fetching VIX...
2026-08-01 12:47:52,110 | INFO | VIX cache fresh (131 rows)
2026-08-01 12:47:52,110 | INFO | Market Health: updating breadth EMA cache...
2026-08-01 12:47:53,313 | INFO | Market Health [NIFTY 50]: Score=56.0 | Weak Bull &#x1F7E1;
2026-08-01 12:47:53,331 | INFO | Market Health [Nifty Next 50]: Score=20.0 | Weak Bull &#x1F7E1;
2026-08-01 12:47:53,370 | INFO | Signal log: skipping new signal insertion — 2026-08-01 is a weekend.
2026-08-01 12:47:54,607 | INFO | Signal tracker: updated 191 Active signal rows.
2026-08-01 12:47:54,627 | INFO | HTML report written: /home/runner/work/nifty100-reporter/nifty100-reporter/reports/nifty100_daily_report_20260801.html
2026-08-01 12:47:54,635 | INFO | Market Health Excel sheet written.
2026-08-01 12:47:55,842 | INFO | Excel report written: /home/runner/work/nifty100-reporter/nifty100-reporter/reports/nifty100_daily_report_20260801.xlsx
2026-08-01 12:47:55,842 | INFO | GitHub Actions detected — skipping Gmail API send (workflow handles email).
2026-08-01 12:47:55,842 | INFO | Run completed successfully.
2026-08-01 12:47:55,842 | INFO | Artifacts: /home/runner/work/nifty100-reporter/nifty100-reporter/reports/nifty100_daily_report_20260801.html | /home/runner/work/nifty100-reporter/nifty100-reporter/reports/nifty100_daily_report_20260801.xlsx | log: /home/runner/work/nifty100-reporter/nifty100-reporter/logs/run_20260801_181552.log
