2026-08-09 12:45:47,238 | INFO | Nifty 100 Daily EMA Cross Reporter | Version 3.3.8 | Released 2026-04-17
2026-08-09 12:45:47,238 | INFO | Base directory: /home/runner/work/nifty100-reporter/nifty100-reporter
2026-08-09 12:45:47,238 | INFO | Loaded config. Email enabled: True | Recipients: 1
2026-08-09 12:45:47,334 | WARNING | NSE session bootstrap HTTP 403 (attempt 1/5) — refreshing NSE session cookie …
2026-08-09 12:45:57,522 | INFO | NSE session bootstrap status: 200
2026-08-09 12:45:57,522 | INFO | Downloading Nifty 100 universe from https://www.niftyindices.com/IndexConstituent/ind_nifty100list.csv
2026-08-09 12:45:57,859 | INFO | Universe download status: 200
2026-08-09 12:45:57,864 | INFO | Universe rows loaded: 100
2026-08-09 12:45:57,988 | INFO | Loaded history rows: 133254
2026-08-09 12:45:57,996 | INFO | yfinance history update: 100 symbols | 2026-08-06 → 2026-08-10
2026-08-09 12:45:57,996 | INFO | yfinance batch download: 100 symbols | 2026-08-06 → 2026-08-10
2026-08-09 12:45:57,998 | INFO | Failed to create TzCache, reason: Error creating TzCache folder: '/home/runner/.cache/py-yfinance' reason: [Errno 17] File exists: '/home/runner/.cache/py-yfinance'. TzCache will not be used. Tip: You can direct cache to use a different location with 'set_tz_cache_location(mylocation)'
2026-08-09 12:46:02,190 | INFO | yfinance raw shape: (2, 500)
2026-08-09 12:46:02,464 | INFO | yfinance parsed rows after date-filter: 200
2026-08-09 12:46:02,465 | INFO | New rows from yfinance: 200
2026-08-09 12:46:03,248 | INFO | Saved history rows: 133254 | file: /home/runner/work/nifty100-reporter/nifty100-reporter/data/nifty100_ohlcv_history.csv
2026-08-09 12:46:03,355 | INFO | Loaded history rows: 133254
2026-08-09 12:46:03,356 | INFO | Latest OHLCV data is from 2026-08-07
2026-08-09 12:46:03,381 | INFO | Latest Delivery data is from 2026-08-07
2026-08-09 12:46:03,427 | INFO | Delivery cache has 33 dates — skipping backfill.
2026-08-09 12:46:03,427 | INFO | Delivery fetch attempt [2/7] — URL: https://archives.nseindia.com/products/content/sec_bhavdata_full_07082026.csv
2026-08-09 12:46:04,148 | INFO | Delivery fetch SUCCESS — date: 2026-08-07 | size: 374452 bytes | URL: https://archives.nseindia.com/products/content/sec_bhavdata_full_07082026.csv
2026-08-09 12:46:04,514 | INFO | Delivery cache updated: 2416 symbols for 2026-08-07 (rows in cache: 79069)
2026-08-09 12:46:04,515 | INFO | Delivery data: 2416 symbols | fallback=False
2026-08-09 12:46:04,910 | INFO | Corporate actions bulk OK: 57 raw rows | 1 Nifty100 symbols with events
2026-08-09 12:46:37,669 | INFO | Corporate actions: 1/100 symbols have events (window 09-08-2026 to 08-09-2026) | Symbols: JIOFIN
2026-08-09 12:46:37,669 | INFO | Index membership from cache: NIFTY 50 (50 symbols)
2026-08-09 12:46:37,669 | INFO | Index membership from cache: Nifty Next 50 (50 symbols)
2026-08-09 12:46:37,669 | INFO | Index membership ready: 100 symbols mapped
2026-08-09 12:46:38,145 | INFO | News RSS query for ABB: https://news.google.com/rss/search?q=%22ABB+India+Ltd.%22+NSE+when:10d&hl=en-IN&gl=IN&ceid=IN:en
2026-08-09 12:46:38,467 | INFO | News RSS status for ABB: 200
2026-08-09 12:46:38,740 | INFO | News RSS query for ADANIENSOL: https://news.google.com/rss/search?q=%22Adani+Energy+Solutions+Ltd.%22+NSE+when:10d&hl=en-IN&gl=IN&ceid=IN:en
2026-08-09 12:46:38,953 | INFO | News RSS status for ADANIENSOL: 200
2026-08-09 12:46:41,435 | INFO | News RSS query for APOLLOHOSP: https://news.google.com/rss/search?q=%22Apollo+Hospitals+Enterprise+Ltd.%22+NSE+when:10d&hl=en-IN&gl=IN&ceid=IN:en
2026-08-09 12:46:41,628 | INFO | News RSS status for APOLLOHOSP: 200
2026-08-09 12:46:41,693 | INFO | News RSS query for APOLLOHOSP: https://news.google.com/rss/search?q=%22Apollo+Hospitals+Enterprise+Ltd.%22+NSE+when:10d&hl=en-IN&gl=IN&ceid=IN:en
2026-08-09 12:46:41,702 | INFO | News RSS status for APOLLOHOSP: 200
2026-08-09 12:46:42,158 | INFO | News RSS query for ASIANPAINT: https://news.google.com/rss/search?q=%22Asian+Paints+Ltd.%22+NSE+when:10d&hl=en-IN&gl=IN&ceid=IN:en
2026-08-09 12:46:42,354 | INFO | News RSS status for ASIANPAINT: 200
2026-08-09 12:46:43,199 | INFO | News RSS query for BAJAJ-AUTO: https://news.google.com/rss/search?q=%22Bajaj+Auto+Ltd.%22+NSE+when:10d&hl=en-IN&gl=IN&ceid=IN:en
2026-08-09 12:46:43,413 | INFO | News RSS status for BAJAJ-AUTO: 200
2026-08-09 12:46:43,866 | INFO | News RSS query for BAJAJFINSV: https://news.google.com/rss/search?q=%22Bajaj+Finserv+Ltd.%22+NSE+when:10d&hl=en-IN&gl=IN&ceid=IN:en
2026-08-09 12:46:44,116 | INFO | News RSS status for BAJAJFINSV: 200
2026-08-09 12:46:44,179 | INFO | News RSS query for BAJAJFINSV: https://news.google.com/rss/search?q=%22Bajaj+Finserv+Ltd.%22+NSE+when:10d&hl=en-IN&gl=IN&ceid=IN:en
2026-08-09 12:46:44,188 | INFO | News RSS status for BAJAJFINSV: 200
2026-08-09 12:46:45,045 | INFO | News RSS query for BAJFINANCE: https://news.google.com/rss/search?q=%22Bajaj+Finance+Ltd.%22+NSE+when:10d&hl=en-IN&gl=IN&ceid=IN:en
2026-08-09 12:46:45,368 | INFO | News RSS status for BAJFINANCE: 200
2026-08-09 12:46:46,632 | INFO | News RSS query for BHARTIARTL: https://news.google.com/rss/search?q=%22Bharti+Airtel+Ltd.%22+NSE+when:10d&hl=en-IN&gl=IN&ceid=IN:en
2026-08-09 12:46:46,821 | INFO | News RSS status for BHARTIARTL: 200
2026-08-09 12:46:47,274 | INFO | News RSS query for BOSCHLTD: https://news.google.com/rss/search?q=%22Bosch+Ltd.%22+NSE+when:10d&hl=en-IN&gl=IN&ceid=IN:en
2026-08-09 12:46:47,468 | INFO | News RSS status for BOSCHLTD: 200
2026-08-09 12:46:49,553 | INFO | News RSS query for CHOLAFIN: https://news.google.com/rss/search?q=%22Cholamandalam+Investment+and+Finance+Company+Ltd.%22+NSE+when:10d&hl=en-IN&gl=IN&ceid=IN:en
2026-08-09 12:46:49,749 | INFO | News RSS status for CHOLAFIN: 200
2026-08-09 12:46:50,207 | INFO | News RSS query for CIPLA: https://news.google.com/rss/search?q=%22Cipla+Ltd.%22+NSE+when:10d&hl=en-IN&gl=IN&ceid=IN:en
2026-08-09 12:46:50,409 | INFO | News RSS status for CIPLA: 200
2026-08-09 12:46:50,473 | INFO | News RSS query for CIPLA: https://news.google.com/rss/search?q=%22Cipla+Ltd.%22+NSE+when:10d&hl=en-IN&gl=IN&ceid=IN:en
2026-08-09 12:46:50,482 | INFO | News RSS status for CIPLA: 200
2026-08-09 12:46:51,731 | INFO | News RSS query for DIVISLAB: https://news.google.com/rss/search?q=%22Divi%27s+Laboratories+Ltd.%22+NSE+when:10d&hl=en-IN&gl=IN&ceid=IN:en
2026-08-09 12:46:51,927 | INFO | News RSS status for DIVISLAB: 200
2026-08-09 12:46:51,928 | INFO | News RSS query for DIVISLAB: https://news.google.com/rss/search?q=%22Divi%27s+Laboratories+Ltd.%22+stock+when:10d&hl=en-IN&gl=IN&ceid=IN:en
2026-08-09 12:46:52,118 | INFO | News RSS status for DIVISLAB: 200
2026-08-09 12:46:53,776 | INFO | News RSS query for EICHERMOT: https://news.google.com/rss/search?q=%22Eicher+Motors+Ltd.%22+NSE+when:10d&hl=en-IN&gl=IN&ceid=IN:en
2026-08-09 12:46:53,963 | INFO | News RSS status for EICHERMOT: 200
2026-08-09 12:46:54,454 | INFO | News RSS query for ETERNAL: https://news.google.com/rss/search?q=%22Eternal+Ltd.%22+NSE+when:10d&hl=en-IN&gl=IN&ceid=IN:en
2026-08-09 12:46:54,697 | INFO | News RSS status for ETERNAL: 200
2026-08-09 12:46:55,161 | INFO | News RSS query for GAIL: https://news.google.com/rss/search?q=%22GAIL+%28India%29+Ltd.%22+NSE+when:10d&hl=en-IN&gl=IN&ceid=IN:en
2026-08-09 12:46:55,373 | INFO | News RSS status for GAIL: 200
2026-08-09 12:46:56,226 | INFO | News RSS query for GRASIM: https://news.google.com/rss/search?q=%22Grasim+Industries+Ltd.%22+NSE+when:10d&hl=en-IN&gl=IN&ceid=IN:en
2026-08-09 12:46:56,413 | INFO | News RSS status for GRASIM: 200
2026-08-09 12:46:56,867 | INFO | News RSS query for HAL: https://news.google.com/rss/search?q=%22Hindustan+Aeronautics+Ltd.%22+NSE+when:10d&hl=en-IN&gl=IN&ceid=IN:en
2026-08-09 12:46:57,065 | INFO | News RSS status for HAL: 200
2026-08-09 12:47:00,417 | INFO | News RSS query for ICICIBANK: https://news.google.com/rss/search?q=%22ICICI+Bank+Ltd.%22+NSE+when:10d&hl=en-IN&gl=IN&ceid=IN:en
2026-08-09 12:47:00,673 | INFO | News RSS status for ICICIBANK: 200
2026-08-09 12:47:01,130 | INFO | News RSS query for INDHOTEL: https://news.google.com/rss/search?q=%22Indian+Hotels+Co.+Ltd.%22+NSE+when:10d&hl=en-IN&gl=IN&ceid=IN:en
2026-08-09 12:47:01,312 | INFO | News RSS status for INDHOTEL: 200
2026-08-09 12:47:01,313 | INFO | News RSS query for INDHOTEL: https://news.google.com/rss/search?q=%22Indian+Hotels+Co.+Ltd.%22+stock+when:10d&hl=en-IN&gl=IN&ceid=IN:en
2026-08-09 12:47:01,533 | INFO | News RSS status for INDHOTEL: 200
2026-08-09 12:47:01,986 | INFO | News RSS query for INDIGO: https://news.google.com/rss/search?q=%22InterGlobe+Aviation+Ltd.%22+NSE+when:10d&hl=en-IN&gl=IN&ceid=IN:en
2026-08-09 12:47:02,227 | INFO | News RSS status for INDIGO: 200
2026-08-09 12:47:04,880 | INFO | News RSS query for JSWSTEEL: https://news.google.com/rss/search?q=%22JSW+Steel+Ltd.%22+NSE+when:10d&hl=en-IN&gl=IN&ceid=IN:en
2026-08-09 12:47:05,116 | INFO | News RSS status for JSWSTEEL: 200
2026-08-09 12:47:05,118 | INFO | News RSS query for JSWSTEEL: https://news.google.com/rss/search?q=%22JSW+Steel+Ltd.%22+stock+when:10d&hl=en-IN&gl=IN&ceid=IN:en
2026-08-09 12:47:05,299 | INFO | News RSS status for JSWSTEEL: 200
2026-08-09 12:47:06,120 | INFO | News RSS query for LODHA: https://news.google.com/rss/search?q=%22Lodha+Developers+Ltd.%22+NSE+when:10d&hl=en-IN&gl=IN&ceid=IN:en
2026-08-09 12:47:06,293 | INFO | News RSS status for LODHA: 200
2026-08-09 12:47:06,296 | INFO | News RSS query for LODHA: https://news.google.com/rss/search?q=%22Lodha+Developers+Ltd.%22+stock+when:10d&hl=en-IN&gl=IN&ceid=IN:en
2026-08-09 12:47:06,474 | INFO | News RSS status for LODHA: 200
2026-08-09 12:47:06,537 | INFO | News RSS query for LODHA: https://news.google.com/rss/search?q=%22Lodha+Developers+Ltd.%22+NSE+when:10d&hl=en-IN&gl=IN&ceid=IN:en
2026-08-09 12:47:06,547 | INFO | News RSS status for LODHA: 200
2026-08-09 12:47:06,549 | INFO | News RSS query for LODHA: https://news.google.com/rss/search?q=%22Lodha+Developers+Ltd.%22+stock+when:10d&hl=en-IN&gl=IN&ceid=IN:en
2026-08-09 12:47:06,558 | INFO | News RSS status for LODHA: 200
2026-08-09 12:47:06,953 | WARNING | Skipping LTM — only 116 bars available (need 220). Extend history_backfill_days in config.json to include this symbol.
2026-08-09 12:47:09,018 | INFO | News RSS query for MOTHERSON: https://news.google.com/rss/search?q=%22Samvardhana+Motherson+International+Ltd.%22+NSE+when:10d&hl=en-IN&gl=IN&ceid=IN:en
2026-08-09 12:47:09,210 | INFO | News RSS status for MOTHERSON: 200
2026-08-09 12:47:10,064 | INFO | News RSS query for NESTLEIND: https://news.google.com/rss/search?q=%22Nestle+India+Ltd.%22+NSE+when:10d&hl=en-IN&gl=IN&ceid=IN:en
2026-08-09 12:47:10,314 | INFO | News RSS status for NESTLEIND: 200
2026-08-09 12:47:11,963 | INFO | News RSS query for PIDILITIND: https://news.google.com/rss/search?q=%22Pidilite+Industries+Ltd.%22+NSE+when:10d&hl=en-IN&gl=IN&ceid=IN:en
2026-08-09 12:47:12,138 | INFO | News RSS status for PIDILITIND: 200
2026-08-09 12:47:13,386 | INFO | News RSS query for RECLTD: https://news.google.com/rss/search?q=%22REC+Ltd.%22+NSE+when:10d&hl=en-IN&gl=IN&ceid=IN:en
2026-08-09 12:47:13,579 | INFO | News RSS status for RECLTD: 200
2026-08-09 12:47:14,822 | INFO | News RSS query for SBIN: https://news.google.com/rss/search?q=%22State+Bank+of+India%22+NSE+when:10d&hl=en-IN&gl=IN&ceid=IN:en
2026-08-09 12:47:15,159 | INFO | News RSS status for SBIN: 200
2026-08-09 12:47:16,011 | INFO | News RSS query for SHRIRAMFIN: https://news.google.com/rss/search?q=%22Shriram+Finance+Ltd.%22+NSE+when:10d&hl=en-IN&gl=IN&ceid=IN:en
2026-08-09 12:47:16,255 | INFO | News RSS status for SHRIRAMFIN: 200
2026-08-09 12:47:16,714 | INFO | News RSS query for SIEMENS: https://news.google.com/rss/search?q=%22Siemens+Ltd.%22+NSE+when:10d&hl=en-IN&gl=IN&ceid=IN:en
2026-08-09 12:47:16,887 | INFO | News RSS status for SIEMENS: 200
2026-08-09 12:47:16,889 | INFO | News RSS query for SIEMENS: https://news.google.com/rss/search?q=%22Siemens+Ltd.%22+stock+when:10d&hl=en-IN&gl=IN&ceid=IN:en
2026-08-09 12:47:17,076 | INFO | News RSS status for SIEMENS: 200
2026-08-09 12:47:17,536 | INFO | News RSS query for SOLARINDS: https://news.google.com/rss/search?q=%22Solar+Industries+India+Ltd.%22+NSE+when:10d&hl=en-IN&gl=IN&ceid=IN:en
2026-08-09 12:47:17,770 | INFO | News RSS status for SOLARINDS: 200
2026-08-09 12:47:17,835 | INFO | News RSS query for SOLARINDS: https://news.google.com/rss/search?q=%22Solar+Industries+India+Ltd.%22+NSE+when:10d&hl=en-IN&gl=IN&ceid=IN:en
2026-08-09 12:47:17,845 | INFO | News RSS status for SOLARINDS: 200
2026-08-09 12:47:18,306 | INFO | News RSS query for SUNPHARMA: https://news.google.com/rss/search?q=%22Sun+Pharmaceutical+Industries+Ltd.%22+NSE+when:10d&hl=en-IN&gl=IN&ceid=IN:en
2026-08-09 12:47:18,498 | INFO | News RSS status for SUNPHARMA: 200
2026-08-09 12:47:18,505 | WARNING | Skipping TATACAP — only 204 bars available (need 220). Extend history_backfill_days in config.json to include this symbol.
2026-08-09 12:47:20,561 | INFO | News RSS query for TECHM: https://news.google.com/rss/search?q=%22Tech+Mahindra+Ltd.%22+NSE+when:10d&hl=en-IN&gl=IN&ceid=IN:en
2026-08-09 12:47:20,748 | INFO | News RSS status for TECHM: 200
2026-08-09 12:47:21,201 | INFO | News RSS query for TITAN: https://news.google.com/rss/search?q=%22Titan+Company+Ltd.%22+NSE+when:10d&hl=en-IN&gl=IN&ceid=IN:en
2026-08-09 12:47:21,436 | INFO | News RSS status for TITAN: 200
2026-08-09 12:47:21,442 | WARNING | Skipping TMCV — only 184 bars available (need 220). Extend history_backfill_days in config.json to include this symbol.
2026-08-09 12:47:21,442 | WARNING | Skipping TMPV — only 201 bars available (need 220). Extend history_backfill_days in config.json to include this symbol.
2026-08-09 12:47:21,898 | INFO | News RSS query for TORNTPHARM: https://news.google.com/rss/search?q=%22Torrent+Pharmaceuticals+Ltd.%22+NSE+when:10d&hl=en-IN&gl=IN&ceid=IN:en
2026-08-09 12:47:22,136 | INFO | News RSS status for TORNTPHARM: 200
2026-08-09 12:47:22,139 | INFO | News RSS query for TORNTPHARM: https://news.google.com/rss/search?q=%22Torrent+Pharmaceuticals+Ltd.%22+stock+when:10d&hl=en-IN&gl=IN&ceid=IN:en
2026-08-09 12:47:22,336 | INFO | News RSS status for TORNTPHARM: 200
2026-08-09 12:47:23,191 | INFO | News RSS query for TVSMOTOR: https://news.google.com/rss/search?q=%22TVS+Motor+Company+Ltd.%22+NSE+when:10d&hl=en-IN&gl=IN&ceid=IN:en
2026-08-09 12:47:23,434 | INFO | News RSS status for TVSMOTOR: 200
2026-08-09 12:47:24,300 | INFO | News RSS query for UNIONBANK: https://news.google.com/rss/search?q=%22Union+Bank+of+India%22+NSE+when:10d&hl=en-IN&gl=IN&ceid=IN:en
2026-08-09 12:47:24,554 | INFO | News RSS status for UNIONBANK: 200
2026-08-09 12:47:24,775 | INFO | News RSS query for UNITDSPR: https://news.google.com/rss/search?q=%22United+Spirits+Ltd.%22+NSE+when:10d&hl=en-IN&gl=IN&ceid=IN:en
2026-08-09 12:47:25,010 | INFO | News RSS status for UNITDSPR: 200
2026-08-09 12:47:25,016 | WARNING | Skipping VAML — only 6 bars available (need 220). Extend history_backfill_days in config.json to include this symbol.
2026-08-09 12:47:25,806 | WARNING | Skipping VEDPOWER — only 4 bars available (need 220). Extend history_backfill_days in config.json to include this symbol.
2026-08-09 12:47:25,806 | WARNING | Skipping VISL — only 4 bars available (need 220). Extend history_backfill_days in config.json to include this symbol.
2026-08-09 12:47:25,807 | WARNING | Skipping VOGL — only 7 bars available (need 220). Extend history_backfill_days in config.json to include this symbol.
2026-08-09 12:47:26,664 | INFO | News RSS query for ZYDUSLIFE: https://news.google.com/rss/search?q=%22Zydus+Lifesciences+Ltd.%22+NSE+when:10d&hl=en-IN&gl=IN&ceid=IN:en
2026-08-09 12:47:26,907 | INFO | News RSS status for ZYDUSLIFE: 200
2026-08-09 12:47:26,909 | INFO | News RSS query for ZYDUSLIFE: https://news.google.com/rss/search?q=%22Zydus+Lifesciences+Ltd.%22+stock+when:10d&hl=en-IN&gl=IN&ceid=IN:en
2026-08-09 12:47:27,104 | INFO | News RSS status for ZYDUSLIFE: 200
2026-08-09 12:47:27,113 | INFO | Index membership from cache: NIFTY 50 (50 symbols)
2026-08-09 12:47:27,114 | INFO | Index membership from cache: Nifty Next 50 (50 symbols)
2026-08-09 12:47:27,114 | INFO | Index membership ready: 100 symbols mapped
2026-08-09 12:47:27,114 | INFO | Market Health: fetching index OHLCV...
2026-08-09 12:47:27,117 | INFO | Index OHLCV cache fresh for NIFTY 50 (1438 rows)
2026-08-09 12:47:27,120 | INFO | Index OHLCV cache fresh for NIFTY NEXT 50 (1438 rows)
2026-08-09 12:47:27,120 | INFO | Market Health: fetching VIX...
2026-08-09 12:47:27,121 | INFO | VIX cache fresh (136 rows)
2026-08-09 12:47:27,121 | INFO | Market Health: updating breadth EMA cache...
2026-08-09 12:47:28,398 | INFO | Market Health [NIFTY 50]: Score=54.5 | Weak Bull &#x1F7E1;
2026-08-09 12:47:28,418 | INFO | Market Health [Nifty Next 50]: Score=13.0 | Sideways &#x1F7E0;
2026-08-09 12:47:28,458 | INFO | Signal log: skipping new signal insertion — 2026-08-09 is a weekend.
2026-08-09 12:47:29,746 | INFO | Signal tracker: updated 185 Active signal rows.
2026-08-09 12:47:29,762 | INFO | HTML report written: /home/runner/work/nifty100-reporter/nifty100-reporter/reports/nifty100_daily_report_20260809.html
2026-08-09 12:47:29,770 | INFO | Market Health Excel sheet written.
2026-08-09 12:47:30,950 | INFO | Excel report written: /home/runner/work/nifty100-reporter/nifty100-reporter/reports/nifty100_daily_report_20260809.xlsx
2026-08-09 12:47:30,950 | INFO | GitHub Actions detected — skipping Gmail API send (workflow handles email).
2026-08-09 12:47:30,950 | INFO | Run completed successfully.
2026-08-09 12:47:30,950 | INFO | Artifacts: /home/runner/work/nifty100-reporter/nifty100-reporter/reports/nifty100_daily_report_20260809.html | /home/runner/work/nifty100-reporter/nifty100-reporter/reports/nifty100_daily_report_20260809.xlsx | log: /home/runner/work/nifty100-reporter/nifty100-reporter/logs/run_20260809_181547.log
