2026-07-03 12:46:00,426 | INFO | Nifty 100 Daily EMA Cross Reporter | Version 3.3.8 | Released 2026-04-17
2026-07-03 12:46:00,426 | INFO | Base directory: /home/runner/work/nifty100-reporter/nifty100-reporter
2026-07-03 12:46:00,427 | INFO | Loaded config. Email enabled: True | Recipients: 1
2026-07-03 12:46:00,509 | WARNING | NSE session bootstrap HTTP 403 (attempt 1/5) — refreshing NSE session cookie …
2026-07-03 12:46:11,016 | INFO | NSE session bootstrap status: 200
2026-07-03 12:46:11,016 | INFO | Downloading Nifty 100 universe from https://www.niftyindices.com/IndexConstituent/ind_nifty100list.csv
2026-07-03 12:46:11,353 | INFO | Universe download status: 200
2026-07-03 12:46:11,358 | INFO | Universe rows loaded: 100
2026-07-03 12:46:11,468 | INFO | Loaded history rows: 130654
2026-07-03 12:46:11,475 | INFO | yfinance history update: 100 symbols | 2026-07-01 → 2026-07-04
2026-07-03 12:46:11,476 | INFO | yfinance batch download: 100 symbols | 2026-07-01 → 2026-07-04
2026-07-03 12:46:16,002 | INFO | yfinance raw shape: (3, 500)
2026-07-03 12:46:16,314 | INFO | yfinance parsed rows after date-filter: 300
2026-07-03 12:46:16,315 | INFO | New rows from yfinance: 300
2026-07-03 12:46:17,080 | INFO | Saved history rows: 130754 | file: /home/runner/work/nifty100-reporter/nifty100-reporter/data/nifty100_ohlcv_history.csv
2026-07-03 12:46:17,182 | INFO | Loaded history rows: 130754
2026-07-03 12:46:17,183 | INFO | Latest OHLCV data is from 2026-07-03
2026-07-03 12:46:17,207 | INFO | Latest Delivery data is from 2026-07-02
2026-07-03 12:46:17,252 | INFO | Delivery cache has 29 dates — skipping backfill.
2026-07-03 12:46:17,252 | INFO | Delivery fetch attempt [0/7] — URL: https://archives.nseindia.com/products/content/sec_bhavdata_full_03072026.csv
2026-07-03 12:46:17,825 | INFO | Delivery fetch SUCCESS — date: 2026-07-03 | size: 372651 bytes | URL: https://archives.nseindia.com/products/content/sec_bhavdata_full_03072026.csv
2026-07-03 12:46:18,148 | INFO | Delivery cache updated: 2384 symbols for 2026-07-03 (rows in cache: 70532)
2026-07-03 12:46:18,149 | INFO | Delivery data: 2384 symbols | fallback=False
2026-07-03 12:46:18,567 | INFO | Corporate actions bulk OK: 148 raw rows | 22 Nifty100 symbols with events
2026-07-03 12:46:48,264 | INFO | Corporate actions: 22/100 symbols have events (window 03-07-2026 to 02-08-2026) | Symbols: AXISBANK, BRITANNIA, CHOLAFIN, CUMMINSIND, DIVISLAB, DRREDDY, HINDALCO, JSWSTEEL, M&M, MAXHEALTH, MOTHERSON, NESTLEIND, PFC, PIDILITIND, SHRIRAMFIN, SOLARINDS, SUNPHARMA, TECHM, TITAN, UNIONBANK, UNITDSPR, ZYDUSLIFE
2026-07-03 12:46:48,265 | INFO | Index membership from cache: NIFTY 50 (50 symbols)
2026-07-03 12:46:48,265 | INFO | Index membership from cache: Nifty Next 50 (50 symbols)
2026-07-03 12:46:48,265 | INFO | Index membership ready: 100 symbols mapped
2026-07-03 12:46:48,921 | INFO | News RSS query for ADANIENSOL: https://news.google.com/rss/search?q=%22Adani+Energy+Solutions+Ltd.%22+NSE+when:10d&hl=en-IN&gl=IN&ceid=IN:en
2026-07-03 12:46:49,204 | INFO | News RSS status for ADANIENSOL: 200
2026-07-03 12:46:49,268 | INFO | News RSS query for ADANIENSOL: https://news.google.com/rss/search?q=%22Adani+Energy+Solutions+Ltd.%22+NSE+when:10d&hl=en-IN&gl=IN&ceid=IN:en
2026-07-03 12:46:49,277 | INFO | News RSS status for ADANIENSOL: 200
2026-07-03 12:46:49,725 | INFO | News RSS query for ADANIENT: https://news.google.com/rss/search?q=%22Adani+Enterprises+Ltd.%22+NSE+when:10d&hl=en-IN&gl=IN&ceid=IN:en
2026-07-03 12:46:49,973 | INFO | News RSS status for ADANIENT: 200
2026-07-03 12:46:50,037 | INFO | News RSS query for ADANIENT: https://news.google.com/rss/search?q=%22Adani+Enterprises+Ltd.%22+NSE+when:10d&hl=en-IN&gl=IN&ceid=IN:en
2026-07-03 12:46:50,050 | INFO | News RSS status for ADANIENT: 200
2026-07-03 12:46:50,497 | INFO | News RSS query for ADANIGREEN: https://news.google.com/rss/search?q=%22Adani+Green+Energy+Ltd.%22+NSE+when:10d&hl=en-IN&gl=IN&ceid=IN:en
2026-07-03 12:46:50,747 | INFO | News RSS status for ADANIGREEN: 200
2026-07-03 12:46:50,811 | INFO | News RSS query for ADANIGREEN: https://news.google.com/rss/search?q=%22Adani+Green+Energy+Ltd.%22+NSE+when:10d&hl=en-IN&gl=IN&ceid=IN:en
2026-07-03 12:46:50,820 | INFO | News RSS status for ADANIGREEN: 200
2026-07-03 12:46:51,270 | INFO | News RSS query for ADANIPORTS: https://news.google.com/rss/search?q=%22Adani+Ports+and+Special+Economic+Zone+Ltd.%22+NSE+when:10d&hl=en-IN&gl=IN&ceid=IN:en
2026-07-03 12:46:51,488 | INFO | News RSS status for ADANIPORTS: 200
2026-07-03 12:46:52,317 | INFO | News RSS query for AMBUJACEM: https://news.google.com/rss/search?q=%22Ambuja+Cements+Ltd.%22+NSE+when:10d&hl=en-IN&gl=IN&ceid=IN:en
2026-07-03 12:46:52,542 | INFO | News RSS status for AMBUJACEM: 200
2026-07-03 12:46:52,543 | INFO | News RSS query for AMBUJACEM: https://news.google.com/rss/search?q=%22Ambuja+Cements+Ltd.%22+stock+when:10d&hl=en-IN&gl=IN&ceid=IN:en
2026-07-03 12:46:52,761 | INFO | News RSS status for AMBUJACEM: 200
2026-07-03 12:46:53,205 | INFO | News RSS query for APOLLOHOSP: https://news.google.com/rss/search?q=%22Apollo+Hospitals+Enterprise+Ltd.%22+NSE+when:10d&hl=en-IN&gl=IN&ceid=IN:en
2026-07-03 12:46:53,433 | INFO | News RSS status for APOLLOHOSP: 200
2026-07-03 12:46:53,435 | INFO | News RSS query for APOLLOHOSP: https://news.google.com/rss/search?q=%22Apollo+Hospitals+Enterprise+Ltd.%22+stock+when:10d&hl=en-IN&gl=IN&ceid=IN:en
2026-07-03 12:46:53,683 | INFO | News RSS status for APOLLOHOSP: 200
2026-07-03 12:46:53,744 | INFO | News RSS query for APOLLOHOSP: https://news.google.com/rss/search?q=%22Apollo+Hospitals+Enterprise+Ltd.%22+NSE+when:10d&hl=en-IN&gl=IN&ceid=IN:en
2026-07-03 12:46:53,753 | INFO | News RSS status for APOLLOHOSP: 200
2026-07-03 12:46:53,754 | INFO | News RSS query for APOLLOHOSP: https://news.google.com/rss/search?q=%22Apollo+Hospitals+Enterprise+Ltd.%22+stock+when:10d&hl=en-IN&gl=IN&ceid=IN:en
2026-07-03 12:46:53,763 | INFO | News RSS status for APOLLOHOSP: 200
2026-07-03 12:46:54,208 | INFO | News RSS query for ASIANPAINT: https://news.google.com/rss/search?q=%22Asian+Paints+Ltd.%22+NSE+when:10d&hl=en-IN&gl=IN&ceid=IN:en
2026-07-03 12:46:54,426 | INFO | News RSS status for ASIANPAINT: 200
2026-07-03 12:46:54,871 | INFO | News RSS query for AXISBANK: https://news.google.com/rss/search?q=%22Axis+Bank+Ltd.%22+NSE+when:10d&hl=en-IN&gl=IN&ceid=IN:en
2026-07-03 12:46:55,129 | INFO | News RSS status for AXISBANK: 200
2026-07-03 12:46:55,954 | INFO | News RSS query for BAJAJFINSV: https://news.google.com/rss/search?q=%22Bajaj+Finserv+Ltd.%22+NSE+when:10d&hl=en-IN&gl=IN&ceid=IN:en
2026-07-03 12:46:56,177 | INFO | News RSS status for BAJAJFINSV: 200
2026-07-03 12:46:57,011 | INFO | News RSS query for BAJFINANCE: https://news.google.com/rss/search?q=%22Bajaj+Finance+Ltd.%22+NSE+when:10d&hl=en-IN&gl=IN&ceid=IN:en
2026-07-03 12:46:57,239 | INFO | News RSS status for BAJFINANCE: 200
2026-07-03 12:46:58,839 | INFO | News RSS query for BOSCHLTD: https://news.google.com/rss/search?q=%22Bosch+Ltd.%22+NSE+when:10d&hl=en-IN&gl=IN&ceid=IN:en
2026-07-03 12:46:59,035 | INFO | News RSS status for BOSCHLTD: 200
2026-07-03 12:46:59,037 | INFO | News RSS query for BOSCHLTD: https://news.google.com/rss/search?q=%22Bosch+Ltd.%22+stock+when:10d&hl=en-IN&gl=IN&ceid=IN:en
2026-07-03 12:46:59,263 | INFO | News RSS status for BOSCHLTD: 200
2026-07-03 12:46:59,700 | INFO | News RSS query for BPCL: https://news.google.com/rss/search?q=%22Bharat+Petroleum+Corporation+Ltd.%22+NSE+when:10d&hl=en-IN&gl=IN&ceid=IN:en
2026-07-03 12:46:59,916 | INFO | News RSS status for BPCL: 200
2026-07-03 12:47:01,143 | INFO | News RSS query for CGPOWER: https://news.google.com/rss/search?q=%22CG+Power+and+Industrial+Solutions+Ltd.%22+NSE+when:10d&hl=en-IN&gl=IN&ceid=IN:en
2026-07-03 12:47:01,377 | INFO | News RSS status for CGPOWER: 200
2026-07-03 12:47:01,380 | INFO | News RSS query for CGPOWER: https://news.google.com/rss/search?q=%22CG+Power+and+Industrial+Solutions+Ltd.%22+stock+when:10d&hl=en-IN&gl=IN&ceid=IN:en
2026-07-03 12:47:01,600 | INFO | News RSS status for CGPOWER: 200
2026-07-03 12:47:02,107 | INFO | News RSS query for CHOLAFIN: https://news.google.com/rss/search?q=%22Cholamandalam+Investment+and+Finance+Company+Ltd.%22+NSE+when:10d&hl=en-IN&gl=IN&ceid=IN:en
2026-07-03 12:47:02,300 | INFO | News RSS status for CHOLAFIN: 200
2026-07-03 12:47:02,301 | INFO | News RSS query for CHOLAFIN: https://news.google.com/rss/search?q=%22Cholamandalam+Investment+and+Finance+Company+Ltd.%22+stock+when:10d&hl=en-IN&gl=IN&ceid=IN:en
2026-07-03 12:47:02,509 | INFO | News RSS status for CHOLAFIN: 200
2026-07-03 12:47:02,511 | INFO | News RSS query for CHOLAFIN: https://news.google.com/rss/search?q=CHOLAFIN+NSE+when:10d&hl=en-IN&gl=IN&ceid=IN:en
2026-07-03 12:47:02,721 | INFO | News RSS status for CHOLAFIN: 200
2026-07-03 12:47:02,723 | INFO | News RSS query for CHOLAFIN: https://news.google.com/rss/search?q=site%3Aeconomictimes.indiatimes.com+%22Cholamandalam+Investment+and+Finance+Company+Ltd.%22+when:10d&hl=en-IN&gl=IN&ceid=IN:en
2026-07-03 12:47:02,910 | INFO | News RSS status for CHOLAFIN: 200
2026-07-03 12:47:02,911 | INFO | News RSS query for CHOLAFIN: https://news.google.com/rss/search?q=site%3Amoneycontrol.com+%22Cholamandalam+Investment+and+Finance+Company+Ltd.%22+when:10d&hl=en-IN&gl=IN&ceid=IN:en
2026-07-03 12:47:03,112 | INFO | News RSS status for CHOLAFIN: 200
2026-07-03 12:47:03,113 | INFO | News RSS query for CHOLAFIN: https://news.google.com/rss/search?q=site%3Abusinessstandard.com+%22Cholamandalam+Investment+and+Finance+Company+Ltd.%22+when:10d&hl=en-IN&gl=IN&ceid=IN:en
2026-07-03 12:47:03,315 | INFO | News RSS status for CHOLAFIN: 200
2026-07-03 12:47:05,671 | INFO | News RSS query for DMART: https://news.google.com/rss/search?q=%22Avenue+Supermarts+Ltd.%22+NSE+when:10d&hl=en-IN&gl=IN&ceid=IN:en
2026-07-03 12:47:05,869 | INFO | News RSS status for DMART: 200
2026-07-03 12:47:05,872 | INFO | News RSS query for DMART: https://news.google.com/rss/search?q=%22Avenue+Supermarts+Ltd.%22+stock+when:10d&hl=en-IN&gl=IN&ceid=IN:en
2026-07-03 12:47:06,222 | INFO | News RSS status for DMART: 200
2026-07-03 12:47:06,661 | INFO | News RSS query for DRREDDY: https://news.google.com/rss/search?q=%22Dr.+Reddy%27s+Laboratories+Ltd.%22+NSE+when:10d&hl=en-IN&gl=IN&ceid=IN:en
2026-07-03 12:47:06,916 | INFO | News RSS status for DRREDDY: 200
2026-07-03 12:47:07,358 | INFO | News RSS query for EICHERMOT: https://news.google.com/rss/search?q=%22Eicher+Motors+Ltd.%22+NSE+when:10d&hl=en-IN&gl=IN&ceid=IN:en
2026-07-03 12:47:07,568 | INFO | News RSS status for EICHERMOT: 200
2026-07-03 12:47:08,427 | INFO | News RSS query for GAIL: https://news.google.com/rss/search?q=%22GAIL+%28India%29+Ltd.%22+NSE+when:10d&hl=en-IN&gl=IN&ceid=IN:en
2026-07-03 12:47:08,621 | INFO | News RSS status for GAIL: 200
2026-07-03 12:47:08,623 | INFO | News RSS query for GAIL: https://news.google.com/rss/search?q=%22GAIL+%28India%29+Ltd.%22+stock+when:10d&hl=en-IN&gl=IN&ceid=IN:en
2026-07-03 12:47:08,833 | INFO | News RSS status for GAIL: 200
2026-07-03 12:47:09,656 | INFO | News RSS query for GRASIM: https://news.google.com/rss/search?q=%22Grasim+Industries+Ltd.%22+NSE+when:10d&hl=en-IN&gl=IN&ceid=IN:en
2026-07-03 12:47:09,863 | INFO | News RSS status for GRASIM: 200
2026-07-03 12:47:09,865 | INFO | News RSS query for GRASIM: https://news.google.com/rss/search?q=%22Grasim+Industries+Ltd.%22+stock+when:10d&hl=en-IN&gl=IN&ceid=IN:en
2026-07-03 12:47:10,093 | INFO | News RSS status for GRASIM: 200
2026-07-03 12:47:10,532 | INFO | News RSS query for HAL: https://news.google.com/rss/search?q=%22Hindustan+Aeronautics+Ltd.%22+NSE+when:10d&hl=en-IN&gl=IN&ceid=IN:en
2026-07-03 12:47:10,724 | INFO | News RSS status for HAL: 200
2026-07-03 12:47:11,551 | INFO | News RSS query for HDFCAMC: https://news.google.com/rss/search?q=%22HDFC+Asset+Management+Company+Ltd.%22+NSE+when:10d&hl=en-IN&gl=IN&ceid=IN:en
2026-07-03 12:47:11,749 | INFO | News RSS status for HDFCAMC: 200
2026-07-03 12:47:11,751 | INFO | News RSS query for HDFCAMC: https://news.google.com/rss/search?q=%22HDFC+Asset+Management+Company+Ltd.%22+stock+when:10d&hl=en-IN&gl=IN&ceid=IN:en
2026-07-03 12:47:11,972 | INFO | News RSS status for HDFCAMC: 200
2026-07-03 12:47:18,925 | INFO | News RSS query for LT: https://news.google.com/rss/search?q=%22Larsen+%26+Toubro+Ltd.%22+NSE+when:10d&hl=en-IN&gl=IN&ceid=IN:en
2026-07-03 12:47:19,140 | INFO | News RSS status for LT: 200
2026-07-03 12:47:19,146 | WARNING | Skipping LTM — only 91 bars available (need 220). Extend history_backfill_days in config.json to include this symbol.
2026-07-03 12:47:21,140 | INFO | News RSS query for MOTHERSON: https://news.google.com/rss/search?q=%22Samvardhana+Motherson+International+Ltd.%22+NSE+when:10d&hl=en-IN&gl=IN&ceid=IN:en
2026-07-03 12:47:21,355 | INFO | News RSS status for MOTHERSON: 200
2026-07-03 12:47:22,186 | INFO | News RSS query for NESTLEIND: https://news.google.com/rss/search?q=%22Nestle+India+Ltd.%22+NSE+when:10d&hl=en-IN&gl=IN&ceid=IN:en
2026-07-03 12:47:22,516 | INFO | News RSS status for NESTLEIND: 200
2026-07-03 12:47:22,518 | INFO | News RSS query for NESTLEIND: https://news.google.com/rss/search?q=%22Nestle+India+Ltd.%22+stock+when:10d&hl=en-IN&gl=IN&ceid=IN:en
2026-07-03 12:47:22,753 | INFO | News RSS status for NESTLEIND: 200
2026-07-03 12:47:24,347 | INFO | News RSS query for PIDILITIND: https://news.google.com/rss/search?q=%22Pidilite+Industries+Ltd.%22+NSE+when:10d&hl=en-IN&gl=IN&ceid=IN:en
2026-07-03 12:47:24,550 | INFO | News RSS status for PIDILITIND: 200
2026-07-03 12:47:24,550 | INFO | News RSS query for PIDILITIND: https://news.google.com/rss/search?q=%22Pidilite+Industries+Ltd.%22+stock+when:10d&hl=en-IN&gl=IN&ceid=IN:en
2026-07-03 12:47:24,761 | INFO | News RSS status for PIDILITIND: 200
2026-07-03 12:47:24,822 | INFO | News RSS query for PIDILITIND: https://news.google.com/rss/search?q=%22Pidilite+Industries+Ltd.%22+NSE+when:10d&hl=en-IN&gl=IN&ceid=IN:en
2026-07-03 12:47:24,831 | INFO | News RSS status for PIDILITIND: 200
2026-07-03 12:47:24,831 | INFO | News RSS query for PIDILITIND: https://news.google.com/rss/search?q=%22Pidilite+Industries+Ltd.%22+stock+when:10d&hl=en-IN&gl=IN&ceid=IN:en
2026-07-03 12:47:24,839 | INFO | News RSS status for PIDILITIND: 200
2026-07-03 12:47:27,210 | INFO | News RSS query for SBIN: https://news.google.com/rss/search?q=%22State+Bank+of+India%22+NSE+when:10d&hl=en-IN&gl=IN&ceid=IN:en
2026-07-03 12:47:27,552 | INFO | News RSS status for SBIN: 200
2026-07-03 12:47:28,373 | INFO | News RSS query for SHRIRAMFIN: https://news.google.com/rss/search?q=%22Shriram+Finance+Ltd.%22+NSE+when:10d&hl=en-IN&gl=IN&ceid=IN:en
2026-07-03 12:47:28,586 | INFO | News RSS status for SHRIRAMFIN: 200
2026-07-03 12:47:29,409 | INFO | News RSS query for SOLARINDS: https://news.google.com/rss/search?q=%22Solar+Industries+India+Ltd.%22+NSE+when:10d&hl=en-IN&gl=IN&ceid=IN:en
2026-07-03 12:47:29,640 | INFO | News RSS status for SOLARINDS: 200
2026-07-03 12:47:29,643 | INFO | News RSS query for SOLARINDS: https://news.google.com/rss/search?q=%22Solar+Industries+India+Ltd.%22+stock+when:10d&hl=en-IN&gl=IN&ceid=IN:en
2026-07-03 12:47:29,917 | INFO | News RSS status for SOLARINDS: 200
2026-07-03 12:47:30,359 | INFO | News RSS query for SUNPHARMA: https://news.google.com/rss/search?q=%22Sun+Pharmaceutical+Industries+Ltd.%22+NSE+when:10d&hl=en-IN&gl=IN&ceid=IN:en
2026-07-03 12:47:30,590 | INFO | News RSS status for SUNPHARMA: 200
2026-07-03 12:47:30,596 | WARNING | Skipping TATACAP — only 179 bars available (need 220). Extend history_backfill_days in config.json to include this symbol.
2026-07-03 12:47:32,956 | INFO | News RSS query for TITAN: https://news.google.com/rss/search?q=%22Titan+Company+Ltd.%22+NSE+when:10d&hl=en-IN&gl=IN&ceid=IN:en
2026-07-03 12:47:33,197 | INFO | News RSS status for TITAN: 200
2026-07-03 12:47:33,203 | WARNING | Skipping TMCV — only 159 bars available (need 220). Extend history_backfill_days in config.json to include this symbol.
2026-07-03 12:47:33,203 | WARNING | Skipping TMPV — only 176 bars available (need 220). Extend history_backfill_days in config.json to include this symbol.
2026-07-03 12:47:33,644 | INFO | News RSS query for TORNTPHARM: https://news.google.com/rss/search?q=%22Torrent+Pharmaceuticals+Ltd.%22+NSE+when:10d&hl=en-IN&gl=IN&ceid=IN:en
2026-07-03 12:47:33,866 | INFO | News RSS status for TORNTPHARM: 200
2026-07-03 12:47:35,569 | WARNING | Skipping VAML — only 6 bars available (need 220). Extend history_backfill_days in config.json to include this symbol.
2026-07-03 12:47:36,019 | INFO | News RSS query for VBL: https://news.google.com/rss/search?q=%22Varun+Beverages+Ltd.%22+NSE+when:10d&hl=en-IN&gl=IN&ceid=IN:en
2026-07-03 12:47:36,219 | INFO | News RSS status for VBL: 200
2026-07-03 12:47:36,222 | INFO | News RSS query for VBL: https://news.google.com/rss/search?q=%22Varun+Beverages+Ltd.%22+stock+when:10d&hl=en-IN&gl=IN&ceid=IN:en
2026-07-03 12:47:36,414 | INFO | News RSS status for VBL: 200
2026-07-03 12:47:36,799 | WARNING | Skipping VEDPOWER — only 4 bars available (need 220). Extend history_backfill_days in config.json to include this symbol.
2026-07-03 12:47:36,799 | WARNING | Skipping VISL — only 4 bars available (need 220). Extend history_backfill_days in config.json to include this symbol.
2026-07-03 12:47:36,800 | WARNING | Skipping VOGL — only 7 bars available (need 220). Extend history_backfill_days in config.json to include this symbol.
2026-07-03 12:47:37,632 | INFO | News RSS query for ZYDUSLIFE: https://news.google.com/rss/search?q=%22Zydus+Lifesciences+Ltd.%22+NSE+when:10d&hl=en-IN&gl=IN&ceid=IN:en
2026-07-03 12:47:37,836 | INFO | News RSS status for ZYDUSLIFE: 200
2026-07-03 12:47:37,838 | INFO | News RSS query for ZYDUSLIFE: https://news.google.com/rss/search?q=%22Zydus+Lifesciences+Ltd.%22+stock+when:10d&hl=en-IN&gl=IN&ceid=IN:en
2026-07-03 12:47:38,073 | INFO | News RSS status for ZYDUSLIFE: 200
2026-07-03 12:47:38,132 | INFO | News RSS query for ZYDUSLIFE: https://news.google.com/rss/search?q=%22Zydus+Lifesciences+Ltd.%22+NSE+when:10d&hl=en-IN&gl=IN&ceid=IN:en
2026-07-03 12:47:38,141 | INFO | News RSS status for ZYDUSLIFE: 200
2026-07-03 12:47:38,143 | INFO | News RSS query for ZYDUSLIFE: https://news.google.com/rss/search?q=%22Zydus+Lifesciences+Ltd.%22+stock+when:10d&hl=en-IN&gl=IN&ceid=IN:en
2026-07-03 12:47:38,151 | INFO | News RSS status for ZYDUSLIFE: 200
2026-07-03 12:47:38,161 | INFO | Index membership from cache: NIFTY 50 (50 symbols)
2026-07-03 12:47:38,161 | INFO | Index membership from cache: Nifty Next 50 (50 symbols)
2026-07-03 12:47:38,161 | INFO | Index membership ready: 100 symbols mapped
2026-07-03 12:47:38,161 | INFO | Market Health: fetching index OHLCV...
2026-07-03 12:47:39,618 | WARNING | niftyindices failed NIFTY 50 2026-06-30-2026-07-03: 403 Client Error: Ip Forbidden for url: https://nseindex-prod-app.azurewebsites.net/Sitefinity/Login?ReturnUrl=https%3a%2f%2fnseindex-prod-app.azurewebsites.net%2fBackpage.aspx%2fgetHistoricaldatatabletoString
2026-07-03 12:47:39,741 | INFO | Index OHLCV via yfinance (^NSEI) for NIFTY 50: 1414 rows
2026-07-03 12:47:41,097 | WARNING | niftyindices failed NIFTY NEXT 50 2026-06-30-2026-07-03: 403 Client Error: Ip Forbidden for url: https://nseindex-prod-app.azurewebsites.net/Sitefinity/Login?ReturnUrl=https%3a%2f%2fnseindex-prod-app.azurewebsites.net%2fBackpage.aspx%2fgetHistoricaldatatabletoString
2026-07-03 12:47:41,208 | INFO | Index OHLCV via yfinance (JUNIORBEES.NS) for NIFTY NEXT 50: 1414 rows
2026-07-03 12:47:41,210 | INFO | Market Health: fetching VIX...
2026-07-03 12:47:42,540 | WARNING | niftyindices VIX failed 2026-06-30-2026-07-03: 403 Client Error: Ip Forbidden for url: https://nseindex-prod-app.azurewebsites.net/Sitefinity/Login?ReturnUrl=https%3a%2f%2fnseindex-prod-app.azurewebsites.net%2fBackpage.aspx%2fgetHistoricaldatatabletoString
2026-07-03 12:47:42,663 | INFO | VIX via yfinance (^INDIAVIX): 112 rows
2026-07-03 12:47:42,665 | INFO | Market Health: updating breadth EMA cache...
2026-07-03 12:47:44,374 | INFO | Breadth EMA cache: 130664 total rows (+100)
2026-07-03 12:47:44,396 | INFO | Market Health [NIFTY 50]: Score=32.0 | Weak Bull &#x1F7E1;
2026-07-03 12:47:44,413 | INFO | Market Health [Nifty Next 50]: Score=-19.0 | Sideways &#x1F7E0;
2026-07-03 12:47:44,505 | INFO | Signal log: appended 10 new signals. Total rows: 393
2026-07-03 12:47:44,505 | INFO | Signal log written/updated: /home/runner/work/nifty100-reporter/nifty100-reporter/data/nifty100_signal_log.csv
2026-07-03 12:47:45,655 | INFO | Signal tracker: updated 180 Active signal rows.
2026-07-03 12:47:45,671 | INFO | HTML report written: /home/runner/work/nifty100-reporter/nifty100-reporter/reports/nifty100_daily_report_20260703.html
2026-07-03 12:47:45,679 | INFO | Market Health Excel sheet written.
2026-07-03 12:47:46,463 | INFO | Excel report written: /home/runner/work/nifty100-reporter/nifty100-reporter/reports/nifty100_daily_report_20260703.xlsx
2026-07-03 12:47:46,463 | INFO | GitHub Actions detected — skipping Gmail API send (workflow handles email).
2026-07-03 12:47:46,463 | INFO | Run completed successfully.
2026-07-03 12:47:46,463 | INFO | Artifacts: /home/runner/work/nifty100-reporter/nifty100-reporter/reports/nifty100_daily_report_20260703.html | /home/runner/work/nifty100-reporter/nifty100-reporter/reports/nifty100_daily_report_20260703.xlsx | log: /home/runner/work/nifty100-reporter/nifty100-reporter/logs/run_20260703_181600.log
