2026-07-28 12:45:49,712 | INFO | Nifty 100 Daily EMA Cross Reporter | Version 3.3.8 | Released 2026-04-17
2026-07-28 12:45:49,712 | INFO | Base directory: /home/runner/work/nifty100-reporter/nifty100-reporter
2026-07-28 12:45:49,713 | INFO | Loaded config. Email enabled: True | Recipients: 1
2026-07-28 12:45:49,817 | WARNING | NSE session bootstrap HTTP 403 (attempt 1/5) — refreshing NSE session cookie …
2026-07-28 12:46:00,181 | INFO | NSE session bootstrap status: 200
2026-07-28 12:46:00,182 | INFO | Downloading Nifty 100 universe from https://www.niftyindices.com/IndexConstituent/ind_nifty100list.csv
2026-07-28 12:46:00,590 | INFO | Universe download status: 200
2026-07-28 12:46:00,593 | INFO | Universe rows loaded: 100
2026-07-28 12:46:00,690 | INFO | Loaded history rows: 132354
2026-07-28 12:46:00,696 | INFO | yfinance history update: 100 symbols | 2026-07-26 → 2026-07-29
2026-07-28 12:46:00,696 | INFO | yfinance batch download: 100 symbols | 2026-07-26 → 2026-07-29
2026-07-28 12:46:07,350 | INFO | yfinance raw shape: (2, 500)
2026-07-28 12:46:07,560 | INFO | yfinance parsed rows after date-filter: 200
2026-07-28 12:46:07,561 | INFO | New rows from yfinance: 200
2026-07-28 12:46:08,165 | INFO | Saved history rows: 132454 | file: /home/runner/work/nifty100-reporter/nifty100-reporter/data/nifty100_ohlcv_history.csv
2026-07-28 12:46:08,248 | INFO | Loaded history rows: 132454
2026-07-28 12:46:08,249 | INFO | Latest OHLCV data is from 2026-07-28
2026-07-28 12:46:08,268 | INFO | Latest Delivery data is from 2026-07-27
2026-07-28 12:46:08,302 | INFO | Delivery cache has 31 dates — skipping backfill.
2026-07-28 12:46:08,302 | INFO | Delivery fetch attempt [0/7] — URL: https://archives.nseindia.com/products/content/sec_bhavdata_full_28072026.csv
2026-07-28 12:46:08,773 | INFO | Delivery fetch SUCCESS — date: 2026-07-28 | size: 370088 bytes | URL: https://archives.nseindia.com/products/content/sec_bhavdata_full_28072026.csv
2026-07-28 12:46:09,038 | INFO | Delivery cache updated: 2410 symbols for 2026-07-28 (rows in cache: 74310)
2026-07-28 12:46:09,039 | INFO | Delivery data: 2410 symbols | fallback=False
2026-07-28 12:46:09,446 | INFO | Corporate actions bulk OK: 156 raw rows | 13 Nifty100 symbols with events
2026-07-28 12:46:37,452 | INFO | Corporate actions: 13/100 symbols have events (window 28-07-2026 to 27-08-2026) | Symbols: BOSCHLTD, BRITANNIA, COALINDIA, EICHERMOT, GRASIM, ICICIBANK, MARUTI, PFC, RECLTD, SIEMENS, SOLARINDS, ULTRACEMCO, VBL
2026-07-28 12:46:37,452 | INFO | Index membership from cache: NIFTY 50 (50 symbols)
2026-07-28 12:46:37,452 | INFO | Index membership from cache: Nifty Next 50 (50 symbols)
2026-07-28 12:46:37,452 | INFO | Index membership ready: 100 symbols mapped
2026-07-28 12:46:37,816 | INFO | News RSS query for ABB: https://news.google.com/rss/search?q=%22ABB+India+Ltd.%22+NSE+when:10d&hl=en-IN&gl=IN&ceid=IN:en
2026-07-28 12:46:38,100 | INFO | News RSS status for ABB: 200
2026-07-28 12:46:38,305 | INFO | News RSS query for ADANIENSOL: https://news.google.com/rss/search?q=%22Adani+Energy+Solutions+Ltd.%22+NSE+when:10d&hl=en-IN&gl=IN&ceid=IN:en
2026-07-28 12:46:38,514 | INFO | News RSS status for ADANIENSOL: 200
2026-07-28 12:46:38,561 | INFO | News RSS query for ADANIENSOL: https://news.google.com/rss/search?q=%22Adani+Energy+Solutions+Ltd.%22+NSE+when:10d&hl=en-IN&gl=IN&ceid=IN:en
2026-07-28 12:46:38,573 | INFO | News RSS status for ADANIENSOL: 200
2026-07-28 12:46:40,430 | INFO | News RSS query for APOLLOHOSP: https://news.google.com/rss/search?q=%22Apollo+Hospitals+Enterprise+Ltd.%22+NSE+when:10d&hl=en-IN&gl=IN&ceid=IN:en
2026-07-28 12:46:40,656 | INFO | News RSS status for APOLLOHOSP: 200
2026-07-28 12:46:40,658 | INFO | News RSS query for APOLLOHOSP: https://news.google.com/rss/search?q=%22Apollo+Hospitals+Enterprise+Ltd.%22+stock+when:10d&hl=en-IN&gl=IN&ceid=IN:en
2026-07-28 12:46:40,880 | INFO | News RSS status for APOLLOHOSP: 200
2026-07-28 12:46:40,927 | INFO | News RSS query for APOLLOHOSP: https://news.google.com/rss/search?q=%22Apollo+Hospitals+Enterprise+Ltd.%22+NSE+when:10d&hl=en-IN&gl=IN&ceid=IN:en
2026-07-28 12:46:40,938 | INFO | News RSS status for APOLLOHOSP: 200
2026-07-28 12:46:40,940 | INFO | News RSS query for APOLLOHOSP: https://news.google.com/rss/search?q=%22Apollo+Hospitals+Enterprise+Ltd.%22+stock+when:10d&hl=en-IN&gl=IN&ceid=IN:en
2026-07-28 12:46:40,952 | INFO | News RSS status for APOLLOHOSP: 200
2026-07-28 12:46:41,301 | INFO | News RSS query for ASIANPAINT: https://news.google.com/rss/search?q=%22Asian+Paints+Ltd.%22+NSE+when:10d&hl=en-IN&gl=IN&ceid=IN:en
2026-07-28 12:46:41,557 | INFO | News RSS status for ASIANPAINT: 200
2026-07-28 12:46:41,606 | INFO | News RSS query for ASIANPAINT: https://news.google.com/rss/search?q=%22Asian+Paints+Ltd.%22+NSE+when:10d&hl=en-IN&gl=IN&ceid=IN:en
2026-07-28 12:46:41,617 | INFO | News RSS status for ASIANPAINT: 200
2026-07-28 12:46:41,664 | INFO | News RSS query for ASIANPAINT: https://news.google.com/rss/search?q=%22Asian+Paints+Ltd.%22+NSE+when:10d&hl=en-IN&gl=IN&ceid=IN:en
2026-07-28 12:46:41,676 | INFO | News RSS status for ASIANPAINT: 200
2026-07-28 12:46:41,724 | INFO | News RSS query for ASIANPAINT: https://news.google.com/rss/search?q=%22Asian+Paints+Ltd.%22+NSE+when:10d&hl=en-IN&gl=IN&ceid=IN:en
2026-07-28 12:46:41,735 | INFO | News RSS status for ASIANPAINT: 200
2026-07-28 12:46:42,381 | INFO | News RSS query for BAJAJ-AUTO: https://news.google.com/rss/search?q=%22Bajaj+Auto+Ltd.%22+NSE+when:10d&hl=en-IN&gl=IN&ceid=IN:en
2026-07-28 12:46:42,598 | INFO | News RSS status for BAJAJ-AUTO: 200
2026-07-28 12:46:43,549 | INFO | News RSS query for BAJFINANCE: https://news.google.com/rss/search?q=%22Bajaj+Finance+Ltd.%22+NSE+when:10d&hl=en-IN&gl=IN&ceid=IN:en
2026-07-28 12:46:43,780 | INFO | News RSS status for BAJFINANCE: 200
2026-07-28 12:46:45,042 | INFO | News RSS query for BOSCHLTD: https://news.google.com/rss/search?q=%22Bosch+Ltd.%22+NSE+when:10d&hl=en-IN&gl=IN&ceid=IN:en
2026-07-28 12:46:45,269 | INFO | News RSS status for BOSCHLTD: 200
2026-07-28 12:46:45,317 | INFO | News RSS query for BOSCHLTD: https://news.google.com/rss/search?q=%22Bosch+Ltd.%22+NSE+when:10d&hl=en-IN&gl=IN&ceid=IN:en
2026-07-28 12:46:45,330 | INFO | News RSS status for BOSCHLTD: 200
2026-07-28 12:46:45,977 | INFO | News RSS query for BRITANNIA: https://news.google.com/rss/search?q=%22Britannia+Industries+Ltd.%22+NSE+when:10d&hl=en-IN&gl=IN&ceid=IN:en
2026-07-28 12:46:46,169 | INFO | News RSS status for BRITANNIA: 200
2026-07-28 12:46:47,119 | INFO | News RSS query for CHOLAFIN: https://news.google.com/rss/search?q=%22Cholamandalam+Investment+and+Finance+Company+Ltd.%22+NSE+when:10d&hl=en-IN&gl=IN&ceid=IN:en
2026-07-28 12:46:47,337 | INFO | News RSS status for CHOLAFIN: 200
2026-07-28 12:46:48,634 | INFO | News RSS query for DIVISLAB: https://news.google.com/rss/search?q=%22Divi%27s+Laboratories+Ltd.%22+NSE+when:10d&hl=en-IN&gl=IN&ceid=IN:en
2026-07-28 12:46:48,818 | INFO | News RSS status for DIVISLAB: 200
2026-07-28 12:46:48,819 | INFO | News RSS query for DIVISLAB: https://news.google.com/rss/search?q=%22Divi%27s+Laboratories+Ltd.%22+stock+when:10d&hl=en-IN&gl=IN&ceid=IN:en
2026-07-28 12:46:49,027 | INFO | News RSS status for DIVISLAB: 200
2026-07-28 12:46:50,289 | INFO | News RSS query for EICHERMOT: https://news.google.com/rss/search?q=%22Eicher+Motors+Ltd.%22+NSE+when:10d&hl=en-IN&gl=IN&ceid=IN:en
2026-07-28 12:46:50,483 | INFO | News RSS status for EICHERMOT: 200
2026-07-28 12:46:50,857 | INFO | News RSS query for ETERNAL: https://news.google.com/rss/search?q=%22Eternal+Ltd.%22+NSE+when:10d&hl=en-IN&gl=IN&ceid=IN:en
2026-07-28 12:46:51,076 | INFO | News RSS status for ETERNAL: 200
2026-07-28 12:46:51,427 | INFO | News RSS query for GAIL: https://news.google.com/rss/search?q=%22GAIL+%28India%29+Ltd.%22+NSE+when:10d&hl=en-IN&gl=IN&ceid=IN:en
2026-07-28 12:46:51,621 | INFO | News RSS status for GAIL: 200
2026-07-28 12:46:52,588 | INFO | News RSS query for HAL: https://news.google.com/rss/search?q=%22Hindustan+Aeronautics+Ltd.%22+NSE+when:10d&hl=en-IN&gl=IN&ceid=IN:en
2026-07-28 12:46:52,797 | INFO | News RSS status for HAL: 200
2026-07-28 12:46:52,845 | INFO | News RSS query for HAL: https://news.google.com/rss/search?q=%22Hindustan+Aeronautics+Ltd.%22+NSE+when:10d&hl=en-IN&gl=IN&ceid=IN:en
2026-07-28 12:46:52,857 | INFO | News RSS status for HAL: 200
2026-07-28 12:46:55,444 | INFO | News RSS query for ICICIBANK: https://news.google.com/rss/search?q=%22ICICI+Bank+Ltd.%22+NSE+when:10d&hl=en-IN&gl=IN&ceid=IN:en
2026-07-28 12:46:55,705 | INFO | News RSS status for ICICIBANK: 200
2026-07-28 12:46:56,052 | INFO | News RSS query for INDHOTEL: https://news.google.com/rss/search?q=%22Indian+Hotels+Co.+Ltd.%22+NSE+when:10d&hl=en-IN&gl=IN&ceid=IN:en
2026-07-28 12:46:56,249 | INFO | News RSS status for INDHOTEL: 200
2026-07-28 12:46:56,592 | INFO | News RSS query for INDIGO: https://news.google.com/rss/search?q=%22InterGlobe+Aviation+Ltd.%22+NSE+when:10d&hl=en-IN&gl=IN&ceid=IN:en
2026-07-28 12:46:56,794 | INFO | News RSS status for INDIGO: 200
2026-07-28 12:46:57,436 | INFO | News RSS query for IOC: https://news.google.com/rss/search?q=%22Indian+Oil+Corporation+Ltd.%22+NSE+when:10d&hl=en-IN&gl=IN&ceid=IN:en
2026-07-28 12:46:57,639 | INFO | News RSS status for IOC: 200
2026-07-28 12:46:59,625 | INFO | News RSS query for LODHA: https://news.google.com/rss/search?q=%22Lodha+Developers+Ltd.%22+NSE+when:10d&hl=en-IN&gl=IN&ceid=IN:en
2026-07-28 12:46:59,809 | INFO | News RSS status for LODHA: 200
2026-07-28 12:47:00,109 | WARNING | Skipping LTM — only 108 bars available (need 220). Extend history_backfill_days in config.json to include this symbol.
2026-07-28 12:47:01,052 | INFO | News RSS query for MAXHEALTH: https://news.google.com/rss/search?q=%22Max+Healthcare+Institute+Ltd.%22+NSE+when:10d&hl=en-IN&gl=IN&ceid=IN:en
2026-07-28 12:47:01,252 | INFO | News RSS status for MAXHEALTH: 200
2026-07-28 12:47:01,906 | INFO | News RSS query for MOTHERSON: https://news.google.com/rss/search?q=%22Samvardhana+Motherson+International+Ltd.%22+NSE+when:10d&hl=en-IN&gl=IN&ceid=IN:en
2026-07-28 12:47:02,124 | INFO | News RSS status for MOTHERSON: 200
2026-07-28 12:47:02,126 | INFO | News RSS query for MOTHERSON: https://news.google.com/rss/search?q=%22Samvardhana+Motherson+International+Ltd.%22+stock+when:10d&hl=en-IN&gl=IN&ceid=IN:en
2026-07-28 12:47:02,324 | INFO | News RSS status for MOTHERSON: 200
2026-07-28 12:47:02,967 | INFO | News RSS query for NESTLEIND: https://news.google.com/rss/search?q=%22Nestle+India+Ltd.%22+NSE+when:10d&hl=en-IN&gl=IN&ceid=IN:en
2026-07-28 12:47:03,166 | INFO | News RSS status for NESTLEIND: 200
2026-07-28 12:47:04,408 | INFO | News RSS query for PIDILITIND: https://news.google.com/rss/search?q=%22Pidilite+Industries+Ltd.%22+NSE+when:10d&hl=en-IN&gl=IN&ceid=IN:en
2026-07-28 12:47:04,591 | INFO | News RSS status for PIDILITIND: 200
2026-07-28 12:47:04,592 | INFO | News RSS query for PIDILITIND: https://news.google.com/rss/search?q=%22Pidilite+Industries+Ltd.%22+stock+when:10d&hl=en-IN&gl=IN&ceid=IN:en
2026-07-28 12:47:04,790 | INFO | News RSS status for PIDILITIND: 200
2026-07-28 12:47:07,248 | INFO | News RSS query for SHRIRAMFIN: https://news.google.com/rss/search?q=%22Shriram+Finance+Ltd.%22+NSE+when:10d&hl=en-IN&gl=IN&ceid=IN:en
2026-07-28 12:47:07,437 | INFO | News RSS status for SHRIRAMFIN: 200
2026-07-28 12:47:07,439 | INFO | News RSS query for SHRIRAMFIN: https://news.google.com/rss/search?q=%22Shriram+Finance+Ltd.%22+stock+when:10d&hl=en-IN&gl=IN&ceid=IN:en
2026-07-28 12:47:07,678 | INFO | News RSS status for SHRIRAMFIN: 200
2026-07-28 12:47:08,020 | INFO | News RSS query for SIEMENS: https://news.google.com/rss/search?q=%22Siemens+Ltd.%22+NSE+when:10d&hl=en-IN&gl=IN&ceid=IN:en
2026-07-28 12:47:08,208 | INFO | News RSS status for SIEMENS: 200
2026-07-28 12:47:08,208 | INFO | News RSS query for SIEMENS: https://news.google.com/rss/search?q=%22Siemens+Ltd.%22+stock+when:10d&hl=en-IN&gl=IN&ceid=IN:en
2026-07-28 12:47:08,396 | INFO | News RSS status for SIEMENS: 200
2026-07-28 12:47:08,740 | INFO | News RSS query for SOLARINDS: https://news.google.com/rss/search?q=%22Solar+Industries+India+Ltd.%22+NSE+when:10d&hl=en-IN&gl=IN&ceid=IN:en
2026-07-28 12:47:08,932 | INFO | News RSS status for SOLARINDS: 200
2026-07-28 12:47:09,279 | INFO | News RSS query for SUNPHARMA: https://news.google.com/rss/search?q=%22Sun+Pharmaceutical+Industries+Ltd.%22+NSE+when:10d&hl=en-IN&gl=IN&ceid=IN:en
2026-07-28 12:47:09,481 | INFO | News RSS status for SUNPHARMA: 200
2026-07-28 12:47:09,486 | WARNING | Skipping TATACAP — only 196 bars available (need 220). Extend history_backfill_days in config.json to include this symbol.
2026-07-28 12:47:11,028 | INFO | News RSS query for TECHM: https://news.google.com/rss/search?q=%22Tech+Mahindra+Ltd.%22+NSE+when:10d&hl=en-IN&gl=IN&ceid=IN:en
2026-07-28 12:47:11,226 | INFO | News RSS status for TECHM: 200
2026-07-28 12:47:11,272 | INFO | News RSS query for TECHM: https://news.google.com/rss/search?q=%22Tech+Mahindra+Ltd.%22+NSE+when:10d&hl=en-IN&gl=IN&ceid=IN:en
2026-07-28 12:47:11,284 | INFO | News RSS status for TECHM: 200
2026-07-28 12:47:11,626 | INFO | News RSS query for TITAN: https://news.google.com/rss/search?q=%22Titan+Company+Ltd.%22+NSE+when:10d&hl=en-IN&gl=IN&ceid=IN:en
2026-07-28 12:47:11,828 | INFO | News RSS status for TITAN: 200
2026-07-28 12:47:11,832 | WARNING | Skipping TMCV — only 176 bars available (need 220). Extend history_backfill_days in config.json to include this symbol.
2026-07-28 12:47:11,832 | WARNING | Skipping TMPV — only 193 bars available (need 220). Extend history_backfill_days in config.json to include this symbol.
2026-07-28 12:47:12,176 | INFO | News RSS query for TORNTPHARM: https://news.google.com/rss/search?q=%22Torrent+Pharmaceuticals+Ltd.%22+NSE+when:10d&hl=en-IN&gl=IN&ceid=IN:en
2026-07-28 12:47:12,388 | INFO | News RSS status for TORNTPHARM: 200
2026-07-28 12:47:13,028 | INFO | News RSS query for TVSMOTOR: https://news.google.com/rss/search?q=%22TVS+Motor+Company+Ltd.%22+NSE+when:10d&hl=en-IN&gl=IN&ceid=IN:en
2026-07-28 12:47:13,225 | INFO | News RSS status for TVSMOTOR: 200
2026-07-28 12:47:13,986 | INFO | News RSS query for UNITDSPR: https://news.google.com/rss/search?q=%22United+Spirits+Ltd.%22+NSE+when:10d&hl=en-IN&gl=IN&ceid=IN:en
2026-07-28 12:47:14,219 | INFO | News RSS status for UNITDSPR: 200
2026-07-28 12:47:14,223 | WARNING | Skipping VAML — only 6 bars available (need 220). Extend history_backfill_days in config.json to include this symbol.
2026-07-28 12:47:14,828 | WARNING | Skipping VEDPOWER — only 4 bars available (need 220). Extend history_backfill_days in config.json to include this symbol.
2026-07-28 12:47:14,829 | WARNING | Skipping VISL — only 4 bars available (need 220). Extend history_backfill_days in config.json to include this symbol.
2026-07-28 12:47:14,829 | WARNING | Skipping VOGL — only 7 bars available (need 220). Extend history_backfill_days in config.json to include this symbol.
2026-07-28 12:47:15,447 | INFO | Index membership from cache: NIFTY 50 (50 symbols)
2026-07-28 12:47:15,447 | INFO | Index membership from cache: Nifty Next 50 (50 symbols)
2026-07-28 12:47:15,447 | INFO | Index membership ready: 100 symbols mapped
2026-07-28 12:47:15,447 | INFO | Market Health: fetching index OHLCV...
2026-07-28 12:47:15,450 | INFO | Index OHLCV cache fresh for NIFTY 50 (1429 rows)
2026-07-28 12:47:16,755 | WARNING | niftyindices failed NIFTY NEXT 50 2026-07-25-2026-07-28: Expecting value: line 1 column 2 (char 1)
2026-07-28 12:47:16,950 | INFO | Index OHLCV via yfinance (JUNIORBEES.NS) for NIFTY NEXT 50: 1431 rows
2026-07-28 12:47:16,951 | INFO | Market Health: fetching VIX...
2026-07-28 12:47:16,953 | INFO | VIX cache fresh (127 rows)
2026-07-28 12:47:16,953 | INFO | Market Health: updating breadth EMA cache...
2026-07-28 12:47:18,332 | INFO | Breadth EMA cache: 132364 total rows (+100)
2026-07-28 12:47:18,350 | INFO | Market Health [NIFTY 50]: Score=-2.0 | Sideways &#x1F7E0;
2026-07-28 12:47:18,363 | INFO | Market Health [Nifty Next 50]: Score=-10.0 | Sideways &#x1F7E0;
2026-07-28 12:47:18,430 | INFO | Signal log: appended 10 new signals. Total rows: 534
2026-07-28 12:47:18,430 | INFO | Signal log written/updated: /home/runner/work/nifty100-reporter/nifty100-reporter/data/nifty100_signal_log.csv
2026-07-28 12:47:19,414 | INFO | Signal tracker: updated 193 Active signal rows.
2026-07-28 12:47:19,427 | INFO | HTML report written: /home/runner/work/nifty100-reporter/nifty100-reporter/reports/nifty100_daily_report_20260728.html
2026-07-28 12:47:19,433 | INFO | Market Health Excel sheet written.
2026-07-28 12:47:20,290 | INFO | Excel report written: /home/runner/work/nifty100-reporter/nifty100-reporter/reports/nifty100_daily_report_20260728.xlsx
2026-07-28 12:47:20,290 | INFO | GitHub Actions detected — skipping Gmail API send (workflow handles email).
2026-07-28 12:47:20,290 | INFO | Run completed successfully.
2026-07-28 12:47:20,290 | INFO | Artifacts: /home/runner/work/nifty100-reporter/nifty100-reporter/reports/nifty100_daily_report_20260728.html | /home/runner/work/nifty100-reporter/nifty100-reporter/reports/nifty100_daily_report_20260728.xlsx | log: /home/runner/work/nifty100-reporter/nifty100-reporter/logs/run_20260728_181549.log
