2026-10-01 18:32:18,527 | INFO | Nifty 100 Daily EMA Cross Reporter | Version 3.3.8 | Released 2026-04-17
2026-10-01 18:32:18,527 | INFO | Base directory: /home/runner/work/nifty100-reporter/nifty100-reporter
2026-10-01 18:32:18,528 | INFO | Loaded config. Email enabled: True | Recipients: 1
2026-10-01 18:32:18,721 | WARNING | NSE session bootstrap HTTP 403 (attempt 1/5) — refreshing NSE session cookie …
2026-10-01 18:32:29,260 | INFO | NSE session bootstrap status: 200
2026-10-01 18:32:29,261 | INFO | Downloading Nifty 100 universe from https://www.niftyindices.com/IndexConstituent/ind_nifty100list.csv
2026-10-01 18:32:29,890 | INFO | Universe download status: 200
2026-10-01 18:32:29,895 | INFO | Universe rows loaded: 100
2026-10-01 18:32:29,993 | INFO | Loaded history rows: 137053
2026-10-01 18:32:29,998 | INFO | yfinance history update: 100 symbols | 2026-09-29 → 2026-10-03
2026-10-01 18:32:29,998 | INFO | yfinance batch download: 100 symbols | 2026-09-29 → 2026-10-03
2026-10-01 18:32:30,000 | INFO | Failed to create TzCache, reason: Error creating TzCache folder: '/home/runner/.cache/py-yfinance' reason: [Errno 17] File exists: '/home/runner/.cache/py-yfinance'. TzCache will not be used. Tip: You can direct cache to use a different location with 'set_tz_cache_location(mylocation)'
2026-10-01 18:32:35,182 | INFO | yfinance raw shape: (3, 500)
2026-10-01 18:32:35,370 | INFO | yfinance parsed rows after date-filter: 200
2026-10-01 18:32:35,371 | INFO | New rows from yfinance: 200
2026-10-01 18:32:36,027 | INFO | Saved history rows: 137054 | file: /home/runner/work/nifty100-reporter/nifty100-reporter/data/nifty100_ohlcv_history.csv
2026-10-01 18:32:36,111 | INFO | Loaded history rows: 137054
2026-10-01 18:32:36,112 | INFO | Latest OHLCV data is from 2026-09-30
2026-10-01 18:32:36,134 | INFO | Latest Delivery data is from 2026-09-30
2026-10-01 18:32:36,168 | INFO | Delivery cache has 32 dates — skipping backfill.
2026-10-01 18:32:36,169 | INFO | Delivery fetch attempt [0/7] — URL: https://archives.nseindia.com/products/content/sec_bhavdata_full_02102026.csv
2026-10-01 18:32:36,670 | INFO | Delivery fetch FAILED for 2026-10-02 — HTTP 404 — URL: https://archives.nseindia.com/products/content/sec_bhavdata_full_02102026.csv
2026-10-01 18:32:36,670 | INFO | Delivery fetch attempt [1/7] — URL: https://archives.nseindia.com/products/content/sec_bhavdata_full_01102026.csv
2026-10-01 18:32:37,193 | INFO | Delivery fetch SUCCESS — date: 2026-10-01 | size: 401205 bytes | URL: https://archives.nseindia.com/products/content/sec_bhavdata_full_01102026.csv
2026-10-01 18:32:37,466 | INFO | Delivery cache updated: 2662 symbols for 2026-10-01 (rows in cache: 87310)
2026-10-01 18:32:37,467 | INFO | Delivery data: 2662 symbols | fallback=False
2026-10-01 18:32:37,995 | INFO | Corporate actions bulk OK: 7 raw rows | 0 Nifty100 symbols with events
2026-10-01 18:33:45,556 | WARNING | NSE corp-actions GODREJCP fetch failed (attempt 1/3): HTTPSConnectionPool(host='www.nseindia.com', port=443): Read timed out. (read timeout=15) — retrying in 5s …
2026-10-01 18:34:05,663 | WARNING | NSE corp-actions GODREJCP fetch failed (attempt 2/3): HTTPSConnectionPool(host='www.nseindia.com', port=443): Read timed out. (read timeout=15) — retrying in 5s …
2026-10-01 18:34:26,154 | WARNING | NSE corp-actions GRASIM fetch failed (attempt 1/3): HTTPSConnectionPool(host='www.nseindia.com', port=443): Read timed out. (read timeout=15) — retrying in 5s …
2026-10-01 18:34:46,611 | WARNING | NSE corp-actions HAL fetch failed (attempt 1/3): HTTPSConnectionPool(host='www.nseindia.com', port=443): Read timed out. (read timeout=15) — retrying in 5s …
2026-10-01 18:35:06,791 | WARNING | NSE corp-actions HAL fetch failed (attempt 2/3): HTTPSConnectionPool(host='www.nseindia.com', port=443): Read timed out. (read timeout=15) — retrying in 5s …
2026-10-01 18:35:27,123 | WARNING | NSE corp-actions HCLTECH fetch failed (attempt 1/3): HTTPSConnectionPool(host='www.nseindia.com', port=443): Read timed out. (read timeout=15) — retrying in 5s …
2026-10-01 18:35:47,539 | WARNING | NSE corp-actions HDFCAMC fetch failed (attempt 1/3): HTTPSConnectionPool(host='www.nseindia.com', port=443): Read timed out. (read timeout=15) — retrying in 5s …
2026-10-01 18:36:08,566 | WARNING | NSE corp-actions HDFCBANK fetch failed (attempt 1/3): HTTPSConnectionPool(host='www.nseindia.com', port=443): Read timed out. (read timeout=15) — retrying in 5s …
2026-10-01 18:36:28,639 | WARNING | NSE corp-actions HDFCBANK fetch failed (attempt 2/3): HTTPSConnectionPool(host='www.nseindia.com', port=443): Read timed out. (read timeout=15) — retrying in 5s …
2026-10-01 18:36:49,111 | WARNING | NSE corp-actions HDFCLIFE fetch failed (attempt 1/3): HTTPSConnectionPool(host='www.nseindia.com', port=443): Read timed out. (read timeout=15) — retrying in 5s …
2026-10-01 18:37:10,145 | WARNING | NSE corp-actions HINDALCO fetch failed (attempt 1/3): HTTPSConnectionPool(host='www.nseindia.com', port=443): Read timed out. (read timeout=15) — retrying in 5s …
2026-10-01 18:37:30,559 | WARNING | NSE corp-actions HINDUNILVR fetch failed (attempt 1/3): HTTPSConnectionPool(host='www.nseindia.com', port=443): Read timed out. (read timeout=15) — retrying in 5s …
2026-10-01 18:37:50,654 | WARNING | NSE corp-actions HINDUNILVR fetch failed (attempt 2/3): HTTPSConnectionPool(host='www.nseindia.com', port=443): Read timed out. (read timeout=15) — retrying in 5s …
2026-10-01 18:38:11,108 | WARNING | NSE corp-actions HINDZINC fetch failed (attempt 1/3): HTTPSConnectionPool(host='www.nseindia.com', port=443): Read timed out. (read timeout=15) — retrying in 5s …
2026-10-01 18:38:31,183 | WARNING | NSE corp-actions HINDZINC fetch failed (attempt 2/3): HTTPSConnectionPool(host='www.nseindia.com', port=443): Read timed out. (read timeout=15) — retrying in 5s …
2026-10-01 18:38:51,289 | ERROR | NSE corp-actions HINDZINC fetch failed after 3 attempts: HTTPSConnectionPool(host='www.nseindia.com', port=443): Read timed out. (read timeout=15)
2026-10-01 18:39:06,364 | WARNING | NSE corp-actions HYUNDAI fetch failed (attempt 1/3): HTTPSConnectionPool(host='www.nseindia.com', port=443): Read timed out. (read timeout=15) — retrying in 5s …
2026-10-01 18:39:26,574 | WARNING | NSE corp-actions HYUNDAI fetch failed (attempt 2/3): HTTPSConnectionPool(host='www.nseindia.com', port=443): Read timed out. (read timeout=15) — retrying in 5s …
2026-10-01 18:39:46,686 | ERROR | NSE corp-actions HYUNDAI fetch failed after 3 attempts: HTTPSConnectionPool(host='www.nseindia.com', port=443): Read timed out. (read timeout=15)
2026-10-01 18:40:01,767 | WARNING | NSE corp-actions ICICIBANK fetch failed (attempt 1/3): HTTPSConnectionPool(host='www.nseindia.com', port=443): Read timed out. (read timeout=15) — retrying in 5s …
2026-10-01 18:40:22,158 | WARNING | NSE corp-actions IDEA fetch failed (attempt 1/3): HTTPSConnectionPool(host='www.nseindia.com', port=443): Read timed out. (read timeout=15) — retrying in 5s …
2026-10-01 18:40:42,363 | WARNING | NSE corp-actions IDEA fetch failed (attempt 2/3): HTTPSConnectionPool(host='www.nseindia.com', port=443): Read timed out. (read timeout=15) — retrying in 5s …
2026-10-01 18:41:02,563 | ERROR | NSE corp-actions IDEA fetch failed after 3 attempts: HTTPSConnectionPool(host='www.nseindia.com', port=443): Read timed out. (read timeout=15)
2026-10-01 18:41:17,768 | WARNING | NSE corp-actions INDIGO fetch failed (attempt 1/3): HTTPSConnectionPool(host='www.nseindia.com', port=443): Read timed out. (read timeout=15) — retrying in 5s …
2026-10-01 18:41:37,853 | WARNING | NSE corp-actions INDIGO fetch failed (attempt 2/3): HTTPSConnectionPool(host='www.nseindia.com', port=443): Read timed out. (read timeout=15) — retrying in 5s …
2026-10-01 18:41:58,225 | WARNING | NSE corp-actions INFY fetch failed (attempt 1/3): HTTPSConnectionPool(host='www.nseindia.com', port=443): Read timed out. (read timeout=15) — retrying in 5s …
2026-10-01 18:42:18,299 | WARNING | NSE corp-actions INFY fetch failed (attempt 2/3): HTTPSConnectionPool(host='www.nseindia.com', port=443): Read timed out. (read timeout=15) — retrying in 5s …
2026-10-01 18:42:38,643 | WARNING | NSE corp-actions IOC fetch failed (attempt 1/3): HTTPSConnectionPool(host='www.nseindia.com', port=443): Read timed out. (read timeout=15) — retrying in 5s …
2026-10-01 18:42:58,953 | WARNING | NSE corp-actions IRFC fetch failed (attempt 1/3): HTTPSConnectionPool(host='www.nseindia.com', port=443): Read timed out. (read timeout=15) — retrying in 5s …
2026-10-01 18:43:19,409 | WARNING | NSE corp-actions ITC fetch failed (attempt 1/3): HTTPSConnectionPool(host='www.nseindia.com', port=443): Read timed out. (read timeout=15) — retrying in 5s …
2026-10-01 18:43:39,722 | WARNING | NSE corp-actions JINDALSTEL fetch failed (attempt 1/3): HTTPSConnectionPool(host='www.nseindia.com', port=443): Read timed out. (read timeout=15) — retrying in 5s …
2026-10-01 18:44:00,103 | WARNING | NSE corp-actions JIOFIN fetch failed (attempt 1/3): HTTPSConnectionPool(host='www.nseindia.com', port=443): Read timed out. (read timeout=15) — retrying in 5s …
2026-10-01 18:44:20,464 | WARNING | NSE corp-actions JSWSTEEL fetch failed (attempt 1/3): HTTPSConnectionPool(host='www.nseindia.com', port=443): Read timed out. (read timeout=15) — retrying in 5s …
2026-10-01 18:44:40,616 | WARNING | NSE corp-actions JSWSTEEL fetch failed (attempt 2/3): HTTPSConnectionPool(host='www.nseindia.com', port=443): Read timed out. (read timeout=15) — retrying in 5s …
2026-10-01 18:45:00,760 | WARNING | NSE corp-actions KOTAKBANK fetch failed (attempt 1/3): HTTPSConnectionPool(host='www.nseindia.com', port=443): Read timed out. (read timeout=15) — retrying in 5s …
2026-10-01 18:45:20,842 | WARNING | NSE corp-actions KOTAKBANK fetch failed (attempt 2/3): HTTPSConnectionPool(host='www.nseindia.com', port=443): Read timed out. (read timeout=15) — retrying in 5s …
2026-10-01 18:45:40,997 | WARNING | NSE corp-actions LT fetch failed (attempt 1/3): HTTPSConnectionPool(host='www.nseindia.com', port=443): Read timed out. (read timeout=15) — retrying in 5s …
2026-10-01 18:46:01,078 | WARNING | NSE corp-actions LT fetch failed (attempt 2/3): HTTPSConnectionPool(host='www.nseindia.com', port=443): Read timed out. (read timeout=15) — retrying in 5s …
2026-10-01 18:46:21,509 | WARNING | NSE corp-actions LTM fetch failed (attempt 1/3): HTTPSConnectionPool(host='www.nseindia.com', port=443): Read timed out. (read timeout=15) — retrying in 5s …
2026-10-01 18:46:41,603 | WARNING | NSE corp-actions LTM fetch failed (attempt 2/3): HTTPSConnectionPool(host='www.nseindia.com', port=443): Read timed out. (read timeout=15) — retrying in 5s …
2026-10-01 18:47:02,382 | WARNING | NSE corp-actions M&M fetch failed (attempt 1/3): HTTPSConnectionPool(host='www.nseindia.com', port=443): Read timed out. (read timeout=15) — retrying in 5s …
2026-10-01 18:47:22,822 | WARNING | NSE corp-actions MARUTI fetch failed (attempt 1/3): HTTPSConnectionPool(host='www.nseindia.com', port=443): Read timed out. (read timeout=15) — retrying in 5s …
2026-10-01 18:47:42,924 | WARNING | NSE corp-actions MARUTI fetch failed (attempt 2/3): HTTPSConnectionPool(host='www.nseindia.com', port=443): Read timed out. (read timeout=15) — retrying in 5s …
2026-10-01 18:48:03,496 | WARNING | NSE corp-actions MAXHEALTH fetch failed (attempt 1/3): HTTPSConnectionPool(host='www.nseindia.com', port=443): Read timed out. (read timeout=15) — retrying in 5s …
2026-10-01 18:48:24,018 | WARNING | NSE corp-actions MAZDOCK fetch failed (attempt 1/3): HTTPSConnectionPool(host='www.nseindia.com', port=443): Read timed out. (read timeout=15) — retrying in 5s …
2026-10-01 18:48:44,433 | WARNING | NSE corp-actions MOTHERSON fetch failed (attempt 1/3): HTTPSConnectionPool(host='www.nseindia.com', port=443): Read timed out. (read timeout=15) — retrying in 5s …
2026-10-01 18:49:04,900 | WARNING | NSE corp-actions MUTHOOTFIN fetch failed (attempt 1/3): HTTPSConnectionPool(host='www.nseindia.com', port=443): Read timed out. (read timeout=15) — retrying in 5s …
2026-10-01 18:49:25,270 | WARNING | NSE corp-actions NESTLEIND fetch failed (attempt 1/3): HTTPSConnectionPool(host='www.nseindia.com', port=443): Read timed out. (read timeout=15) — retrying in 5s …
2026-10-01 18:49:45,348 | WARNING | NSE corp-actions NESTLEIND fetch failed (attempt 2/3): HTTPSConnectionPool(host='www.nseindia.com', port=443): Read timed out. (read timeout=15) — retrying in 5s …
2026-10-01 18:50:05,779 | WARNING | NSE corp-actions NTPC fetch failed (attempt 1/3): HTTPSConnectionPool(host='www.nseindia.com', port=443): Read timed out. (read timeout=15) — retrying in 5s …
2026-10-01 18:50:26,532 | WARNING | NSE corp-actions ONGC fetch failed (attempt 1/3): HTTPSConnectionPool(host='www.nseindia.com', port=443): Read timed out. (read timeout=15) — retrying in 5s …
2026-10-01 18:50:47,447 | WARNING | NSE corp-actions PFC fetch failed (attempt 1/3): HTTPSConnectionPool(host='www.nseindia.com', port=443): Read timed out. (read timeout=15) — retrying in 5s …
2026-10-01 18:51:07,510 | WARNING | NSE corp-actions PFC fetch failed (attempt 2/3): HTTPSConnectionPool(host='www.nseindia.com', port=443): Read timed out. (read timeout=15) — retrying in 5s …
2026-10-01 18:51:27,568 | ERROR | NSE corp-actions PFC fetch failed after 3 attempts: HTTPSConnectionPool(host='www.nseindia.com', port=443): Read timed out. (read timeout=15)
2026-10-01 18:51:42,672 | WARNING | NSE corp-actions PIDILITIND fetch failed (attempt 1/3): HTTPSConnectionPool(host='www.nseindia.com', port=443): Read timed out. (read timeout=15) — retrying in 5s …
2026-10-01 18:52:03,120 | WARNING | NSE corp-actions PNB fetch failed (attempt 1/3): HTTPSConnectionPool(host='www.nseindia.com', port=443): Read timed out. (read timeout=15) — retrying in 5s …
2026-10-01 18:52:23,467 | WARNING | NSE corp-actions POLYCAB fetch failed (attempt 1/3): HTTPSConnectionPool(host='www.nseindia.com', port=443): Read timed out. (read timeout=15) — retrying in 5s …
2026-10-01 18:52:43,570 | WARNING | NSE corp-actions POLYCAB fetch failed (attempt 2/3): HTTPSConnectionPool(host='www.nseindia.com', port=443): Read timed out. (read timeout=15) — retrying in 5s …
2026-10-01 18:53:03,635 | ERROR | NSE corp-actions POLYCAB fetch failed after 3 attempts: HTTPSConnectionPool(host='www.nseindia.com', port=443): Read timed out. (read timeout=15)
2026-10-01 18:53:18,719 | WARNING | NSE corp-actions POWERGRID fetch failed (attempt 1/3): HTTPSConnectionPool(host='www.nseindia.com', port=443): Read timed out. (read timeout=15) — retrying in 5s …
2026-10-01 18:53:39,310 | WARNING | NSE corp-actions POWERINDIA fetch failed (attempt 1/3): HTTPSConnectionPool(host='www.nseindia.com', port=443): Read timed out. (read timeout=15) — retrying in 5s …
2026-10-01 18:53:59,390 | WARNING | NSE corp-actions POWERINDIA fetch failed (attempt 2/3): HTTPSConnectionPool(host='www.nseindia.com', port=443): Read timed out. (read timeout=15) — retrying in 5s …
2026-10-01 18:54:19,461 | ERROR | NSE corp-actions POWERINDIA fetch failed after 3 attempts: HTTPSConnectionPool(host='www.nseindia.com', port=443): Read timed out. (read timeout=15)
2026-10-01 18:54:34,543 | WARNING | NSE corp-actions RELIANCE fetch failed (attempt 1/3): HTTPSConnectionPool(host='www.nseindia.com', port=443): Read timed out. (read timeout=15) — retrying in 5s …
2026-10-01 18:54:54,879 | WARNING | NSE corp-actions SBILIFE fetch failed (attempt 1/3): HTTPSConnectionPool(host='www.nseindia.com', port=443): Read timed out. (read timeout=15) — retrying in 5s …
2026-10-01 18:55:14,989 | WARNING | NSE corp-actions SBILIFE fetch failed (attempt 2/3): HTTPSConnectionPool(host='www.nseindia.com', port=443): Read timed out. (read timeout=15) — retrying in 5s …
2026-10-01 18:55:35,460 | WARNING | NSE corp-actions SBIN fetch failed (attempt 1/3): HTTPSConnectionPool(host='www.nseindia.com', port=443): Read timed out. (read timeout=15) — retrying in 5s …
2026-10-01 18:55:56,080 | WARNING | NSE corp-actions SHRIRAMFIN fetch failed (attempt 1/3): HTTPSConnectionPool(host='www.nseindia.com', port=443): Read timed out. (read timeout=15) — retrying in 5s …
2026-10-01 18:56:16,163 | WARNING | NSE corp-actions SHRIRAMFIN fetch failed (attempt 2/3): HTTPSConnectionPool(host='www.nseindia.com', port=443): Read timed out. (read timeout=15) — retrying in 5s …
2026-10-01 18:56:37,234 | WARNING | NSE corp-actions SIEMENS fetch failed (attempt 1/3): HTTPSConnectionPool(host='www.nseindia.com', port=443): Read timed out. (read timeout=15) — retrying in 5s …
2026-10-01 18:56:57,314 | WARNING | NSE corp-actions SIEMENS fetch failed (attempt 2/3): HTTPSConnectionPool(host='www.nseindia.com', port=443): Read timed out. (read timeout=15) — retrying in 5s …
2026-10-01 18:57:17,779 | WARNING | NSE corp-actions SOLARINDS fetch failed (attempt 1/3): HTTPSConnectionPool(host='www.nseindia.com', port=443): Read timed out. (read timeout=15) — retrying in 5s …
2026-10-01 18:57:38,136 | WARNING | NSE corp-actions SUNPHARMA fetch failed (attempt 1/3): HTTPSConnectionPool(host='www.nseindia.com', port=443): Read timed out. (read timeout=15) — retrying in 5s …
2026-10-01 18:57:58,567 | WARNING | NSE corp-actions TATACAP fetch failed (attempt 1/3): HTTPSConnectionPool(host='www.nseindia.com', port=443): Read timed out. (read timeout=15) — retrying in 5s …
2026-10-01 18:58:19,116 | WARNING | NSE corp-actions TATACONSUM fetch failed (attempt 1/3): HTTPSConnectionPool(host='www.nseindia.com', port=443): Read timed out. (read timeout=15) — retrying in 5s …
2026-10-01 18:58:39,496 | WARNING | NSE corp-actions TATAPOWER fetch failed (attempt 1/3): HTTPSConnectionPool(host='www.nseindia.com', port=443): Read timed out. (read timeout=15) — retrying in 5s …
2026-10-01 18:58:59,940 | WARNING | NSE corp-actions TATASTEEL fetch failed (attempt 1/3): HTTPSConnectionPool(host='www.nseindia.com', port=443): Read timed out. (read timeout=15) — retrying in 5s …
2026-10-01 18:59:20,335 | WARNING | NSE corp-actions TCS fetch failed (attempt 1/3): HTTPSConnectionPool(host='www.nseindia.com', port=443): Read timed out. (read timeout=15) — retrying in 5s …
2026-10-01 18:59:40,677 | WARNING | NSE corp-actions TECHM fetch failed (attempt 1/3): HTTPSConnectionPool(host='www.nseindia.com', port=443): Read timed out. (read timeout=15) — retrying in 5s …
2026-10-01 19:00:01,168 | WARNING | NSE corp-actions TITAN fetch failed (attempt 1/3): HTTPSConnectionPool(host='www.nseindia.com', port=443): Read timed out. (read timeout=15) — retrying in 5s …
2026-10-01 19:00:21,615 | WARNING | NSE corp-actions TMCV fetch failed (attempt 1/3): HTTPSConnectionPool(host='www.nseindia.com', port=443): Read timed out. (read timeout=15) — retrying in 5s …
2026-10-01 19:00:41,971 | WARNING | NSE corp-actions TMPV fetch failed (attempt 1/3): HTTPSConnectionPool(host='www.nseindia.com', port=443): Read timed out. (read timeout=15) — retrying in 5s …
2026-10-01 19:01:02,366 | WARNING | NSE corp-actions TORNTPHARM fetch failed (attempt 1/3): HTTPSConnectionPool(host='www.nseindia.com', port=443): Read timed out. (read timeout=15) — retrying in 5s …
2026-10-01 19:01:22,707 | WARNING | NSE corp-actions TRENT fetch failed (attempt 1/3): HTTPSConnectionPool(host='www.nseindia.com', port=443): Read timed out. (read timeout=15) — retrying in 5s …
2026-10-01 19:01:43,058 | WARNING | NSE corp-actions TVSMOTOR fetch failed (attempt 1/3): HTTPSConnectionPool(host='www.nseindia.com', port=443): Read timed out. (read timeout=15) — retrying in 5s …
2026-10-01 19:02:03,474 | WARNING | NSE corp-actions ULTRACEMCO fetch failed (attempt 1/3): HTTPSConnectionPool(host='www.nseindia.com', port=443): Read timed out. (read timeout=15) — retrying in 5s …
2026-10-01 19:02:23,547 | WARNING | NSE corp-actions ULTRACEMCO fetch failed (attempt 2/3): HTTPSConnectionPool(host='www.nseindia.com', port=443): Read timed out. (read timeout=15) — retrying in 5s …
2026-10-01 19:02:44,041 | WARNING | NSE corp-actions UNIONBANK fetch failed (attempt 1/3): HTTPSConnectionPool(host='www.nseindia.com', port=443): Read timed out. (read timeout=15) — retrying in 5s …
2026-10-01 19:03:04,540 | WARNING | NSE corp-actions VAML fetch failed (attempt 1/3): HTTPSConnectionPool(host='www.nseindia.com', port=443): Read timed out. (read timeout=15) — retrying in 5s …
2026-10-01 19:03:24,637 | WARNING | NSE corp-actions VAML fetch failed (attempt 2/3): HTTPSConnectionPool(host='www.nseindia.com', port=443): Read timed out. (read timeout=15) — retrying in 5s …
2026-10-01 19:03:44,739 | ERROR | NSE corp-actions VAML fetch failed after 3 attempts: HTTPSConnectionPool(host='www.nseindia.com', port=443): Read timed out. (read timeout=15)
2026-10-01 19:03:59,958 | WARNING | NSE corp-actions VBL fetch failed (attempt 1/3): HTTPSConnectionPool(host='www.nseindia.com', port=443): Read timed out. (read timeout=15) — retrying in 5s …
2026-10-01 19:04:20,059 | WARNING | NSE corp-actions VBL fetch failed (attempt 2/3): HTTPSConnectionPool(host='www.nseindia.com', port=443): Read timed out. (read timeout=15) — retrying in 5s …
2026-10-01 19:04:40,160 | ERROR | NSE corp-actions VBL fetch failed after 3 attempts: HTTPSConnectionPool(host='www.nseindia.com', port=443): Read timed out. (read timeout=15)
2026-10-01 19:04:55,250 | WARNING | NSE corp-actions VEDL fetch failed (attempt 1/3): HTTPSConnectionPool(host='www.nseindia.com', port=443): Read timed out. (read timeout=15) — retrying in 5s …
2026-10-01 19:05:15,366 | WARNING | NSE corp-actions VEDL fetch failed (attempt 2/3): HTTPSConnectionPool(host='www.nseindia.com', port=443): Read timed out. (read timeout=15) — retrying in 5s …
2026-10-01 19:05:36,467 | WARNING | NSE corp-actions WIPRO fetch failed (attempt 1/3): HTTPSConnectionPool(host='www.nseindia.com', port=443): Read timed out. (read timeout=15) — retrying in 5s …
2026-10-01 19:05:56,544 | WARNING | NSE corp-actions WIPRO fetch failed (attempt 2/3): HTTPSConnectionPool(host='www.nseindia.com', port=443): Read timed out. (read timeout=15) — retrying in 5s …
2026-10-01 19:06:16,995 | WARNING | NSE corp-actions ZYDUSLIFE fetch failed (attempt 1/3): HTTPSConnectionPool(host='www.nseindia.com', port=443): Read timed out. (read timeout=15) — retrying in 5s …
2026-10-01 19:06:22,376 | INFO | Corporate actions: 0/100 symbols have events (window 02-10-2026 to 01-11-2026) | Symbols: none
2026-10-01 19:06:22,377 | INFO | Index membership from cache: NIFTY 50 (50 symbols)
2026-10-01 19:06:22,377 | INFO | Index membership from cache: Nifty Next 50 (50 symbols)
2026-10-01 19:06:22,377 | INFO | Index membership ready: 100 symbols mapped
2026-10-01 19:06:23,873 | INFO | News RSS query for ADANIPORTS: https://news.google.com/rss/search?q=%22Adani+Ports+and+Special+Economic+Zone+Ltd.%22+NSE+when:10d&hl=en-IN&gl=IN&ceid=IN:en
2026-10-01 19:06:24,165 | INFO | News RSS status for ADANIPORTS: 200
2026-10-01 19:06:28,863 | WARNING | Skipping BSE — only 3 bars available (need 220). Extend history_backfill_days in config.json to include this symbol.
2026-10-01 19:06:31,137 | INFO | News RSS query for DIVISLAB: https://news.google.com/rss/search?q=%22Divi%27s+Laboratories+Ltd.%22+NSE+when:10d&hl=en-IN&gl=IN&ceid=IN:en
2026-10-01 19:06:31,366 | INFO | News RSS status for DIVISLAB: 200
2026-10-01 19:06:31,367 | INFO | News RSS query for DIVISLAB: https://news.google.com/rss/search?q=%22Divi%27s+Laboratories+Ltd.%22+stock+when:10d&hl=en-IN&gl=IN&ceid=IN:en
2026-10-01 19:06:31,607 | INFO | News RSS status for DIVISLAB: 200
2026-10-01 19:06:31,955 | INFO | News RSS query for DLF: https://news.google.com/rss/search?q=%22DLF+Ltd.%22+NSE+when:10d&hl=en-IN&gl=IN&ceid=IN:en
2026-10-01 19:06:32,200 | INFO | News RSS status for DLF: 200
2026-10-01 19:06:33,518 | INFO | News RSS query for ETERNAL: https://news.google.com/rss/search?q=%22Eternal+Ltd.%22+NSE+when:10d&hl=en-IN&gl=IN&ceid=IN:en
2026-10-01 19:06:33,734 | INFO | News RSS status for ETERNAL: 200
2026-10-01 19:06:37,640 | WARNING | Skipping IDEA — only 3 bars available (need 220). Extend history_backfill_days in config.json to include this symbol.
2026-10-01 19:06:39,823 | INFO | News RSS query for JINDALSTEL: https://news.google.com/rss/search?q=%22Jindal+Steel+Ltd.%22+NSE+when:10d&hl=en-IN&gl=IN&ceid=IN:en
2026-10-01 19:06:40,077 | INFO | News RSS status for JINDALSTEL: 200
2026-10-01 19:06:41,456 | WARNING | Skipping LTM — only 154 bars available (need 220). Extend history_backfill_days in config.json to include this symbol.
2026-10-01 19:06:45,278 | WARNING | Skipping POLYCAB — only 3 bars available (need 220). Extend history_backfill_days in config.json to include this symbol.
2026-10-01 19:06:45,584 | WARNING | Skipping POWERINDIA — only 3 bars available (need 220). Extend history_backfill_days in config.json to include this symbol.
2026-10-01 19:06:52,097 | WARNING | Skipping VAML — only 9 bars available (need 220). Extend history_backfill_days in config.json to include this symbol.
2026-10-01 19:06:52,728 | WARNING | Skipping VEDPOWER — only 4 bars available (need 220). Extend history_backfill_days in config.json to include this symbol.
2026-10-01 19:06:52,728 | WARNING | Skipping VISL — only 4 bars available (need 220). Extend history_backfill_days in config.json to include this symbol.
2026-10-01 19:06:52,729 | WARNING | Skipping VOGL — only 7 bars available (need 220). Extend history_backfill_days in config.json to include this symbol.
2026-10-01 19:06:53,430 | INFO | News RSS query for ZYDUSLIFE: https://news.google.com/rss/search?q=%22Zydus+Lifesciences+Ltd.%22+NSE+when:10d&hl=en-IN&gl=IN&ceid=IN:en
2026-10-01 19:06:53,704 | INFO | News RSS status for ZYDUSLIFE: 200
2026-10-01 19:06:53,711 | INFO | Index membership from cache: NIFTY 50 (50 symbols)
2026-10-01 19:06:53,711 | INFO | Index membership from cache: Nifty Next 50 (50 symbols)
2026-10-01 19:06:53,711 | INFO | Index membership ready: 100 symbols mapped
2026-10-01 19:06:53,711 | INFO | Market Health: fetching index OHLCV...
2026-10-01 19:06:53,714 | INFO | Index OHLCV cache fresh for NIFTY 50 (1473 rows)
2026-10-01 19:06:53,716 | INFO | Index OHLCV cache fresh for NIFTY NEXT 50 (1468 rows)
2026-10-01 19:06:53,716 | INFO | Market Health: fetching VIX...
2026-10-01 19:06:53,717 | INFO | VIX cache fresh (171 rows)
2026-10-01 19:06:53,717 | INFO | Market Health: updating breadth EMA cache...
2026-10-01 19:06:54,962 | INFO | Breadth EMA cache: 136859 total rows (+1)
2026-10-01 19:06:54,980 | INFO | Market Health [NIFTY 50]: Score=-39.0 | Weak Bear &#x1F534;
2026-10-01 19:06:54,993 | INFO | Market Health [Nifty Next 50]: Score=-27.0 | Weak Bear &#x1F534;
2026-10-01 19:06:55,001 | INFO | Signal log: no new signals to append today.
2026-10-01 19:06:55,562 | INFO | Signal tracker: updated 117 Active signal rows.
2026-10-01 19:06:55,567 | INFO | HTML report written: /home/runner/work/nifty100-reporter/nifty100-reporter/reports/nifty100_daily_report_20261002.html
2026-10-01 19:06:55,572 | INFO | Market Health Excel sheet written.
2026-10-01 19:06:56,647 | INFO | Excel report written: /home/runner/work/nifty100-reporter/nifty100-reporter/reports/nifty100_daily_report_20261002.xlsx
2026-10-01 19:06:56,647 | INFO | GitHub Actions detected — skipping Gmail API send (workflow handles email).
2026-10-01 19:06:56,647 | INFO | Run completed successfully.
2026-10-01 19:06:56,647 | INFO | Artifacts: /home/runner/work/nifty100-reporter/nifty100-reporter/reports/nifty100_daily_report_20261002.html | /home/runner/work/nifty100-reporter/nifty100-reporter/reports/nifty100_daily_report_20261002.xlsx | log: /home/runner/work/nifty100-reporter/nifty100-reporter/logs/run_20261002_000218.log
