2026-06-15 12:46:02,559 | INFO | Nifty 100 Daily EMA Cross Reporter | Version 3.3.8 | Released 2026-04-17
2026-06-15 12:46:02,559 | INFO | Base directory: /home/runner/work/nifty100-reporter/nifty100-reporter
2026-06-15 12:46:02,559 | INFO | Loaded config. Email enabled: True | Recipients: 1
2026-06-15 12:46:02,707 | WARNING | NSE session bootstrap HTTP 403 (attempt 1/5) — refreshing NSE session cookie …
2026-06-15 12:46:13,274 | INFO | NSE session bootstrap status: 200
2026-06-15 12:46:13,274 | INFO | Downloading Nifty 100 universe from https://www.niftyindices.com/IndexConstituent/ind_nifty100list.csv
2026-06-15 12:46:13,693 | INFO | Universe download status: 200
2026-06-15 12:46:13,698 | INFO | Universe rows loaded: 104
2026-06-15 12:46:13,807 | INFO | Loaded history rows: 129333
2026-06-15 12:46:13,815 | INFO | yfinance history update: 104 symbols | 2026-06-11 → 2026-06-16
2026-06-15 12:46:13,815 | INFO | yfinance batch download: 104 symbols | 2026-06-11 → 2026-06-16
2026-06-15 12:46:18,363 | INFO | yfinance raw shape: (3, 520)
2026-06-15 12:46:18,678 | INFO | yfinance parsed rows after date-filter: 304
2026-06-15 12:46:18,679 | INFO | New rows from yfinance: 304
2026-06-15 12:46:19,446 | INFO | Saved history rows: 129437 | file: /home/runner/work/nifty100-reporter/nifty100-reporter/data/nifty100_ohlcv_history.csv
2026-06-15 12:46:19,545 | INFO | Loaded history rows: 129437
2026-06-15 12:46:19,546 | INFO | Latest OHLCV data is from 2026-06-15
2026-06-15 12:46:19,569 | INFO | Latest Delivery data is from 2026-06-12
2026-06-15 12:46:19,612 | INFO | Delivery cache has 30 dates — skipping backfill.
2026-06-15 12:46:19,612 | INFO | Delivery fetch attempt [0/7] — URL: https://archives.nseindia.com/products/content/sec_bhavdata_full_15062026.csv
2026-06-15 12:46:20,859 | INFO | Delivery fetch SUCCESS — date: 2026-06-15 | size: 373867 bytes | URL: https://archives.nseindia.com/products/content/sec_bhavdata_full_15062026.csv
2026-06-15 12:46:21,182 | INFO | Delivery cache updated: 2428 symbols for 2026-06-15 (rows in cache: 68525)
2026-06-15 12:46:21,183 | INFO | Delivery data: 2428 symbols | fallback=False
2026-06-15 12:46:21,561 | INFO | Corporate actions bulk OK: 79 raw rows | 15 Nifty100 symbols with events
2026-06-15 12:46:51,140 | INFO | Corporate actions: 15/104 symbols have events (window 15-06-2026 to 15-07-2026) | Symbols: ASIANPAINT, AXISBANK, BAJAJFINSV, BAJAJHLDNG, BAJFINANCE, HDFCBANK, HDFCLIFE, HINDUNILVR, INDHOTEL, MOTHERSON, NESTLEIND, SHRIRAMFIN, TATAPOWER, TECHM, TMPV
2026-06-15 12:46:51,141 | INFO | Index membership from cache: NIFTY 50 (50 symbols)
2026-06-15 12:46:51,141 | INFO | Index membership from cache: Nifty Next 50 (50 symbols)
2026-06-15 12:46:51,141 | INFO | Index membership ready: 100 symbols mapped
2026-06-15 12:46:51,774 | INFO | News RSS query for ADANIENSOL: https://news.google.com/rss/search?q=%22Adani+Energy+Solutions+Ltd.%22+NSE+when:10d&hl=en-IN&gl=IN&ceid=IN:en
2026-06-15 12:46:52,043 | INFO | News RSS status for ADANIENSOL: 200
2026-06-15 12:46:52,474 | INFO | News RSS query for ADANIENT: https://news.google.com/rss/search?q=%22Adani+Enterprises+Ltd.%22+NSE+when:10d&hl=en-IN&gl=IN&ceid=IN:en
2026-06-15 12:46:52,707 | INFO | News RSS status for ADANIENT: 200
2026-06-15 12:46:53,139 | INFO | News RSS query for ADANIGREEN: https://news.google.com/rss/search?q=%22Adani+Green+Energy+Ltd.%22+NSE+when:10d&hl=en-IN&gl=IN&ceid=IN:en
2026-06-15 12:46:53,354 | INFO | News RSS status for ADANIGREEN: 200
2026-06-15 12:46:53,786 | INFO | News RSS query for ADANIPORTS: https://news.google.com/rss/search?q=%22Adani+Ports+and+Special+Economic+Zone+Ltd.%22+NSE+when:10d&hl=en-IN&gl=IN&ceid=IN:en
2026-06-15 12:46:53,987 | INFO | News RSS status for ADANIPORTS: 200
2026-06-15 12:46:55,166 | INFO | News RSS query for APOLLOHOSP: https://news.google.com/rss/search?q=%22Apollo+Hospitals+Enterprise+Ltd.%22+NSE+when:10d&hl=en-IN&gl=IN&ceid=IN:en
2026-06-15 12:46:55,389 | INFO | News RSS status for APOLLOHOSP: 200
2026-06-15 12:46:55,392 | INFO | News RSS query for APOLLOHOSP: https://news.google.com/rss/search?q=%22Apollo+Hospitals+Enterprise+Ltd.%22+stock+when:10d&hl=en-IN&gl=IN&ceid=IN:en
2026-06-15 12:46:55,702 | INFO | News RSS status for APOLLOHOSP: 200
2026-06-15 12:46:56,134 | INFO | News RSS query for ASIANPAINT: https://news.google.com/rss/search?q=%22Asian+Paints+Ltd.%22+NSE+when:10d&hl=en-IN&gl=IN&ceid=IN:en
2026-06-15 12:46:56,363 | INFO | News RSS status for ASIANPAINT: 200
2026-06-15 12:46:56,366 | INFO | News RSS query for ASIANPAINT: https://news.google.com/rss/search?q=%22Asian+Paints+Ltd.%22+stock+when:10d&hl=en-IN&gl=IN&ceid=IN:en
2026-06-15 12:46:56,692 | INFO | News RSS status for ASIANPAINT: 200
2026-06-15 12:46:57,127 | INFO | News RSS query for AXISBANK: https://news.google.com/rss/search?q=%22Axis+Bank+Ltd.%22+NSE+when:10d&hl=en-IN&gl=IN&ceid=IN:en
2026-06-15 12:46:57,358 | INFO | News RSS status for AXISBANK: 200
2026-06-15 12:47:00,415 | INFO | News RSS query for BOSCHLTD: https://news.google.com/rss/search?q=%22Bosch+Ltd.%22+NSE+when:10d&hl=en-IN&gl=IN&ceid=IN:en
2026-06-15 12:47:00,638 | INFO | News RSS status for BOSCHLTD: 200
2026-06-15 12:47:00,640 | INFO | News RSS query for BOSCHLTD: https://news.google.com/rss/search?q=%22Bosch+Ltd.%22+stock+when:10d&hl=en-IN&gl=IN&ceid=IN:en
2026-06-15 12:47:00,973 | INFO | News RSS status for BOSCHLTD: 200
2026-06-15 12:47:01,405 | INFO | News RSS query for BPCL: https://news.google.com/rss/search?q=%22Bharat+Petroleum+Corporation+Ltd.%22+NSE+when:10d&hl=en-IN&gl=IN&ceid=IN:en
2026-06-15 12:47:01,648 | INFO | News RSS status for BPCL: 200
2026-06-15 12:47:01,651 | INFO | News RSS query for BPCL: https://news.google.com/rss/search?q=%22Bharat+Petroleum+Corporation+Ltd.%22+stock+when:10d&hl=en-IN&gl=IN&ceid=IN:en
2026-06-15 12:47:01,909 | INFO | News RSS status for BPCL: 200
2026-06-15 12:47:03,084 | INFO | News RSS query for CGPOWER: https://news.google.com/rss/search?q=%22CG+Power+and+Industrial+Solutions+Ltd.%22+NSE+when:10d&hl=en-IN&gl=IN&ceid=IN:en
2026-06-15 12:47:03,311 | INFO | News RSS status for CGPOWER: 200
2026-06-15 12:47:03,312 | INFO | News RSS query for CGPOWER: https://news.google.com/rss/search?q=%22CG+Power+and+Industrial+Solutions+Ltd.%22+stock+when:10d&hl=en-IN&gl=IN&ceid=IN:en
2026-06-15 12:47:03,535 | INFO | News RSS status for CGPOWER: 200
2026-06-15 12:47:03,537 | INFO | News RSS query for CGPOWER: https://news.google.com/rss/search?q=CGPOWER+NSE+when:10d&hl=en-IN&gl=IN&ceid=IN:en
2026-06-15 12:47:03,790 | INFO | News RSS status for CGPOWER: 200
2026-06-15 12:47:04,256 | INFO | News RSS query for CHOLAFIN: https://news.google.com/rss/search?q=%22Cholamandalam+Investment+and+Finance+Company+Ltd.%22+NSE+when:10d&hl=en-IN&gl=IN&ceid=IN:en
2026-06-15 12:47:04,473 | INFO | News RSS status for CHOLAFIN: 200
2026-06-15 12:47:04,473 | INFO | News RSS query for CHOLAFIN: https://news.google.com/rss/search?q=%22Cholamandalam+Investment+and+Finance+Company+Ltd.%22+stock+when:10d&hl=en-IN&gl=IN&ceid=IN:en
2026-06-15 12:47:04,703 | INFO | News RSS status for CHOLAFIN: 200
2026-06-15 12:47:04,705 | INFO | News RSS query for CHOLAFIN: https://news.google.com/rss/search?q=CHOLAFIN+NSE+when:10d&hl=en-IN&gl=IN&ceid=IN:en
2026-06-15 12:47:04,890 | INFO | News RSS status for CHOLAFIN: 200
2026-06-15 12:47:04,892 | INFO | News RSS query for CHOLAFIN: https://news.google.com/rss/search?q=site%3Aeconomictimes.indiatimes.com+%22Cholamandalam+Investment+and+Finance+Company+Ltd.%22+when:10d&hl=en-IN&gl=IN&ceid=IN:en
2026-06-15 12:47:05,082 | INFO | News RSS status for CHOLAFIN: 200
2026-06-15 12:47:05,082 | INFO | News RSS query for CHOLAFIN: https://news.google.com/rss/search?q=site%3Amoneycontrol.com+%22Cholamandalam+Investment+and+Finance+Company+Ltd.%22+when:10d&hl=en-IN&gl=IN&ceid=IN:en
2026-06-15 12:47:05,310 | INFO | News RSS status for CHOLAFIN: 200
2026-06-15 12:47:05,311 | INFO | News RSS query for CHOLAFIN: https://news.google.com/rss/search?q=site%3Abusinessstandard.com+%22Cholamandalam+Investment+and+Finance+Company+Ltd.%22+when:10d&hl=en-IN&gl=IN&ceid=IN:en
2026-06-15 12:47:05,503 | INFO | News RSS status for CHOLAFIN: 200
2026-06-15 12:47:06,691 | INFO | News RSS query for CUMMINSIND: https://news.google.com/rss/search?q=%22Cummins+India+Ltd.%22+NSE+when:10d&hl=en-IN&gl=IN&ceid=IN:en
2026-06-15 12:47:06,954 | INFO | News RSS status for CUMMINSIND: 200
2026-06-15 12:47:07,017 | INFO | News RSS query for CUMMINSIND: https://news.google.com/rss/search?q=%22Cummins+India+Ltd.%22+NSE+when:10d&hl=en-IN&gl=IN&ceid=IN:en
2026-06-15 12:47:07,021 | INFO | News RSS status for CUMMINSIND: 200
2026-06-15 12:47:07,826 | INFO | News RSS query for DLF: https://news.google.com/rss/search?q=%22DLF+Ltd.%22+NSE+when:10d&hl=en-IN&gl=IN&ceid=IN:en
2026-06-15 12:47:08,041 | INFO | News RSS status for DLF: 200
2026-06-15 12:47:08,043 | INFO | News RSS query for DLF: https://news.google.com/rss/search?q=%22DLF+Ltd.%22+stock+when:10d&hl=en-IN&gl=IN&ceid=IN:en
2026-06-15 12:47:08,287 | INFO | News RSS status for DLF: 200
2026-06-15 12:47:09,468 | INFO | News RSS query for EICHERMOT: https://news.google.com/rss/search?q=%22Eicher+Motors+Ltd.%22+NSE+when:10d&hl=en-IN&gl=IN&ceid=IN:en
2026-06-15 12:47:09,660 | INFO | News RSS status for EICHERMOT: 200
2026-06-15 12:47:09,662 | INFO | News RSS query for EICHERMOT: https://news.google.com/rss/search?q=%22Eicher+Motors+Ltd.%22+stock+when:10d&hl=en-IN&gl=IN&ceid=IN:en
2026-06-15 12:47:09,881 | INFO | News RSS status for EICHERMOT: 200
2026-06-15 12:47:10,014 | INFO | News RSS query for ENRIN: https://news.google.com/rss/search?q=%22Siemens+Energy+India+Ltd.%22+NSE+when:10d&hl=en-IN&gl=IN&ceid=IN:en
2026-06-15 12:47:10,220 | INFO | News RSS status for ENRIN: 200
2026-06-15 12:47:10,223 | INFO | News RSS query for ENRIN: https://news.google.com/rss/search?q=%22Siemens+Energy+India+Ltd.%22+stock+when:10d&hl=en-IN&gl=IN&ceid=IN:en
2026-06-15 12:47:10,488 | INFO | News RSS status for ENRIN: 200
2026-06-15 12:47:11,984 | INFO | News RSS query for GRASIM: https://news.google.com/rss/search?q=%22Grasim+Industries+Ltd.%22+NSE+when:10d&hl=en-IN&gl=IN&ceid=IN:en
2026-06-15 12:47:12,236 | INFO | News RSS status for GRASIM: 200
2026-06-15 12:47:12,238 | INFO | News RSS query for GRASIM: https://news.google.com/rss/search?q=%22Grasim+Industries+Ltd.%22+stock+when:10d&hl=en-IN&gl=IN&ceid=IN:en
2026-06-15 12:47:12,488 | INFO | News RSS status for GRASIM: 200
2026-06-15 12:47:15,649 | INFO | News RSS query for HYUNDAI: https://news.google.com/rss/search?q=%22Hyundai+Motor+India+Ltd.%22+NSE+when:10d&hl=en-IN&gl=IN&ceid=IN:en
2026-06-15 12:47:15,892 | INFO | News RSS status for HYUNDAI: 200
2026-06-15 12:47:19,496 | INFO | News RSS query for JSWSTEEL: https://news.google.com/rss/search?q=%22JSW+Steel+Ltd.%22+NSE+when:10d&hl=en-IN&gl=IN&ceid=IN:en
2026-06-15 12:47:19,736 | INFO | News RSS status for JSWSTEEL: 200
2026-06-15 12:47:20,511 | INFO | News RSS query for LODHA: https://news.google.com/rss/search?q=%22Lodha+Developers+Ltd.%22+NSE+when:10d&hl=en-IN&gl=IN&ceid=IN:en
2026-06-15 12:47:20,717 | INFO | News RSS status for LODHA: 200
2026-06-15 12:47:20,717 | INFO | News RSS query for LODHA: https://news.google.com/rss/search?q=%22Lodha+Developers+Ltd.%22+stock+when:10d&hl=en-IN&gl=IN&ceid=IN:en
2026-06-15 12:47:20,909 | INFO | News RSS status for LODHA: 200
2026-06-15 12:47:21,343 | INFO | News RSS query for LT: https://news.google.com/rss/search?q=%22Larsen+%26+Toubro+Ltd.%22+NSE+when:10d&hl=en-IN&gl=IN&ceid=IN:en
2026-06-15 12:47:21,579 | INFO | News RSS status for LT: 200
2026-06-15 12:47:21,640 | INFO | News RSS query for LT: https://news.google.com/rss/search?q=%22Larsen+%26+Toubro+Ltd.%22+NSE+when:10d&hl=en-IN&gl=IN&ceid=IN:en
2026-06-15 12:47:21,644 | INFO | News RSS status for LT: 200
2026-06-15 12:47:21,704 | INFO | News RSS query for LT: https://news.google.com/rss/search?q=%22Larsen+%26+Toubro+Ltd.%22+NSE+when:10d&hl=en-IN&gl=IN&ceid=IN:en
2026-06-15 12:47:21,708 | INFO | News RSS status for LT: 200
2026-06-15 12:47:21,712 | WARNING | Skipping LTM — only 78 bars available (need 220). Extend history_backfill_days in config.json to include this symbol.
2026-06-15 12:47:22,516 | INFO | News RSS query for MARUTI: https://news.google.com/rss/search?q=%22Maruti+Suzuki+India+Ltd.%22+NSE+when:10d&hl=en-IN&gl=IN&ceid=IN:en
2026-06-15 12:47:22,759 | INFO | News RSS status for MARUTI: 200
2026-06-15 12:47:23,198 | INFO | News RSS query for MAXHEALTH: https://news.google.com/rss/search?q=%22Max+Healthcare+Institute+Ltd.%22+NSE+when:10d&hl=en-IN&gl=IN&ceid=IN:en
2026-06-15 12:47:23,407 | INFO | News RSS status for MAXHEALTH: 200
2026-06-15 12:47:23,407 | INFO | News RSS query for MAXHEALTH: https://news.google.com/rss/search?q=%22Max+Healthcare+Institute+Ltd.%22+stock+when:10d&hl=en-IN&gl=IN&ceid=IN:en
2026-06-15 12:47:23,627 | INFO | News RSS status for MAXHEALTH: 200
2026-06-15 12:47:24,432 | INFO | News RSS query for MOTHERSON: https://news.google.com/rss/search?q=%22Samvardhana+Motherson+International+Ltd.%22+NSE+when:10d&hl=en-IN&gl=IN&ceid=IN:en
2026-06-15 12:47:24,703 | INFO | News RSS status for MOTHERSON: 200
2026-06-15 12:47:24,705 | INFO | News RSS query for MOTHERSON: https://news.google.com/rss/search?q=%22Samvardhana+Motherson+International+Ltd.%22+stock+when:10d&hl=en-IN&gl=IN&ceid=IN:en
2026-06-15 12:47:24,946 | INFO | News RSS status for MOTHERSON: 200
2026-06-15 12:47:27,621 | INFO | News RSS query for PNB: https://news.google.com/rss/search?q=%22Punjab+National+Bank%22+NSE+when:10d&hl=en-IN&gl=IN&ceid=IN:en
2026-06-15 12:47:27,927 | INFO | News RSS status for PNB: 200
2026-06-15 12:47:31,340 | INFO | News RSS query for SOLARINDS: https://news.google.com/rss/search?q=%22Solar+Industries+India+Ltd.%22+NSE+when:10d&hl=en-IN&gl=IN&ceid=IN:en
2026-06-15 12:47:31,545 | INFO | News RSS status for SOLARINDS: 200
2026-06-15 12:47:31,547 | INFO | News RSS query for SOLARINDS: https://news.google.com/rss/search?q=%22Solar+Industries+India+Ltd.%22+stock+when:10d&hl=en-IN&gl=IN&ceid=IN:en
2026-06-15 12:47:31,795 | INFO | News RSS status for SOLARINDS: 200
2026-06-15 12:47:32,172 | WARNING | Skipping TATACAP — only 166 bars available (need 220). Extend history_backfill_days in config.json to include this symbol.
2026-06-15 12:47:34,406 | WARNING | Skipping TMCV — only 146 bars available (need 220). Extend history_backfill_days in config.json to include this symbol.
2026-06-15 12:47:34,406 | WARNING | Skipping TMPV — only 163 bars available (need 220). Extend history_backfill_days in config.json to include this symbol.
2026-06-15 12:47:34,838 | INFO | News RSS query for TORNTPHARM: https://news.google.com/rss/search?q=%22Torrent+Pharmaceuticals+Ltd.%22+NSE+when:10d&hl=en-IN&gl=IN&ceid=IN:en
2026-06-15 12:47:35,016 | INFO | News RSS status for TORNTPHARM: 200
2026-06-15 12:47:35,016 | INFO | News RSS query for TORNTPHARM: https://news.google.com/rss/search?q=%22Torrent+Pharmaceuticals+Ltd.%22+stock+when:10d&hl=en-IN&gl=IN&ceid=IN:en
2026-06-15 12:47:35,228 | INFO | News RSS status for TORNTPHARM: 200
2026-06-15 12:47:36,869 | WARNING | Skipping VAML — only 1 bars available (need 220). Extend history_backfill_days in config.json to include this symbol.
2026-06-15 12:47:37,298 | INFO | News RSS query for VBL: https://news.google.com/rss/search?q=%22Varun+Beverages+Ltd.%22+NSE+when:10d&hl=en-IN&gl=IN&ceid=IN:en
2026-06-15 12:47:37,466 | INFO | News RSS status for VBL: 200
2026-06-15 12:47:37,466 | INFO | News RSS query for VBL: https://news.google.com/rss/search?q=%22Varun+Beverages+Ltd.%22+stock+when:10d&hl=en-IN&gl=IN&ceid=IN:en
2026-06-15 12:47:37,738 | INFO | News RSS status for VBL: 200
2026-06-15 12:47:37,800 | INFO | News RSS query for VBL: https://news.google.com/rss/search?q=%22Varun+Beverages+Ltd.%22+NSE+when:10d&hl=en-IN&gl=IN&ceid=IN:en
2026-06-15 12:47:37,804 | INFO | News RSS status for VBL: 200
2026-06-15 12:47:37,804 | INFO | News RSS query for VBL: https://news.google.com/rss/search?q=%22Varun+Beverages+Ltd.%22+stock+when:10d&hl=en-IN&gl=IN&ceid=IN:en
2026-06-15 12:47:37,808 | INFO | News RSS status for VBL: 200
2026-06-15 12:47:38,185 | WARNING | Skipping VEDPOWER — only 1 bars available (need 220). Extend history_backfill_days in config.json to include this symbol.
2026-06-15 12:47:38,185 | WARNING | Skipping VISL — only 1 bars available (need 220). Extend history_backfill_days in config.json to include this symbol.
2026-06-15 12:47:38,186 | WARNING | Skipping VOGL — only 1 bars available (need 220). Extend history_backfill_days in config.json to include this symbol.
2026-06-15 12:47:38,990 | INFO | News RSS query for ZYDUSLIFE: https://news.google.com/rss/search?q=%22Zydus+Lifesciences+Ltd.%22+NSE+when:10d&hl=en-IN&gl=IN&ceid=IN:en
2026-06-15 12:47:39,204 | INFO | News RSS status for ZYDUSLIFE: 200
2026-06-15 12:47:39,204 | INFO | News RSS query for ZYDUSLIFE: https://news.google.com/rss/search?q=%22Zydus+Lifesciences+Ltd.%22+stock+when:10d&hl=en-IN&gl=IN&ceid=IN:en
2026-06-15 12:47:39,427 | INFO | News RSS status for ZYDUSLIFE: 200
2026-06-15 12:47:39,488 | INFO | News RSS query for ZYDUSLIFE: https://news.google.com/rss/search?q=%22Zydus+Lifesciences+Ltd.%22+NSE+when:10d&hl=en-IN&gl=IN&ceid=IN:en
2026-06-15 12:47:39,492 | INFO | News RSS status for ZYDUSLIFE: 200
2026-06-15 12:47:39,493 | INFO | News RSS query for ZYDUSLIFE: https://news.google.com/rss/search?q=%22Zydus+Lifesciences+Ltd.%22+stock+when:10d&hl=en-IN&gl=IN&ceid=IN:en
2026-06-15 12:47:39,497 | INFO | News RSS status for ZYDUSLIFE: 200
2026-06-15 12:47:39,508 | INFO | Index membership from cache: NIFTY 50 (50 symbols)
2026-06-15 12:47:39,508 | INFO | Index membership from cache: Nifty Next 50 (50 symbols)
2026-06-15 12:47:39,508 | INFO | Index membership ready: 100 symbols mapped
2026-06-15 12:47:39,508 | INFO | Market Health: fetching index OHLCV...
2026-06-15 12:47:39,511 | INFO | Index OHLCV cache fresh for NIFTY 50 (1400 rows)
2026-06-15 12:47:39,514 | INFO | Index OHLCV cache fresh for NIFTY NEXT 50 (1400 rows)
2026-06-15 12:47:39,514 | INFO | Market Health: fetching VIX...
2026-06-15 12:47:39,515 | INFO | VIX cache fresh (98 rows)
2026-06-15 12:47:39,515 | INFO | Market Health: updating breadth EMA cache...
2026-06-15 12:47:41,290 | INFO | Breadth EMA cache: 129364 total rows (+100)
2026-06-15 12:47:41,311 | INFO | Market Health [NIFTY 50]: Score=10.0 | Sideways &#x1F7E0;
2026-06-15 12:47:41,328 | INFO | Market Health [Nifty Next 50]: Score=54.5 | Weak Bull &#x1F7E1;
2026-06-15 12:47:41,430 | INFO | Signal log: appended 13 new signals. Total rows: 234
2026-06-15 12:47:41,431 | INFO | Signal log written/updated: /home/runner/work/nifty100-reporter/nifty100-reporter/data/nifty100_signal_log.csv
2026-06-15 12:47:41,999 | INFO | Signal tracker: updated 83 Active signal rows.
2026-06-15 12:47:42,016 | INFO | HTML report written: /home/runner/work/nifty100-reporter/nifty100-reporter/reports/nifty100_daily_report_20260615.html
2026-06-15 12:47:42,024 | INFO | Market Health Excel sheet written.
2026-06-15 12:47:42,539 | INFO | Excel report written: /home/runner/work/nifty100-reporter/nifty100-reporter/reports/nifty100_daily_report_20260615.xlsx
2026-06-15 12:47:42,539 | INFO | GitHub Actions detected — skipping Gmail API send (workflow handles email).
2026-06-15 12:47:42,539 | INFO | Run completed successfully.
2026-06-15 12:47:42,539 | INFO | Artifacts: /home/runner/work/nifty100-reporter/nifty100-reporter/reports/nifty100_daily_report_20260615.html | /home/runner/work/nifty100-reporter/nifty100-reporter/reports/nifty100_daily_report_20260615.xlsx | log: /home/runner/work/nifty100-reporter/nifty100-reporter/logs/run_20260615_181602.log
