2026-08-27 12:45:53,871 | INFO | Nifty 100 Daily EMA Cross Reporter | Version 3.3.8 | Released 2026-04-17
2026-08-27 12:45:53,872 | INFO | Base directory: /home/runner/work/nifty100-reporter/nifty100-reporter
2026-08-27 12:45:53,872 | INFO | Loaded config. Email enabled: True | Recipients: 1
2026-08-27 12:45:54,014 | WARNING | NSE session bootstrap HTTP 403 (attempt 1/5) — refreshing NSE session cookie …
2026-08-27 12:46:04,717 | INFO | NSE session bootstrap status: 200
2026-08-27 12:46:04,717 | INFO | Downloading Nifty 100 universe from https://www.niftyindices.com/IndexConstituent/ind_nifty100list.csv
2026-08-27 12:46:05,710 | INFO | Universe download status: 200
2026-08-27 12:46:05,714 | INFO | Universe rows loaded: 100
2026-08-27 12:46:05,828 | INFO | Loaded history rows: 134553
2026-08-27 12:46:05,836 | INFO | yfinance history update: 100 symbols | 2026-08-25 → 2026-08-28
2026-08-27 12:46:05,836 | INFO | yfinance batch download: 100 symbols | 2026-08-25 → 2026-08-28
2026-08-27 12:46:05,838 | INFO | Failed to create TzCache, reason: Error creating TzCache folder: '/home/runner/.cache/py-yfinance' reason: [Errno 17] File exists: '/home/runner/.cache/py-yfinance'. TzCache will not be used. Tip: You can direct cache to use a different location with 'set_tz_cache_location(mylocation)'
2026-08-27 12:46:13,284 | INFO | yfinance raw shape: (3, 500)
2026-08-27 12:46:13,643 | INFO | yfinance parsed rows after date-filter: 300
2026-08-27 12:46:13,645 | INFO | New rows from yfinance: 300
2026-08-27 12:46:14,432 | INFO | Saved history rows: 134654 | file: /home/runner/work/nifty100-reporter/nifty100-reporter/data/nifty100_ohlcv_history.csv
2026-08-27 12:46:14,552 | INFO | Loaded history rows: 134654
2026-08-27 12:46:14,553 | INFO | Latest OHLCV data is from 2026-08-27
2026-08-27 12:46:14,580 | INFO | Latest Delivery data is from 2026-08-26
2026-08-27 12:46:14,628 | INFO | Delivery cache has 33 dates — skipping backfill.
2026-08-27 12:46:14,628 | INFO | Delivery fetch attempt [0/7] — URL: https://archives.nseindia.com/products/content/sec_bhavdata_full_27082026.csv
2026-08-27 12:46:16,193 | INFO | Delivery fetch SUCCESS — date: 2026-08-27 | size: 391423 bytes | URL: https://archives.nseindia.com/products/content/sec_bhavdata_full_27082026.csv
2026-08-27 12:46:16,582 | INFO | Delivery cache updated: 2623 symbols for 2026-08-27 (rows in cache: 83908)
2026-08-27 12:46:16,583 | INFO | Delivery data: 2623 symbols | fallback=False
2026-08-27 12:46:17,031 | INFO | Corporate actions bulk OK: 87 raw rows | 4 Nifty100 symbols with events
2026-08-27 12:46:49,470 | INFO | Corporate actions: 4/100 symbols have events (window 27-08-2026 to 26-09-2026) | Symbols: COALINDIA, GAIL, NTPC, PFC
2026-08-27 12:46:49,470 | INFO | Index membership from cache: NIFTY 50 (50 symbols)
2026-08-27 12:46:49,470 | INFO | Index membership from cache: Nifty Next 50 (50 symbols)
2026-08-27 12:46:49,470 | INFO | Index membership ready: 100 symbols mapped
2026-08-27 12:46:50,143 | INFO | News RSS query for ABB: https://news.google.com/rss/search?q=%22ABB+India+Ltd.%22+NSE+when:10d&hl=en-IN&gl=IN&ceid=IN:en
2026-08-27 12:46:50,567 | INFO | News RSS status for ABB: 200
2026-08-27 12:46:50,570 | INFO | News RSS query for ABB: https://news.google.com/rss/search?q=%22ABB+India+Ltd.%22+stock+when:10d&hl=en-IN&gl=IN&ceid=IN:en
2026-08-27 12:46:50,786 | INFO | News RSS status for ABB: 200
2026-08-27 12:46:51,758 | INFO | News RSS query for ADANIENT: https://news.google.com/rss/search?q=%22Adani+Enterprises+Ltd.%22+NSE+when:10d&hl=en-IN&gl=IN&ceid=IN:en
2026-08-27 12:46:51,977 | INFO | News RSS status for ADANIENT: 200
2026-08-27 12:46:56,794 | INFO | News RSS query for BAJAJ-AUTO: https://news.google.com/rss/search?q=%22Bajaj+Auto+Ltd.%22+NSE+when:10d&hl=en-IN&gl=IN&ceid=IN:en
2026-08-27 12:46:57,084 | INFO | News RSS status for BAJAJ-AUTO: 200
2026-08-27 12:46:57,748 | INFO | News RSS query for BAJAJFINSV: https://news.google.com/rss/search?q=%22Bajaj+Finserv+Ltd.%22+NSE+when:10d&hl=en-IN&gl=IN&ceid=IN:en
2026-08-27 12:46:57,968 | INFO | News RSS status for BAJAJFINSV: 200
2026-08-27 12:46:58,038 | INFO | News RSS query for BAJAJFINSV: https://news.google.com/rss/search?q=%22Bajaj+Finserv+Ltd.%22+NSE+when:10d&hl=en-IN&gl=IN&ceid=IN:en
2026-08-27 12:46:58,052 | INFO | News RSS status for BAJAJFINSV: 200
2026-08-27 12:46:58,714 | INFO | News RSS query for BAJAJHLDNG: https://news.google.com/rss/search?q=%22Bajaj+Holdings+%26+Investment+Ltd.%22+NSE+when:10d&hl=en-IN&gl=IN&ceid=IN:en
2026-08-27 12:46:58,938 | INFO | News RSS status for BAJAJHLDNG: 200
2026-08-27 12:46:59,602 | INFO | News RSS query for BAJFINANCE: https://news.google.com/rss/search?q=%22Bajaj+Finance+Ltd.%22+NSE+when:10d&hl=en-IN&gl=IN&ceid=IN:en
2026-08-27 12:46:59,862 | INFO | News RSS status for BAJFINANCE: 200
2026-08-27 12:47:02,290 | INFO | News RSS query for BOSCHLTD: https://news.google.com/rss/search?q=%22Bosch+Ltd.%22+NSE+when:10d&hl=en-IN&gl=IN&ceid=IN:en
2026-08-27 12:47:02,532 | INFO | News RSS status for BOSCHLTD: 200
2026-08-27 12:47:05,611 | INFO | News RSS query for CHOLAFIN: https://news.google.com/rss/search?q=%22Cholamandalam+Investment+and+Finance+Company+Ltd.%22+NSE+when:10d&hl=en-IN&gl=IN&ceid=IN:en
2026-08-27 12:47:05,825 | INFO | News RSS status for CHOLAFIN: 200
2026-08-27 12:47:05,894 | INFO | News RSS query for CHOLAFIN: https://news.google.com/rss/search?q=%22Cholamandalam+Investment+and+Finance+Company+Ltd.%22+NSE+when:10d&hl=en-IN&gl=IN&ceid=IN:en
2026-08-27 12:47:05,910 | INFO | News RSS status for CHOLAFIN: 200
2026-08-27 12:47:08,348 | INFO | News RSS query for DIVISLAB: https://news.google.com/rss/search?q=%22Divi%27s+Laboratories+Ltd.%22+NSE+when:10d&hl=en-IN&gl=IN&ceid=IN:en
2026-08-27 12:47:08,578 | INFO | News RSS status for DIVISLAB: 200
2026-08-27 12:47:09,238 | INFO | News RSS query for DLF: https://news.google.com/rss/search?q=%22DLF+Ltd.%22+NSE+when:10d&hl=en-IN&gl=IN&ceid=IN:en
2026-08-27 12:47:09,463 | INFO | News RSS status for DLF: 200
2026-08-27 12:47:09,533 | INFO | News RSS query for DLF: https://news.google.com/rss/search?q=%22DLF+Ltd.%22+NSE+when:10d&hl=en-IN&gl=IN&ceid=IN:en
2026-08-27 12:47:09,547 | INFO | News RSS status for DLF: 200
2026-08-27 12:47:11,402 | INFO | News RSS query for EICHERMOT: https://news.google.com/rss/search?q=%22Eicher+Motors+Ltd.%22+NSE+when:10d&hl=en-IN&gl=IN&ceid=IN:en
2026-08-27 12:47:11,621 | INFO | News RSS status for EICHERMOT: 200
2026-08-27 12:47:11,623 | INFO | News RSS query for EICHERMOT: https://news.google.com/rss/search?q=%22Eicher+Motors+Ltd.%22+stock+when:10d&hl=en-IN&gl=IN&ceid=IN:en
2026-08-27 12:47:11,889 | INFO | News RSS status for EICHERMOT: 200
2026-08-27 12:47:12,601 | INFO | News RSS query for ETERNAL: https://news.google.com/rss/search?q=%22Eternal+Ltd.%22+NSE+when:10d&hl=en-IN&gl=IN&ceid=IN:en
2026-08-27 12:47:12,867 | INFO | News RSS status for ETERNAL: 200
2026-08-27 12:47:14,729 | INFO | News RSS query for GRASIM: https://news.google.com/rss/search?q=%22Grasim+Industries+Ltd.%22+NSE+when:10d&hl=en-IN&gl=IN&ceid=IN:en
2026-08-27 12:47:14,969 | INFO | News RSS status for GRASIM: 200
2026-08-27 12:47:15,636 | INFO | News RSS query for HAL: https://news.google.com/rss/search?q=%22Hindustan+Aeronautics+Ltd.%22+NSE+when:10d&hl=en-IN&gl=IN&ceid=IN:en
2026-08-27 12:47:15,897 | INFO | News RSS status for HAL: 200
2026-08-27 12:47:18,920 | INFO | News RSS query for HINDALCO: https://news.google.com/rss/search?q=%22Hindalco+Industries+Ltd.%22+NSE+when:10d&hl=en-IN&gl=IN&ceid=IN:en
2026-08-27 12:47:19,255 | INFO | News RSS status for HINDALCO: 200
2026-08-27 12:47:20,518 | INFO | News RSS query for HINDZINC: https://news.google.com/rss/search?q=%22Hindustan+Zinc+Ltd.%22+NSE+when:10d&hl=en-IN&gl=IN&ceid=IN:en
2026-08-27 12:47:20,740 | INFO | News RSS status for HINDZINC: 200
2026-08-27 12:47:21,011 | INFO | News RSS query for HYUNDAI: https://news.google.com/rss/search?q=%22Hyundai+Motor+India+Ltd.%22+NSE+when:10d&hl=en-IN&gl=IN&ceid=IN:en
2026-08-27 12:47:21,373 | INFO | News RSS status for HYUNDAI: 200
2026-08-27 12:47:22,037 | INFO | News RSS query for ICICIBANK: https://news.google.com/rss/search?q=%22ICICI+Bank+Ltd.%22+NSE+when:10d&hl=en-IN&gl=IN&ceid=IN:en
2026-08-27 12:47:22,292 | INFO | News RSS status for ICICIBANK: 200
2026-08-27 12:47:22,362 | INFO | News RSS query for ICICIBANK: https://news.google.com/rss/search?q=%22ICICI+Bank+Ltd.%22+NSE+when:10d&hl=en-IN&gl=IN&ceid=IN:en
2026-08-27 12:47:22,376 | INFO | News RSS status for ICICIBANK: 200
2026-08-27 12:47:22,443 | INFO | News RSS query for ICICIBANK: https://news.google.com/rss/search?q=%22ICICI+Bank+Ltd.%22+NSE+when:10d&hl=en-IN&gl=IN&ceid=IN:en
2026-08-27 12:47:22,457 | INFO | News RSS status for ICICIBANK: 200
2026-08-27 12:47:22,529 | INFO | News RSS query for ICICIBANK: https://news.google.com/rss/search?q=%22ICICI+Bank+Ltd.%22+NSE+when:10d&hl=en-IN&gl=IN&ceid=IN:en
2026-08-27 12:47:22,542 | INFO | News RSS status for ICICIBANK: 200
2026-08-27 12:47:26,745 | INFO | News RSS query for JINDALSTEL: https://news.google.com/rss/search?q=%22Jindal+Steel+Ltd.%22+NSE+when:10d&hl=en-IN&gl=IN&ceid=IN:en
2026-08-27 12:47:26,983 | INFO | News RSS status for JINDALSTEL: 200
2026-08-27 12:47:27,972 | INFO | News RSS query for JSWSTEEL: https://news.google.com/rss/search?q=%22JSW+Steel+Ltd.%22+NSE+when:10d&hl=en-IN&gl=IN&ceid=IN:en
2026-08-27 12:47:28,180 | INFO | News RSS status for JSWSTEEL: 200
2026-08-27 12:47:29,391 | INFO | News RSS query for LODHA: https://news.google.com/rss/search?q=%22Lodha+Developers+Ltd.%22+NSE+when:10d&hl=en-IN&gl=IN&ceid=IN:en
2026-08-27 12:47:29,608 | INFO | News RSS status for LODHA: 200
2026-08-27 12:47:29,609 | INFO | News RSS query for LODHA: https://news.google.com/rss/search?q=%22Lodha+Developers+Ltd.%22+stock+when:10d&hl=en-IN&gl=IN&ceid=IN:en
2026-08-27 12:47:29,830 | INFO | News RSS status for LODHA: 200
2026-08-27 12:47:30,485 | INFO | News RSS query for LT: https://news.google.com/rss/search?q=%22Larsen+%26+Toubro+Ltd.%22+NSE+when:10d&hl=en-IN&gl=IN&ceid=IN:en
2026-08-27 12:47:30,742 | INFO | News RSS status for LT: 200
2026-08-27 12:47:30,748 | WARNING | Skipping LTM — only 130 bars available (need 220). Extend history_backfill_days in config.json to include this symbol.
2026-08-27 12:47:31,397 | INFO | News RSS query for M&M: https://news.google.com/rss/search?q=%22Mahindra+%26+Mahindra+Ltd.%22+NSE+when:10d&hl=en-IN&gl=IN&ceid=IN:en
2026-08-27 12:47:31,623 | INFO | News RSS status for M&M: 200
2026-08-27 12:47:34,037 | INFO | News RSS query for MOTHERSON: https://news.google.com/rss/search?q=%22Samvardhana+Motherson+International+Ltd.%22+NSE+when:10d&hl=en-IN&gl=IN&ceid=IN:en
2026-08-27 12:47:34,264 | INFO | News RSS status for MOTHERSON: 200
2026-08-27 12:47:37,899 | INFO | News RSS query for PIDILITIND: https://news.google.com/rss/search?q=%22Pidilite+Industries+Ltd.%22+NSE+when:10d&hl=en-IN&gl=IN&ceid=IN:en
2026-08-27 12:47:38,142 | INFO | News RSS status for PIDILITIND: 200
2026-08-27 12:47:38,801 | INFO | News RSS query for PNB: https://news.google.com/rss/search?q=%22Punjab+National+Bank%22+NSE+when:10d&hl=en-IN&gl=IN&ceid=IN:en
2026-08-27 12:47:39,125 | INFO | News RSS status for PNB: 200
2026-08-27 12:47:43,351 | INFO | News RSS query for SHRIRAMFIN: https://news.google.com/rss/search?q=%22Shriram+Finance+Ltd.%22+NSE+when:10d&hl=en-IN&gl=IN&ceid=IN:en
2026-08-27 12:47:43,573 | INFO | News RSS status for SHRIRAMFIN: 200
2026-08-27 12:47:44,230 | INFO | News RSS query for SIEMENS: https://news.google.com/rss/search?q=%22Siemens+Ltd.%22+NSE+when:10d&hl=en-IN&gl=IN&ceid=IN:en
2026-08-27 12:47:44,441 | INFO | News RSS status for SIEMENS: 200
2026-08-27 12:47:45,100 | INFO | News RSS query for SOLARINDS: https://news.google.com/rss/search?q=%22Solar+Industries+India+Ltd.%22+NSE+when:10d&hl=en-IN&gl=IN&ceid=IN:en
2026-08-27 12:47:45,345 | INFO | News RSS status for SOLARINDS: 200
2026-08-27 12:47:46,013 | INFO | News RSS query for SUNPHARMA: https://news.google.com/rss/search?q=%22Sun+Pharmaceutical+Industries+Ltd.%22+NSE+when:10d&hl=en-IN&gl=IN&ceid=IN:en
2026-08-27 12:47:46,284 | INFO | News RSS status for SUNPHARMA: 200
2026-08-27 12:47:46,288 | WARNING | Skipping TATACAP — only 218 bars available (need 220). Extend history_backfill_days in config.json to include this symbol.
2026-08-27 12:47:49,918 | INFO | News RSS query for TITAN: https://news.google.com/rss/search?q=%22Titan+Company+Ltd.%22+NSE+when:10d&hl=en-IN&gl=IN&ceid=IN:en
2026-08-27 12:47:50,204 | INFO | News RSS status for TITAN: 200
2026-08-27 12:47:50,210 | WARNING | Skipping TMCV — only 198 bars available (need 220). Extend history_backfill_days in config.json to include this symbol.
2026-08-27 12:47:50,211 | WARNING | Skipping TMPV — only 215 bars available (need 220). Extend history_backfill_days in config.json to include this symbol.
2026-08-27 12:47:50,874 | INFO | News RSS query for TORNTPHARM: https://news.google.com/rss/search?q=%22Torrent+Pharmaceuticals+Ltd.%22+NSE+when:10d&hl=en-IN&gl=IN&ceid=IN:en
2026-08-27 12:47:51,104 | INFO | News RSS status for TORNTPHARM: 200
2026-08-27 12:47:51,107 | INFO | News RSS query for TORNTPHARM: https://news.google.com/rss/search?q=%22Torrent+Pharmaceuticals+Ltd.%22+stock+when:10d&hl=en-IN&gl=IN&ceid=IN:en
2026-08-27 12:47:51,336 | INFO | News RSS status for TORNTPHARM: 200
2026-08-27 12:47:51,404 | INFO | News RSS query for TORNTPHARM: https://news.google.com/rss/search?q=%22Torrent+Pharmaceuticals+Ltd.%22+NSE+when:10d&hl=en-IN&gl=IN&ceid=IN:en
2026-08-27 12:47:51,417 | INFO | News RSS status for TORNTPHARM: 200
2026-08-27 12:47:51,420 | INFO | News RSS query for TORNTPHARM: https://news.google.com/rss/search?q=%22Torrent+Pharmaceuticals+Ltd.%22+stock+when:10d&hl=en-IN&gl=IN&ceid=IN:en
2026-08-27 12:47:51,434 | INFO | News RSS status for TORNTPHARM: 200
2026-08-27 12:47:51,502 | INFO | News RSS query for TORNTPHARM: https://news.google.com/rss/search?q=%22Torrent+Pharmaceuticals+Ltd.%22+NSE+when:10d&hl=en-IN&gl=IN&ceid=IN:en
2026-08-27 12:47:51,515 | INFO | News RSS status for TORNTPHARM: 200
2026-08-27 12:47:51,518 | INFO | News RSS query for TORNTPHARM: https://news.google.com/rss/search?q=%22Torrent+Pharmaceuticals+Ltd.%22+stock+when:10d&hl=en-IN&gl=IN&ceid=IN:en
2026-08-27 12:47:51,531 | INFO | News RSS status for TORNTPHARM: 200
2026-08-27 12:47:52,789 | INFO | News RSS query for TVSMOTOR: https://news.google.com/rss/search?q=%22TVS+Motor+Company+Ltd.%22+NSE+when:10d&hl=en-IN&gl=IN&ceid=IN:en
2026-08-27 12:47:53,042 | INFO | News RSS status for TVSMOTOR: 200
2026-08-27 12:47:53,114 | INFO | News RSS query for TVSMOTOR: https://news.google.com/rss/search?q=%22TVS+Motor+Company+Ltd.%22+NSE+when:10d&hl=en-IN&gl=IN&ceid=IN:en
2026-08-27 12:47:53,128 | INFO | News RSS status for TVSMOTOR: 200
2026-08-27 12:47:54,395 | INFO | News RSS query for UNIONBANK: https://news.google.com/rss/search?q=%22Union+Bank+of+India%22+NSE+when:10d&hl=en-IN&gl=IN&ceid=IN:en
2026-08-27 12:47:54,694 | INFO | News RSS status for UNIONBANK: 200
2026-08-27 12:47:55,006 | INFO | News RSS query for UNITDSPR: https://news.google.com/rss/search?q=%22United+Spirits+Ltd.%22+NSE+when:10d&hl=en-IN&gl=IN&ceid=IN:en
2026-08-27 12:47:55,254 | INFO | News RSS status for UNITDSPR: 200
2026-08-27 12:47:55,260 | WARNING | Skipping VAML — only 6 bars available (need 220). Extend history_backfill_days in config.json to include this symbol.
2026-08-27 12:47:56,441 | WARNING | Skipping VEDPOWER — only 4 bars available (need 220). Extend history_backfill_days in config.json to include this symbol.
2026-08-27 12:47:56,441 | WARNING | Skipping VISL — only 4 bars available (need 220). Extend history_backfill_days in config.json to include this symbol.
2026-08-27 12:47:56,442 | WARNING | Skipping VOGL — only 7 bars available (need 220). Extend history_backfill_days in config.json to include this symbol.
2026-08-27 12:47:57,684 | INFO | News RSS query for ZYDUSLIFE: https://news.google.com/rss/search?q=%22Zydus+Lifesciences+Ltd.%22+NSE+when:10d&hl=en-IN&gl=IN&ceid=IN:en
2026-08-27 12:47:57,915 | INFO | News RSS status for ZYDUSLIFE: 200
2026-08-27 12:47:57,987 | INFO | News RSS query for ZYDUSLIFE: https://news.google.com/rss/search?q=%22Zydus+Lifesciences+Ltd.%22+NSE+when:10d&hl=en-IN&gl=IN&ceid=IN:en
2026-08-27 12:47:58,001 | INFO | News RSS status for ZYDUSLIFE: 200
2026-08-27 12:47:58,072 | INFO | News RSS query for ZYDUSLIFE: https://news.google.com/rss/search?q=%22Zydus+Lifesciences+Ltd.%22+NSE+when:10d&hl=en-IN&gl=IN&ceid=IN:en
2026-08-27 12:47:58,085 | INFO | News RSS status for ZYDUSLIFE: 200
2026-08-27 12:47:58,100 | INFO | Index membership from cache: NIFTY 50 (50 symbols)
2026-08-27 12:47:58,100 | INFO | Index membership from cache: Nifty Next 50 (50 symbols)
2026-08-27 12:47:58,100 | INFO | Index membership ready: 100 symbols mapped
2026-08-27 12:47:58,101 | INFO | Market Health: fetching index OHLCV...
2026-08-27 12:47:58,104 | INFO | Index OHLCV cache fresh for NIFTY 50 (1449 rows)
2026-08-27 12:47:58,107 | INFO | Index OHLCV cache fresh for NIFTY NEXT 50 (1448 rows)
2026-08-27 12:47:58,107 | INFO | Market Health: fetching VIX...
2026-08-27 12:47:58,109 | INFO | VIX cache fresh (147 rows)
2026-08-27 12:47:58,109 | INFO | Market Health: updating breadth EMA cache...
2026-08-27 12:48:00,059 | INFO | Breadth EMA cache: 134564 total rows (+101)
2026-08-27 12:48:00,083 | INFO | Market Health [NIFTY 50]: Score=10.8 | Sideways &#x1F7E0;
2026-08-27 12:48:00,102 | INFO | Market Health [Nifty Next 50]: Score=3.0 | Sideways &#x1F7E0;
2026-08-27 12:48:00,205 | INFO | Signal log: appended 12 new signals. Total rows: 701
2026-08-27 12:48:00,205 | INFO | Signal log written/updated: /home/runner/work/nifty100-reporter/nifty100-reporter/data/nifty100_signal_log.csv
2026-08-27 12:48:01,583 | INFO | Signal tracker: updated 181 Active signal rows.
2026-08-27 12:48:01,604 | INFO | HTML report written: /home/runner/work/nifty100-reporter/nifty100-reporter/reports/nifty100_daily_report_20260827.html
2026-08-27 12:48:01,614 | INFO | Market Health Excel sheet written.
2026-08-27 12:48:03,149 | INFO | Excel report written: /home/runner/work/nifty100-reporter/nifty100-reporter/reports/nifty100_daily_report_20260827.xlsx
2026-08-27 12:48:03,150 | INFO | GitHub Actions detected — skipping Gmail API send (workflow handles email).
2026-08-27 12:48:03,150 | INFO | Run completed successfully.
2026-08-27 12:48:03,150 | INFO | Artifacts: /home/runner/work/nifty100-reporter/nifty100-reporter/reports/nifty100_daily_report_20260827.html | /home/runner/work/nifty100-reporter/nifty100-reporter/reports/nifty100_daily_report_20260827.xlsx | log: /home/runner/work/nifty100-reporter/nifty100-reporter/logs/run_20260827_181553.log
