2026-09-03 12:45:54,343 | INFO | Nifty 100 Daily EMA Cross Reporter | Version 3.3.8 | Released 2026-04-17
2026-09-03 12:45:54,343 | INFO | Base directory: /home/runner/work/nifty100-reporter/nifty100-reporter
2026-09-03 12:45:54,343 | INFO | Loaded config. Email enabled: True | Recipients: 1
2026-09-03 12:45:54,541 | WARNING | NSE session bootstrap HTTP 403 (attempt 1/5) — refreshing NSE session cookie …
2026-09-03 12:46:05,107 | INFO | NSE session bootstrap status: 200
2026-09-03 12:46:05,107 | INFO | Downloading Nifty 100 universe from https://www.niftyindices.com/IndexConstituent/ind_nifty100list.csv
2026-09-03 12:46:05,640 | INFO | Universe download status: 200
2026-09-03 12:46:05,645 | INFO | Universe rows loaded: 100
2026-09-03 12:46:05,759 | INFO | Loaded history rows: 135054
2026-09-03 12:46:05,765 | INFO | yfinance history update: 100 symbols | 2026-09-01 → 2026-09-04
2026-09-03 12:46:05,765 | INFO | yfinance batch download: 100 symbols | 2026-09-01 → 2026-09-04
2026-09-03 12:46:05,768 | INFO | Failed to create TzCache, reason: Error creating TzCache folder: '/home/runner/.cache/py-yfinance' reason: [Errno 17] File exists: '/home/runner/.cache/py-yfinance'. TzCache will not be used. Tip: You can direct cache to use a different location with 'set_tz_cache_location(mylocation)'
2026-09-03 12:46:13,741 | INFO | yfinance raw shape: (3, 500)
2026-09-03 12:46:14,035 | INFO | yfinance parsed rows after date-filter: 300
2026-09-03 12:46:14,036 | INFO | New rows from yfinance: 300
2026-09-03 12:46:14,902 | INFO | Saved history rows: 135154 | file: /home/runner/work/nifty100-reporter/nifty100-reporter/data/nifty100_ohlcv_history.csv
2026-09-03 12:46:15,011 | INFO | Loaded history rows: 135154
2026-09-03 12:46:15,012 | INFO | Latest OHLCV data is from 2026-09-03
2026-09-03 12:46:15,041 | INFO | Latest Delivery data is from 2026-09-02
2026-09-03 12:46:15,090 | INFO | Delivery cache has 33 dates — skipping backfill.
2026-09-03 12:46:15,090 | INFO | Delivery fetch attempt [0/7] — URL: https://archives.nseindia.com/products/content/sec_bhavdata_full_03092026.csv
2026-09-03 12:46:15,664 | INFO | Delivery fetch SUCCESS — date: 2026-09-03 | size: 395114 bytes | URL: https://archives.nseindia.com/products/content/sec_bhavdata_full_03092026.csv
2026-09-03 12:46:16,037 | INFO | Delivery cache updated: 2632 symbols for 2026-09-03 (rows in cache: 85205)
2026-09-03 12:46:16,039 | INFO | Delivery data: 2632 symbols | fallback=False
2026-09-03 12:46:16,451 | INFO | Corporate actions bulk OK: 64 raw rows | 2 Nifty100 symbols with events
2026-09-03 12:46:55,390 | INFO | Corporate actions: 2/100 symbols have events (window 03-09-2026 to 03-10-2026) | Symbols: COALINDIA, ONGC
2026-09-03 12:46:55,390 | INFO | Index membership from cache: NIFTY 50 (50 symbols)
2026-09-03 12:46:55,390 | INFO | Index membership from cache: Nifty Next 50 (50 symbols)
2026-09-03 12:46:55,390 | INFO | Index membership ready: 100 symbols mapped
2026-09-03 12:46:55,914 | INFO | News RSS query for ABB: https://news.google.com/rss/search?q=%22ABB+India+Ltd.%22+NSE+when:10d&hl=en-IN&gl=IN&ceid=IN:en
2026-09-03 12:46:56,305 | INFO | News RSS status for ABB: 200
2026-09-03 12:46:56,306 | INFO | News RSS query for ABB: https://news.google.com/rss/search?q=%22ABB+India+Ltd.%22+stock+when:10d&hl=en-IN&gl=IN&ceid=IN:en
2026-09-03 12:46:56,403 | INFO | News RSS status for ABB: 200
2026-09-03 12:46:56,404 | INFO | News RSS query for ABB: https://news.google.com/rss/search?q=ABB+NSE+when:10d&hl=en-IN&gl=IN&ceid=IN:en
2026-09-03 12:46:56,469 | INFO | News RSS status for ABB: 200
2026-09-03 12:46:56,469 | INFO | News RSS query for ABB: https://news.google.com/rss/search?q=site%3Aeconomictimes.indiatimes.com+%22ABB+India+Ltd.%22+when:10d&hl=en-IN&gl=IN&ceid=IN:en
2026-09-03 12:46:56,610 | INFO | News RSS status for ABB: 200
2026-09-03 12:46:56,610 | INFO | News RSS query for ABB: https://news.google.com/rss/search?q=site%3Amoneycontrol.com+%22ABB+India+Ltd.%22+when:10d&hl=en-IN&gl=IN&ceid=IN:en
2026-09-03 12:46:56,682 | INFO | News RSS status for ABB: 200
2026-09-03 12:46:56,683 | INFO | News RSS query for ABB: https://news.google.com/rss/search?q=site%3Abusinessstandard.com+%22ABB+India+Ltd.%22+when:10d&hl=en-IN&gl=IN&ceid=IN:en
2026-09-03 12:46:56,774 | INFO | News RSS status for ABB: 200
2026-09-03 12:47:00,989 | INFO | News RSS query for BAJAJ-AUTO: https://news.google.com/rss/search?q=%22Bajaj+Auto+Ltd.%22+NSE+when:10d&hl=en-IN&gl=IN&ceid=IN:en
2026-09-03 12:47:01,259 | INFO | News RSS status for BAJAJ-AUTO: 200
2026-09-03 12:47:01,756 | INFO | News RSS query for BAJAJFINSV: https://news.google.com/rss/search?q=%22Bajaj+Finserv+Ltd.%22+NSE+when:10d&hl=en-IN&gl=IN&ceid=IN:en
2026-09-03 12:47:01,869 | INFO | News RSS status for BAJAJFINSV: 200
2026-09-03 12:47:01,869 | INFO | News RSS query for BAJAJFINSV: https://news.google.com/rss/search?q=%22Bajaj+Finserv+Ltd.%22+stock+when:10d&hl=en-IN&gl=IN&ceid=IN:en
2026-09-03 12:47:01,934 | INFO | News RSS status for BAJAJFINSV: 200
2026-09-03 12:47:01,934 | INFO | News RSS query for BAJAJFINSV: https://news.google.com/rss/search?q=BAJAJFINSV+NSE+when:10d&hl=en-IN&gl=IN&ceid=IN:en
2026-09-03 12:47:02,133 | INFO | News RSS status for BAJAJFINSV: 200
2026-09-03 12:47:02,134 | INFO | News RSS query for BAJAJFINSV: https://news.google.com/rss/search?q=site%3Aeconomictimes.indiatimes.com+%22Bajaj+Finserv+Ltd.%22+when:10d&hl=en-IN&gl=IN&ceid=IN:en
2026-09-03 12:47:02,208 | INFO | News RSS status for BAJAJFINSV: 200
2026-09-03 12:47:02,209 | INFO | News RSS query for BAJAJFINSV: https://news.google.com/rss/search?q=site%3Amoneycontrol.com+%22Bajaj+Finserv+Ltd.%22+when:10d&hl=en-IN&gl=IN&ceid=IN:en
2026-09-03 12:47:02,441 | INFO | News RSS status for BAJAJFINSV: 200
2026-09-03 12:47:02,441 | INFO | News RSS query for BAJAJFINSV: https://news.google.com/rss/search?q=site%3Abusinessstandard.com+%22Bajaj+Finserv+Ltd.%22+when:10d&hl=en-IN&gl=IN&ceid=IN:en
2026-09-03 12:47:02,640 | INFO | News RSS status for BAJAJFINSV: 200
2026-09-03 12:47:03,145 | INFO | News RSS query for BAJAJHLDNG: https://news.google.com/rss/search?q=%22Bajaj+Holdings+%26+Investment+Ltd.%22+NSE+when:10d&hl=en-IN&gl=IN&ceid=IN:en
2026-09-03 12:47:03,206 | INFO | News RSS status for BAJAJHLDNG: 200
2026-09-03 12:47:03,206 | INFO | News RSS query for BAJAJHLDNG: https://news.google.com/rss/search?q=%22Bajaj+Holdings+%26+Investment+Ltd.%22+stock+when:10d&hl=en-IN&gl=IN&ceid=IN:en
2026-09-03 12:47:03,313 | INFO | News RSS status for BAJAJHLDNG: 200
2026-09-03 12:47:03,313 | INFO | News RSS query for BAJAJHLDNG: https://news.google.com/rss/search?q=BAJAJHLDNG+NSE+when:10d&hl=en-IN&gl=IN&ceid=IN:en
2026-09-03 12:47:03,383 | INFO | News RSS status for BAJAJHLDNG: 200
2026-09-03 12:47:03,384 | INFO | News RSS query for BAJAJHLDNG: https://news.google.com/rss/search?q=site%3Aeconomictimes.indiatimes.com+%22Bajaj+Holdings+%26+Investment+Ltd.%22+when:10d&hl=en-IN&gl=IN&ceid=IN:en
2026-09-03 12:47:03,602 | INFO | News RSS status for BAJAJHLDNG: 200
2026-09-03 12:47:03,604 | INFO | News RSS query for BAJAJHLDNG: https://news.google.com/rss/search?q=site%3Amoneycontrol.com+%22Bajaj+Holdings+%26+Investment+Ltd.%22+when:10d&hl=en-IN&gl=IN&ceid=IN:en
2026-09-03 12:47:03,666 | INFO | News RSS status for BAJAJHLDNG: 200
2026-09-03 12:47:03,667 | INFO | News RSS query for BAJAJHLDNG: https://news.google.com/rss/search?q=site%3Abusinessstandard.com+%22Bajaj+Holdings+%26+Investment+Ltd.%22+when:10d&hl=en-IN&gl=IN&ceid=IN:en
2026-09-03 12:47:03,728 | INFO | News RSS status for BAJAJHLDNG: 200
2026-09-03 12:47:06,003 | INFO | News RSS query for BOSCHLTD: https://news.google.com/rss/search?q=%22Bosch+Ltd.%22+NSE+when:10d&hl=en-IN&gl=IN&ceid=IN:en
2026-09-03 12:47:06,223 | INFO | News RSS status for BOSCHLTD: 200
2026-09-03 12:47:06,224 | INFO | News RSS query for BOSCHLTD: https://news.google.com/rss/search?q=%22Bosch+Ltd.%22+stock+when:10d&hl=en-IN&gl=IN&ceid=IN:en
2026-09-03 12:47:06,417 | INFO | News RSS status for BOSCHLTD: 200
2026-09-03 12:47:08,254 | INFO | News RSS query for CGPOWER: https://news.google.com/rss/search?q=%22CG+Power+and+Industrial+Solutions+Ltd.%22+NSE+when:10d&hl=en-IN&gl=IN&ceid=IN:en
2026-09-03 12:47:08,328 | INFO | News RSS status for CGPOWER: 200
2026-09-03 12:47:08,328 | INFO | News RSS query for CGPOWER: https://news.google.com/rss/search?q=%22CG+Power+and+Industrial+Solutions+Ltd.%22+stock+when:10d&hl=en-IN&gl=IN&ceid=IN:en
2026-09-03 12:47:08,398 | INFO | News RSS status for CGPOWER: 200
2026-09-03 12:47:08,398 | INFO | News RSS query for CGPOWER: https://news.google.com/rss/search?q=CGPOWER+NSE+when:10d&hl=en-IN&gl=IN&ceid=IN:en
2026-09-03 12:47:08,669 | INFO | News RSS status for CGPOWER: 200
2026-09-03 12:47:08,738 | INFO | News RSS query for CGPOWER: https://news.google.com/rss/search?q=%22CG+Power+and+Industrial+Solutions+Ltd.%22+NSE+when:10d&hl=en-IN&gl=IN&ceid=IN:en
2026-09-03 12:47:08,752 | INFO | News RSS status for CGPOWER: 200
2026-09-03 12:47:08,752 | INFO | News RSS query for CGPOWER: https://news.google.com/rss/search?q=%22CG+Power+and+Industrial+Solutions+Ltd.%22+stock+when:10d&hl=en-IN&gl=IN&ceid=IN:en
2026-09-03 12:47:08,765 | INFO | News RSS status for CGPOWER: 200
2026-09-03 12:47:08,765 | INFO | News RSS query for CGPOWER: https://news.google.com/rss/search?q=CGPOWER+NSE+when:10d&hl=en-IN&gl=IN&ceid=IN:en
2026-09-03 12:47:08,779 | INFO | News RSS status for CGPOWER: 200
2026-09-03 12:47:08,847 | INFO | News RSS query for CGPOWER: https://news.google.com/rss/search?q=%22CG+Power+and+Industrial+Solutions+Ltd.%22+NSE+when:10d&hl=en-IN&gl=IN&ceid=IN:en
2026-09-03 12:47:08,859 | INFO | News RSS status for CGPOWER: 200
2026-09-03 12:47:08,860 | INFO | News RSS query for CGPOWER: https://news.google.com/rss/search?q=%22CG+Power+and+Industrial+Solutions+Ltd.%22+stock+when:10d&hl=en-IN&gl=IN&ceid=IN:en
2026-09-03 12:47:08,872 | INFO | News RSS status for CGPOWER: 200
2026-09-03 12:47:08,872 | INFO | News RSS query for CGPOWER: https://news.google.com/rss/search?q=CGPOWER+NSE+when:10d&hl=en-IN&gl=IN&ceid=IN:en
2026-09-03 12:47:08,885 | INFO | News RSS status for CGPOWER: 200
2026-09-03 12:47:11,214 | INFO | News RSS query for DIVISLAB: https://news.google.com/rss/search?q=%22Divi%27s+Laboratories+Ltd.%22+NSE+when:10d&hl=en-IN&gl=IN&ceid=IN:en
2026-09-03 12:47:11,421 | INFO | News RSS status for DIVISLAB: 200
2026-09-03 12:47:11,422 | INFO | News RSS query for DIVISLAB: https://news.google.com/rss/search?q=%22Divi%27s+Laboratories+Ltd.%22+stock+when:10d&hl=en-IN&gl=IN&ceid=IN:en
2026-09-03 12:47:11,658 | INFO | News RSS status for DIVISLAB: 200
2026-09-03 12:47:12,171 | INFO | News RSS query for DLF: https://news.google.com/rss/search?q=%22DLF+Ltd.%22+NSE+when:10d&hl=en-IN&gl=IN&ceid=IN:en
2026-09-03 12:47:12,229 | INFO | News RSS status for DLF: 200
2026-09-03 12:47:12,229 | INFO | News RSS query for DLF: https://news.google.com/rss/search?q=%22DLF+Ltd.%22+stock+when:10d&hl=en-IN&gl=IN&ceid=IN:en
2026-09-03 12:47:12,287 | INFO | News RSS status for DLF: 200
2026-09-03 12:47:12,287 | INFO | News RSS query for DLF: https://news.google.com/rss/search?q=DLF+NSE+when:10d&hl=en-IN&gl=IN&ceid=IN:en
2026-09-03 12:47:12,385 | INFO | News RSS status for DLF: 200
2026-09-03 12:47:12,385 | INFO | News RSS query for DLF: https://news.google.com/rss/search?q=site%3Aeconomictimes.indiatimes.com+%22DLF+Ltd.%22+when:10d&hl=en-IN&gl=IN&ceid=IN:en
2026-09-03 12:47:12,657 | INFO | News RSS status for DLF: 200
2026-09-03 12:47:14,528 | INFO | News RSS query for ETERNAL: https://news.google.com/rss/search?q=%22Eternal+Ltd.%22+NSE+when:10d&hl=en-IN&gl=IN&ceid=IN:en
2026-09-03 12:47:14,766 | INFO | News RSS status for ETERNAL: 200
2026-09-03 12:47:16,196 | INFO | News RSS query for GRASIM: https://news.google.com/rss/search?q=%22Grasim+Industries+Ltd.%22+NSE+when:10d&hl=en-IN&gl=IN&ceid=IN:en
2026-09-03 12:47:16,281 | INFO | News RSS status for GRASIM: 200
2026-09-03 12:47:16,281 | INFO | News RSS query for GRASIM: https://news.google.com/rss/search?q=%22Grasim+Industries+Ltd.%22+stock+when:10d&hl=en-IN&gl=IN&ceid=IN:en
2026-09-03 12:47:16,350 | INFO | News RSS status for GRASIM: 200
2026-09-03 12:47:16,350 | INFO | News RSS query for GRASIM: https://news.google.com/rss/search?q=GRASIM+NSE+when:10d&hl=en-IN&gl=IN&ceid=IN:en
2026-09-03 12:47:16,414 | INFO | News RSS status for GRASIM: 200
2026-09-03 12:47:16,414 | INFO | News RSS query for GRASIM: https://news.google.com/rss/search?q=site%3Aeconomictimes.indiatimes.com+%22Grasim+Industries+Ltd.%22+when:10d&hl=en-IN&gl=IN&ceid=IN:en
2026-09-03 12:47:16,651 | INFO | News RSS status for GRASIM: 200
2026-09-03 12:47:16,653 | INFO | News RSS query for GRASIM: https://news.google.com/rss/search?q=site%3Amoneycontrol.com+%22Grasim+Industries+Ltd.%22+when:10d&hl=en-IN&gl=IN&ceid=IN:en
2026-09-03 12:47:16,713 | INFO | News RSS status for GRASIM: 200
2026-09-03 12:47:16,713 | INFO | News RSS query for GRASIM: https://news.google.com/rss/search?q=site%3Abusinessstandard.com+%22Grasim+Industries+Ltd.%22+when:10d&hl=en-IN&gl=IN&ceid=IN:en
2026-09-03 12:47:16,902 | INFO | News RSS status for GRASIM: 200
2026-09-03 12:47:20,533 | INFO | News RSS query for HINDZINC: https://news.google.com/rss/search?q=%22Hindustan+Zinc+Ltd.%22+NSE+when:10d&hl=en-IN&gl=IN&ceid=IN:en
2026-09-03 12:47:20,865 | INFO | News RSS status for HINDZINC: 200
2026-09-03 12:47:21,082 | INFO | News RSS query for HYUNDAI: https://news.google.com/rss/search?q=%22Hyundai+Motor+India+Ltd.%22+NSE+when:10d&hl=en-IN&gl=IN&ceid=IN:en
2026-09-03 12:47:21,167 | INFO | News RSS status for HYUNDAI: 200
2026-09-03 12:47:21,167 | INFO | News RSS query for HYUNDAI: https://news.google.com/rss/search?q=%22Hyundai+Motor+India+Ltd.%22+stock+when:10d&hl=en-IN&gl=IN&ceid=IN:en
2026-09-03 12:47:21,236 | INFO | News RSS status for HYUNDAI: 200
2026-09-03 12:47:21,236 | INFO | News RSS query for HYUNDAI: https://news.google.com/rss/search?q=HYUNDAI+NSE+when:10d&hl=en-IN&gl=IN&ceid=IN:en
2026-09-03 12:47:21,312 | INFO | News RSS status for HYUNDAI: 200
2026-09-03 12:47:21,312 | INFO | News RSS query for HYUNDAI: https://news.google.com/rss/search?q=site%3Aeconomictimes.indiatimes.com+%22Hyundai+Motor+India+Ltd.%22+when:10d&hl=en-IN&gl=IN&ceid=IN:en
2026-09-03 12:47:21,405 | INFO | News RSS status for HYUNDAI: 200
2026-09-03 12:47:21,405 | INFO | News RSS query for HYUNDAI: https://news.google.com/rss/search?q=site%3Amoneycontrol.com+%22Hyundai+Motor+India+Ltd.%22+when:10d&hl=en-IN&gl=IN&ceid=IN:en
2026-09-03 12:47:21,640 | INFO | News RSS status for HYUNDAI: 200
2026-09-03 12:47:21,642 | INFO | News RSS query for HYUNDAI: https://news.google.com/rss/search?q=site%3Abusinessstandard.com+%22Hyundai+Motor+India+Ltd.%22+when:10d&hl=en-IN&gl=IN&ceid=IN:en
2026-09-03 12:47:21,806 | INFO | News RSS status for HYUNDAI: 200
2026-09-03 12:47:22,321 | INFO | News RSS query for ICICIBANK: https://news.google.com/rss/search?q=%22ICICI+Bank+Ltd.%22+NSE+when:10d&hl=en-IN&gl=IN&ceid=IN:en
2026-09-03 12:47:22,391 | INFO | News RSS status for ICICIBANK: 200
2026-09-03 12:47:22,391 | INFO | News RSS query for ICICIBANK: https://news.google.com/rss/search?q=%22ICICI+Bank+Ltd.%22+stock+when:10d&hl=en-IN&gl=IN&ceid=IN:en
2026-09-03 12:47:22,455 | INFO | News RSS status for ICICIBANK: 200
2026-09-03 12:47:22,455 | INFO | News RSS query for ICICIBANK: https://news.google.com/rss/search?q=ICICIBANK+NSE+when:10d&hl=en-IN&gl=IN&ceid=IN:en
2026-09-03 12:47:22,538 | INFO | News RSS status for ICICIBANK: 200
2026-09-03 12:47:22,538 | INFO | News RSS query for ICICIBANK: https://news.google.com/rss/search?q=site%3Aeconomictimes.indiatimes.com+%22ICICI+Bank+Ltd.%22+when:10d&hl=en-IN&gl=IN&ceid=IN:en
2026-09-03 12:47:22,596 | INFO | News RSS status for ICICIBANK: 200
2026-09-03 12:47:22,597 | INFO | News RSS query for ICICIBANK: https://news.google.com/rss/search?q=site%3Amoneycontrol.com+%22ICICI+Bank+Ltd.%22+when:10d&hl=en-IN&gl=IN&ceid=IN:en
2026-09-03 12:47:22,867 | INFO | News RSS status for ICICIBANK: 200
2026-09-03 12:47:22,938 | INFO | News RSS query for ICICIBANK: https://news.google.com/rss/search?q=%22ICICI+Bank+Ltd.%22+NSE+when:10d&hl=en-IN&gl=IN&ceid=IN:en
2026-09-03 12:47:22,951 | INFO | News RSS status for ICICIBANK: 200
2026-09-03 12:47:22,951 | INFO | News RSS query for ICICIBANK: https://news.google.com/rss/search?q=%22ICICI+Bank+Ltd.%22+stock+when:10d&hl=en-IN&gl=IN&ceid=IN:en
2026-09-03 12:47:22,964 | INFO | News RSS status for ICICIBANK: 200
2026-09-03 12:47:22,964 | INFO | News RSS query for ICICIBANK: https://news.google.com/rss/search?q=ICICIBANK+NSE+when:10d&hl=en-IN&gl=IN&ceid=IN:en
2026-09-03 12:47:22,977 | INFO | News RSS status for ICICIBANK: 200
2026-09-03 12:47:22,977 | INFO | News RSS query for ICICIBANK: https://news.google.com/rss/search?q=site%3Aeconomictimes.indiatimes.com+%22ICICI+Bank+Ltd.%22+when:10d&hl=en-IN&gl=IN&ceid=IN:en
2026-09-03 12:47:22,990 | INFO | News RSS status for ICICIBANK: 200
2026-09-03 12:47:22,990 | INFO | News RSS query for ICICIBANK: https://news.google.com/rss/search?q=site%3Amoneycontrol.com+%22ICICI+Bank+Ltd.%22+when:10d&hl=en-IN&gl=IN&ceid=IN:en
2026-09-03 12:47:23,006 | INFO | News RSS status for ICICIBANK: 200
2026-09-03 12:47:26,110 | INFO | News RSS query for JINDALSTEL: https://news.google.com/rss/search?q=%22Jindal+Steel+Ltd.%22+NSE+when:10d&hl=en-IN&gl=IN&ceid=IN:en
2026-09-03 12:47:26,337 | INFO | News RSS status for JINDALSTEL: 200
2026-09-03 12:47:26,339 | INFO | News RSS query for JINDALSTEL: https://news.google.com/rss/search?q=%22Jindal+Steel+Ltd.%22+stock+when:10d&hl=en-IN&gl=IN&ceid=IN:en
2026-09-03 12:47:26,595 | INFO | News RSS status for JINDALSTEL: 200
2026-09-03 12:47:27,334 | INFO | News RSS query for JSWSTEEL: https://news.google.com/rss/search?q=%22JSW+Steel+Ltd.%22+NSE+when:10d&hl=en-IN&gl=IN&ceid=IN:en
2026-09-03 12:47:27,410 | INFO | News RSS status for JSWSTEEL: 200
2026-09-03 12:47:27,411 | INFO | News RSS query for JSWSTEEL: https://news.google.com/rss/search?q=%22JSW+Steel+Ltd.%22+stock+when:10d&hl=en-IN&gl=IN&ceid=IN:en
2026-09-03 12:47:27,476 | INFO | News RSS status for JSWSTEEL: 200
2026-09-03 12:47:27,476 | INFO | News RSS query for JSWSTEEL: https://news.google.com/rss/search?q=JSWSTEEL+NSE+when:10d&hl=en-IN&gl=IN&ceid=IN:en
2026-09-03 12:47:27,540 | INFO | News RSS status for JSWSTEEL: 200
2026-09-03 12:47:27,540 | INFO | News RSS query for JSWSTEEL: https://news.google.com/rss/search?q=site%3Aeconomictimes.indiatimes.com+%22JSW+Steel+Ltd.%22+when:10d&hl=en-IN&gl=IN&ceid=IN:en
2026-09-03 12:47:27,605 | INFO | News RSS status for JSWSTEEL: 200
2026-09-03 12:47:27,605 | INFO | News RSS query for JSWSTEEL: https://news.google.com/rss/search?q=site%3Amoneycontrol.com+%22JSW+Steel+Ltd.%22+when:10d&hl=en-IN&gl=IN&ceid=IN:en
2026-09-03 12:47:27,668 | INFO | News RSS status for JSWSTEEL: 200
2026-09-03 12:47:27,669 | INFO | News RSS query for JSWSTEEL: https://news.google.com/rss/search?q=site%3Abusinessstandard.com+%22JSW+Steel+Ltd.%22+when:10d&hl=en-IN&gl=IN&ceid=IN:en
2026-09-03 12:47:27,736 | INFO | News RSS status for JSWSTEEL: 200
2026-09-03 12:47:28,239 | INFO | News RSS query for KOTAKBANK: https://news.google.com/rss/search?q=%22Kotak+Mahindra+Bank+Ltd.%22+NSE+when:10d&hl=en-IN&gl=IN&ceid=IN:en
2026-09-03 12:47:28,301 | INFO | News RSS status for KOTAKBANK: 200
2026-09-03 12:47:28,301 | INFO | News RSS query for KOTAKBANK: https://news.google.com/rss/search?q=%22Kotak+Mahindra+Bank+Ltd.%22+stock+when:10d&hl=en-IN&gl=IN&ceid=IN:en
2026-09-03 12:47:28,377 | INFO | News RSS status for KOTAKBANK: 200
2026-09-03 12:47:28,377 | INFO | News RSS query for KOTAKBANK: https://news.google.com/rss/search?q=KOTAKBANK+NSE+when:10d&hl=en-IN&gl=IN&ceid=IN:en
2026-09-03 12:47:28,712 | INFO | News RSS status for KOTAKBANK: 200
2026-09-03 12:47:29,177 | INFO | News RSS query for LODHA: https://news.google.com/rss/search?q=%22Lodha+Developers+Ltd.%22+NSE+when:10d&hl=en-IN&gl=IN&ceid=IN:en
2026-09-03 12:47:29,355 | INFO | News RSS status for LODHA: 200
2026-09-03 12:47:29,357 | INFO | News RSS query for LODHA: https://news.google.com/rss/search?q=%22Lodha+Developers+Ltd.%22+stock+when:10d&hl=en-IN&gl=IN&ceid=IN:en
2026-09-03 12:47:29,573 | INFO | News RSS status for LODHA: 200
2026-09-03 12:47:29,574 | INFO | News RSS query for LODHA: https://news.google.com/rss/search?q=LODHA+NSE+when:10d&hl=en-IN&gl=IN&ceid=IN:en
2026-09-03 12:47:29,796 | INFO | News RSS status for LODHA: 200
2026-09-03 12:47:30,238 | WARNING | Skipping LTM — only 135 bars available (need 220). Extend history_backfill_days in config.json to include this symbol.
2026-09-03 12:47:32,495 | INFO | News RSS query for MOTHERSON: https://news.google.com/rss/search?q=%22Samvardhana+Motherson+International+Ltd.%22+NSE+when:10d&hl=en-IN&gl=IN&ceid=IN:en
2026-09-03 12:47:32,714 | INFO | News RSS status for MOTHERSON: 200
2026-09-03 12:47:32,716 | INFO | News RSS query for MOTHERSON: https://news.google.com/rss/search?q=%22Samvardhana+Motherson+International+Ltd.%22+stock+when:10d&hl=en-IN&gl=IN&ceid=IN:en
2026-09-03 12:47:32,804 | INFO | News RSS status for MOTHERSON: 200
2026-09-03 12:47:32,804 | INFO | News RSS query for MOTHERSON: https://news.google.com/rss/search?q=MOTHERSON+NSE+when:10d&hl=en-IN&gl=IN&ceid=IN:en
2026-09-03 12:47:33,054 | INFO | News RSS status for MOTHERSON: 200
2026-09-03 12:47:35,784 | INFO | News RSS query for PIDILITIND: https://news.google.com/rss/search?q=%22Pidilite+Industries+Ltd.%22+NSE+when:10d&hl=en-IN&gl=IN&ceid=IN:en
2026-09-03 12:47:35,852 | INFO | News RSS status for PIDILITIND: 200
2026-09-03 12:47:35,853 | INFO | News RSS query for PIDILITIND: https://news.google.com/rss/search?q=%22Pidilite+Industries+Ltd.%22+stock+when:10d&hl=en-IN&gl=IN&ceid=IN:en
2026-09-03 12:47:36,097 | INFO | News RSS status for PIDILITIND: 200
2026-09-03 12:47:36,603 | INFO | News RSS query for PNB: https://news.google.com/rss/search?q=%22Punjab+National+Bank%22+NSE+when:10d&hl=en-IN&gl=IN&ceid=IN:en
2026-09-03 12:47:36,672 | INFO | News RSS status for PNB: 200
2026-09-03 12:47:36,672 | INFO | News RSS query for PNB: https://news.google.com/rss/search?q=%22Punjab+National+Bank%22+stock+when:10d&hl=en-IN&gl=IN&ceid=IN:en
2026-09-03 12:47:36,991 | INFO | News RSS status for PNB: 200
2026-09-03 12:47:40,535 | INFO | News RSS query for SIEMENS: https://news.google.com/rss/search?q=%22Siemens+Ltd.%22+NSE+when:10d&hl=en-IN&gl=IN&ceid=IN:en
2026-09-03 12:47:40,762 | INFO | News RSS status for SIEMENS: 200
2026-09-03 12:47:40,763 | INFO | News RSS query for SIEMENS: https://news.google.com/rss/search?q=%22Siemens+Ltd.%22+stock+when:10d&hl=en-IN&gl=IN&ceid=IN:en
2026-09-03 12:47:40,829 | INFO | News RSS status for SIEMENS: 200
2026-09-03 12:47:40,829 | INFO | News RSS query for SIEMENS: https://news.google.com/rss/search?q=SIEMENS+NSE+when:10d&hl=en-IN&gl=IN&ceid=IN:en
2026-09-03 12:47:40,890 | INFO | News RSS status for SIEMENS: 200
2026-09-03 12:47:40,890 | INFO | News RSS query for SIEMENS: https://news.google.com/rss/search?q=site%3Aeconomictimes.indiatimes.com+%22Siemens+Ltd.%22+when:10d&hl=en-IN&gl=IN&ceid=IN:en
2026-09-03 12:47:41,088 | INFO | News RSS status for SIEMENS: 200
2026-09-03 12:47:41,090 | INFO | News RSS query for SIEMENS: https://news.google.com/rss/search?q=site%3Amoneycontrol.com+%22Siemens+Ltd.%22+when:10d&hl=en-IN&gl=IN&ceid=IN:en
2026-09-03 12:47:41,158 | INFO | News RSS status for SIEMENS: 200
2026-09-03 12:47:41,158 | INFO | News RSS query for SIEMENS: https://news.google.com/rss/search?q=site%3Abusinessstandard.com+%22Siemens+Ltd.%22+when:10d&hl=en-IN&gl=IN&ceid=IN:en
2026-09-03 12:47:41,338 | INFO | News RSS status for SIEMENS: 200
2026-09-03 12:47:41,839 | INFO | News RSS query for SOLARINDS: https://news.google.com/rss/search?q=%22Solar+Industries+India+Ltd.%22+NSE+when:10d&hl=en-IN&gl=IN&ceid=IN:en
2026-09-03 12:47:42,538 | INFO | News RSS status for SOLARINDS: 200
2026-09-03 12:47:42,540 | INFO | News RSS query for SOLARINDS: https://news.google.com/rss/search?q=%22Solar+Industries+India+Ltd.%22+stock+when:10d&hl=en-IN&gl=IN&ceid=IN:en
2026-09-03 12:47:42,606 | INFO | News RSS status for SOLARINDS: 200
2026-09-03 12:47:42,606 | INFO | News RSS query for SOLARINDS: https://news.google.com/rss/search?q=SOLARINDS+NSE+when:10d&hl=en-IN&gl=IN&ceid=IN:en
2026-09-03 12:47:42,814 | INFO | News RSS status for SOLARINDS: 200
2026-09-03 12:47:42,815 | INFO | News RSS query for SOLARINDS: https://news.google.com/rss/search?q=site%3Aeconomictimes.indiatimes.com+%22Solar+Industries+India+Ltd.%22+when:10d&hl=en-IN&gl=IN&ceid=IN:en
2026-09-03 12:47:42,884 | INFO | News RSS status for SOLARINDS: 200
2026-09-03 12:47:42,885 | INFO | News RSS query for SOLARINDS: https://news.google.com/rss/search?q=site%3Amoneycontrol.com+%22Solar+Industries+India+Ltd.%22+when:10d&hl=en-IN&gl=IN&ceid=IN:en
2026-09-03 12:47:42,954 | INFO | News RSS status for SOLARINDS: 200
2026-09-03 12:47:42,954 | INFO | News RSS query for SOLARINDS: https://news.google.com/rss/search?q=site%3Abusinessstandard.com+%22Solar+Industries+India+Ltd.%22+when:10d&hl=en-IN&gl=IN&ceid=IN:en
2026-09-03 12:47:43,122 | INFO | News RSS status for SOLARINDS: 200
2026-09-03 12:47:43,700 | INFO | News RSS query for TATACAP: https://news.google.com/rss/search?q=%22Tata+Capital+Ltd.%22+NSE+when:10d&hl=en-IN&gl=IN&ceid=IN:en
2026-09-03 12:47:43,902 | INFO | News RSS status for TATACAP: 200
2026-09-03 12:47:43,904 | INFO | News RSS query for TATACAP: https://news.google.com/rss/search?q=%22Tata+Capital+Ltd.%22+stock+when:10d&hl=en-IN&gl=IN&ceid=IN:en
2026-09-03 12:47:44,116 | INFO | News RSS status for TATACAP: 200
2026-09-03 12:47:46,358 | INFO | News RSS query for TECHM: https://news.google.com/rss/search?q=%22Tech+Mahindra+Ltd.%22+NSE+when:10d&hl=en-IN&gl=IN&ceid=IN:en
2026-09-03 12:47:46,428 | INFO | News RSS status for TECHM: 200
2026-09-03 12:47:46,429 | INFO | News RSS query for TECHM: https://news.google.com/rss/search?q=%22Tech+Mahindra+Ltd.%22+stock+when:10d&hl=en-IN&gl=IN&ceid=IN:en
2026-09-03 12:47:46,667 | INFO | News RSS status for TECHM: 200
2026-09-03 12:47:47,158 | INFO | News RSS query for TITAN: https://news.google.com/rss/search?q=%22Titan+Company+Ltd.%22+NSE+when:10d&hl=en-IN&gl=IN&ceid=IN:en
2026-09-03 12:47:47,379 | INFO | News RSS status for TITAN: 200
2026-09-03 12:47:47,447 | INFO | News RSS query for TITAN: https://news.google.com/rss/search?q=%22Titan+Company+Ltd.%22+NSE+when:10d&hl=en-IN&gl=IN&ceid=IN:en
2026-09-03 12:47:47,461 | INFO | News RSS status for TITAN: 200
2026-09-03 12:47:47,465 | WARNING | Skipping TMCV — only 203 bars available (need 220). Extend history_backfill_days in config.json to include this symbol.
2026-09-03 12:47:48,039 | INFO | News RSS query for TORNTPHARM: https://news.google.com/rss/search?q=%22Torrent+Pharmaceuticals+Ltd.%22+NSE+when:10d&hl=en-IN&gl=IN&ceid=IN:en
2026-09-03 12:47:48,103 | INFO | News RSS status for TORNTPHARM: 200
2026-09-03 12:47:48,104 | INFO | News RSS query for TORNTPHARM: https://news.google.com/rss/search?q=%22Torrent+Pharmaceuticals+Ltd.%22+stock+when:10d&hl=en-IN&gl=IN&ceid=IN:en
2026-09-03 12:47:48,172 | INFO | News RSS status for TORNTPHARM: 200
2026-09-03 12:47:48,172 | INFO | News RSS query for TORNTPHARM: https://news.google.com/rss/search?q=TORNTPHARM+NSE+when:10d&hl=en-IN&gl=IN&ceid=IN:en
2026-09-03 12:47:48,236 | INFO | News RSS status for TORNTPHARM: 200
2026-09-03 12:47:48,236 | INFO | News RSS query for TORNTPHARM: https://news.google.com/rss/search?q=site%3Aeconomictimes.indiatimes.com+%22Torrent+Pharmaceuticals+Ltd.%22+when:10d&hl=en-IN&gl=IN&ceid=IN:en
2026-09-03 12:47:48,364 | INFO | News RSS status for TORNTPHARM: 200
2026-09-03 12:47:48,364 | INFO | News RSS query for TORNTPHARM: https://news.google.com/rss/search?q=site%3Amoneycontrol.com+%22Torrent+Pharmaceuticals+Ltd.%22+when:10d&hl=en-IN&gl=IN&ceid=IN:en
2026-09-03 12:47:48,430 | INFO | News RSS status for TORNTPHARM: 200
2026-09-03 12:47:48,430 | INFO | News RSS query for TORNTPHARM: https://news.google.com/rss/search?q=site%3Abusinessstandard.com+%22Torrent+Pharmaceuticals+Ltd.%22+when:10d&hl=en-IN&gl=IN&ceid=IN:en
2026-09-03 12:47:48,645 | INFO | News RSS status for TORNTPHARM: 200
2026-09-03 12:47:49,570 | INFO | News RSS query for TVSMOTOR: https://news.google.com/rss/search?q=%22TVS+Motor+Company+Ltd.%22+NSE+when:10d&hl=en-IN&gl=IN&ceid=IN:en
2026-09-03 12:47:49,817 | INFO | News RSS status for TVSMOTOR: 200
2026-09-03 12:47:49,819 | INFO | News RSS query for TVSMOTOR: https://news.google.com/rss/search?q=%22TVS+Motor+Company+Ltd.%22+stock+when:10d&hl=en-IN&gl=IN&ceid=IN:en
2026-09-03 12:47:49,933 | INFO | News RSS status for TVSMOTOR: 200
2026-09-03 12:47:49,933 | INFO | News RSS query for TVSMOTOR: https://news.google.com/rss/search?q=TVSMOTOR+NSE+when:10d&hl=en-IN&gl=IN&ceid=IN:en
2026-09-03 12:47:50,007 | INFO | News RSS status for TVSMOTOR: 200
2026-09-03 12:47:50,007 | INFO | News RSS query for TVSMOTOR: https://news.google.com/rss/search?q=site%3Aeconomictimes.indiatimes.com+%22TVS+Motor+Company+Ltd.%22+when:10d&hl=en-IN&gl=IN&ceid=IN:en
2026-09-03 12:47:50,106 | INFO | News RSS status for TVSMOTOR: 200
2026-09-03 12:47:50,106 | INFO | News RSS query for TVSMOTOR: https://news.google.com/rss/search?q=site%3Amoneycontrol.com+%22TVS+Motor+Company+Ltd.%22+when:10d&hl=en-IN&gl=IN&ceid=IN:en
2026-09-03 12:47:50,179 | INFO | News RSS status for TVSMOTOR: 200
2026-09-03 12:47:50,179 | INFO | News RSS query for TVSMOTOR: https://news.google.com/rss/search?q=site%3Abusinessstandard.com+%22TVS+Motor+Company+Ltd.%22+when:10d&hl=en-IN&gl=IN&ceid=IN:en
2026-09-03 12:47:50,353 | INFO | News RSS status for TVSMOTOR: 200
2026-09-03 12:47:51,282 | INFO | News RSS query for UNIONBANK: https://news.google.com/rss/search?q=%22Union+Bank+of+India%22+NSE+when:10d&hl=en-IN&gl=IN&ceid=IN:en
2026-09-03 12:47:51,341 | INFO | News RSS status for UNIONBANK: 200
2026-09-03 12:47:51,341 | INFO | News RSS query for UNIONBANK: https://news.google.com/rss/search?q=%22Union+Bank+of+India%22+stock+when:10d&hl=en-IN&gl=IN&ceid=IN:en
2026-09-03 12:47:51,408 | INFO | News RSS status for UNIONBANK: 200
2026-09-03 12:47:51,408 | INFO | News RSS query for UNIONBANK: https://news.google.com/rss/search?q=UNIONBANK+NSE+when:10d&hl=en-IN&gl=IN&ceid=IN:en
2026-09-03 12:47:51,666 | INFO | News RSS status for UNIONBANK: 200
2026-09-03 12:47:51,847 | WARNING | Skipping VAML — only 6 bars available (need 220). Extend history_backfill_days in config.json to include this symbol.
2026-09-03 12:47:52,715 | WARNING | Skipping VEDPOWER — only 4 bars available (need 220). Extend history_backfill_days in config.json to include this symbol.
2026-09-03 12:47:52,715 | WARNING | Skipping VISL — only 4 bars available (need 220). Extend history_backfill_days in config.json to include this symbol.
2026-09-03 12:47:52,716 | WARNING | Skipping VOGL — only 7 bars available (need 220). Extend history_backfill_days in config.json to include this symbol.
2026-09-03 12:47:53,638 | INFO | News RSS query for ZYDUSLIFE: https://news.google.com/rss/search?q=%22Zydus+Lifesciences+Ltd.%22+NSE+when:10d&hl=en-IN&gl=IN&ceid=IN:en
2026-09-03 12:47:53,702 | INFO | News RSS status for ZYDUSLIFE: 200
2026-09-03 12:47:53,702 | INFO | News RSS query for ZYDUSLIFE: https://news.google.com/rss/search?q=%22Zydus+Lifesciences+Ltd.%22+stock+when:10d&hl=en-IN&gl=IN&ceid=IN:en
2026-09-03 12:47:53,942 | INFO | News RSS status for ZYDUSLIFE: 200
2026-09-03 12:47:53,953 | INFO | Index membership from cache: NIFTY 50 (50 symbols)
2026-09-03 12:47:53,953 | INFO | Index membership from cache: Nifty Next 50 (50 symbols)
2026-09-03 12:47:53,953 | INFO | Index membership ready: 100 symbols mapped
2026-09-03 12:47:53,953 | INFO | Market Health: fetching index OHLCV...
2026-09-03 12:47:53,956 | INFO | Index OHLCV cache fresh for NIFTY 50 (1453 rows)
2026-09-03 12:47:53,959 | INFO | Index OHLCV cache fresh for NIFTY NEXT 50 (1451 rows)
2026-09-03 12:47:53,959 | INFO | Market Health: fetching VIX...
2026-09-03 12:47:53,961 | INFO | VIX cache fresh (151 rows)
2026-09-03 12:47:53,961 | INFO | Market Health: updating breadth EMA cache...
2026-09-03 12:47:55,995 | INFO | Breadth EMA cache: 135064 total rows (+100)
2026-09-03 12:47:56,018 | INFO | Market Health [NIFTY 50]: Score=-12.0 | Sideways &#x1F7E0;
2026-09-03 12:47:56,036 | INFO | Market Health [Nifty Next 50]: Score=-7.0 | Sideways &#x1F7E0;
2026-09-03 12:47:56,102 | INFO | Signal log: appended 5 new signals. Total rows: 745
2026-09-03 12:47:56,102 | INFO | Signal log written/updated: /home/runner/work/nifty100-reporter/nifty100-reporter/data/nifty100_signal_log.csv
2026-09-03 12:47:57,330 | INFO | Signal tracker: updated 169 Active signal rows.
2026-09-03 12:47:57,345 | INFO | HTML report written: /home/runner/work/nifty100-reporter/nifty100-reporter/reports/nifty100_daily_report_20260903.html
2026-09-03 12:47:57,353 | INFO | Market Health Excel sheet written.
2026-09-03 12:47:58,627 | INFO | Excel report written: /home/runner/work/nifty100-reporter/nifty100-reporter/reports/nifty100_daily_report_20260903.xlsx
2026-09-03 12:47:58,628 | INFO | GitHub Actions detected — skipping Gmail API send (workflow handles email).
2026-09-03 12:47:58,628 | INFO | Run completed successfully.
2026-09-03 12:47:58,628 | INFO | Artifacts: /home/runner/work/nifty100-reporter/nifty100-reporter/reports/nifty100_daily_report_20260903.html | /home/runner/work/nifty100-reporter/nifty100-reporter/reports/nifty100_daily_report_20260903.xlsx | log: /home/runner/work/nifty100-reporter/nifty100-reporter/logs/run_20260903_181554.log
