2026-07-04 12:45:55,679 | INFO | Nifty 100 Daily EMA Cross Reporter | Version 3.3.8 | Released 2026-04-17
2026-07-04 12:45:55,679 | INFO | Base directory: /home/runner/work/nifty100-reporter/nifty100-reporter
2026-07-04 12:45:55,679 | INFO | Loaded config. Email enabled: True | Recipients: 1
2026-07-04 12:45:55,791 | WARNING | NSE session bootstrap HTTP 403 (attempt 1/5) — refreshing NSE session cookie …
2026-07-04 12:46:06,581 | INFO | NSE session bootstrap status: 200
2026-07-04 12:46:06,582 | INFO | Downloading Nifty 100 universe from https://www.niftyindices.com/IndexConstituent/ind_nifty100list.csv
2026-07-04 12:46:07,131 | INFO | Universe download status: 200
2026-07-04 12:46:07,137 | INFO | Universe rows loaded: 100
2026-07-04 12:46:07,255 | INFO | Loaded history rows: 130754
2026-07-04 12:46:07,262 | INFO | yfinance history update: 100 symbols | 2026-07-02 → 2026-07-05
2026-07-04 12:46:07,262 | INFO | yfinance batch download: 100 symbols | 2026-07-02 → 2026-07-05
2026-07-04 12:46:07,264 | INFO | Failed to create TzCache, reason: Error creating TzCache folder: '/home/runner/.cache/py-yfinance' reason: [Errno 17] File exists: '/home/runner/.cache/py-yfinance'. TzCache will not be used. Tip: You can direct cache to use a different location with 'set_tz_cache_location(mylocation)'
2026-07-04 12:46:15,820 | INFO | yfinance raw shape: (2, 500)
2026-07-04 12:46:16,094 | INFO | yfinance parsed rows after date-filter: 200
2026-07-04 12:46:16,095 | INFO | New rows from yfinance: 200
2026-07-04 12:46:16,855 | INFO | Saved history rows: 130754 | file: /home/runner/work/nifty100-reporter/nifty100-reporter/data/nifty100_ohlcv_history.csv
2026-07-04 12:46:16,957 | INFO | Loaded history rows: 130754
2026-07-04 12:46:16,958 | INFO | Latest OHLCV data is from 2026-07-03
2026-07-04 12:46:16,981 | INFO | Latest Delivery data is from 2026-07-03
2026-07-04 12:46:17,023 | INFO | Delivery cache has 29 dates — skipping backfill.
2026-07-04 12:46:17,023 | INFO | Delivery fetch attempt [1/7] — URL: https://archives.nseindia.com/products/content/sec_bhavdata_full_03072026.csv
2026-07-04 12:46:18,593 | INFO | Delivery fetch SUCCESS — date: 2026-07-03 | size: 372651 bytes | URL: https://archives.nseindia.com/products/content/sec_bhavdata_full_03072026.csv
2026-07-04 12:46:18,910 | INFO | Delivery cache updated: 2384 symbols for 2026-07-03 (rows in cache: 70532)
2026-07-04 12:46:18,911 | INFO | Delivery data: 2384 symbols | fallback=False
2026-07-04 12:46:19,320 | INFO | Corporate actions bulk OK: 115 raw rows | 17 Nifty100 symbols with events
2026-07-04 12:46:47,749 | INFO | Corporate actions: 17/100 symbols have events (window 04-07-2026 to 03-08-2026) | Symbols: AXISBANK, BRITANNIA, CHOLAFIN, CUMMINSIND, DIVISLAB, DRREDDY, HINDALCO, JSWSTEEL, MOTHERSON, NESTLEIND, PFC, PIDILITIND, SOLARINDS, SUNPHARMA, TITAN, UNITDSPR, ZYDUSLIFE
2026-07-04 12:46:47,749 | INFO | Index membership from cache: NIFTY 50 (50 symbols)
2026-07-04 12:46:47,750 | INFO | Index membership from cache: Nifty Next 50 (50 symbols)
2026-07-04 12:46:47,750 | INFO | Index membership ready: 100 symbols mapped
2026-07-04 12:46:48,403 | INFO | News RSS query for ADANIENSOL: https://news.google.com/rss/search?q=%22Adani+Energy+Solutions+Ltd.%22+NSE+when:10d&hl=en-IN&gl=IN&ceid=IN:en
2026-07-04 12:46:48,687 | INFO | News RSS status for ADANIENSOL: 200
2026-07-04 12:46:48,751 | INFO | News RSS query for ADANIENSOL: https://news.google.com/rss/search?q=%22Adani+Energy+Solutions+Ltd.%22+NSE+when:10d&hl=en-IN&gl=IN&ceid=IN:en
2026-07-04 12:46:48,779 | INFO | News RSS status for ADANIENSOL: 200
2026-07-04 12:46:49,260 | INFO | News RSS query for ADANIENT: https://news.google.com/rss/search?q=%22Adani+Enterprises+Ltd.%22+NSE+when:10d&hl=en-IN&gl=IN&ceid=IN:en
2026-07-04 12:46:49,486 | INFO | News RSS status for ADANIENT: 200
2026-07-04 12:46:49,566 | INFO | News RSS query for ADANIENT: https://news.google.com/rss/search?q=%22Adani+Enterprises+Ltd.%22+NSE+when:10d&hl=en-IN&gl=IN&ceid=IN:en
2026-07-04 12:46:49,595 | INFO | News RSS status for ADANIENT: 200
2026-07-04 12:46:50,042 | INFO | News RSS query for ADANIGREEN: https://news.google.com/rss/search?q=%22Adani+Green+Energy+Ltd.%22+NSE+when:10d&hl=en-IN&gl=IN&ceid=IN:en
2026-07-04 12:46:50,261 | INFO | News RSS status for ADANIGREEN: 200
2026-07-04 12:46:50,341 | INFO | News RSS query for ADANIGREEN: https://news.google.com/rss/search?q=%22Adani+Green+Energy+Ltd.%22+NSE+when:10d&hl=en-IN&gl=IN&ceid=IN:en
2026-07-04 12:46:50,369 | INFO | News RSS status for ADANIGREEN: 200
2026-07-04 12:46:50,813 | INFO | News RSS query for ADANIPORTS: https://news.google.com/rss/search?q=%22Adani+Ports+and+Special+Economic+Zone+Ltd.%22+NSE+when:10d&hl=en-IN&gl=IN&ceid=IN:en
2026-07-04 12:46:51,031 | INFO | News RSS status for ADANIPORTS: 200
2026-07-04 12:46:51,860 | INFO | News RSS query for AMBUJACEM: https://news.google.com/rss/search?q=%22Ambuja+Cements+Ltd.%22+NSE+when:10d&hl=en-IN&gl=IN&ceid=IN:en
2026-07-04 12:46:52,038 | INFO | News RSS status for AMBUJACEM: 200
2026-07-04 12:46:52,040 | INFO | News RSS query for AMBUJACEM: https://news.google.com/rss/search?q=%22Ambuja+Cements+Ltd.%22+stock+when:10d&hl=en-IN&gl=IN&ceid=IN:en
2026-07-04 12:46:52,232 | INFO | News RSS status for AMBUJACEM: 200
2026-07-04 12:46:52,675 | INFO | News RSS query for APOLLOHOSP: https://news.google.com/rss/search?q=%22Apollo+Hospitals+Enterprise+Ltd.%22+NSE+when:10d&hl=en-IN&gl=IN&ceid=IN:en
2026-07-04 12:46:52,907 | INFO | News RSS status for APOLLOHOSP: 200
2026-07-04 12:46:52,909 | INFO | News RSS query for APOLLOHOSP: https://news.google.com/rss/search?q=%22Apollo+Hospitals+Enterprise+Ltd.%22+stock+when:10d&hl=en-IN&gl=IN&ceid=IN:en
2026-07-04 12:46:53,142 | INFO | News RSS status for APOLLOHOSP: 200
2026-07-04 12:46:53,198 | INFO | News RSS query for APOLLOHOSP: https://news.google.com/rss/search?q=%22Apollo+Hospitals+Enterprise+Ltd.%22+NSE+when:10d&hl=en-IN&gl=IN&ceid=IN:en
2026-07-04 12:46:53,225 | INFO | News RSS status for APOLLOHOSP: 200
2026-07-04 12:46:53,228 | INFO | News RSS query for APOLLOHOSP: https://news.google.com/rss/search?q=%22Apollo+Hospitals+Enterprise+Ltd.%22+stock+when:10d&hl=en-IN&gl=IN&ceid=IN:en
2026-07-04 12:46:53,258 | INFO | News RSS status for APOLLOHOSP: 200
2026-07-04 12:46:53,690 | INFO | News RSS query for ASIANPAINT: https://news.google.com/rss/search?q=%22Asian+Paints+Ltd.%22+NSE+when:10d&hl=en-IN&gl=IN&ceid=IN:en
2026-07-04 12:46:53,931 | INFO | News RSS status for ASIANPAINT: 200
2026-07-04 12:46:54,374 | INFO | News RSS query for AXISBANK: https://news.google.com/rss/search?q=%22Axis+Bank+Ltd.%22+NSE+when:10d&hl=en-IN&gl=IN&ceid=IN:en
2026-07-04 12:46:54,636 | INFO | News RSS status for AXISBANK: 200
2026-07-04 12:46:55,456 | INFO | News RSS query for BAJAJFINSV: https://news.google.com/rss/search?q=%22Bajaj+Finserv+Ltd.%22+NSE+when:10d&hl=en-IN&gl=IN&ceid=IN:en
2026-07-04 12:46:55,686 | INFO | News RSS status for BAJAJFINSV: 200
2026-07-04 12:46:56,511 | INFO | News RSS query for BAJFINANCE: https://news.google.com/rss/search?q=%22Bajaj+Finance+Ltd.%22+NSE+when:10d&hl=en-IN&gl=IN&ceid=IN:en
2026-07-04 12:46:56,728 | INFO | News RSS status for BAJFINANCE: 200
2026-07-04 12:46:58,327 | INFO | News RSS query for BOSCHLTD: https://news.google.com/rss/search?q=%22Bosch+Ltd.%22+NSE+when:10d&hl=en-IN&gl=IN&ceid=IN:en
2026-07-04 12:46:58,544 | INFO | News RSS status for BOSCHLTD: 200
2026-07-04 12:46:58,546 | INFO | News RSS query for BOSCHLTD: https://news.google.com/rss/search?q=%22Bosch+Ltd.%22+stock+when:10d&hl=en-IN&gl=IN&ceid=IN:en
2026-07-04 12:46:58,765 | INFO | News RSS status for BOSCHLTD: 200
2026-07-04 12:46:59,204 | INFO | News RSS query for BPCL: https://news.google.com/rss/search?q=%22Bharat+Petroleum+Corporation+Ltd.%22+NSE+when:10d&hl=en-IN&gl=IN&ceid=IN:en
2026-07-04 12:46:59,456 | INFO | News RSS status for BPCL: 200
2026-07-04 12:47:00,653 | INFO | News RSS query for CGPOWER: https://news.google.com/rss/search?q=%22CG+Power+and+Industrial+Solutions+Ltd.%22+NSE+when:10d&hl=en-IN&gl=IN&ceid=IN:en
2026-07-04 12:47:00,849 | INFO | News RSS status for CGPOWER: 200
2026-07-04 12:47:01,289 | INFO | News RSS query for CHOLAFIN: https://news.google.com/rss/search?q=%22Cholamandalam+Investment+and+Finance+Company+Ltd.%22+NSE+when:10d&hl=en-IN&gl=IN&ceid=IN:en
2026-07-04 12:47:01,486 | INFO | News RSS status for CHOLAFIN: 200
2026-07-04 12:47:01,486 | INFO | News RSS query for CHOLAFIN: https://news.google.com/rss/search?q=%22Cholamandalam+Investment+and+Finance+Company+Ltd.%22+stock+when:10d&hl=en-IN&gl=IN&ceid=IN:en
2026-07-04 12:47:01,703 | INFO | News RSS status for CHOLAFIN: 200
2026-07-04 12:47:01,705 | INFO | News RSS query for CHOLAFIN: https://news.google.com/rss/search?q=CHOLAFIN+NSE+when:10d&hl=en-IN&gl=IN&ceid=IN:en
2026-07-04 12:47:01,926 | INFO | News RSS status for CHOLAFIN: 200
2026-07-04 12:47:01,927 | INFO | News RSS query for CHOLAFIN: https://news.google.com/rss/search?q=site%3Aeconomictimes.indiatimes.com+%22Cholamandalam+Investment+and+Finance+Company+Ltd.%22+when:10d&hl=en-IN&gl=IN&ceid=IN:en
2026-07-04 12:47:02,121 | INFO | News RSS status for CHOLAFIN: 200
2026-07-04 12:47:02,121 | INFO | News RSS query for CHOLAFIN: https://news.google.com/rss/search?q=site%3Amoneycontrol.com+%22Cholamandalam+Investment+and+Finance+Company+Ltd.%22+when:10d&hl=en-IN&gl=IN&ceid=IN:en
2026-07-04 12:47:02,325 | INFO | News RSS status for CHOLAFIN: 200
2026-07-04 12:47:02,327 | INFO | News RSS query for CHOLAFIN: https://news.google.com/rss/search?q=site%3Abusinessstandard.com+%22Cholamandalam+Investment+and+Finance+Company+Ltd.%22+when:10d&hl=en-IN&gl=IN&ceid=IN:en
2026-07-04 12:47:02,520 | INFO | News RSS status for CHOLAFIN: 200
2026-07-04 12:47:04,902 | INFO | News RSS query for DMART: https://news.google.com/rss/search?q=%22Avenue+Supermarts+Ltd.%22+NSE+when:10d&hl=en-IN&gl=IN&ceid=IN:en
2026-07-04 12:47:05,119 | INFO | News RSS status for DMART: 200
2026-07-04 12:47:05,122 | INFO | News RSS query for DMART: https://news.google.com/rss/search?q=%22Avenue+Supermarts+Ltd.%22+stock+when:10d&hl=en-IN&gl=IN&ceid=IN:en
2026-07-04 12:47:05,399 | INFO | News RSS status for DMART: 200
2026-07-04 12:47:05,835 | INFO | News RSS query for DRREDDY: https://news.google.com/rss/search?q=%22Dr.+Reddy%27s+Laboratories+Ltd.%22+NSE+when:10d&hl=en-IN&gl=IN&ceid=IN:en
2026-07-04 12:47:06,061 | INFO | News RSS status for DRREDDY: 200
2026-07-04 12:47:06,501 | INFO | News RSS query for EICHERMOT: https://news.google.com/rss/search?q=%22Eicher+Motors+Ltd.%22+NSE+when:10d&hl=en-IN&gl=IN&ceid=IN:en
2026-07-04 12:47:06,732 | INFO | News RSS status for EICHERMOT: 200
2026-07-04 12:47:06,735 | INFO | News RSS query for EICHERMOT: https://news.google.com/rss/search?q=%22Eicher+Motors+Ltd.%22+stock+when:10d&hl=en-IN&gl=IN&ceid=IN:en
2026-07-04 12:47:06,969 | INFO | News RSS status for EICHERMOT: 200
2026-07-04 12:47:07,811 | INFO | News RSS query for GAIL: https://news.google.com/rss/search?q=%22GAIL+%28India%29+Ltd.%22+NSE+when:10d&hl=en-IN&gl=IN&ceid=IN:en
2026-07-04 12:47:08,033 | INFO | News RSS status for GAIL: 200
2026-07-04 12:47:08,034 | INFO | News RSS query for GAIL: https://news.google.com/rss/search?q=%22GAIL+%28India%29+Ltd.%22+stock+when:10d&hl=en-IN&gl=IN&ceid=IN:en
2026-07-04 12:47:08,239 | INFO | News RSS status for GAIL: 200
2026-07-04 12:47:09,055 | INFO | News RSS query for GRASIM: https://news.google.com/rss/search?q=%22Grasim+Industries+Ltd.%22+NSE+when:10d&hl=en-IN&gl=IN&ceid=IN:en
2026-07-04 12:47:09,272 | INFO | News RSS status for GRASIM: 200
2026-07-04 12:47:09,274 | INFO | News RSS query for GRASIM: https://news.google.com/rss/search?q=%22Grasim+Industries+Ltd.%22+stock+when:10d&hl=en-IN&gl=IN&ceid=IN:en
2026-07-04 12:47:09,475 | INFO | News RSS status for GRASIM: 200
2026-07-04 12:47:09,914 | INFO | News RSS query for HAL: https://news.google.com/rss/search?q=%22Hindustan+Aeronautics+Ltd.%22+NSE+when:10d&hl=en-IN&gl=IN&ceid=IN:en
2026-07-04 12:47:10,159 | INFO | News RSS status for HAL: 200
2026-07-04 12:47:10,979 | INFO | News RSS query for HDFCAMC: https://news.google.com/rss/search?q=%22HDFC+Asset+Management+Company+Ltd.%22+NSE+when:10d&hl=en-IN&gl=IN&ceid=IN:en
2026-07-04 12:47:11,216 | INFO | News RSS status for HDFCAMC: 200
2026-07-04 12:47:11,218 | INFO | News RSS query for HDFCAMC: https://news.google.com/rss/search?q=%22HDFC+Asset+Management+Company+Ltd.%22+stock+when:10d&hl=en-IN&gl=IN&ceid=IN:en
2026-07-04 12:47:11,407 | INFO | News RSS status for HDFCAMC: 200
2026-07-04 12:47:18,294 | INFO | News RSS query for LT: https://news.google.com/rss/search?q=%22Larsen+%26+Toubro+Ltd.%22+NSE+when:10d&hl=en-IN&gl=IN&ceid=IN:en
2026-07-04 12:47:18,524 | INFO | News RSS status for LT: 200
2026-07-04 12:47:18,530 | WARNING | Skipping LTM — only 91 bars available (need 220). Extend history_backfill_days in config.json to include this symbol.
2026-07-04 12:47:20,510 | INFO | News RSS query for MOTHERSON: https://news.google.com/rss/search?q=%22Samvardhana+Motherson+International+Ltd.%22+NSE+when:10d&hl=en-IN&gl=IN&ceid=IN:en
2026-07-04 12:47:20,699 | INFO | News RSS status for MOTHERSON: 200
2026-07-04 12:47:20,701 | INFO | News RSS query for MOTHERSON: https://news.google.com/rss/search?q=%22Samvardhana+Motherson+International+Ltd.%22+stock+when:10d&hl=en-IN&gl=IN&ceid=IN:en
2026-07-04 12:47:20,919 | INFO | News RSS status for MOTHERSON: 200
2026-07-04 12:47:21,749 | INFO | News RSS query for NESTLEIND: https://news.google.com/rss/search?q=%22Nestle+India+Ltd.%22+NSE+when:10d&hl=en-IN&gl=IN&ceid=IN:en
2026-07-04 12:47:21,946 | INFO | News RSS status for NESTLEIND: 200
2026-07-04 12:47:21,949 | INFO | News RSS query for NESTLEIND: https://news.google.com/rss/search?q=%22Nestle+India+Ltd.%22+stock+when:10d&hl=en-IN&gl=IN&ceid=IN:en
2026-07-04 12:47:22,159 | INFO | News RSS status for NESTLEIND: 200
2026-07-04 12:47:23,745 | INFO | News RSS query for PIDILITIND: https://news.google.com/rss/search?q=%22Pidilite+Industries+Ltd.%22+NSE+when:10d&hl=en-IN&gl=IN&ceid=IN:en
2026-07-04 12:47:23,947 | INFO | News RSS status for PIDILITIND: 200
2026-07-04 12:47:23,947 | INFO | News RSS query for PIDILITIND: https://news.google.com/rss/search?q=%22Pidilite+Industries+Ltd.%22+stock+when:10d&hl=en-IN&gl=IN&ceid=IN:en
2026-07-04 12:47:24,181 | INFO | News RSS status for PIDILITIND: 200
2026-07-04 12:47:24,239 | INFO | News RSS query for PIDILITIND: https://news.google.com/rss/search?q=%22Pidilite+Industries+Ltd.%22+NSE+when:10d&hl=en-IN&gl=IN&ceid=IN:en
2026-07-04 12:47:24,266 | INFO | News RSS status for PIDILITIND: 200
2026-07-04 12:47:24,266 | INFO | News RSS query for PIDILITIND: https://news.google.com/rss/search?q=%22Pidilite+Industries+Ltd.%22+stock+when:10d&hl=en-IN&gl=IN&ceid=IN:en
2026-07-04 12:47:24,294 | INFO | News RSS status for PIDILITIND: 200
2026-07-04 12:47:26,671 | INFO | News RSS query for SBIN: https://news.google.com/rss/search?q=%22State+Bank+of+India%22+NSE+when:10d&hl=en-IN&gl=IN&ceid=IN:en
2026-07-04 12:47:26,994 | INFO | News RSS status for SBIN: 200
2026-07-04 12:47:27,812 | INFO | News RSS query for SHRIRAMFIN: https://news.google.com/rss/search?q=%22Shriram+Finance+Ltd.%22+NSE+when:10d&hl=en-IN&gl=IN&ceid=IN:en
2026-07-04 12:47:28,054 | INFO | News RSS status for SHRIRAMFIN: 200
2026-07-04 12:47:28,870 | INFO | News RSS query for SOLARINDS: https://news.google.com/rss/search?q=%22Solar+Industries+India+Ltd.%22+NSE+when:10d&hl=en-IN&gl=IN&ceid=IN:en
2026-07-04 12:47:29,084 | INFO | News RSS status for SOLARINDS: 200
2026-07-04 12:47:29,523 | INFO | News RSS query for SUNPHARMA: https://news.google.com/rss/search?q=%22Sun+Pharmaceutical+Industries+Ltd.%22+NSE+when:10d&hl=en-IN&gl=IN&ceid=IN:en
2026-07-04 12:47:29,773 | INFO | News RSS status for SUNPHARMA: 200
2026-07-04 12:47:29,778 | WARNING | Skipping TATACAP — only 179 bars available (need 220). Extend history_backfill_days in config.json to include this symbol.
2026-07-04 12:47:32,140 | INFO | News RSS query for TITAN: https://news.google.com/rss/search?q=%22Titan+Company+Ltd.%22+NSE+when:10d&hl=en-IN&gl=IN&ceid=IN:en
2026-07-04 12:47:32,339 | INFO | News RSS status for TITAN: 200
2026-07-04 12:47:32,344 | WARNING | Skipping TMCV — only 159 bars available (need 220). Extend history_backfill_days in config.json to include this symbol.
2026-07-04 12:47:32,345 | WARNING | Skipping TMPV — only 176 bars available (need 220). Extend history_backfill_days in config.json to include this symbol.
2026-07-04 12:47:32,783 | INFO | News RSS query for TORNTPHARM: https://news.google.com/rss/search?q=%22Torrent+Pharmaceuticals+Ltd.%22+NSE+when:10d&hl=en-IN&gl=IN&ceid=IN:en
2026-07-04 12:47:32,996 | INFO | News RSS status for TORNTPHARM: 200
2026-07-04 12:47:34,686 | WARNING | Skipping VAML — only 6 bars available (need 220). Extend history_backfill_days in config.json to include this symbol.
2026-07-04 12:47:35,130 | INFO | News RSS query for VBL: https://news.google.com/rss/search?q=%22Varun+Beverages+Ltd.%22+NSE+when:10d&hl=en-IN&gl=IN&ceid=IN:en
2026-07-04 12:47:35,353 | INFO | News RSS status for VBL: 200
2026-07-04 12:47:35,356 | INFO | News RSS query for VBL: https://news.google.com/rss/search?q=%22Varun+Beverages+Ltd.%22+stock+when:10d&hl=en-IN&gl=IN&ceid=IN:en
2026-07-04 12:47:35,573 | INFO | News RSS status for VBL: 200
2026-07-04 12:47:35,953 | WARNING | Skipping VEDPOWER — only 4 bars available (need 220). Extend history_backfill_days in config.json to include this symbol.
2026-07-04 12:47:35,953 | WARNING | Skipping VISL — only 4 bars available (need 220). Extend history_backfill_days in config.json to include this symbol.
2026-07-04 12:47:35,954 | WARNING | Skipping VOGL — only 7 bars available (need 220). Extend history_backfill_days in config.json to include this symbol.
2026-07-04 12:47:36,772 | INFO | News RSS query for ZYDUSLIFE: https://news.google.com/rss/search?q=%22Zydus+Lifesciences+Ltd.%22+NSE+when:10d&hl=en-IN&gl=IN&ceid=IN:en
2026-07-04 12:47:36,985 | INFO | News RSS status for ZYDUSLIFE: 200
2026-07-04 12:47:36,987 | INFO | News RSS query for ZYDUSLIFE: https://news.google.com/rss/search?q=%22Zydus+Lifesciences+Ltd.%22+stock+when:10d&hl=en-IN&gl=IN&ceid=IN:en
2026-07-04 12:47:37,232 | INFO | News RSS status for ZYDUSLIFE: 200
2026-07-04 12:47:37,288 | INFO | News RSS query for ZYDUSLIFE: https://news.google.com/rss/search?q=%22Zydus+Lifesciences+Ltd.%22+NSE+when:10d&hl=en-IN&gl=IN&ceid=IN:en
2026-07-04 12:47:37,315 | INFO | News RSS status for ZYDUSLIFE: 200
2026-07-04 12:47:37,317 | INFO | News RSS query for ZYDUSLIFE: https://news.google.com/rss/search?q=%22Zydus+Lifesciences+Ltd.%22+stock+when:10d&hl=en-IN&gl=IN&ceid=IN:en
2026-07-04 12:47:37,347 | INFO | News RSS status for ZYDUSLIFE: 200
2026-07-04 12:47:37,356 | INFO | Index membership from cache: NIFTY 50 (50 symbols)
2026-07-04 12:47:37,357 | INFO | Index membership from cache: Nifty Next 50 (50 symbols)
2026-07-04 12:47:37,357 | INFO | Index membership ready: 100 symbols mapped
2026-07-04 12:47:37,357 | INFO | Market Health: fetching index OHLCV...
2026-07-04 12:47:37,360 | INFO | Index OHLCV cache fresh for NIFTY 50 (1414 rows)
2026-07-04 12:47:37,363 | INFO | Index OHLCV cache fresh for NIFTY NEXT 50 (1414 rows)
2026-07-04 12:47:37,363 | INFO | Market Health: fetching VIX...
2026-07-04 12:47:37,365 | INFO | VIX cache fresh (112 rows)
2026-07-04 12:47:37,365 | INFO | Market Health: updating breadth EMA cache...
2026-07-04 12:47:38,559 | INFO | Market Health [NIFTY 50]: Score=32.0 | Weak Bull &#x1F7E1;
2026-07-04 12:47:38,576 | INFO | Market Health [Nifty Next 50]: Score=-19.0 | Sideways &#x1F7E0;
2026-07-04 12:47:38,636 | INFO | Signal log: skipping new signal insertion — 2026-07-04 is a weekend.
2026-07-04 12:47:39,669 | INFO | Signal tracker: updated 162 Active signal rows.
2026-07-04 12:47:39,686 | INFO | HTML report written: /home/runner/work/nifty100-reporter/nifty100-reporter/reports/nifty100_daily_report_20260704.html
2026-07-04 12:47:39,693 | INFO | Market Health Excel sheet written.
2026-07-04 12:47:40,464 | INFO | Excel report written: /home/runner/work/nifty100-reporter/nifty100-reporter/reports/nifty100_daily_report_20260704.xlsx
2026-07-04 12:47:40,464 | INFO | GitHub Actions detected — skipping Gmail API send (workflow handles email).
2026-07-04 12:47:40,465 | INFO | Run completed successfully.
2026-07-04 12:47:40,465 | INFO | Artifacts: /home/runner/work/nifty100-reporter/nifty100-reporter/reports/nifty100_daily_report_20260704.html | /home/runner/work/nifty100-reporter/nifty100-reporter/reports/nifty100_daily_report_20260704.xlsx | log: /home/runner/work/nifty100-reporter/nifty100-reporter/logs/run_20260704_181555.log
