2026-07-18 12:46:07,386 | INFO | Nifty 100 Daily EMA Cross Reporter | Version 3.3.8 | Released 2026-04-17
2026-07-18 12:46:07,386 | INFO | Base directory: /home/runner/work/nifty100-reporter/nifty100-reporter
2026-07-18 12:46:07,387 | INFO | Loaded config. Email enabled: True | Recipients: 1
2026-07-18 12:46:07,666 | WARNING | NSE session bootstrap HTTP 403 (attempt 1/5) — refreshing NSE session cookie …
2026-07-18 12:46:18,651 | INFO | NSE session bootstrap status: 200
2026-07-18 12:46:18,651 | INFO | Downloading Nifty 100 universe from https://www.niftyindices.com/IndexConstituent/ind_nifty100list.csv
2026-07-18 12:46:19,186 | INFO | Universe download status: 200
2026-07-18 12:46:19,190 | INFO | Universe rows loaded: 100
2026-07-18 12:46:19,284 | INFO | Loaded history rows: 131754
2026-07-18 12:46:19,291 | INFO | yfinance history update: 100 symbols | 2026-07-16 → 2026-07-19
2026-07-18 12:46:19,291 | INFO | yfinance batch download: 100 symbols | 2026-07-16 → 2026-07-19
2026-07-18 12:46:19,293 | INFO | Failed to create TzCache, reason: Error creating TzCache folder: '/home/runner/.cache/py-yfinance' reason: [Errno 17] File exists: '/home/runner/.cache/py-yfinance'. TzCache will not be used. Tip: You can direct cache to use a different location with 'set_tz_cache_location(mylocation)'
2026-07-18 12:46:29,351 | INFO | yfinance raw shape: (2, 500)
2026-07-18 12:46:29,538 | INFO | yfinance parsed rows after date-filter: 200
2026-07-18 12:46:29,540 | INFO | New rows from yfinance: 200
2026-07-18 12:46:30,100 | INFO | Saved history rows: 131754 | file: /home/runner/work/nifty100-reporter/nifty100-reporter/data/nifty100_ohlcv_history.csv
2026-07-18 12:46:30,180 | INFO | Loaded history rows: 131754
2026-07-18 12:46:30,181 | INFO | Latest OHLCV data is from 2026-07-17
2026-07-18 12:46:30,202 | INFO | Latest Delivery data is from 2026-07-17
2026-07-18 12:46:30,239 | INFO | Delivery cache has 33 dates — skipping backfill.
2026-07-18 12:46:30,239 | INFO | Delivery fetch attempt [1/7] — URL: https://archives.nseindia.com/products/content/sec_bhavdata_full_17072026.csv
2026-07-18 12:46:31,628 | INFO | Delivery fetch FAILED for 2026-07-17 — HTTP 503 — URL: https://archives.nseindia.com/products/content/sec_bhavdata_full_17072026.csv
2026-07-18 12:46:31,628 | INFO | Delivery fetch attempt [2/7] — URL: https://archives.nseindia.com/products/content/sec_bhavdata_full_16072026.csv
2026-07-18 12:46:33,222 | INFO | Delivery fetch FAILED for 2026-07-16 — HTTP 503 — URL: https://archives.nseindia.com/products/content/sec_bhavdata_full_16072026.csv
2026-07-18 12:46:33,222 | INFO | Delivery fetch attempt [3/7] — URL: https://archives.nseindia.com/products/content/sec_bhavdata_full_15072026.csv
2026-07-18 12:46:34,764 | INFO | Delivery fetch FAILED for 2026-07-15 — HTTP 503 — URL: https://archives.nseindia.com/products/content/sec_bhavdata_full_15072026.csv
2026-07-18 12:46:34,764 | INFO | Delivery fetch attempt [4/7] — URL: https://archives.nseindia.com/products/content/sec_bhavdata_full_14072026.csv
2026-07-18 12:46:36,416 | INFO | Delivery fetch FAILED for 2026-07-14 — HTTP 503 — URL: https://archives.nseindia.com/products/content/sec_bhavdata_full_14072026.csv
2026-07-18 12:46:36,416 | INFO | Delivery fetch attempt [5/7] — URL: https://archives.nseindia.com/products/content/sec_bhavdata_full_13072026.csv
2026-07-18 12:46:37,679 | INFO | Delivery fetch FAILED for 2026-07-13 — HTTP 503 — URL: https://archives.nseindia.com/products/content/sec_bhavdata_full_13072026.csv
2026-07-18 12:46:37,679 | WARNING | No delivery file found in last 7 calendar days. Using fallback.
2026-07-18 12:46:37,679 | WARNING | Using delivery fallback: 5-day avg from cache.
2026-07-18 12:46:37,706 | INFO | Fallback delivery: 2391 symbols from 5 cached dates.
2026-07-18 12:46:37,707 | INFO | Delivery data: 2391 symbols | fallback=True
2026-07-18 12:46:57,729 | WARNING | NSE corp-actions bulk fetch failed (attempt 1/5): HTTPSConnectionPool(host='www.nseindia.com', port=443): Read timed out. (read timeout=20) — retrying in 5s …
2026-07-18 12:47:03,218 | INFO | Corporate actions bulk OK: 120 raw rows | 12 Nifty100 symbols with events
2026-07-18 12:47:18,235 | WARNING | NSE corp-actions ABB fetch failed (attempt 1/3): HTTPSConnectionPool(host='www.nseindia.com', port=443): Read timed out. (read timeout=15) — retrying in 5s …
2026-07-18 12:47:38,716 | WARNING | NSE corp-actions ADANIENSOL fetch failed (attempt 1/3): HTTPSConnectionPool(host='www.nseindia.com', port=443): Read timed out. (read timeout=15) — retrying in 5s …
2026-07-18 12:47:59,046 | WARNING | NSE corp-actions ADANIENT fetch failed (attempt 1/3): HTTPSConnectionPool(host='www.nseindia.com', port=443): Read timed out. (read timeout=15) — retrying in 5s …
2026-07-18 12:48:19,483 | WARNING | NSE corp-actions ADANIGREEN fetch failed (attempt 1/3): HTTPSConnectionPool(host='www.nseindia.com', port=443): Read timed out. (read timeout=15) — retrying in 5s …
2026-07-18 12:48:40,007 | WARNING | NSE corp-actions ADANIPORTS fetch failed (attempt 1/3): HTTPSConnectionPool(host='www.nseindia.com', port=443): Read timed out. (read timeout=15) — retrying in 5s …
2026-07-18 12:49:00,487 | WARNING | NSE corp-actions ADANIPOWER fetch failed (attempt 1/3): HTTPSConnectionPool(host='www.nseindia.com', port=443): Read timed out. (read timeout=15) — retrying in 5s …
2026-07-18 12:49:20,879 | WARNING | NSE corp-actions AMBUJACEM fetch failed (attempt 1/3): HTTPSConnectionPool(host='www.nseindia.com', port=443): Read timed out. (read timeout=15) — retrying in 5s …
2026-07-18 12:49:41,337 | WARNING | NSE corp-actions APOLLOHOSP fetch failed (attempt 1/3): HTTPSConnectionPool(host='www.nseindia.com', port=443): Read timed out. (read timeout=15) — retrying in 5s …
2026-07-18 12:50:01,751 | WARNING | NSE corp-actions ASIANPAINT fetch failed (attempt 1/3): HTTPSConnectionPool(host='www.nseindia.com', port=443): Read timed out. (read timeout=15) — retrying in 5s …
2026-07-18 12:50:22,273 | WARNING | NSE corp-actions AXISBANK fetch failed (attempt 1/3): HTTPSConnectionPool(host='www.nseindia.com', port=443): Read timed out. (read timeout=15) — retrying in 5s …
2026-07-18 12:50:42,904 | WARNING | NSE corp-actions BAJAJ-AUTO fetch failed (attempt 1/3): HTTPSConnectionPool(host='www.nseindia.com', port=443): Read timed out. (read timeout=15) — retrying in 5s …
2026-07-18 12:51:03,285 | WARNING | NSE corp-actions BAJAJFINSV fetch failed (attempt 1/3): HTTPSConnectionPool(host='www.nseindia.com', port=443): Read timed out. (read timeout=15) — retrying in 5s …
2026-07-18 12:51:23,728 | WARNING | NSE corp-actions BAJAJHLDNG fetch failed (attempt 1/3): HTTPSConnectionPool(host='www.nseindia.com', port=443): Read timed out. (read timeout=15) — retrying in 5s …
2026-07-18 12:51:44,231 | WARNING | NSE corp-actions BAJFINANCE fetch failed (attempt 1/3): HTTPSConnectionPool(host='www.nseindia.com', port=443): Read timed out. (read timeout=15) — retrying in 5s …
2026-07-18 12:52:05,081 | WARNING | NSE corp-actions BANKBARODA fetch failed (attempt 1/3): HTTPSConnectionPool(host='www.nseindia.com', port=443): Read timed out. (read timeout=15) — retrying in 5s …
2026-07-18 12:52:25,171 | WARNING | NSE corp-actions BANKBARODA fetch failed (attempt 2/3): HTTPSConnectionPool(host='www.nseindia.com', port=443): Read timed out. (read timeout=15) — retrying in 5s …
2026-07-18 12:52:45,555 | WARNING | NSE corp-actions BEL fetch failed (attempt 1/3): HTTPSConnectionPool(host='www.nseindia.com', port=443): Read timed out. (read timeout=15) — retrying in 5s …
2026-07-18 12:53:05,975 | WARNING | NSE corp-actions BHARTIARTL fetch failed (attempt 1/3): HTTPSConnectionPool(host='www.nseindia.com', port=443): Read timed out. (read timeout=15) — retrying in 5s …
2026-07-18 12:53:26,335 | WARNING | NSE corp-actions BPCL fetch failed (attempt 1/3): HTTPSConnectionPool(host='www.nseindia.com', port=443): Read timed out. (read timeout=15) — retrying in 5s …
2026-07-18 12:53:46,775 | WARNING | NSE corp-actions CANBK fetch failed (attempt 1/3): HTTPSConnectionPool(host='www.nseindia.com', port=443): Read timed out. (read timeout=15) — retrying in 5s …
2026-07-18 12:54:07,195 | WARNING | NSE corp-actions CGPOWER fetch failed (attempt 1/3): HTTPSConnectionPool(host='www.nseindia.com', port=443): Read timed out. (read timeout=15) — retrying in 5s …
2026-07-18 12:54:27,687 | WARNING | NSE corp-actions CIPLA fetch failed (attempt 1/3): HTTPSConnectionPool(host='www.nseindia.com', port=443): Read timed out. (read timeout=15) — retrying in 5s …
2026-07-18 12:54:48,138 | WARNING | NSE corp-actions COALINDIA fetch failed (attempt 1/3): HTTPSConnectionPool(host='www.nseindia.com', port=443): Read timed out. (read timeout=15) — retrying in 5s …
2026-07-18 12:55:08,215 | WARNING | NSE corp-actions COALINDIA fetch failed (attempt 2/3): HTTPSConnectionPool(host='www.nseindia.com', port=443): Read timed out. (read timeout=15) — retrying in 5s …
2026-07-18 12:55:28,703 | WARNING | NSE corp-actions CUMMINSIND fetch failed (attempt 1/3): HTTPSConnectionPool(host='www.nseindia.com', port=443): Read timed out. (read timeout=15) — retrying in 5s …
2026-07-18 12:55:48,821 | WARNING | NSE corp-actions CUMMINSIND fetch failed (attempt 2/3): HTTPSConnectionPool(host='www.nseindia.com', port=443): Read timed out. (read timeout=15) — retrying in 5s …
2026-07-18 12:56:08,897 | ERROR | NSE corp-actions CUMMINSIND fetch failed after 3 attempts: HTTPSConnectionPool(host='www.nseindia.com', port=443): Read timed out. (read timeout=15)
2026-07-18 12:56:23,970 | WARNING | NSE corp-actions DMART fetch failed (attempt 1/3): HTTPSConnectionPool(host='www.nseindia.com', port=443): Read timed out. (read timeout=15) — retrying in 5s …
2026-07-18 12:56:44,066 | WARNING | NSE corp-actions DMART fetch failed (attempt 2/3): HTTPSConnectionPool(host='www.nseindia.com', port=443): Read timed out. (read timeout=15) — retrying in 5s …
2026-07-18 12:57:04,223 | ERROR | NSE corp-actions DMART fetch failed after 3 attempts: HTTPSConnectionPool(host='www.nseindia.com', port=443): Read timed out. (read timeout=15)
2026-07-18 12:57:19,285 | WARNING | NSE corp-actions DRREDDY fetch failed (attempt 1/3): HTTPSConnectionPool(host='www.nseindia.com', port=443): Read timed out. (read timeout=15) — retrying in 5s …
2026-07-18 12:57:39,402 | WARNING | NSE corp-actions DRREDDY fetch failed (attempt 2/3): HTTPSConnectionPool(host='www.nseindia.com', port=443): Read timed out. (read timeout=15) — retrying in 5s …
2026-07-18 12:57:59,999 | WARNING | NSE corp-actions EICHERMOT fetch failed (attempt 1/3): HTTPSConnectionPool(host='www.nseindia.com', port=443): Read timed out. (read timeout=15) — retrying in 5s …
2026-07-18 12:58:20,356 | WARNING | NSE corp-actions ENRIN fetch failed (attempt 1/3): HTTPSConnectionPool(host='www.nseindia.com', port=443): Read timed out. (read timeout=15) — retrying in 5s …
2026-07-18 12:58:40,455 | WARNING | NSE corp-actions ENRIN fetch failed (attempt 2/3): HTTPSConnectionPool(host='www.nseindia.com', port=443): Read timed out. (read timeout=15) — retrying in 5s …
2026-07-18 12:59:00,573 | ERROR | NSE corp-actions ENRIN fetch failed after 3 attempts: HTTPSConnectionPool(host='www.nseindia.com', port=443): Read timed out. (read timeout=15)
2026-07-18 12:59:15,697 | WARNING | NSE corp-actions ETERNAL fetch failed (attempt 1/3): HTTPSConnectionPool(host='www.nseindia.com', port=443): Read timed out. (read timeout=15) — retrying in 5s …
2026-07-18 12:59:35,806 | WARNING | NSE corp-actions ETERNAL fetch failed (attempt 2/3): HTTPSConnectionPool(host='www.nseindia.com', port=443): Read timed out. (read timeout=15) — retrying in 5s …
2026-07-18 12:59:56,226 | WARNING | NSE corp-actions GAIL fetch failed (attempt 1/3): HTTPSConnectionPool(host='www.nseindia.com', port=443): Read timed out. (read timeout=15) — retrying in 5s …
2026-07-18 13:00:16,702 | WARNING | NSE corp-actions GODREJCP fetch failed (attempt 1/3): HTTPSConnectionPool(host='www.nseindia.com', port=443): Read timed out. (read timeout=15) — retrying in 5s …
2026-07-18 13:00:37,159 | WARNING | NSE corp-actions HAL fetch failed (attempt 1/3): HTTPSConnectionPool(host='www.nseindia.com', port=443): Read timed out. (read timeout=15) — retrying in 5s …
2026-07-18 13:00:57,536 | WARNING | NSE corp-actions HCLTECH fetch failed (attempt 1/3): HTTPSConnectionPool(host='www.nseindia.com', port=443): Read timed out. (read timeout=15) — retrying in 5s …
2026-07-18 13:01:18,041 | WARNING | NSE corp-actions HDFCAMC fetch failed (attempt 1/3): HTTPSConnectionPool(host='www.nseindia.com', port=443): Read timed out. (read timeout=15) — retrying in 5s …
2026-07-18 13:01:38,412 | WARNING | NSE corp-actions HDFCBANK fetch failed (attempt 1/3): HTTPSConnectionPool(host='www.nseindia.com', port=443): Read timed out. (read timeout=15) — retrying in 5s …
2026-07-18 13:01:58,755 | WARNING | NSE corp-actions HDFCLIFE fetch failed (attempt 1/3): HTTPSConnectionPool(host='www.nseindia.com', port=443): Read timed out. (read timeout=15) — retrying in 5s …
2026-07-18 13:02:19,223 | WARNING | NSE corp-actions HINDALCO fetch failed (attempt 1/3): HTTPSConnectionPool(host='www.nseindia.com', port=443): Read timed out. (read timeout=15) — retrying in 5s …
2026-07-18 13:02:39,639 | WARNING | NSE corp-actions HINDUNILVR fetch failed (attempt 1/3): HTTPSConnectionPool(host='www.nseindia.com', port=443): Read timed out. (read timeout=15) — retrying in 5s …
2026-07-18 13:03:00,187 | WARNING | NSE corp-actions HINDZINC fetch failed (attempt 1/3): HTTPSConnectionPool(host='www.nseindia.com', port=443): Read timed out. (read timeout=15) — retrying in 5s …
2026-07-18 13:03:20,647 | WARNING | NSE corp-actions HYUNDAI fetch failed (attempt 1/3): HTTPSConnectionPool(host='www.nseindia.com', port=443): Read timed out. (read timeout=15) — retrying in 5s …
2026-07-18 13:03:41,087 | WARNING | NSE corp-actions ICICIBANK fetch failed (attempt 1/3): HTTPSConnectionPool(host='www.nseindia.com', port=443): Read timed out. (read timeout=15) — retrying in 5s …
2026-07-18 13:04:01,572 | WARNING | NSE corp-actions INDHOTEL fetch failed (attempt 1/3): HTTPSConnectionPool(host='www.nseindia.com', port=443): Read timed out. (read timeout=15) — retrying in 5s …
2026-07-18 13:04:22,023 | WARNING | NSE corp-actions INDIGO fetch failed (attempt 1/3): HTTPSConnectionPool(host='www.nseindia.com', port=443): Read timed out. (read timeout=15) — retrying in 5s …
2026-07-18 13:04:42,559 | WARNING | NSE corp-actions INFY fetch failed (attempt 1/3): HTTPSConnectionPool(host='www.nseindia.com', port=443): Read timed out. (read timeout=15) — retrying in 5s …
2026-07-18 13:05:03,010 | WARNING | NSE corp-actions IOC fetch failed (attempt 1/3): HTTPSConnectionPool(host='www.nseindia.com', port=443): Read timed out. (read timeout=15) — retrying in 5s …
2026-07-18 13:05:23,544 | WARNING | NSE corp-actions IRFC fetch failed (attempt 1/3): HTTPSConnectionPool(host='www.nseindia.com', port=443): Read timed out. (read timeout=15) — retrying in 5s …
2026-07-18 13:05:44,546 | WARNING | NSE corp-actions ITC fetch failed (attempt 1/3): HTTPSConnectionPool(host='www.nseindia.com', port=443): Read timed out. (read timeout=15) — retrying in 5s …
2026-07-18 13:06:04,871 | WARNING | NSE corp-actions JINDALSTEL fetch failed (attempt 1/3): HTTPSConnectionPool(host='www.nseindia.com', port=443): Read timed out. (read timeout=15) — retrying in 5s …
2026-07-18 13:06:24,983 | WARNING | NSE corp-actions JINDALSTEL fetch failed (attempt 2/3): HTTPSConnectionPool(host='www.nseindia.com', port=443): Read timed out. (read timeout=15) — retrying in 5s …
2026-07-18 13:06:45,495 | WARNING | NSE corp-actions JIOFIN fetch failed (attempt 1/3): HTTPSConnectionPool(host='www.nseindia.com', port=443): Read timed out. (read timeout=15) — retrying in 5s …
2026-07-18 13:07:05,989 | WARNING | NSE corp-actions JSWSTEEL fetch failed (attempt 1/3): HTTPSConnectionPool(host='www.nseindia.com', port=443): Read timed out. (read timeout=15) — retrying in 5s …
2026-07-18 13:07:26,415 | WARNING | NSE corp-actions KOTAKBANK fetch failed (attempt 1/3): HTTPSConnectionPool(host='www.nseindia.com', port=443): Read timed out. (read timeout=15) — retrying in 5s …
2026-07-18 13:07:46,858 | WARNING | NSE corp-actions LODHA fetch failed (attempt 1/3): HTTPSConnectionPool(host='www.nseindia.com', port=443): Read timed out. (read timeout=15) — retrying in 5s …
2026-07-18 13:08:07,270 | WARNING | NSE corp-actions LT fetch failed (attempt 1/3): HTTPSConnectionPool(host='www.nseindia.com', port=443): Read timed out. (read timeout=15) — retrying in 5s …
2026-07-18 13:08:27,702 | WARNING | NSE corp-actions LTM fetch failed (attempt 1/3): HTTPSConnectionPool(host='www.nseindia.com', port=443): Read timed out. (read timeout=15) — retrying in 5s …
2026-07-18 13:08:48,338 | WARNING | NSE corp-actions M&M fetch failed (attempt 1/3): HTTPSConnectionPool(host='www.nseindia.com', port=443): Read timed out. (read timeout=15) — retrying in 5s …
2026-07-18 13:09:08,828 | WARNING | NSE corp-actions MAXHEALTH fetch failed (attempt 1/3): HTTPSConnectionPool(host='www.nseindia.com', port=443): Read timed out. (read timeout=15) — retrying in 5s …
2026-07-18 13:09:29,607 | WARNING | NSE corp-actions MAZDOCK fetch failed (attempt 1/3): HTTPSConnectionPool(host='www.nseindia.com', port=443): Read timed out. (read timeout=15) — retrying in 5s …
2026-07-18 13:09:50,156 | WARNING | NSE corp-actions MOTHERSON fetch failed (attempt 1/3): HTTPSConnectionPool(host='www.nseindia.com', port=443): Read timed out. (read timeout=15) — retrying in 5s …
2026-07-18 13:10:10,605 | WARNING | NSE corp-actions MUTHOOTFIN fetch failed (attempt 1/3): HTTPSConnectionPool(host='www.nseindia.com', port=443): Read timed out. (read timeout=15) — retrying in 5s …
2026-07-18 13:10:31,119 | WARNING | NSE corp-actions NESTLEIND fetch failed (attempt 1/3): HTTPSConnectionPool(host='www.nseindia.com', port=443): Read timed out. (read timeout=15) — retrying in 5s …
2026-07-18 13:10:51,651 | WARNING | NSE corp-actions NTPC fetch failed (attempt 1/3): HTTPSConnectionPool(host='www.nseindia.com', port=443): Read timed out. (read timeout=15) — retrying in 5s …
2026-07-18 13:11:12,171 | WARNING | NSE corp-actions ONGC fetch failed (attempt 1/3): HTTPSConnectionPool(host='www.nseindia.com', port=443): Read timed out. (read timeout=15) — retrying in 5s …
2026-07-18 13:11:32,276 | WARNING | NSE corp-actions ONGC fetch failed (attempt 2/3): HTTPSConnectionPool(host='www.nseindia.com', port=443): Read timed out. (read timeout=15) — retrying in 5s …
2026-07-18 13:11:53,083 | WARNING | NSE corp-actions PNB fetch failed (attempt 1/3): HTTPSConnectionPool(host='www.nseindia.com', port=443): Read timed out. (read timeout=15) — retrying in 5s …
2026-07-18 13:12:13,571 | WARNING | NSE corp-actions POWERGRID fetch failed (attempt 1/3): HTTPSConnectionPool(host='www.nseindia.com', port=443): Read timed out. (read timeout=15) — retrying in 5s …
2026-07-18 13:12:34,053 | WARNING | NSE corp-actions RECLTD fetch failed (attempt 1/3): HTTPSConnectionPool(host='www.nseindia.com', port=443): Read timed out. (read timeout=15) — retrying in 5s …
2026-07-18 13:12:54,534 | WARNING | NSE corp-actions RELIANCE fetch failed (attempt 1/3): HTTPSConnectionPool(host='www.nseindia.com', port=443): Read timed out. (read timeout=15) — retrying in 5s …
2026-07-18 13:13:14,953 | WARNING | NSE corp-actions SBILIFE fetch failed (attempt 1/3): HTTPSConnectionPool(host='www.nseindia.com', port=443): Read timed out. (read timeout=15) — retrying in 5s …
2026-07-18 13:13:35,035 | WARNING | NSE corp-actions SBILIFE fetch failed (attempt 2/3): HTTPSConnectionPool(host='www.nseindia.com', port=443): Read timed out. (read timeout=15) — retrying in 5s …
2026-07-18 13:13:55,517 | WARNING | NSE corp-actions SBIN fetch failed (attempt 1/3): HTTPSConnectionPool(host='www.nseindia.com', port=443): Read timed out. (read timeout=15) — retrying in 5s …
2026-07-18 13:14:15,997 | WARNING | NSE corp-actions SHREECEM fetch failed (attempt 1/3): HTTPSConnectionPool(host='www.nseindia.com', port=443): Read timed out. (read timeout=15) — retrying in 5s …
2026-07-18 13:14:36,497 | WARNING | NSE corp-actions SHRIRAMFIN fetch failed (attempt 1/3): HTTPSConnectionPool(host='www.nseindia.com', port=443): Read timed out. (read timeout=15) — retrying in 5s …
2026-07-18 13:14:57,084 | WARNING | NSE corp-actions SIEMENS fetch failed (attempt 1/3): HTTPSConnectionPool(host='www.nseindia.com', port=443): Read timed out. (read timeout=15) — retrying in 5s …
2026-07-18 13:15:17,591 | WARNING | NSE corp-actions SUNPHARMA fetch failed (attempt 1/3): HTTPSConnectionPool(host='www.nseindia.com', port=443): Read timed out. (read timeout=15) — retrying in 5s …
2026-07-18 13:15:38,231 | WARNING | NSE corp-actions TATACONSUM fetch failed (attempt 1/3): HTTPSConnectionPool(host='www.nseindia.com', port=443): Read timed out. (read timeout=15) — retrying in 5s …
2026-07-18 13:15:58,675 | WARNING | NSE corp-actions TATAPOWER fetch failed (attempt 1/3): HTTPSConnectionPool(host='www.nseindia.com', port=443): Read timed out. (read timeout=15) — retrying in 5s …
2026-07-18 13:16:19,188 | WARNING | NSE corp-actions TATASTEEL fetch failed (attempt 1/3): HTTPSConnectionPool(host='www.nseindia.com', port=443): Read timed out. (read timeout=15) — retrying in 5s …
2026-07-18 13:16:39,303 | WARNING | NSE corp-actions TATASTEEL fetch failed (attempt 2/3): HTTPSConnectionPool(host='www.nseindia.com', port=443): Read timed out. (read timeout=15) — retrying in 5s …
2026-07-18 13:16:59,710 | WARNING | NSE corp-actions TCS fetch failed (attempt 1/3): HTTPSConnectionPool(host='www.nseindia.com', port=443): Read timed out. (read timeout=15) — retrying in 5s …
2026-07-18 13:17:20,294 | WARNING | NSE corp-actions TECHM fetch failed (attempt 1/3): HTTPSConnectionPool(host='www.nseindia.com', port=443): Read timed out. (read timeout=15) — retrying in 5s …
2026-07-18 13:17:40,661 | WARNING | NSE corp-actions TITAN fetch failed (attempt 1/3): HTTPSConnectionPool(host='www.nseindia.com', port=443): Read timed out. (read timeout=15) — retrying in 5s …
2026-07-18 13:18:01,079 | WARNING | NSE corp-actions TMCV fetch failed (attempt 1/3): HTTPSConnectionPool(host='www.nseindia.com', port=443): Read timed out. (read timeout=15) — retrying in 5s …
2026-07-18 13:18:21,534 | WARNING | NSE corp-actions TMPV fetch failed (attempt 1/3): HTTPSConnectionPool(host='www.nseindia.com', port=443): Read timed out. (read timeout=15) — retrying in 5s …
2026-07-18 13:18:42,072 | WARNING | NSE corp-actions TORNTPHARM fetch failed (attempt 1/3): HTTPSConnectionPool(host='www.nseindia.com', port=443): Read timed out. (read timeout=15) — retrying in 5s …
2026-07-18 13:19:02,488 | WARNING | NSE corp-actions TRENT fetch failed (attempt 1/3): HTTPSConnectionPool(host='www.nseindia.com', port=443): Read timed out. (read timeout=15) — retrying in 5s …
2026-07-18 13:19:23,079 | WARNING | NSE corp-actions TVSMOTOR fetch failed (attempt 1/3): HTTPSConnectionPool(host='www.nseindia.com', port=443): Read timed out. (read timeout=15) — retrying in 5s …
2026-07-18 13:19:43,523 | WARNING | NSE corp-actions ULTRACEMCO fetch failed (attempt 1/3): HTTPSConnectionPool(host='www.nseindia.com', port=443): Read timed out. (read timeout=15) — retrying in 5s …
2026-07-18 13:20:03,902 | WARNING | NSE corp-actions UNIONBANK fetch failed (attempt 1/3): HTTPSConnectionPool(host='www.nseindia.com', port=443): Read timed out. (read timeout=15) — retrying in 5s …
2026-07-18 13:20:24,308 | WARNING | NSE corp-actions UNITDSPR fetch failed (attempt 1/3): HTTPSConnectionPool(host='www.nseindia.com', port=443): Read timed out. (read timeout=15) — retrying in 5s …
2026-07-18 13:20:44,738 | WARNING | NSE corp-actions VBL fetch failed (attempt 1/3): HTTPSConnectionPool(host='www.nseindia.com', port=443): Read timed out. (read timeout=15) — retrying in 5s …
2026-07-18 13:21:05,212 | WARNING | NSE corp-actions VEDL fetch failed (attempt 1/3): HTTPSConnectionPool(host='www.nseindia.com', port=443): Read timed out. (read timeout=15) — retrying in 5s …
2026-07-18 13:21:25,726 | WARNING | NSE corp-actions WIPRO fetch failed (attempt 1/3): HTTPSConnectionPool(host='www.nseindia.com', port=443): Read timed out. (read timeout=15) — retrying in 5s …
2026-07-18 13:21:31,095 | INFO | Corporate actions: 12/100 symbols have events (window 18-07-2026 to 17-08-2026) | Symbols: BOSCHLTD, BRITANNIA, CHOLAFIN, DIVISLAB, DLF, GRASIM, MARUTI, PFC, PIDILITIND, SOLARINDS, TATACAP, ZYDUSLIFE
2026-07-18 13:21:31,096 | INFO | Index membership from cache: NIFTY 50 (50 symbols)
2026-07-18 13:21:31,096 | INFO | Index membership from cache: Nifty Next 50 (50 symbols)
2026-07-18 13:21:31,096 | INFO | Index membership ready: 100 symbols mapped
2026-07-18 13:21:31,440 | INFO | News RSS query for ABB: https://news.google.com/rss/search?q=%22ABB+India+Ltd.%22+NSE+when:10d&hl=en-IN&gl=IN&ceid=IN:en
2026-07-18 13:21:31,782 | INFO | News RSS status for ABB: 200
2026-07-18 13:21:31,980 | INFO | News RSS query for ADANIENSOL: https://news.google.com/rss/search?q=%22Adani+Energy+Solutions+Ltd.%22+NSE+when:10d&hl=en-IN&gl=IN&ceid=IN:en
2026-07-18 13:21:32,219 | INFO | News RSS status for ADANIENSOL: 200
2026-07-18 13:21:32,552 | INFO | News RSS query for ADANIENT: https://news.google.com/rss/search?q=%22Adani+Enterprises+Ltd.%22+NSE+when:10d&hl=en-IN&gl=IN&ceid=IN:en
2026-07-18 13:21:32,750 | INFO | News RSS status for ADANIENT: 200
2026-07-18 13:21:33,087 | INFO | News RSS query for ADANIGREEN: https://news.google.com/rss/search?q=%22Adani+Green+Energy+Ltd.%22+NSE+when:10d&hl=en-IN&gl=IN&ceid=IN:en
2026-07-18 13:21:33,293 | INFO | News RSS status for ADANIGREEN: 200
2026-07-18 13:21:33,341 | INFO | News RSS query for ADANIGREEN: https://news.google.com/rss/search?q=%22Adani+Green+Energy+Ltd.%22+NSE+when:10d&hl=en-IN&gl=IN&ceid=IN:en
2026-07-18 13:21:33,371 | INFO | News RSS status for ADANIGREEN: 200
2026-07-18 13:21:33,706 | INFO | News RSS query for ADANIPORTS: https://news.google.com/rss/search?q=%22Adani+Ports+and+Special+Economic+Zone+Ltd.%22+NSE+when:10d&hl=en-IN&gl=IN&ceid=IN:en
2026-07-18 13:21:33,939 | INFO | News RSS status for ADANIPORTS: 200
2026-07-18 13:21:34,851 | INFO | News RSS query for APOLLOHOSP: https://news.google.com/rss/search?q=%22Apollo+Hospitals+Enterprise+Ltd.%22+NSE+when:10d&hl=en-IN&gl=IN&ceid=IN:en
2026-07-18 13:21:35,108 | INFO | News RSS status for APOLLOHOSP: 200
2026-07-18 13:21:36,013 | INFO | News RSS query for BAJAJ-AUTO: https://news.google.com/rss/search?q=%22Bajaj+Auto+Ltd.%22+NSE+when:10d&hl=en-IN&gl=IN&ceid=IN:en
2026-07-18 13:21:36,264 | INFO | News RSS status for BAJAJ-AUTO: 200
2026-07-18 13:21:37,184 | INFO | News RSS query for BAJFINANCE: https://news.google.com/rss/search?q=%22Bajaj+Finance+Ltd.%22+NSE+when:10d&hl=en-IN&gl=IN&ceid=IN:en
2026-07-18 13:21:37,413 | INFO | News RSS status for BAJFINANCE: 200
2026-07-18 13:21:38,618 | INFO | News RSS query for BOSCHLTD: https://news.google.com/rss/search?q=%22Bosch+Ltd.%22+NSE+when:10d&hl=en-IN&gl=IN&ceid=IN:en
2026-07-18 13:21:38,838 | INFO | News RSS status for BOSCHLTD: 200
2026-07-18 13:21:38,886 | INFO | News RSS query for BOSCHLTD: https://news.google.com/rss/search?q=%22Bosch+Ltd.%22+NSE+when:10d&hl=en-IN&gl=IN&ceid=IN:en
2026-07-18 13:21:38,916 | INFO | News RSS status for BOSCHLTD: 200
2026-07-18 13:21:40,404 | INFO | News RSS query for CHOLAFIN: https://news.google.com/rss/search?q=%22Cholamandalam+Investment+and+Finance+Company+Ltd.%22+NSE+when:10d&hl=en-IN&gl=IN&ceid=IN:en
2026-07-18 13:21:40,598 | INFO | News RSS status for CHOLAFIN: 200
2026-07-18 13:21:40,934 | INFO | News RSS query for CIPLA: https://news.google.com/rss/search?q=%22Cipla+Ltd.%22+NSE+when:10d&hl=en-IN&gl=IN&ceid=IN:en
2026-07-18 13:21:41,134 | INFO | News RSS status for CIPLA: 200
2026-07-18 13:21:41,180 | INFO | News RSS query for CIPLA: https://news.google.com/rss/search?q=%22Cipla+Ltd.%22+NSE+when:10d&hl=en-IN&gl=IN&ceid=IN:en
2026-07-18 13:21:41,211 | INFO | News RSS status for CIPLA: 200
2026-07-18 13:21:42,107 | INFO | News RSS query for DIVISLAB: https://news.google.com/rss/search?q=%22Divi%27s+Laboratories+Ltd.%22+NSE+when:10d&hl=en-IN&gl=IN&ceid=IN:en
2026-07-18 13:21:42,311 | INFO | News RSS status for DIVISLAB: 200
2026-07-18 13:21:43,563 | INFO | News RSS query for EICHERMOT: https://news.google.com/rss/search?q=%22Eicher+Motors+Ltd.%22+NSE+when:10d&hl=en-IN&gl=IN&ceid=IN:en
2026-07-18 13:21:43,767 | INFO | News RSS status for EICHERMOT: 200
2026-07-18 13:21:44,410 | INFO | News RSS query for GAIL: https://news.google.com/rss/search?q=%22GAIL+%28India%29+Ltd.%22+NSE+when:10d&hl=en-IN&gl=IN&ceid=IN:en
2026-07-18 13:21:44,652 | INFO | News RSS status for GAIL: 200
2026-07-18 13:21:44,699 | INFO | News RSS query for GAIL: https://news.google.com/rss/search?q=%22GAIL+%28India%29+Ltd.%22+NSE+when:10d&hl=en-IN&gl=IN&ceid=IN:en
2026-07-18 13:21:44,729 | INFO | News RSS status for GAIL: 200
2026-07-18 13:21:45,671 | INFO | News RSS query for HAL: https://news.google.com/rss/search?q=%22Hindustan+Aeronautics+Ltd.%22+NSE+when:10d&hl=en-IN&gl=IN&ceid=IN:en
2026-07-18 13:21:45,897 | INFO | News RSS status for HAL: 200
2026-07-18 13:21:46,557 | INFO | News RSS query for HDFCAMC: https://news.google.com/rss/search?q=%22HDFC+Asset+Management+Company+Ltd.%22+NSE+when:10d&hl=en-IN&gl=IN&ceid=IN:en
2026-07-18 13:21:46,748 | INFO | News RSS status for HDFCAMC: 200
2026-07-18 13:21:48,622 | INFO | News RSS query for ICICIBANK: https://news.google.com/rss/search?q=%22ICICI+Bank+Ltd.%22+NSE+when:10d&hl=en-IN&gl=IN&ceid=IN:en
2026-07-18 13:21:48,902 | INFO | News RSS status for ICICIBANK: 200
2026-07-18 13:21:49,240 | INFO | News RSS query for INDHOTEL: https://news.google.com/rss/search?q=%22Indian+Hotels+Co.+Ltd.%22+NSE+when:10d&hl=en-IN&gl=IN&ceid=IN:en
2026-07-18 13:21:49,441 | INFO | News RSS status for INDHOTEL: 200
2026-07-18 13:21:49,443 | INFO | News RSS query for INDHOTEL: https://news.google.com/rss/search?q=%22Indian+Hotels+Co.+Ltd.%22+stock+when:10d&hl=en-IN&gl=IN&ceid=IN:en
2026-07-18 13:21:49,627 | INFO | News RSS status for INDHOTEL: 200
2026-07-18 13:21:49,962 | INFO | News RSS query for INDIGO: https://news.google.com/rss/search?q=%22InterGlobe+Aviation+Ltd.%22+NSE+when:10d&hl=en-IN&gl=IN&ceid=IN:en
2026-07-18 13:21:50,204 | INFO | News RSS status for INDIGO: 200
2026-07-18 13:21:50,205 | INFO | News RSS query for INDIGO: https://news.google.com/rss/search?q=%22InterGlobe+Aviation+Ltd.%22+stock+when:10d&hl=en-IN&gl=IN&ceid=IN:en
2026-07-18 13:21:50,397 | INFO | News RSS status for INDIGO: 200
2026-07-18 13:21:52,004 | INFO | News RSS query for JIOFIN: https://news.google.com/rss/search?q=%22Jio+Financial+Services+Ltd.%22+NSE+when:10d&hl=en-IN&gl=IN&ceid=IN:en
2026-07-18 13:21:52,239 | INFO | News RSS status for JIOFIN: 200
2026-07-18 13:21:53,372 | WARNING | Skipping LTM — only 101 bars available (need 220). Extend history_backfill_days in config.json to include this symbol.
2026-07-18 13:21:54,279 | INFO | News RSS query for MAXHEALTH: https://news.google.com/rss/search?q=%22Max+Healthcare+Institute+Ltd.%22+NSE+when:10d&hl=en-IN&gl=IN&ceid=IN:en
2026-07-18 13:21:54,516 | INFO | News RSS status for MAXHEALTH: 200
2026-07-18 13:21:55,710 | INFO | News RSS query for NESTLEIND: https://news.google.com/rss/search?q=%22Nestle+India+Ltd.%22+NSE+when:10d&hl=en-IN&gl=IN&ceid=IN:en
2026-07-18 13:21:55,946 | INFO | News RSS status for NESTLEIND: 200
2026-07-18 13:21:57,184 | INFO | News RSS query for PIDILITIND: https://news.google.com/rss/search?q=%22Pidilite+Industries+Ltd.%22+NSE+when:10d&hl=en-IN&gl=IN&ceid=IN:en
2026-07-18 13:21:57,402 | INFO | News RSS status for PIDILITIND: 200
2026-07-18 13:21:57,403 | INFO | News RSS query for PIDILITIND: https://news.google.com/rss/search?q=%22Pidilite+Industries+Ltd.%22+stock+when:10d&hl=en-IN&gl=IN&ceid=IN:en
2026-07-18 13:21:57,627 | INFO | News RSS status for PIDILITIND: 200
2026-07-18 13:21:57,675 | INFO | News RSS query for PIDILITIND: https://news.google.com/rss/search?q=%22Pidilite+Industries+Ltd.%22+NSE+when:10d&hl=en-IN&gl=IN&ceid=IN:en
2026-07-18 13:21:57,704 | INFO | News RSS status for PIDILITIND: 200
2026-07-18 13:21:57,705 | INFO | News RSS query for PIDILITIND: https://news.google.com/rss/search?q=%22Pidilite+Industries+Ltd.%22+stock+when:10d&hl=en-IN&gl=IN&ceid=IN:en
2026-07-18 13:21:57,735 | INFO | News RSS status for PIDILITIND: 200
2026-07-18 13:21:59,538 | INFO | News RSS query for SBIN: https://news.google.com/rss/search?q=%22State+Bank+of+India%22+NSE+when:10d&hl=en-IN&gl=IN&ceid=IN:en
2026-07-18 13:21:59,901 | INFO | News RSS status for SBIN: 200
2026-07-18 13:22:00,514 | INFO | News RSS query for SHRIRAMFIN: https://news.google.com/rss/search?q=%22Shriram+Finance+Ltd.%22+NSE+when:10d&hl=en-IN&gl=IN&ceid=IN:en
2026-07-18 13:22:00,755 | INFO | News RSS status for SHRIRAMFIN: 200
2026-07-18 13:22:01,375 | INFO | News RSS query for SOLARINDS: https://news.google.com/rss/search?q=%22Solar+Industries+India+Ltd.%22+NSE+when:10d&hl=en-IN&gl=IN&ceid=IN:en
2026-07-18 13:22:01,606 | INFO | News RSS status for SOLARINDS: 200
2026-07-18 13:22:01,940 | INFO | News RSS query for SUNPHARMA: https://news.google.com/rss/search?q=%22Sun+Pharmaceutical+Industries+Ltd.%22+NSE+when:10d&hl=en-IN&gl=IN&ceid=IN:en
2026-07-18 13:22:02,130 | INFO | News RSS status for SUNPHARMA: 200
2026-07-18 13:22:02,134 | WARNING | Skipping TATACAP — only 189 bars available (need 220). Extend history_backfill_days in config.json to include this symbol.
2026-07-18 13:22:03,897 | INFO | News RSS query for TITAN: https://news.google.com/rss/search?q=%22Titan+Company+Ltd.%22+NSE+when:10d&hl=en-IN&gl=IN&ceid=IN:en
2026-07-18 13:22:04,123 | INFO | News RSS status for TITAN: 200
2026-07-18 13:22:04,127 | WARNING | Skipping TMCV — only 169 bars available (need 220). Extend history_backfill_days in config.json to include this symbol.
2026-07-18 13:22:04,127 | WARNING | Skipping TMPV — only 186 bars available (need 220). Extend history_backfill_days in config.json to include this symbol.
2026-07-18 13:22:04,459 | INFO | News RSS query for TORNTPHARM: https://news.google.com/rss/search?q=%22Torrent+Pharmaceuticals+Ltd.%22+NSE+when:10d&hl=en-IN&gl=IN&ceid=IN:en
2026-07-18 13:22:04,698 | INFO | News RSS status for TORNTPHARM: 200
2026-07-18 13:22:05,319 | INFO | News RSS query for TVSMOTOR: https://news.google.com/rss/search?q=%22TVS+Motor+Company+Ltd.%22+NSE+when:10d&hl=en-IN&gl=IN&ceid=IN:en
2026-07-18 13:22:05,516 | INFO | News RSS status for TVSMOTOR: 200
2026-07-18 13:22:06,208 | WARNING | Skipping VAML — only 6 bars available (need 220). Extend history_backfill_days in config.json to include this symbol.
2026-07-18 13:22:06,786 | WARNING | Skipping VEDPOWER — only 4 bars available (need 220). Extend history_backfill_days in config.json to include this symbol.
2026-07-18 13:22:06,787 | WARNING | Skipping VISL — only 4 bars available (need 220). Extend history_backfill_days in config.json to include this symbol.
2026-07-18 13:22:06,787 | WARNING | Skipping VOGL — only 7 bars available (need 220). Extend history_backfill_days in config.json to include this symbol.
2026-07-18 13:22:07,406 | INFO | News RSS query for ZYDUSLIFE: https://news.google.com/rss/search?q=%22Zydus+Lifesciences+Ltd.%22+NSE+when:10d&hl=en-IN&gl=IN&ceid=IN:en
2026-07-18 13:22:07,629 | INFO | News RSS status for ZYDUSLIFE: 200
2026-07-18 13:22:07,637 | INFO | Index membership from cache: NIFTY 50 (50 symbols)
2026-07-18 13:22:07,637 | INFO | Index membership from cache: Nifty Next 50 (50 symbols)
2026-07-18 13:22:07,637 | INFO | Index membership ready: 100 symbols mapped
2026-07-18 13:22:07,637 | INFO | Market Health: fetching index OHLCV...
2026-07-18 13:22:08,959 | WARNING | niftyindices failed NIFTY 50 2026-07-15-2026-07-18: Expecting value: line 1 column 2 (char 1)
2026-07-18 13:22:09,241 | INFO | Index OHLCV via yfinance (^NSEI) for NIFTY 50: 1424 rows
2026-07-18 13:22:10,058 | WARNING | niftyindices failed NIFTY NEXT 50 2026-07-15-2026-07-18: Expecting value: line 1 column 2 (char 1)
2026-07-18 13:22:10,283 | INFO | Index OHLCV via yfinance (JUNIORBEES.NS) for NIFTY NEXT 50: 1424 rows
2026-07-18 13:22:10,284 | INFO | Market Health: fetching VIX...
2026-07-18 13:22:11,057 | WARNING | niftyindices VIX failed 2026-07-15-2026-07-18: Expecting value: line 1 column 2 (char 1)
2026-07-18 13:22:11,173 | INFO | VIX via yfinance (^INDIAVIX): 122 rows
2026-07-18 13:22:11,174 | INFO | Market Health: updating breadth EMA cache...
2026-07-18 13:22:11,979 | INFO | Market Health [NIFTY 50]: Score=16.0 | Sideways &#x1F7E0;
2026-07-18 13:22:11,991 | INFO | Market Health [Nifty Next 50]: Score=-22.0 | Weak Bear &#x1F534;
2026-07-18 13:22:12,017 | INFO | Signal log: skipping new signal insertion — 2026-07-18 is a weekend.
2026-07-18 13:22:12,802 | INFO | Signal tracker: updated 176 Active signal rows.
2026-07-18 13:22:12,814 | INFO | HTML report written: /home/runner/work/nifty100-reporter/nifty100-reporter/reports/nifty100_daily_report_20260718.html
2026-07-18 13:22:12,819 | INFO | Market Health Excel sheet written.
2026-07-18 13:22:13,430 | INFO | Excel report written: /home/runner/work/nifty100-reporter/nifty100-reporter/reports/nifty100_daily_report_20260718.xlsx
2026-07-18 13:22:13,430 | INFO | GitHub Actions detected — skipping Gmail API send (workflow handles email).
2026-07-18 13:22:13,430 | INFO | Run completed successfully.
2026-07-18 13:22:13,430 | INFO | Artifacts: /home/runner/work/nifty100-reporter/nifty100-reporter/reports/nifty100_daily_report_20260718.html | /home/runner/work/nifty100-reporter/nifty100-reporter/reports/nifty100_daily_report_20260718.xlsx | log: /home/runner/work/nifty100-reporter/nifty100-reporter/logs/run_20260718_181607.log
