2026-08-14 12:45:45,699 | INFO | Nifty 100 Daily EMA Cross Reporter | Version 3.3.8 | Released 2026-04-17
2026-08-14 12:45:45,700 | INFO | Base directory: /home/runner/work/nifty100-reporter/nifty100-reporter
2026-08-14 12:45:45,700 | INFO | Loaded config. Email enabled: True | Recipients: 1
2026-08-14 12:45:45,803 | WARNING | NSE session bootstrap HTTP 403 (attempt 1/5) — refreshing NSE session cookie …
2026-08-14 12:45:56,377 | INFO | NSE session bootstrap status: 200
2026-08-14 12:45:56,378 | INFO | Downloading Nifty 100 universe from https://www.niftyindices.com/IndexConstituent/ind_nifty100list.csv
2026-08-14 12:45:56,753 | INFO | Universe download status: 200
2026-08-14 12:45:56,757 | INFO | Universe rows loaded: 100
2026-08-14 12:45:56,875 | INFO | Loaded history rows: 133654
2026-08-14 12:45:56,883 | INFO | yfinance history update: 100 symbols | 2026-08-12 → 2026-08-15
2026-08-14 12:45:56,884 | INFO | yfinance batch download: 100 symbols | 2026-08-12 → 2026-08-15
2026-08-14 12:45:56,886 | INFO | Failed to create TzCache, reason: Error creating TzCache folder: '/home/runner/.cache/py-yfinance' reason: [Errno 17] File exists: '/home/runner/.cache/py-yfinance'. TzCache will not be used. Tip: You can direct cache to use a different location with 'set_tz_cache_location(mylocation)'
2026-08-14 12:46:01,745 | INFO | yfinance raw shape: (3, 500)
2026-08-14 12:46:02,075 | INFO | yfinance parsed rows after date-filter: 300
2026-08-14 12:46:02,077 | INFO | New rows from yfinance: 300
2026-08-14 12:46:02,883 | INFO | Saved history rows: 133754 | file: /home/runner/work/nifty100-reporter/nifty100-reporter/data/nifty100_ohlcv_history.csv
2026-08-14 12:46:02,991 | INFO | Loaded history rows: 133754
2026-08-14 12:46:02,992 | INFO | Latest OHLCV data is from 2026-08-14
2026-08-14 12:46:03,017 | INFO | Latest Delivery data is from 2026-08-13
2026-08-14 12:46:03,062 | INFO | Delivery cache has 33 dates — skipping backfill.
2026-08-14 12:46:03,062 | INFO | Delivery fetch attempt [0/7] — URL: https://archives.nseindia.com/products/content/sec_bhavdata_full_14082026.csv
2026-08-14 12:46:03,702 | INFO | Delivery fetch SUCCESS — date: 2026-08-14 | size: 374122 bytes | URL: https://archives.nseindia.com/products/content/sec_bhavdata_full_14082026.csv
2026-08-14 12:46:04,060 | INFO | Delivery cache updated: 2463 symbols for 2026-08-14 (rows in cache: 79307)
2026-08-14 12:46:04,061 | INFO | Delivery data: 2463 symbols | fallback=False
2026-08-14 12:46:04,650 | INFO | Corporate actions bulk OK: 85 raw rows | 4 Nifty100 symbols with events
2026-08-14 12:46:36,538 | INFO | Corporate actions: 4/100 symbols have events (window 14-08-2026 to 13-09-2026) | Symbols: APOLLOHOSP, HAL, IOC, RECLTD
2026-08-14 12:46:36,539 | INFO | Index membership from cache: NIFTY 50 (50 symbols)
2026-08-14 12:46:36,539 | INFO | Index membership from cache: Nifty Next 50 (50 symbols)
2026-08-14 12:46:36,539 | INFO | Index membership ready: 100 symbols mapped
2026-08-14 12:46:37,016 | INFO | News RSS query for ABB: https://news.google.com/rss/search?q=%22ABB+India+Ltd.%22+NSE+when:10d&hl=en-IN&gl=IN&ceid=IN:en
2026-08-14 12:46:43,222 | INFO | News RSS status for ABB: 503
2026-08-14 12:46:43,222 | INFO | News RSS query for ABB: https://news.google.com/rss/search?q=%22ABB+India+Ltd.%22+stock+when:10d&hl=en-IN&gl=IN&ceid=IN:en
2026-08-14 12:46:48,500 | INFO | News RSS status for ABB: 503
2026-08-14 12:46:48,500 | INFO | News RSS query for ABB: https://news.google.com/rss/search?q=ABB+NSE+when:10d&hl=en-IN&gl=IN&ceid=IN:en
2026-08-14 12:46:55,312 | INFO | News RSS status for ABB: 503
2026-08-14 12:46:55,313 | INFO | News RSS query for ABB: https://news.google.com/rss/search?q=site%3Aeconomictimes.indiatimes.com+%22ABB+India+Ltd.%22+when:10d&hl=en-IN&gl=IN&ceid=IN:en
2026-08-14 12:47:01,577 | INFO | News RSS status for ABB: 503
2026-08-14 12:47:01,577 | INFO | News RSS query for ABB: https://news.google.com/rss/search?q=site%3Amoneycontrol.com+%22ABB+India+Ltd.%22+when:10d&hl=en-IN&gl=IN&ceid=IN:en
2026-08-14 12:47:11,029 | INFO | News RSS status for ABB: 503
2026-08-14 12:47:11,029 | INFO | News RSS query for ABB: https://news.google.com/rss/search?q=site%3Abusinessstandard.com+%22ABB+India+Ltd.%22+when:10d&hl=en-IN&gl=IN&ceid=IN:en
2026-08-14 12:47:20,993 | INFO | News RSS status for ABB: 503
2026-08-14 12:47:23,999 | INFO | News RSS query for ASIANPAINT: https://news.google.com/rss/search?q=%22Asian+Paints+Ltd.%22+NSE+when:10d&hl=en-IN&gl=IN&ceid=IN:en
2026-08-14 12:47:31,230 | INFO | News RSS status for ASIANPAINT: 503
2026-08-14 12:47:31,230 | INFO | News RSS query for ASIANPAINT: https://news.google.com/rss/search?q=%22Asian+Paints+Ltd.%22+stock+when:10d&hl=en-IN&gl=IN&ceid=IN:en
2026-08-14 12:47:37,762 | INFO | News RSS status for ASIANPAINT: 503
2026-08-14 12:47:37,762 | INFO | News RSS query for ASIANPAINT: https://news.google.com/rss/search?q=ASIANPAINT+NSE+when:10d&hl=en-IN&gl=IN&ceid=IN:en
2026-08-14 12:47:46,748 | INFO | News RSS status for ASIANPAINT: 503
2026-08-14 12:47:46,748 | INFO | News RSS query for ASIANPAINT: https://news.google.com/rss/search?q=site%3Aeconomictimes.indiatimes.com+%22Asian+Paints+Ltd.%22+when:10d&hl=en-IN&gl=IN&ceid=IN:en
2026-08-14 12:47:53,490 | INFO | News RSS status for ASIANPAINT: 503
2026-08-14 12:47:53,490 | INFO | News RSS query for ASIANPAINT: https://news.google.com/rss/search?q=site%3Amoneycontrol.com+%22Asian+Paints+Ltd.%22+when:10d&hl=en-IN&gl=IN&ceid=IN:en
2026-08-14 12:47:59,444 | INFO | News RSS status for ASIANPAINT: 503
2026-08-14 12:47:59,444 | INFO | News RSS query for ASIANPAINT: https://news.google.com/rss/search?q=site%3Abusinessstandard.com+%22Asian+Paints+Ltd.%22+when:10d&hl=en-IN&gl=IN&ceid=IN:en
2026-08-14 12:48:09,249 | INFO | News RSS status for ASIANPAINT: 503
2026-08-14 12:48:10,084 | INFO | News RSS query for BAJAJ-AUTO: https://news.google.com/rss/search?q=%22Bajaj+Auto+Ltd.%22+NSE+when:10d&hl=en-IN&gl=IN&ceid=IN:en
2026-08-14 12:48:19,319 | INFO | News RSS status for BAJAJ-AUTO: 503
2026-08-14 12:48:19,319 | INFO | News RSS query for BAJAJ-AUTO: https://news.google.com/rss/search?q=%22Bajaj+Auto+Ltd.%22+stock+when:10d&hl=en-IN&gl=IN&ceid=IN:en
2026-08-14 12:48:28,404 | INFO | News RSS status for BAJAJ-AUTO: 503
2026-08-14 12:48:28,404 | INFO | News RSS query for BAJAJ-AUTO: https://news.google.com/rss/search?q=BAJAJ-AUTO+NSE+when:10d&hl=en-IN&gl=IN&ceid=IN:en
2026-08-14 12:48:37,238 | INFO | News RSS status for BAJAJ-AUTO: 503
2026-08-14 12:48:37,238 | INFO | News RSS query for BAJAJ-AUTO: https://news.google.com/rss/search?q=site%3Aeconomictimes.indiatimes.com+%22Bajaj+Auto+Ltd.%22+when:10d&hl=en-IN&gl=IN&ceid=IN:en
2026-08-14 12:48:43,067 | INFO | News RSS status for BAJAJ-AUTO: 503
2026-08-14 12:48:43,067 | INFO | News RSS query for BAJAJ-AUTO: https://news.google.com/rss/search?q=site%3Amoneycontrol.com+%22Bajaj+Auto+Ltd.%22+when:10d&hl=en-IN&gl=IN&ceid=IN:en
2026-08-14 12:48:51,894 | INFO | News RSS status for BAJAJ-AUTO: 503
2026-08-14 12:48:51,894 | INFO | News RSS query for BAJAJ-AUTO: https://news.google.com/rss/search?q=site%3Abusinessstandard.com+%22Bajaj+Auto+Ltd.%22+when:10d&hl=en-IN&gl=IN&ceid=IN:en
2026-08-14 12:48:59,000 | INFO | News RSS status for BAJAJ-AUTO: 503
2026-08-14 12:48:59,454 | INFO | News RSS query for BAJAJFINSV: https://news.google.com/rss/search?q=%22Bajaj+Finserv+Ltd.%22+NSE+when:10d&hl=en-IN&gl=IN&ceid=IN:en
2026-08-14 12:49:06,313 | INFO | News RSS status for BAJAJFINSV: 503
2026-08-14 12:49:06,313 | INFO | News RSS query for BAJAJFINSV: https://news.google.com/rss/search?q=%22Bajaj+Finserv+Ltd.%22+stock+when:10d&hl=en-IN&gl=IN&ceid=IN:en
2026-08-14 12:49:14,772 | INFO | News RSS status for BAJAJFINSV: 503
2026-08-14 12:49:14,772 | INFO | News RSS query for BAJAJFINSV: https://news.google.com/rss/search?q=BAJAJFINSV+NSE+when:10d&hl=en-IN&gl=IN&ceid=IN:en
2026-08-14 12:49:21,662 | INFO | News RSS status for BAJAJFINSV: 503
2026-08-14 12:49:21,662 | INFO | News RSS query for BAJAJFINSV: https://news.google.com/rss/search?q=site%3Aeconomictimes.indiatimes.com+%22Bajaj+Finserv+Ltd.%22+when:10d&hl=en-IN&gl=IN&ceid=IN:en
2026-08-14 12:49:28,406 | INFO | News RSS status for BAJAJFINSV: 503
2026-08-14 12:49:28,406 | INFO | News RSS query for BAJAJFINSV: https://news.google.com/rss/search?q=site%3Amoneycontrol.com+%22Bajaj+Finserv+Ltd.%22+when:10d&hl=en-IN&gl=IN&ceid=IN:en
2026-08-14 12:49:35,914 | INFO | News RSS status for BAJAJFINSV: 503
2026-08-14 12:49:35,914 | INFO | News RSS query for BAJAJFINSV: https://news.google.com/rss/search?q=site%3Abusinessstandard.com+%22Bajaj+Finserv+Ltd.%22+when:10d&hl=en-IN&gl=IN&ceid=IN:en
2026-08-14 12:49:45,148 | INFO | News RSS status for BAJAJFINSV: 503
2026-08-14 12:49:45,985 | INFO | News RSS query for BAJFINANCE: https://news.google.com/rss/search?q=%22Bajaj+Finance+Ltd.%22+NSE+when:10d&hl=en-IN&gl=IN&ceid=IN:en
2026-08-14 12:49:52,907 | INFO | News RSS status for BAJFINANCE: 503
2026-08-14 12:49:52,907 | INFO | News RSS query for BAJFINANCE: https://news.google.com/rss/search?q=%22Bajaj+Finance+Ltd.%22+stock+when:10d&hl=en-IN&gl=IN&ceid=IN:en
2026-08-14 12:49:58,633 | INFO | News RSS status for BAJFINANCE: 503
2026-08-14 12:49:58,633 | INFO | News RSS query for BAJFINANCE: https://news.google.com/rss/search?q=BAJFINANCE+NSE+when:10d&hl=en-IN&gl=IN&ceid=IN:en
2026-08-14 12:50:05,725 | INFO | News RSS status for BAJFINANCE: 503
2026-08-14 12:50:05,725 | INFO | News RSS query for BAJFINANCE: https://news.google.com/rss/search?q=site%3Aeconomictimes.indiatimes.com+%22Bajaj+Finance+Ltd.%22+when:10d&hl=en-IN&gl=IN&ceid=IN:en
2026-08-14 12:50:11,177 | INFO | News RSS status for BAJFINANCE: 503
2026-08-14 12:50:11,177 | INFO | News RSS query for BAJFINANCE: https://news.google.com/rss/search?q=site%3Amoneycontrol.com+%22Bajaj+Finance+Ltd.%22+when:10d&hl=en-IN&gl=IN&ceid=IN:en
2026-08-14 12:50:17,883 | INFO | News RSS status for BAJFINANCE: 503
2026-08-14 12:50:17,883 | INFO | News RSS query for BAJFINANCE: https://news.google.com/rss/search?q=site%3Abusinessstandard.com+%22Bajaj+Finance+Ltd.%22+when:10d&hl=en-IN&gl=IN&ceid=IN:en
2026-08-14 12:50:26,256 | INFO | News RSS status for BAJFINANCE: 503
2026-08-14 12:50:27,486 | INFO | News RSS query for BHARTIARTL: https://news.google.com/rss/search?q=%22Bharti+Airtel+Ltd.%22+NSE+when:10d&hl=en-IN&gl=IN&ceid=IN:en
2026-08-14 12:50:36,543 | INFO | News RSS status for BHARTIARTL: 503
2026-08-14 12:50:36,544 | INFO | News RSS query for BHARTIARTL: https://news.google.com/rss/search?q=%22Bharti+Airtel+Ltd.%22+stock+when:10d&hl=en-IN&gl=IN&ceid=IN:en
2026-08-14 12:50:44,834 | INFO | News RSS status for BHARTIARTL: 503
2026-08-14 12:50:44,834 | INFO | News RSS query for BHARTIARTL: https://news.google.com/rss/search?q=BHARTIARTL+NSE+when:10d&hl=en-IN&gl=IN&ceid=IN:en
2026-08-14 12:50:52,931 | INFO | News RSS status for BHARTIARTL: 503
2026-08-14 12:50:52,931 | INFO | News RSS query for BHARTIARTL: https://news.google.com/rss/search?q=site%3Aeconomictimes.indiatimes.com+%22Bharti+Airtel+Ltd.%22+when:10d&hl=en-IN&gl=IN&ceid=IN:en
2026-08-14 12:50:59,125 | INFO | News RSS status for BHARTIARTL: 503
2026-08-14 12:50:59,125 | INFO | News RSS query for BHARTIARTL: https://news.google.com/rss/search?q=site%3Amoneycontrol.com+%22Bharti+Airtel+Ltd.%22+when:10d&hl=en-IN&gl=IN&ceid=IN:en
2026-08-14 12:51:07,711 | INFO | News RSS status for BHARTIARTL: 503
2026-08-14 12:51:07,711 | INFO | News RSS query for BHARTIARTL: https://news.google.com/rss/search?q=site%3Abusinessstandard.com+%22Bharti+Airtel+Ltd.%22+when:10d&hl=en-IN&gl=IN&ceid=IN:en
2026-08-14 12:51:14,322 | INFO | News RSS status for BHARTIARTL: 503
2026-08-14 12:51:14,766 | INFO | News RSS query for BOSCHLTD: https://news.google.com/rss/search?q=%22Bosch+Ltd.%22+NSE+when:10d&hl=en-IN&gl=IN&ceid=IN:en
2026-08-14 12:51:23,449 | INFO | News RSS status for BOSCHLTD: 503
2026-08-14 12:51:23,449 | INFO | News RSS query for BOSCHLTD: https://news.google.com/rss/search?q=%22Bosch+Ltd.%22+stock+when:10d&hl=en-IN&gl=IN&ceid=IN:en
2026-08-14 12:51:32,632 | INFO | News RSS status for BOSCHLTD: 503
2026-08-14 12:51:32,632 | INFO | News RSS query for BOSCHLTD: https://news.google.com/rss/search?q=BOSCHLTD+NSE+when:10d&hl=en-IN&gl=IN&ceid=IN:en
2026-08-14 12:51:40,283 | INFO | News RSS status for BOSCHLTD: 503
2026-08-14 12:51:40,283 | INFO | News RSS query for BOSCHLTD: https://news.google.com/rss/search?q=site%3Aeconomictimes.indiatimes.com+%22Bosch+Ltd.%22+when:10d&hl=en-IN&gl=IN&ceid=IN:en
2026-08-14 12:51:49,433 | INFO | News RSS status for BOSCHLTD: 503
2026-08-14 12:51:49,433 | INFO | News RSS query for BOSCHLTD: https://news.google.com/rss/search?q=site%3Amoneycontrol.com+%22Bosch+Ltd.%22+when:10d&hl=en-IN&gl=IN&ceid=IN:en
2026-08-14 12:51:56,614 | INFO | News RSS status for BOSCHLTD: 503
2026-08-14 12:51:56,614 | INFO | News RSS query for BOSCHLTD: https://news.google.com/rss/search?q=site%3Abusinessstandard.com+%22Bosch+Ltd.%22+when:10d&hl=en-IN&gl=IN&ceid=IN:en
2026-08-14 12:52:06,449 | INFO | News RSS status for BOSCHLTD: 503
2026-08-14 12:52:08,481 | INFO | News RSS query for CHOLAFIN: https://news.google.com/rss/search?q=%22Cholamandalam+Investment+and+Finance+Company+Ltd.%22+NSE+when:10d&hl=en-IN&gl=IN&ceid=IN:en
2026-08-14 12:52:16,168 | INFO | News RSS status for CHOLAFIN: 503
2026-08-14 12:52:16,168 | INFO | News RSS query for CHOLAFIN: https://news.google.com/rss/search?q=%22Cholamandalam+Investment+and+Finance+Company+Ltd.%22+stock+when:10d&hl=en-IN&gl=IN&ceid=IN:en
2026-08-14 12:52:25,183 | INFO | News RSS status for CHOLAFIN: 503
2026-08-14 12:52:25,183 | INFO | News RSS query for CHOLAFIN: https://news.google.com/rss/search?q=CHOLAFIN+NSE+when:10d&hl=en-IN&gl=IN&ceid=IN:en
2026-08-14 12:52:34,228 | INFO | News RSS status for CHOLAFIN: 503
2026-08-14 12:52:34,228 | INFO | News RSS query for CHOLAFIN: https://news.google.com/rss/search?q=site%3Aeconomictimes.indiatimes.com+%22Cholamandalam+Investment+and+Finance+Company+Ltd.%22+when:10d&hl=en-IN&gl=IN&ceid=IN:en
2026-08-14 12:52:43,706 | INFO | News RSS status for CHOLAFIN: 503
2026-08-14 12:52:43,706 | INFO | News RSS query for CHOLAFIN: https://news.google.com/rss/search?q=site%3Amoneycontrol.com+%22Cholamandalam+Investment+and+Finance+Company+Ltd.%22+when:10d&hl=en-IN&gl=IN&ceid=IN:en
2026-08-14 12:52:52,972 | INFO | News RSS status for CHOLAFIN: 503
2026-08-14 12:52:52,972 | INFO | News RSS query for CHOLAFIN: https://news.google.com/rss/search?q=site%3Abusinessstandard.com+%22Cholamandalam+Investment+and+Finance+Company+Ltd.%22+when:10d&hl=en-IN&gl=IN&ceid=IN:en
2026-08-14 12:52:59,701 | INFO | News RSS status for CHOLAFIN: 503
2026-08-14 12:53:00,147 | INFO | News RSS query for CIPLA: https://news.google.com/rss/search?q=%22Cipla+Ltd.%22+NSE+when:10d&hl=en-IN&gl=IN&ceid=IN:en
2026-08-14 12:53:09,689 | INFO | News RSS status for CIPLA: 503
2026-08-14 12:53:09,689 | INFO | News RSS query for CIPLA: https://news.google.com/rss/search?q=%22Cipla+Ltd.%22+stock+when:10d&hl=en-IN&gl=IN&ceid=IN:en
2026-08-14 12:53:17,766 | INFO | News RSS status for CIPLA: 503
2026-08-14 12:53:17,766 | INFO | News RSS query for CIPLA: https://news.google.com/rss/search?q=CIPLA+NSE+when:10d&hl=en-IN&gl=IN&ceid=IN:en
2026-08-14 12:53:23,591 | INFO | News RSS status for CIPLA: 503
2026-08-14 12:53:23,591 | INFO | News RSS query for CIPLA: https://news.google.com/rss/search?q=site%3Aeconomictimes.indiatimes.com+%22Cipla+Ltd.%22+when:10d&hl=en-IN&gl=IN&ceid=IN:en
2026-08-14 12:53:31,975 | INFO | News RSS status for CIPLA: 503
2026-08-14 12:53:31,975 | INFO | News RSS query for CIPLA: https://news.google.com/rss/search?q=site%3Amoneycontrol.com+%22Cipla+Ltd.%22+when:10d&hl=en-IN&gl=IN&ceid=IN:en
2026-08-14 12:53:40,813 | INFO | News RSS status for CIPLA: 503
2026-08-14 12:53:40,813 | INFO | News RSS query for CIPLA: https://news.google.com/rss/search?q=site%3Abusinessstandard.com+%22Cipla+Ltd.%22+when:10d&hl=en-IN&gl=IN&ceid=IN:en
2026-08-14 12:53:47,932 | INFO | News RSS status for CIPLA: 503
2026-08-14 12:53:47,992 | INFO | News RSS query for CIPLA: https://news.google.com/rss/search?q=%22Cipla+Ltd.%22+NSE+when:10d&hl=en-IN&gl=IN&ceid=IN:en
2026-08-14 12:53:56,243 | INFO | News RSS status for CIPLA: 503
2026-08-14 12:53:56,243 | INFO | News RSS query for CIPLA: https://news.google.com/rss/search?q=%22Cipla+Ltd.%22+stock+when:10d&hl=en-IN&gl=IN&ceid=IN:en
2026-08-14 12:54:01,635 | INFO | News RSS status for CIPLA: 503
2026-08-14 12:54:01,635 | INFO | News RSS query for CIPLA: https://news.google.com/rss/search?q=CIPLA+NSE+when:10d&hl=en-IN&gl=IN&ceid=IN:en
2026-08-14 12:54:07,818 | INFO | News RSS status for CIPLA: 503
2026-08-14 12:54:07,818 | INFO | News RSS query for CIPLA: https://news.google.com/rss/search?q=site%3Aeconomictimes.indiatimes.com+%22Cipla+Ltd.%22+when:10d&hl=en-IN&gl=IN&ceid=IN:en
2026-08-14 12:54:13,708 | INFO | News RSS status for CIPLA: 503
2026-08-14 12:54:13,708 | INFO | News RSS query for CIPLA: https://news.google.com/rss/search?q=site%3Amoneycontrol.com+%22Cipla+Ltd.%22+when:10d&hl=en-IN&gl=IN&ceid=IN:en
2026-08-14 12:54:21,182 | INFO | News RSS status for CIPLA: 503
2026-08-14 12:54:21,183 | INFO | News RSS query for CIPLA: https://news.google.com/rss/search?q=site%3Abusinessstandard.com+%22Cipla+Ltd.%22+when:10d&hl=en-IN&gl=IN&ceid=IN:en
2026-08-14 12:54:28,797 | INFO | News RSS status for CIPLA: 503
2026-08-14 12:54:30,007 | INFO | News RSS query for DIVISLAB: https://news.google.com/rss/search?q=%22Divi%27s+Laboratories+Ltd.%22+NSE+when:10d&hl=en-IN&gl=IN&ceid=IN:en
2026-08-14 12:54:39,304 | INFO | News RSS status for DIVISLAB: 503
2026-08-14 12:54:39,304 | INFO | News RSS query for DIVISLAB: https://news.google.com/rss/search?q=%22Divi%27s+Laboratories+Ltd.%22+stock+when:10d&hl=en-IN&gl=IN&ceid=IN:en
2026-08-14 12:54:46,822 | INFO | News RSS status for DIVISLAB: 503
2026-08-14 12:54:46,822 | INFO | News RSS query for DIVISLAB: https://news.google.com/rss/search?q=DIVISLAB+NSE+when:10d&hl=en-IN&gl=IN&ceid=IN:en
2026-08-14 12:54:53,306 | INFO | News RSS status for DIVISLAB: 503
2026-08-14 12:54:53,306 | INFO | News RSS query for DIVISLAB: https://news.google.com/rss/search?q=site%3Aeconomictimes.indiatimes.com+%22Divi%27s+Laboratories+Ltd.%22+when:10d&hl=en-IN&gl=IN&ceid=IN:en
2026-08-14 12:54:58,707 | INFO | News RSS status for DIVISLAB: 503
2026-08-14 12:54:58,707 | INFO | News RSS query for DIVISLAB: https://news.google.com/rss/search?q=site%3Amoneycontrol.com+%22Divi%27s+Laboratories+Ltd.%22+when:10d&hl=en-IN&gl=IN&ceid=IN:en
2026-08-14 12:55:08,638 | INFO | News RSS status for DIVISLAB: 503
2026-08-14 12:55:08,638 | INFO | News RSS query for DIVISLAB: https://news.google.com/rss/search?q=site%3Abusinessstandard.com+%22Divi%27s+Laboratories+Ltd.%22+when:10d&hl=en-IN&gl=IN&ceid=IN:en
2026-08-14 12:55:16,105 | INFO | News RSS status for DIVISLAB: 503
2026-08-14 12:55:17,709 | INFO | News RSS query for EICHERMOT: https://news.google.com/rss/search?q=%22Eicher+Motors+Ltd.%22+NSE+when:10d&hl=en-IN&gl=IN&ceid=IN:en
2026-08-14 12:55:27,098 | INFO | News RSS status for EICHERMOT: 503
2026-08-14 12:55:27,099 | INFO | News RSS query for EICHERMOT: https://news.google.com/rss/search?q=%22Eicher+Motors+Ltd.%22+stock+when:10d&hl=en-IN&gl=IN&ceid=IN:en
2026-08-14 12:55:32,370 | INFO | News RSS status for EICHERMOT: 503
2026-08-14 12:55:32,370 | INFO | News RSS query for EICHERMOT: https://news.google.com/rss/search?q=EICHERMOT+NSE+when:10d&hl=en-IN&gl=IN&ceid=IN:en
2026-08-14 12:55:38,329 | INFO | News RSS status for EICHERMOT: 503
2026-08-14 12:55:38,330 | INFO | News RSS query for EICHERMOT: https://news.google.com/rss/search?q=site%3Aeconomictimes.indiatimes.com+%22Eicher+Motors+Ltd.%22+when:10d&hl=en-IN&gl=IN&ceid=IN:en
2026-08-14 12:55:45,453 | INFO | News RSS status for EICHERMOT: 503
2026-08-14 12:55:45,453 | INFO | News RSS query for EICHERMOT: https://news.google.com/rss/search?q=site%3Amoneycontrol.com+%22Eicher+Motors+Ltd.%22+when:10d&hl=en-IN&gl=IN&ceid=IN:en
2026-08-14 12:55:53,582 | INFO | News RSS status for EICHERMOT: 503
2026-08-14 12:55:53,582 | INFO | News RSS query for EICHERMOT: https://news.google.com/rss/search?q=site%3Abusinessstandard.com+%22Eicher+Motors+Ltd.%22+when:10d&hl=en-IN&gl=IN&ceid=IN:en
2026-08-14 12:56:01,953 | INFO | News RSS status for EICHERMOT: 503
2026-08-14 12:56:02,097 | INFO | News RSS query for ENRIN: https://news.google.com/rss/search?q=%22Siemens+Energy+India+Ltd.%22+NSE+when:10d&hl=en-IN&gl=IN&ceid=IN:en
2026-08-14 12:56:10,053 | INFO | News RSS status for ENRIN: 503
2026-08-14 12:56:10,054 | INFO | News RSS query for ENRIN: https://news.google.com/rss/search?q=%22Siemens+Energy+India+Ltd.%22+stock+when:10d&hl=en-IN&gl=IN&ceid=IN:en
2026-08-14 12:56:15,444 | INFO | News RSS status for ENRIN: 503
2026-08-14 12:56:15,444 | INFO | News RSS query for ENRIN: https://news.google.com/rss/search?q=ENRIN+NSE+when:10d&hl=en-IN&gl=IN&ceid=IN:en
2026-08-14 12:56:21,260 | INFO | News RSS status for ENRIN: 503
2026-08-14 12:56:21,260 | INFO | News RSS query for ENRIN: https://news.google.com/rss/search?q=site%3Aeconomictimes.indiatimes.com+%22Siemens+Energy+India+Ltd.%22+when:10d&hl=en-IN&gl=IN&ceid=IN:en
2026-08-14 12:56:27,292 | INFO | News RSS status for ENRIN: 503
2026-08-14 12:56:27,292 | INFO | News RSS query for ENRIN: https://news.google.com/rss/search?q=site%3Amoneycontrol.com+%22Siemens+Energy+India+Ltd.%22+when:10d&hl=en-IN&gl=IN&ceid=IN:en
2026-08-14 12:56:37,282 | INFO | News RSS status for ENRIN: 503
2026-08-14 12:56:37,282 | INFO | News RSS query for ENRIN: https://news.google.com/rss/search?q=site%3Abusinessstandard.com+%22Siemens+Energy+India+Ltd.%22+when:10d&hl=en-IN&gl=IN&ceid=IN:en
2026-08-14 12:56:42,686 | INFO | News RSS status for ENRIN: 503
2026-08-14 12:56:43,076 | INFO | News RSS query for ETERNAL: https://news.google.com/rss/search?q=%22Eternal+Ltd.%22+NSE+when:10d&hl=en-IN&gl=IN&ceid=IN:en
2026-08-14 12:56:51,913 | INFO | News RSS status for ETERNAL: 503
2026-08-14 12:56:51,913 | INFO | News RSS query for ETERNAL: https://news.google.com/rss/search?q=%22Eternal+Ltd.%22+stock+when:10d&hl=en-IN&gl=IN&ceid=IN:en
2026-08-14 12:56:59,689 | INFO | News RSS status for ETERNAL: 503
2026-08-14 12:56:59,689 | INFO | News RSS query for ETERNAL: https://news.google.com/rss/search?q=ETERNAL+NSE+when:10d&hl=en-IN&gl=IN&ceid=IN:en
2026-08-14 12:57:09,209 | INFO | News RSS status for ETERNAL: 503
2026-08-14 12:57:09,209 | INFO | News RSS query for ETERNAL: https://news.google.com/rss/search?q=site%3Aeconomictimes.indiatimes.com+%22Eternal+Ltd.%22+when:10d&hl=en-IN&gl=IN&ceid=IN:en
2026-08-14 12:57:16,656 | INFO | News RSS status for ETERNAL: 503
2026-08-14 12:57:16,656 | INFO | News RSS query for ETERNAL: https://news.google.com/rss/search?q=site%3Amoneycontrol.com+%22Eternal+Ltd.%22+when:10d&hl=en-IN&gl=IN&ceid=IN:en
2026-08-14 12:57:25,122 | INFO | News RSS status for ETERNAL: 503
2026-08-14 12:57:25,122 | INFO | News RSS query for ETERNAL: https://news.google.com/rss/search?q=site%3Abusinessstandard.com+%22Eternal+Ltd.%22+when:10d&hl=en-IN&gl=IN&ceid=IN:en
2026-08-14 12:57:32,719 | INFO | News RSS status for ETERNAL: 503
2026-08-14 12:57:33,166 | INFO | News RSS query for GAIL: https://news.google.com/rss/search?q=%22GAIL+%28India%29+Ltd.%22+NSE+when:10d&hl=en-IN&gl=IN&ceid=IN:en
2026-08-14 12:57:42,598 | INFO | News RSS status for GAIL: 503
2026-08-14 12:57:42,598 | INFO | News RSS query for GAIL: https://news.google.com/rss/search?q=%22GAIL+%28India%29+Ltd.%22+stock+when:10d&hl=en-IN&gl=IN&ceid=IN:en
2026-08-14 12:57:49,671 | INFO | News RSS status for GAIL: 503
2026-08-14 12:57:49,671 | INFO | News RSS query for GAIL: https://news.google.com/rss/search?q=GAIL+NSE+when:10d&hl=en-IN&gl=IN&ceid=IN:en
2026-08-14 12:57:55,253 | INFO | News RSS status for GAIL: 503
2026-08-14 12:57:55,253 | INFO | News RSS query for GAIL: https://news.google.com/rss/search?q=site%3Aeconomictimes.indiatimes.com+%22GAIL+%28India%29+Ltd.%22+when:10d&hl=en-IN&gl=IN&ceid=IN:en
2026-08-14 12:58:02,598 | INFO | News RSS status for GAIL: 503
2026-08-14 12:58:02,598 | INFO | News RSS query for GAIL: https://news.google.com/rss/search?q=site%3Amoneycontrol.com+%22GAIL+%28India%29+Ltd.%22+when:10d&hl=en-IN&gl=IN&ceid=IN:en
2026-08-14 12:58:12,115 | INFO | News RSS status for GAIL: 503
2026-08-14 12:58:12,115 | INFO | News RSS query for GAIL: https://news.google.com/rss/search?q=site%3Abusinessstandard.com+%22GAIL+%28India%29+Ltd.%22+when:10d&hl=en-IN&gl=IN&ceid=IN:en
2026-08-14 12:58:20,708 | INFO | News RSS status for GAIL: 503
2026-08-14 12:58:21,536 | INFO | News RSS query for GRASIM: https://news.google.com/rss/search?q=%22Grasim+Industries+Ltd.%22+NSE+when:10d&hl=en-IN&gl=IN&ceid=IN:en
2026-08-14 12:58:27,882 | INFO | News RSS status for GRASIM: 503
2026-08-14 12:58:27,882 | INFO | News RSS query for GRASIM: https://news.google.com/rss/search?q=%22Grasim+Industries+Ltd.%22+stock+when:10d&hl=en-IN&gl=IN&ceid=IN:en
2026-08-14 12:58:34,009 | INFO | News RSS status for GRASIM: 503
2026-08-14 12:58:34,009 | INFO | News RSS query for GRASIM: https://news.google.com/rss/search?q=GRASIM+NSE+when:10d&hl=en-IN&gl=IN&ceid=IN:en
2026-08-14 12:58:39,590 | INFO | News RSS status for GRASIM: 503
2026-08-14 12:58:39,590 | INFO | News RSS query for GRASIM: https://news.google.com/rss/search?q=site%3Aeconomictimes.indiatimes.com+%22Grasim+Industries+Ltd.%22+when:10d&hl=en-IN&gl=IN&ceid=IN:en
2026-08-14 12:58:44,821 | INFO | News RSS status for GRASIM: 503
2026-08-14 12:58:44,821 | INFO | News RSS query for GRASIM: https://news.google.com/rss/search?q=site%3Amoneycontrol.com+%22Grasim+Industries+Ltd.%22+when:10d&hl=en-IN&gl=IN&ceid=IN:en
2026-08-14 12:58:51,990 | INFO | News RSS status for GRASIM: 503
2026-08-14 12:58:51,991 | INFO | News RSS query for GRASIM: https://news.google.com/rss/search?q=site%3Abusinessstandard.com+%22Grasim+Industries+Ltd.%22+when:10d&hl=en-IN&gl=IN&ceid=IN:en
2026-08-14 12:59:00,053 | INFO | News RSS status for GRASIM: 503
2026-08-14 12:59:00,499 | INFO | News RSS query for HAL: https://news.google.com/rss/search?q=%22Hindustan+Aeronautics+Ltd.%22+NSE+when:10d&hl=en-IN&gl=IN&ceid=IN:en
2026-08-14 12:59:06,185 | INFO | News RSS status for HAL: 503
2026-08-14 12:59:06,185 | INFO | News RSS query for HAL: https://news.google.com/rss/search?q=%22Hindustan+Aeronautics+Ltd.%22+stock+when:10d&hl=en-IN&gl=IN&ceid=IN:en
2026-08-14 12:59:11,262 | INFO | News RSS status for HAL: 503
2026-08-14 12:59:11,263 | INFO | News RSS query for HAL: https://news.google.com/rss/search?q=HAL+NSE+when:10d&hl=en-IN&gl=IN&ceid=IN:en
2026-08-14 12:59:17,859 | INFO | News RSS status for HAL: 503
2026-08-14 12:59:17,859 | INFO | News RSS query for HAL: https://news.google.com/rss/search?q=site%3Aeconomictimes.indiatimes.com+%22Hindustan+Aeronautics+Ltd.%22+when:10d&hl=en-IN&gl=IN&ceid=IN:en
2026-08-14 12:59:23,961 | INFO | News RSS status for HAL: 503
2026-08-14 12:59:23,961 | INFO | News RSS query for HAL: https://news.google.com/rss/search?q=site%3Amoneycontrol.com+%22Hindustan+Aeronautics+Ltd.%22+when:10d&hl=en-IN&gl=IN&ceid=IN:en
2026-08-14 12:59:32,218 | INFO | News RSS status for HAL: 503
2026-08-14 12:59:32,219 | INFO | News RSS query for HAL: https://news.google.com/rss/search?q=site%3Abusinessstandard.com+%22Hindustan+Aeronautics+Ltd.%22+when:10d&hl=en-IN&gl=IN&ceid=IN:en
2026-08-14 12:59:40,504 | INFO | News RSS status for HAL: 503
2026-08-14 12:59:42,514 | INFO | News RSS query for HINDALCO: https://news.google.com/rss/search?q=%22Hindalco+Industries+Ltd.%22+NSE+when:10d&hl=en-IN&gl=IN&ceid=IN:en
2026-08-14 12:59:49,430 | INFO | News RSS status for HINDALCO: 503
2026-08-14 12:59:49,430 | INFO | News RSS query for HINDALCO: https://news.google.com/rss/search?q=%22Hindalco+Industries+Ltd.%22+stock+when:10d&hl=en-IN&gl=IN&ceid=IN:en
2026-08-14 12:59:55,612 | INFO | News RSS status for HINDALCO: 503
2026-08-14 12:59:55,612 | INFO | News RSS query for HINDALCO: https://news.google.com/rss/search?q=HINDALCO+NSE+when:10d&hl=en-IN&gl=IN&ceid=IN:en
2026-08-14 13:00:04,463 | INFO | News RSS status for HINDALCO: 503
2026-08-14 13:00:04,463 | INFO | News RSS query for HINDALCO: https://news.google.com/rss/search?q=site%3Aeconomictimes.indiatimes.com+%22Hindalco+Industries+Ltd.%22+when:10d&hl=en-IN&gl=IN&ceid=IN:en
2026-08-14 13:00:10,917 | INFO | News RSS status for HINDALCO: 503
2026-08-14 13:00:10,917 | INFO | News RSS query for HINDALCO: https://news.google.com/rss/search?q=site%3Amoneycontrol.com+%22Hindalco+Industries+Ltd.%22+when:10d&hl=en-IN&gl=IN&ceid=IN:en
2026-08-14 13:00:18,447 | INFO | News RSS status for HINDALCO: 503
2026-08-14 13:00:18,447 | INFO | News RSS query for HINDALCO: https://news.google.com/rss/search?q=site%3Abusinessstandard.com+%22Hindalco+Industries+Ltd.%22+when:10d&hl=en-IN&gl=IN&ceid=IN:en
2026-08-14 13:00:24,280 | INFO | News RSS status for HINDALCO: 503
2026-08-14 13:00:25,114 | INFO | News RSS query for HINDZINC: https://news.google.com/rss/search?q=%22Hindustan+Zinc+Ltd.%22+NSE+when:10d&hl=en-IN&gl=IN&ceid=IN:en
2026-08-14 13:00:30,134 | INFO | News RSS status for HINDZINC: 503
2026-08-14 13:00:30,134 | INFO | News RSS query for HINDZINC: https://news.google.com/rss/search?q=%22Hindustan+Zinc+Ltd.%22+stock+when:10d&hl=en-IN&gl=IN&ceid=IN:en
2026-08-14 13:00:35,712 | INFO | News RSS status for HINDZINC: 503
2026-08-14 13:00:35,712 | INFO | News RSS query for HINDZINC: https://news.google.com/rss/search?q=HINDZINC+NSE+when:10d&hl=en-IN&gl=IN&ceid=IN:en
2026-08-14 13:00:44,726 | INFO | News RSS status for HINDZINC: 503
2026-08-14 13:00:44,726 | INFO | News RSS query for HINDZINC: https://news.google.com/rss/search?q=site%3Aeconomictimes.indiatimes.com+%22Hindustan+Zinc+Ltd.%22+when:10d&hl=en-IN&gl=IN&ceid=IN:en
2026-08-14 13:00:50,812 | INFO | News RSS status for HINDZINC: 503
2026-08-14 13:00:50,812 | INFO | News RSS query for HINDZINC: https://news.google.com/rss/search?q=site%3Amoneycontrol.com+%22Hindustan+Zinc+Ltd.%22+when:10d&hl=en-IN&gl=IN&ceid=IN:en
2026-08-14 13:00:57,337 | INFO | News RSS status for HINDZINC: 503
2026-08-14 13:00:57,337 | INFO | News RSS query for HINDZINC: https://news.google.com/rss/search?q=site%3Abusinessstandard.com+%22Hindustan+Zinc+Ltd.%22+when:10d&hl=en-IN&gl=IN&ceid=IN:en
2026-08-14 13:01:07,100 | INFO | News RSS status for HINDZINC: 503
2026-08-14 13:01:07,288 | INFO | News RSS query for HYUNDAI: https://news.google.com/rss/search?q=%22Hyundai+Motor+India+Ltd.%22+NSE+when:10d&hl=en-IN&gl=IN&ceid=IN:en
2026-08-14 13:01:16,395 | INFO | News RSS status for HYUNDAI: 503
2026-08-14 13:01:16,395 | INFO | News RSS query for HYUNDAI: https://news.google.com/rss/search?q=%22Hyundai+Motor+India+Ltd.%22+stock+when:10d&hl=en-IN&gl=IN&ceid=IN:en
2026-08-14 13:01:26,342 | INFO | News RSS status for HYUNDAI: 503
2026-08-14 13:01:26,342 | INFO | News RSS query for HYUNDAI: https://news.google.com/rss/search?q=HYUNDAI+NSE+when:10d&hl=en-IN&gl=IN&ceid=IN:en
2026-08-14 13:01:35,477 | INFO | News RSS status for HYUNDAI: 503
2026-08-14 13:01:35,477 | INFO | News RSS query for HYUNDAI: https://news.google.com/rss/search?q=site%3Aeconomictimes.indiatimes.com+%22Hyundai+Motor+India+Ltd.%22+when:10d&hl=en-IN&gl=IN&ceid=IN:en
2026-08-14 13:01:44,368 | INFO | News RSS status for HYUNDAI: 503
2026-08-14 13:01:44,368 | INFO | News RSS query for HYUNDAI: https://news.google.com/rss/search?q=site%3Amoneycontrol.com+%22Hyundai+Motor+India+Ltd.%22+when:10d&hl=en-IN&gl=IN&ceid=IN:en
2026-08-14 13:01:52,121 | INFO | News RSS status for HYUNDAI: 503
2026-08-14 13:01:52,121 | INFO | News RSS query for HYUNDAI: https://news.google.com/rss/search?q=site%3Abusinessstandard.com+%22Hyundai+Motor+India+Ltd.%22+when:10d&hl=en-IN&gl=IN&ceid=IN:en
2026-08-14 13:01:59,520 | INFO | News RSS status for HYUNDAI: 503
2026-08-14 13:01:59,579 | INFO | News RSS query for HYUNDAI: https://news.google.com/rss/search?q=%22Hyundai+Motor+India+Ltd.%22+NSE+when:10d&hl=en-IN&gl=IN&ceid=IN:en
2026-08-14 13:02:05,480 | INFO | News RSS status for HYUNDAI: 503
2026-08-14 13:02:05,480 | INFO | News RSS query for HYUNDAI: https://news.google.com/rss/search?q=%22Hyundai+Motor+India+Ltd.%22+stock+when:10d&hl=en-IN&gl=IN&ceid=IN:en
2026-08-14 13:02:14,489 | INFO | News RSS status for HYUNDAI: 503
2026-08-14 13:02:14,489 | INFO | News RSS query for HYUNDAI: https://news.google.com/rss/search?q=HYUNDAI+NSE+when:10d&hl=en-IN&gl=IN&ceid=IN:en
2026-08-14 13:02:23,886 | INFO | News RSS status for HYUNDAI: 503
2026-08-14 13:02:23,886 | INFO | News RSS query for HYUNDAI: https://news.google.com/rss/search?q=site%3Aeconomictimes.indiatimes.com+%22Hyundai+Motor+India+Ltd.%22+when:10d&hl=en-IN&gl=IN&ceid=IN:en
2026-08-14 13:02:32,448 | INFO | News RSS status for HYUNDAI: 503
2026-08-14 13:02:32,448 | INFO | News RSS query for HYUNDAI: https://news.google.com/rss/search?q=site%3Amoneycontrol.com+%22Hyundai+Motor+India+Ltd.%22+when:10d&hl=en-IN&gl=IN&ceid=IN:en
2026-08-14 13:02:38,216 | INFO | News RSS status for HYUNDAI: 503
2026-08-14 13:02:38,216 | INFO | News RSS query for HYUNDAI: https://news.google.com/rss/search?q=site%3Abusinessstandard.com+%22Hyundai+Motor+India+Ltd.%22+when:10d&hl=en-IN&gl=IN&ceid=IN:en
2026-08-14 13:02:43,961 | INFO | News RSS status for HYUNDAI: 503
2026-08-14 13:02:44,405 | INFO | News RSS query for ICICIBANK: https://news.google.com/rss/search?q=%22ICICI+Bank+Ltd.%22+NSE+when:10d&hl=en-IN&gl=IN&ceid=IN:en
2026-08-14 13:02:51,058 | INFO | News RSS status for ICICIBANK: 503
2026-08-14 13:02:51,058 | INFO | News RSS query for ICICIBANK: https://news.google.com/rss/search?q=%22ICICI+Bank+Ltd.%22+stock+when:10d&hl=en-IN&gl=IN&ceid=IN:en
2026-08-14 13:02:59,978 | INFO | News RSS status for ICICIBANK: 503
2026-08-14 13:02:59,978 | INFO | News RSS query for ICICIBANK: https://news.google.com/rss/search?q=ICICIBANK+NSE+when:10d&hl=en-IN&gl=IN&ceid=IN:en
2026-08-14 13:03:06,922 | INFO | News RSS status for ICICIBANK: 503
2026-08-14 13:03:06,922 | INFO | News RSS query for ICICIBANK: https://news.google.com/rss/search?q=site%3Aeconomictimes.indiatimes.com+%22ICICI+Bank+Ltd.%22+when:10d&hl=en-IN&gl=IN&ceid=IN:en
2026-08-14 13:03:12,554 | INFO | News RSS status for ICICIBANK: 503
2026-08-14 13:03:12,554 | INFO | News RSS query for ICICIBANK: https://news.google.com/rss/search?q=site%3Amoneycontrol.com+%22ICICI+Bank+Ltd.%22+when:10d&hl=en-IN&gl=IN&ceid=IN:en
2026-08-14 13:03:20,760 | INFO | News RSS status for ICICIBANK: 503
2026-08-14 13:03:20,761 | INFO | News RSS query for ICICIBANK: https://news.google.com/rss/search?q=site%3Abusinessstandard.com+%22ICICI+Bank+Ltd.%22+when:10d&hl=en-IN&gl=IN&ceid=IN:en
2026-08-14 13:03:30,419 | INFO | News RSS status for ICICIBANK: 503
2026-08-14 13:03:30,479 | INFO | News RSS query for ICICIBANK: https://news.google.com/rss/search?q=%22ICICI+Bank+Ltd.%22+NSE+when:10d&hl=en-IN&gl=IN&ceid=IN:en
2026-08-14 13:03:35,564 | INFO | News RSS status for ICICIBANK: 503
2026-08-14 13:03:35,564 | INFO | News RSS query for ICICIBANK: https://news.google.com/rss/search?q=%22ICICI+Bank+Ltd.%22+stock+when:10d&hl=en-IN&gl=IN&ceid=IN:en
2026-08-14 13:03:41,405 | INFO | News RSS status for ICICIBANK: 503
2026-08-14 13:03:41,406 | INFO | News RSS query for ICICIBANK: https://news.google.com/rss/search?q=ICICIBANK+NSE+when:10d&hl=en-IN&gl=IN&ceid=IN:en
2026-08-14 13:03:46,468 | INFO | News RSS status for ICICIBANK: 503
2026-08-14 13:03:46,468 | INFO | News RSS query for ICICIBANK: https://news.google.com/rss/search?q=site%3Aeconomictimes.indiatimes.com+%22ICICI+Bank+Ltd.%22+when:10d&hl=en-IN&gl=IN&ceid=IN:en
2026-08-14 13:03:54,151 | INFO | News RSS status for ICICIBANK: 503
2026-08-14 13:03:54,152 | INFO | News RSS query for ICICIBANK: https://news.google.com/rss/search?q=site%3Amoneycontrol.com+%22ICICI+Bank+Ltd.%22+when:10d&hl=en-IN&gl=IN&ceid=IN:en
2026-08-14 13:04:03,556 | INFO | News RSS status for ICICIBANK: 503
2026-08-14 13:04:03,556 | INFO | News RSS query for ICICIBANK: https://news.google.com/rss/search?q=site%3Abusinessstandard.com+%22ICICI+Bank+Ltd.%22+when:10d&hl=en-IN&gl=IN&ceid=IN:en
2026-08-14 13:04:12,601 | INFO | News RSS status for ICICIBANK: 503
2026-08-14 13:04:13,441 | INFO | News RSS query for INDIGO: https://news.google.com/rss/search?q=%22InterGlobe+Aviation+Ltd.%22+NSE+when:10d&hl=en-IN&gl=IN&ceid=IN:en
2026-08-14 13:04:19,531 | INFO | News RSS status for INDIGO: 503
2026-08-14 13:04:19,531 | INFO | News RSS query for INDIGO: https://news.google.com/rss/search?q=%22InterGlobe+Aviation+Ltd.%22+stock+when:10d&hl=en-IN&gl=IN&ceid=IN:en
2026-08-14 13:04:26,394 | INFO | News RSS status for INDIGO: 503
2026-08-14 13:04:26,394 | INFO | News RSS query for INDIGO: https://news.google.com/rss/search?q=INDIGO+NSE+when:10d&hl=en-IN&gl=IN&ceid=IN:en
2026-08-14 13:04:32,662 | INFO | News RSS status for INDIGO: 503
2026-08-14 13:04:32,662 | INFO | News RSS query for INDIGO: https://news.google.com/rss/search?q=site%3Aeconomictimes.indiatimes.com+%22InterGlobe+Aviation+Ltd.%22+when:10d&hl=en-IN&gl=IN&ceid=IN:en
2026-08-14 13:04:38,825 | INFO | News RSS status for INDIGO: 503
2026-08-14 13:04:38,825 | INFO | News RSS query for INDIGO: https://news.google.com/rss/search?q=site%3Amoneycontrol.com+%22InterGlobe+Aviation+Ltd.%22+when:10d&hl=en-IN&gl=IN&ceid=IN:en
2026-08-14 13:04:48,797 | INFO | News RSS status for INDIGO: 503
2026-08-14 13:04:48,797 | INFO | News RSS query for INDIGO: https://news.google.com/rss/search?q=site%3Abusinessstandard.com+%22InterGlobe+Aviation+Ltd.%22+when:10d&hl=en-IN&gl=IN&ceid=IN:en
2026-08-14 13:04:56,444 | INFO | News RSS status for INDIGO: 503
2026-08-14 13:04:59,038 | INFO | News RSS query for JSWSTEEL: https://news.google.com/rss/search?q=%22JSW+Steel+Ltd.%22+NSE+when:10d&hl=en-IN&gl=IN&ceid=IN:en
2026-08-14 13:05:08,207 | INFO | News RSS status for JSWSTEEL: 503
2026-08-14 13:05:08,207 | INFO | News RSS query for JSWSTEEL: https://news.google.com/rss/search?q=%22JSW+Steel+Ltd.%22+stock+when:10d&hl=en-IN&gl=IN&ceid=IN:en
2026-08-14 13:05:16,113 | INFO | News RSS status for JSWSTEEL: 503
2026-08-14 13:05:16,113 | INFO | News RSS query for JSWSTEEL: https://news.google.com/rss/search?q=JSWSTEEL+NSE+when:10d&hl=en-IN&gl=IN&ceid=IN:en
2026-08-14 13:05:25,845 | INFO | News RSS status for JSWSTEEL: 503
2026-08-14 13:05:25,845 | INFO | News RSS query for JSWSTEEL: https://news.google.com/rss/search?q=site%3Aeconomictimes.indiatimes.com+%22JSW+Steel+Ltd.%22+when:10d&hl=en-IN&gl=IN&ceid=IN:en
2026-08-14 13:05:35,745 | INFO | News RSS status for JSWSTEEL: 503
2026-08-14 13:05:35,746 | INFO | News RSS query for JSWSTEEL: https://news.google.com/rss/search?q=site%3Amoneycontrol.com+%22JSW+Steel+Ltd.%22+when:10d&hl=en-IN&gl=IN&ceid=IN:en
2026-08-14 13:05:44,759 | INFO | News RSS status for JSWSTEEL: 503
2026-08-14 13:05:44,759 | INFO | News RSS query for JSWSTEEL: https://news.google.com/rss/search?q=site%3Abusinessstandard.com+%22JSW+Steel+Ltd.%22+when:10d&hl=en-IN&gl=IN&ceid=IN:en
2026-08-14 13:05:53,704 | INFO | News RSS status for JSWSTEEL: 503
2026-08-14 13:05:54,506 | INFO | News RSS query for LODHA: https://news.google.com/rss/search?q=%22Lodha+Developers+Ltd.%22+NSE+when:10d&hl=en-IN&gl=IN&ceid=IN:en
2026-08-14 13:06:02,783 | INFO | News RSS status for LODHA: 503
2026-08-14 13:06:02,783 | INFO | News RSS query for LODHA: https://news.google.com/rss/search?q=%22Lodha+Developers+Ltd.%22+stock+when:10d&hl=en-IN&gl=IN&ceid=IN:en
2026-08-14 13:06:10,561 | INFO | News RSS status for LODHA: 503
2026-08-14 13:06:10,561 | INFO | News RSS query for LODHA: https://news.google.com/rss/search?q=LODHA+NSE+when:10d&hl=en-IN&gl=IN&ceid=IN:en
2026-08-14 13:06:19,682 | INFO | News RSS status for LODHA: 503
2026-08-14 13:06:19,682 | INFO | News RSS query for LODHA: https://news.google.com/rss/search?q=site%3Aeconomictimes.indiatimes.com+%22Lodha+Developers+Ltd.%22+when:10d&hl=en-IN&gl=IN&ceid=IN:en
2026-08-14 13:06:26,945 | INFO | News RSS status for LODHA: 503
2026-08-14 13:06:26,945 | INFO | News RSS query for LODHA: https://news.google.com/rss/search?q=site%3Amoneycontrol.com+%22Lodha+Developers+Ltd.%22+when:10d&hl=en-IN&gl=IN&ceid=IN:en
2026-08-14 13:06:36,598 | INFO | News RSS status for LODHA: 503
2026-08-14 13:06:36,599 | INFO | News RSS query for LODHA: https://news.google.com/rss/search?q=site%3Abusinessstandard.com+%22Lodha+Developers+Ltd.%22+when:10d&hl=en-IN&gl=IN&ceid=IN:en
2026-08-14 13:06:42,171 | INFO | News RSS status for LODHA: 503
2026-08-14 13:06:42,615 | INFO | News RSS query for LT: https://news.google.com/rss/search?q=%22Larsen+%26+Toubro+Ltd.%22+NSE+when:10d&hl=en-IN&gl=IN&ceid=IN:en
2026-08-14 13:06:50,446 | INFO | News RSS status for LT: 503
2026-08-14 13:06:50,446 | INFO | News RSS query for LT: https://news.google.com/rss/search?q=%22Larsen+%26+Toubro+Ltd.%22+stock+when:10d&hl=en-IN&gl=IN&ceid=IN:en
2026-08-14 13:06:56,403 | INFO | News RSS status for LT: 503
2026-08-14 13:06:56,403 | INFO | News RSS query for LT: https://news.google.com/rss/search?q=LT+NSE+when:10d&hl=en-IN&gl=IN&ceid=IN:en
2026-08-14 13:07:04,900 | INFO | News RSS status for LT: 503
2026-08-14 13:07:04,900 | INFO | News RSS query for LT: https://news.google.com/rss/search?q=site%3Aeconomictimes.indiatimes.com+%22Larsen+%26+Toubro+Ltd.%22+when:10d&hl=en-IN&gl=IN&ceid=IN:en
2026-08-14 13:07:12,683 | INFO | News RSS status for LT: 503
2026-08-14 13:07:12,683 | INFO | News RSS query for LT: https://news.google.com/rss/search?q=site%3Amoneycontrol.com+%22Larsen+%26+Toubro+Ltd.%22+when:10d&hl=en-IN&gl=IN&ceid=IN:en
2026-08-14 13:07:19,735 | INFO | News RSS status for LT: 503
2026-08-14 13:07:19,735 | INFO | News RSS query for LT: https://news.google.com/rss/search?q=site%3Abusinessstandard.com+%22Larsen+%26+Toubro+Ltd.%22+when:10d&hl=en-IN&gl=IN&ceid=IN:en
2026-08-14 13:07:27,759 | INFO | News RSS status for LT: 503
2026-08-14 13:07:27,762 | WARNING | Skipping LTM — only 121 bars available (need 220). Extend history_backfill_days in config.json to include this symbol.
2026-08-14 13:07:28,205 | INFO | News RSS query for M&M: https://news.google.com/rss/search?q=%22Mahindra+%26+Mahindra+Ltd.%22+NSE+when:10d&hl=en-IN&gl=IN&ceid=IN:en
2026-08-14 13:07:34,510 | INFO | News RSS status for M&M: 503
2026-08-14 13:07:34,511 | INFO | News RSS query for M&M: https://news.google.com/rss/search?q=%22Mahindra+%26+Mahindra+Ltd.%22+stock+when:10d&hl=en-IN&gl=IN&ceid=IN:en
2026-08-14 13:07:40,990 | INFO | News RSS status for M&M: 503
2026-08-14 13:07:40,990 | INFO | News RSS query for M&M: https://news.google.com/rss/search?q=M%26M+NSE+when:10d&hl=en-IN&gl=IN&ceid=IN:en
2026-08-14 13:07:47,206 | INFO | News RSS status for M&M: 503
2026-08-14 13:07:47,206 | INFO | News RSS query for M&M: https://news.google.com/rss/search?q=site%3Aeconomictimes.indiatimes.com+%22Mahindra+%26+Mahindra+Ltd.%22+when:10d&hl=en-IN&gl=IN&ceid=IN:en
2026-08-14 13:07:53,470 | INFO | News RSS status for M&M: 503
2026-08-14 13:07:53,470 | INFO | News RSS query for M&M: https://news.google.com/rss/search?q=site%3Amoneycontrol.com+%22Mahindra+%26+Mahindra+Ltd.%22+when:10d&hl=en-IN&gl=IN&ceid=IN:en
2026-08-14 13:08:01,253 | INFO | News RSS status for M&M: 503
2026-08-14 13:08:01,253 | INFO | News RSS query for M&M: https://news.google.com/rss/search?q=site%3Abusinessstandard.com+%22Mahindra+%26+Mahindra+Ltd.%22+when:10d&hl=en-IN&gl=IN&ceid=IN:en
2026-08-14 13:08:09,949 | INFO | News RSS status for M&M: 503
2026-08-14 13:08:10,007 | INFO | News RSS query for M&M: https://news.google.com/rss/search?q=%22Mahindra+%26+Mahindra+Ltd.%22+NSE+when:10d&hl=en-IN&gl=IN&ceid=IN:en
2026-08-14 13:08:16,204 | INFO | News RSS status for M&M: 503
2026-08-14 13:08:16,204 | INFO | News RSS query for M&M: https://news.google.com/rss/search?q=%22Mahindra+%26+Mahindra+Ltd.%22+stock+when:10d&hl=en-IN&gl=IN&ceid=IN:en
2026-08-14 13:08:23,097 | INFO | News RSS status for M&M: 503
2026-08-14 13:08:23,098 | INFO | News RSS query for M&M: https://news.google.com/rss/search?q=M%26M+NSE+when:10d&hl=en-IN&gl=IN&ceid=IN:en
2026-08-14 13:08:29,391 | INFO | News RSS status for M&M: 503
2026-08-14 13:08:29,392 | INFO | News RSS query for M&M: https://news.google.com/rss/search?q=site%3Aeconomictimes.indiatimes.com+%22Mahindra+%26+Mahindra+Ltd.%22+when:10d&hl=en-IN&gl=IN&ceid=IN:en
2026-08-14 13:08:38,262 | INFO | News RSS status for M&M: 503
2026-08-14 13:08:38,262 | INFO | News RSS query for M&M: https://news.google.com/rss/search?q=site%3Amoneycontrol.com+%22Mahindra+%26+Mahindra+Ltd.%22+when:10d&hl=en-IN&gl=IN&ceid=IN:en
2026-08-14 13:08:44,397 | INFO | News RSS status for M&M: 503
2026-08-14 13:08:44,397 | INFO | News RSS query for M&M: https://news.google.com/rss/search?q=site%3Abusinessstandard.com+%22Mahindra+%26+Mahindra+Ltd.%22+when:10d&hl=en-IN&gl=IN&ceid=IN:en
2026-08-14 13:08:50,449 | INFO | News RSS status for M&M: 503
2026-08-14 13:08:52,051 | INFO | News RSS query for MOTHERSON: https://news.google.com/rss/search?q=%22Samvardhana+Motherson+International+Ltd.%22+NSE+when:10d&hl=en-IN&gl=IN&ceid=IN:en
2026-08-14 13:09:01,136 | INFO | News RSS status for MOTHERSON: 503
2026-08-14 13:09:01,136 | INFO | News RSS query for MOTHERSON: https://news.google.com/rss/search?q=%22Samvardhana+Motherson+International+Ltd.%22+stock+when:10d&hl=en-IN&gl=IN&ceid=IN:en
2026-08-14 13:09:07,323 | INFO | News RSS status for MOTHERSON: 503
2026-08-14 13:09:07,323 | INFO | News RSS query for MOTHERSON: https://news.google.com/rss/search?q=MOTHERSON+NSE+when:10d&hl=en-IN&gl=IN&ceid=IN:en
2026-08-14 13:09:12,930 | INFO | News RSS status for MOTHERSON: 503
2026-08-14 13:09:12,930 | INFO | News RSS query for MOTHERSON: https://news.google.com/rss/search?q=site%3Aeconomictimes.indiatimes.com+%22Samvardhana+Motherson+International+Ltd.%22+when:10d&hl=en-IN&gl=IN&ceid=IN:en
2026-08-14 13:09:20,375 | INFO | News RSS status for MOTHERSON: 503
2026-08-14 13:09:20,375 | INFO | News RSS query for MOTHERSON: https://news.google.com/rss/search?q=site%3Amoneycontrol.com+%22Samvardhana+Motherson+International+Ltd.%22+when:10d&hl=en-IN&gl=IN&ceid=IN:en
2026-08-14 13:09:28,699 | INFO | News RSS status for MOTHERSON: 503
2026-08-14 13:09:28,699 | INFO | News RSS query for MOTHERSON: https://news.google.com/rss/search?q=site%3Abusinessstandard.com+%22Samvardhana+Motherson+International+Ltd.%22+when:10d&hl=en-IN&gl=IN&ceid=IN:en
2026-08-14 13:09:35,655 | INFO | News RSS status for MOTHERSON: 503
2026-08-14 13:09:36,495 | INFO | News RSS query for NESTLEIND: https://news.google.com/rss/search?q=%22Nestle+India+Ltd.%22+NSE+when:10d&hl=en-IN&gl=IN&ceid=IN:en
2026-08-14 13:09:43,472 | INFO | News RSS status for NESTLEIND: 503
2026-08-14 13:09:43,472 | INFO | News RSS query for NESTLEIND: https://news.google.com/rss/search?q=%22Nestle+India+Ltd.%22+stock+when:10d&hl=en-IN&gl=IN&ceid=IN:en
2026-08-14 13:09:51,188 | INFO | News RSS status for NESTLEIND: 503
2026-08-14 13:09:51,188 | INFO | News RSS query for NESTLEIND: https://news.google.com/rss/search?q=NESTLEIND+NSE+when:10d&hl=en-IN&gl=IN&ceid=IN:en
2026-08-14 13:09:59,719 | INFO | News RSS status for NESTLEIND: 503
2026-08-14 13:09:59,719 | INFO | News RSS query for NESTLEIND: https://news.google.com/rss/search?q=site%3Aeconomictimes.indiatimes.com+%22Nestle+India+Ltd.%22+when:10d&hl=en-IN&gl=IN&ceid=IN:en
2026-08-14 13:10:08,884 | INFO | News RSS status for NESTLEIND: 503
2026-08-14 13:10:08,885 | INFO | News RSS query for NESTLEIND: https://news.google.com/rss/search?q=site%3Amoneycontrol.com+%22Nestle+India+Ltd.%22+when:10d&hl=en-IN&gl=IN&ceid=IN:en
2026-08-14 13:10:14,643 | INFO | News RSS status for NESTLEIND: 503
2026-08-14 13:10:14,643 | INFO | News RSS query for NESTLEIND: https://news.google.com/rss/search?q=site%3Abusinessstandard.com+%22Nestle+India+Ltd.%22+when:10d&hl=en-IN&gl=IN&ceid=IN:en
2026-08-14 13:10:23,010 | INFO | News RSS status for NESTLEIND: 503
2026-08-14 13:10:24,635 | INFO | News RSS query for PIDILITIND: https://news.google.com/rss/search?q=%22Pidilite+Industries+Ltd.%22+NSE+when:10d&hl=en-IN&gl=IN&ceid=IN:en
2026-08-14 13:10:34,529 | INFO | News RSS status for PIDILITIND: 503
2026-08-14 13:10:34,529 | INFO | News RSS query for PIDILITIND: https://news.google.com/rss/search?q=%22Pidilite+Industries+Ltd.%22+stock+when:10d&hl=en-IN&gl=IN&ceid=IN:en
2026-08-14 13:10:41,318 | INFO | News RSS status for PIDILITIND: 503
2026-08-14 13:10:41,318 | INFO | News RSS query for PIDILITIND: https://news.google.com/rss/search?q=PIDILITIND+NSE+when:10d&hl=en-IN&gl=IN&ceid=IN:en
2026-08-14 13:10:47,779 | INFO | News RSS status for PIDILITIND: 503
2026-08-14 13:10:47,779 | INFO | News RSS query for PIDILITIND: https://news.google.com/rss/search?q=site%3Aeconomictimes.indiatimes.com+%22Pidilite+Industries+Ltd.%22+when:10d&hl=en-IN&gl=IN&ceid=IN:en
2026-08-14 13:10:56,900 | INFO | News RSS status for PIDILITIND: 503
2026-08-14 13:10:56,900 | INFO | News RSS query for PIDILITIND: https://news.google.com/rss/search?q=site%3Amoneycontrol.com+%22Pidilite+Industries+Ltd.%22+when:10d&hl=en-IN&gl=IN&ceid=IN:en
2026-08-14 13:11:03,350 | INFO | News RSS status for PIDILITIND: 503
2026-08-14 13:11:03,350 | INFO | News RSS query for PIDILITIND: https://news.google.com/rss/search?q=site%3Abusinessstandard.com+%22Pidilite+Industries+Ltd.%22+when:10d&hl=en-IN&gl=IN&ceid=IN:en
2026-08-14 13:11:10,655 | INFO | News RSS status for PIDILITIND: 503
2026-08-14 13:11:13,060 | INFO | News RSS query for SBIN: https://news.google.com/rss/search?q=%22State+Bank+of+India%22+NSE+when:10d&hl=en-IN&gl=IN&ceid=IN:en
2026-08-14 13:11:19,781 | INFO | News RSS status for SBIN: 503
2026-08-14 13:11:19,781 | INFO | News RSS query for SBIN: https://news.google.com/rss/search?q=%22State+Bank+of+India%22+stock+when:10d&hl=en-IN&gl=IN&ceid=IN:en
2026-08-14 13:11:25,698 | INFO | News RSS status for SBIN: 503
2026-08-14 13:11:25,698 | INFO | News RSS query for SBIN: https://news.google.com/rss/search?q=SBIN+NSE+when:10d&hl=en-IN&gl=IN&ceid=IN:en
2026-08-14 13:11:33,578 | INFO | News RSS status for SBIN: 503
2026-08-14 13:11:33,579 | INFO | News RSS query for SBIN: https://news.google.com/rss/search?q=site%3Aeconomictimes.indiatimes.com+%22State+Bank+of+India%22+when:10d&hl=en-IN&gl=IN&ceid=IN:en
2026-08-14 13:11:40,144 | INFO | News RSS status for SBIN: 503
2026-08-14 13:11:40,144 | INFO | News RSS query for SBIN: https://news.google.com/rss/search?q=site%3Amoneycontrol.com+%22State+Bank+of+India%22+when:10d&hl=en-IN&gl=IN&ceid=IN:en
2026-08-14 13:11:49,159 | INFO | News RSS status for SBIN: 503
2026-08-14 13:11:49,159 | INFO | News RSS query for SBIN: https://news.google.com/rss/search?q=site%3Abusinessstandard.com+%22State+Bank+of+India%22+when:10d&hl=en-IN&gl=IN&ceid=IN:en
2026-08-14 13:11:55,230 | INFO | News RSS status for SBIN: 503
2026-08-14 13:11:56,066 | INFO | News RSS query for SHRIRAMFIN: https://news.google.com/rss/search?q=%22Shriram+Finance+Ltd.%22+NSE+when:10d&hl=en-IN&gl=IN&ceid=IN:en
2026-08-14 13:12:03,916 | INFO | News RSS status for SHRIRAMFIN: 503
2026-08-14 13:12:03,916 | INFO | News RSS query for SHRIRAMFIN: https://news.google.com/rss/search?q=%22Shriram+Finance+Ltd.%22+stock+when:10d&hl=en-IN&gl=IN&ceid=IN:en
2026-08-14 13:12:13,692 | INFO | News RSS status for SHRIRAMFIN: 503
2026-08-14 13:12:13,693 | INFO | News RSS query for SHRIRAMFIN: https://news.google.com/rss/search?q=SHRIRAMFIN+NSE+when:10d&hl=en-IN&gl=IN&ceid=IN:en
2026-08-14 13:12:22,921 | INFO | News RSS status for SHRIRAMFIN: 503
2026-08-14 13:12:22,921 | INFO | News RSS query for SHRIRAMFIN: https://news.google.com/rss/search?q=site%3Aeconomictimes.indiatimes.com+%22Shriram+Finance+Ltd.%22+when:10d&hl=en-IN&gl=IN&ceid=IN:en
2026-08-14 13:12:28,457 | INFO | News RSS status for SHRIRAMFIN: 503
2026-08-14 13:12:28,457 | INFO | News RSS query for SHRIRAMFIN: https://news.google.com/rss/search?q=site%3Amoneycontrol.com+%22Shriram+Finance+Ltd.%22+when:10d&hl=en-IN&gl=IN&ceid=IN:en
2026-08-14 13:12:35,150 | INFO | News RSS status for SHRIRAMFIN: 503
2026-08-14 13:12:35,150 | INFO | News RSS query for SHRIRAMFIN: https://news.google.com/rss/search?q=site%3Abusinessstandard.com+%22Shriram+Finance+Ltd.%22+when:10d&hl=en-IN&gl=IN&ceid=IN:en
2026-08-14 13:12:41,971 | INFO | News RSS status for SHRIRAMFIN: 503
2026-08-14 13:12:42,413 | INFO | News RSS query for SIEMENS: https://news.google.com/rss/search?q=%22Siemens+Ltd.%22+NSE+when:10d&hl=en-IN&gl=IN&ceid=IN:en
2026-08-14 13:12:50,380 | INFO | News RSS status for SIEMENS: 503
2026-08-14 13:12:50,380 | INFO | News RSS query for SIEMENS: https://news.google.com/rss/search?q=%22Siemens+Ltd.%22+stock+when:10d&hl=en-IN&gl=IN&ceid=IN:en
2026-08-14 13:12:55,430 | INFO | News RSS status for SIEMENS: 503
2026-08-14 13:12:55,430 | INFO | News RSS query for SIEMENS: https://news.google.com/rss/search?q=SIEMENS+NSE+when:10d&hl=en-IN&gl=IN&ceid=IN:en
2026-08-14 13:13:02,558 | INFO | News RSS status for SIEMENS: 503
2026-08-14 13:13:02,558 | INFO | News RSS query for SIEMENS: https://news.google.com/rss/search?q=site%3Aeconomictimes.indiatimes.com+%22Siemens+Ltd.%22+when:10d&hl=en-IN&gl=IN&ceid=IN:en
2026-08-14 13:13:08,500 | INFO | News RSS status for SIEMENS: 503
2026-08-14 13:13:08,500 | INFO | News RSS query for SIEMENS: https://news.google.com/rss/search?q=site%3Amoneycontrol.com+%22Siemens+Ltd.%22+when:10d&hl=en-IN&gl=IN&ceid=IN:en
2026-08-14 13:13:14,213 | INFO | News RSS status for SIEMENS: 503
2026-08-14 13:13:14,213 | INFO | News RSS query for SIEMENS: https://news.google.com/rss/search?q=site%3Abusinessstandard.com+%22Siemens+Ltd.%22+when:10d&hl=en-IN&gl=IN&ceid=IN:en
2026-08-14 13:13:24,166 | INFO | News RSS status for SIEMENS: 503
2026-08-14 13:13:24,610 | INFO | News RSS query for SOLARINDS: https://news.google.com/rss/search?q=%22Solar+Industries+India+Ltd.%22+NSE+when:10d&hl=en-IN&gl=IN&ceid=IN:en
2026-08-14 13:13:32,736 | INFO | News RSS status for SOLARINDS: 503
2026-08-14 13:13:32,736 | INFO | News RSS query for SOLARINDS: https://news.google.com/rss/search?q=%22Solar+Industries+India+Ltd.%22+stock+when:10d&hl=en-IN&gl=IN&ceid=IN:en
2026-08-14 13:13:42,554 | INFO | News RSS status for SOLARINDS: 503
2026-08-14 13:13:42,555 | INFO | News RSS query for SOLARINDS: https://news.google.com/rss/search?q=SOLARINDS+NSE+when:10d&hl=en-IN&gl=IN&ceid=IN:en
2026-08-14 13:13:48,695 | INFO | News RSS status for SOLARINDS: 503
2026-08-14 13:13:48,695 | INFO | News RSS query for SOLARINDS: https://news.google.com/rss/search?q=site%3Aeconomictimes.indiatimes.com+%22Solar+Industries+India+Ltd.%22+when:10d&hl=en-IN&gl=IN&ceid=IN:en
2026-08-14 13:13:56,793 | INFO | News RSS status for SOLARINDS: 503
2026-08-14 13:13:56,794 | INFO | News RSS query for SOLARINDS: https://news.google.com/rss/search?q=site%3Amoneycontrol.com+%22Solar+Industries+India+Ltd.%22+when:10d&hl=en-IN&gl=IN&ceid=IN:en
2026-08-14 13:14:01,997 | INFO | News RSS status for SOLARINDS: 503
2026-08-14 13:14:01,997 | INFO | News RSS query for SOLARINDS: https://news.google.com/rss/search?q=site%3Abusinessstandard.com+%22Solar+Industries+India+Ltd.%22+when:10d&hl=en-IN&gl=IN&ceid=IN:en
2026-08-14 13:14:07,532 | INFO | News RSS status for SOLARINDS: 503
2026-08-14 13:14:07,976 | INFO | News RSS query for SUNPHARMA: https://news.google.com/rss/search?q=%22Sun+Pharmaceutical+Industries+Ltd.%22+NSE+when:10d&hl=en-IN&gl=IN&ceid=IN:en
2026-08-14 13:14:15,594 | INFO | News RSS status for SUNPHARMA: 503
2026-08-14 13:14:15,594 | INFO | News RSS query for SUNPHARMA: https://news.google.com/rss/search?q=%22Sun+Pharmaceutical+Industries+Ltd.%22+stock+when:10d&hl=en-IN&gl=IN&ceid=IN:en
2026-08-14 13:14:23,542 | INFO | News RSS status for SUNPHARMA: 503
2026-08-14 13:14:23,542 | INFO | News RSS query for SUNPHARMA: https://news.google.com/rss/search?q=SUNPHARMA+NSE+when:10d&hl=en-IN&gl=IN&ceid=IN:en
2026-08-14 13:14:31,172 | INFO | News RSS status for SUNPHARMA: 503
2026-08-14 13:14:31,172 | INFO | News RSS query for SUNPHARMA: https://news.google.com/rss/search?q=site%3Aeconomictimes.indiatimes.com+%22Sun+Pharmaceutical+Industries+Ltd.%22+when:10d&hl=en-IN&gl=IN&ceid=IN:en
2026-08-14 13:14:38,213 | INFO | News RSS status for SUNPHARMA: 503
2026-08-14 13:14:38,213 | INFO | News RSS query for SUNPHARMA: https://news.google.com/rss/search?q=site%3Amoneycontrol.com+%22Sun+Pharmaceutical+Industries+Ltd.%22+when:10d&hl=en-IN&gl=IN&ceid=IN:en
2026-08-14 13:14:45,421 | INFO | News RSS status for SUNPHARMA: 503
2026-08-14 13:14:45,421 | INFO | News RSS query for SUNPHARMA: https://news.google.com/rss/search?q=site%3Abusinessstandard.com+%22Sun+Pharmaceutical+Industries+Ltd.%22+when:10d&hl=en-IN&gl=IN&ceid=IN:en
2026-08-14 13:14:52,593 | INFO | News RSS status for SUNPHARMA: 503
2026-08-14 13:14:52,596 | WARNING | Skipping TATACAP — only 209 bars available (need 220). Extend history_backfill_days in config.json to include this symbol.
2026-08-14 13:14:53,424 | INFO | News RSS query for TATAPOWER: https://news.google.com/rss/search?q=%22Tata+Power+Co.+Ltd.%22+NSE+when:10d&hl=en-IN&gl=IN&ceid=IN:en
2026-08-14 13:15:00,001 | INFO | News RSS status for TATAPOWER: 503
2026-08-14 13:15:00,002 | INFO | News RSS query for TATAPOWER: https://news.google.com/rss/search?q=%22Tata+Power+Co.+Ltd.%22+stock+when:10d&hl=en-IN&gl=IN&ceid=IN:en
2026-08-14 13:15:06,508 | INFO | News RSS status for TATAPOWER: 503
2026-08-14 13:15:06,508 | INFO | News RSS query for TATAPOWER: https://news.google.com/rss/search?q=TATAPOWER+NSE+when:10d&hl=en-IN&gl=IN&ceid=IN:en
2026-08-14 13:15:13,651 | INFO | News RSS status for TATAPOWER: 503
2026-08-14 13:15:13,652 | INFO | News RSS query for TATAPOWER: https://news.google.com/rss/search?q=site%3Aeconomictimes.indiatimes.com+%22Tata+Power+Co.+Ltd.%22+when:10d&hl=en-IN&gl=IN&ceid=IN:en
2026-08-14 13:15:21,363 | INFO | News RSS status for TATAPOWER: 503
2026-08-14 13:15:21,363 | INFO | News RSS query for TATAPOWER: https://news.google.com/rss/search?q=site%3Amoneycontrol.com+%22Tata+Power+Co.+Ltd.%22+when:10d&hl=en-IN&gl=IN&ceid=IN:en
2026-08-14 13:15:30,522 | INFO | News RSS status for TATAPOWER: 503
2026-08-14 13:15:30,522 | INFO | News RSS query for TATAPOWER: https://news.google.com/rss/search?q=site%3Abusinessstandard.com+%22Tata+Power+Co.+Ltd.%22+when:10d&hl=en-IN&gl=IN&ceid=IN:en
2026-08-14 13:15:39,222 | INFO | News RSS status for TATAPOWER: 503
2026-08-14 13:15:40,442 | INFO | News RSS query for TECHM: https://news.google.com/rss/search?q=%22Tech+Mahindra+Ltd.%22+NSE+when:10d&hl=en-IN&gl=IN&ceid=IN:en
2026-08-14 13:15:45,468 | INFO | News RSS status for TECHM: 503
2026-08-14 13:15:45,468 | INFO | News RSS query for TECHM: https://news.google.com/rss/search?q=%22Tech+Mahindra+Ltd.%22+stock+when:10d&hl=en-IN&gl=IN&ceid=IN:en
2026-08-14 13:15:52,542 | INFO | News RSS status for TECHM: 503
2026-08-14 13:15:52,542 | INFO | News RSS query for TECHM: https://news.google.com/rss/search?q=TECHM+NSE+when:10d&hl=en-IN&gl=IN&ceid=IN:en
2026-08-14 13:16:02,453 | INFO | News RSS status for TECHM: 503
2026-08-14 13:16:02,454 | INFO | News RSS query for TECHM: https://news.google.com/rss/search?q=site%3Aeconomictimes.indiatimes.com+%22Tech+Mahindra+Ltd.%22+when:10d&hl=en-IN&gl=IN&ceid=IN:en
2026-08-14 13:16:11,589 | INFO | News RSS status for TECHM: 503
2026-08-14 13:16:11,590 | INFO | News RSS query for TECHM: https://news.google.com/rss/search?q=site%3Amoneycontrol.com+%22Tech+Mahindra+Ltd.%22+when:10d&hl=en-IN&gl=IN&ceid=IN:en
2026-08-14 13:16:18,569 | INFO | News RSS status for TECHM: 503
2026-08-14 13:16:18,569 | INFO | News RSS query for TECHM: https://news.google.com/rss/search?q=site%3Abusinessstandard.com+%22Tech+Mahindra+Ltd.%22+when:10d&hl=en-IN&gl=IN&ceid=IN:en
2026-08-14 13:16:25,311 | INFO | News RSS status for TECHM: 503
2026-08-14 13:16:25,754 | INFO | News RSS query for TITAN: https://news.google.com/rss/search?q=%22Titan+Company+Ltd.%22+NSE+when:10d&hl=en-IN&gl=IN&ceid=IN:en
2026-08-14 13:16:31,206 | INFO | News RSS status for TITAN: 503
2026-08-14 13:16:31,206 | INFO | News RSS query for TITAN: https://news.google.com/rss/search?q=%22Titan+Company+Ltd.%22+stock+when:10d&hl=en-IN&gl=IN&ceid=IN:en
2026-08-14 13:16:39,486 | INFO | News RSS status for TITAN: 503
2026-08-14 13:16:39,486 | INFO | News RSS query for TITAN: https://news.google.com/rss/search?q=TITAN+NSE+when:10d&hl=en-IN&gl=IN&ceid=IN:en
2026-08-14 13:16:44,906 | INFO | News RSS status for TITAN: 503
2026-08-14 13:16:44,906 | INFO | News RSS query for TITAN: https://news.google.com/rss/search?q=site%3Aeconomictimes.indiatimes.com+%22Titan+Company+Ltd.%22+when:10d&hl=en-IN&gl=IN&ceid=IN:en
2026-08-14 13:16:49,995 | INFO | News RSS status for TITAN: 503
2026-08-14 13:16:49,995 | INFO | News RSS query for TITAN: https://news.google.com/rss/search?q=site%3Amoneycontrol.com+%22Titan+Company+Ltd.%22+when:10d&hl=en-IN&gl=IN&ceid=IN:en
2026-08-14 13:16:57,858 | INFO | News RSS status for TITAN: 503
2026-08-14 13:16:57,858 | INFO | News RSS query for TITAN: https://news.google.com/rss/search?q=site%3Abusinessstandard.com+%22Titan+Company+Ltd.%22+when:10d&hl=en-IN&gl=IN&ceid=IN:en
2026-08-14 13:17:03,729 | INFO | News RSS status for TITAN: 503
2026-08-14 13:17:03,731 | WARNING | Skipping TMCV — only 189 bars available (need 220). Extend history_backfill_days in config.json to include this symbol.
2026-08-14 13:17:03,732 | WARNING | Skipping TMPV — only 206 bars available (need 220). Extend history_backfill_days in config.json to include this symbol.
2026-08-14 13:17:04,957 | INFO | News RSS query for TVSMOTOR: https://news.google.com/rss/search?q=%22TVS+Motor+Company+Ltd.%22+NSE+when:10d&hl=en-IN&gl=IN&ceid=IN:en
2026-08-14 13:17:11,023 | INFO | News RSS status for TVSMOTOR: 503
2026-08-14 13:17:11,023 | INFO | News RSS query for TVSMOTOR: https://news.google.com/rss/search?q=%22TVS+Motor+Company+Ltd.%22+stock+when:10d&hl=en-IN&gl=IN&ceid=IN:en
2026-08-14 13:17:17,142 | INFO | News RSS status for TVSMOTOR: 503
2026-08-14 13:17:17,143 | INFO | News RSS query for TVSMOTOR: https://news.google.com/rss/search?q=TVSMOTOR+NSE+when:10d&hl=en-IN&gl=IN&ceid=IN:en
2026-08-14 13:17:23,790 | INFO | News RSS status for TVSMOTOR: 503
2026-08-14 13:17:23,791 | INFO | News RSS query for TVSMOTOR: https://news.google.com/rss/search?q=site%3Aeconomictimes.indiatimes.com+%22TVS+Motor+Company+Ltd.%22+when:10d&hl=en-IN&gl=IN&ceid=IN:en
2026-08-14 13:17:30,960 | INFO | News RSS status for TVSMOTOR: 503
2026-08-14 13:17:30,960 | INFO | News RSS query for TVSMOTOR: https://news.google.com/rss/search?q=site%3Amoneycontrol.com+%22TVS+Motor+Company+Ltd.%22+when:10d&hl=en-IN&gl=IN&ceid=IN:en
2026-08-14 13:17:40,574 | INFO | News RSS status for TVSMOTOR: 503
2026-08-14 13:17:40,574 | INFO | News RSS query for TVSMOTOR: https://news.google.com/rss/search?q=site%3Abusinessstandard.com+%22TVS+Motor+Company+Ltd.%22+when:10d&hl=en-IN&gl=IN&ceid=IN:en
2026-08-14 13:17:47,368 | INFO | News RSS status for TVSMOTOR: 503
2026-08-14 13:17:48,205 | INFO | News RSS query for UNIONBANK: https://news.google.com/rss/search?q=%22Union+Bank+of+India%22+NSE+when:10d&hl=en-IN&gl=IN&ceid=IN:en
2026-08-14 13:17:55,030 | INFO | News RSS status for UNIONBANK: 503
2026-08-14 13:17:55,030 | INFO | News RSS query for UNIONBANK: https://news.google.com/rss/search?q=%22Union+Bank+of+India%22+stock+when:10d&hl=en-IN&gl=IN&ceid=IN:en
2026-08-14 13:18:02,167 | INFO | News RSS status for UNIONBANK: 503
2026-08-14 13:18:02,167 | INFO | News RSS query for UNIONBANK: https://news.google.com/rss/search?q=UNIONBANK+NSE+when:10d&hl=en-IN&gl=IN&ceid=IN:en
2026-08-14 13:18:08,223 | INFO | News RSS status for UNIONBANK: 503
2026-08-14 13:18:08,223 | INFO | News RSS query for UNIONBANK: https://news.google.com/rss/search?q=site%3Aeconomictimes.indiatimes.com+%22Union+Bank+of+India%22+when:10d&hl=en-IN&gl=IN&ceid=IN:en
2026-08-14 13:18:13,604 | INFO | News RSS status for UNIONBANK: 503
2026-08-14 13:18:13,604 | INFO | News RSS query for UNIONBANK: https://news.google.com/rss/search?q=site%3Amoneycontrol.com+%22Union+Bank+of+India%22+when:10d&hl=en-IN&gl=IN&ceid=IN:en
2026-08-14 13:18:20,157 | INFO | News RSS status for UNIONBANK: 503
2026-08-14 13:18:20,157 | INFO | News RSS query for UNIONBANK: https://news.google.com/rss/search?q=site%3Abusinessstandard.com+%22Union+Bank+of+India%22+when:10d&hl=en-IN&gl=IN&ceid=IN:en
2026-08-14 13:18:27,387 | INFO | News RSS status for UNIONBANK: 503
2026-08-14 13:18:27,601 | INFO | News RSS query for UNITDSPR: https://news.google.com/rss/search?q=%22United+Spirits+Ltd.%22+NSE+when:10d&hl=en-IN&gl=IN&ceid=IN:en
2026-08-14 13:18:34,193 | INFO | News RSS status for UNITDSPR: 503
2026-08-14 13:18:34,194 | INFO | News RSS query for UNITDSPR: https://news.google.com/rss/search?q=%22United+Spirits+Ltd.%22+stock+when:10d&hl=en-IN&gl=IN&ceid=IN:en
2026-08-14 13:18:42,646 | INFO | News RSS status for UNITDSPR: 503
2026-08-14 13:18:42,646 | INFO | News RSS query for UNITDSPR: https://news.google.com/rss/search?q=UNITDSPR+NSE+when:10d&hl=en-IN&gl=IN&ceid=IN:en
2026-08-14 13:18:47,694 | INFO | News RSS status for UNITDSPR: 503
2026-08-14 13:18:47,694 | INFO | News RSS query for UNITDSPR: https://news.google.com/rss/search?q=site%3Aeconomictimes.indiatimes.com+%22United+Spirits+Ltd.%22+when:10d&hl=en-IN&gl=IN&ceid=IN:en
2026-08-14 13:18:57,507 | INFO | News RSS status for UNITDSPR: 503
2026-08-14 13:18:57,507 | INFO | News RSS query for UNITDSPR: https://news.google.com/rss/search?q=site%3Amoneycontrol.com+%22United+Spirits+Ltd.%22+when:10d&hl=en-IN&gl=IN&ceid=IN:en
2026-08-14 13:19:05,814 | INFO | News RSS status for UNITDSPR: 503
2026-08-14 13:19:05,814 | INFO | News RSS query for UNITDSPR: https://news.google.com/rss/search?q=site%3Abusinessstandard.com+%22United+Spirits+Ltd.%22+when:10d&hl=en-IN&gl=IN&ceid=IN:en
2026-08-14 13:19:14,051 | INFO | News RSS status for UNITDSPR: 503
2026-08-14 13:19:14,053 | WARNING | Skipping VAML — only 6 bars available (need 220). Extend history_backfill_days in config.json to include this symbol.
2026-08-14 13:19:14,828 | WARNING | Skipping VEDPOWER — only 4 bars available (need 220). Extend history_backfill_days in config.json to include this symbol.
2026-08-14 13:19:14,828 | WARNING | Skipping VISL — only 4 bars available (need 220). Extend history_backfill_days in config.json to include this symbol.
2026-08-14 13:19:14,829 | WARNING | Skipping VOGL — only 7 bars available (need 220). Extend history_backfill_days in config.json to include this symbol.
2026-08-14 13:19:15,674 | INFO | News RSS query for ZYDUSLIFE: https://news.google.com/rss/search?q=%22Zydus+Lifesciences+Ltd.%22+NSE+when:10d&hl=en-IN&gl=IN&ceid=IN:en
2026-08-14 13:19:25,165 | INFO | News RSS status for ZYDUSLIFE: 503
2026-08-14 13:19:25,165 | INFO | News RSS query for ZYDUSLIFE: https://news.google.com/rss/search?q=%22Zydus+Lifesciences+Ltd.%22+stock+when:10d&hl=en-IN&gl=IN&ceid=IN:en
2026-08-14 13:19:35,075 | INFO | News RSS status for ZYDUSLIFE: 503
2026-08-14 13:19:35,075 | INFO | News RSS query for ZYDUSLIFE: https://news.google.com/rss/search?q=ZYDUSLIFE+NSE+when:10d&hl=en-IN&gl=IN&ceid=IN:en
2026-08-14 13:19:44,865 | INFO | News RSS status for ZYDUSLIFE: 503
2026-08-14 13:19:44,865 | INFO | News RSS query for ZYDUSLIFE: https://news.google.com/rss/search?q=site%3Aeconomictimes.indiatimes.com+%22Zydus+Lifesciences+Ltd.%22+when:10d&hl=en-IN&gl=IN&ceid=IN:en
2026-08-14 13:19:52,771 | INFO | News RSS status for ZYDUSLIFE: 503
2026-08-14 13:19:52,772 | INFO | News RSS query for ZYDUSLIFE: https://news.google.com/rss/search?q=site%3Amoneycontrol.com+%22Zydus+Lifesciences+Ltd.%22+when:10d&hl=en-IN&gl=IN&ceid=IN:en
2026-08-14 13:19:57,961 | INFO | News RSS status for ZYDUSLIFE: 503
2026-08-14 13:19:57,962 | INFO | News RSS query for ZYDUSLIFE: https://news.google.com/rss/search?q=site%3Abusinessstandard.com+%22Zydus+Lifesciences+Ltd.%22+when:10d&hl=en-IN&gl=IN&ceid=IN:en
2026-08-14 13:20:06,145 | INFO | News RSS status for ZYDUSLIFE: 503
2026-08-14 13:20:06,205 | INFO | News RSS query for ZYDUSLIFE: https://news.google.com/rss/search?q=%22Zydus+Lifesciences+Ltd.%22+NSE+when:10d&hl=en-IN&gl=IN&ceid=IN:en
2026-08-14 13:20:11,325 | INFO | News RSS status for ZYDUSLIFE: 503
2026-08-14 13:20:11,325 | INFO | News RSS query for ZYDUSLIFE: https://news.google.com/rss/search?q=%22Zydus+Lifesciences+Ltd.%22+stock+when:10d&hl=en-IN&gl=IN&ceid=IN:en
2026-08-14 13:20:19,651 | INFO | News RSS status for ZYDUSLIFE: 503
2026-08-14 13:20:19,651 | INFO | News RSS query for ZYDUSLIFE: https://news.google.com/rss/search?q=ZYDUSLIFE+NSE+when:10d&hl=en-IN&gl=IN&ceid=IN:en
2026-08-14 13:20:29,447 | INFO | News RSS status for ZYDUSLIFE: 503
2026-08-14 13:20:29,447 | INFO | News RSS query for ZYDUSLIFE: https://news.google.com/rss/search?q=site%3Aeconomictimes.indiatimes.com+%22Zydus+Lifesciences+Ltd.%22+when:10d&hl=en-IN&gl=IN&ceid=IN:en
2026-08-14 13:20:35,532 | INFO | News RSS status for ZYDUSLIFE: 503
2026-08-14 13:20:35,532 | INFO | News RSS query for ZYDUSLIFE: https://news.google.com/rss/search?q=site%3Amoneycontrol.com+%22Zydus+Lifesciences+Ltd.%22+when:10d&hl=en-IN&gl=IN&ceid=IN:en
2026-08-14 13:20:44,483 | INFO | News RSS status for ZYDUSLIFE: 503
2026-08-14 13:20:44,483 | INFO | News RSS query for ZYDUSLIFE: https://news.google.com/rss/search?q=site%3Abusinessstandard.com+%22Zydus+Lifesciences+Ltd.%22+when:10d&hl=en-IN&gl=IN&ceid=IN:en
2026-08-14 13:20:51,350 | INFO | News RSS status for ZYDUSLIFE: 503
2026-08-14 13:20:51,358 | INFO | Index membership from cache: NIFTY 50 (50 symbols)
2026-08-14 13:20:51,358 | INFO | Index membership from cache: Nifty Next 50 (50 symbols)
2026-08-14 13:20:51,358 | INFO | Index membership ready: 100 symbols mapped
2026-08-14 13:20:51,358 | INFO | Market Health: fetching index OHLCV...
2026-08-14 13:20:51,361 | INFO | Index OHLCV cache fresh for NIFTY 50 (1440 rows)
2026-08-14 13:20:51,363 | INFO | Index OHLCV cache fresh for NIFTY NEXT 50 (1440 rows)
2026-08-14 13:20:51,364 | INFO | Market Health: fetching VIX...
2026-08-14 13:20:51,365 | INFO | VIX cache fresh (138 rows)
2026-08-14 13:20:51,365 | INFO | Market Health: updating breadth EMA cache...
2026-08-14 13:20:53,142 | INFO | Breadth EMA cache: 133664 total rows (+100)
2026-08-14 13:20:53,164 | INFO | Market Health [NIFTY 50]: Score=54.5 | Weak Bull &#x1F7E1;
2026-08-14 13:20:53,183 | INFO | Market Health [Nifty Next 50]: Score=13.0 | Sideways &#x1F7E0;
2026-08-14 13:20:53,255 | INFO | Signal log: appended 6 new signals. Total rows: 643
2026-08-14 13:20:53,255 | INFO | Signal log written/updated: /home/runner/work/nifty100-reporter/nifty100-reporter/data/nifty100_signal_log.csv
2026-08-14 13:20:54,458 | INFO | Signal tracker: updated 181 Active signal rows.
2026-08-14 13:20:54,474 | INFO | HTML report written: /home/runner/work/nifty100-reporter/nifty100-reporter/reports/nifty100_daily_report_20260814.html
2026-08-14 13:20:54,482 | INFO | Market Health Excel sheet written.
2026-08-14 13:20:55,653 | INFO | Excel report written: /home/runner/work/nifty100-reporter/nifty100-reporter/reports/nifty100_daily_report_20260814.xlsx
2026-08-14 13:20:55,654 | INFO | GitHub Actions detected — skipping Gmail API send (workflow handles email).
2026-08-14 13:20:55,654 | INFO | Run completed successfully.
2026-08-14 13:20:55,654 | INFO | Artifacts: /home/runner/work/nifty100-reporter/nifty100-reporter/reports/nifty100_daily_report_20260814.html | /home/runner/work/nifty100-reporter/nifty100-reporter/reports/nifty100_daily_report_20260814.xlsx | log: /home/runner/work/nifty100-reporter/nifty100-reporter/logs/run_20260814_181545.log
