2026-07-31 12:46:25,617 | INFO | Nifty 100 Daily EMA Cross Reporter | Version 3.3.8 | Released 2026-04-17
2026-07-31 12:46:25,617 | INFO | Base directory: /home/runner/work/nifty100-reporter/nifty100-reporter
2026-07-31 12:46:25,617 | INFO | Loaded config. Email enabled: True | Recipients: 1
2026-07-31 12:46:25,755 | WARNING | NSE session bootstrap HTTP 403 (attempt 1/5) — refreshing NSE session cookie …
2026-07-31 12:46:36,466 | INFO | NSE session bootstrap status: 200
2026-07-31 12:46:36,467 | INFO | Downloading Nifty 100 universe from https://www.niftyindices.com/IndexConstituent/ind_nifty100list.csv
2026-07-31 12:46:37,228 | INFO | Universe download status: 200
2026-07-31 12:46:37,233 | INFO | Universe rows loaded: 100
2026-07-31 12:46:37,356 | INFO | Loaded history rows: 132654
2026-07-31 12:46:37,364 | INFO | yfinance history update: 100 symbols | 2026-07-29 → 2026-08-01
2026-07-31 12:46:37,364 | INFO | yfinance batch download: 100 symbols | 2026-07-29 → 2026-08-01
2026-07-31 12:46:37,366 | INFO | Failed to create TzCache, reason: Error creating TzCache folder: '/home/runner/.cache/py-yfinance' reason: [Errno 17] File exists: '/home/runner/.cache/py-yfinance'. TzCache will not be used. Tip: You can direct cache to use a different location with 'set_tz_cache_location(mylocation)'
2026-07-31 12:46:47,503 | INFO | yfinance raw shape: (3, 500)
2026-07-31 12:46:47,807 | INFO | yfinance parsed rows after date-filter: 300
2026-07-31 12:46:47,809 | INFO | New rows from yfinance: 300
2026-07-31 12:46:48,592 | INFO | Saved history rows: 132754 | file: /home/runner/work/nifty100-reporter/nifty100-reporter/data/nifty100_ohlcv_history.csv
2026-07-31 12:46:48,699 | INFO | Loaded history rows: 132754
2026-07-31 12:46:48,700 | INFO | Latest OHLCV data is from 2026-07-31
2026-07-31 12:46:48,725 | INFO | Latest Delivery data is from 2026-07-30
2026-07-31 12:46:48,770 | INFO | Delivery cache has 33 dates — skipping backfill.
2026-07-31 12:46:48,771 | INFO | Delivery fetch attempt [0/7] — URL: https://archives.nseindia.com/products/content/sec_bhavdata_full_31072026.csv
2026-07-31 12:46:49,395 | INFO | Delivery fetch SUCCESS — date: 2026-07-31 | size: 371072 bytes | URL: https://archives.nseindia.com/products/content/sec_bhavdata_full_31072026.csv
2026-07-31 12:46:49,750 | INFO | Delivery cache updated: 2409 symbols for 2026-07-31 (rows in cache: 79107)
2026-07-31 12:46:49,751 | INFO | Delivery data: 2409 symbols | fallback=False
2026-07-31 12:46:50,138 | INFO | Corporate actions bulk OK: 144 raw rows | 11 Nifty100 symbols with events
2026-07-31 12:47:21,706 | INFO | Corporate actions: 11/100 symbols have events (window 31-07-2026 to 30-08-2026) | Symbols: BOSCHLTD, BRITANNIA, COALINDIA, EICHERMOT, GRASIM, HYUNDAI, ICICIBANK, MARUTI, PFC, RECLTD, VBL
2026-07-31 12:47:21,707 | INFO | Index membership from cache: NIFTY 50 (50 symbols)
2026-07-31 12:47:21,707 | INFO | Index membership from cache: Nifty Next 50 (50 symbols)
2026-07-31 12:47:21,707 | INFO | Index membership ready: 100 symbols mapped
2026-07-31 12:47:22,182 | INFO | News RSS query for ABB: https://news.google.com/rss/search?q=%22ABB+India+Ltd.%22+NSE+when:10d&hl=en-IN&gl=IN&ceid=IN:en
2026-07-31 12:47:22,500 | INFO | News RSS status for ABB: 200
2026-07-31 12:47:22,771 | INFO | News RSS query for ADANIENSOL: https://news.google.com/rss/search?q=%22Adani+Energy+Solutions+Ltd.%22+NSE+when:10d&hl=en-IN&gl=IN&ceid=IN:en
2026-07-31 12:47:22,977 | INFO | News RSS status for ADANIENSOL: 200
2026-07-31 12:47:25,320 | INFO | News RSS query for APOLLOHOSP: https://news.google.com/rss/search?q=%22Apollo+Hospitals+Enterprise+Ltd.%22+NSE+when:10d&hl=en-IN&gl=IN&ceid=IN:en
2026-07-31 12:47:25,553 | INFO | News RSS status for APOLLOHOSP: 200
2026-07-31 12:47:25,556 | INFO | News RSS query for APOLLOHOSP: https://news.google.com/rss/search?q=%22Apollo+Hospitals+Enterprise+Ltd.%22+stock+when:10d&hl=en-IN&gl=IN&ceid=IN:en
2026-07-31 12:47:25,779 | INFO | News RSS status for APOLLOHOSP: 200
2026-07-31 12:47:26,221 | INFO | News RSS query for ASIANPAINT: https://news.google.com/rss/search?q=%22Asian+Paints+Ltd.%22+NSE+when:10d&hl=en-IN&gl=IN&ceid=IN:en
2026-07-31 12:47:26,465 | INFO | News RSS status for ASIANPAINT: 200
2026-07-31 12:47:27,299 | INFO | News RSS query for BAJAJ-AUTO: https://news.google.com/rss/search?q=%22Bajaj+Auto+Ltd.%22+NSE+when:10d&hl=en-IN&gl=IN&ceid=IN:en
2026-07-31 12:47:27,567 | INFO | News RSS status for BAJAJ-AUTO: 200
2026-07-31 12:47:28,773 | INFO | News RSS query for BAJFINANCE: https://news.google.com/rss/search?q=%22Bajaj+Finance+Ltd.%22+NSE+when:10d&hl=en-IN&gl=IN&ceid=IN:en
2026-07-31 12:47:29,010 | INFO | News RSS status for BAJFINANCE: 200
2026-07-31 12:47:30,617 | INFO | News RSS query for BOSCHLTD: https://news.google.com/rss/search?q=%22Bosch+Ltd.%22+NSE+when:10d&hl=en-IN&gl=IN&ceid=IN:en
2026-07-31 12:47:30,816 | INFO | News RSS status for BOSCHLTD: 200
2026-07-31 12:47:30,881 | INFO | News RSS query for BOSCHLTD: https://news.google.com/rss/search?q=%22Bosch+Ltd.%22+NSE+when:10d&hl=en-IN&gl=IN&ceid=IN:en
2026-07-31 12:47:30,908 | INFO | News RSS status for BOSCHLTD: 200
2026-07-31 12:47:32,898 | INFO | News RSS query for CHOLAFIN: https://news.google.com/rss/search?q=%22Cholamandalam+Investment+and+Finance+Company+Ltd.%22+NSE+when:10d&hl=en-IN&gl=IN&ceid=IN:en
2026-07-31 12:47:33,164 | INFO | News RSS status for CHOLAFIN: 200
2026-07-31 12:47:33,608 | INFO | News RSS query for CIPLA: https://news.google.com/rss/search?q=%22Cipla+Ltd.%22+NSE+when:10d&hl=en-IN&gl=IN&ceid=IN:en
2026-07-31 12:47:33,821 | INFO | News RSS status for CIPLA: 200
2026-07-31 12:47:35,072 | INFO | News RSS query for DIVISLAB: https://news.google.com/rss/search?q=%22Divi%27s+Laboratories+Ltd.%22+NSE+when:10d&hl=en-IN&gl=IN&ceid=IN:en
2026-07-31 12:47:35,268 | INFO | News RSS status for DIVISLAB: 200
2026-07-31 12:47:35,270 | INFO | News RSS query for DIVISLAB: https://news.google.com/rss/search?q=%22Divi%27s+Laboratories+Ltd.%22+stock+when:10d&hl=en-IN&gl=IN&ceid=IN:en
2026-07-31 12:47:35,447 | INFO | News RSS status for DIVISLAB: 200
2026-07-31 12:47:35,449 | INFO | News RSS query for DIVISLAB: https://news.google.com/rss/search?q=DIVISLAB+NSE+when:10d&hl=en-IN&gl=IN&ceid=IN:en
2026-07-31 12:47:35,710 | INFO | News RSS status for DIVISLAB: 200
2026-07-31 12:47:37,316 | INFO | News RSS query for EICHERMOT: https://news.google.com/rss/search?q=%22Eicher+Motors+Ltd.%22+NSE+when:10d&hl=en-IN&gl=IN&ceid=IN:en
2026-07-31 12:47:39,430 | INFO | News RSS status for EICHERMOT: 200
2026-07-31 12:47:39,921 | INFO | News RSS query for ETERNAL: https://news.google.com/rss/search?q=%22Eternal+Ltd.%22+NSE+when:10d&hl=en-IN&gl=IN&ceid=IN:en
2026-07-31 12:47:40,174 | INFO | News RSS status for ETERNAL: 200
2026-07-31 12:47:40,619 | INFO | News RSS query for GAIL: https://news.google.com/rss/search?q=%22GAIL+%28India%29+Ltd.%22+NSE+when:10d&hl=en-IN&gl=IN&ceid=IN:en
2026-07-31 12:47:40,857 | INFO | News RSS status for GAIL: 200
2026-07-31 12:47:41,689 | INFO | News RSS query for GRASIM: https://news.google.com/rss/search?q=%22Grasim+Industries+Ltd.%22+NSE+when:10d&hl=en-IN&gl=IN&ceid=IN:en
2026-07-31 12:47:41,939 | INFO | News RSS status for GRASIM: 200
2026-07-31 12:47:42,379 | INFO | News RSS query for HAL: https://news.google.com/rss/search?q=%22Hindustan+Aeronautics+Ltd.%22+NSE+when:10d&hl=en-IN&gl=IN&ceid=IN:en
2026-07-31 12:47:42,581 | INFO | News RSS status for HAL: 200
2026-07-31 12:47:45,835 | INFO | News RSS query for ICICIBANK: https://news.google.com/rss/search?q=%22ICICI+Bank+Ltd.%22+NSE+when:10d&hl=en-IN&gl=IN&ceid=IN:en
2026-07-31 12:47:46,111 | INFO | News RSS status for ICICIBANK: 200
2026-07-31 12:47:46,562 | INFO | News RSS query for INDHOTEL: https://news.google.com/rss/search?q=%22Indian+Hotels+Co.+Ltd.%22+NSE+when:10d&hl=en-IN&gl=IN&ceid=IN:en
2026-07-31 12:47:46,797 | INFO | News RSS status for INDHOTEL: 200
2026-07-31 12:47:46,868 | INFO | News RSS query for INDHOTEL: https://news.google.com/rss/search?q=%22Indian+Hotels+Co.+Ltd.%22+NSE+when:10d&hl=en-IN&gl=IN&ceid=IN:en
2026-07-31 12:47:46,896 | INFO | News RSS status for INDHOTEL: 200
2026-07-31 12:47:47,342 | INFO | News RSS query for INDIGO: https://news.google.com/rss/search?q=%22InterGlobe+Aviation+Ltd.%22+NSE+when:10d&hl=en-IN&gl=IN&ceid=IN:en
2026-07-31 12:47:47,583 | INFO | News RSS status for INDIGO: 200
2026-07-31 12:47:49,740 | INFO | News RSS query for JIOFIN: https://news.google.com/rss/search?q=%22Jio+Financial+Services+Ltd.%22+NSE+when:10d&hl=en-IN&gl=IN&ceid=IN:en
2026-07-31 12:47:49,976 | INFO | News RSS status for JIOFIN: 200
2026-07-31 12:47:50,426 | INFO | News RSS query for JSWSTEEL: https://news.google.com/rss/search?q=%22JSW+Steel+Ltd.%22+NSE+when:10d&hl=en-IN&gl=IN&ceid=IN:en
2026-07-31 12:47:50,651 | INFO | News RSS status for JSWSTEEL: 200
2026-07-31 12:47:50,717 | INFO | News RSS query for JSWSTEEL: https://news.google.com/rss/search?q=%22JSW+Steel+Ltd.%22+NSE+when:10d&hl=en-IN&gl=IN&ceid=IN:en
2026-07-31 12:47:50,744 | INFO | News RSS status for JSWSTEEL: 200
2026-07-31 12:47:50,809 | INFO | News RSS query for JSWSTEEL: https://news.google.com/rss/search?q=%22JSW+Steel+Ltd.%22+NSE+when:10d&hl=en-IN&gl=IN&ceid=IN:en
2026-07-31 12:47:50,836 | INFO | News RSS status for JSWSTEEL: 200
2026-07-31 12:47:51,633 | INFO | News RSS query for LODHA: https://news.google.com/rss/search?q=%22Lodha+Developers+Ltd.%22+NSE+when:10d&hl=en-IN&gl=IN&ceid=IN:en
2026-07-31 12:47:51,850 | INFO | News RSS status for LODHA: 200
2026-07-31 12:47:52,238 | WARNING | Skipping LTM — only 111 bars available (need 220). Extend history_backfill_days in config.json to include this symbol.
2026-07-31 12:47:53,441 | INFO | News RSS query for MAXHEALTH: https://news.google.com/rss/search?q=%22Max+Healthcare+Institute+Ltd.%22+NSE+when:10d&hl=en-IN&gl=IN&ceid=IN:en
2026-07-31 12:47:53,659 | INFO | News RSS status for MAXHEALTH: 200
2026-07-31 12:47:54,487 | INFO | News RSS query for MOTHERSON: https://news.google.com/rss/search?q=%22Samvardhana+Motherson+International+Ltd.%22+NSE+when:10d&hl=en-IN&gl=IN&ceid=IN:en
2026-07-31 12:47:54,711 | INFO | News RSS status for MOTHERSON: 200
2026-07-31 12:47:54,714 | INFO | News RSS query for MOTHERSON: https://news.google.com/rss/search?q=%22Samvardhana+Motherson+International+Ltd.%22+stock+when:10d&hl=en-IN&gl=IN&ceid=IN:en
2026-07-31 12:47:54,943 | INFO | News RSS status for MOTHERSON: 200
2026-07-31 12:47:55,772 | INFO | News RSS query for NESTLEIND: https://news.google.com/rss/search?q=%22Nestle+India+Ltd.%22+NSE+when:10d&hl=en-IN&gl=IN&ceid=IN:en
2026-07-31 12:47:56,010 | INFO | News RSS status for NESTLEIND: 200
2026-07-31 12:47:57,616 | INFO | News RSS query for PIDILITIND: https://news.google.com/rss/search?q=%22Pidilite+Industries+Ltd.%22+NSE+when:10d&hl=en-IN&gl=IN&ceid=IN:en
2026-07-31 12:47:57,819 | INFO | News RSS status for PIDILITIND: 200
2026-07-31 12:47:57,819 | INFO | News RSS query for PIDILITIND: https://news.google.com/rss/search?q=%22Pidilite+Industries+Ltd.%22+stock+when:10d&hl=en-IN&gl=IN&ceid=IN:en
2026-07-31 12:47:58,035 | INFO | News RSS status for PIDILITIND: 200
2026-07-31 12:48:01,166 | INFO | News RSS query for SHRIRAMFIN: https://news.google.com/rss/search?q=%22Shriram+Finance+Ltd.%22+NSE+when:10d&hl=en-IN&gl=IN&ceid=IN:en
2026-07-31 12:48:02,282 | INFO | News RSS status for SHRIRAMFIN: 200
2026-07-31 12:48:02,730 | INFO | News RSS query for SIEMENS: https://news.google.com/rss/search?q=%22Siemens+Ltd.%22+NSE+when:10d&hl=en-IN&gl=IN&ceid=IN:en
2026-07-31 12:48:02,942 | INFO | News RSS status for SIEMENS: 200
2026-07-31 12:48:02,942 | INFO | News RSS query for SIEMENS: https://news.google.com/rss/search?q=%22Siemens+Ltd.%22+stock+when:10d&hl=en-IN&gl=IN&ceid=IN:en
2026-07-31 12:48:03,208 | INFO | News RSS status for SIEMENS: 200
2026-07-31 12:48:03,651 | INFO | News RSS query for SOLARINDS: https://news.google.com/rss/search?q=%22Solar+Industries+India+Ltd.%22+NSE+when:10d&hl=en-IN&gl=IN&ceid=IN:en
2026-07-31 12:48:03,876 | INFO | News RSS status for SOLARINDS: 200
2026-07-31 12:48:04,323 | INFO | News RSS query for SUNPHARMA: https://news.google.com/rss/search?q=%22Sun+Pharmaceutical+Industries+Ltd.%22+NSE+when:10d&hl=en-IN&gl=IN&ceid=IN:en
2026-07-31 12:48:04,559 | INFO | News RSS status for SUNPHARMA: 200
2026-07-31 12:48:04,564 | WARNING | Skipping TATACAP — only 199 bars available (need 220). Extend history_backfill_days in config.json to include this symbol.
2026-07-31 12:48:06,538 | INFO | News RSS query for TECHM: https://news.google.com/rss/search?q=%22Tech+Mahindra+Ltd.%22+NSE+when:10d&hl=en-IN&gl=IN&ceid=IN:en
2026-07-31 12:48:06,790 | INFO | News RSS status for TECHM: 200
2026-07-31 12:48:07,233 | INFO | News RSS query for TITAN: https://news.google.com/rss/search?q=%22Titan+Company+Ltd.%22+NSE+when:10d&hl=en-IN&gl=IN&ceid=IN:en
2026-07-31 12:48:07,454 | INFO | News RSS status for TITAN: 200
2026-07-31 12:48:07,460 | WARNING | Skipping TMCV — only 179 bars available (need 220). Extend history_backfill_days in config.json to include this symbol.
2026-07-31 12:48:07,461 | WARNING | Skipping TMPV — only 196 bars available (need 220). Extend history_backfill_days in config.json to include this symbol.
2026-07-31 12:48:07,908 | INFO | News RSS query for TORNTPHARM: https://news.google.com/rss/search?q=%22Torrent+Pharmaceuticals+Ltd.%22+NSE+when:10d&hl=en-IN&gl=IN&ceid=IN:en
2026-07-31 12:48:08,169 | INFO | News RSS status for TORNTPHARM: 200
2026-07-31 12:48:08,993 | INFO | News RSS query for TVSMOTOR: https://news.google.com/rss/search?q=%22TVS+Motor+Company+Ltd.%22+NSE+when:10d&hl=en-IN&gl=IN&ceid=IN:en
2026-07-31 12:48:09,238 | INFO | News RSS status for TVSMOTOR: 200
2026-07-31 12:48:10,061 | INFO | News RSS query for UNIONBANK: https://news.google.com/rss/search?q=%22Union+Bank+of+India%22+NSE+when:10d&hl=en-IN&gl=IN&ceid=IN:en
2026-07-31 12:48:10,372 | INFO | News RSS status for UNIONBANK: 200
2026-07-31 12:48:10,437 | INFO | News RSS query for UNIONBANK: https://news.google.com/rss/search?q=%22Union+Bank+of+India%22+NSE+when:10d&hl=en-IN&gl=IN&ceid=IN:en
2026-07-31 12:48:10,470 | INFO | News RSS status for UNIONBANK: 200
2026-07-31 12:48:10,686 | INFO | News RSS query for UNITDSPR: https://news.google.com/rss/search?q=%22United+Spirits+Ltd.%22+NSE+when:10d&hl=en-IN&gl=IN&ceid=IN:en
2026-07-31 12:48:10,912 | INFO | News RSS status for UNITDSPR: 200
2026-07-31 12:48:10,918 | WARNING | Skipping VAML — only 6 bars available (need 220). Extend history_backfill_days in config.json to include this symbol.
2026-07-31 12:48:11,680 | WARNING | Skipping VEDPOWER — only 4 bars available (need 220). Extend history_backfill_days in config.json to include this symbol.
2026-07-31 12:48:11,680 | WARNING | Skipping VISL — only 4 bars available (need 220). Extend history_backfill_days in config.json to include this symbol.
2026-07-31 12:48:11,681 | WARNING | Skipping VOGL — only 7 bars available (need 220). Extend history_backfill_days in config.json to include this symbol.
2026-07-31 12:48:12,448 | INFO | Index membership from cache: NIFTY 50 (50 symbols)
2026-07-31 12:48:12,448 | INFO | Index membership from cache: Nifty Next 50 (50 symbols)
2026-07-31 12:48:12,448 | INFO | Index membership ready: 100 symbols mapped
2026-07-31 12:48:12,448 | INFO | Market Health: fetching index OHLCV...
2026-07-31 12:48:13,971 | WARNING | niftyindices failed NIFTY 50 2026-07-28-2026-07-31: Expecting value: line 1 column 2 (char 1)
2026-07-31 12:48:14,270 | INFO | Index OHLCV via yfinance (^NSEI) for NIFTY 50: 1433 rows
2026-07-31 12:48:14,274 | INFO | Index OHLCV cache fresh for NIFTY NEXT 50 (1431 rows)
2026-07-31 12:48:14,274 | INFO | Market Health: fetching VIX...
2026-07-31 12:48:15,644 | WARNING | niftyindices VIX failed 2026-07-28-2026-07-31: Expecting value: line 1 column 2 (char 1)
2026-07-31 12:48:15,842 | INFO | VIX via yfinance (^INDIAVIX): 131 rows
2026-07-31 12:48:15,843 | INFO | Market Health: updating breadth EMA cache...
2026-07-31 12:48:17,611 | INFO | Breadth EMA cache: 132664 total rows (+100)
2026-07-31 12:48:17,633 | INFO | Market Health [NIFTY 50]: Score=46.0 | Weak Bull &#x1F7E1;
2026-07-31 12:48:17,650 | INFO | Market Health [Nifty Next 50]: Score=10.0 | Sideways &#x1F7E0;
2026-07-31 12:48:17,723 | INFO | Signal log: appended 7 new signals. Total rows: 562
2026-07-31 12:48:17,723 | INFO | Signal log written/updated: /home/runner/work/nifty100-reporter/nifty100-reporter/data/nifty100_signal_log.csv
2026-07-31 12:48:19,014 | INFO | Signal tracker: updated 196 Active signal rows.
2026-07-31 12:48:19,031 | INFO | HTML report written: /home/runner/work/nifty100-reporter/nifty100-reporter/reports/nifty100_daily_report_20260731.html
2026-07-31 12:48:19,039 | INFO | Market Health Excel sheet written.
2026-07-31 12:48:20,112 | INFO | Excel report written: /home/runner/work/nifty100-reporter/nifty100-reporter/reports/nifty100_daily_report_20260731.xlsx
2026-07-31 12:48:20,112 | INFO | GitHub Actions detected — skipping Gmail API send (workflow handles email).
2026-07-31 12:48:20,112 | INFO | Run completed successfully.
2026-07-31 12:48:20,112 | INFO | Artifacts: /home/runner/work/nifty100-reporter/nifty100-reporter/reports/nifty100_daily_report_20260731.html | /home/runner/work/nifty100-reporter/nifty100-reporter/reports/nifty100_daily_report_20260731.xlsx | log: /home/runner/work/nifty100-reporter/nifty100-reporter/logs/run_20260731_181625.log
