2026-07-13 12:46:00,735 | INFO | Nifty 100 Daily EMA Cross Reporter | Version 3.3.8 | Released 2026-04-17
2026-07-13 12:46:00,735 | INFO | Base directory: /home/runner/work/nifty100-reporter/nifty100-reporter
2026-07-13 12:46:00,735 | INFO | Loaded config. Email enabled: True | Recipients: 1
2026-07-13 12:46:00,896 | WARNING | NSE session bootstrap HTTP 403 (attempt 1/5) — refreshing NSE session cookie …
2026-07-13 12:46:11,447 | INFO | NSE session bootstrap status: 200
2026-07-13 12:46:11,448 | INFO | Downloading Nifty 100 universe from https://www.niftyindices.com/IndexConstituent/ind_nifty100list.csv
2026-07-13 12:46:12,047 | INFO | Universe download status: 200
2026-07-13 12:46:12,052 | INFO | Universe rows loaded: 100
2026-07-13 12:46:12,158 | INFO | Loaded history rows: 131254
2026-07-13 12:46:12,165 | INFO | yfinance history update: 100 symbols | 2026-07-09 → 2026-07-14
2026-07-13 12:46:12,165 | INFO | yfinance batch download: 100 symbols | 2026-07-09 → 2026-07-14
2026-07-13 12:46:12,167 | INFO | Failed to create TzCache, reason: Error creating TzCache folder: '/home/runner/.cache/py-yfinance' reason: [Errno 17] File exists: '/home/runner/.cache/py-yfinance'. TzCache will not be used. Tip: You can direct cache to use a different location with 'set_tz_cache_location(mylocation)'
2026-07-13 12:46:21,268 | INFO | yfinance raw shape: (3, 500)
2026-07-13 12:46:21,559 | INFO | yfinance parsed rows after date-filter: 300
2026-07-13 12:46:21,561 | INFO | New rows from yfinance: 300
2026-07-13 12:46:22,432 | INFO | Saved history rows: 131354 | file: /home/runner/work/nifty100-reporter/nifty100-reporter/data/nifty100_ohlcv_history.csv
2026-07-13 12:46:22,534 | INFO | Loaded history rows: 131354
2026-07-13 12:46:22,535 | INFO | Latest OHLCV data is from 2026-07-13
2026-07-13 12:46:22,558 | INFO | Latest Delivery data is from 2026-07-10
2026-07-13 12:46:22,602 | INFO | Delivery cache has 30 dates — skipping backfill.
2026-07-13 12:46:22,603 | INFO | Delivery fetch attempt [0/7] — URL: https://archives.nseindia.com/products/content/sec_bhavdata_full_13072026.csv
2026-07-13 12:46:23,094 | INFO | Delivery fetch SUCCESS — date: 2026-07-13 | size: 371509 bytes | URL: https://archives.nseindia.com/products/content/sec_bhavdata_full_13072026.csv
2026-07-13 12:46:23,444 | INFO | Delivery cache updated: 2378 symbols for 2026-07-13 (rows in cache: 74952)
2026-07-13 12:46:23,445 | INFO | Delivery data: 2378 symbols | fallback=False
2026-07-13 12:46:24,028 | INFO | Corporate actions bulk OK: 163 raw rows | 14 Nifty100 symbols with events
2026-07-13 12:46:55,033 | INFO | Corporate actions: 14/100 symbols have events (window 13-07-2026 to 12-08-2026) | Symbols: BOSCHLTD, BRITANNIA, CHOLAFIN, CUMMINSIND, DIVISLAB, KOTAKBANK, MARUTI, MOTHERSON, PFC, PIDILITIND, SHREECEM, SOLARINDS, TCS, ZYDUSLIFE
2026-07-13 12:46:55,033 | INFO | Index membership from cache: NIFTY 50 (50 symbols)
2026-07-13 12:46:55,033 | INFO | Index membership from cache: Nifty Next 50 (50 symbols)
2026-07-13 12:46:55,033 | INFO | Index membership ready: 100 symbols mapped
2026-07-13 12:46:55,746 | INFO | News RSS query for ADANIENSOL: https://news.google.com/rss/search?q=%22Adani+Energy+Solutions+Ltd.%22+NSE+when:10d&hl=en-IN&gl=IN&ceid=IN:en
2026-07-13 12:46:56,149 | INFO | News RSS status for ADANIENSOL: 200
2026-07-13 12:46:56,619 | INFO | News RSS query for ADANIENT: https://news.google.com/rss/search?q=%22Adani+Enterprises+Ltd.%22+NSE+when:10d&hl=en-IN&gl=IN&ceid=IN:en
2026-07-13 12:46:56,865 | INFO | News RSS status for ADANIENT: 200
2026-07-13 12:46:57,345 | INFO | News RSS query for ADANIGREEN: https://news.google.com/rss/search?q=%22Adani+Green+Energy+Ltd.%22+NSE+when:10d&hl=en-IN&gl=IN&ceid=IN:en
2026-07-13 12:46:57,683 | INFO | News RSS status for ADANIGREEN: 200
2026-07-13 12:46:57,752 | INFO | News RSS query for ADANIGREEN: https://news.google.com/rss/search?q=%22Adani+Green+Energy+Ltd.%22+NSE+when:10d&hl=en-IN&gl=IN&ceid=IN:en
2026-07-13 12:46:57,766 | INFO | News RSS status for ADANIGREEN: 200
2026-07-13 12:46:58,247 | INFO | News RSS query for ADANIPORTS: https://news.google.com/rss/search?q=%22Adani+Ports+and+Special+Economic+Zone+Ltd.%22+NSE+when:10d&hl=en-IN&gl=IN&ceid=IN:en
2026-07-13 12:46:58,478 | INFO | News RSS status for ADANIPORTS: 200
2026-07-13 12:46:58,540 | INFO | News RSS query for ADANIPORTS: https://news.google.com/rss/search?q=%22Adani+Ports+and+Special+Economic+Zone+Ltd.%22+NSE+when:10d&hl=en-IN&gl=IN&ceid=IN:en
2026-07-13 12:46:58,554 | INFO | News RSS status for ADANIPORTS: 200
2026-07-13 12:46:59,863 | INFO | News RSS query for APOLLOHOSP: https://news.google.com/rss/search?q=%22Apollo+Hospitals+Enterprise+Ltd.%22+NSE+when:10d&hl=en-IN&gl=IN&ceid=IN:en
2026-07-13 12:47:00,074 | INFO | News RSS status for APOLLOHOSP: 200
2026-07-13 12:47:00,075 | INFO | News RSS query for APOLLOHOSP: https://news.google.com/rss/search?q=%22Apollo+Hospitals+Enterprise+Ltd.%22+stock+when:10d&hl=en-IN&gl=IN&ceid=IN:en
2026-07-13 12:47:00,364 | INFO | News RSS status for APOLLOHOSP: 200
2026-07-13 12:47:01,679 | INFO | News RSS query for BAJAJ-AUTO: https://news.google.com/rss/search?q=%22Bajaj+Auto+Ltd.%22+NSE+when:10d&hl=en-IN&gl=IN&ceid=IN:en
2026-07-13 12:47:01,899 | INFO | News RSS status for BAJAJ-AUTO: 200
2026-07-13 12:47:03,232 | INFO | News RSS query for BAJFINANCE: https://news.google.com/rss/search?q=%22Bajaj+Finance+Ltd.%22+NSE+when:10d&hl=en-IN&gl=IN&ceid=IN:en
2026-07-13 12:47:03,486 | INFO | News RSS status for BAJFINANCE: 200
2026-07-13 12:47:05,251 | INFO | News RSS query for BOSCHLTD: https://news.google.com/rss/search?q=%22Bosch+Ltd.%22+NSE+when:10d&hl=en-IN&gl=IN&ceid=IN:en
2026-07-13 12:47:05,473 | INFO | News RSS status for BOSCHLTD: 200
2026-07-13 12:47:07,646 | INFO | News RSS query for CHOLAFIN: https://news.google.com/rss/search?q=%22Cholamandalam+Investment+and+Finance+Company+Ltd.%22+NSE+when:10d&hl=en-IN&gl=IN&ceid=IN:en
2026-07-13 12:47:07,901 | INFO | News RSS status for CHOLAFIN: 200
2026-07-13 12:47:09,231 | INFO | News RSS query for CUMMINSIND: https://news.google.com/rss/search?q=%22Cummins+India+Ltd.%22+NSE+when:10d&hl=en-IN&gl=IN&ceid=IN:en
2026-07-13 12:47:09,437 | INFO | News RSS status for CUMMINSIND: 200
2026-07-13 12:47:09,439 | INFO | News RSS query for CUMMINSIND: https://news.google.com/rss/search?q=%22Cummins+India+Ltd.%22+stock+when:10d&hl=en-IN&gl=IN&ceid=IN:en
2026-07-13 12:47:09,666 | INFO | News RSS status for CUMMINSIND: 200
2026-07-13 12:47:10,141 | INFO | News RSS query for DIVISLAB: https://news.google.com/rss/search?q=%22Divi%27s+Laboratories+Ltd.%22+NSE+when:10d&hl=en-IN&gl=IN&ceid=IN:en
2026-07-13 12:47:10,370 | INFO | News RSS status for DIVISLAB: 200
2026-07-13 12:47:10,373 | INFO | News RSS query for DIVISLAB: https://news.google.com/rss/search?q=%22Divi%27s+Laboratories+Ltd.%22+stock+when:10d&hl=en-IN&gl=IN&ceid=IN:en
2026-07-13 12:47:10,586 | INFO | News RSS status for DIVISLAB: 200
2026-07-13 12:47:12,315 | INFO | News RSS query for EICHERMOT: https://news.google.com/rss/search?q=%22Eicher+Motors+Ltd.%22+NSE+when:10d&hl=en-IN&gl=IN&ceid=IN:en
2026-07-13 12:47:12,528 | INFO | News RSS status for EICHERMOT: 200
2026-07-13 12:47:13,454 | INFO | News RSS query for GAIL: https://news.google.com/rss/search?q=%22GAIL+%28India%29+Ltd.%22+NSE+when:10d&hl=en-IN&gl=IN&ceid=IN:en
2026-07-13 12:47:13,711 | INFO | News RSS status for GAIL: 200
2026-07-13 12:47:14,646 | INFO | News RSS query for GRASIM: https://news.google.com/rss/search?q=%22Grasim+Industries+Ltd.%22+NSE+when:10d&hl=en-IN&gl=IN&ceid=IN:en
2026-07-13 12:47:14,875 | INFO | News RSS status for GRASIM: 200
2026-07-13 12:47:14,941 | INFO | News RSS query for GRASIM: https://news.google.com/rss/search?q=%22Grasim+Industries+Ltd.%22+NSE+when:10d&hl=en-IN&gl=IN&ceid=IN:en
2026-07-13 12:47:14,954 | INFO | News RSS status for GRASIM: 200
2026-07-13 12:47:15,018 | INFO | News RSS query for GRASIM: https://news.google.com/rss/search?q=%22Grasim+Industries+Ltd.%22+NSE+when:10d&hl=en-IN&gl=IN&ceid=IN:en
2026-07-13 12:47:15,031 | INFO | News RSS status for GRASIM: 200
2026-07-13 12:47:15,500 | INFO | News RSS query for HAL: https://news.google.com/rss/search?q=%22Hindustan+Aeronautics+Ltd.%22+NSE+when:10d&hl=en-IN&gl=IN&ceid=IN:en
2026-07-13 12:47:15,730 | INFO | News RSS status for HAL: 200
2026-07-13 12:47:15,796 | INFO | News RSS query for HAL: https://news.google.com/rss/search?q=%22Hindustan+Aeronautics+Ltd.%22+NSE+when:10d&hl=en-IN&gl=IN&ceid=IN:en
2026-07-13 12:47:15,810 | INFO | News RSS status for HAL: 200
2026-07-13 12:47:16,712 | INFO | News RSS query for HDFCAMC: https://news.google.com/rss/search?q=%22HDFC+Asset+Management+Company+Ltd.%22+NSE+when:10d&hl=en-IN&gl=IN&ceid=IN:en
2026-07-13 12:47:16,963 | INFO | News RSS status for HDFCAMC: 200
2026-07-13 12:47:19,699 | INFO | News RSS query for ICICIBANK: https://news.google.com/rss/search?q=%22ICICI+Bank+Ltd.%22+NSE+when:10d&hl=en-IN&gl=IN&ceid=IN:en
2026-07-13 12:47:19,960 | INFO | News RSS status for ICICIBANK: 200
2026-07-13 12:47:20,025 | INFO | News RSS query for ICICIBANK: https://news.google.com/rss/search?q=%22ICICI+Bank+Ltd.%22+NSE+when:10d&hl=en-IN&gl=IN&ceid=IN:en
2026-07-13 12:47:20,039 | INFO | News RSS status for ICICIBANK: 200
2026-07-13 12:47:20,524 | INFO | News RSS query for INDHOTEL: https://news.google.com/rss/search?q=%22Indian+Hotels+Co.+Ltd.%22+NSE+when:10d&hl=en-IN&gl=IN&ceid=IN:en
2026-07-13 12:47:20,742 | INFO | News RSS status for INDHOTEL: 200
2026-07-13 12:47:20,744 | INFO | News RSS query for INDHOTEL: https://news.google.com/rss/search?q=%22Indian+Hotels+Co.+Ltd.%22+stock+when:10d&hl=en-IN&gl=IN&ceid=IN:en
2026-07-13 12:47:20,982 | INFO | News RSS status for INDHOTEL: 200
2026-07-13 12:47:21,468 | INFO | News RSS query for INDIGO: https://news.google.com/rss/search?q=%22InterGlobe+Aviation+Ltd.%22+NSE+when:10d&hl=en-IN&gl=IN&ceid=IN:en
2026-07-13 12:47:21,689 | INFO | News RSS status for INDIGO: 200
2026-07-13 12:47:21,691 | INFO | News RSS query for INDIGO: https://news.google.com/rss/search?q=%22InterGlobe+Aviation+Ltd.%22+stock+when:10d&hl=en-IN&gl=IN&ceid=IN:en
2026-07-13 12:47:21,933 | INFO | News RSS status for INDIGO: 200
2026-07-13 12:47:21,996 | INFO | News RSS query for INDIGO: https://news.google.com/rss/search?q=%22InterGlobe+Aviation+Ltd.%22+NSE+when:10d&hl=en-IN&gl=IN&ceid=IN:en
2026-07-13 12:47:22,010 | INFO | News RSS status for INDIGO: 200
2026-07-13 12:47:22,012 | INFO | News RSS query for INDIGO: https://news.google.com/rss/search?q=%22InterGlobe+Aviation+Ltd.%22+stock+when:10d&hl=en-IN&gl=IN&ceid=IN:en
2026-07-13 12:47:22,026 | INFO | News RSS status for INDIGO: 200
2026-07-13 12:47:24,367 | INFO | News RSS query for JIOFIN: https://news.google.com/rss/search?q=%22Jio+Financial+Services+Ltd.%22+NSE+when:10d&hl=en-IN&gl=IN&ceid=IN:en
2026-07-13 12:47:24,601 | INFO | News RSS status for JIOFIN: 200
2026-07-13 12:47:26,237 | WARNING | Skipping LTM — only 97 bars available (need 220). Extend history_backfill_days in config.json to include this symbol.
2026-07-13 12:47:27,568 | INFO | News RSS query for MAXHEALTH: https://news.google.com/rss/search?q=%22Max+Healthcare+Institute+Ltd.%22+NSE+when:10d&hl=en-IN&gl=IN&ceid=IN:en
2026-07-13 12:47:27,789 | INFO | News RSS status for MAXHEALTH: 200
2026-07-13 12:47:28,691 | INFO | News RSS query for MOTHERSON: https://news.google.com/rss/search?q=%22Samvardhana+Motherson+International+Ltd.%22+NSE+when:10d&hl=en-IN&gl=IN&ceid=IN:en
2026-07-13 12:47:28,885 | INFO | News RSS status for MOTHERSON: 200
2026-07-13 12:47:28,951 | INFO | News RSS query for MOTHERSON: https://news.google.com/rss/search?q=%22Samvardhana+Motherson+International+Ltd.%22+NSE+when:10d&hl=en-IN&gl=IN&ceid=IN:en
2026-07-13 12:47:28,965 | INFO | News RSS status for MOTHERSON: 200
2026-07-13 12:47:29,862 | INFO | News RSS query for NESTLEIND: https://news.google.com/rss/search?q=%22Nestle+India+Ltd.%22+NSE+when:10d&hl=en-IN&gl=IN&ceid=IN:en
2026-07-13 12:47:30,092 | INFO | News RSS status for NESTLEIND: 200
2026-07-13 12:47:30,158 | INFO | News RSS query for NESTLEIND: https://news.google.com/rss/search?q=%22Nestle+India+Ltd.%22+NSE+when:10d&hl=en-IN&gl=IN&ceid=IN:en
2026-07-13 12:47:30,172 | INFO | News RSS status for NESTLEIND: 200
2026-07-13 12:47:31,911 | INFO | News RSS query for PIDILITIND: https://news.google.com/rss/search?q=%22Pidilite+Industries+Ltd.%22+NSE+when:10d&hl=en-IN&gl=IN&ceid=IN:en
2026-07-13 12:47:32,124 | INFO | News RSS status for PIDILITIND: 200
2026-07-13 12:47:32,125 | INFO | News RSS query for PIDILITIND: https://news.google.com/rss/search?q=%22Pidilite+Industries+Ltd.%22+stock+when:10d&hl=en-IN&gl=IN&ceid=IN:en
2026-07-13 12:47:32,327 | INFO | News RSS status for PIDILITIND: 200
2026-07-13 12:47:32,391 | INFO | News RSS query for PIDILITIND: https://news.google.com/rss/search?q=%22Pidilite+Industries+Ltd.%22+NSE+when:10d&hl=en-IN&gl=IN&ceid=IN:en
2026-07-13 12:47:32,405 | INFO | News RSS status for PIDILITIND: 200
2026-07-13 12:47:32,406 | INFO | News RSS query for PIDILITIND: https://news.google.com/rss/search?q=%22Pidilite+Industries+Ltd.%22+stock+when:10d&hl=en-IN&gl=IN&ceid=IN:en
2026-07-13 12:47:32,420 | INFO | News RSS status for PIDILITIND: 200
2026-07-13 12:47:34,992 | INFO | News RSS query for SBIN: https://news.google.com/rss/search?q=%22State+Bank+of+India%22+NSE+when:10d&hl=en-IN&gl=IN&ceid=IN:en
2026-07-13 12:47:35,308 | INFO | News RSS status for SBIN: 200
2026-07-13 12:47:36,198 | INFO | News RSS query for SHRIRAMFIN: https://news.google.com/rss/search?q=%22Shriram+Finance+Ltd.%22+NSE+when:10d&hl=en-IN&gl=IN&ceid=IN:en
2026-07-13 12:47:36,392 | INFO | News RSS status for SHRIRAMFIN: 200
2026-07-13 12:47:37,289 | INFO | News RSS query for SOLARINDS: https://news.google.com/rss/search?q=%22Solar+Industries+India+Ltd.%22+NSE+when:10d&hl=en-IN&gl=IN&ceid=IN:en
2026-07-13 12:47:37,528 | INFO | News RSS status for SOLARINDS: 200
2026-07-13 12:47:37,594 | INFO | News RSS query for SOLARINDS: https://news.google.com/rss/search?q=%22Solar+Industries+India+Ltd.%22+NSE+when:10d&hl=en-IN&gl=IN&ceid=IN:en
2026-07-13 12:47:37,608 | INFO | News RSS status for SOLARINDS: 200
2026-07-13 12:47:38,083 | INFO | News RSS query for SUNPHARMA: https://news.google.com/rss/search?q=%22Sun+Pharmaceutical+Industries+Ltd.%22+NSE+when:10d&hl=en-IN&gl=IN&ceid=IN:en
2026-07-13 12:47:38,323 | INFO | News RSS status for SUNPHARMA: 200
2026-07-13 12:47:38,329 | WARNING | Skipping TATACAP — only 185 bars available (need 220). Extend history_backfill_days in config.json to include this symbol.
2026-07-13 12:47:40,468 | INFO | News RSS query for TECHM: https://news.google.com/rss/search?q=%22Tech+Mahindra+Ltd.%22+NSE+when:10d&hl=en-IN&gl=IN&ceid=IN:en
2026-07-13 12:47:40,735 | INFO | News RSS status for TECHM: 200
2026-07-13 12:47:41,217 | INFO | News RSS query for TITAN: https://news.google.com/rss/search?q=%22Titan+Company+Ltd.%22+NSE+when:10d&hl=en-IN&gl=IN&ceid=IN:en
2026-07-13 12:47:41,444 | INFO | News RSS status for TITAN: 200
2026-07-13 12:47:41,449 | WARNING | Skipping TMCV — only 165 bars available (need 220). Extend history_backfill_days in config.json to include this symbol.
2026-07-13 12:47:41,449 | WARNING | Skipping TMPV — only 182 bars available (need 220). Extend history_backfill_days in config.json to include this symbol.
2026-07-13 12:47:41,932 | INFO | News RSS query for TORNTPHARM: https://news.google.com/rss/search?q=%22Torrent+Pharmaceuticals+Ltd.%22+NSE+when:10d&hl=en-IN&gl=IN&ceid=IN:en
2026-07-13 12:47:42,154 | INFO | News RSS status for TORNTPHARM: 200
2026-07-13 12:47:43,059 | INFO | News RSS query for TVSMOTOR: https://news.google.com/rss/search?q=%22TVS+Motor+Company+Ltd.%22+NSE+when:10d&hl=en-IN&gl=IN&ceid=IN:en
2026-07-13 12:47:43,298 | INFO | News RSS status for TVSMOTOR: 200
2026-07-13 12:47:44,309 | WARNING | Skipping VAML — only 6 bars available (need 220). Extend history_backfill_days in config.json to include this symbol.
2026-07-13 12:47:45,155 | WARNING | Skipping VEDPOWER — only 4 bars available (need 220). Extend history_backfill_days in config.json to include this symbol.
2026-07-13 12:47:45,155 | WARNING | Skipping VISL — only 4 bars available (need 220). Extend history_backfill_days in config.json to include this symbol.
2026-07-13 12:47:45,156 | WARNING | Skipping VOGL — only 7 bars available (need 220). Extend history_backfill_days in config.json to include this symbol.
2026-07-13 12:47:46,080 | INFO | News RSS query for ZYDUSLIFE: https://news.google.com/rss/search?q=%22Zydus+Lifesciences+Ltd.%22+NSE+when:10d&hl=en-IN&gl=IN&ceid=IN:en
2026-07-13 12:47:46,312 | INFO | News RSS status for ZYDUSLIFE: 200
2026-07-13 12:47:46,314 | INFO | News RSS query for ZYDUSLIFE: https://news.google.com/rss/search?q=%22Zydus+Lifesciences+Ltd.%22+stock+when:10d&hl=en-IN&gl=IN&ceid=IN:en
2026-07-13 12:47:46,583 | INFO | News RSS status for ZYDUSLIFE: 200
2026-07-13 12:47:46,594 | INFO | Index membership from cache: NIFTY 50 (50 symbols)
2026-07-13 12:47:46,594 | INFO | Index membership from cache: Nifty Next 50 (50 symbols)
2026-07-13 12:47:46,594 | INFO | Index membership ready: 100 symbols mapped
2026-07-13 12:47:46,595 | INFO | Market Health: fetching index OHLCV...
2026-07-13 12:47:46,598 | INFO | Index OHLCV cache fresh for NIFTY 50 (1419 rows)
2026-07-13 12:47:46,600 | INFO | Index OHLCV cache fresh for NIFTY NEXT 50 (1419 rows)
2026-07-13 12:47:46,600 | INFO | Market Health: fetching VIX...
2026-07-13 12:47:46,602 | INFO | VIX cache fresh (117 rows)
2026-07-13 12:47:46,602 | INFO | Market Health: updating breadth EMA cache...
2026-07-13 12:47:48,457 | INFO | Breadth EMA cache: 131264 total rows (+100)
2026-07-13 12:47:48,479 | INFO | Market Health [NIFTY 50]: Score=26.0 | Weak Bull &#x1F7E1;
2026-07-13 12:47:48,497 | INFO | Market Health [Nifty Next 50]: Score=-22.0 | Weak Bear &#x1F534;
2026-07-13 12:47:48,611 | INFO | Signal log: appended 14 new signals. Total rows: 442
2026-07-13 12:47:48,612 | INFO | Signal log written/updated: /home/runner/work/nifty100-reporter/nifty100-reporter/data/nifty100_signal_log.csv
2026-07-13 12:47:49,776 | INFO | Signal tracker: updated 171 Active signal rows.
2026-07-13 12:47:49,792 | INFO | HTML report written: /home/runner/work/nifty100-reporter/nifty100-reporter/reports/nifty100_daily_report_20260713.html
2026-07-13 12:47:49,800 | INFO | Market Health Excel sheet written.
2026-07-13 12:47:50,574 | INFO | Excel report written: /home/runner/work/nifty100-reporter/nifty100-reporter/reports/nifty100_daily_report_20260713.xlsx
2026-07-13 12:47:50,575 | INFO | GitHub Actions detected — skipping Gmail API send (workflow handles email).
2026-07-13 12:47:50,575 | INFO | Run completed successfully.
2026-07-13 12:47:50,575 | INFO | Artifacts: /home/runner/work/nifty100-reporter/nifty100-reporter/reports/nifty100_daily_report_20260713.html | /home/runner/work/nifty100-reporter/nifty100-reporter/reports/nifty100_daily_report_20260713.xlsx | log: /home/runner/work/nifty100-reporter/nifty100-reporter/logs/run_20260713_181600.log
