2026-09-18 12:46:02,723 | INFO | Nifty 100 Daily EMA Cross Reporter | Version 3.3.8 | Released 2026-04-17
2026-09-18 12:46:02,723 | INFO | Base directory: /home/runner/work/nifty100-reporter/nifty100-reporter
2026-09-18 12:46:02,724 | INFO | Loaded config. Email enabled: True | Recipients: 1
2026-09-18 12:46:02,837 | WARNING | NSE session bootstrap HTTP 403 (attempt 1/5) — refreshing NSE session cookie …
2026-09-18 12:46:13,124 | INFO | NSE session bootstrap status: 200
2026-09-18 12:46:13,124 | INFO | Downloading Nifty 100 universe from https://www.niftyindices.com/IndexConstituent/ind_nifty100list.csv
2026-09-18 12:46:13,570 | INFO | Universe download status: 200
2026-09-18 12:46:13,573 | INFO | Universe rows loaded: 100
2026-09-18 12:46:13,644 | INFO | Loaded history rows: 136144
2026-09-18 12:46:13,649 | INFO | yfinance history update: 100 symbols | 2026-09-16 → 2026-09-19
2026-09-18 12:46:13,649 | INFO | yfinance batch download: 100 symbols | 2026-09-16 → 2026-09-19
2026-09-18 12:46:13,650 | INFO | Failed to create TzCache, reason: Error creating TzCache folder: '/home/runner/.cache/py-yfinance' reason: [Errno 17] File exists: '/home/runner/.cache/py-yfinance'. TzCache will not be used. Tip: You can direct cache to use a different location with 'set_tz_cache_location(mylocation)'
2026-09-18 12:46:19,583 | INFO | yfinance raw shape: (3, 500)
2026-09-18 12:46:19,750 | INFO | yfinance parsed rows after date-filter: 275
2026-09-18 12:46:19,751 | INFO | New rows from yfinance: 275
2026-09-18 12:46:20,295 | INFO | Saved history rows: 136244 | file: /home/runner/work/nifty100-reporter/nifty100-reporter/data/nifty100_ohlcv_history.csv
2026-09-18 12:46:20,359 | INFO | Loaded history rows: 136244
2026-09-18 12:46:20,359 | INFO | Latest OHLCV data is from 2026-09-18
2026-09-18 12:46:20,376 | INFO | Latest Delivery data is from 2026-09-17
2026-09-18 12:46:20,403 | INFO | Delivery cache has 33 dates — skipping backfill.
2026-09-18 12:46:20,403 | INFO | Delivery fetch attempt [0/7] — URL: https://archives.nseindia.com/products/content/sec_bhavdata_full_18092026.csv
2026-09-18 12:46:20,891 | INFO | Delivery fetch SUCCESS — date: 2026-09-18 | size: 397444 bytes | URL: https://archives.nseindia.com/products/content/sec_bhavdata_full_18092026.csv
2026-09-18 12:46:21,243 | INFO | Delivery cache updated: 2647 symbols for 2026-09-18 (rows in cache: 85245)
2026-09-18 12:46:21,244 | INFO | Delivery data: 2647 symbols | fallback=False
2026-09-18 12:46:21,915 | INFO | Corporate actions bulk OK: 107 raw rows | 1 Nifty100 symbols with events
2026-09-18 12:46:59,000 | INFO | Corporate actions: 1/100 symbols have events (window 18-09-2026 to 18-10-2026) | Symbols: BAJAJHLDNG
2026-09-18 12:46:59,001 | INFO | Index membership from cache: NIFTY 50 (50 symbols)
2026-09-18 12:46:59,001 | INFO | Index membership from cache: Nifty Next 50 (50 symbols)
2026-09-18 12:46:59,001 | INFO | Index membership ready: 100 symbols mapped
2026-09-18 12:47:00,272 | INFO | News RSS query for ADANIPORTS: https://news.google.com/rss/search?q=%22Adani+Ports+and+Special+Economic+Zone+Ltd.%22+NSE+when:10d&hl=en-IN&gl=IN&ceid=IN:en
2026-09-18 12:47:00,568 | INFO | News RSS status for ADANIPORTS: 200
2026-09-18 12:47:00,612 | INFO | News RSS query for ADANIPORTS: https://news.google.com/rss/search?q=%22Adani+Ports+and+Special+Economic+Zone+Ltd.%22+NSE+when:10d&hl=en-IN&gl=IN&ceid=IN:en
2026-09-18 12:47:00,625 | INFO | News RSS status for ADANIPORTS: 200
2026-09-18 12:47:00,667 | INFO | News RSS query for ADANIPORTS: https://news.google.com/rss/search?q=%22Adani+Ports+and+Special+Economic+Zone+Ltd.%22+NSE+when:10d&hl=en-IN&gl=IN&ceid=IN:en
2026-09-18 12:47:00,679 | INFO | News RSS status for ADANIPORTS: 200
2026-09-18 12:47:01,452 | INFO | News RSS query for APOLLOHOSP: https://news.google.com/rss/search?q=%22Apollo+Hospitals+Enterprise+Ltd.%22+NSE+when:10d&hl=en-IN&gl=IN&ceid=IN:en
2026-09-18 12:47:01,670 | INFO | News RSS status for APOLLOHOSP: 200
2026-09-18 12:47:01,714 | INFO | News RSS query for APOLLOHOSP: https://news.google.com/rss/search?q=%22Apollo+Hospitals+Enterprise+Ltd.%22+NSE+when:10d&hl=en-IN&gl=IN&ceid=IN:en
2026-09-18 12:47:01,726 | INFO | News RSS status for APOLLOHOSP: 200
2026-09-18 12:47:01,771 | INFO | News RSS query for APOLLOHOSP: https://news.google.com/rss/search?q=%22Apollo+Hospitals+Enterprise+Ltd.%22+NSE+when:10d&hl=en-IN&gl=IN&ceid=IN:en
2026-09-18 12:47:01,783 | INFO | News RSS status for APOLLOHOSP: 200
2026-09-18 12:47:04,347 | INFO | News RSS query for BOSCHLTD: https://news.google.com/rss/search?q=%22Bosch+Ltd.%22+NSE+when:10d&hl=en-IN&gl=IN&ceid=IN:en
2026-09-18 12:47:04,559 | INFO | News RSS status for BOSCHLTD: 200
2026-09-18 12:47:06,922 | INFO | News RSS query for DIVISLAB: https://news.google.com/rss/search?q=%22Divi%27s+Laboratories+Ltd.%22+NSE+when:10d&hl=en-IN&gl=IN&ceid=IN:en
2026-09-18 12:47:07,110 | INFO | News RSS status for DIVISLAB: 200
2026-09-18 12:47:07,111 | INFO | News RSS query for DIVISLAB: https://news.google.com/rss/search?q=%22Divi%27s+Laboratories+Ltd.%22+stock+when:10d&hl=en-IN&gl=IN&ceid=IN:en
2026-09-18 12:47:07,328 | INFO | News RSS status for DIVISLAB: 200
2026-09-18 12:47:08,617 | INFO | News RSS query for ETERNAL: https://news.google.com/rss/search?q=%22Eternal+Ltd.%22+NSE+when:10d&hl=en-IN&gl=IN&ceid=IN:en
2026-09-18 12:47:08,830 | INFO | News RSS status for ETERNAL: 200
2026-09-18 12:47:14,394 | INFO | News RSS query for KOTAKBANK: https://news.google.com/rss/search?q=%22Kotak+Mahindra+Bank+Ltd.%22+NSE+when:10d&hl=en-IN&gl=IN&ceid=IN:en
2026-09-18 12:47:14,613 | INFO | News RSS status for KOTAKBANK: 200
2026-09-18 12:47:15,102 | WARNING | Skipping LTM — only 146 bars available (need 220). Extend history_backfill_days in config.json to include this symbol.
2026-09-18 12:47:18,245 | INFO | News RSS query for PNB: https://news.google.com/rss/search?q=%22Punjab+National+Bank%22+NSE+when:10d&hl=en-IN&gl=IN&ceid=IN:en
2026-09-18 12:47:18,580 | INFO | News RSS status for PNB: 200
2026-09-18 12:47:22,767 | WARNING | Skipping TMCV — only 214 bars available (need 220). Extend history_backfill_days in config.json to include this symbol.
2026-09-18 12:47:23,632 | INFO | News RSS query for TVSMOTOR: https://news.google.com/rss/search?q=%22TVS+Motor+Company+Ltd.%22+NSE+when:10d&hl=en-IN&gl=IN&ceid=IN:en
2026-09-18 12:47:23,825 | INFO | News RSS status for TVSMOTOR: 200
2026-09-18 12:47:23,827 | INFO | News RSS query for TVSMOTOR: https://news.google.com/rss/search?q=%22TVS+Motor+Company+Ltd.%22+stock+when:10d&hl=en-IN&gl=IN&ceid=IN:en
2026-09-18 12:47:24,040 | INFO | News RSS status for TVSMOTOR: 200
2026-09-18 12:47:24,648 | WARNING | Skipping VAML — only 6 bars available (need 220). Extend history_backfill_days in config.json to include this symbol.
2026-09-18 12:47:25,151 | WARNING | Skipping VEDPOWER — only 4 bars available (need 220). Extend history_backfill_days in config.json to include this symbol.
2026-09-18 12:47:25,151 | WARNING | Skipping VISL — only 4 bars available (need 220). Extend history_backfill_days in config.json to include this symbol.
2026-09-18 12:47:25,151 | WARNING | Skipping VOGL — only 7 bars available (need 220). Extend history_backfill_days in config.json to include this symbol.
2026-09-18 12:47:25,667 | INFO | Index membership from cache: NIFTY 50 (50 symbols)
2026-09-18 12:47:25,667 | INFO | Index membership from cache: Nifty Next 50 (50 symbols)
2026-09-18 12:47:25,667 | INFO | Index membership ready: 100 symbols mapped
2026-09-18 12:47:25,667 | INFO | Market Health: fetching index OHLCV...
2026-09-18 12:47:25,670 | INFO | Index OHLCV cache fresh for NIFTY 50 (1463 rows)
2026-09-18 12:47:25,672 | INFO | Index OHLCV cache fresh for NIFTY NEXT 50 (1460 rows)
2026-09-18 12:47:25,672 | INFO | Market Health: fetching VIX...
2026-09-18 12:47:25,673 | INFO | VIX cache fresh (161 rows)
2026-09-18 12:47:25,673 | INFO | Market Health: updating breadth EMA cache...
2026-09-18 12:47:26,805 | INFO | Breadth EMA cache: 136064 total rows (+100)
2026-09-18 12:47:26,821 | INFO | Market Health [NIFTY 50]: Score=-39.0 | Weak Bear &#x1F534;
2026-09-18 12:47:26,834 | INFO | Market Health [Nifty Next 50]: Score=-32.2 | Weak Bear &#x1F534;
2026-09-18 12:47:26,874 | INFO | Signal log: appended 5 new signals. Total rows: 787
2026-09-18 12:47:26,874 | INFO | Signal log written/updated: /home/runner/work/nifty100-reporter/nifty100-reporter/data/nifty100_signal_log.csv
2026-09-18 12:47:27,383 | INFO | Signal tracker: updated 130 Active signal rows.
2026-09-18 12:47:27,392 | INFO | HTML report written: /home/runner/work/nifty100-reporter/nifty100-reporter/reports/nifty100_daily_report_20260918.html
2026-09-18 12:47:27,397 | INFO | Market Health Excel sheet written.
2026-09-18 12:47:28,341 | INFO | Excel report written: /home/runner/work/nifty100-reporter/nifty100-reporter/reports/nifty100_daily_report_20260918.xlsx
2026-09-18 12:47:28,341 | INFO | GitHub Actions detected — skipping Gmail API send (workflow handles email).
2026-09-18 12:47:28,341 | INFO | Run completed successfully.
2026-09-18 12:47:28,341 | INFO | Artifacts: /home/runner/work/nifty100-reporter/nifty100-reporter/reports/nifty100_daily_report_20260918.html | /home/runner/work/nifty100-reporter/nifty100-reporter/reports/nifty100_daily_report_20260918.xlsx | log: /home/runner/work/nifty100-reporter/nifty100-reporter/logs/run_20260918_181602.log
