2026-08-31 12:45:52,071 | INFO | Nifty 100 Daily EMA Cross Reporter | Version 3.3.8 | Released 2026-04-17
2026-08-31 12:45:52,071 | INFO | Base directory: /home/runner/work/nifty100-reporter/nifty100-reporter
2026-08-31 12:45:52,071 | INFO | Loaded config. Email enabled: True | Recipients: 1
2026-08-31 12:45:52,252 | WARNING | NSE session bootstrap HTTP 403 (attempt 1/5) — refreshing NSE session cookie …
2026-08-31 12:46:02,770 | INFO | NSE session bootstrap status: 200
2026-08-31 12:46:02,770 | INFO | Downloading Nifty 100 universe from https://www.niftyindices.com/IndexConstituent/ind_nifty100list.csv
2026-08-31 12:46:03,198 | INFO | Universe download status: 200
2026-08-31 12:46:03,202 | INFO | Universe rows loaded: 100
2026-08-31 12:46:03,327 | INFO | Loaded history rows: 134754
2026-08-31 12:46:03,334 | INFO | yfinance history update: 100 symbols | 2026-08-27 → 2026-09-01
2026-08-31 12:46:03,334 | INFO | yfinance batch download: 100 symbols | 2026-08-27 → 2026-09-01
2026-08-31 12:46:11,952 | INFO | yfinance raw shape: (3, 500)
2026-08-31 12:46:12,255 | INFO | yfinance parsed rows after date-filter: 283
2026-08-31 12:46:12,256 | INFO | New rows from yfinance: 283
2026-08-31 12:46:13,068 | INFO | Saved history rows: 134854 | file: /home/runner/work/nifty100-reporter/nifty100-reporter/data/nifty100_ohlcv_history.csv
2026-08-31 12:46:13,176 | INFO | Loaded history rows: 134854
2026-08-31 12:46:13,176 | INFO | Latest OHLCV data is from 2026-08-31
2026-08-31 12:46:13,204 | INFO | Latest Delivery data is from 2026-08-28
2026-08-31 12:46:13,251 | INFO | Delivery cache has 34 dates — skipping backfill.
2026-08-31 12:46:13,251 | INFO | Delivery fetch attempt [0/7] — URL: https://archives.nseindia.com/products/content/sec_bhavdata_full_31082026.csv
2026-08-31 12:46:13,847 | INFO | Delivery fetch SUCCESS — date: 2026-08-31 | size: 394397 bytes | URL: https://archives.nseindia.com/products/content/sec_bhavdata_full_31082026.csv
2026-08-31 12:46:14,215 | INFO | Delivery cache updated: 2647 symbols for 2026-08-31 (rows in cache: 79661)
2026-08-31 12:46:14,216 | INFO | Delivery data: 2647 symbols | fallback=False
2026-08-31 12:46:14,618 | INFO | Corporate actions bulk OK: 57 raw rows | 3 Nifty100 symbols with events
2026-08-31 12:46:49,641 | INFO | Corporate actions: 3/100 symbols have events (window 31-08-2026 to 30-09-2026) | Symbols: COALINDIA, GAIL, NTPC
2026-08-31 12:46:49,641 | INFO | Index membership from cache: NIFTY 50 (50 symbols)
2026-08-31 12:46:49,641 | INFO | Index membership from cache: Nifty Next 50 (50 symbols)
2026-08-31 12:46:49,641 | INFO | Index membership ready: 100 symbols mapped
2026-08-31 12:46:50,117 | INFO | News RSS query for ABB: https://news.google.com/rss/search?q=%22ABB+India+Ltd.%22+NSE+when:10d&hl=en-IN&gl=IN&ceid=IN:en
2026-08-31 12:46:50,442 | INFO | News RSS status for ABB: 200
2026-08-31 12:46:51,115 | INFO | News RSS query for ADANIENT: https://news.google.com/rss/search?q=%22Adani+Enterprises+Ltd.%22+NSE+when:10d&hl=en-IN&gl=IN&ceid=IN:en
2026-08-31 12:46:51,358 | INFO | News RSS status for ADANIENT: 200
2026-08-31 12:46:53,413 | INFO | News RSS query for APOLLOHOSP: https://news.google.com/rss/search?q=%22Apollo+Hospitals+Enterprise+Ltd.%22+NSE+when:10d&hl=en-IN&gl=IN&ceid=IN:en
2026-08-31 12:46:53,683 | INFO | News RSS status for APOLLOHOSP: 200
2026-08-31 12:46:53,751 | INFO | News RSS query for APOLLOHOSP: https://news.google.com/rss/search?q=%22Apollo+Hospitals+Enterprise+Ltd.%22+NSE+when:10d&hl=en-IN&gl=IN&ceid=IN:en
2026-08-31 12:46:53,787 | INFO | News RSS status for APOLLOHOSP: 200
2026-08-31 12:46:53,853 | INFO | News RSS query for APOLLOHOSP: https://news.google.com/rss/search?q=%22Apollo+Hospitals+Enterprise+Ltd.%22+NSE+when:10d&hl=en-IN&gl=IN&ceid=IN:en
2026-08-31 12:46:53,889 | INFO | News RSS status for APOLLOHOSP: 200
2026-08-31 12:46:55,150 | INFO | News RSS query for BAJAJ-AUTO: https://news.google.com/rss/search?q=%22Bajaj+Auto+Ltd.%22+NSE+when:10d&hl=en-IN&gl=IN&ceid=IN:en
2026-08-31 12:46:55,376 | INFO | News RSS status for BAJAJ-AUTO: 200
2026-08-31 12:46:55,879 | INFO | News RSS query for BAJAJFINSV: https://news.google.com/rss/search?q=%22Bajaj+Finserv+Ltd.%22+NSE+when:10d&hl=en-IN&gl=IN&ceid=IN:en
2026-08-31 12:46:56,105 | INFO | News RSS status for BAJAJFINSV: 200
2026-08-31 12:46:56,173 | INFO | News RSS query for BAJAJFINSV: https://news.google.com/rss/search?q=%22Bajaj+Finserv+Ltd.%22+NSE+when:10d&hl=en-IN&gl=IN&ceid=IN:en
2026-08-31 12:46:56,210 | INFO | News RSS status for BAJAJFINSV: 200
2026-08-31 12:46:56,683 | INFO | News RSS query for BAJAJHLDNG: https://news.google.com/rss/search?q=%22Bajaj+Holdings+%26+Investment+Ltd.%22+NSE+when:10d&hl=en-IN&gl=IN&ceid=IN:en
2026-08-31 12:46:56,881 | INFO | News RSS status for BAJAJHLDNG: 200
2026-08-31 12:46:58,925 | INFO | News RSS query for BOSCHLTD: https://news.google.com/rss/search?q=%22Bosch+Ltd.%22+NSE+when:10d&hl=en-IN&gl=IN&ceid=IN:en
2026-08-31 12:46:59,125 | INFO | News RSS status for BOSCHLTD: 200
2026-08-31 12:47:00,779 | INFO | News RSS query for CGPOWER: https://news.google.com/rss/search?q=%22CG+Power+and+Industrial+Solutions+Ltd.%22+NSE+when:10d&hl=en-IN&gl=IN&ceid=IN:en
2026-08-31 12:47:01,020 | INFO | News RSS status for CGPOWER: 200
2026-08-31 12:47:01,086 | INFO | News RSS query for CGPOWER: https://news.google.com/rss/search?q=%22CG+Power+and+Industrial+Solutions+Ltd.%22+NSE+when:10d&hl=en-IN&gl=IN&ceid=IN:en
2026-08-31 12:47:01,123 | INFO | News RSS status for CGPOWER: 200
2026-08-31 12:47:01,193 | INFO | News RSS query for CGPOWER: https://news.google.com/rss/search?q=%22CG+Power+and+Industrial+Solutions+Ltd.%22+NSE+when:10d&hl=en-IN&gl=IN&ceid=IN:en
2026-08-31 12:47:01,228 | INFO | News RSS status for CGPOWER: 200
2026-08-31 12:47:01,296 | INFO | News RSS query for CGPOWER: https://news.google.com/rss/search?q=%22CG+Power+and+Industrial+Solutions+Ltd.%22+NSE+when:10d&hl=en-IN&gl=IN&ceid=IN:en
2026-08-31 12:47:01,331 | INFO | News RSS status for CGPOWER: 200
2026-08-31 12:47:01,794 | INFO | News RSS query for CHOLAFIN: https://news.google.com/rss/search?q=%22Cholamandalam+Investment+and+Finance+Company+Ltd.%22+NSE+when:10d&hl=en-IN&gl=IN&ceid=IN:en
2026-08-31 12:47:02,007 | INFO | News RSS status for CHOLAFIN: 200
2026-08-31 12:47:02,076 | INFO | News RSS query for CHOLAFIN: https://news.google.com/rss/search?q=%22Cholamandalam+Investment+and+Finance+Company+Ltd.%22+NSE+when:10d&hl=en-IN&gl=IN&ceid=IN:en
2026-08-31 12:47:02,112 | INFO | News RSS status for CHOLAFIN: 200
2026-08-31 12:47:03,767 | INFO | News RSS query for DIVISLAB: https://news.google.com/rss/search?q=%22Divi%27s+Laboratories+Ltd.%22+NSE+when:10d&hl=en-IN&gl=IN&ceid=IN:en
2026-08-31 12:47:03,973 | INFO | News RSS status for DIVISLAB: 200
2026-08-31 12:47:03,976 | INFO | News RSS query for DIVISLAB: https://news.google.com/rss/search?q=%22Divi%27s+Laboratories+Ltd.%22+stock+when:10d&hl=en-IN&gl=IN&ceid=IN:en
2026-08-31 12:47:04,229 | INFO | News RSS status for DIVISLAB: 200
2026-08-31 12:47:04,705 | INFO | News RSS query for DLF: https://news.google.com/rss/search?q=%22DLF+Ltd.%22+NSE+when:10d&hl=en-IN&gl=IN&ceid=IN:en
2026-08-31 12:47:04,931 | INFO | News RSS status for DLF: 200
2026-08-31 12:47:06,186 | INFO | News RSS query for EICHERMOT: https://news.google.com/rss/search?q=%22Eicher+Motors+Ltd.%22+NSE+when:10d&hl=en-IN&gl=IN&ceid=IN:en
2026-08-31 12:47:06,392 | INFO | News RSS status for EICHERMOT: 200
2026-08-31 12:47:06,394 | INFO | News RSS query for EICHERMOT: https://news.google.com/rss/search?q=%22Eicher+Motors+Ltd.%22+stock+when:10d&hl=en-IN&gl=IN&ceid=IN:en
2026-08-31 12:47:06,658 | INFO | News RSS status for EICHERMOT: 200
2026-08-31 12:47:07,158 | INFO | News RSS query for ETERNAL: https://news.google.com/rss/search?q=%22Eternal+Ltd.%22+NSE+when:10d&hl=en-IN&gl=IN&ceid=IN:en
2026-08-31 12:47:07,376 | INFO | News RSS status for ETERNAL: 200
2026-08-31 12:47:07,845 | INFO | News RSS query for GAIL: https://news.google.com/rss/search?q=%22GAIL+%28India%29+Ltd.%22+NSE+when:10d&hl=en-IN&gl=IN&ceid=IN:en
2026-08-31 12:47:08,107 | INFO | News RSS status for GAIL: 200
2026-08-31 12:47:08,175 | INFO | News RSS query for GAIL: https://news.google.com/rss/search?q=%22GAIL+%28India%29+Ltd.%22+NSE+when:10d&hl=en-IN&gl=IN&ceid=IN:en
2026-08-31 12:47:08,211 | INFO | News RSS status for GAIL: 200
2026-08-31 12:47:08,276 | INFO | News RSS query for GAIL: https://news.google.com/rss/search?q=%22GAIL+%28India%29+Ltd.%22+NSE+when:10d&hl=en-IN&gl=IN&ceid=IN:en
2026-08-31 12:47:08,312 | INFO | News RSS status for GAIL: 200
2026-08-31 12:47:09,177 | INFO | News RSS query for GRASIM: https://news.google.com/rss/search?q=%22Grasim+Industries+Ltd.%22+NSE+when:10d&hl=en-IN&gl=IN&ceid=IN:en
2026-08-31 12:47:09,428 | INFO | News RSS status for GRASIM: 200
2026-08-31 12:47:09,886 | INFO | News RSS query for HAL: https://news.google.com/rss/search?q=%22Hindustan+Aeronautics+Ltd.%22+NSE+when:10d&hl=en-IN&gl=IN&ceid=IN:en
2026-08-31 12:47:10,108 | INFO | News RSS status for HAL: 200
2026-08-31 12:47:12,151 | INFO | News RSS query for HINDALCO: https://news.google.com/rss/search?q=%22Hindalco+Industries+Ltd.%22+NSE+when:10d&hl=en-IN&gl=IN&ceid=IN:en
2026-08-31 12:47:12,390 | INFO | News RSS status for HINDALCO: 200
2026-08-31 12:47:13,245 | INFO | News RSS query for HINDZINC: https://news.google.com/rss/search?q=%22Hindustan+Zinc+Ltd.%22+NSE+when:10d&hl=en-IN&gl=IN&ceid=IN:en
2026-08-31 12:47:13,489 | INFO | News RSS status for HINDZINC: 200
2026-08-31 12:47:13,689 | INFO | News RSS query for HYUNDAI: https://news.google.com/rss/search?q=%22Hyundai+Motor+India+Ltd.%22+NSE+when:10d&hl=en-IN&gl=IN&ceid=IN:en
2026-08-31 12:47:13,979 | INFO | News RSS status for HYUNDAI: 200
2026-08-31 12:47:14,046 | INFO | News RSS query for HYUNDAI: https://news.google.com/rss/search?q=%22Hyundai+Motor+India+Ltd.%22+NSE+when:10d&hl=en-IN&gl=IN&ceid=IN:en
2026-08-31 12:47:14,082 | INFO | News RSS status for HYUNDAI: 200
2026-08-31 12:47:14,543 | INFO | News RSS query for ICICIBANK: https://news.google.com/rss/search?q=%22ICICI+Bank+Ltd.%22+NSE+when:10d&hl=en-IN&gl=IN&ceid=IN:en
2026-08-31 12:47:15,083 | INFO | News RSS status for ICICIBANK: 200
2026-08-31 12:47:15,152 | INFO | News RSS query for ICICIBANK: https://news.google.com/rss/search?q=%22ICICI+Bank+Ltd.%22+NSE+when:10d&hl=en-IN&gl=IN&ceid=IN:en
2026-08-31 12:47:15,189 | INFO | News RSS status for ICICIBANK: 200
2026-08-31 12:47:18,009 | INFO | News RSS query for JINDALSTEL: https://news.google.com/rss/search?q=%22Jindal+Steel+Ltd.%22+NSE+when:10d&hl=en-IN&gl=IN&ceid=IN:en
2026-08-31 12:47:18,257 | INFO | News RSS status for JINDALSTEL: 200
2026-08-31 12:47:18,259 | INFO | News RSS query for JINDALSTEL: https://news.google.com/rss/search?q=%22Jindal+Steel+Ltd.%22+stock+when:10d&hl=en-IN&gl=IN&ceid=IN:en
2026-08-31 12:47:18,489 | INFO | News RSS status for JINDALSTEL: 200
2026-08-31 12:47:19,160 | INFO | News RSS query for JSWSTEEL: https://news.google.com/rss/search?q=%22JSW+Steel+Ltd.%22+NSE+when:10d&hl=en-IN&gl=IN&ceid=IN:en
2026-08-31 12:47:19,385 | INFO | News RSS status for JSWSTEEL: 200
2026-08-31 12:47:20,217 | INFO | News RSS query for LODHA: https://news.google.com/rss/search?q=%22Lodha+Developers+Ltd.%22+NSE+when:10d&hl=en-IN&gl=IN&ceid=IN:en
2026-08-31 12:47:20,436 | INFO | News RSS status for LODHA: 200
2026-08-31 12:47:20,438 | INFO | News RSS query for LODHA: https://news.google.com/rss/search?q=%22Lodha+Developers+Ltd.%22+stock+when:10d&hl=en-IN&gl=IN&ceid=IN:en
2026-08-31 12:47:20,661 | INFO | News RSS status for LODHA: 200
2026-08-31 12:47:21,119 | INFO | News RSS query for LT: https://news.google.com/rss/search?q=%22Larsen+%26+Toubro+Ltd.%22+NSE+when:10d&hl=en-IN&gl=IN&ceid=IN:en
2026-08-31 12:47:21,357 | INFO | News RSS status for LT: 200
2026-08-31 12:47:21,363 | WARNING | Skipping LTM — only 132 bars available (need 220). Extend history_backfill_days in config.json to include this symbol.
2026-08-31 12:47:23,412 | INFO | News RSS query for MOTHERSON: https://news.google.com/rss/search?q=%22Samvardhana+Motherson+International+Ltd.%22+NSE+when:10d&hl=en-IN&gl=IN&ceid=IN:en
2026-08-31 12:47:23,670 | INFO | News RSS status for MOTHERSON: 200
2026-08-31 12:47:26,121 | INFO | News RSS query for PIDILITIND: https://news.google.com/rss/search?q=%22Pidilite+Industries+Ltd.%22+NSE+when:10d&hl=en-IN&gl=IN&ceid=IN:en
2026-08-31 12:47:26,384 | INFO | News RSS status for PIDILITIND: 200
2026-08-31 12:47:26,386 | INFO | News RSS query for PIDILITIND: https://news.google.com/rss/search?q=%22Pidilite+Industries+Ltd.%22+stock+when:10d&hl=en-IN&gl=IN&ceid=IN:en
2026-08-31 12:47:26,622 | INFO | News RSS status for PIDILITIND: 200
2026-08-31 12:47:27,079 | INFO | News RSS query for PNB: https://news.google.com/rss/search?q=%22Punjab+National+Bank%22+NSE+when:10d&hl=en-IN&gl=IN&ceid=IN:en
2026-08-31 12:47:27,365 | INFO | News RSS status for PNB: 200
2026-08-31 12:47:29,402 | INFO | News RSS query for SBIN: https://news.google.com/rss/search?q=%22State+Bank+of+India%22+NSE+when:10d&hl=en-IN&gl=IN&ceid=IN:en
2026-08-31 12:47:29,712 | INFO | News RSS status for SBIN: 200
2026-08-31 12:47:29,779 | INFO | News RSS query for SBIN: https://news.google.com/rss/search?q=%22State+Bank+of+India%22+NSE+when:10d&hl=en-IN&gl=IN&ceid=IN:en
2026-08-31 12:47:29,822 | INFO | News RSS status for SBIN: 200
2026-08-31 12:47:29,890 | INFO | News RSS query for SBIN: https://news.google.com/rss/search?q=%22State+Bank+of+India%22+NSE+when:10d&hl=en-IN&gl=IN&ceid=IN:en
2026-08-31 12:47:29,932 | INFO | News RSS status for SBIN: 200
2026-08-31 12:47:30,789 | INFO | News RSS query for SHRIRAMFIN: https://news.google.com/rss/search?q=%22Shriram+Finance+Ltd.%22+NSE+when:10d&hl=en-IN&gl=IN&ceid=IN:en
2026-08-31 12:47:30,993 | INFO | News RSS status for SHRIRAMFIN: 200
2026-08-31 12:47:31,060 | INFO | News RSS query for SHRIRAMFIN: https://news.google.com/rss/search?q=%22Shriram+Finance+Ltd.%22+NSE+when:10d&hl=en-IN&gl=IN&ceid=IN:en
2026-08-31 12:47:31,096 | INFO | News RSS status for SHRIRAMFIN: 200
2026-08-31 12:47:31,553 | INFO | News RSS query for SIEMENS: https://news.google.com/rss/search?q=%22Siemens+Ltd.%22+NSE+when:10d&hl=en-IN&gl=IN&ceid=IN:en
2026-08-31 12:47:31,767 | INFO | News RSS status for SIEMENS: 200
2026-08-31 12:47:32,230 | INFO | News RSS query for SOLARINDS: https://news.google.com/rss/search?q=%22Solar+Industries+India+Ltd.%22+NSE+when:10d&hl=en-IN&gl=IN&ceid=IN:en
2026-08-31 12:47:32,495 | INFO | News RSS status for SOLARINDS: 200
2026-08-31 12:47:32,953 | INFO | News RSS query for SUNPHARMA: https://news.google.com/rss/search?q=%22Sun+Pharmaceutical+Industries+Ltd.%22+NSE+when:10d&hl=en-IN&gl=IN&ceid=IN:en
2026-08-31 12:47:33,170 | INFO | News RSS status for SUNPHARMA: 200
2026-08-31 12:47:33,237 | INFO | News RSS query for SUNPHARMA: https://news.google.com/rss/search?q=%22Sun+Pharmaceutical+Industries+Ltd.%22+NSE+when:10d&hl=en-IN&gl=IN&ceid=IN:en
2026-08-31 12:47:33,273 | INFO | News RSS status for SUNPHARMA: 200
2026-08-31 12:47:33,339 | INFO | News RSS query for SUNPHARMA: https://news.google.com/rss/search?q=%22Sun+Pharmaceutical+Industries+Ltd.%22+NSE+when:10d&hl=en-IN&gl=IN&ceid=IN:en
2026-08-31 12:47:33,374 | INFO | News RSS status for SUNPHARMA: 200
2026-08-31 12:47:33,510 | INFO | News RSS query for TATACAP: https://news.google.com/rss/search?q=%22Tata+Capital+Ltd.%22+NSE+when:10d&hl=en-IN&gl=IN&ceid=IN:en
2026-08-31 12:47:33,733 | INFO | News RSS status for TATACAP: 200
2026-08-31 12:47:35,388 | INFO | News RSS query for TCS: https://news.google.com/rss/search?q=%22Tata+Consultancy+Services+Ltd.%22+NSE+when:10d&hl=en-IN&gl=IN&ceid=IN:en
2026-08-31 12:47:35,606 | INFO | News RSS status for TCS: 200
2026-08-31 12:47:36,067 | INFO | News RSS query for TECHM: https://news.google.com/rss/search?q=%22Tech+Mahindra+Ltd.%22+NSE+when:10d&hl=en-IN&gl=IN&ceid=IN:en
2026-08-31 12:47:36,310 | INFO | News RSS status for TECHM: 200
2026-08-31 12:47:36,769 | INFO | News RSS query for TITAN: https://news.google.com/rss/search?q=%22Titan+Company+Ltd.%22+NSE+when:10d&hl=en-IN&gl=IN&ceid=IN:en
2026-08-31 12:47:37,030 | INFO | News RSS status for TITAN: 200
2026-08-31 12:47:37,036 | WARNING | Skipping TMCV — only 200 bars available (need 220). Extend history_backfill_days in config.json to include this symbol.
2026-08-31 12:47:37,036 | WARNING | Skipping TMPV — only 217 bars available (need 220). Extend history_backfill_days in config.json to include this symbol.
2026-08-31 12:47:37,494 | INFO | News RSS query for TORNTPHARM: https://news.google.com/rss/search?q=%22Torrent+Pharmaceuticals+Ltd.%22+NSE+when:10d&hl=en-IN&gl=IN&ceid=IN:en
2026-08-31 12:47:37,745 | INFO | News RSS status for TORNTPHARM: 200
2026-08-31 12:47:37,748 | INFO | News RSS query for TORNTPHARM: https://news.google.com/rss/search?q=%22Torrent+Pharmaceuticals+Ltd.%22+stock+when:10d&hl=en-IN&gl=IN&ceid=IN:en
2026-08-31 12:47:37,985 | INFO | News RSS status for TORNTPHARM: 200
2026-08-31 12:47:38,838 | INFO | News RSS query for TVSMOTOR: https://news.google.com/rss/search?q=%22TVS+Motor+Company+Ltd.%22+NSE+when:10d&hl=en-IN&gl=IN&ceid=IN:en
2026-08-31 12:47:39,065 | INFO | News RSS status for TVSMOTOR: 200
2026-08-31 12:47:39,068 | INFO | News RSS query for TVSMOTOR: https://news.google.com/rss/search?q=%22TVS+Motor+Company+Ltd.%22+stock+when:10d&hl=en-IN&gl=IN&ceid=IN:en
2026-08-31 12:47:39,323 | INFO | News RSS status for TVSMOTOR: 200
2026-08-31 12:47:39,388 | INFO | News RSS query for TVSMOTOR: https://news.google.com/rss/search?q=%22TVS+Motor+Company+Ltd.%22+NSE+when:10d&hl=en-IN&gl=IN&ceid=IN:en
2026-08-31 12:47:39,424 | INFO | News RSS status for TVSMOTOR: 200
2026-08-31 12:47:39,427 | INFO | News RSS query for TVSMOTOR: https://news.google.com/rss/search?q=%22TVS+Motor+Company+Ltd.%22+stock+when:10d&hl=en-IN&gl=IN&ceid=IN:en
2026-08-31 12:47:39,463 | INFO | News RSS status for TVSMOTOR: 200
2026-08-31 12:47:40,319 | INFO | News RSS query for UNIONBANK: https://news.google.com/rss/search?q=%22Union+Bank+of+India%22+NSE+when:10d&hl=en-IN&gl=IN&ceid=IN:en
2026-08-31 12:47:40,628 | INFO | News RSS status for UNIONBANK: 200
2026-08-31 12:47:40,854 | INFO | News RSS query for UNITDSPR: https://news.google.com/rss/search?q=%22United+Spirits+Ltd.%22+NSE+when:10d&hl=en-IN&gl=IN&ceid=IN:en
2026-08-31 12:47:41,102 | INFO | News RSS status for UNITDSPR: 200
2026-08-31 12:47:41,108 | WARNING | Skipping VAML — only 6 bars available (need 220). Extend history_backfill_days in config.json to include this symbol.
2026-08-31 12:47:41,894 | WARNING | Skipping VEDPOWER — only 4 bars available (need 220). Extend history_backfill_days in config.json to include this symbol.
2026-08-31 12:47:41,894 | WARNING | Skipping VISL — only 4 bars available (need 220). Extend history_backfill_days in config.json to include this symbol.
2026-08-31 12:47:41,895 | WARNING | Skipping VOGL — only 7 bars available (need 220). Extend history_backfill_days in config.json to include this symbol.
2026-08-31 12:47:42,744 | INFO | News RSS query for ZYDUSLIFE: https://news.google.com/rss/search?q=%22Zydus+Lifesciences+Ltd.%22+NSE+when:10d&hl=en-IN&gl=IN&ceid=IN:en
2026-08-31 12:47:42,984 | INFO | News RSS status for ZYDUSLIFE: 200
2026-08-31 12:47:42,998 | INFO | Index membership from cache: NIFTY 50 (50 symbols)
2026-08-31 12:47:42,999 | INFO | Index membership from cache: Nifty Next 50 (50 symbols)
2026-08-31 12:47:42,999 | INFO | Index membership ready: 100 symbols mapped
2026-08-31 12:47:42,999 | INFO | Market Health: fetching index OHLCV...
2026-08-31 12:47:45,710 | WARNING | niftyindices failed NIFTY 50 2026-08-28-2026-08-31: Expecting value: line 1 column 2 (char 1)
2026-08-31 12:47:45,882 | INFO | Index OHLCV via yfinance (^NSEI) for NIFTY 50: 1453 rows
2026-08-31 12:47:47,535 | WARNING | niftyindices failed NIFTY NEXT 50 2026-08-28-2026-08-31: Expecting value: line 1 column 2 (char 1)
2026-08-31 12:47:47,788 | INFO | Index OHLCV via yfinance (JUNIORBEES.NS) for NIFTY NEXT 50: 1451 rows
2026-08-31 12:47:47,789 | INFO | Market Health: fetching VIX...
2026-08-31 12:47:49,365 | WARNING | niftyindices VIX failed 2026-08-28-2026-08-31: Expecting value: line 1 column 2 (char 1)
2026-08-31 12:47:49,600 | INFO | VIX via yfinance (^INDIAVIX): 151 rows
2026-08-31 12:47:49,601 | INFO | Market Health: updating breadth EMA cache...
2026-08-31 12:47:51,600 | INFO | Breadth EMA cache: 134764 total rows (+100)
2026-08-31 12:47:51,622 | INFO | Market Health [NIFTY 50]: Score=3.0 | Sideways &#x1F7E0;
2026-08-31 12:47:51,639 | INFO | Market Health [Nifty Next 50]: Score=3.0 | Sideways &#x1F7E0;
2026-08-31 12:47:51,774 | INFO | Signal log: appended 18 new signals. Total rows: 731
2026-08-31 12:47:51,774 | INFO | Signal log written/updated: /home/runner/work/nifty100-reporter/nifty100-reporter/data/nifty100_signal_log.csv
2026-08-31 12:47:53,310 | INFO | Signal tracker: updated 204 Active signal rows.
2026-08-31 12:47:53,330 | INFO | HTML report written: /home/runner/work/nifty100-reporter/nifty100-reporter/reports/nifty100_daily_report_20260831.html
2026-08-31 12:47:53,338 | INFO | Market Health Excel sheet written.
2026-08-31 12:47:54,723 | INFO | Excel report written: /home/runner/work/nifty100-reporter/nifty100-reporter/reports/nifty100_daily_report_20260831.xlsx
2026-08-31 12:47:54,724 | INFO | GitHub Actions detected — skipping Gmail API send (workflow handles email).
2026-08-31 12:47:54,724 | INFO | Run completed successfully.
2026-08-31 12:47:54,724 | INFO | Artifacts: /home/runner/work/nifty100-reporter/nifty100-reporter/reports/nifty100_daily_report_20260831.html | /home/runner/work/nifty100-reporter/nifty100-reporter/reports/nifty100_daily_report_20260831.xlsx | log: /home/runner/work/nifty100-reporter/nifty100-reporter/logs/run_20260831_181552.log
