2026-08-05 12:45:56,544 | INFO | Nifty 100 Daily EMA Cross Reporter | Version 3.3.8 | Released 2026-04-17
2026-08-05 12:45:56,544 | INFO | Base directory: /home/runner/work/nifty100-reporter/nifty100-reporter
2026-08-05 12:45:56,545 | INFO | Loaded config. Email enabled: True | Recipients: 1
2026-08-05 12:45:56,622 | WARNING | NSE session bootstrap HTTP 403 (attempt 1/5) — refreshing NSE session cookie …
2026-08-05 12:46:07,276 | INFO | NSE session bootstrap status: 200
2026-08-05 12:46:07,276 | INFO | Downloading Nifty 100 universe from https://www.niftyindices.com/IndexConstituent/ind_nifty100list.csv
2026-08-05 12:46:07,770 | INFO | Universe download status: 200
2026-08-05 12:46:07,878 | INFO | Universe rows loaded: 100
2026-08-05 12:46:07,972 | INFO | Loaded history rows: 132954
2026-08-05 12:46:07,978 | INFO | yfinance history update: 100 symbols | 2026-08-03 → 2026-08-06
2026-08-05 12:46:07,978 | INFO | yfinance batch download: 100 symbols | 2026-08-03 → 2026-08-06
2026-08-05 12:46:07,980 | INFO | Failed to create TzCache, reason: Error creating TzCache folder: '/home/runner/.cache/py-yfinance' reason: [Errno 17] File exists: '/home/runner/.cache/py-yfinance'. TzCache will not be used. Tip: You can direct cache to use a different location with 'set_tz_cache_location(mylocation)'
2026-08-05 12:46:14,170 | INFO | yfinance raw shape: (3, 500)
2026-08-05 12:46:14,420 | INFO | yfinance parsed rows after date-filter: 300
2026-08-05 12:46:14,421 | INFO | New rows from yfinance: 300
2026-08-05 12:46:15,130 | INFO | Saved history rows: 133054 | file: /home/runner/work/nifty100-reporter/nifty100-reporter/data/nifty100_ohlcv_history.csv
2026-08-05 12:46:15,221 | INFO | Loaded history rows: 133054
2026-08-05 12:46:15,222 | INFO | Latest OHLCV data is from 2026-08-05
2026-08-05 12:46:15,245 | INFO | Latest Delivery data is from 2026-08-04
2026-08-05 12:46:15,286 | INFO | Delivery cache has 31 dates — skipping backfill.
2026-08-05 12:46:15,286 | INFO | Delivery fetch attempt [0/7] — URL: https://archives.nseindia.com/products/content/sec_bhavdata_full_05082026.csv
2026-08-05 12:46:15,733 | INFO | Delivery fetch SUCCESS — date: 2026-08-05 | size: 373792 bytes | URL: https://archives.nseindia.com/products/content/sec_bhavdata_full_05082026.csv
2026-08-05 12:46:16,022 | INFO | Delivery cache updated: 2416 symbols for 2026-08-05 (rows in cache: 76657)
2026-08-05 12:46:16,022 | INFO | Delivery data: 2416 symbols | fallback=False
2026-08-05 12:46:16,430 | INFO | Corporate actions bulk OK: 118 raw rows | 6 Nifty100 symbols with events
2026-08-05 12:46:46,953 | INFO | Corporate actions: 6/100 symbols have events (window 05-08-2026 to 04-09-2026) | Symbols: ABB, GRASIM, HYUNDAI, JIOFIN, LODHA, MARUTI
2026-08-05 12:46:46,954 | INFO | Index membership from cache: NIFTY 50 (50 symbols)
2026-08-05 12:46:46,954 | INFO | Index membership from cache: Nifty Next 50 (50 symbols)
2026-08-05 12:46:46,954 | INFO | Index membership ready: 100 symbols mapped
2026-08-05 12:46:47,388 | INFO | News RSS query for ABB: https://news.google.com/rss/search?q=%22ABB+India+Ltd.%22+NSE+when:10d&hl=en-IN&gl=IN&ceid=IN:en
2026-08-05 12:46:47,672 | INFO | News RSS status for ABB: 200
2026-08-05 12:46:47,917 | INFO | News RSS query for ADANIENSOL: https://news.google.com/rss/search?q=%22Adani+Energy+Solutions+Ltd.%22+NSE+when:10d&hl=en-IN&gl=IN&ceid=IN:en
2026-08-05 12:46:48,124 | INFO | News RSS status for ADANIENSOL: 200
2026-08-05 12:46:50,330 | INFO | News RSS query for APOLLOHOSP: https://news.google.com/rss/search?q=%22Apollo+Hospitals+Enterprise+Ltd.%22+NSE+when:10d&hl=en-IN&gl=IN&ceid=IN:en
2026-08-05 12:46:50,526 | INFO | News RSS status for APOLLOHOSP: 200
2026-08-05 12:46:50,579 | INFO | News RSS query for APOLLOHOSP: https://news.google.com/rss/search?q=%22Apollo+Hospitals+Enterprise+Ltd.%22+NSE+when:10d&hl=en-IN&gl=IN&ceid=IN:en
2026-08-05 12:46:50,592 | INFO | News RSS status for APOLLOHOSP: 200
2026-08-05 12:46:51,009 | INFO | News RSS query for ASIANPAINT: https://news.google.com/rss/search?q=%22Asian+Paints+Ltd.%22+NSE+when:10d&hl=en-IN&gl=IN&ceid=IN:en
2026-08-05 12:46:52,971 | INFO | News RSS status for ASIANPAINT: 200
2026-08-05 12:46:53,751 | INFO | News RSS query for BAJAJ-AUTO: https://news.google.com/rss/search?q=%22Bajaj+Auto+Ltd.%22+NSE+when:10d&hl=en-IN&gl=IN&ceid=IN:en
2026-08-05 12:46:53,965 | INFO | News RSS status for BAJAJ-AUTO: 200
2026-08-05 12:46:55,110 | INFO | News RSS query for BAJFINANCE: https://news.google.com/rss/search?q=%22Bajaj+Finance+Ltd.%22+NSE+when:10d&hl=en-IN&gl=IN&ceid=IN:en
2026-08-05 12:46:55,322 | INFO | News RSS status for BAJFINANCE: 200
2026-08-05 12:46:56,458 | INFO | News RSS query for BHARTIARTL: https://news.google.com/rss/search?q=%22Bharti+Airtel+Ltd.%22+NSE+when:10d&hl=en-IN&gl=IN&ceid=IN:en
2026-08-05 12:46:56,663 | INFO | News RSS status for BHARTIARTL: 200
2026-08-05 12:46:57,086 | INFO | News RSS query for BOSCHLTD: https://news.google.com/rss/search?q=%22Bosch+Ltd.%22+NSE+when:10d&hl=en-IN&gl=IN&ceid=IN:en
2026-08-05 12:46:57,307 | INFO | News RSS status for BOSCHLTD: 200
2026-08-05 12:46:57,360 | INFO | News RSS query for BOSCHLTD: https://news.google.com/rss/search?q=%22Bosch+Ltd.%22+NSE+when:10d&hl=en-IN&gl=IN&ceid=IN:en
2026-08-05 12:46:57,373 | INFO | News RSS status for BOSCHLTD: 200
2026-08-05 12:46:59,235 | INFO | News RSS query for CHOLAFIN: https://news.google.com/rss/search?q=%22Cholamandalam+Investment+and+Finance+Company+Ltd.%22+NSE+when:10d&hl=en-IN&gl=IN&ceid=IN:en
2026-08-05 12:46:59,443 | INFO | News RSS status for CHOLAFIN: 200
2026-08-05 12:46:59,862 | INFO | News RSS query for CIPLA: https://news.google.com/rss/search?q=%22Cipla+Ltd.%22+NSE+when:10d&hl=en-IN&gl=IN&ceid=IN:en
2026-08-05 12:47:00,060 | INFO | News RSS status for CIPLA: 200
2026-08-05 12:47:01,250 | INFO | News RSS query for DIVISLAB: https://news.google.com/rss/search?q=%22Divi%27s+Laboratories+Ltd.%22+NSE+when:10d&hl=en-IN&gl=IN&ceid=IN:en
2026-08-05 12:47:01,436 | INFO | News RSS status for DIVISLAB: 200
2026-08-05 12:47:01,437 | INFO | News RSS query for DIVISLAB: https://news.google.com/rss/search?q=%22Divi%27s+Laboratories+Ltd.%22+stock+when:10d&hl=en-IN&gl=IN&ceid=IN:en
2026-08-05 12:47:01,664 | INFO | News RSS status for DIVISLAB: 200
2026-08-05 12:47:02,083 | INFO | News RSS query for DLF: https://news.google.com/rss/search?q=%22DLF+Ltd.%22+NSE+when:10d&hl=en-IN&gl=IN&ceid=IN:en
2026-08-05 12:47:02,287 | INFO | News RSS status for DLF: 200
2026-08-05 12:47:03,476 | INFO | News RSS query for EICHERMOT: https://news.google.com/rss/search?q=%22Eicher+Motors+Ltd.%22+NSE+when:10d&hl=en-IN&gl=IN&ceid=IN:en
2026-08-05 12:47:03,677 | INFO | News RSS status for EICHERMOT: 200
2026-08-05 12:47:04,133 | INFO | News RSS query for ETERNAL: https://news.google.com/rss/search?q=%22Eternal+Ltd.%22+NSE+when:10d&hl=en-IN&gl=IN&ceid=IN:en
2026-08-05 12:47:04,347 | INFO | News RSS status for ETERNAL: 200
2026-08-05 12:47:04,766 | INFO | News RSS query for GAIL: https://news.google.com/rss/search?q=%22GAIL+%28India%29+Ltd.%22+NSE+when:10d&hl=en-IN&gl=IN&ceid=IN:en
2026-08-05 12:47:05,033 | INFO | News RSS status for GAIL: 200
2026-08-05 12:47:05,814 | INFO | News RSS query for GRASIM: https://news.google.com/rss/search?q=%22Grasim+Industries+Ltd.%22+NSE+when:10d&hl=en-IN&gl=IN&ceid=IN:en
2026-08-05 12:47:06,014 | INFO | News RSS status for GRASIM: 200
2026-08-05 12:47:06,069 | INFO | News RSS query for GRASIM: https://news.google.com/rss/search?q=%22Grasim+Industries+Ltd.%22+NSE+when:10d&hl=en-IN&gl=IN&ceid=IN:en
2026-08-05 12:47:06,082 | INFO | News RSS status for GRASIM: 200
2026-08-05 12:47:06,498 | INFO | News RSS query for HAL: https://news.google.com/rss/search?q=%22Hindustan+Aeronautics+Ltd.%22+NSE+when:10d&hl=en-IN&gl=IN&ceid=IN:en
2026-08-05 12:47:06,696 | INFO | News RSS status for HAL: 200
2026-08-05 12:47:06,751 | INFO | News RSS query for HAL: https://news.google.com/rss/search?q=%22Hindustan+Aeronautics+Ltd.%22+NSE+when:10d&hl=en-IN&gl=IN&ceid=IN:en
2026-08-05 12:47:06,764 | INFO | News RSS status for HAL: 200
2026-08-05 12:47:09,869 | INFO | News RSS query for ICICIBANK: https://news.google.com/rss/search?q=%22ICICI+Bank+Ltd.%22+NSE+when:10d&hl=en-IN&gl=IN&ceid=IN:en
2026-08-05 12:47:10,072 | INFO | News RSS status for ICICIBANK: 200
2026-08-05 12:47:10,493 | INFO | News RSS query for INDHOTEL: https://news.google.com/rss/search?q=%22Indian+Hotels+Co.+Ltd.%22+NSE+when:10d&hl=en-IN&gl=IN&ceid=IN:en
2026-08-05 12:47:10,673 | INFO | News RSS status for INDHOTEL: 200
2026-08-05 12:47:10,674 | INFO | News RSS query for INDHOTEL: https://news.google.com/rss/search?q=%22Indian+Hotels+Co.+Ltd.%22+stock+when:10d&hl=en-IN&gl=IN&ceid=IN:en
2026-08-05 12:47:10,853 | INFO | News RSS status for INDHOTEL: 200
2026-08-05 12:47:10,855 | INFO | News RSS query for INDHOTEL: https://news.google.com/rss/search?q=INDHOTEL+NSE+when:10d&hl=en-IN&gl=IN&ceid=IN:en
2026-08-05 12:47:11,110 | INFO | News RSS status for INDHOTEL: 200
2026-08-05 12:47:11,110 | INFO | News RSS query for INDHOTEL: https://news.google.com/rss/search?q=site%3Aeconomictimes.indiatimes.com+%22Indian+Hotels+Co.+Ltd.%22+when:10d&hl=en-IN&gl=IN&ceid=IN:en
2026-08-05 12:47:11,290 | INFO | News RSS status for INDHOTEL: 200
2026-08-05 12:47:11,343 | INFO | News RSS query for INDHOTEL: https://news.google.com/rss/search?q=%22Indian+Hotels+Co.+Ltd.%22+NSE+when:10d&hl=en-IN&gl=IN&ceid=IN:en
2026-08-05 12:47:11,355 | INFO | News RSS status for INDHOTEL: 200
2026-08-05 12:47:11,356 | INFO | News RSS query for INDHOTEL: https://news.google.com/rss/search?q=%22Indian+Hotels+Co.+Ltd.%22+stock+when:10d&hl=en-IN&gl=IN&ceid=IN:en
2026-08-05 12:47:11,367 | INFO | News RSS status for INDHOTEL: 200
2026-08-05 12:47:11,368 | INFO | News RSS query for INDHOTEL: https://news.google.com/rss/search?q=INDHOTEL+NSE+when:10d&hl=en-IN&gl=IN&ceid=IN:en
2026-08-05 12:47:11,380 | INFO | News RSS status for INDHOTEL: 200
2026-08-05 12:47:11,380 | INFO | News RSS query for INDHOTEL: https://news.google.com/rss/search?q=site%3Aeconomictimes.indiatimes.com+%22Indian+Hotels+Co.+Ltd.%22+when:10d&hl=en-IN&gl=IN&ceid=IN:en
2026-08-05 12:47:11,391 | INFO | News RSS status for INDHOTEL: 200
2026-08-05 12:47:11,441 | INFO | News RSS query for INDHOTEL: https://news.google.com/rss/search?q=%22Indian+Hotels+Co.+Ltd.%22+NSE+when:10d&hl=en-IN&gl=IN&ceid=IN:en
2026-08-05 12:47:11,452 | INFO | News RSS status for INDHOTEL: 200
2026-08-05 12:47:11,453 | INFO | News RSS query for INDHOTEL: https://news.google.com/rss/search?q=%22Indian+Hotels+Co.+Ltd.%22+stock+when:10d&hl=en-IN&gl=IN&ceid=IN:en
2026-08-05 12:47:11,464 | INFO | News RSS status for INDHOTEL: 200
2026-08-05 12:47:11,465 | INFO | News RSS query for INDHOTEL: https://news.google.com/rss/search?q=INDHOTEL+NSE+when:10d&hl=en-IN&gl=IN&ceid=IN:en
2026-08-05 12:47:11,476 | INFO | News RSS status for INDHOTEL: 200
2026-08-05 12:47:11,476 | INFO | News RSS query for INDHOTEL: https://news.google.com/rss/search?q=site%3Aeconomictimes.indiatimes.com+%22Indian+Hotels+Co.+Ltd.%22+when:10d&hl=en-IN&gl=IN&ceid=IN:en
2026-08-05 12:47:11,488 | INFO | News RSS status for INDHOTEL: 200
2026-08-05 12:47:11,901 | INFO | News RSS query for INDIGO: https://news.google.com/rss/search?q=%22InterGlobe+Aviation+Ltd.%22+NSE+when:10d&hl=en-IN&gl=IN&ceid=IN:en
2026-08-05 12:47:12,141 | INFO | News RSS status for INDIGO: 200
2026-08-05 12:47:14,549 | INFO | News RSS query for JSWSTEEL: https://news.google.com/rss/search?q=%22JSW+Steel+Ltd.%22+NSE+when:10d&hl=en-IN&gl=IN&ceid=IN:en
2026-08-05 12:47:14,758 | INFO | News RSS status for JSWSTEEL: 200
2026-08-05 12:47:15,506 | INFO | News RSS query for LODHA: https://news.google.com/rss/search?q=%22Lodha+Developers+Ltd.%22+NSE+when:10d&hl=en-IN&gl=IN&ceid=IN:en
2026-08-05 12:47:15,701 | INFO | News RSS status for LODHA: 200
2026-08-05 12:47:15,755 | INFO | News RSS query for LODHA: https://news.google.com/rss/search?q=%22Lodha+Developers+Ltd.%22+NSE+when:10d&hl=en-IN&gl=IN&ceid=IN:en
2026-08-05 12:47:15,768 | INFO | News RSS status for LODHA: 200
2026-08-05 12:47:16,143 | WARNING | Skipping LTM — only 114 bars available (need 220). Extend history_backfill_days in config.json to include this symbol.
2026-08-05 12:47:18,038 | INFO | News RSS query for MOTHERSON: https://news.google.com/rss/search?q=%22Samvardhana+Motherson+International+Ltd.%22+NSE+when:10d&hl=en-IN&gl=IN&ceid=IN:en
2026-08-05 12:47:18,244 | INFO | News RSS status for MOTHERSON: 200
2026-08-05 12:47:19,012 | INFO | News RSS query for NESTLEIND: https://news.google.com/rss/search?q=%22Nestle+India+Ltd.%22+NSE+when:10d&hl=en-IN&gl=IN&ceid=IN:en
2026-08-05 12:47:19,217 | INFO | News RSS status for NESTLEIND: 200
2026-08-05 12:47:20,730 | INFO | News RSS query for PIDILITIND: https://news.google.com/rss/search?q=%22Pidilite+Industries+Ltd.%22+NSE+when:10d&hl=en-IN&gl=IN&ceid=IN:en
2026-08-05 12:47:20,927 | INFO | News RSS status for PIDILITIND: 200
2026-08-05 12:47:20,928 | INFO | News RSS query for PIDILITIND: https://news.google.com/rss/search?q=%22Pidilite+Industries+Ltd.%22+stock+when:10d&hl=en-IN&gl=IN&ceid=IN:en
2026-08-05 12:47:21,147 | INFO | News RSS status for PIDILITIND: 200
2026-08-05 12:47:22,276 | INFO | News RSS query for RECLTD: https://news.google.com/rss/search?q=%22REC+Ltd.%22+NSE+when:10d&hl=en-IN&gl=IN&ceid=IN:en
2026-08-05 12:47:22,538 | INFO | News RSS status for RECLTD: 200
2026-08-05 12:47:23,714 | INFO | News RSS query for SBIN: https://news.google.com/rss/search?q=%22State+Bank+of+India%22+NSE+when:10d&hl=en-IN&gl=IN&ceid=IN:en
2026-08-05 12:47:24,021 | INFO | News RSS status for SBIN: 200
2026-08-05 12:47:24,798 | INFO | News RSS query for SHRIRAMFIN: https://news.google.com/rss/search?q=%22Shriram+Finance+Ltd.%22+NSE+when:10d&hl=en-IN&gl=IN&ceid=IN:en
2026-08-05 12:47:25,020 | INFO | News RSS status for SHRIRAMFIN: 200
2026-08-05 12:47:25,431 | INFO | News RSS query for SIEMENS: https://news.google.com/rss/search?q=%22Siemens+Ltd.%22+NSE+when:10d&hl=en-IN&gl=IN&ceid=IN:en
2026-08-05 12:47:25,648 | INFO | News RSS status for SIEMENS: 200
2026-08-05 12:47:26,092 | INFO | News RSS query for SOLARINDS: https://news.google.com/rss/search?q=%22Solar+Industries+India+Ltd.%22+NSE+when:10d&hl=en-IN&gl=IN&ceid=IN:en
2026-08-05 12:47:26,325 | INFO | News RSS status for SOLARINDS: 200
2026-08-05 12:47:26,818 | INFO | News RSS query for SUNPHARMA: https://news.google.com/rss/search?q=%22Sun+Pharmaceutical+Industries+Ltd.%22+NSE+when:10d&hl=en-IN&gl=IN&ceid=IN:en
2026-08-05 12:47:27,030 | INFO | News RSS status for SUNPHARMA: 200
2026-08-05 12:47:27,032 | INFO | News RSS query for SUNPHARMA: https://news.google.com/rss/search?q=%22Sun+Pharmaceutical+Industries+Ltd.%22+stock+when:10d&hl=en-IN&gl=IN&ceid=IN:en
2026-08-05 12:47:27,237 | INFO | News RSS status for SUNPHARMA: 200
2026-08-05 12:47:27,240 | WARNING | Skipping TATACAP — only 202 bars available (need 220). Extend history_backfill_days in config.json to include this symbol.
2026-08-05 12:47:28,363 | INFO | News RSS query for TATASTEEL: https://news.google.com/rss/search?q=%22Tata+Steel+Ltd.%22+NSE+when:10d&hl=en-IN&gl=IN&ceid=IN:en
2026-08-05 12:47:28,574 | INFO | News RSS status for TATASTEEL: 200
2026-08-05 12:47:29,361 | INFO | News RSS query for TECHM: https://news.google.com/rss/search?q=%22Tech+Mahindra+Ltd.%22+NSE+when:10d&hl=en-IN&gl=IN&ceid=IN:en
2026-08-05 12:47:29,594 | INFO | News RSS status for TECHM: 200
2026-08-05 12:47:30,045 | INFO | News RSS query for TITAN: https://news.google.com/rss/search?q=%22Titan+Company+Ltd.%22+NSE+when:10d&hl=en-IN&gl=IN&ceid=IN:en
2026-08-05 12:47:30,233 | INFO | News RSS status for TITAN: 200
2026-08-05 12:47:30,237 | WARNING | Skipping TMCV — only 182 bars available (need 220). Extend history_backfill_days in config.json to include this symbol.
2026-08-05 12:47:30,238 | WARNING | Skipping TMPV — only 199 bars available (need 220). Extend history_backfill_days in config.json to include this symbol.
2026-08-05 12:47:30,660 | INFO | News RSS query for TORNTPHARM: https://news.google.com/rss/search?q=%22Torrent+Pharmaceuticals+Ltd.%22+NSE+when:10d&hl=en-IN&gl=IN&ceid=IN:en
2026-08-05 12:47:30,902 | INFO | News RSS status for TORNTPHARM: 200
2026-08-05 12:47:30,904 | INFO | News RSS query for TORNTPHARM: https://news.google.com/rss/search?q=%22Torrent+Pharmaceuticals+Ltd.%22+stock+when:10d&hl=en-IN&gl=IN&ceid=IN:en
2026-08-05 12:47:31,299 | INFO | News RSS status for TORNTPHARM: 200
2026-08-05 12:47:32,078 | INFO | News RSS query for TVSMOTOR: https://news.google.com/rss/search?q=%22TVS+Motor+Company+Ltd.%22+NSE+when:10d&hl=en-IN&gl=IN&ceid=IN:en
2026-08-05 12:47:32,275 | INFO | News RSS status for TVSMOTOR: 200
2026-08-05 12:47:33,059 | INFO | News RSS query for UNIONBANK: https://news.google.com/rss/search?q=%22Union+Bank+of+India%22+NSE+when:10d&hl=en-IN&gl=IN&ceid=IN:en
2026-08-05 12:47:33,332 | INFO | News RSS status for UNIONBANK: 200
2026-08-05 12:47:33,547 | INFO | News RSS query for UNITDSPR: https://news.google.com/rss/search?q=%22United+Spirits+Ltd.%22+NSE+when:10d&hl=en-IN&gl=IN&ceid=IN:en
2026-08-05 12:47:33,726 | INFO | News RSS status for UNITDSPR: 200
2026-08-05 12:47:33,730 | WARNING | Skipping VAML — only 6 bars available (need 220). Extend history_backfill_days in config.json to include this symbol.
2026-08-05 12:47:34,456 | WARNING | Skipping VEDPOWER — only 4 bars available (need 220). Extend history_backfill_days in config.json to include this symbol.
2026-08-05 12:47:34,456 | WARNING | Skipping VISL — only 4 bars available (need 220). Extend history_backfill_days in config.json to include this symbol.
2026-08-05 12:47:34,457 | WARNING | Skipping VOGL — only 7 bars available (need 220). Extend history_backfill_days in config.json to include this symbol.
2026-08-05 12:47:35,188 | INFO | Index membership from cache: NIFTY 50 (50 symbols)
2026-08-05 12:47:35,188 | INFO | Index membership from cache: Nifty Next 50 (50 symbols)
2026-08-05 12:47:35,188 | INFO | Index membership ready: 100 symbols mapped
2026-08-05 12:47:35,188 | INFO | Market Health: fetching index OHLCV...
2026-08-05 12:47:35,191 | INFO | Index OHLCV cache fresh for NIFTY 50 (1435 rows)
2026-08-05 12:47:35,193 | INFO | Index OHLCV cache fresh for NIFTY NEXT 50 (1435 rows)
2026-08-05 12:47:35,193 | INFO | Market Health: fetching VIX...
2026-08-05 12:47:35,195 | INFO | VIX cache fresh (133 rows)
2026-08-05 12:47:35,195 | INFO | Market Health: updating breadth EMA cache...
2026-08-05 12:47:36,837 | INFO | Breadth EMA cache: 132964 total rows (+100)
2026-08-05 12:47:36,859 | INFO | Market Health [NIFTY 50]: Score=50.5 | Weak Bull &#x1F7E1;
2026-08-05 12:47:36,877 | INFO | Market Health [Nifty Next 50]: Score=10.0 | Sideways &#x1F7E0;
2026-08-05 12:47:36,964 | INFO | Signal log: appended 9 new signals. Total rows: 593
2026-08-05 12:47:36,965 | INFO | Signal log written/updated: /home/runner/work/nifty100-reporter/nifty100-reporter/data/nifty100_signal_log.csv
2026-08-05 12:47:38,296 | INFO | Signal tracker: updated 194 Active signal rows.
2026-08-05 12:47:38,309 | INFO | HTML report written: /home/runner/work/nifty100-reporter/nifty100-reporter/reports/nifty100_daily_report_20260805.html
2026-08-05 12:47:38,315 | INFO | Market Health Excel sheet written.
2026-08-05 12:47:39,178 | INFO | Excel report written: /home/runner/work/nifty100-reporter/nifty100-reporter/reports/nifty100_daily_report_20260805.xlsx
2026-08-05 12:47:39,178 | INFO | GitHub Actions detected — skipping Gmail API send (workflow handles email).
2026-08-05 12:47:39,178 | INFO | Run completed successfully.
2026-08-05 12:47:39,178 | INFO | Artifacts: /home/runner/work/nifty100-reporter/nifty100-reporter/reports/nifty100_daily_report_20260805.html | /home/runner/work/nifty100-reporter/nifty100-reporter/reports/nifty100_daily_report_20260805.xlsx | log: /home/runner/work/nifty100-reporter/nifty100-reporter/logs/run_20260805_181556.log
