2026-08-30 12:45:43,905 | INFO | Nifty 100 Daily EMA Cross Reporter | Version 3.3.8 | Released 2026-04-17
2026-08-30 12:45:43,905 | INFO | Base directory: /home/runner/work/nifty100-reporter/nifty100-reporter
2026-08-30 12:45:43,905 | INFO | Loaded config. Email enabled: True | Recipients: 1
2026-08-30 12:45:44,052 | WARNING | NSE session bootstrap HTTP 403 (attempt 1/5) — refreshing NSE session cookie …
2026-08-30 12:45:54,782 | INFO | NSE session bootstrap status: 200
2026-08-30 12:45:54,783 | INFO | Downloading Nifty 100 universe from https://www.niftyindices.com/IndexConstituent/ind_nifty100list.csv
2026-08-30 12:45:55,294 | INFO | Universe download status: 200
2026-08-30 12:45:55,297 | INFO | Universe rows loaded: 100
2026-08-30 12:45:55,367 | INFO | Loaded history rows: 134754
2026-08-30 12:45:55,371 | INFO | yfinance history update: 100 symbols | 2026-08-27 → 2026-08-31
2026-08-30 12:45:55,372 | INFO | yfinance batch download: 100 symbols | 2026-08-27 → 2026-08-31
2026-08-30 12:45:58,884 | ERROR | 
1 Failed download:
2026-08-30 12:45:58,884 | ERROR | ['SHREECEM.NS']: OperationalError('database is locked')
2026-08-30 12:45:58,893 | INFO | yfinance raw shape: (2, 501)
2026-08-30 12:45:59,051 | INFO | yfinance parsed rows after date-filter: 181
2026-08-30 12:45:59,052 | INFO | New rows from yfinance: 181
2026-08-30 12:45:59,525 | INFO | Saved history rows: 134754 | file: /home/runner/work/nifty100-reporter/nifty100-reporter/data/nifty100_ohlcv_history.csv
2026-08-30 12:45:59,590 | INFO | Loaded history rows: 134754
2026-08-30 12:45:59,591 | INFO | Latest OHLCV data is from 2026-08-28
2026-08-30 12:45:59,608 | INFO | Latest Delivery data is from 2026-08-28
2026-08-30 12:45:59,636 | INFO | Delivery cache has 34 dates — skipping backfill.
2026-08-30 12:45:59,637 | INFO | Delivery fetch attempt [2/7] — URL: https://archives.nseindia.com/products/content/sec_bhavdata_full_28082026.csv
2026-08-30 12:46:00,203 | INFO | Delivery fetch SUCCESS — date: 2026-08-28 | size: 391621 bytes | URL: https://archives.nseindia.com/products/content/sec_bhavdata_full_28082026.csv
2026-08-30 12:46:00,443 | INFO | Delivery cache updated: 2629 symbols for 2026-08-28 (rows in cache: 84159)
2026-08-30 12:46:00,443 | INFO | Delivery data: 2629 symbols | fallback=False
2026-08-30 12:46:00,907 | INFO | Corporate actions bulk OK: 56 raw rows | 3 Nifty100 symbols with events
2026-08-30 12:46:30,498 | INFO | Corporate actions: 3/100 symbols have events (window 30-08-2026 to 29-09-2026) | Symbols: COALINDIA, GAIL, NTPC
2026-08-30 12:46:30,515 | INFO | Index membership from cache: NIFTY 50 (50 symbols)
2026-08-30 12:46:30,516 | INFO | Index membership from cache: Nifty Next 50 (50 symbols)
2026-08-30 12:46:30,516 | INFO | Index membership ready: 100 symbols mapped
2026-08-30 12:46:30,824 | INFO | News RSS query for ABB: https://news.google.com/rss/search?q=%22ABB+India+Ltd.%22+NSE+when:10d&hl=en-IN&gl=IN&ceid=IN:en
2026-08-30 12:46:31,074 | INFO | News RSS status for ABB: 200
2026-08-30 12:46:31,513 | INFO | News RSS query for ADANIENT: https://news.google.com/rss/search?q=%22Adani+Enterprises+Ltd.%22+NSE+when:10d&hl=en-IN&gl=IN&ceid=IN:en
2026-08-30 12:46:31,687 | INFO | News RSS status for ADANIENT: 200
2026-08-30 12:46:33,562 | INFO | News RSS query for AXISBANK: https://news.google.com/rss/search?q=%22Axis+Bank+Ltd.%22+NSE+when:10d&hl=en-IN&gl=IN&ceid=IN:en
2026-08-30 12:46:33,745 | INFO | News RSS status for AXISBANK: 200
2026-08-30 12:46:34,028 | INFO | News RSS query for BAJAJ-AUTO: https://news.google.com/rss/search?q=%22Bajaj+Auto+Ltd.%22+NSE+when:10d&hl=en-IN&gl=IN&ceid=IN:en
2026-08-30 12:46:34,227 | INFO | News RSS status for BAJAJ-AUTO: 200
2026-08-30 12:46:34,527 | INFO | News RSS query for BAJAJFINSV: https://news.google.com/rss/search?q=%22Bajaj+Finserv+Ltd.%22+NSE+when:10d&hl=en-IN&gl=IN&ceid=IN:en
2026-08-30 12:46:34,701 | INFO | News RSS status for BAJAJFINSV: 200
2026-08-30 12:46:34,742 | INFO | News RSS query for BAJAJFINSV: https://news.google.com/rss/search?q=%22Bajaj+Finserv+Ltd.%22+NSE+when:10d&hl=en-IN&gl=IN&ceid=IN:en
2026-08-30 12:46:34,749 | INFO | News RSS status for BAJAJFINSV: 200
2026-08-30 12:46:35,091 | INFO | News RSS query for BAJAJHLDNG: https://news.google.com/rss/search?q=%22Bajaj+Holdings+%26+Investment+Ltd.%22+NSE+when:10d&hl=en-IN&gl=IN&ceid=IN:en
2026-08-30 12:46:35,277 | INFO | News RSS status for BAJAJHLDNG: 200
2026-08-30 12:46:35,576 | INFO | News RSS query for BAJFINANCE: https://news.google.com/rss/search?q=%22Bajaj+Finance+Ltd.%22+NSE+when:10d&hl=en-IN&gl=IN&ceid=IN:en
2026-08-30 12:46:35,749 | INFO | News RSS status for BAJFINANCE: 200
2026-08-30 12:46:36,814 | INFO | News RSS query for BOSCHLTD: https://news.google.com/rss/search?q=%22Bosch+Ltd.%22+NSE+when:10d&hl=en-IN&gl=IN&ceid=IN:en
2026-08-30 12:46:36,984 | INFO | News RSS status for BOSCHLTD: 200
2026-08-30 12:46:37,281 | INFO | News RSS query for BPCL: https://news.google.com/rss/search?q=%22Bharat+Petroleum+Corporation+Ltd.%22+NSE+when:10d&hl=en-IN&gl=IN&ceid=IN:en
2026-08-30 12:46:37,486 | INFO | News RSS status for BPCL: 200
2026-08-30 12:46:37,488 | INFO | News RSS query for BPCL: https://news.google.com/rss/search?q=%22Bharat+Petroleum+Corporation+Ltd.%22+stock+when:10d&hl=en-IN&gl=IN&ceid=IN:en
2026-08-30 12:46:37,671 | INFO | News RSS status for BPCL: 200
2026-08-30 12:46:38,747 | INFO | News RSS query for CHOLAFIN: https://news.google.com/rss/search?q=%22Cholamandalam+Investment+and+Finance+Company+Ltd.%22+NSE+when:10d&hl=en-IN&gl=IN&ceid=IN:en
2026-08-30 12:46:38,965 | INFO | News RSS status for CHOLAFIN: 200
2026-08-30 12:46:39,006 | INFO | News RSS query for CHOLAFIN: https://news.google.com/rss/search?q=%22Cholamandalam+Investment+and+Finance+Company+Ltd.%22+NSE+when:10d&hl=en-IN&gl=IN&ceid=IN:en
2026-08-30 12:46:39,014 | INFO | News RSS status for CHOLAFIN: 200
2026-08-30 12:46:40,111 | INFO | News RSS query for DIVISLAB: https://news.google.com/rss/search?q=%22Divi%27s+Laboratories+Ltd.%22+NSE+when:10d&hl=en-IN&gl=IN&ceid=IN:en
2026-08-30 12:46:40,282 | INFO | News RSS status for DIVISLAB: 200
2026-08-30 12:46:40,575 | INFO | News RSS query for DLF: https://news.google.com/rss/search?q=%22DLF+Ltd.%22+NSE+when:10d&hl=en-IN&gl=IN&ceid=IN:en
2026-08-30 12:46:40,746 | INFO | News RSS status for DLF: 200
2026-08-30 12:46:40,787 | INFO | News RSS query for DLF: https://news.google.com/rss/search?q=%22DLF+Ltd.%22+NSE+when:10d&hl=en-IN&gl=IN&ceid=IN:en
2026-08-30 12:46:40,794 | INFO | News RSS status for DLF: 200
2026-08-30 12:46:41,607 | INFO | News RSS query for EICHERMOT: https://news.google.com/rss/search?q=%22Eicher+Motors+Ltd.%22+NSE+when:10d&hl=en-IN&gl=IN&ceid=IN:en
2026-08-30 12:46:41,835 | INFO | News RSS status for EICHERMOT: 200
2026-08-30 12:46:41,837 | INFO | News RSS query for EICHERMOT: https://news.google.com/rss/search?q=%22Eicher+Motors+Ltd.%22+stock+when:10d&hl=en-IN&gl=IN&ceid=IN:en
2026-08-30 12:46:42,019 | INFO | News RSS status for EICHERMOT: 200
2026-08-30 12:46:42,336 | INFO | News RSS query for ETERNAL: https://news.google.com/rss/search?q=%22Eternal+Ltd.%22+NSE+when:10d&hl=en-IN&gl=IN&ceid=IN:en
2026-08-30 12:46:42,525 | INFO | News RSS status for ETERNAL: 200
2026-08-30 12:46:42,566 | INFO | News RSS query for ETERNAL: https://news.google.com/rss/search?q=%22Eternal+Ltd.%22+NSE+when:10d&hl=en-IN&gl=IN&ceid=IN:en
2026-08-30 12:46:42,573 | INFO | News RSS status for ETERNAL: 200
2026-08-30 12:46:43,379 | INFO | News RSS query for GRASIM: https://news.google.com/rss/search?q=%22Grasim+Industries+Ltd.%22+NSE+when:10d&hl=en-IN&gl=IN&ceid=IN:en
2026-08-30 12:46:43,573 | INFO | News RSS status for GRASIM: 200
2026-08-30 12:46:43,574 | INFO | News RSS query for GRASIM: https://news.google.com/rss/search?q=%22Grasim+Industries+Ltd.%22+stock+when:10d&hl=en-IN&gl=IN&ceid=IN:en
2026-08-30 12:46:43,752 | INFO | News RSS status for GRASIM: 200
2026-08-30 12:46:44,048 | INFO | News RSS query for HAL: https://news.google.com/rss/search?q=%22Hindustan+Aeronautics+Ltd.%22+NSE+when:10d&hl=en-IN&gl=IN&ceid=IN:en
2026-08-30 12:46:44,253 | INFO | News RSS status for HAL: 200
2026-08-30 12:46:45,581 | INFO | News RSS query for HINDALCO: https://news.google.com/rss/search?q=%22Hindalco+Industries+Ltd.%22+NSE+when:10d&hl=en-IN&gl=IN&ceid=IN:en
2026-08-30 12:46:45,763 | INFO | News RSS status for HINDALCO: 200
2026-08-30 12:46:46,311 | INFO | News RSS query for HINDZINC: https://news.google.com/rss/search?q=%22Hindustan+Zinc+Ltd.%22+NSE+when:10d&hl=en-IN&gl=IN&ceid=IN:en
2026-08-30 12:46:46,478 | INFO | News RSS status for HINDZINC: 200
2026-08-30 12:46:46,603 | INFO | News RSS query for HYUNDAI: https://news.google.com/rss/search?q=%22Hyundai+Motor+India+Ltd.%22+NSE+when:10d&hl=en-IN&gl=IN&ceid=IN:en
2026-08-30 12:46:46,834 | INFO | News RSS status for HYUNDAI: 200
2026-08-30 12:46:46,874 | INFO | News RSS query for HYUNDAI: https://news.google.com/rss/search?q=%22Hyundai+Motor+India+Ltd.%22+NSE+when:10d&hl=en-IN&gl=IN&ceid=IN:en
2026-08-30 12:46:46,882 | INFO | News RSS status for HYUNDAI: 200
2026-08-30 12:46:47,176 | INFO | News RSS query for ICICIBANK: https://news.google.com/rss/search?q=%22ICICI+Bank+Ltd.%22+NSE+when:10d&hl=en-IN&gl=IN&ceid=IN:en
2026-08-30 12:46:47,354 | INFO | News RSS status for ICICIBANK: 200
2026-08-30 12:46:47,395 | INFO | News RSS query for ICICIBANK: https://news.google.com/rss/search?q=%22ICICI+Bank+Ltd.%22+NSE+when:10d&hl=en-IN&gl=IN&ceid=IN:en
2026-08-30 12:46:47,402 | INFO | News RSS status for ICICIBANK: 200
2026-08-30 12:46:49,221 | INFO | News RSS query for JINDALSTEL: https://news.google.com/rss/search?q=%22Jindal+Steel+Ltd.%22+NSE+when:10d&hl=en-IN&gl=IN&ceid=IN:en
2026-08-30 12:46:49,376 | INFO | News RSS status for JINDALSTEL: 200
2026-08-30 12:46:49,378 | INFO | News RSS query for JINDALSTEL: https://news.google.com/rss/search?q=%22Jindal+Steel+Ltd.%22+stock+when:10d&hl=en-IN&gl=IN&ceid=IN:en
2026-08-30 12:46:49,547 | INFO | News RSS status for JINDALSTEL: 200
2026-08-30 12:46:49,968 | INFO | News RSS query for JSWSTEEL: https://news.google.com/rss/search?q=%22JSW+Steel+Ltd.%22+NSE+when:10d&hl=en-IN&gl=IN&ceid=IN:en
2026-08-30 12:46:50,161 | INFO | News RSS status for JSWSTEEL: 200
2026-08-30 12:46:50,683 | INFO | News RSS query for LODHA: https://news.google.com/rss/search?q=%22Lodha+Developers+Ltd.%22+NSE+when:10d&hl=en-IN&gl=IN&ceid=IN:en
2026-08-30 12:46:50,843 | INFO | News RSS status for LODHA: 200
2026-08-30 12:46:50,844 | INFO | News RSS query for LODHA: https://news.google.com/rss/search?q=%22Lodha+Developers+Ltd.%22+stock+when:10d&hl=en-IN&gl=IN&ceid=IN:en
2026-08-30 12:46:51,000 | INFO | News RSS status for LODHA: 200
2026-08-30 12:46:51,294 | INFO | News RSS query for LT: https://news.google.com/rss/search?q=%22Larsen+%26+Toubro+Ltd.%22+NSE+when:10d&hl=en-IN&gl=IN&ceid=IN:en
2026-08-30 12:46:51,461 | INFO | News RSS status for LT: 200
2026-08-30 12:46:51,465 | WARNING | Skipping LTM — only 131 bars available (need 220). Extend history_backfill_days in config.json to include this symbol.
2026-08-30 12:46:51,755 | INFO | News RSS query for M&M: https://news.google.com/rss/search?q=%22Mahindra+%26+Mahindra+Ltd.%22+NSE+when:10d&hl=en-IN&gl=IN&ceid=IN:en
2026-08-30 12:46:52,006 | INFO | News RSS status for M&M: 200
2026-08-30 12:46:53,071 | INFO | News RSS query for MOTHERSON: https://news.google.com/rss/search?q=%22Samvardhana+Motherson+International+Ltd.%22+NSE+when:10d&hl=en-IN&gl=IN&ceid=IN:en
2026-08-30 12:46:53,272 | INFO | News RSS status for MOTHERSON: 200
2026-08-30 12:46:54,862 | INFO | News RSS query for PIDILITIND: https://news.google.com/rss/search?q=%22Pidilite+Industries+Ltd.%22+NSE+when:10d&hl=en-IN&gl=IN&ceid=IN:en
2026-08-30 12:46:55,035 | INFO | News RSS status for PIDILITIND: 200
2026-08-30 12:46:55,036 | INFO | News RSS query for PIDILITIND: https://news.google.com/rss/search?q=%22Pidilite+Industries+Ltd.%22+stock+when:10d&hl=en-IN&gl=IN&ceid=IN:en
2026-08-30 12:46:55,205 | INFO | News RSS status for PIDILITIND: 200
2026-08-30 12:46:55,500 | INFO | News RSS query for PNB: https://news.google.com/rss/search?q=%22Punjab+National+Bank%22+NSE+when:10d&hl=en-IN&gl=IN&ceid=IN:en
2026-08-30 12:46:55,737 | INFO | News RSS status for PNB: 200
2026-08-30 12:46:57,559 | INFO | News RSS query for SHRIRAMFIN: https://news.google.com/rss/search?q=%22Shriram+Finance+Ltd.%22+NSE+when:10d&hl=en-IN&gl=IN&ceid=IN:en
2026-08-30 12:46:57,739 | INFO | News RSS status for SHRIRAMFIN: 200
2026-08-30 12:46:58,021 | INFO | News RSS query for SIEMENS: https://news.google.com/rss/search?q=%22Siemens+Ltd.%22+NSE+when:10d&hl=en-IN&gl=IN&ceid=IN:en
2026-08-30 12:46:58,207 | INFO | News RSS status for SIEMENS: 200
2026-08-30 12:46:58,496 | INFO | News RSS query for SOLARINDS: https://news.google.com/rss/search?q=%22Solar+Industries+India+Ltd.%22+NSE+when:10d&hl=en-IN&gl=IN&ceid=IN:en
2026-08-30 12:46:58,713 | INFO | News RSS status for SOLARINDS: 200
2026-08-30 12:46:59,018 | INFO | News RSS query for SUNPHARMA: https://news.google.com/rss/search?q=%22Sun+Pharmaceutical+Industries+Ltd.%22+NSE+when:10d&hl=en-IN&gl=IN&ceid=IN:en
2026-08-30 12:46:59,197 | INFO | News RSS status for SUNPHARMA: 200
2026-08-30 12:46:59,200 | WARNING | Skipping TATACAP — only 219 bars available (need 220). Extend history_backfill_days in config.json to include this symbol.
2026-08-30 12:47:00,545 | INFO | News RSS query for TECHM: https://news.google.com/rss/search?q=%22Tech+Mahindra+Ltd.%22+NSE+when:10d&hl=en-IN&gl=IN&ceid=IN:en
2026-08-30 12:47:00,723 | INFO | News RSS status for TECHM: 200
2026-08-30 12:47:00,762 | INFO | News RSS query for TECHM: https://news.google.com/rss/search?q=%22Tech+Mahindra+Ltd.%22+NSE+when:10d&hl=en-IN&gl=IN&ceid=IN:en
2026-08-30 12:47:00,770 | INFO | News RSS status for TECHM: 200
2026-08-30 12:47:00,808 | INFO | News RSS query for TECHM: https://news.google.com/rss/search?q=%22Tech+Mahindra+Ltd.%22+NSE+when:10d&hl=en-IN&gl=IN&ceid=IN:en
2026-08-30 12:47:00,815 | INFO | News RSS status for TECHM: 200
2026-08-30 12:47:01,100 | INFO | News RSS query for TITAN: https://news.google.com/rss/search?q=%22Titan+Company+Ltd.%22+NSE+when:10d&hl=en-IN&gl=IN&ceid=IN:en
2026-08-30 12:47:01,292 | INFO | News RSS status for TITAN: 200
2026-08-30 12:47:01,296 | WARNING | Skipping TMCV — only 199 bars available (need 220). Extend history_backfill_days in config.json to include this symbol.
2026-08-30 12:47:01,296 | WARNING | Skipping TMPV — only 216 bars available (need 220). Extend history_backfill_days in config.json to include this symbol.
2026-08-30 12:47:01,589 | INFO | News RSS query for TORNTPHARM: https://news.google.com/rss/search?q=%22Torrent+Pharmaceuticals+Ltd.%22+NSE+when:10d&hl=en-IN&gl=IN&ceid=IN:en
2026-08-30 12:47:01,777 | INFO | News RSS status for TORNTPHARM: 200
2026-08-30 12:47:01,779 | INFO | News RSS query for TORNTPHARM: https://news.google.com/rss/search?q=%22Torrent+Pharmaceuticals+Ltd.%22+stock+when:10d&hl=en-IN&gl=IN&ceid=IN:en
2026-08-30 12:47:01,958 | INFO | News RSS status for TORNTPHARM: 200
2026-08-30 12:47:01,997 | INFO | News RSS query for TORNTPHARM: https://news.google.com/rss/search?q=%22Torrent+Pharmaceuticals+Ltd.%22+NSE+when:10d&hl=en-IN&gl=IN&ceid=IN:en
2026-08-30 12:47:02,005 | INFO | News RSS status for TORNTPHARM: 200
2026-08-30 12:47:02,006 | INFO | News RSS query for TORNTPHARM: https://news.google.com/rss/search?q=%22Torrent+Pharmaceuticals+Ltd.%22+stock+when:10d&hl=en-IN&gl=IN&ceid=IN:en
2026-08-30 12:47:02,013 | INFO | News RSS status for TORNTPHARM: 200
2026-08-30 12:47:02,562 | INFO | News RSS query for TVSMOTOR: https://news.google.com/rss/search?q=%22TVS+Motor+Company+Ltd.%22+NSE+when:10d&hl=en-IN&gl=IN&ceid=IN:en
2026-08-30 12:47:02,729 | INFO | News RSS status for TVSMOTOR: 200
2026-08-30 12:47:02,731 | INFO | News RSS query for TVSMOTOR: https://news.google.com/rss/search?q=%22TVS+Motor+Company+Ltd.%22+stock+when:10d&hl=en-IN&gl=IN&ceid=IN:en
2026-08-30 12:47:02,904 | INFO | News RSS status for TVSMOTOR: 200
2026-08-30 12:47:03,457 | INFO | News RSS query for UNIONBANK: https://news.google.com/rss/search?q=%22Union+Bank+of+India%22+NSE+when:10d&hl=en-IN&gl=IN&ceid=IN:en
2026-08-30 12:47:03,684 | INFO | News RSS status for UNIONBANK: 200
2026-08-30 12:47:03,827 | INFO | News RSS query for UNITDSPR: https://news.google.com/rss/search?q=%22United+Spirits+Ltd.%22+NSE+when:10d&hl=en-IN&gl=IN&ceid=IN:en
2026-08-30 12:47:03,979 | INFO | News RSS status for UNITDSPR: 200
2026-08-30 12:47:03,981 | INFO | News RSS query for UNITDSPR: https://news.google.com/rss/search?q=%22United+Spirits+Ltd.%22+stock+when:10d&hl=en-IN&gl=IN&ceid=IN:en
2026-08-30 12:47:04,171 | INFO | News RSS status for UNITDSPR: 200
2026-08-30 12:47:04,174 | WARNING | Skipping VAML — only 6 bars available (need 220). Extend history_backfill_days in config.json to include this symbol.
2026-08-30 12:47:04,689 | WARNING | Skipping VEDPOWER — only 4 bars available (need 220). Extend history_backfill_days in config.json to include this symbol.
2026-08-30 12:47:04,689 | WARNING | Skipping VISL — only 4 bars available (need 220). Extend history_backfill_days in config.json to include this symbol.
2026-08-30 12:47:04,689 | WARNING | Skipping VOGL — only 7 bars available (need 220). Extend history_backfill_days in config.json to include this symbol.
2026-08-30 12:47:05,241 | INFO | News RSS query for ZYDUSLIFE: https://news.google.com/rss/search?q=%22Zydus+Lifesciences+Ltd.%22+NSE+when:10d&hl=en-IN&gl=IN&ceid=IN:en
2026-08-30 12:47:05,404 | INFO | News RSS status for ZYDUSLIFE: 200
2026-08-30 12:47:05,413 | INFO | Index membership from cache: NIFTY 50 (50 symbols)
2026-08-30 12:47:05,413 | INFO | Index membership from cache: Nifty Next 50 (50 symbols)
2026-08-30 12:47:05,413 | INFO | Index membership ready: 100 symbols mapped
2026-08-30 12:47:05,413 | INFO | Market Health: fetching index OHLCV...
2026-08-30 12:47:05,415 | INFO | Index OHLCV cache fresh for NIFTY 50 (1451 rows)
2026-08-30 12:47:05,417 | INFO | Index OHLCV cache fresh for NIFTY NEXT 50 (1450 rows)
2026-08-30 12:47:05,417 | INFO | Market Health: fetching VIX...
2026-08-30 12:47:05,418 | INFO | VIX cache fresh (149 rows)
2026-08-30 12:47:05,418 | INFO | Market Health: updating breadth EMA cache...
2026-08-30 12:47:06,078 | INFO | Market Health [NIFTY 50]: Score=14.5 | Sideways &#x1F7E0;
2026-08-30 12:47:06,088 | INFO | Market Health [Nifty Next 50]: Score=8.0 | Sideways &#x1F7E0;
2026-08-30 12:47:06,124 | INFO | Signal log: skipping new signal insertion — 2026-08-30 is a weekend.
2026-08-30 12:47:06,781 | INFO | Signal tracker: updated 186 Active signal rows.
2026-08-30 12:47:06,792 | INFO | HTML report written: /home/runner/work/nifty100-reporter/nifty100-reporter/reports/nifty100_daily_report_20260830.html
2026-08-30 12:47:06,797 | INFO | Market Health Excel sheet written.
2026-08-30 12:47:07,636 | INFO | Excel report written: /home/runner/work/nifty100-reporter/nifty100-reporter/reports/nifty100_daily_report_20260830.xlsx
2026-08-30 12:47:07,636 | INFO | GitHub Actions detected — skipping Gmail API send (workflow handles email).
2026-08-30 12:47:07,636 | INFO | Run completed successfully.
2026-08-30 12:47:07,636 | INFO | Artifacts: /home/runner/work/nifty100-reporter/nifty100-reporter/reports/nifty100_daily_report_20260830.html | /home/runner/work/nifty100-reporter/nifty100-reporter/reports/nifty100_daily_report_20260830.xlsx | log: /home/runner/work/nifty100-reporter/nifty100-reporter/logs/run_20260830_181543.log
