2026-10-05 12:45:52,904 | INFO | Nifty 100 Daily EMA Cross Reporter | Version 3.3.8 | Released 2026-04-17
2026-10-05 12:45:52,905 | INFO | Base directory: /home/runner/work/nifty100-reporter/nifty100-reporter
2026-10-05 12:45:52,905 | INFO | Loaded config. Email enabled: True | Recipients: 1
2026-10-05 12:45:52,968 | WARNING | NSE session bootstrap HTTP 403 (attempt 1/5) — refreshing NSE session cookie …
2026-10-05 12:46:03,201 | INFO | NSE session bootstrap status: 200
2026-10-05 12:46:03,201 | INFO | Downloading Nifty 100 universe from https://www.niftyindices.com/IndexConstituent/ind_nifty100list.csv
2026-10-05 12:46:03,920 | INFO | Universe download status: 200
2026-10-05 12:46:03,923 | INFO | Universe rows loaded: 100
2026-10-05 12:46:03,991 | INFO | Loaded history rows: 137154
2026-10-05 12:46:03,995 | INFO | yfinance history update: 100 symbols | 2026-09-30 → 2026-10-06
2026-10-05 12:46:03,995 | INFO | yfinance batch download: 100 symbols | 2026-09-30 → 2026-10-06
2026-10-05 12:46:03,996 | INFO | Failed to create TzCache, reason: Error creating TzCache folder: '/home/runner/.cache/py-yfinance' reason: [Errno 17] File exists: '/home/runner/.cache/py-yfinance'. TzCache will not be used. Tip: You can direct cache to use a different location with 'set_tz_cache_location(mylocation)'
2026-10-05 12:46:07,285 | INFO | yfinance raw shape: (3, 500)
2026-10-05 12:46:07,436 | INFO | yfinance parsed rows after date-filter: 300
2026-10-05 12:46:07,437 | INFO | New rows from yfinance: 300
2026-10-05 12:46:08,005 | INFO | Saved history rows: 137254 | file: /home/runner/work/nifty100-reporter/nifty100-reporter/data/nifty100_ohlcv_history.csv
2026-10-05 12:46:08,066 | INFO | Loaded history rows: 137254
2026-10-05 12:46:08,067 | INFO | Latest OHLCV data is from 2026-10-05
2026-10-05 12:46:08,084 | INFO | Latest Delivery data is from 2026-10-02
2026-10-05 12:46:08,111 | INFO | Delivery cache has 33 dates — skipping backfill.
2026-10-05 12:46:08,111 | INFO | Delivery fetch attempt [0/7] — URL: https://archives.nseindia.com/products/content/sec_bhavdata_full_05102026.csv
2026-10-05 12:46:08,727 | INFO | Delivery fetch SUCCESS — date: 2026-10-05 | size: 399103 bytes | URL: https://archives.nseindia.com/products/content/sec_bhavdata_full_05102026.csv
2026-10-05 12:46:08,952 | INFO | Delivery cache updated: 2678 symbols for 2026-10-05 (rows in cache: 82135)
2026-10-05 12:46:08,953 | INFO | Delivery data: 2678 symbols | fallback=False
2026-10-05 12:46:09,243 | INFO | Corporate actions bulk OK: 10 raw rows | 0 Nifty100 symbols with events
2026-10-05 12:46:42,462 | INFO | Corporate actions: 0/100 symbols have events (window 05-10-2026 to 04-11-2026) | Symbols: none
2026-10-05 12:46:42,462 | INFO | Index membership from cache: NIFTY 50 (50 symbols)
2026-10-05 12:46:42,462 | INFO | Index membership from cache: Nifty Next 50 (50 symbols)
2026-10-05 12:46:42,462 | INFO | Index membership ready: 100 symbols mapped
2026-10-05 12:46:43,655 | INFO | News RSS query for ADANIPORTS: https://news.google.com/rss/search?q=%22Adani+Ports+and+Special+Economic+Zone+Ltd.%22+NSE+when:10d&hl=en-IN&gl=IN&ceid=IN:en
2026-10-05 12:46:43,915 | INFO | News RSS status for ADANIPORTS: 200
2026-10-05 12:46:47,545 | WARNING | Skipping BSE — only 5 bars available (need 220). Extend history_backfill_days in config.json to include this symbol.
2026-10-05 12:46:48,881 | INFO | News RSS query for COALINDIA: https://news.google.com/rss/search?q=%22Coal+India+Ltd.%22+NSE+when:10d&hl=en-IN&gl=IN&ceid=IN:en
2026-10-05 12:46:49,084 | INFO | News RSS status for COALINDIA: 200
2026-10-05 12:46:49,628 | INFO | News RSS query for DIVISLAB: https://news.google.com/rss/search?q=%22Divi%27s+Laboratories+Ltd.%22+NSE+when:10d&hl=en-IN&gl=IN&ceid=IN:en
2026-10-05 12:46:49,807 | INFO | News RSS status for DIVISLAB: 200
2026-10-05 12:46:49,808 | INFO | News RSS query for DIVISLAB: https://news.google.com/rss/search?q=%22Divi%27s+Laboratories+Ltd.%22+stock+when:10d&hl=en-IN&gl=IN&ceid=IN:en
2026-10-05 12:46:49,990 | INFO | News RSS status for DIVISLAB: 200
2026-10-05 12:46:50,272 | INFO | News RSS query for DLF: https://news.google.com/rss/search?q=%22DLF+Ltd.%22+NSE+when:10d&hl=en-IN&gl=IN&ceid=IN:en
2026-10-05 12:46:50,458 | INFO | News RSS status for DLF: 200
2026-10-05 12:46:54,549 | WARNING | Skipping IDEA — only 5 bars available (need 220). Extend history_backfill_days in config.json to include this symbol.
2026-10-05 12:46:56,937 | INFO | News RSS query for KOTAKBANK: https://news.google.com/rss/search?q=%22Kotak+Mahindra+Bank+Ltd.%22+NSE+when:10d&hl=en-IN&gl=IN&ceid=IN:en
2026-10-05 12:46:57,159 | INFO | News RSS status for KOTAKBANK: 200
2026-10-05 12:46:57,610 | WARNING | Skipping LTM — only 156 bars available (need 220). Extend history_backfill_days in config.json to include this symbol.
2026-10-05 12:47:00,614 | WARNING | Skipping POLYCAB — only 5 bars available (need 220). Extend history_backfill_days in config.json to include this symbol.
2026-10-05 12:47:00,866 | WARNING | Skipping POWERINDIA — only 5 bars available (need 220). Extend history_backfill_days in config.json to include this symbol.
2026-10-05 12:47:06,088 | WARNING | Skipping VAML — only 11 bars available (need 220). Extend history_backfill_days in config.json to include this symbol.
2026-10-05 12:47:06,635 | WARNING | Skipping VEDPOWER — only 4 bars available (need 220). Extend history_backfill_days in config.json to include this symbol.
2026-10-05 12:47:06,636 | WARNING | Skipping VISL — only 4 bars available (need 220). Extend history_backfill_days in config.json to include this symbol.
2026-10-05 12:47:06,636 | WARNING | Skipping VOGL — only 7 bars available (need 220). Extend history_backfill_days in config.json to include this symbol.
2026-10-05 12:47:07,157 | INFO | News RSS query for ZYDUSLIFE: https://news.google.com/rss/search?q=%22Zydus+Lifesciences+Ltd.%22+NSE+when:10d&hl=en-IN&gl=IN&ceid=IN:en
2026-10-05 12:47:07,354 | INFO | News RSS status for ZYDUSLIFE: 200
2026-10-05 12:47:07,360 | INFO | Index membership from cache: NIFTY 50 (50 symbols)
2026-10-05 12:47:07,360 | INFO | Index membership from cache: Nifty Next 50 (50 symbols)
2026-10-05 12:47:07,360 | INFO | Index membership ready: 100 symbols mapped
2026-10-05 12:47:07,360 | INFO | Market Health: fetching index OHLCV...
2026-10-05 12:47:08,642 | WARNING | niftyindices failed NIFTY 50 2026-10-02-2026-10-05: Expecting value: line 1 column 2 (char 1)
2026-10-05 12:47:08,792 | INFO | Index OHLCV via yfinance (^NSEI) for NIFTY 50: 1476 rows
2026-10-05 12:47:08,796 | INFO | Index OHLCV cache fresh for NIFTY NEXT 50 (1471 rows)
2026-10-05 12:47:08,796 | INFO | Market Health: fetching VIX...
2026-10-05 12:47:10,146 | WARNING | niftyindices VIX failed 2026-10-02-2026-10-05: Expecting value: line 1 column 2 (char 1)
2026-10-05 12:47:10,221 | INFO | VIX via yfinance (^INDIAVIX): 174 rows
2026-10-05 12:47:10,222 | INFO | Market Health: updating breadth EMA cache...
2026-10-05 12:47:11,195 | INFO | Breadth EMA cache: 137049 total rows (+95)
2026-10-05 12:47:11,210 | INFO | Market Health [NIFTY 50]: Score=-39.0 | Weak Bear &#x1F534;
2026-10-05 12:47:11,221 | INFO | Market Health [Nifty Next 50]: Score=-27.0 | Weak Bear &#x1F534;
2026-10-05 12:47:11,250 | INFO | Signal log: appended 1 new signals. Total rows: 831
2026-10-05 12:47:11,250 | INFO | Signal log written/updated: /home/runner/work/nifty100-reporter/nifty100-reporter/data/nifty100_signal_log.csv
2026-10-05 12:47:11,658 | INFO | Signal tracker: updated 110 Active signal rows.
2026-10-05 12:47:11,663 | INFO | HTML report written: /home/runner/work/nifty100-reporter/nifty100-reporter/reports/nifty100_daily_report_20261005.html
2026-10-05 12:47:11,668 | INFO | Market Health Excel sheet written.
2026-10-05 12:47:12,517 | INFO | Excel report written: /home/runner/work/nifty100-reporter/nifty100-reporter/reports/nifty100_daily_report_20261005.xlsx
2026-10-05 12:47:12,517 | INFO | GitHub Actions detected — skipping Gmail API send (workflow handles email).
2026-10-05 12:47:12,517 | INFO | Run completed successfully.
2026-10-05 12:47:12,517 | INFO | Artifacts: /home/runner/work/nifty100-reporter/nifty100-reporter/reports/nifty100_daily_report_20261005.html | /home/runner/work/nifty100-reporter/nifty100-reporter/reports/nifty100_daily_report_20261005.xlsx | log: /home/runner/work/nifty100-reporter/nifty100-reporter/logs/run_20261005_181552.log
