2026-10-01 12:45:59,945 | INFO | Nifty 100 Daily EMA Cross Reporter | Version 3.3.8 | Released 2026-04-17
2026-10-01 12:45:59,945 | INFO | Base directory: /home/runner/work/nifty100-reporter/nifty100-reporter
2026-10-01 12:45:59,945 | INFO | Loaded config. Email enabled: True | Recipients: 1
2026-10-01 12:46:00,041 | WARNING | NSE session bootstrap HTTP 403 (attempt 1/5) — refreshing NSE session cookie …
2026-10-01 12:46:10,478 | INFO | NSE session bootstrap status: 200
2026-10-01 12:46:10,479 | INFO | Downloading Nifty 100 universe from https://www.niftyindices.com/IndexConstituent/ind_nifty100list.csv
2026-10-01 12:46:11,068 | INFO | Universe download status: 200
2026-10-01 12:46:11,070 | ERROR | Run failed: Error tokenizing data. C error: Expected 3 fields in line 8, saw 6
Traceback (most recent call last):
  File "/home/runner/work/nifty100-reporter/nifty100-reporter/nifty100_Report_Final_19042026.py", line 6707, in <module>
    main()
  File "/home/runner/work/nifty100-reporter/nifty100-reporter/nifty100_Report_Final_19042026.py", line 6630, in main
    universe = fetch_universe(s)
               ^^^^^^^^^^^^^^^^^
  File "/home/runner/work/nifty100-reporter/nifty100-reporter/nifty100_Report_Final_19042026.py", line 596, in fetch_universe
    df = pd.read_csv(io.StringIO(clean_text))
         ^^^^^^^^^^^^^^^^^^^^^^^^^^^^^^^^^^^^
  File "/opt/hostedtoolcache/Python/3.11.16/x64/lib/python3.11/site-packages/pandas/io/parsers/readers.py", line 872, in read_csv
    return _read(filepath_or_buffer, kwds)
           ^^^^^^^^^^^^^^^^^^^^^^^^^^^^^^^
  File "/opt/hostedtoolcache/Python/3.11.16/x64/lib/python3.11/site-packages/pandas/io/parsers/readers.py", line 306, in _read
    return parser.read(nrows)
           ^^^^^^^^^^^^^^^^^^
  File "/opt/hostedtoolcache/Python/3.11.16/x64/lib/python3.11/site-packages/pandas/io/parsers/readers.py", line 1950, in read
    ) = self._engine.read(  # type: ignore[attr-defined]
        ^^^^^^^^^^^^^^^^^^^^^^^^^^^^^^^^^^^^^^^^^^^^^^^^
  File "/opt/hostedtoolcache/Python/3.11.16/x64/lib/python3.11/site-packages/pandas/io/parsers/c_parser_wrapper.py", line 238, in read
    chunks = self._reader.read_low_memory(nrows)
             ^^^^^^^^^^^^^^^^^^^^^^^^^^^^^^^^^^^
  File "pandas/_libs/parsers.pyx", line 832, in pandas._libs.parsers.TextReader.read_low_memory
  File "pandas/_libs/parsers.pyx", line 897, in pandas._libs.parsers.TextReader._read_rows
  File "pandas/_libs/parsers.pyx", line 868, in pandas._libs.parsers.TextReader._tokenize_rows
  File "pandas/_libs/parsers.pyx", line 885, in pandas._libs.parsers.TextReader._check_tokenize_status
  File "pandas/_libs/parsers.pyx", line 2090, in pandas._libs.parsers.raise_parser_error
pandas.errors.ParserError: Error tokenizing data. C error: Expected 3 fields in line 8, saw 6

